<81>3 2025-12-17T17:49:19.119Z directharness.org quis 3446 ID591 - The AI microchip is down, generate the solid state array so we can quantify the PNG feed!
<187>2 2025-12-17T17:49:19.119Z investorengage.name delectus 1708 ID140 - Backing up the microchip won't do anything, we need to index the primary XSS sensor!
<13>Dec 17 17:49:17 gateway authd[1000]: user=eric_lee password=jW0Hb805eeV status=rejected
<35>3 2025-12-17T17:49:19.119Z districte-services.com cumque 8215 ID168 - Try to input the JSON bandwidth, maybe it will reboot the primary sensor!
<3>2 2025-12-17T17:49:19.119Z corporatesynthesize.info aut 7536 ID16 - We need to bypass the optical HTTP bus!
<3>1 2025-12-17T17:49:19.119Z globaltransform.name ut 1972 ID91 - Parsing the alarm won't do anything, we need to navigate the redundant ADP monitor!
<167>1 2025-12-17T17:49:19.119Z regionalfunctionalities.biz a 6537 ID374 - If we copy the card, we can get to the SAS bus through the neural HTTP hard drive!
<50>1 2025-12-17T17:49:19.119Z customerenterprise.biz quis 7179 ID655 - If we input the program, we can get to the XML hard drive through the wireless COM pixel!
<54>1 2025-12-17T17:49:19.119Z internalsynergistic.net alias 4311 ID490 - The PNG interface is down, parse the cross-platform bandwidth so we can navigate the SDD interface!
<2>1 2025-12-17T17:49:19.119Z corporateintegrate.net dolores 7276 ID343 - If we hack the system, we can get to the USB firewall through the digital XSS array!
<13>Dec 17 17:49:20 gateway authd[1000]: user=timothy_yuen password=jDHE63oP status=rejected
<13>Dec 17 17:49:23 gateway authd[1000]: user=mimi_xie password=hjn9deUHVRSCZk status=rejected
<188>3 2025-12-17T17:49:19.119Z directefficient.org sed 3732 ID659 - We need to input the cross-platform FTP firewall!
<94>2 2025-12-17T17:49:19.119Z humanfacilitate.biz et 7966 ID741 - You can't back up the sensor without programming the virtual COM firewall!
<38>1 2025-12-17T17:49:19.119Z centralinfomediaries.io eius 6367 ID34 - Use the multi-byte ADP capacitor, then you can generate the solid state interface!
<137>1 2025-12-17T17:49:19.119Z districtwhiteboard.org qui 5994 ID310 - I'Ll index the redundant XML microchip, that should firewall the SSL circuit!
<150>3 2025-12-17T17:49:19.119Z humanleverage.net qui 2869 ID199 - If we navigate the bus, we can get to the USB panel through the mobile USB transmitter!
<95>2 2025-12-17T17:49:19.119Z corporaterevolutionize.io harum 3845 ID909 - The COM matrix is down, index the wireless bandwidth so we can compress the GB transmitter!
<13>Dec 17 17:49:27 gateway authd[1000]: user=tonya password=KbFom6CX8oS status=rejected
<13>Dec 17 17:49:30 gateway authd[1000]: user=zakharias_joseph password=NlBj2qYEZb status=rejected
<93>1 2025-12-17T17:49:19.119Z internalstreamline.biz quis 2615 ID676 - If we bypass the firewall, we can get to the GB alarm through the online SMTP card!
<13>Dec 17 17:49:31 gateway authd[1000]: user=fardeen_bhimani password=D5crTHrBc5Q4G status=rejected
<14>1 2025-12-17T17:49:19.119Z globalniches.info aut 9997 ID767 - If we input the bus, we can get to the THX monitor through the digital EXE port!
<110>2 2025-12-17T17:49:19.119Z seniorconvergence.name eum 7249 ID815 - If we compress the feed, we can get to the FTP panel through the bluetooth COM hard drive!
<13>Dec 17 17:49:35 gateway authd[1000]: user=mimi_xie password=sstGcc7oSM status=rejected
<13>Dec 17 17:49:38 gateway authd[1000]: user=josie_sauceda password=GmZIw7foni status=rejected
<148>3 2025-12-17T17:49:19.119Z corporatemaximize.org natus 7261 ID926 - If we back up the protocol, we can get to the RSS card through the auxiliary EXE feed!
<108>2 2025-12-17T17:49:19.119Z productrelationships.org sit 642 ID291 - Connecting the bus won't do anything, we need to transmit the wireless GB panel!
<116>3 2025-12-17T17:49:19.119Z chiefrecontextualize.org qui 6751 ID709 - Use the open-source RSS monitor, then you can transmit the neural interface!
<22>3 2025-12-17T17:49:19.119Z regionalevolve.io quasi 3251 ID358 - If we back up the port, we can get to the SCSI panel through the multi-byte JBOD firewall!
<13>Dec 17 17:49:39 gateway authd[1000]: user=daniel_ruiz password=WC1UvhXSLe status=rejected
<117>1 2025-12-17T17:49:19.119Z humansupply-chains.name laudantium 7705 ID628 - Use the auxiliary EXE program, then you can bypass the redundant system!
<183>2 2025-12-17T17:49:19.119Z districtharness.name architecto 7500 ID438 - Try to index the JBOD bandwidth, maybe it will reboot the primary pixel!
<130>1 2025-12-17T17:49:19.119Z centralmaximize.com suscipit 4983 ID787 - Use the wireless JBOD hard drive, then you can hack the digital feed!
<91>3 2025-12-17T17:49:19.119Z productscale.info eos 6449 ID353 - You can't generate the interface without overriding the primary SMS capacitor!
<13>Dec 17 17:49:40 gateway authd[1000]: user=ke_yang password=MLzILUY9qgTn status=rejected
<2>3 2025-12-17T17:49:19.119Z internationalroi.name unde 5680 ID160 - If we navigate the array, we can get to the HDD hard drive through the wireless CSS application!
<95>1 2025-12-17T17:49:19.119Z legacymarkets.net unde 5952 ID142 - Try to hack the THX program, maybe it will override the auxiliary interface!
<13>Dec 17 17:49:43 gateway authd[1000]: user=rajkumar_banoth password=49wtuSLB30R status=rejected
<139>3 2025-12-17T17:49:19.119Z districtreinvent.biz perferendis 4211 ID446 - We need to navigate the back-end GB driver!
<137>2 2025-12-17T17:49:19.119Z dynamicintegrated.io ut 1085 ID875 - Synthesizing the panel won't do anything, we need to navigate the wireless SDD circuit!
<183>2 2025-12-17T17:49:19.119Z seniorincentivize.biz quibusdam 9939 ID697 - Use the back-end JSON panel, then you can quantify the auxiliary feed!
<13>Dec 17 17:49:45 gateway authd[1000]: user=gabriel_green password=z4n0Dvhus1jB2X status=rejected
<65>2 2025-12-17T17:49:19.119Z globaltransparent.net quae 5407 ID884 - Backing up the hard drive won't do anything, we need to back up the optical JBOD array!
<13>Dec 17 17:49:50 gateway authd[1000]: user=aidan_kollar password=cFSjVLD9gE0i status=rejected
<145>2 2025-12-17T17:49:19.119Z centralchannels.net et 3986 ID614 - Use the primary EXE circuit, then you can copy the wireless driver!
<149>2 2025-12-17T17:49:19.119Z seniortransform.io aut 840 ID358 - We need to generate the virtual PCI transmitter!
<65>3 2025-12-17T17:49:19.119Z productvalue-added.org iure 7657 ID918 - Try to hack the SDD system, maybe it will synthesize the cross-platform capacitor!
<13>Dec 17 17:49:52 gateway authd[1000]: user=curran_hill password=SHohFV00tuP3Jn status=rejected
<13>Dec 17 17:49:53 gateway authd[1000]: user=fardeen_bhimani password=AOvjUPgu status=rejected
<13>Dec 17 17:49:58 gateway authd[1000]: user=blessy password=LkJRtQoSjNq status=rejected
<113>2 2025-12-17T17:49:19.119Z customerinteractive.org ipsum 4463 ID398 - Try to override the RSS driver, maybe it will bypass the virtual program!
<97>1 2025-12-17T17:49:19.119Z dynamicsticky.biz libero 2705 ID208 - We need to program the neural COM microchip!
<175>3 2025-12-17T17:49:19.119Z principalvortals.biz non 8119 ID981 - If we parse the hard drive, we can get to the THX transmitter through the auxiliary JBOD system!
<13>Dec 17 17:50:01 gateway authd[1000]: user=elisha_szeto password=u7qwK4f4 status=rejected
<159>3 2025-12-17T17:49:19.119Z productdisintermediate.biz rerum 1586 ID557 - Copying the sensor won't do anything, we need to back up the primary AI matrix!
<65>2 2025-12-17T17:49:19.119Z humaninfomediaries.info sit 7605 ID864 - Try to hack the XSS application, maybe it will synthesize the back-end protocol!
<99>3 2025-12-17T17:49:19.119Z internalseize.biz delectus 8243 ID707 - Try to reboot the SMTP bandwidth, maybe it will compress the open-source card!
<13>Dec 17 17:50:05 gateway authd[1000]: user=hailey_muniz password=NdYDFDp1MpL1 status=rejected
<28>2 2025-12-17T17:49:19.119Z internalinfomediaries.biz assumenda 2712 ID339 - Use the digital SSL system, then you can generate the 1080p circuit!
<13>Dec 17 17:50:08 gateway authd[1000]: user=elisha_szeto password=c8roJA6HB8 status=rejected
<69>2 2025-12-17T17:49:19.119Z investordeploy.name libero 5862 ID729 - Programming the system won't do anything, we need to index the wireless JSON feed!
<184>2 2025-12-17T17:49:19.119Z investorcustomized.biz aliquam 9564 ID219 - Transmitting the hard drive won't do anything, we need to bypass the redundant JBOD microchip!
<19>3 2025-12-17T17:49:19.119Z regionalefficient.org ut 1794 ID882 - The JBOD bandwidth is down, back up the haptic interface so we can connect the JSON program!
<32>1 2025-12-17T17:49:19.119Z corporatekiller.com iste 6261 ID602 - Try to synthesize the SMTP bandwidth, maybe it will calculate the neural monitor!
<165>1 2025-12-17T17:49:19.119Z leadmethodologies.com quaerat 5373 ID423 - I'Ll back up the bluetooth JBOD bus, that should bus the SMS hard drive!
<167>1 2025-12-17T17:49:19.119Z dynamicseamless.name officia 3130 ID386 - We need to reboot the virtual GB driver!
<174>2 2025-12-17T17:49:19.119Z customerinteractive.name vel 6811 ID791 - I'Ll input the multi-byte ADP sensor, that should feed the XML bandwidth!
<126>1 2025-12-17T17:49:19.119Z customerbricks-and-clicks.io dolor 5841 ID49 - Use the virtual SCSI alarm, then you can parse the optical bandwidth!
<148>1 2025-12-17T17:49:19.119Z humanend-to-end.name sint 6288 ID387 - You can't input the firewall without synthesizing the neural XML application!
<13>Dec 17 17:50:13 gateway authd[1000]: user=keith_harrison password=efmCCf4Kk status=rejected
<27>1 2025-12-17T17:49:19.119Z centralgenerate.com repudiandae 4574 ID84 - We need to navigate the optical COM matrix!
<31>3 2025-12-17T17:49:19.119Z seniorcutting-edge.com est 4211 ID956 - We need to input the haptic SMTP feed!
<134>1 2025-12-17T17:49:19.119Z seniorviral.net doloribus 335 ID749 - Transmitting the pixel won't do anything, we need to index the multi-byte ADP capacitor!
<83>2 2025-12-17T17:49:19.119Z nationale-markets.com consequuntur 6609 ID576 - Use the open-source IB transmitter, then you can generate the primary alarm!
<8>3 2025-12-17T17:49:19.119Z customerdot-com.org autem 9028 ID747 - The CSS microchip is down, program the optical application so we can navigate the IB sensor!
<31>1 2025-12-17T17:49:19.119Z seniorimplement.name facere 3168 ID214 - We need to synthesize the auxiliary IB sensor!
<103>1 2025-12-17T17:49:19.119Z humanoptimize.org labore 7047 ID596 - You can't input the array without copying the solid state XSS firewall!
<14>2 2025-12-17T17:49:19.119Z leadfront-end.name explicabo 9083 ID610 - The SQL system is down, program the neural protocol so we can input the TCP transmitter!
<54>2 2025-12-17T17:49:19.119Z corporatepartnerships.net provident 3056 ID384 - The SMS alarm is down, hack the multi-byte pixel so we can generate the TCP array!
<13>Dec 17 17:50:17 gateway authd[1000]: user=carlington_miller password=MqjRzJNPi4tK status=rejected
<7>2 2025-12-17T17:49:19.119Z internationalredefine.io temporibus 7391 ID2 - Use the digital XML sensor, then you can override the wireless card!
<117>3 2025-12-17T17:49:19.119Z forwarddeploy.net aut 6206 ID101 - If we index the bandwidth, we can get to the HDD microchip through the cross-platform SMS interface!
<59>1 2025-12-17T17:49:19.119Z forwardenterprise.name voluptas 1899 ID534 - You can't parse the pixel without bypassing the 1080p SSL card!
<13>Dec 17 17:50:19 gateway authd[1000]: user=carlington_miller password=qK6fS1s3zQ status=rejected
<10>3 2025-12-17T17:49:19.119Z globalsynthesize.info id 8331 ID431 - You can't override the hard drive without compressing the 1080p HDD feed!
<37>1 2025-12-17T17:49:19.119Z investorvortals.biz in 8260 ID295 - Compressing the firewall won't do anything, we need to back up the online COM transmitter!
<119>2 2025-12-17T17:49:19.119Z productenhance.net commodi 2177 ID635 - If we quantify the program, we can get to the TCP protocol through the redundant PCI protocol!
<122>3 2025-12-17T17:49:19.119Z corporate24/7.net repellat 5514 ID994 - Bypassing the card won't do anything, we need to compress the solid state USB feed!
<3>2 2025-12-17T17:49:19.119Z principalinfrastructures.biz quibusdam 2693 ID860 - If we reboot the interface, we can get to the PCI pixel through the digital EXE array!
<167>1 2025-12-17T17:49:19.119Z seniorintegrated.net rerum 8298 ID743 - Transmitting the hard drive won't do anything, we need to transmit the cross-platform GB driver!
<13>Dec 17 17:50:23 gateway authd[1000]: user=josie_sauceda password=YFbd5svfe status=rejected
<116>2 2025-12-17T17:49:19.119Z futureexpedite.org nisi 3994 ID449 - Use the mobile SAS feed, then you can reboot the virtual driver!
<13>Dec 17 17:50:26 gateway authd[1000]: user=zakharias_joseph password=eHhdltOpiWRR status=rejected
<111>1 2025-12-17T17:49:19.119Z dynamickiller.name neque 2646 ID110 - You can't hack the firewall without connecting the primary IB bus!
<13>Dec 17 17:50:28 gateway authd[1000]: user=phillip_menard password=GIfZgML7yz65 status=rejected
<13>Dec 17 17:50:30 gateway authd[1000]: user=elocin_pettit password=dPdjg6Sl8q33 status=rejected
<122>3 2025-12-17T17:49:19.119Z investorstrategic.com aut 7000 ID65 - Use the cross-platform PCI interface, then you can back up the neural port!
<13>Dec 17 17:50:33 gateway authd[1000]: user=hailey_muniz password=d6d3QtYeM6c status=rejected
<142>1 2025-12-17T17:49:19.119Z centralscale.com perspiciatis 3018 ID134 - You can't parse the interface without generating the auxiliary AGP panel!
<57>3 2025-12-17T17:49:19.119Z legacysupply-chains.biz ex 2132 ID705 - If we bypass the port, we can get to the SMTP interface through the redundant RAM bus!
<169>1 2025-12-17T17:49:19.119Z seniorexpedite.io voluptas 7384 ID713 - I'Ll parse the neural CSS transmitter, that should pixel the SMS driver!
<109>1 2025-12-17T17:49:19.119Z directeyeballs.name illum 2962 ID851 - Try to back up the RAM bandwidth, maybe it will generate the solid state sensor!
<120>2 2025-12-17T17:49:19.119Z humanexpedite.io iure 3597 ID306 - I'Ll transmit the digital XML interface, that should microchip the PNG bus!
<1>2 2025-12-17T17:49:19.119Z investorengineer.com aliquam 1691 ID163 - Use the 1080p EXE port, then you can copy the online bandwidth!
<13>Dec 17 17:50:37 gateway authd[1000]: user=palden_lama password=ChyXlW48 status=rejected
<176>1 2025-12-17T17:49:19.119Z principalenterprise.io omnis 7040 ID72 - If we navigate the matrix, we can get to the ADP bus through the redundant AGP feed!
<13>Dec 17 17:50:42 gateway authd[1000]: user=eric_lee password=wcvvgIoVTn9S07 status=rejected
<13>Dec 17 17:50:44 gateway authd[1000]: user=arnon_kenny password=0FKmE3Ci1Q status=rejected
<31>2 2025-12-17T17:49:19.119Z centralmission-critical.biz velit 2933 ID793 - The RSS sensor is down, back up the solid state driver so we can input the FTP alarm!
<47>2 2025-12-17T17:49:19.119Z principalnetworks.io accusantium 9954 ID290 - Use the cross-platform IB capacitor, then you can hack the 1080p hard drive!
<13>Dec 17 17:50:46 gateway authd[1000]: user=zakharias_joseph password=zC57cJ9ezxm2 status=rejected
<177>3 2025-12-17T17:49:19.119Z directgranular.org ullam 8410 ID488 - If we program the panel, we can get to the SSL card through the haptic FTP system!
<40>2 2025-12-17T17:49:19.119Z legacyconvergence.com exercitationem 2033 ID557 - Use the optical JBOD circuit, then you can transmit the back-end transmitter!
<177>2 2025-12-17T17:49:19.119Z productviral.org recusandae 8544 ID231 - The AI hard drive is down, connect the digital hard drive so we can calculate the XML sensor!
<82>1 2025-12-17T17:49:19.119Z regionalb2c.name ut 1497 ID447 - We need to back up the neural USB sensor!
<161>2 2025-12-17T17:49:19.119Z leadextensible.com voluptatem 5780 ID950 - Hacking the feed won't do anything, we need to quantify the open-source RAM sensor!
<131>3 2025-12-17T17:49:19.119Z futureaggregate.biz laudantium 3439 ID599 - I'Ll program the optical SQL panel, that should system the ADP microchip!
<186>1 2025-12-17T17:49:19.119Z productgranular.biz explicabo 827 ID230 - The XML pixel is down, parse the wireless application so we can reboot the ADP feed!
<84>2 2025-12-17T17:49:19.119Z centrale-markets.io et 7261 ID150 - The FTP panel is down, program the open-source panel so we can back up the SMTP microchip!
<13>Dec 17 17:50:50 gateway authd[1000]: user=john_quarles password=gKTqSAU1 status=rejected
<139>2 2025-12-17T17:49:19.119Z futureclicks-and-mortar.net necessitatibus 274 ID790 - We need to transmit the wireless EXE microchip!
<133>2 2025-12-17T17:49:19.119Z investordeliverables.biz recusandae 1080 ID364 - You can't program the bandwidth without parsing the primary SMTP circuit!
<93>3 2025-12-17T17:49:19.119Z chiefintegrate.name nesciunt 9737 ID467 - If we index the alarm, we can get to the PNG driver through the haptic PNG interface!
<13>Dec 17 17:50:51 gateway authd[1000]: user=maanasa_baskar password=l3knba6L4upt status=rejected
<112>3 2025-12-17T17:49:19.119Z principalimpactful.biz consequatur 4014 ID166 - We need to copy the online SSL hard drive!
<82>2 2025-12-17T17:49:19.119Z productorchestrate.net nihil 1230 ID277 - We need to transmit the neural EXE firewall!
<5>3 2025-12-17T17:49:19.119Z corporatemission-critical.com aliquam 3996 ID682 - You can't hack the pixel without compressing the bluetooth SCSI firewall!
<112>2 2025-12-17T17:49:19.119Z nationalmaximize.org qui 3053 ID121 - Use the online COM panel, then you can back up the optical protocol!
<36>3 2025-12-17T17:49:19.119Z investorwhiteboard.org quod 664 ID965 - You can't copy the port without connecting the auxiliary USB alarm!
<82>3 2025-12-17T17:49:19.119Z nationalend-to-end.name rerum 6321 ID213 - You can't program the pixel without calculating the optical GB firewall!
<27>1 2025-12-17T17:49:19.119Z centralenterprise.name non 9147 ID183 - We need to hack the bluetooth XSS protocol!
<13>Dec 17 17:50:54 gateway authd[1000]: user=curran_hill password=ud66EhHQfNyy8x status=rejected
<13>Dec 17 17:50:56 gateway authd[1000]: user=tonya password=I0CGaWVjP4vo status=rejected
<13>Dec 17 17:50:57 gateway authd[1000]: user=ke_yang password=UHbwoPT7Ii status=rejected
<57>2 2025-12-17T17:49:19.119Z investorviral.com veniam 2079 ID110 - If we reboot the array, we can get to the RSS firewall through the solid state SQL circuit!
<163>2 2025-12-17T17:49:19.119Z directcommunities.net cupiditate 1747 ID471 - You can't transmit the monitor without bypassing the primary COM array!
<105>3 2025-12-17T17:49:19.119Z futurerelationships.name incidunt 5228 ID821 - Use the multi-byte RSS driver, then you can navigate the redundant feed!
<84>3 2025-12-17T17:49:19.119Z customerimplement.info sint 7761 ID128 - Try to copy the SMTP hard drive, maybe it will override the bluetooth panel!
<78>1 2025-12-17T17:49:19.119Z customerpartnerships.org rerum 4271 ID257 - We need to program the bluetooth COM circuit!
<19>2 2025-12-17T17:49:19.119Z principalsystems.com quae 5323 ID248 - If we transmit the interface, we can get to the RAM array through the neural PCI sensor!
<13>Dec 17 17:51:01 gateway authd[1000]: user=john_heaps password=3KBQUVpz4vfIt status=rejected
<13>Dec 17 17:51:02 gateway authd[1000]: user=john_quarles password=mSWTiETSXt status=rejected
<36>2 2025-12-17T17:49:19.119Z seniorconvergence.org repellendus 4668 ID711 - Navigating the bandwidth won't do anything, we need to reboot the multi-byte CSS pixel!
<13>Dec 17 17:51:03 gateway authd[1000]: user=hailey_muniz password=urvmDeiCTn status=rejected
<13>Dec 17 17:51:07 gateway authd[1000]: user=william_chen password=kINo8ZTWh status=rejected
<187>2 2025-12-17T17:49:19.119Z investorembrace.biz vitae 2077 ID323 - Backing up the sensor won't do anything, we need to navigate the virtual RAM transmitter!
<13>Dec 17 17:51:11 gateway authd[1000]: user=daniel_ruiz password=Fk9nZGEIpS status=rejected
<149>3 2025-12-17T17:49:19.119Z chiefsticky.net ut 4446 ID798 - Use the solid state USB port, then you can hack the optical interface!
<153>3 2025-12-17T17:49:19.119Z legacyinnovate.io eius 7503 ID424 - I'Ll generate the solid state HTTP transmitter, that should hard drive the SAS port!
<188>1 2025-12-17T17:49:19.119Z productcontent.name aut 7314 ID624 - You can't copy the panel without quantifying the 1080p PNG matrix!
<13>Dec 17 17:51:12 gateway authd[1000]: user=keith_harrison password=QP2PQaztn status=rejected
<41>3 2025-12-17T17:49:19.119Z futureend-to-end.net vitae 5129 ID736 - Hacking the bus won't do anything, we need to calculate the online XSS interface!
<13>Dec 17 17:51:17 gateway authd[1000]: user=rajkumar_banoth password=vgznoEQ4Ef status=rejected
<129>2 2025-12-17T17:49:19.119Z regionalmaximize.biz alias 3874 ID114 - The RAM alarm is down, program the mobile sensor so we can copy the SMTP system!
<18>3 2025-12-17T17:49:19.119Z directfrictionless.io sit 5894 ID754 - Hacking the hard drive won't do anything, we need to back up the back-end PNG pixel!
<31>3 2025-12-17T17:49:19.119Z humanexperiences.net illum 5709 ID521 - Use the redundant COM sensor, then you can index the solid state bus!
<98>1 2025-12-17T17:49:19.119Z investorenable.net modi 5828 ID456 - I'Ll copy the redundant JBOD application, that should matrix the GB monitor!
<189>3 2025-12-17T17:49:19.119Z centralintuitive.biz et 1906 ID171 - Compressing the interface won't do anything, we need to parse the solid state XSS alarm!
<4>3 2025-12-17T17:49:19.119Z directuser-centric.org ratione 9218 ID453 - The THX matrix is down, parse the digital circuit so we can navigate the COM card!
<82>1 2025-12-17T17:49:19.119Z internationalmorph.io molestiae 4782 ID253 - Try to program the FTP pixel, maybe it will quantify the haptic transmitter!
<115>3 2025-12-17T17:49:19.119Z centralnetworks.name numquam 9499 ID194 - The TCP pixel is down, input the primary alarm so we can reboot the SMS capacitor!
<13>Dec 17 17:51:22 gateway authd[1000]: user=gabriel_green password=MLTcuuOv status=rejected
<63>2 2025-12-17T17:49:19.119Z dynamicarchitectures.net ea 458 ID606 - If we index the circuit, we can get to the USB hard drive through the multi-byte XML application!
<45>2 2025-12-17T17:49:19.119Z nationalplug-and-play.io consequatur 5328 ID985 - Use the optical JBOD port, then you can calculate the open-source pixel!
<98>3 2025-12-17T17:49:19.119Z nationalgranular.com dolorem 5955 ID911 - You can't calculate the port without parsing the redundant SQL circuit!
<13>Dec 17 17:51:27 gateway authd[1000]: user=john_heaps password=LrlG9l3WuFyp9 status=rejected
<13>Dec 17 17:51:28 gateway authd[1000]: user=daniel_ruiz password=k2pgi4T55T5l status=rejected
<15>1 2025-12-17T17:49:19.119Z globalbleeding-edge.biz soluta 7833 ID783 - I'Ll connect the auxiliary AI port, that should alarm the SAS hard drive!
<44>1 2025-12-17T17:49:19.119Z regionalubiquitous.biz in 1783 ID237 - If we program the capacitor, we can get to the SCSI microchip through the mobile THX port!
<13>Dec 17 17:51:30 gateway authd[1000]: user=ke_yang password=agWwoTUHaSIb status=rejected
<13>Dec 17 17:51:34 gateway authd[1000]: user=maanasa_baskar password=8yZnaxYpzW status=rejected
<13>Dec 17 17:51:37 gateway authd[1000]: user=phillip_menard password=BHbJbWIve status=rejected
<13>Dec 17 17:51:39 gateway authd[1000]: user=elisha_szeto password=QFrrz1aUrhm5jQ status=rejected
<8>3 2025-12-17T17:49:19.119Z corporateout-of-the-box.com tenetur 3485 ID364 - Try to synthesize the SQL monitor, maybe it will override the bluetooth microchip!
<115>2 2025-12-17T17:49:19.119Z chiefsolutions.info quam 9856 ID844 - You can't compress the driver without navigating the haptic AGP application!
<120>3 2025-12-17T17:49:19.119Z nationaloptimize.name ipsa 9388 ID791 - Try to navigate the SMTP firewall, maybe it will hack the wireless microchip!
<13>Dec 17 17:51:40 gateway authd[1000]: user=rajkumar_banoth password=SMq4ow8g6tR status=rejected
<13>Dec 17 17:51:42 gateway authd[1000]: user=phillip_menard password=rAsZek1MQ47 status=rejected
<50>3 2025-12-17T17:49:19.119Z centralroi.info temporibus 4986 ID174 - You can't compress the program without backing up the online RAM pixel!
<13>Dec 17 17:51:46 gateway authd[1000]: user=mimi_xie password=balD4tC7 status=rejected
<0>1 2025-12-17T17:49:19.119Z principale-enable.biz aliquam 7558 ID542 - Bypassing the bus won't do anything, we need to back up the auxiliary XML firewall!
<13>Dec 17 17:51:48 gateway authd[1000]: user=william_chen password=fQ3ryaxUxg status=rejected
<130>1 2025-12-17T17:49:19.119Z futurerelationships.info ut 7913 ID473 - I'Ll compress the haptic JBOD matrix, that should pixel the THX alarm!
<13>Dec 17 17:51:53 gateway authd[1000]: user=joaquin password=cPeSzBIhwiDk status=rejected
<171>3 2025-12-17T17:49:19.119Z futurestrategize.net velit 2777 ID92 - Try to calculate the JBOD pixel, maybe it will connect the auxiliary microchip!
<74>3 2025-12-17T17:49:19.119Z futureeyeballs.org nobis 7176 ID705 - The SCSI capacitor is down, navigate the bluetooth capacitor so we can parse the HDD driver!
<13>Dec 17 17:51:58 gateway authd[1000]: user=timothy_yuen password=ThCfmArR3 status=rejected
<13>Dec 17 17:51:59 gateway authd[1000]: user=jacqueline_yanez password=VJKSTXvtNp status=rejected
<13>Dec 17 17:52:00 gateway authd[1000]: user=maanasa_baskar password=2PEtxUacw status=rejected
<13>Dec 17 17:52:01 gateway authd[1000]: user=elocin_pettit password=owmjatEUgL status=rejected
<54>3 2025-12-17T17:49:19.119Z directcommunities.name totam 1458 ID483 - If we transmit the bus, we can get to the SMTP matrix through the haptic AI monitor!
<143>3 2025-12-17T17:49:19.119Z regionalinnovative.io totam 8884 ID863 - You can't copy the protocol without programming the digital IB system!
<0>3 2025-12-17T17:49:19.119Z chiefrecontextualize.com asperiores 738 ID513 - You can't program the monitor without connecting the wireless SAS transmitter!
<13>Dec 17 17:52:05 gateway authd[1000]: user=timothy_yuen password=1U4KKbYF5 status=rejected
<170>1 2025-12-17T17:49:19.119Z districtmesh.io iure 3269 ID431 - Use the 1080p COM pixel, then you can reboot the solid state bus!
<98>1 2025-12-17T17:49:19.119Z investormethodologies.biz id 7971 ID473 - We need to copy the solid state AGP interface!
<26>1 2025-12-17T17:49:19.119Z districtbrand.com aliquid 1399 ID609 - We need to override the cross-platform JSON pixel!
<91>3 2025-12-17T17:49:19.119Z productkiller.net beatae 2606 ID220 - You can't navigate the pixel without navigating the multi-byte HDD panel!
<13>Dec 17 17:52:08 gateway authd[1000]: user=rajendra_boppana password=OOCoakZtv4 status=rejected
<13>Dec 17 17:52:13 gateway authd[1000]: user=arnon_kenny password=jltaxpdvAFz status=rejected
<56>3 2025-12-17T17:49:19.119Z chiefopen-source.io voluptatem 4114 ID242 - Try to override the AGP panel, maybe it will compress the digital array!
<148>1 2025-12-17T17:49:19.119Z internationalsexy.com sed 2095 ID818 - I'Ll bypass the primary HTTP bandwidth, that should driver the JBOD application!
<13>Dec 17 17:52:16 gateway authd[1000]: user=palden_lama password=GtJr2arDe status=rejected
<13>Dec 17 17:52:18 gateway authd[1000]: user=palden_lama password=2tQYHulNk status=rejected
<12>2 2025-12-17T17:49:19.119Z nationalcutting-edge.info blanditiis 4176 ID728 - If we copy the pixel, we can get to the CSS panel through the digital AI microchip!
<13>Dec 17 17:52:21 gateway authd[1000]: user=rajendra_boppana password=Bn50dv1tL65a status=rejected
<75>3 2025-12-17T17:49:19.119Z internalout-of-the-box.info earum 9666 ID217 - We need to synthesize the open-source FTP card!
<109>2 2025-12-17T17:49:19.119Z customerreal-time.info porro 9660 ID728 - Use the haptic RAM bandwidth, then you can calculate the redundant hard drive!
<159>2 2025-12-17T17:49:19.119Z productdeliver.io ut 9275 ID491 - Use the haptic SCSI capacitor, then you can copy the auxiliary hard drive!
<13>Dec 17 17:52:25 gateway authd[1000]: user=josie_sauceda password=rONXJj7QwxN8X0 status=rejected
<189>2 2025-12-17T17:49:19.119Z regionalfacilitate.biz autem 9644 ID339 - Use the 1080p IB capacitor, then you can back up the 1080p feed!
<148>1 2025-12-17T17:49:19.119Z dynamicfacilitate.biz ab 9603 ID969 - You can't transmit the interface without overriding the multi-byte USB alarm!
<39>2 2025-12-17T17:49:19.119Z investortransparent.com quis 4477 ID958 - The SSL protocol is down, bypass the multi-byte firewall so we can copy the PNG firewall!
<78>3 2025-12-17T17:49:19.119Z futureextend.io sit 6976 ID685 - Use the back-end PNG microchip, then you can calculate the auxiliary system!
<187>3 2025-12-17T17:49:19.119Z corporatesexy.net totam 5588 ID183 - You can't reboot the alarm without calculating the optical GB capacitor!
<186>3 2025-12-17T17:49:19.119Z dynamicintegrated.net in 9416 ID177 - If we generate the transmitter, we can get to the HDD microchip through the neural SMTP system!
<128>1 2025-12-17T17:49:19.119Z directtransparent.net non 3359 ID474 - Use the open-source GB monitor, then you can parse the back-end circuit!
<112>2 2025-12-17T17:49:19.119Z humanholistic.name consequuntur 3001 ID902 - You can't generate the matrix without connecting the multi-byte TCP port!
<13>Dec 17 17:52:26 gateway authd[1000]: user=hondo_limon password=EFyYonsxO status=rejected
<54>2 2025-12-17T17:49:19.119Z corporatemethodologies.org consequatur 7172 ID554 - Use the mobile SMS protocol, then you can navigate the redundant transmitter!
<122>3 2025-12-17T17:49:19.119Z productscale.info voluptate 1719 ID946 - I'Ll override the redundant JBOD alarm, that should port the SCSI bandwidth!
<13>Dec 17 17:52:30 gateway authd[1000]: user=blessy password=SwQQhCNXVm status=rejected
<110>2 2025-12-17T17:49:19.119Z legacymarkets.io deleniti 766 ID544 - If we calculate the monitor, we can get to the JSON program through the primary THX system!
<174>1 2025-12-17T17:49:19.119Z chiefinterfaces.net qui 3646 ID91 - Use the solid state ADP protocol, then you can transmit the wireless feed!
<177>1 2025-12-17T17:49:19.119Z legacysynergistic.com tenetur 9774 ID795 - You can't back up the matrix without connecting the solid state IB panel!
<118>2 2025-12-17T17:49:19.119Z principalgrow.name eius 5865 ID107 - Try to program the GB bandwidth, maybe it will transmit the multi-byte transmitter!
<8>3 2025-12-17T17:49:19.119Z corporatereinvent.biz delectus 3685 ID810 - The IB alarm is down, override the neural driver so we can calculate the EXE transmitter!
<25>3 2025-12-17T17:49:19.119Z forwardb2c.net sit 8134 ID524 - I'Ll quantify the auxiliary THX system, that should array the HDD monitor!
<161>3 2025-12-17T17:49:19.119Z principalarchitect.org velit 2621 ID888 - Bypassing the monitor won't do anything, we need to input the bluetooth SMS bus!
<13>Dec 17 17:52:32 gateway authd[1000]: user=elocin_pettit password=3VEO28MYwi7y8 status=rejected
<175>2 2025-12-17T17:49:19.119Z dynamicintuitive.name quis 2668 ID155 - We need to copy the wireless SMTP hard drive!
<45>2 2025-12-17T17:49:19.119Z seniorb2c.org maxime 4673 ID632 - Connecting the firewall won't do anything, we need to calculate the wireless SDD sensor!
<13>Dec 17 17:52:33 gateway authd[1000]: user=tonya password=SW3FGmgd status=rejected
<0>2 2025-12-17T17:49:19.119Z directb2b.info voluptates 799 ID15 - I'Ll compress the mobile PNG protocol, that should program the TCP sensor!
<38>1 2025-12-17T17:49:19.119Z customerstrategize.biz ad 7634 ID510 - Try to quantify the XSS panel, maybe it will generate the bluetooth driver!
<132>2 2025-12-17T17:49:19.119Z futurecontent.biz excepturi 5657 ID522 - We need to parse the back-end HDD driver!
<13>Dec 17 17:52:35 gateway authd[1000]: user=carlington_miller password=XqtRS0xWfyJ status=rejected
<161>2 2025-12-17T17:49:19.119Z centralmesh.name dicta 1550 ID591 - Use the 1080p SQL pixel, then you can hack the optical hard drive!
<71>3 2025-12-17T17:49:19.119Z internationaldistributed.net molestiae 3256 ID923 - The RAM monitor is down, override the solid state transmitter so we can hack the RAM circuit!
<179>2 2025-12-17T17:49:19.119Z seniorrobust.info et 3387 ID646 - We need to bypass the redundant CSS pixel!
<11>1 2025-12-17T17:49:19.119Z regionaliterate.io itaque 4465 ID44 - Use the cross-platform ADP protocol, then you can hack the open-source protocol!
<18>2 2025-12-17T17:49:19.119Z futurebricks-and-clicks.com dicta 9253 ID869 - Try to back up the HTTP pixel, maybe it will transmit the optical application!
<71>1 2025-12-17T17:49:19.119Z humanniches.name corporis 9076 ID479 - Try to hack the AI monitor, maybe it will connect the haptic application!
<181>1 2025-12-17T17:49:19.119Z internationalweb-readiness.io est 377 ID101 - Use the mobile PNG application, then you can hack the haptic driver!
<40>1 2025-12-17T17:49:19.119Z principalvortals.org consequatur 419 ID472 - Navigating the hard drive won't do anything, we need to calculate the 1080p THX circuit!
<154>1 2025-12-17T17:49:19.119Z legacyfront-end.biz maxime 6442 ID740 - You can't parse the matrix without synthesizing the haptic FTP program!
<27>2 2025-12-17T17:49:19.119Z centraldistributed.info nobis 6246 ID150 - I'Ll input the virtual SMTP firewall, that should system the HTTP sensor!
<19>2 2025-12-17T17:49:19.119Z regionalcompelling.io sint 3652 ID16 - We need to input the cross-platform JBOD monitor!
<13>Dec 17 17:52:39 gateway authd[1000]: user=jacqueline_yanez password=GGyrRiV7 status=rejected
<147>1 2025-12-17T17:49:19.119Z districtgrow.biz architecto 9596 ID804 - Use the online SMTP firewall, then you can compress the solid state circuit!
<31>2 2025-12-17T17:49:19.119Z dynamicb2b.info hic 1503 ID578 - The AI feed is down, index the redundant array so we can copy the COM matrix!
<73>1 2025-12-17T17:49:19.119Z legacywireless.net explicabo 8016 ID174 - Calculating the hard drive won't do anything, we need to index the auxiliary SMTP sensor!
<111>3 2025-12-17T17:49:19.119Z customerenvisioneer.org omnis 7243 ID807 - I'Ll reboot the multi-byte AI capacitor, that should alarm the USB capacitor!
<102>1 2025-12-17T17:49:19.119Z directbricks-and-clicks.biz nisi 9293 ID525 - I'Ll hack the cross-platform USB protocol, that should capacitor the ADP system!
<70>2 2025-12-17T17:49:19.119Z productsynthesize.org eligendi 4461 ID804 - I'Ll transmit the cross-platform HTTP protocol, that should interface the TCP microchip!
<10>3 2025-12-17T17:49:19.119Z forwardmonetize.net voluptatem 4917 ID622 - You can't navigate the alarm without generating the cross-platform SCSI monitor!
<107>1 2025-12-17T17:49:19.119Z forwardsynergize.biz dolorem 700 ID158 - We need to quantify the optical RAM monitor!
<13>Dec 17 17:52:43 gateway authd[1000]: user=joaquin password=DI3ur0B8BY status=rejected
<13>Dec 17 17:52:46 gateway authd[1000]: user=william_chen password=blPySNVjWr2 status=rejected
<9>1 2025-12-17T17:49:19.119Z chiefweb services.io rerum 5822 ID224 - The IB pixel is down, synthesize the wireless firewall so we can compress the XML bus!
<168>1 2025-12-17T17:49:19.119Z nationalenvisioneer.net dolore 2309 ID807 - I'Ll program the bluetooth SQL panel, that should panel the COM card!
<164>3 2025-12-17T17:49:19.119Z leadvortals.io reiciendis 1034 ID881 - I'Ll back up the wireless IB monitor, that should microchip the SAS bandwidth!
<95>1 2025-12-17T17:49:19.119Z chiefembrace.net perferendis 4680 ID9 - The FTP capacitor is down, parse the digital sensor so we can copy the IB sensor!
<24>3 2025-12-17T17:49:19.119Z internalseize.org ex 7293 ID805 - Use the primary SQL panel, then you can hack the haptic capacitor!
<65>1 2025-12-17T17:49:19.119Z chiefturn-key.name cum 5421 ID388 - I'Ll compress the virtual FTP protocol, that should panel the RSS system!
<13>Dec 17 17:52:48 gateway authd[1000]: user=john_quarles password=nF4jDMjNYaZ7 status=rejected
<34>1 2025-12-17T17:49:19.119Z productleading-edge.biz ducimus 980 ID484 - I'Ll reboot the back-end SMTP monitor, that should capacitor the HTTP feed!
<13>Dec 17 17:52:49 gateway authd[1000]: user=aidan_kollar password=XB8N8CQsVQT7f status=rejected
<96>3 2025-12-17T17:49:19.119Z globalback-end.net similique 432 ID689 - I'Ll copy the online SMTP capacitor, that should driver the TCP monitor!
<142>3 2025-12-17T17:49:19.119Z customernext-generation.com molestiae 4308 ID50 - Use the auxiliary XML feed, then you can program the mobile microchip!
<104>3 2025-12-17T17:49:19.119Z chiefe-commerce.net et 8083 ID685 - If we reboot the firewall, we can get to the PNG capacitor through the redundant HDD feed!
<13>Dec 17 17:52:53 gateway authd[1000]: user=aidan_kollar password=u7i2owBVnqAUkA status=rejected
<15>2 2025-12-17T17:49:19.119Z dynamiccontent.info cupiditate 4807 ID150 - Use the auxiliary XML program, then you can reboot the bluetooth card!
<13>Dec 17 17:52:58 gateway authd[1000]: user=keith_harrison password=6P9c3v3CxgSa status=rejected
<21>3 2025-12-17T17:49:19.119Z forwardeyeballs.biz odio 9617 ID118 - The HDD array is down, navigate the cross-platform application so we can parse the SDD microchip!
<112>2 2025-12-17T17:49:19.119Z leadinterfaces.info quidem 2320 ID373 - The SCSI system is down, parse the back-end driver so we can connect the ADP microchip!
<129>3 2025-12-17T17:49:19.119Z productcommunities.org voluptatem 3287 ID879 - If we quantify the bus, we can get to the XML alarm through the redundant AI matrix!
<73>1 2025-12-17T17:49:19.119Z corporatevirtual.io vel 4615 ID626 - We need to calculate the back-end XSS application!
<78>3 2025-12-17T17:49:19.119Z districtinitiatives.net nam 7142 ID653 - You can't bypass the circuit without calculating the mobile HTTP monitor!
<22>2 2025-12-17T17:49:19.119Z futurestreamline.info provident 7110 ID905 - You can't reboot the driver without indexing the auxiliary SDD port!
<13>Dec 17 17:53:01 gateway authd[1000]: user=hondo_limon password=GaUWLuTdZ status=rejected
<73>3 2025-12-17T17:49:19.119Z futurecollaborative.biz at 6437 ID779 - I'Ll navigate the neural RSS application, that should microchip the SMS hard drive!
<13>Dec 17 17:53:05 gateway authd[1000]: user=eric_lee password=23ZaHVSu59Lo status=rejected
<172>3 2025-12-17T17:49:19.119Z leadout-of-the-box.name labore 2115 ID272 - Use the mobile SSL application, then you can parse the mobile protocol!
<40>3 2025-12-17T17:49:19.119Z legacybrand.info consequuntur 5391 ID518 - Try to bypass the AGP hard drive, maybe it will connect the mobile interface!
<33>2 2025-12-17T17:49:19.119Z leade-business.io fugit 863 ID622 - Use the bluetooth SAS sensor, then you can parse the back-end transmitter!
<37>1 2025-12-17T17:49:19.119Z principaltransition.info rem 8683 ID786 - You can't quantify the capacitor without generating the wireless SQL feed!
<186>1 2025-12-17T17:49:19.119Z customer24/365.io quo 5351 ID901 - The PNG hard drive is down, back up the online interface so we can index the RAM port!
<13>Dec 17 17:53:09 gateway authd[1000]: user=jacqueline_yanez password=eLwIGjvDn status=rejected
<182>3 2025-12-17T17:49:19.119Z corporateweb services.io repudiandae 4163 ID841 - Indexing the feed won't do anything, we need to generate the solid state EXE microchip!
<13>Dec 17 17:53:13 gateway authd[1000]: user=arnon_kenny password=D8FB1XmxrT status=rejected
<13>Dec 17 17:53:15 gateway authd[1000]: user=gabriel_green password=rudwux11qcmTZk status=rejected
<44>3 2025-12-17T17:49:19.119Z regionalengage.io voluptatem 8590 ID5 - We need to bypass the 1080p SMTP card!
<160>1 2025-12-17T17:49:19.119Z futureenable.io asperiores 8683 ID197 - Try to hack the FTP pixel, maybe it will navigate the back-end circuit!
<169>2 2025-12-17T17:49:19.119Z legacyvalue-added.org molestiae 6107 ID568 - I'Ll back up the mobile COM bus, that should hard drive the CSS program!
<129>2 2025-12-17T17:49:19.119Z seniordeliverables.biz expedita 6153 ID22 - Compressing the program won't do anything, we need to connect the solid state CSS feed!
<107>1 2025-12-17T17:49:19.119Z dynamicrecontextualize.org maxime 1209 ID323 - The JSON protocol is down, back up the solid state interface so we can transmit the PNG interface!
<13>Dec 17 17:53:20 gateway authd[1000]: user=rajendra_boppana password=RtACiknkX2D status=rejected
<33>1 2025-12-17T17:49:19.119Z humanchannels.com animi 9233 ID495 - I'Ll generate the virtual TCP port, that should card the PNG hard drive!
<49>3 2025-12-17T17:49:19.119Z chiefcommunities.io molestiae 9190 ID350 - Try to reboot the CSS port, maybe it will bypass the multi-byte port!
<184>2 2025-12-17T17:49:19.119Z customervirtual.net et 1779 ID268 - Try to override the SCSI bus, maybe it will navigate the online protocol!
<94>3 2025-12-17T17:49:19.119Z humanevolve.name ullam 1153 ID481 - Try to program the HDD system, maybe it will transmit the cross-platform interface!
<84>2 2025-12-17T17:49:19.119Z humanconvergence.info aut 5078 ID746 - If we quantify the monitor, we can get to the SAS firewall through the wireless SMTP monitor!
<159>1 2025-12-17T17:49:19.119Z leadbest-of-breed.net ducimus 2269 ID97 - We need to copy the online AI monitor!
<150>1 2025-12-17T17:49:19.119Z corporateportals.biz similique 3507 ID412 - I'Ll quantify the neural SQL array, that should port the RAM bus!
<13>Dec 17 17:53:23 gateway authd[1000]: user=joaquin password=CMbKrPrI9 status=rejected
<68>1 2025-12-17T17:49:19.119Z centralexploit.name consequatur 290 ID197 - The SAS circuit is down, calculate the auxiliary feed so we can compress the FTP feed!
<112>2 2025-12-17T17:49:19.119Z forwardexpedite.com provident 1303 ID802 - Try to quantify the AI capacitor, maybe it will parse the 1080p driver!
<153>1 2025-12-17T17:49:19.119Z futuresolutions.com delectus 4620 ID673 - Try to index the SDD monitor, maybe it will index the neural panel!
<57>2 2025-12-17T17:49:19.119Z investorinteractive.info ipsum 8320 ID987 - I'Ll program the online COM interface, that should bandwidth the CSS monitor!
<13>Dec 17 17:53:27 gateway authd[1000]: user=curran_hill password=aCqLuJuWR status=rejected
<13>Dec 17 17:53:28 gateway authd[1000]: user=john_heaps password=fDRmzPBWp status=rejected
<142>1 2025-12-17T17:49:19.119Z nationalaggregate.biz eum 5054 ID798 - Use the 1080p RSS sensor, then you can program the cross-platform circuit!
<100>1 2025-12-17T17:49:19.119Z forwarde-business.biz doloremque 1543 ID103 - You can't compress the system without transmitting the online PCI matrix!
<180>1 2025-12-17T17:49:19.119Z corporateout-of-the-box.biz architecto 6490 ID315 - Use the bluetooth FTP matrix, then you can index the haptic panel!
<144>2 2025-12-17T17:49:19.119Z dynamicscale.name eveniet 6209 ID568 - You can't bypass the array without compressing the virtual SAS firewall!
<55>1 2025-12-17T17:49:19.119Z legacyubiquitous.io et 2310 ID49 - You can't copy the capacitor without compressing the online GB panel!
<190>1 2025-12-17T17:49:19.119Z corporateaction-items.info quidem 5073 ID993 - Try to connect the EXE panel, maybe it will connect the digital pixel!
<48>2 2025-12-17T17:49:19.119Z investorrepurpose.info enim 2353 ID324 - Calculating the array won't do anything, we need to parse the wireless HDD feed!
<13>2 2025-12-17T17:49:19.119Z dynamiccollaborative.biz voluptatem 430 ID441 - Synthesizing the sensor won't do anything, we need to generate the online CSS monitor!
<165>3 2025-12-17T17:49:19.119Z districtschemas.net occaecati 3806 ID188 - Use the auxiliary COM program, then you can synthesize the redundant hard drive!
<187>2 2025-12-17T17:49:19.119Z dynamice-business.io voluptatem 2422 ID963 - We need to index the wireless RSS capacitor!
<13>Dec 17 17:53:31 gateway authd[1000]: user=blessy password=6xR8Wi6jweJ status=rejected
<121>2 2025-12-17T17:49:19.119Z seniorincentivize.com autem 1881 ID470 - Use the solid state JSON array, then you can navigate the 1080p sensor!
<13>Dec 17 17:53:33 gateway authd[1000]: user=hondo_limon password=3Eaql3nvR status=rejected
<188>2 2025-12-17T17:49:19.119Z regionaldisintermediate.com porro 4306 ID920 - The IB system is down, calculate the optical program so we can compress the SDD feed!
<13>Dec 17 17:53:36 gateway authd[1000]: user=fardeen_bhimani password=0FNSJsatG status=rejected
