<86>1 2025-12-17T17:49:15Z humanunleash.name neque 9707 ID934 - user=mahi_mohashin password=2wkb8eMcm status=invalid
<86>1 2025-12-17T17:49:19.277Z humanunleash.name neque 9707 ID934 - The PCI array is down, index the auxiliary hard drive so we can transmit the AGP microchip!
<118>3 2025-12-17T17:49:19.277Z centralrevolutionize.org sequi 9377 ID317 - I'Ll connect the open-source SCSI protocol, that should panel the RSS interface!
<77>2 2025-12-17T17:49:19.277Z futuremethodologies.com odio 7952 ID602 - Indexing the microchip won't do anything, we need to generate the digital SAS driver!
<18>2 2025-12-17T17:49:19.277Z principalextensible.net cupiditate 6729 ID664 - The XSS hard drive is down, input the optical matrix so we can override the JSON circuit!
<15>2 2025-12-17T17:49:19.277Z nationalstrategic.name quaerat 4369 ID19 - Use the 1080p HDD card, then you can input the online panel!
<68>2 2025-12-17T17:49:19.277Z forwarddeliver.io aut 7592 ID906 - If we transmit the application, we can get to the ADP bus through the digital COM card!
<186>3 2025-12-17T17:49:19.277Z humanproductize.org excepturi 1814 ID718 - Use the redundant EXE matrix, then you can parse the solid state bandwidth!
<86>1 2025-12-17T17:49:16Z humanunleash.name neque 9707 ID934 - user=arnon_kenny password=8ZUDFHWMzAG status=invalid
<86>1 2025-12-17T17:49:17Z humanunleash.name neque 9707 ID934 - user=khalid_galal password=5Hcjy0J8ucu status=invalid
<181>1 2025-12-17T17:49:19.277Z centralreal-time.name optio 7325 ID870 - I'Ll bypass the virtual SCSI card, that should application the RSS system!
<98>1 2025-12-17T17:49:19.277Z principalcutting-edge.com at 9844 ID895 - I'Ll program the online IB card, that should application the AI capacitor!
<86>1 2025-12-17T17:49:20Z humanunleash.name neque 9707 ID934 - user=judith_infante password=ySp4TOh0OdVtb status=invalid
<44>3 2025-12-17T17:49:19.277Z centralsynthesize.io est 3398 ID93 - Use the cross-platform HDD matrix, then you can override the neural application!
<86>1 2025-12-17T17:49:25Z humanunleash.name neque 9707 ID934 - user=gabriel_green password=44m3EAdl8 status=invalid
<86>1 2025-12-17T17:49:29Z humanunleash.name neque 9707 ID934 - user=tonya password=fVgfkx8V39dYhJ status=invalid
<107>1 2025-12-17T17:49:19.277Z dynamicenvisioneer.org animi 5375 ID506 - If we transmit the array, we can get to the FTP firewall through the multi-byte IB interface!
<139>1 2025-12-17T17:49:19.277Z futureplatforms.io quo 9812 ID1 - If we synthesize the application, we can get to the COM monitor through the multi-byte JSON bandwidth!
<148>1 2025-12-17T17:49:19.277Z principalextend.name minima 7682 ID404 - Backing up the system won't do anything, we need to back up the redundant COM transmitter!
<86>1 2025-12-17T17:49:32Z humanunleash.name neque 9707 ID934 - user=fernanda_hernandez password=ka4QHwWBd1sN6k status=invalid
<3>1 2025-12-17T17:49:19.277Z internalweb-enabled.biz aut 6251 ID849 - I'Ll override the solid state ADP alarm, that should capacitor the SDD firewall!
<0>3 2025-12-17T17:49:19.277Z dynamicunleash.io necessitatibus 2179 ID908 - If we transmit the pixel, we can get to the AI program through the back-end AI capacitor!
<86>1 2025-12-17T17:49:36Z humanunleash.name neque 9707 ID934 - user=gabriel_green password=UPxPwVtnQK status=invalid
<86>1 2025-12-17T17:49:37Z humanunleash.name neque 9707 ID934 - user=samuel_stone password=ocG82VP4GY6 status=invalid
<86>1 2025-12-17T17:49:38Z humanunleash.name neque 9707 ID934 - user=murtuza_jadliwala password=JqNKYMlCShcz3e status=invalid
<132>1 2025-12-17T17:49:19.277Z corporatepartnerships.info cupiditate 6661 ID119 - Hacking the firewall won't do anything, we need to index the primary RSS port!
<139>2 2025-12-17T17:49:19.277Z productsolutions.net sed 9957 ID797 - Use the back-end COM interface, then you can reboot the solid state capacitor!
<53>1 2025-12-17T17:49:19.277Z customerreinvent.name eum 5537 ID250 - The TCP bandwidth is down, navigate the mobile bandwidth so we can hack the FTP interface!
<86>2 2025-12-17T17:49:19.277Z customertechnologies.name enim 2552 ID107 - Try to hack the PCI interface, maybe it will bypass the auxiliary card!
<86>1 2025-12-17T17:49:43Z humanunleash.name neque 9707 ID934 - user=matthew_gibson_lopez password=eNeYfmWsSB status=invalid
<180>1 2025-12-17T17:49:19.277Z globalkiller.io nesciunt 4707 ID403 - The GB protocol is down, generate the mobile firewall so we can bypass the AGP circuit!
<86>1 2025-12-17T17:49:47Z humanunleash.name neque 9707 ID934 - user=samantha_vivanco password=WinO8HcW3HLVr status=invalid
<168>2 2025-12-17T17:49:19.277Z chiefintegrate.com est 9373 ID812 - You can't back up the feed without calculating the bluetooth CSS system!
<76>2 2025-12-17T17:49:19.277Z directleverage.io dolor 4886 ID69 - Use the auxiliary EXE driver, then you can synthesize the optical pixel!
<67>2 2025-12-17T17:49:19.277Z regionalmatrix.biz ipsum 7864 ID654 - If we back up the bus, we can get to the AGP monitor through the solid state SMTP interface!
<146>2 2025-12-17T17:49:19.277Z futureschemas.io facilis 308 ID628 - Use the redundant SAS monitor, then you can back up the back-end transmitter!
<7>2 2025-12-17T17:49:19.277Z nationale-commerce.biz odit 6885 ID516 - You can't parse the hard drive without indexing the back-end HTTP card!
<178>3 2025-12-17T17:49:19.277Z centralrobust.net et 9651 ID168 - Parsing the system won't do anything, we need to hack the mobile PNG matrix!
<8>1 2025-12-17T17:49:19.277Z forwardstreamline.info cumque 5513 ID306 - Use the wireless GB driver, then you can input the wireless system!
<92>1 2025-12-17T17:49:19.277Z dynamicexploit.com ut 6727 ID471 - Use the multi-byte USB protocol, then you can transmit the primary program!
<54>2 2025-12-17T17:49:19.277Z customerschemas.com sit 9572 ID843 - If we synthesize the circuit, we can get to the RAM firewall through the cross-platform XML feed!
<86>1 2025-12-17T17:49:51Z humanunleash.name neque 9707 ID934 - user=john_heaps password=MjHa2NwtcE9i status=invalid
<86>1 2025-12-17T17:49:56Z humanunleash.name neque 9707 ID934 - user=drew_day password=tZsecTOSdBIN status=invalid
<114>1 2025-12-17T17:49:19.277Z centraltarget.net fuga 6069 ID984 - You can't reboot the alarm without overriding the 1080p FTP circuit!
<86>1 2025-12-17T17:49:59Z humanunleash.name neque 9707 ID934 - user=martin_benavides password=j97xc27C status=invalid
<175>1 2025-12-17T17:49:19.277Z globalintegrated.name et 5837 ID12 - The ADP transmitter is down, navigate the digital system so we can program the JSON card!
<92>2 2025-12-17T17:49:19.277Z nationalworld-class.name quam 2921 ID438 - I'Ll synthesize the primary JSON bandwidth, that should program the RAM port!
<83>3 2025-12-17T17:49:19.277Z dynamicleverage.com error 4519 ID44 - We need to generate the bluetooth HTTP array!
<86>1 2025-12-17T17:50:00Z humanunleash.name neque 9707 ID934 - user=sam_silvestro password=s6js0nxudajekm status=invalid
<86>1 2025-12-17T17:50:04Z humanunleash.name neque 9707 ID934 - user=khalid_galal password=1dcijEcD status=invalid
<163>1 2025-12-17T17:49:19.277Z regionalout-of-the-box.net ducimus 1674 ID437 - Use the mobile SMS bandwidth, then you can navigate the optical panel!
<187>2 2025-12-17T17:49:19.277Z seniorfunctionalities.biz harum 1171 ID245 - If we override the firewall, we can get to the PCI interface through the bluetooth HDD application!
<69>1 2025-12-17T17:49:19.277Z internationaldeliverables.com minus 2848 ID931 - Try to override the PCI hard drive, maybe it will hack the open-source monitor!
<86>1 2025-12-17T17:50:06Z humanunleash.name neque 9707 ID934 - user=will_dedominico password=2Alj7LgBAAbp status=invalid
<19>2 2025-12-17T17:49:19.277Z corporatevertical.org velit 4347 ID157 - Try to compress the XSS feed, maybe it will compress the solid state panel!
<6>3 2025-12-17T17:49:19.277Z humanrevolutionary.net maiores 969 ID36 - Try to parse the RSS panel, maybe it will index the virtual circuit!
<179>3 2025-12-17T17:49:19.277Z dynamicrevolutionize.net ipsa 8821 ID620 - We need to navigate the haptic RSS bus!
<140>1 2025-12-17T17:49:19.277Z globalimplement.net vel 6573 ID518 - Use the haptic COM program, then you can transmit the neural monitor!
<86>1 2025-12-17T17:50:10Z humanunleash.name neque 9707 ID934 - user=mahi_mohashin password=8RkgYRNsQ status=invalid
<86>1 2025-12-17T17:50:12Z humanunleash.name neque 9707 ID934 - user=keith_harrison password=vpe6zVp7y status=invalid
<189>3 2025-12-17T17:49:19.277Z directutilize.org dolor 9790 ID989 - I'Ll hack the primary PNG card, that should hard drive the SMTP driver!
<59>2 2025-12-17T17:49:19.277Z chiefb2b.net ratione 8809 ID53 - Use the virtual AI array, then you can override the cross-platform transmitter!
<34>1 2025-12-17T17:49:19.277Z principalglobal.info quo 7188 ID502 - If we hack the card, we can get to the THX driver through the redundant RSS monitor!
<16>2 2025-12-17T17:49:19.277Z centraldeliverables.info officiis 1625 ID79 - The SMS card is down, parse the virtual hard drive so we can transmit the HTTP bandwidth!
<173>3 2025-12-17T17:49:19.277Z legacymorph.name voluptatem 4954 ID874 - Use the solid state FTP card, then you can copy the optical microchip!
<86>1 2025-12-17T17:50:14Z humanunleash.name neque 9707 ID934 - user=martin_benavides password=NKt3oojGhmQO status=invalid
<86>1 2025-12-17T17:50:18Z humanunleash.name neque 9707 ID934 - user=arnon_kenny password=ZdkCrBi855oK status=invalid
<86>1 2025-12-17T17:50:23Z humanunleash.name neque 9707 ID934 - user=murtuza_jadliwala password=QxDdeswX status=invalid
<160>3 2025-12-17T17:49:19.277Z nationale-services.com dolores 2383 ID280 - Programming the bus won't do anything, we need to index the optical SMS protocol!
<52>2 2025-12-17T17:49:19.277Z seniorrecontextualize.info dolor 7911 ID555 - Try to quantify the RAM pixel, maybe it will compress the 1080p system!
<178>3 2025-12-17T17:49:19.277Z principalunleash.info rem 9979 ID479 - Indexing the hard drive won't do anything, we need to copy the back-end IB port!
<96>3 2025-12-17T17:49:19.277Z internationalapplications.io magni 5749 ID644 - Generating the monitor won't do anything, we need to hack the redundant JSON bandwidth!
<43>3 2025-12-17T17:49:19.277Z humanenterprise.net aspernatur 4785 ID940 - If we compress the card, we can get to the USB feed through the neural SSL application!
<63>3 2025-12-17T17:49:19.277Z humanone-to-one.net non 8096 ID169 - I'Ll copy the redundant RSS card, that should port the ADP capacitor!
<185>2 2025-12-17T17:49:19.277Z corporateimpactful.biz occaecati 4666 ID836 - Use the 1080p PCI alarm, then you can quantify the wireless monitor!
<41>3 2025-12-17T17:49:19.277Z corporate24/7.net itaque 2222 ID512 - I'Ll parse the redundant AI feed, that should driver the JSON bus!
<86>1 2025-12-17T17:50:26Z humanunleash.name neque 9707 ID934 - user=jacqueline_arias password=kN7MVvB6l status=invalid
<59>1 2025-12-17T17:49:19.277Z chiefexperiences.info saepe 339 ID525 - You can't input the alarm without parsing the 1080p CSS bus!
<86>1 2025-12-17T17:50:29Z humanunleash.name neque 9707 ID934 - user=eric_lee password=Dv7CemOAIf42L status=invalid
<86>1 2025-12-17T17:50:31Z humanunleash.name neque 9707 ID934 - user=dyshana_torres_rivera password=0UQk1FCQi7mN1 status=invalid
<114>1 2025-12-17T17:49:19.277Z globalbest-of-breed.io voluptatem 8903 ID604 - The RAM bus is down, reboot the optical array so we can input the FTP firewall!
<45>1 2025-12-17T17:49:19.277Z directenvisioneer.name qui 2304 ID311 - I'Ll calculate the wireless HTTP transmitter, that should microchip the PCI circuit!
<49>2 2025-12-17T17:49:19.277Z chiefextensible.info qui 6357 ID84 - Try to bypass the TCP hard drive, maybe it will index the wireless bandwidth!
<123>1 2025-12-17T17:49:19.277Z seniormarkets.com dolores 8052 ID387 - Use the multi-byte SDD monitor, then you can back up the virtual program!
<94>1 2025-12-17T17:49:19.277Z corporaterecontextualize.net et 1589 ID230 - Use the online AI circuit, then you can navigate the neural panel!
<86>1 2025-12-17T17:50:34Z humanunleash.name neque 9707 ID934 - user=will_dedominico password=m67oQJDtbrfG1 status=invalid
<86>1 2025-12-17T17:50:35Z humanunleash.name neque 9707 ID934 - user=drew_day password=h2Se3Ywn5hI60 status=invalid
<115>2 2025-12-17T17:49:19.277Z chiefiterate.info neque 4870 ID337 - I'Ll navigate the solid state HTTP circuit, that should pixel the XSS port!
<86>1 2025-12-17T17:50:38Z humanunleash.name neque 9707 ID934 - user=dyshana_torres_rivera password=0YOWT4VmOR status=invalid
<81>1 2025-12-17T17:49:19.277Z investorinnovative.com aut 5700 ID329 - Use the wireless EXE port, then you can program the back-end alarm!
<126>1 2025-12-17T17:49:19.277Z dynamicembrace.biz doloremque 4770 ID735 - If we quantify the hard drive, we can get to the JBOD driver through the solid state TCP microchip!
<51>2 2025-12-17T17:49:19.277Z humancross-media.io quibusdam 4286 ID714 - Navigating the driver won't do anything, we need to back up the open-source ADP protocol!
<86>1 2025-12-17T17:50:43Z humanunleash.name neque 9707 ID934 - user=matthew_gibson_lopez password=TQGlluWLM status=invalid
<113>2 2025-12-17T17:49:19.277Z corporatevertical.name velit 3107 ID472 - Bypassing the hard drive won't do anything, we need to index the 1080p ADP program!
<129>1 2025-12-17T17:49:19.277Z leadcultivate.org voluptas 4404 ID320 - The USB transmitter is down, quantify the back-end transmitter so we can parse the THX system!
<12>1 2025-12-17T17:49:19.277Z principalvisionary.info qui 145 ID280 - Use the virtual USB monitor, then you can copy the solid state hard drive!
<86>1 2025-12-17T17:50:45Z humanunleash.name neque 9707 ID934 - user=tonya password=cRPxNDQi4C status=invalid
<86>1 2025-12-17T17:50:48Z humanunleash.name neque 9707 ID934 - user=matthew_gibson_lopez password=m7zAA6aX status=invalid
<40>3 2025-12-17T17:49:19.277Z directvisionary.info saepe 4316 ID448 - We need to navigate the digital SSL system!
<105>2 2025-12-17T17:49:19.277Z customerend-to-end.com natus 9538 ID261 - I'Ll back up the redundant CSS microchip, that should card the IB port!
<56>1 2025-12-17T17:49:19.277Z principalout-of-the-box.com dolores 8833 ID778 - I'Ll bypass the 1080p AGP microchip, that should program the HTTP port!
<122>3 2025-12-17T17:49:19.277Z forwardincentivize.info eum 6588 ID917 - Use the optical THX microchip, then you can calculate the virtual port!
<152>1 2025-12-17T17:49:19.277Z chiefmindshare.net deserunt 1881 ID894 - The XSS monitor is down, back up the primary protocol so we can reboot the HTTP monitor!
<71>3 2025-12-17T17:49:19.277Z globalincubate.name iste 8590 ID223 - You can't generate the port without parsing the virtual ADP array!
<93>2 2025-12-17T17:49:19.277Z dynamicmagnetic.com eum 7689 ID253 - I'Ll quantify the cross-platform SAS pixel, that should capacitor the RAM transmitter!
<68>2 2025-12-17T17:49:19.277Z dynamicbrand.name nesciunt 405 ID685 - We need to program the open-source PCI capacitor!
<145>3 2025-12-17T17:49:19.277Z corporateextend.net non 7213 ID20 - The PCI alarm is down, connect the neural protocol so we can connect the THX capacitor!
<42>1 2025-12-17T17:49:19.277Z investorstreamline.biz similique 5910 ID149 - Parsing the bus won't do anything, we need to bypass the redundant AI monitor!
<89>2 2025-12-17T17:49:19.277Z regionalcompelling.name fugit 6408 ID549 - Quantifying the monitor won't do anything, we need to bypass the 1080p HTTP panel!
<140>1 2025-12-17T17:49:19.277Z corporatecross-media.name possimus 435 ID74 - Use the cross-platform SSL card, then you can program the primary hard drive!
<86>1 2025-12-17T17:50:52Z humanunleash.name neque 9707 ID934 - user=rajkumar_banoth password=Q55JWwEE status=invalid
<29>2 2025-12-17T17:49:19.277Z futurewireless.biz velit 5523 ID910 - Use the neural SCSI microchip, then you can override the solid state transmitter!
<86>1 2025-12-17T17:50:57Z humanunleash.name neque 9707 ID934 - user=john_heaps password=cmpmnh0Mlmx status=invalid
<112>2 2025-12-17T17:49:19.277Z corporateengage.biz et 1792 ID151 - The SCSI protocol is down, generate the solid state transmitter so we can reboot the SMS hard drive!
<9>3 2025-12-17T17:49:19.277Z productreinvent.io eum 1914 ID680 - Try to quantify the COM port, maybe it will hack the optical array!
<59>1 2025-12-17T17:49:19.277Z leadreintermediate.net sint 310 ID988 - If we transmit the interface, we can get to the THX protocol through the virtual CSS microchip!
<86>1 2025-12-17T17:51:00Z humanunleash.name neque 9707 ID934 - user=samantha_vivanco password=p8EA7ni9GSxzhR status=invalid
<189>1 2025-12-17T17:49:19.277Z corporatestrategize.net aspernatur 3031 ID439 - You can't compress the card without generating the auxiliary EXE interface!
<139>3 2025-12-17T17:49:19.277Z forwardseamless.org sit 1204 ID888 - Transmitting the hard drive won't do anything, we need to bypass the bluetooth JSON protocol!
<86>1 2025-12-17T17:51:02Z humanunleash.name neque 9707 ID934 - user=sam_silvestro password=PEK2wTdBGrZ2 status=invalid
<86>1 2025-12-17T17:51:05Z humanunleash.name neque 9707 ID934 - user=nathaniel_farmer password=HbxUbHxn0b status=invalid
<141>2 2025-12-17T17:49:19.277Z internationalharness.name perferendis 7655 ID436 - You can't parse the monitor without copying the bluetooth XML sensor!
<87>1 2025-12-17T17:49:19.277Z dynamicengineer.org nostrum 1784 ID121 - Parsing the application won't do anything, we need to transmit the 1080p HDD pixel!
<86>1 2025-12-17T17:51:08Z humanunleash.name neque 9707 ID934 - user=gabriel_green password=mZRQ07o8YkI status=invalid
<86>1 2025-12-17T17:51:09Z humanunleash.name neque 9707 ID934 - user=samuel_stone password=z2tsjSFS4rr status=invalid
<86>1 2025-12-17T17:51:11Z humanunleash.name neque 9707 ID934 - user=sam_silvestro password=9lftrvBy9m1h status=invalid
<86>1 2025-12-17T17:51:15Z humanunleash.name neque 9707 ID934 - user=will_dedominico password=qjgfopQsnuLk status=invalid
<179>1 2025-12-17T17:49:19.277Z regionalmodels.com soluta 9766 ID176 - We need to parse the virtual PNG circuit!
<51>1 2025-12-17T17:49:19.277Z humaniterate.org eum 318 ID51 - Use the mobile SAS bus, then you can hack the digital hard drive!
<119>3 2025-12-17T17:49:19.277Z chiefvirtual.info rem 1039 ID977 - Try to transmit the XSS firewall, maybe it will bypass the online microchip!
<28>3 2025-12-17T17:49:19.277Z regionalinitiatives.biz commodi 3244 ID66 - If we reboot the bus, we can get to the RAM microchip through the online SMTP card!
<86>1 2025-12-17T17:51:18Z humanunleash.name neque 9707 ID934 - user=arnon_kenny password=M37xqAPogo8 status=invalid
<165>3 2025-12-17T17:49:19.277Z customerempower.net commodi 999 ID140 - The GB application is down, back up the optical driver so we can back up the GB array!
<83>3 2025-12-17T17:49:19.277Z leadusers.org ea 3998 ID916 - I'Ll copy the haptic RAM card, that should port the SQL application!
<86>1 2025-12-17T17:51:23Z humanunleash.name neque 9707 ID934 - user=dyshana_torres_rivera password=mus9o8mtN status=invalid
<53>3 2025-12-17T17:49:19.277Z legacydot-com.org rem 4221 ID412 - Use the open-source JBOD port, then you can input the solid state bandwidth!
<86>1 2025-12-17T17:51:28Z humanunleash.name neque 9707 ID934 - user=curran_hill password=y6hp3QYVA4WhT status=invalid
<86>1 2025-12-17T17:51:32Z humanunleash.name neque 9707 ID934 - user=joshua_silva password=zP8qyckXa0 status=invalid
<74>3 2025-12-17T17:49:19.277Z principalb2c.com expedita 1692 ID419 - Use the wireless SMS microchip, then you can input the open-source system!
<151>1 2025-12-17T17:49:19.277Z internalsystems.name ut 3880 ID353 - Programming the alarm won't do anything, we need to generate the cross-platform AGP system!
<189>1 2025-12-17T17:49:19.277Z legacybrand.net aut 9633 ID323 - We need to reboot the back-end XML panel!
<38>2 2025-12-17T17:49:19.277Z legacyinfomediaries.net ipsum 9002 ID418 - Try to hack the PNG port, maybe it will synthesize the online panel!
<124>2 2025-12-17T17:49:19.277Z humanubiquitous.com omnis 6774 ID547 - Transmitting the application won't do anything, we need to index the digital SQL port!
<86>1 2025-12-17T17:51:34Z humanunleash.name neque 9707 ID934 - user=tonya password=UwaNVOe6R status=invalid
<94>2 2025-12-17T17:49:19.277Z dynamicenhance.io dignissimos 2259 ID585 - I'Ll copy the multi-byte ADP program, that should array the SAS interface!
<27>2 2025-12-17T17:49:19.277Z centrale-services.com est 7651 ID540 - If we compress the bandwidth, we can get to the XML array through the neural HDD sensor!
<86>1 2025-12-17T17:51:38Z humanunleash.name neque 9707 ID934 - user=rajkumar_banoth password=D0N2LJ8vptuE status=invalid
<125>3 2025-12-17T17:49:19.277Z centralexperiences.org repudiandae 536 ID718 - If we back up the driver, we can get to the SMTP firewall through the online SMS array!
<77>3 2025-12-17T17:49:19.277Z humandynamic.io repellendus 1726 ID880 - I'Ll transmit the haptic HTTP transmitter, that should microchip the ADP capacitor!
<14>3 2025-12-17T17:49:19.277Z principalfrictionless.info quasi 3848 ID748 - We need to navigate the redundant PNG panel!
<55>1 2025-12-17T17:49:19.277Z chiefworld-class.net nam 107 ID637 - Use the back-end RSS feed, then you can compress the virtual application!
<102>3 2025-12-17T17:49:19.277Z principalcutting-edge.io velit 5090 ID314 - If we override the capacitor, we can get to the SMTP application through the redundant SMTP program!
<86>1 2025-12-17T17:51:39Z humanunleash.name neque 9707 ID934 - user=eric_lee password=M5SnvPMPJi84i status=invalid
<189>3 2025-12-17T17:49:19.277Z centralcross-media.name quia 1945 ID816 - If we navigate the array, we can get to the JSON panel through the optical SAS monitor!
<86>1 2025-12-17T17:51:44Z humanunleash.name neque 9707 ID934 - user=curran_hill password=DwrIrVlVN9 status=invalid
<61>2 2025-12-17T17:49:19.277Z forwardreal-time.org quibusdam 5321 ID554 - I'Ll generate the digital HTTP sensor, that should driver the SDD alarm!
<86>1 2025-12-17T17:51:47Z humanunleash.name neque 9707 ID934 - user=timothy_yuen password=XJwL8qbut status=invalid
<131>3 2025-12-17T17:49:19.277Z dynamic24/365.info facere 6834 ID390 - The RAM bandwidth is down, program the solid state bandwidth so we can quantify the THX capacitor!
<0>3 2025-12-17T17:49:19.277Z leadopen-source.net quod 2660 ID452 - I'Ll program the open-source CSS card, that should driver the COM system!
<8>1 2025-12-17T17:49:19.277Z directone-to-one.com et 5582 ID136 - If we override the sensor, we can get to the SAS pixel through the auxiliary CSS protocol!
<12>2 2025-12-17T17:49:19.277Z customerbrand.biz vel 3151 ID746 - We need to connect the auxiliary EXE monitor!
<106>3 2025-12-17T17:49:19.277Z principalwireless.org fuga 2036 ID334 - Use the optical COM program, then you can hack the open-source program!
<57>1 2025-12-17T17:49:19.277Z humancollaborative.com et 2672 ID399 - Bypassing the monitor won't do anything, we need to synthesize the open-source CSS firewall!
<86>1 2025-12-17T17:51:49Z humanunleash.name neque 9707 ID934 - user=ke_yang password=Ovq8ilxJ status=invalid
<70>1 2025-12-17T17:49:19.277Z globalinnovate.com possimus 4456 ID936 - I'Ll navigate the optical RSS card, that should transmitter the SMS pixel!
<135>1 2025-12-17T17:49:19.277Z futuregrow.info sint 7292 ID737 - The ADP transmitter is down, override the back-end capacitor so we can index the PCI bandwidth!
<7>3 2025-12-17T17:49:19.277Z internationalsexy.info quis 4613 ID64 - I'Ll generate the auxiliary AGP matrix, that should interface the AI driver!
<86>1 2025-12-17T17:51:50Z humanunleash.name neque 9707 ID934 - user=timothy_yuen password=m0FsAn6XCI status=invalid
<171>1 2025-12-17T17:49:19.277Z centralclicks-and-mortar.org vel 6827 ID557 - If we override the application, we can get to the EXE monitor through the optical HTTP circuit!
<86>1 2025-12-17T17:51:51Z humanunleash.name neque 9707 ID934 - user=drew_day password=Ne1l2e3BFLArS status=invalid
<188>3 2025-12-17T17:49:19.277Z customer24/365.info excepturi 7204 ID10 - You can't reboot the hard drive without synthesizing the back-end XML hard drive!
<162>2 2025-12-17T17:49:19.277Z seniorniches.name quam 3016 ID29 - The SSL port is down, bypass the mobile transmitter so we can connect the SMS alarm!
<86>1 2025-12-17T17:51:56Z humanunleash.name neque 9707 ID934 - user=samantha_vivanco password=WZDE0hhAy7 status=invalid
<120>1 2025-12-17T17:49:19.277Z leadfunctionalities.name reprehenderit 1209 ID1 - Use the optical USB firewall, then you can reboot the neural alarm!
<13>3 2025-12-17T17:49:19.277Z chiefroi.name eos 3177 ID590 - Try to program the SMTP circuit, maybe it will input the back-end alarm!
<86>1 2025-12-17T17:52:01Z humanunleash.name neque 9707 ID934 - user=rajkumar_banoth password=EGW8GsfQJB8 status=invalid
<86>1 2025-12-17T17:52:06Z humanunleash.name neque 9707 ID934 - user=hailey_muniz password=iTmvCYjmJ status=invalid
<86>1 2025-12-17T17:52:08Z humanunleash.name neque 9707 ID934 - user=xiaoyin_wang password=0ii0KIlKSRZ status=invalid
<34>1 2025-12-17T17:49:19.277Z customerpartnerships.org molestiae 4855 ID541 - Try to compress the FTP system, maybe it will index the bluetooth matrix!
<114>3 2025-12-17T17:49:19.277Z direct24/7.biz dolores 3713 ID896 - If we copy the driver, we can get to the HDD hard drive through the mobile SMS alarm!
<92>1 2025-12-17T17:49:19.277Z directnext-generation.org ipsa 4611 ID179 - If we parse the application, we can get to the SDD monitor through the mobile HDD system!
<27>1 2025-12-17T17:49:19.277Z seniorimplement.io laboriosam 7815 ID793 - You can't navigate the application without generating the back-end HDD bus!
<109>3 2025-12-17T17:49:19.277Z corporateapplications.biz quos 9263 ID286 - The THX system is down, copy the solid state card so we can navigate the JSON program!
<34>2 2025-12-17T17:49:19.277Z seniordeploy.biz occaecati 559 ID323 - The FTP hard drive is down, reboot the auxiliary feed so we can reboot the XSS circuit!
<72>2 2025-12-17T17:49:19.277Z internationale-markets.org fugiat 1025 ID37 - You can't generate the system without synthesizing the open-source SMS port!
<166>2 2025-12-17T17:49:19.277Z legacygranular.biz at 2754 ID757 - We need to back up the cross-platform XSS interface!
<9>1 2025-12-17T17:49:19.277Z legacysynthesize.net adipisci 6685 ID888 - The SSL hard drive is down, hack the neural monitor so we can override the RSS application!
<90>3 2025-12-17T17:49:19.277Z internationalvirtual.info illum 9297 ID335 - I'Ll transmit the bluetooth PNG monitor, that should feed the AI microchip!
<21>1 2025-12-17T17:49:19.277Z legacyholistic.net aut 4114 ID294 - If we transmit the microchip, we can get to the AGP feed through the neural EXE panel!
<115>2 2025-12-17T17:49:19.277Z leadpartnerships.net ut 1909 ID734 - Synthesizing the port won't do anything, we need to transmit the optical TCP bandwidth!
<125>3 2025-12-17T17:49:19.277Z dynamicend-to-end.io consequatur 9696 ID18 - We need to calculate the cross-platform JBOD driver!
<149>3 2025-12-17T17:49:19.277Z regionalleverage.biz dicta 825 ID655 - We need to generate the digital JBOD bandwidth!
<86>1 2025-12-17T17:52:12Z humanunleash.name neque 9707 ID934 - user=keith_harrison password=XFSEvjb2P status=invalid
<27>1 2025-12-17T17:49:19.277Z customerbricks-and-clicks.name temporibus 8630 ID182 - Backing up the circuit won't do anything, we need to synthesize the online SSL driver!
<123>2 2025-12-17T17:49:19.277Z futurerevolutionize.org autem 6279 ID182 - If we navigate the interface, we can get to the SCSI protocol through the auxiliary FTP program!
<56>1 2025-12-17T17:49:19.277Z productmorph.name sapiente 9504 ID737 - If we quantify the interface, we can get to the JSON application through the auxiliary HTTP application!
<86>1 2025-12-17T17:52:16Z humanunleash.name neque 9707 ID934 - user=joshua_silva password=LRaKiDEM0IIqst status=invalid
<29>3 2025-12-17T17:49:19.277Z dynamicdeploy.info consectetur 8344 ID186 - I'Ll copy the multi-byte SMTP protocol, that should microchip the RAM firewall!
<86>1 2025-12-17T17:52:19Z humanunleash.name neque 9707 ID934 - user=samuel_stone password=l1tzQTrcoMQ status=invalid
<86>1 2025-12-17T17:52:20Z humanunleash.name neque 9707 ID934 - user=judith_infante password=HmLJK3PxHcq status=invalid
<85>1 2025-12-17T17:49:19.277Z corporatevalue-added.biz omnis 1701 ID870 - We need to navigate the neural SAS alarm!
<86>1 2025-12-17T17:52:24Z humanunleash.name neque 9707 ID934 - user=judith_infante password=EZTrpLmE1BV6 status=invalid
<86>1 2025-12-17T17:52:28Z humanunleash.name neque 9707 ID934 - user=xiaoyin_wang password=R1lu4RJ7hd status=invalid
<186>3 2025-12-17T17:49:19.277Z customerapplications.net dicta 8415 ID664 - The FTP system is down, override the digital capacitor so we can calculate the ADP microchip!
<125>1 2025-12-17T17:49:19.277Z directembrace.com et 8190 ID315 - Copying the capacitor won't do anything, we need to index the solid state SAS bandwidth!
<24>2 2025-12-17T17:49:19.277Z investorsolutions.name excepturi 2000 ID402 - I'Ll connect the cross-platform RSS matrix, that should bus the GB hard drive!
<116>1 2025-12-17T17:49:19.277Z dynamicuser-centric.biz ea 3455 ID942 - You can't bypass the array without calculating the auxiliary THX microchip!
<64>3 2025-12-17T17:49:19.277Z productb2b.net totam 4812 ID476 - We need to input the primary HTTP capacitor!
<138>1 2025-12-17T17:49:19.277Z legacynetworks.com voluptatibus 5183 ID525 - Use the virtual USB capacitor, then you can quantify the back-end firewall!
<68>3 2025-12-17T17:49:19.277Z internationalseamless.name adipisci 2839 ID190 - If we input the driver, we can get to the JBOD circuit through the virtual XML alarm!
<76>1 2025-12-17T17:49:19.277Z humanseamless.io est 468 ID767 - The PNG panel is down, index the cross-platform feed so we can bypass the RAM monitor!
<86>1 2025-12-17T17:52:29Z humanunleash.name neque 9707 ID934 - user=ke_yang password=D9WYAF8QElz status=invalid
<86>1 2025-12-17T17:52:30Z humanunleash.name neque 9707 ID934 - user=turgay_korkmaz password=LYHnriupS status=invalid
<37>3 2025-12-17T17:49:19.277Z dynamicsynergistic.info et 6163 ID383 - Use the 1080p HTTP bandwidth, then you can bypass the cross-platform interface!
<60>2 2025-12-17T17:49:19.277Z regionalincentivize.com et 373 ID99 - We need to reboot the wireless SMS feed!
<86>1 2025-12-17T17:52:32Z humanunleash.name neque 9707 ID934 - user=hailey_muniz password=SllO5l7w status=invalid
<43>2 2025-12-17T17:49:19.277Z customerrevolutionary.com quidem 1651 ID25 - You can't hack the card without navigating the multi-byte USB monitor!
<95>1 2025-12-17T17:49:19.277Z corporatecollaborative.name dolorem 5460 ID888 - Try to bypass the EXE bandwidth, maybe it will compress the open-source matrix!
<124>1 2025-12-17T17:49:19.277Z centralembrace.net dolorem 820 ID887 - Backing up the panel won't do anything, we need to copy the solid state RAM monitor!
<35>2 2025-12-17T17:49:19.277Z forwarde-markets.biz et 58 ID41 - Use the 1080p EXE hard drive, then you can connect the mobile interface!
<135>2 2025-12-17T17:49:19.277Z principaldisintermediate.com debitis 45 ID613 - You can't synthesize the firewall without synthesizing the mobile SCSI pixel!
<86>1 2025-12-17T17:52:35Z humanunleash.name neque 9707 ID934 - user=nathaniel_farmer password=lbu2OQvtIGlg status=invalid
<142>3 2025-12-17T17:49:19.277Z globalwireless.net beatae 9490 ID981 - I'Ll index the auxiliary RSS firewall, that should microchip the AI port!
<86>1 2025-12-17T17:52:37Z humanunleash.name neque 9707 ID934 - user=mahi_mohashin password=dct5lpSbMo status=invalid
<160>1 2025-12-17T17:49:19.277Z dynamicredefine.name nemo 1555 ID782 - You can't quantify the feed without overriding the multi-byte PNG port!
<80>2 2025-12-17T17:49:19.277Z globalwireless.info in 4129 ID817 - If we connect the hard drive, we can get to the XSS card through the mobile SDD alarm!
<33>3 2025-12-17T17:49:19.277Z legacyend-to-end.org porro 6639 ID188 - The GB port is down, back up the back-end firewall so we can compress the ADP alarm!
<145>3 2025-12-17T17:49:19.277Z districtarchitectures.biz vero 9637 ID355 - The XSS bus is down, copy the wireless alarm so we can quantify the AGP array!
<29>3 2025-12-17T17:49:19.277Z productintuitive.io ducimus 9054 ID140 - Quantifying the capacitor won't do anything, we need to compress the virtual SAS pixel!
<78>3 2025-12-17T17:49:19.277Z regionalmission-critical.biz impedit 5227 ID376 - I'Ll bypass the digital RSS pixel, that should interface the GB program!
<86>1 2025-12-17T17:52:41Z humanunleash.name neque 9707 ID934 - user=murtuza_jadliwala password=9RbZC9tK0GRVjK status=invalid
<160>1 2025-12-17T17:49:19.277Z seniore-tailers.com aut 4653 ID941 - If we calculate the feed, we can get to the XML pixel through the haptic SQL alarm!
<24>1 2025-12-17T17:49:19.277Z legacyexperiences.name repellendus 4192 ID978 - Parsing the alarm won't do anything, we need to copy the mobile IB pixel!
<86>1 2025-12-17T17:52:42Z humanunleash.name neque 9707 ID934 - user=khalid_galal password=RmvxgdRGgUWn status=invalid
<173>2 2025-12-17T17:49:19.277Z humanstrategize.name repellendus 3074 ID176 - You can't quantify the system without bypassing the neural IB application!
<100>1 2025-12-17T17:49:19.277Z customerend-to-end.name sed 8764 ID206 - If we transmit the hard drive, we can get to the HDD port through the primary ADP bandwidth!
<86>1 2025-12-17T17:52:47Z humanunleash.name neque 9707 ID934 - user=hailey_muniz password=NAh7CWLsE status=invalid
<98>1 2025-12-17T17:49:19.277Z futurecross-platform.net doloribus 180 ID460 - Connecting the pixel won't do anything, we need to input the auxiliary JSON capacitor!
<1>1 2025-12-17T17:49:19.277Z chiefefficient.name necessitatibus 9387 ID254 - The SAS firewall is down, parse the mobile microchip so we can copy the USB transmitter!
<83>2 2025-12-17T17:49:19.277Z futureinfrastructures.biz qui 1091 ID186 - Use the bluetooth HTTP port, then you can program the bluetooth panel!
<178>1 2025-12-17T17:49:19.277Z legacyvirtual.org non 4114 ID626 - Try to index the USB transmitter, maybe it will hack the bluetooth pixel!
<126>3 2025-12-17T17:49:19.277Z futurescale.biz corrupti 2832 ID565 - Use the bluetooth SAS microchip, then you can back up the virtual monitor!
<142>2 2025-12-17T17:49:19.277Z leadsexy.net ad 4127 ID769 - We need to parse the multi-byte THX microchip!
<109>2 2025-12-17T17:49:19.277Z futureinfrastructures.biz aut 540 ID975 - You can't quantify the card without calculating the neural GB alarm!
<180>3 2025-12-17T17:49:19.277Z internationalsynergies.io molestias 3086 ID143 - Try to back up the SDD pixel, maybe it will copy the back-end array!
<46>1 2025-12-17T17:49:19.277Z leaddrive.name dolor 803 ID554 - The SSL firewall is down, quantify the auxiliary card so we can bypass the SMTP port!
<37>1 2025-12-17T17:49:19.277Z humanglobal.com labore 1974 ID568 - Try to index the SDD system, maybe it will index the wireless transmitter!
<124>1 2025-12-17T17:49:19.277Z humanexploit.biz rem 7259 ID457 - You can't transmit the matrix without compressing the 1080p XSS application!
<3>3 2025-12-17T17:49:19.277Z districttransition.io illum 6832 ID533 - I'Ll override the open-source SSL alarm, that should monitor the SCSI pixel!
<36>3 2025-12-17T17:49:19.277Z directbricks-and-clicks.io autem 7620 ID875 - Try to quantify the PCI panel, maybe it will index the redundant driver!
<42>3 2025-12-17T17:49:19.277Z districtfunctionalities.net perferendis 4489 ID617 - You can't transmit the port without navigating the open-source SAS pixel!
<177>2 2025-12-17T17:49:19.277Z dynamicdeliver.io enim 32 ID623 - I'Ll override the neural XSS program, that should microchip the SAS firewall!
<92>2 2025-12-17T17:49:19.277Z senioroptimize.net porro 3558 ID885 - We need to reboot the redundant PCI panel!
<46>1 2025-12-17T17:49:19.277Z customerb2c.info architecto 5915 ID847 - You can't reboot the interface without navigating the multi-byte GB bandwidth!
<34>2 2025-12-17T17:49:19.277Z customerubiquitous.net quia 7827 ID166 - You can't program the bus without bypassing the multi-byte SDD circuit!
<86>1 2025-12-17T17:52:48Z humanunleash.name neque 9707 ID934 - user=jacqueline_yanez password=HgJ3KttfRvyeYc status=invalid
<139>2 2025-12-17T17:49:19.277Z customerscalable.biz voluptates 1862 ID750 - Use the neural SAS interface, then you can connect the back-end transmitter!
<86>1 2025-12-17T17:52:49Z humanunleash.name neque 9707 ID934 - user=jacqueline_arias password=n3NZ5XsE status=invalid
<86>1 2025-12-17T17:52:50Z humanunleash.name neque 9707 ID934 - user=turgay_korkmaz password=bzwnEeY4kB status=invalid
<187>3 2025-12-17T17:49:19.277Z chiefrelationships.info distinctio 1947 ID251 - We need to generate the virtual JBOD panel!
<85>2 2025-12-17T17:49:19.277Z internationalmarkets.io dolorem 4604 ID981 - We need to program the auxiliary CSS driver!
<185>3 2025-12-17T17:49:19.277Z humanfunctionalities.org sed 1392 ID561 - I'Ll program the bluetooth GB array, that should interface the SMTP interface!
<107>3 2025-12-17T17:49:19.277Z leadinfomediaries.org amet 3576 ID837 - I'Ll back up the digital AGP application, that should system the USB card!
<68>1 2025-12-17T17:49:19.277Z customerbenchmark.biz eos 7318 ID455 - Use the bluetooth AGP interface, then you can hack the wireless port!
<123>3 2025-12-17T17:49:19.277Z investorharness.biz quaerat 9604 ID489 - If we calculate the panel, we can get to the THX pixel through the virtual THX protocol!
<21>2 2025-12-17T17:49:19.277Z chiefinfrastructures.io recusandae 6449 ID159 - If we program the port, we can get to the ADP system through the neural SDD alarm!
<165>1 2025-12-17T17:49:19.277Z seniorsyndicate.info atque 9110 ID889 - You can't parse the application without backing up the open-source PCI transmitter!
<122>1 2025-12-17T17:49:19.277Z futuretransition.name eaque 9079 ID536 - Quantifying the driver won't do anything, we need to connect the haptic SDD feed!
<71>1 2025-12-17T17:49:19.277Z forwardenable.io pariatur 7653 ID608 - We need to override the wireless SCSI firewall!
<86>1 2025-12-17T17:52:51Z humanunleash.name neque 9707 ID934 - user=martin_benavides password=S0rAoFkJ status=invalid
<43>3 2025-12-17T17:49:19.277Z chiefintegrate.info voluptas 1109 ID359 - I'Ll index the auxiliary AGP interface, that should circuit the XSS application!
<114>3 2025-12-17T17:49:19.277Z corporateincentivize.name temporibus 3764 ID215 - Try to generate the CSS monitor, maybe it will transmit the wireless driver!
<61>1 2025-12-17T17:49:19.277Z nationalintegrate.net ipsam 553 ID593 - We need to input the redundant SAS alarm!
<146>3 2025-12-17T17:49:19.277Z senioraction-items.net quos 5380 ID856 - The CSS feed is down, navigate the cross-platform program so we can transmit the RSS card!
<3>1 2025-12-17T17:49:19.277Z directfacilitate.biz voluptates 2570 ID893 - I'Ll reboot the bluetooth AGP protocol, that should alarm the RSS application!
<6>3 2025-12-17T17:49:19.277Z seniorgranular.com omnis 4998 ID816 - Programming the firewall won't do anything, we need to override the online CSS card!
<86>1 2025-12-17T17:52:56Z humanunleash.name neque 9707 ID934 - user=jacqueline_yanez password=x9P3lvkruYo status=invalid
<71>2 2025-12-17T17:49:19.277Z dynamicopen-source.biz et 7569 ID917 - Try to parse the AI monitor, maybe it will back up the optical feed!
<86>1 2025-12-17T17:53:00Z humanunleash.name neque 9707 ID934 - user=fernanda_hernandez password=YyDhOYf5WpChas status=invalid
<127>3 2025-12-17T17:49:19.277Z nationalcross-platform.biz rerum 2869 ID773 - The HTTP monitor is down, quantify the virtual bus so we can transmit the SDD system!
<86>1 2025-12-17T17:53:03Z humanunleash.name neque 9707 ID934 - user=turgay_korkmaz password=YOW2XaCx status=invalid
<46>3 2025-12-17T17:49:19.277Z regionalfront-end.net incidunt 2394 ID51 - Try to navigate the SMS program, maybe it will parse the back-end protocol!
<86>1 2025-12-17T17:53:05Z humanunleash.name neque 9707 ID934 - user=jacqueline_yanez password=VWajKITOIJ9m status=invalid
<37>1 2025-12-17T17:49:19.277Z investorexperiences.name quos 4856 ID262 - The SMTP port is down, override the primary alarm so we can index the FTP microchip!
<59>3 2025-12-17T17:49:19.277Z investorrich.biz debitis 5462 ID663 - We need to program the optical AGP driver!
<81>2 2025-12-17T17:49:19.277Z investorclicks-and-mortar.net id 9996 ID973 - If we program the program, we can get to the ADP panel through the haptic AI microchip!
<124>2 2025-12-17T17:49:19.277Z districte-markets.org id 659 ID688 - I'Ll transmit the open-source GB sensor, that should circuit the SMS driver!
<80>3 2025-12-17T17:49:19.277Z seniormaximize.io blanditiis 7746 ID242 - If we transmit the array, we can get to the RAM program through the digital TCP protocol!
<165>1 2025-12-17T17:49:19.277Z internationalutilize.net fugit 8725 ID505 - I'Ll program the optical ADP bus, that should array the ADP monitor!
<4>1 2025-12-17T17:49:19.277Z principalnetworks.info numquam 4557 ID931 - Use the multi-byte TCP sensor, then you can copy the primary pixel!
<86>1 2025-12-17T17:53:06Z humanunleash.name neque 9707 ID934 - user=curran_hill password=20w6qvR6tIvjRX status=invalid
<159>2 2025-12-17T17:49:19.277Z regionalmatrix.info voluptatem 798 ID216 - Try to transmit the SMS array, maybe it will quantify the wireless circuit!
<149>2 2025-12-17T17:49:19.277Z districtleading-edge.biz qui 9090 ID283 - Calculating the matrix won't do anything, we need to synthesize the auxiliary EXE feed!
<107>1 2025-12-17T17:49:19.277Z productfrictionless.org sit 6163 ID140 - Use the cross-platform SCSI capacitor, then you can quantify the mobile array!
<86>1 2025-12-17T17:53:11Z humanunleash.name neque 9707 ID934 - user=eric_lee password=mpm3Mc1O9188vC status=invalid
<138>3 2025-12-17T17:49:19.277Z centralrecontextualize.io aperiam 5565 ID528 - We need to copy the neural EXE system!
<73>1 2025-12-17T17:49:19.277Z humanback-end.net necessitatibus 8238 ID188 - I'Ll parse the wireless THX feed, that should interface the JBOD matrix!
<55>1 2025-12-17T17:49:19.277Z internationalcustomized.name accusamus 6138 ID91 - If we bypass the array, we can get to the JSON transmitter through the bluetooth EXE panel!
<181>3 2025-12-17T17:49:19.277Z principalscalable.net hic 5414 ID66 - The HTTP system is down, calculate the bluetooth alarm so we can calculate the SCSI interface!
<92>1 2025-12-17T17:49:19.277Z chiefcross-media.name quis 3505 ID610 - Use the digital SCSI bus, then you can compress the auxiliary feed!
<149>3 2025-12-17T17:49:19.277Z corporategrow.net eum 8195 ID753 - We need to synthesize the auxiliary PNG circuit!
<86>1 2025-12-17T17:53:14Z humanunleash.name neque 9707 ID934 - user=timothy_yuen password=kt6K8MagZXmN status=invalid
<92>2 2025-12-17T17:49:19.277Z humanextensible.com vero 8811 ID726 - Use the online HTTP matrix, then you can override the optical bus!
<31>1 2025-12-17T17:49:19.277Z internationalmatrix.net qui 1936 ID488 - We need to index the back-end HDD sensor!
<6>2 2025-12-17T17:49:19.277Z productbenchmark.biz non 1686 ID18 - Indexing the circuit won't do anything, we need to copy the primary PNG program!
<12>1 2025-12-17T17:49:19.277Z futurebleeding-edge.net et 9594 ID942 - If we hack the bus, we can get to the THX system through the digital PNG matrix!
<86>1 2025-12-17T17:53:18Z humanunleash.name neque 9707 ID934 - user=joshua_silva password=LBI6E8FXPD status=invalid
<86>1 2025-12-17T17:53:22Z humanunleash.name neque 9707 ID934 - user=john_heaps password=k0h7H8jMKk status=invalid
<86>1 2025-12-17T17:53:23Z humanunleash.name neque 9707 ID934 - user=jacqueline_arias password=wdLG3flU4q status=invalid
<188>3 2025-12-17T17:49:19.277Z humanvortals.name iure 2571 ID539 - The THX interface is down, quantify the redundant matrix so we can reboot the TCP alarm!
<69>2 2025-12-17T17:49:19.277Z futureportals.org corporis 987 ID706 - If we input the bandwidth, we can get to the CSS protocol through the wireless GB transmitter!
<86>1 2025-12-17T17:53:25Z humanunleash.name neque 9707 ID934 - user=fernanda_hernandez password=rApjNFmPP8 status=invalid
<175>2 2025-12-17T17:49:19.277Z chiefmesh.com ad 997 ID168 - Try to back up the SMS bandwidth, maybe it will transmit the primary sensor!
<86>1 2025-12-17T17:53:29Z humanunleash.name neque 9707 ID934 - user=nathaniel_farmer password=FDAO9hWcB85Wz status=invalid
<124>3 2025-12-17T17:49:19.277Z chiefenterprise.info temporibus 5423 ID314 - If we reboot the monitor, we can get to the SDD capacitor through the multi-byte SAS transmitter!
<98>1 2025-12-17T17:49:19.277Z dynamicstrategic.net sed 8634 ID661 - I'Ll override the multi-byte JSON panel, that should application the SMTP alarm!
<80>2 2025-12-17T17:49:19.277Z futureschemas.org dignissimos 3865 ID52 - I'Ll navigate the solid state FTP system, that should application the IB alarm!
<107>1 2025-12-17T17:49:19.277Z legacyinnovate.io aut 5054 ID43 - I'Ll navigate the neural IB array, that should driver the HTTP port!
<173>2 2025-12-17T17:49:19.277Z globaldot-com.net molestias 2483 ID406 - We need to index the auxiliary COM driver!
<86>1 2025-12-17T17:53:31Z humanunleash.name neque 9707 ID934 - user=ke_yang password=GJUv9c4pQBOq status=invalid
<159>2 2025-12-17T17:49:19.277Z districtutilize.info aut 4081 ID932 - I'Ll back up the mobile COM bus, that should interface the CSS port!
<139>1 2025-12-17T17:49:19.277Z principalexperiences.io delectus 6272 ID977 - Try to parse the HTTP matrix, maybe it will reboot the virtual panel!
<8>3 2025-12-17T17:49:19.277Z seniorexploit.net fuga 5347 ID147 - Try to transmit the COM bus, maybe it will back up the virtual program!
<86>1 2025-12-17T17:53:33Z humanunleash.name neque 9707 ID934 - user=xiaoyin_wang password=ZSUFErF2zh status=invalid
<86>1 2025-12-17T17:53:34Z humanunleash.name neque 9707 ID934 - user=keith_harrison password=OQtyw5tEI status=invalid
<59>1 2025-12-17T17:49:19.277Z nationalstrategize.name non 2615 ID93 - Use the mobile AGP interface, then you can bypass the bluetooth bandwidth!
<6>1 2025-12-17T17:49:19.277Z chiefsynergistic.org vero 1051 ID459 - I'Ll quantify the optical SMTP card, that should feed the SDD feed!
