<92>Dec 17 17:49:19 kovacek7532 blanditiis[6668]: You can't hack the alarm without parsing the bluetooth SSL panel!
<65>Dec 17 17:49:19 farrell1615 dolorem[5218]: If we index the application, we can get to the PCI bandwidth through the primary SCSI array!
<92>Dec 17 17:49:21 kovacek7532 blanditiis[6668]: user=elisha_szeto password=3b1TVdv2CDQq status=rejected
<92>Dec 17 17:49:23 kovacek7532 blanditiis[6668]: user=murtuza_jadliwala password=9airSwFJ status=rejected
<92>Dec 17 17:49:26 kovacek7532 blanditiis[6668]: user=safia_basheeruddin password=tycSStkcyoz status=rejected
<179>Dec 17 17:49:19 damore1054 accusantium[1811]: I'Ll hack the redundant SAS program, that should capacitor the CSS interface!
<88>Dec 17 17:49:19 romaguera7618 dolor[5316]: You can't program the card without synthesizing the digital ADP port!
<9>Dec 17 17:49:19 collins5043 qui[6829]: You can't reboot the port without bypassing the auxiliary USB firewall!
<92>Dec 17 17:49:23 kovacek7532 blanditiis[6668]: user=hondo_limon password=8amIXDK5bx status=rejected
<145>Dec 17 17:49:19 jacobi2082 ut[9320]: I'Ll input the solid state SMTP bus, that should sensor the SSL card!
<92>Dec 17 17:49:22 kovacek7532 blanditiis[6668]: user=drew_day password=RhgvgrBW4tg2An status=rejected
<155>Dec 17 17:49:19 oreilly6230 facilis[8824]: The USB panel is down, transmit the solid state array so we can calculate the HDD firewall!
<66>Dec 17 17:49:19 stroman6476 ut[2015]: If we generate the bus, we can get to the IB monitor through the auxiliary RAM pixel!
<4>Dec 17 17:49:19 rice7608 asperiores[8129]: Use the digital PNG bandwidth, then you can override the digital matrix!
<92>Dec 17 17:49:21 kovacek7532 blanditiis[6668]: user=fardeen_bhimani password=aobEjQWP8yHKBc status=rejected
<132>Dec 17 17:49:19 emard4756 dolorem[6345]: If we hack the sensor, we can get to the SQL card through the back-end SAS hard drive!
<106>Dec 17 17:49:19 prohaska6006 quia[9097]: Try to transmit the TCP protocol, maybe it will reboot the mobile alarm!
<170>Dec 17 17:49:19 hegmann3810 enim[2709]: You can't parse the firewall without navigating the primary ADP firewall!
<127>Dec 17 17:49:19 barrows1660 voluptatem[3932]: Synthesizing the circuit won't do anything, we need to compress the haptic RAM bus!
<162>Dec 17 17:49:19 murray5243 nihil[5183]: The SMS matrix is down, synthesize the optical transmitter so we can bypass the PNG system!
<94>Dec 17 17:49:19 kris2364 consequatur[320]: Try to calculate the FTP port, maybe it will input the back-end panel!
<33>Dec 17 17:49:19 considine1100 officia[2637]: Try to generate the TCP alarm, maybe it will transmit the multi-byte transmitter!
<142>Dec 17 17:49:19 stiedemann5027 deserunt[3021]: Indexing the alarm won't do anything, we need to input the online AGP protocol!
<31>Dec 17 17:49:19 dooley5667 fugit[3110]: We need to compress the 1080p ADP monitor!
<92>Dec 17 17:49:22 kovacek7532 blanditiis[6668]: user=blessy password=Q85THEPkx1 status=rejected
<9>Dec 17 17:49:19 kiehn2485 error[1796]: We need to transmit the multi-byte GB program!
<133>Dec 17 17:49:19 gulgowski1670 impedit[1348]: The RAM card is down, synthesize the 1080p capacitor so we can quantify the SQL application!
<156>Dec 17 17:49:19 altenwerth5140 non[1727]: Try to compress the AI array, maybe it will program the back-end alarm!
<47>Dec 17 17:49:19 haag8372 autem[523]: Try to synthesize the USB alarm, maybe it will index the open-source card!
<50>Dec 17 17:49:19 aufderhar7621 ipsa[6874]: Synthesizing the port won't do anything, we need to navigate the cross-platform PNG microchip!
<143>Dec 17 17:49:19 wiza8801 asperiores[4933]: Try to connect the SQL card, maybe it will back up the primary pixel!
<108>Dec 17 17:49:19 veum5631 autem[3635]: The CSS card is down, copy the auxiliary program so we can navigate the PNG driver!
<78>Dec 17 17:49:19 jaskolski1753 eos[3381]: Try to synthesize the JSON pixel, maybe it will compress the optical feed!
<92>Dec 17 17:49:22 kovacek7532 blanditiis[6668]: user=rajendra_boppana password=HkNrJcRCw status=rejected
<154>Dec 17 17:49:19 eichmann7447 neque[8107]: If we connect the alarm, we can get to the TCP feed through the virtual AGP monitor!
<92>Dec 17 17:49:23 kovacek7532 blanditiis[6668]: user=nat_broyles password=QIPvydFM status=rejected
<109>Dec 17 17:49:19 roberts5173 modi[2131]: If we parse the firewall, we can get to the RAM interface through the solid state HTTP matrix!
<13>Dec 17 17:49:19 reichert2515 animi[7203]: I'Ll program the haptic SMTP firewall, that should circuit the EXE bus!
<92>Dec 17 17:49:20 kovacek7532 blanditiis[6668]: user=mimi_xie password=b7bp0rXp status=rejected
<104>Dec 17 17:49:19 purdy4872 id[6987]: Try to parse the SDD system, maybe it will calculate the auxiliary program!
<137>Dec 17 17:49:19 quigley5434 necessitatibus[939]: We need to bypass the haptic XSS alarm!
<61>Dec 17 17:49:19 kutch3877 velit[6382]: The COM bandwidth is down, reboot the back-end bus so we can compress the SAS interface!
<23>Dec 17 17:49:19 crooks2754 neque[3709]: You can't program the program without overriding the primary RSS feed!
<11>Dec 17 17:49:19 ratke6551 est[166]: We need to program the online JBOD bandwidth!
<17>Dec 17 17:49:19 brakus7375 est[2864]: The AGP monitor is down, input the primary hard drive so we can connect the PCI alarm!
<41>Dec 17 17:49:19 auer4158 voluptatem[7700]: Hacking the interface won't do anything, we need to connect the wireless SDD circuit!
<60>Dec 17 17:49:19 greenholt2747 voluptas[4347]: Hacking the panel won't do anything, we need to quantify the solid state SCSI sensor!
<79>Dec 17 17:49:19 jewess5801 nihil[7612]: If we back up the application, we can get to the PCI card through the mobile CSS monitor!
<83>Dec 17 17:49:19 weimann8650 ea[9384]: Generating the protocol won't do anything, we need to copy the online PCI hard drive!
<103>Dec 17 17:49:19 leuschke5127 fugiat[2586]: You can't back up the monitor without connecting the online AI circuit!
<165>Dec 17 17:49:19 anderson4100 tempore[421]: You can't compress the application without connecting the open-source PCI bandwidth!
<70>Dec 17 17:49:19 funk6313 aliquam[8630]: The AGP card is down, input the wireless matrix so we can input the PNG sensor!
<184>Dec 17 17:49:19 parisian6228 quo[4488]: The AGP alarm is down, program the bluetooth pixel so we can quantify the SMTP program!
<51>Dec 17 17:49:19 lemke8145 quibusdam[9983]: You can't compress the matrix without transmitting the back-end SDD monitor!
<33>Dec 17 17:49:19 homenick7778 et[6719]: The TCP protocol is down, index the optical application so we can reboot the CSS panel!
<92>Dec 17 17:49:23 kovacek7532 blanditiis[6668]: user=murtuza_jadliwala password=APdArQXw status=rejected
<191>Dec 17 17:49:19 lakin7172 maxime[7718]: You can't quantify the alarm without copying the open-source HDD matrix!
<58>Dec 17 17:49:19 hane7030 enim[9007]: If we generate the driver, we can get to the CSS panel through the digital IB hard drive!
<92>Dec 17 17:49:20 kovacek7532 blanditiis[6668]: user=safia_basheeruddin password=aHzm4CjZ status=rejected
<63>Dec 17 17:49:19 aufderhar7418 non[8924]: If we override the bus, we can get to the PCI microchip through the online JBOD driver!
<161>Dec 17 17:49:19 kirlin8841 quisquam[317]: The RAM bandwidth is down, calculate the wireless panel so we can calculate the RSS array!
<166>Dec 17 17:49:19 haley6003 fugiat[2365]: Try to bypass the SDD capacitor, maybe it will navigate the wireless firewall!
<173>Dec 17 17:49:19 dickens7457 voluptatem[3103]: Try to generate the AGP feed, maybe it will program the haptic alarm!
<82>Dec 17 17:49:19 kulas2405 animi[5476]: Quantifying the matrix won't do anything, we need to quantify the virtual PCI bandwidth!
<164>Dec 17 17:49:19 mann5661 nam[8108]: You can't synthesize the driver without parsing the 1080p SQL program!
<101>Dec 17 17:49:19 morar2488 autem[1899]: If we calculate the application, we can get to the XML capacitor through the 1080p FTP program!
<92>Dec 17 17:49:20 kovacek7532 blanditiis[6668]: user=arnon_kenny password=nwBmNDYm status=rejected
<164>Dec 17 17:49:19 nicolas8676 adipisci[6278]: Parsing the interface won't do anything, we need to synthesize the open-source HTTP system!
<161>Dec 17 17:49:19 treutel6352 necessitatibus[9278]: Use the cross-platform RAM feed, then you can compress the virtual feed!
<173>Dec 17 17:49:19 cole2623 vero[9280]: I'Ll override the solid state CSS panel, that should bus the SMS panel!
<26>Dec 17 17:49:19 dickinson4533 ex[9701]: Try to copy the IB matrix, maybe it will back up the wireless matrix!
<92>Dec 17 17:49:24 kovacek7532 blanditiis[6668]: user=matthew_gibson_lopez password=R4ldv0HnX status=rejected
<102>Dec 17 17:49:19 haley4872 qui[9318]: I'Ll program the wireless IB driver, that should port the IB driver!
<13>Dec 17 17:49:19 stokes3380 fugit[3390]: We need to synthesize the online RSS firewall!
<92>Dec 17 17:49:20 kovacek7532 blanditiis[6668]: user=elisha_szeto password=5vcDqgqy status=rejected
<43>Dec 17 17:49:19 dickinson3603 non[5884]: We need to back up the auxiliary TCP panel!
<82>Dec 17 17:49:19 wilkinson2228 qui[6553]: Overriding the pixel won't do anything, we need to input the digital SDD bus!
<143>Dec 17 17:49:19 altenwerth3803 tempore[2233]: Use the haptic JSON alarm, then you can connect the digital panel!
<183>Dec 17 17:49:19 monahan1022 alias[8137]: Use the cross-platform SMTP capacitor, then you can connect the haptic interface!
<92>Dec 17 17:49:24 kovacek7532 blanditiis[6668]: user=palden_lama password=yKWGwou3 status=rejected
<134>Dec 17 17:49:19 crist2048 eum[5034]: You can't synthesize the port without hacking the 1080p AGP firewall!
<92>Dec 17 17:49:21 kovacek7532 blanditiis[6668]: user=tonya password=etsE1DY5tZ status=rejected
<78>Dec 17 17:49:19 berge6185 velit[556]: I'Ll transmit the cross-platform ADP alarm, that should port the SSL system!
<92>Dec 17 17:49:24 kovacek7532 blanditiis[6668]: user=john_quarles password=A0r0QOMRJ status=rejected
<92>Dec 17 17:49:25 kovacek7532 blanditiis[6668]: user=walker_caskey password=OBqNBvbX2SI status=rejected
<67>Dec 17 17:49:19 rath1427 culpa[8682]: You can't reboot the pixel without synthesizing the wireless JSON alarm!
<183>Dec 17 17:49:19 herman8358 aut[1260]: The PCI program is down, override the digital matrix so we can reboot the CSS protocol!
<92>Dec 17 17:49:20 kovacek7532 blanditiis[6668]: user=joaquin password=F6IYziH3fs0D status=rejected
<20>Dec 17 17:49:19 stokes7818 sit[5828]: Try to back up the SDD bus, maybe it will copy the 1080p capacitor!
<50>Dec 17 17:49:19 bailey3777 sunt[6116]: Use the auxiliary GB monitor, then you can compress the optical sensor!
<92>Dec 17 17:49:22 kovacek7532 blanditiis[6668]: user=zakharias_joseph password=lJz58DEv status=rejected
<190>Dec 17 17:49:19 hermiston7175 reiciendis[2113]: Use the multi-byte SMS monitor, then you can calculate the virtual pixel!
<30>Dec 17 17:49:19 schamberger6708 repellendus[3786]: Try to navigate the PCI driver, maybe it will connect the neural driver!
<151>Dec 17 17:49:19 schulist4834 et[9843]: Try to generate the XSS matrix, maybe it will back up the 1080p capacitor!
<92>Dec 17 17:49:21 kovacek7532 blanditiis[6668]: user=isabella_bartolomeo password=iYtOiNikrfvtbn status=rejected
<44>Dec 17 17:49:19 leuschke1011 officia[8564]: Try to navigate the CSS monitor, maybe it will compress the open-source protocol!
<92>Dec 17 17:49:21 kovacek7532 blanditiis[6668]: user=palden_lama password=9lvtGbOLzH status=rejected
<64>Dec 17 17:49:19 gulgowski5462 vero[9764]: You can't transmit the circuit without connecting the mobile SQL program!
<92>Dec 17 17:49:20 kovacek7532 blanditiis[6668]: user=palden_lama password=ocpadFGYT status=rejected
<20>Dec 17 17:49:19 armstrong3707 quasi[3032]: You can't copy the program without backing up the cross-platform FTP monitor!
<46>Dec 17 17:49:19 thiel5335 rem[2579]: If we hack the monitor, we can get to the SMS capacitor through the redundant HDD pixel!
<161>Dec 17 17:49:19 miller3414 ea[804]: You can't index the circuit without navigating the solid state SCSI microchip!
<92>Dec 17 17:49:22 kovacek7532 blanditiis[6668]: user=arnon_kenny password=yqqkxezuQh1a status=rejected
<43>Dec 17 17:49:19 runte3274 sapiente[194]: I'Ll parse the optical AI monitor, that should hard drive the USB protocol!
<125>Dec 17 17:49:19 klocko6416 sint[7207]: Navigating the application won't do anything, we need to quantify the optical HDD capacitor!
<92>Dec 17 17:49:20 kovacek7532 blanditiis[6668]: user=matthew_gibson_lopez password=cKGgV3anxdf status=rejected
<92>Dec 17 17:49:23 kovacek7532 blanditiis[6668]: user=fardeen_bhimani password=FLCEDqum status=rejected
<36>Dec 17 17:49:19 littel6602 libero[5086]: We need to generate the optical SMS program!
<92>Dec 17 17:49:19 johnston8776 dignissimos[1227]: Compressing the feed won't do anything, we need to calculate the back-end ADP bandwidth!
<92>Dec 17 17:49:23 kovacek7532 blanditiis[6668]: user=tonya password=KJrIwF4Po7AwcB status=rejected
<163>Dec 17 17:49:19 green5386 quia[6185]: Try to index the SSL hard drive, maybe it will generate the bluetooth sensor!
<79>Dec 17 17:49:19 deckow8457 dicta[3011]: We need to transmit the redundant PNG array!
<92>Dec 17 17:49:21 kovacek7532 blanditiis[6668]: user=blessy password=R9QO2c3Y status=rejected
<33>Dec 17 17:49:19 cummings5100 beatae[2808]: If we back up the program, we can get to the RSS capacitor through the back-end SAS circuit!
<159>Dec 17 17:49:19 shields4718 et[4761]: I'Ll calculate the mobile FTP bus, that should microchip the HDD bandwidth!
<92>Dec 17 17:49:23 kovacek7532 blanditiis[6668]: user=blessy password=Z95vJ9e9 status=rejected
<92>Dec 17 17:49:25 kovacek7532 blanditiis[6668]: user=hondo_limon password=TAm2wy37Uu5 status=rejected
<92>Dec 17 17:49:30 kovacek7532 blanditiis[6668]: user=eric_lee password=lUZEhAG2qz1F status=rejected
<153>Dec 17 17:49:19 watsica8562 beatae[1993]: We need to hack the optical JBOD sensor!
<92>Dec 17 17:49:21 kovacek7532 blanditiis[6668]: user=timothy_yuen password=Gs7w68IHwo7g status=rejected
<45>Dec 17 17:49:19 osinski3885 consequuntur[3665]: If we generate the system, we can get to the HDD matrix through the 1080p SQL program!
<9>Dec 17 17:49:19 heller7408 provident[5938]: Use the 1080p FTP card, then you can navigate the solid state matrix!
<92>Dec 17 17:49:23 kovacek7532 blanditiis[6668]: user=eric_lee password=ud6CL0FdLjN status=rejected
<92>Dec 17 17:49:27 kovacek7532 blanditiis[6668]: user=arnon_kenny password=7HBYw49QfJXx status=rejected
<92>Dec 17 17:49:30 kovacek7532 blanditiis[6668]: user=john_heaps password=x2FOGi0xWU status=rejected
<32>Dec 17 17:49:19 jast4832 magnam[4744]: We need to reboot the haptic JBOD array!
<162>Dec 17 17:49:19 cormier3705 autem[3738]: Compressing the bandwidth won't do anything, we need to input the bluetooth SDD capacitor!
<122>Dec 17 17:49:19 stiedemann3868 itaque[4227]: Use the mobile CSS circuit, then you can compress the neural system!
<0>Dec 17 17:49:19 johns5728 dolor[4956]: Programming the port won't do anything, we need to index the digital THX matrix!
<92>Dec 17 17:49:23 kovacek7532 blanditiis[6668]: user=walker_caskey password=KjK6kiBi6T status=rejected
<75>Dec 17 17:49:19 hegmann8512 aut[7396]: Try to transmit the JBOD panel, maybe it will quantify the back-end circuit!
<81>Dec 17 17:49:19 schaefer3422 ad[8826]: We need to navigate the auxiliary SMTP protocol!
<97>Dec 17 17:49:19 brown6344 cumque[6154]: I'Ll copy the cross-platform EXE sensor, that should feed the ADP array!
<147>Dec 17 17:49:19 weimann2261 sunt[6294]: Use the mobile USB alarm, then you can override the optical monitor!
<92>Dec 17 17:49:23 kovacek7532 blanditiis[6668]: user=gabriel_green password=3WaW1m4NE60UP status=rejected
<142>Dec 17 17:49:19 nienow8800 cum[6431]: We need to calculate the optical JSON port!
<92>Dec 17 17:49:23 kovacek7532 blanditiis[6668]: user=rajendra_boppana password=khFlZEXHj status=rejected
<154>Dec 17 17:49:19 gislason4460 ut[9084]: Use the bluetooth ADP monitor, then you can transmit the back-end interface!
<27>Dec 17 17:49:19 treutel8317 ut[9304]: Indexing the array won't do anything, we need to bypass the auxiliary PCI monitor!
<182>Dec 17 17:49:19 koch8282 in[1850]: You can't quantify the feed without programming the auxiliary XSS application!
<159>Dec 17 17:49:19 gutmann8482 voluptatem[2928]: Try to reboot the SSL circuit, maybe it will quantify the back-end monitor!
<117>Dec 17 17:49:19 kautzer7825 ratione[6593]: The FTP monitor is down, compress the primary transmitter so we can synthesize the RSS pixel!
<49>Dec 17 17:49:19 kilback6503 quia[341]: Try to compress the AGP sensor, maybe it will compress the primary card!
<49>Dec 17 17:49:19 rodriguez8364 repudiandae[9137]: If we compress the transmitter, we can get to the HDD protocol through the auxiliary SMTP bus!
<92>Dec 17 17:49:24 kovacek7532 blanditiis[6668]: user=isabella_bartolomeo password=C4oBCStc status=rejected
<136>Dec 17 17:49:19 blick6252 deleniti[8982]: I'Ll calculate the optical HDD system, that should interface the XML hard drive!
<88>Dec 17 17:49:19 green1717 praesentium[2414]: Try to copy the JBOD pixel, maybe it will hack the 1080p panel!
<103>Dec 17 17:49:19 mayert7754 eligendi[2461]: You can't reboot the protocol without connecting the multi-byte AI matrix!
<52>Dec 17 17:49:19 ziemann7763 distinctio[3633]: You can't navigate the capacitor without indexing the haptic JSON system!
<92>Dec 17 17:49:21 kovacek7532 blanditiis[6668]: user=mimi_xie password=tUzQdJxNy4Zbi status=rejected
<170>Dec 17 17:49:19 daniel7053 velit[8316]: Transmitting the driver won't do anything, we need to navigate the digital AGP bus!
<116>Dec 17 17:49:19 strosin8357 officiis[8062]: Try to calculate the SAS monitor, maybe it will input the digital interface!
<181>Dec 17 17:49:19 littel5106 magni[1382]: I'Ll reboot the open-source JBOD array, that should matrix the FTP program!
<55>Dec 17 17:49:19 bailey7572 mollitia[3363]: Backing up the monitor won't do anything, we need to override the online SDD transmitter!
<83>Dec 17 17:49:19 ernser6718 ullam[3929]: If we copy the transmitter, we can get to the COM driver through the redundant RAM capacitor!
<92>Dec 17 17:49:21 kovacek7532 blanditiis[6668]: user=sam_silvestro password=mfYSXKQeblQ status=rejected
<11>Dec 17 17:49:19 grimes8743 ut[9610]: You can't copy the alarm without programming the digital RSS firewall!
<179>Dec 17 17:49:19 mitchell7281 et[4729]: Bypassing the circuit won't do anything, we need to back up the virtual THX microchip!
<128>Dec 17 17:49:19 halvorson4044 quis[5367]: You can't parse the bus without indexing the online GB application!
<26>Dec 17 17:49:19 erdman7854 iusto[8924]: Connecting the protocol won't do anything, we need to connect the neural SAS hard drive!
<86>Dec 17 17:49:19 dickinson2841 autem[6453]: Use the solid state CSS feed, then you can input the online application!
<92>Dec 17 17:49:21 kovacek7532 blanditiis[6668]: user=rajendra_boppana password=sZB6IxynDCq4lh status=rejected
<43>Dec 17 17:49:19 gottlieb3315 autem[3036]: Use the open-source SMS sensor, then you can back up the neural interface!
<18>Dec 17 17:49:19 hilll4288 quasi[8302]: I'Ll input the neural USB microchip, that should bandwidth the CSS protocol!
<92>Dec 17 17:49:21 kovacek7532 blanditiis[6668]: user=judith_infante password=bKOCLUkToLOZ status=rejected
<24>Dec 17 17:49:19 stiedemann1564 possimus[3551]: You can't transmit the matrix without programming the optical GB program!
<168>Dec 17 17:49:19 ward7758 dolorem[6419]: If we synthesize the card, we can get to the FTP circuit through the mobile GB card!
<116>Dec 17 17:49:19 shanahan1626 iure[9904]: Quantifying the transmitter won't do anything, we need to copy the digital FTP protocol!
<138>Dec 17 17:49:19 reichel6366 dolor[7742]: The CSS firewall is down, connect the redundant bandwidth so we can index the RSS array!
<60>Dec 17 17:49:19 bins5060 voluptatem[3801]: Use the 1080p XML feed, then you can calculate the neural sensor!
<92>Dec 17 17:49:22 kovacek7532 blanditiis[6668]: user=ali_dogru password=AdNK9TE9IVW status=rejected
<92>Dec 17 17:49:27 kovacek7532 blanditiis[6668]: user=john_quarles password=w6yzzDbIttL1b status=rejected
<99>Dec 17 17:49:19 dach2078 dolorem[6753]: The SCSI bandwidth is down, transmit the bluetooth application so we can bypass the JSON matrix!
<144>Dec 17 17:49:19 ebert7664 consequatur[5685]: Use the optical SSL pixel, then you can quantify the back-end circuit!
<168>Dec 17 17:49:19 thompson4064 molestias[1462]: If we index the program, we can get to the USB transmitter through the auxiliary COM transmitter!
<92>Dec 17 17:49:24 kovacek7532 blanditiis[6668]: user=fernanda_hernandez password=t5hY7iDIIad07 status=rejected
<39>Dec 17 17:49:19 sporer6414 et[4638]: Generating the bus won't do anything, we need to quantify the 1080p COM application!
<73>Dec 17 17:49:19 botsford2887 minus[8394]: Try to navigate the HDD sensor, maybe it will index the mobile system!
<92>Dec 17 17:49:23 kovacek7532 blanditiis[6668]: user=judith_infante password=TdXGGhHaAQVxj status=rejected
<92>Dec 17 17:49:25 kovacek7532 blanditiis[6668]: user=khalid_galal password=0bc7iHnY63fA status=rejected
<8>Dec 17 17:49:19 koch4544 dolor[6215]: Use the digital SAS sensor, then you can index the primary protocol!
<72>Dec 17 17:49:19 gleason5366 sunt[8480]: We need to connect the cross-platform PNG program!
<55>Dec 17 17:49:19 connelly8447 maxime[8074]: You can't copy the panel without navigating the open-source XSS alarm!
<92>Dec 17 17:49:22 kovacek7532 blanditiis[6668]: user=hailey_muniz password=YkjYi62W status=rejected
<27>Dec 17 17:49:19 funk7217 labore[2083]: We need to program the neural XSS application!
<125>Dec 17 17:49:19 haley8630 est[3871]: Use the open-source JSON alarm, then you can hack the online pixel!
<92>Dec 17 17:49:24 kovacek7532 blanditiis[6668]: user=eric_lee password=hqbcLtZzBG status=rejected
<107>Dec 17 17:49:19 jaskolski1413 praesentium[4861]: If we reboot the protocol, we can get to the SCSI application through the redundant AGP pixel!
<114>Dec 17 17:49:19 ryan5617 velit[6830]: Quantifying the matrix won't do anything, we need to transmit the digital COM port!
<92>Dec 17 17:49:23 kovacek7532 blanditiis[6668]: user=timothy_yuen password=PoFRZ7aFIH status=rejected
<184>Dec 17 17:49:19 gorczany8663 asperiores[8366]: I'Ll index the neural JSON circuit, that should firewall the SMS feed!
<92>Dec 17 17:49:20 kovacek7532 blanditiis[6668]: user=ali_dogru password=PEAatp4cx status=rejected
<40>Dec 17 17:49:19 sipes5251 aperiam[8935]: You can't copy the driver without copying the open-source SQL program!
<154>Dec 17 17:49:19 emmerich7165 vero[5810]: Transmitting the protocol won't do anything, we need to bypass the redundant SDD protocol!
<23>Dec 17 17:49:19 beer8147 nihil[9132]: If we bypass the transmitter, we can get to the THX interface through the digital ADP alarm!
<73>Dec 17 17:49:19 pacocha7364 amet[8971]: Try to hack the JBOD panel, maybe it will parse the optical feed!
<120>Dec 17 17:49:19 reilly6017 perferendis[575]: You can't hack the protocol without overriding the open-source FTP driver!
<97>Dec 17 17:49:19 kutch4535 quasi[6343]: Try to transmit the SMS panel, maybe it will quantify the bluetooth sensor!
<132>Dec 17 17:49:19 stroman6767 quo[5732]: If we parse the sensor, we can get to the CSS transmitter through the primary THX card!
<92>Dec 17 17:49:23 kovacek7532 blanditiis[6668]: user=elisha_szeto password=T8YVyWjek status=rejected
<39>Dec 17 17:49:19 brown6881 ut[2128]: You can't reboot the sensor without copying the optical SQL interface!
<132>Dec 17 17:49:19 bailey2611 perferendis[6562]: The SMTP circuit is down, transmit the auxiliary feed so we can copy the SMS port!
<92>Dec 17 17:49:19 reinger4460 deleniti[7341]: If we back up the array, we can get to the IB bandwidth through the primary SQL matrix!
<83>Dec 17 17:49:19 collier1135 sed[5764]: I'Ll connect the back-end SQL panel, that should protocol the SAS protocol!
<183>Dec 17 17:49:19 farrell5620 iste[9244]: I'Ll override the virtual SCSI monitor, that should bus the SAS circuit!
<92>Dec 17 17:49:24 kovacek7532 blanditiis[6668]: user=isabella_bartolomeo password=Y9zQjv2qf7 status=rejected
<136>Dec 17 17:49:19 hand6280 deserunt[8107]: If we navigate the bandwidth, we can get to the XML protocol through the neural RAM application!
<12>Dec 17 17:49:19 spencer4461 reiciendis[1739]: The SSL alarm is down, transmit the wireless card so we can copy the THX pixel!
<63>Dec 17 17:49:19 kuphal4411 consequatur[2763]: I'Ll input the cross-platform PCI panel, that should hard drive the AGP matrix!
<146>Dec 17 17:49:19 kub6350 in[3891]: The SCSI firewall is down, generate the solid state bus so we can bypass the XSS array!
<144>Dec 17 17:49:19 abshire1171 ducimus[7774]: If we index the monitor, we can get to the SMS protocol through the virtual SAS card!
<87>Dec 17 17:49:19 treutel5760 et[3689]: I'Ll hack the neural AGP bandwidth, that should hard drive the RSS firewall!
<72>Dec 17 17:49:19 emard8176 fuga[8030]: If we input the pixel, we can get to the SMTP capacitor through the primary USB microchip!
<28>Dec 17 17:49:19 kreiger4420 nihil[4291]: Use the auxiliary JSON application, then you can hack the online hard drive!
<60>Dec 17 17:49:19 nienow3443 reprehenderit[4697]: I'Ll input the online GB microchip, that should microchip the GB system!
<43>Dec 17 17:49:19 gislason1087 repellat[8574]: Try to reboot the SSL protocol, maybe it will parse the mobile array!
<3>Dec 17 17:49:19 rogahn1202 ratione[4823]: We need to reboot the primary FTP firewall!
<92>Dec 17 17:49:22 kovacek7532 blanditiis[6668]: user=mimi_xie password=RQ9ZnuSAde status=rejected
<6>Dec 17 17:49:19 krajcik8583 aliquam[8125]: Synthesizing the alarm won't do anything, we need to override the cross-platform USB bandwidth!
<11>Dec 17 17:49:19 christiansen7347 quia[7689]: Use the 1080p PNG hard drive, then you can navigate the online circuit!
<92>Dec 17 17:49:22 kovacek7532 blanditiis[6668]: user=gabriel_green password=SCAnNOww status=rejected
<181>Dec 17 17:49:19 leffler8018 qui[3221]: You can't calculate the alarm without copying the back-end SSL application!
<76>Dec 17 17:49:19 miller8032 qui[3715]: Try to connect the AI pixel, maybe it will generate the wireless bandwidth!
<175>Dec 17 17:49:19 carter1664 velit[2273]: Try to navigate the AGP port, maybe it will override the online sensor!
<89>Dec 17 17:49:19 crooks7646 facilis[2714]: Use the 1080p PNG sensor, then you can program the neural feed!
<3>Dec 17 17:49:19 corwin5502 enim[3233]: If we bypass the bandwidth, we can get to the TCP system through the bluetooth SMTP feed!
<30>Dec 17 17:49:19 hermiston3257 ut[5265]: If we compress the firewall, we can get to the JSON microchip through the back-end HTTP card!
<17>Dec 17 17:49:19 cummerata7541 quo[3316]: If we generate the application, we can get to the THX alarm through the 1080p RSS hard drive!
<92>Dec 17 17:49:22 kovacek7532 blanditiis[6668]: user=fernanda_hernandez password=mPamqtuHr0ix status=rejected
<33>Dec 17 17:49:19 nader2477 similique[6484]: Try to quantify the XSS protocol, maybe it will navigate the back-end system!
<49>Dec 17 17:49:19 gottlieb6265 sit[8749]: Use the auxiliary GB program, then you can index the cross-platform bandwidth!
<71>Dec 17 17:49:19 schoen2321 et[9824]: Use the digital SSL bus, then you can program the virtual capacitor!
<179>Dec 17 17:49:19 ritchie4700 inventore[7870]: I'Ll override the virtual XML alarm, that should array the HDD interface!
<92>Dec 17 17:49:24 kovacek7532 blanditiis[6668]: user=khalid_galal password=pYUJMbxSK03 status=rejected
<73>Dec 17 17:49:19 sipes7226 est[2371]: The CSS alarm is down, hack the redundant array so we can override the SCSI matrix!
<92>Dec 17 17:49:22 kovacek7532 blanditiis[6668]: user=jacqueline_arias password=SVF1grQiCPKE status=rejected
<188>Dec 17 17:49:19 nicolas7152 perferendis[7948]: You can't override the port without connecting the mobile HTTP card!
<137>Dec 17 17:49:19 gibson2353 ipsum[6801]: The SMS firewall is down, program the solid state port so we can compress the JSON array!
<68>Dec 17 17:49:19 klocko3171 autem[8782]: The TCP panel is down, calculate the optical monitor so we can synthesize the USB driver!
<5>Dec 17 17:49:19 kulas7573 ut[3547]: Use the 1080p RSS sensor, then you can bypass the open-source firewall!
<11>Dec 17 17:49:19 medhurst8817 et[9957]: We need to back up the back-end SMS transmitter!
<164>Dec 17 17:49:19 frami7611 ullam[952]: Generating the sensor won't do anything, we need to navigate the auxiliary SSL array!
<39>Dec 17 17:49:19 friesen4342 provident[5150]: The COM bandwidth is down, hack the solid state card so we can reboot the JBOD protocol!
<54>Dec 17 17:49:19 weissnat1356 architecto[644]: We need to compress the digital HDD monitor!
<142>Dec 17 17:49:19 welch2884 sint[1564]: You can't reboot the matrix without compressing the multi-byte EXE card!
<39>Dec 17 17:49:19 leannon8612 ut[7864]: If we back up the microchip, we can get to the SQL microchip through the optical GB bus!
<73>Dec 17 17:49:19 williamson7450 fuga[4060]: Calculating the array won't do anything, we need to back up the haptic USB array!
<179>Dec 17 17:49:19 pacocha4241 quos[6062]: You can't copy the card without quantifying the redundant FTP transmitter!
<92>Dec 17 17:49:21 kovacek7532 blanditiis[6668]: user=tonya password=NWyiXLIxhYxqdA status=rejected
<12>Dec 17 17:49:19 bosco1374 nostrum[8270]: The ADP microchip is down, hack the optical pixel so we can compress the RAM circuit!
<92>Dec 17 17:49:22 kovacek7532 blanditiis[6668]: user=sam_silvestro password=ckUV5HKY5dk status=rejected
<92>Dec 17 17:49:23 kovacek7532 blanditiis[6668]: user=hailey_muniz password=jCf1w6lf93 status=rejected
<92>Dec 17 17:49:25 kovacek7532 blanditiis[6668]: user=fernanda_hernandez password=miHaU76oNDud status=rejected
<169>Dec 17 17:49:19 gleichner8421 sed[6572]: Compressing the firewall won't do anything, we need to input the auxiliary SQL port!
<40>Dec 17 17:49:19 johnson1158 voluptatem[4954]: The USB pixel is down, connect the online hard drive so we can quantify the JBOD driver!
<92>Dec 17 17:49:23 kovacek7532 blanditiis[6668]: user=judith_infante password=2e8pQFog status=rejected
<31>Dec 17 17:49:19 mueller3821 iusto[2448]: The XSS sensor is down, override the online driver so we can calculate the SAS array!
<170>Dec 17 17:49:19 lowe8825 eos[64]: You can't calculate the interface without transmitting the haptic THX program!
<77>Dec 17 17:49:19 green1173 porro[7693]: We need to parse the solid state AI sensor!
<92>Dec 17 17:49:24 kovacek7532 blanditiis[6668]: user=timothy_yuen password=tVvVRkkrM0Itt status=rejected
<189>Dec 17 17:49:19 mclaughlin1126 aut[5248]: We need to connect the mobile SMS application!
<146>Dec 17 17:49:19 jewess4355 accusantium[5494]: We need to copy the solid state RSS bandwidth!
<76>Dec 17 17:49:19 cassin2517 dolor[5752]: The SCSI interface is down, reboot the auxiliary protocol so we can hack the SMTP bandwidth!
<174>Dec 17 17:49:19 brekke6788 nobis[5636]: Navigating the protocol won't do anything, we need to compress the optical SAS firewall!
<24>Dec 17 17:49:19 blanda1511 similique[8971]: We need to calculate the open-source PCI feed!
<11>Dec 17 17:49:19 hilll8165 dolorem[1196]: If we transmit the microchip, we can get to the JBOD monitor through the haptic XML system!
<181>Dec 17 17:49:19 kunde4823 incidunt[7167]: The FTP circuit is down, calculate the primary system so we can quantify the FTP alarm!
<136>Dec 17 17:49:19 predovic3330 explicabo[2928]: Use the multi-byte THX array, then you can back up the bluetooth microchip!
<135>Dec 17 17:49:19 hand7238 odio[5491]: If we compress the circuit, we can get to the COM bandwidth through the open-source THX bus!
<85>Dec 17 17:49:19 ortiz2724 ut[8650]: You can't navigate the card without synthesizing the wireless ADP bandwidth!
<100>Dec 17 17:49:19 hyatt3465 deleniti[6845]: You can't input the sensor without indexing the online SMS feed!
<92>Dec 17 17:49:23 kovacek7532 blanditiis[6668]: user=hailey_muniz password=kVbjz6pTm0UxQ status=rejected
<123>Dec 17 17:49:19 dubuque1458 eum[1845]: Transmitting the hard drive won't do anything, we need to synthesize the haptic CSS array!
<47>Dec 17 17:49:19 medhurst5741 est[7974]: Quantifying the driver won't do anything, we need to bypass the virtual SSL array!
<92>Dec 17 17:49:23 kovacek7532 blanditiis[6668]: user=khalid_galal password=lESxijmj5kI status=rejected
<189>Dec 17 17:49:19 casper1658 quod[5583]: We need to parse the virtual GB card!
<92>Dec 17 17:49:21 kovacek7532 blanditiis[6668]: user=walker_caskey password=GgnTDdjtl4meie status=rejected
<118>Dec 17 17:49:19 yundt2065 reiciendis[129]: I'Ll transmit the cross-platform JBOD panel, that should hard drive the FTP sensor!
<33>Dec 17 17:49:19 blanda4171 fugit[4179]: You can't synthesize the pixel without overriding the bluetooth RSS bus!
<181>Dec 17 17:49:19 ratke3240 fugit[7521]: We need to generate the mobile USB microchip!
<144>Dec 17 17:49:19 kuhn3177 dolores[4055]: The SCSI protocol is down, transmit the digital feed so we can override the THX pixel!
<92>Dec 17 17:49:21 kovacek7532 blanditiis[6668]: user=john_heaps password=IxJOMCMSiRWAC status=rejected
<52>Dec 17 17:49:19 gleichner7140 quo[8733]: I'Ll bypass the 1080p AGP protocol, that should alarm the CSS monitor!
<92>Dec 17 17:49:23 kovacek7532 blanditiis[6668]: user=joaquin password=HC4Nf9FfOuHMX status=rejected
<165>Dec 17 17:49:19 upton2524 qui[9459]: If we parse the matrix, we can get to the XSS feed through the haptic SCSI bus!
<62>Dec 17 17:49:19 roberts5754 est[7883]: We need to index the back-end SAS program!
<92>Dec 17 17:49:22 kovacek7532 blanditiis[6668]: user=ali_dogru password=fiqVyAaweW0 status=rejected
<92>Dec 17 17:49:26 kovacek7532 blanditiis[6668]: user=murtuza_jadliwala password=EBGdzA5hq status=rejected
<92>Dec 17 17:49:28 kovacek7532 blanditiis[6668]: user=drew_day password=JxbkMV2I status=rejected
<48>Dec 17 17:49:19 tillman6758 natus[5020]: Try to parse the PCI feed, maybe it will quantify the primary feed!
<61>Dec 17 17:49:19 rowe5468 eligendi[8524]: I'Ll reboot the open-source CSS port, that should alarm the USB bandwidth!
<101>Dec 17 17:49:19 abernathy6016 eum[2202]: Use the 1080p USB sensor, then you can quantify the haptic bus!
<184>Dec 17 17:49:19 hudson4224 eum[2597]: If we hack the feed, we can get to the COM transmitter through the optical PNG feed!
<131>Dec 17 17:49:19 langworth2060 rerum[4991]: I'Ll parse the open-source SMTP system, that should port the IB program!
<27>Dec 17 17:49:19 donnelly3054 velit[5747]: Use the digital TCP capacitor, then you can parse the virtual matrix!
<29>Dec 17 17:49:19 nikolaus4448 qui[5902]: We need to navigate the online SMTP hard drive!
<144>Dec 17 17:49:19 beier6755 excepturi[6825]: If we calculate the application, we can get to the THX application through the back-end EXE matrix!
<92>Dec 17 17:49:21 kovacek7532 blanditiis[6668]: user=jacqueline_arias password=4tMYetG4 status=rejected
<39>Dec 17 17:49:19 cole6583 quia[7039]: Transmitting the pixel won't do anything, we need to back up the auxiliary PCI bus!
<92>Dec 17 17:49:23 kovacek7532 blanditiis[6668]: user=drew_day password=bYxsWYl1GCYaQ status=rejected
<81>Dec 17 17:49:19 ferry1543 tempora[2573]: You can't bypass the pixel without hacking the back-end SDD driver!
<92>Dec 17 17:49:20 kovacek7532 blanditiis[6668]: user=nat_broyles password=Q8OqZoQC90slR status=rejected
<92>Dec 17 17:49:24 kovacek7532 blanditiis[6668]: user=john_heaps password=V75c2wkdw status=rejected
<74>Dec 17 17:49:19 emmerich4254 qui[2083]: The ADP port is down, program the solid state feed so we can navigate the HDD monitor!
<108>Dec 17 17:49:19 medhurst2823 et[4067]: Overriding the microchip won't do anything, we need to calculate the online SMTP bus!
<12>Dec 17 17:49:19 will2451 eius[6145]: We need to calculate the redundant SAS matrix!
<15>Dec 17 17:49:19 schneider7683 dolores[1989]: Try to transmit the SQL circuit, maybe it will index the solid state application!
<106>Dec 17 17:49:19 mitchell5106 velit[2163]: You can't generate the circuit without generating the auxiliary CSS bus!
<88>Dec 17 17:49:19 hartmann4618 officia[1891]: Compressing the pixel won't do anything, we need to generate the cross-platform SDD port!
<26>Dec 17 17:49:19 block5227 quisquam[2811]: Use the back-end SAS circuit, then you can synthesize the bluetooth pixel!
<183>Dec 17 17:49:19 kreiger7213 eum[5510]: If we calculate the circuit, we can get to the CSS monitor through the bluetooth ADP card!
<16>Dec 17 17:49:19 dickinson5142 inventore[4667]: The FTP sensor is down, transmit the solid state bandwidth so we can connect the GB port!
<75>Dec 17 17:49:19 mitchell8747 harum[3104]: I'Ll quantify the bluetooth SQL pixel, that should system the SDD firewall!
<92>Dec 17 17:49:20 kovacek7532 blanditiis[6668]: user=gabriel_green password=z5RP7baWM1e status=rejected
<99>Dec 17 17:49:19 klocko3281 sed[1722]: Try to hack the SCSI panel, maybe it will transmit the solid state application!
<92>Dec 17 17:49:24 kovacek7532 blanditiis[6668]: user=matthew_gibson_lopez password=KZPWHVg9PrPsT status=rejected
<133>Dec 17 17:49:19 feeney2372 nihil[851]: If we bypass the alarm, we can get to the SCSI alarm through the redundant SAS sensor!
<12>Dec 17 17:49:19 denesik6140 voluptas[3015]: You can't copy the circuit without bypassing the 1080p PCI bus!
<15>Dec 17 17:49:19 hudson2676 esse[6602]: Try to calculate the AGP application, maybe it will back up the back-end alarm!
<62>Dec 17 17:49:19 welch7835 ex[8288]: Try to synthesize the JSON application, maybe it will quantify the redundant transmitter!
<112>Dec 17 17:49:19 monahan8021 sed[8147]: If we connect the driver, we can get to the AI pixel through the redundant EXE capacitor!
<94>Dec 17 17:49:19 douglas6245 harum[3720]: Calculating the sensor won't do anything, we need to transmit the primary XML interface!
<92>Dec 17 17:49:20 kovacek7532 blanditiis[6668]: user=safia_basheeruddin password=toileQ75kAp5P status=rejected
<104>Dec 17 17:49:19 rath2731 autem[2244]: Try to program the HTTP transmitter, maybe it will override the wireless protocol!
<47>Dec 17 17:49:19 stanton1245 in[7935]: We need to program the optical FTP microchip!
<38>Dec 17 17:49:19 deckow6071 pariatur[8423]: Use the primary USB protocol, then you can compress the virtual bandwidth!
<10>Dec 17 17:49:19 ritchie3557 modi[4071]: You can't generate the microchip without connecting the bluetooth TCP protocol!
<82>Dec 17 17:49:19 hickle4770 ipsa[7748]: We need to calculate the wireless USB array!
<58>Dec 17 17:49:19 koelpin6462 qui[7582]: Quantifying the card won't do anything, we need to bypass the wireless JBOD panel!
<186>Dec 17 17:49:19 klocko6748 veniam[2527]: We need to copy the digital SAS array!
<119>Dec 17 17:49:19 armstrong7743 dicta[9631]: We need to generate the back-end SDD array!
<92>Dec 17 17:49:23 kovacek7532 blanditiis[6668]: user=jacqueline_arias password=gXYFoTcER4 status=rejected
<84>Dec 17 17:49:19 streich6074 earum[7839]: You can't generate the alarm without parsing the online XSS system!
<134>Dec 17 17:49:19 bahringer4623 quo[7121]: Use the 1080p SMS firewall, then you can hack the optical program!
<114>Dec 17 17:49:19 hane5356 alias[8970]: The USB program is down, index the bluetooth sensor so we can reboot the SQL panel!
<92>Dec 17 17:49:24 kovacek7532 blanditiis[6668]: user=nat_broyles password=WRQEsjpnbrW status=rejected
<92>Dec 17 17:49:27 kovacek7532 blanditiis[6668]: user=zakharias_joseph password=ANExvMeX9 status=rejected
<44>Dec 17 17:49:19 sipes8027 tempore[4775]: I'Ll generate the wireless HDD array, that should alarm the FTP application!
<101>Dec 17 17:49:19 vandervort2015 eum[5901]: Try to override the EXE circuit, maybe it will hack the auxiliary array!
<92>Dec 17 17:49:22 kovacek7532 blanditiis[6668]: user=hondo_limon password=Huv9gP9UANPG status=rejected
<100>Dec 17 17:49:19 kirlin6712 velit[8029]: We need to back up the redundant SSL driver!
<152>Dec 17 17:49:19 olson8111 eos[8651]: If we hack the feed, we can get to the PCI bandwidth through the redundant FTP matrix!
<180>Dec 17 17:49:19 renner7228 suscipit[9628]: You can't reboot the pixel without copying the primary THX firewall!
<191>Dec 17 17:49:19 kiehn3867 unde[1851]: Use the bluetooth XSS panel, then you can compress the open-source hard drive!
<152>Dec 17 17:49:19 terry2738 sint[7834]: We need to connect the primary SAS panel!
<153>Dec 17 17:49:19 kerluke2872 nesciunt[8668]: We need to program the optical AI driver!
<144>Dec 17 17:49:19 jacobs2804 harum[2707]: I'Ll generate the auxiliary SCSI circuit, that should microchip the COM driver!
<167>Dec 17 17:49:19 gerhold8582 vitae[445]: Use the primary HDD hard drive, then you can parse the mobile monitor!
<93>Dec 17 17:49:19 lynch6546 amet[9236]: The XSS array is down, copy the neural bus so we can bypass the HDD pixel!
<60>Dec 17 17:49:19 bogisich1031 consequatur[6135]: The HDD feed is down, navigate the solid state sensor so we can back up the PCI bandwidth!
<17>Dec 17 17:49:19 smith8005 aliquam[2187]: The EXE feed is down, reboot the multi-byte matrix so we can generate the JBOD application!
<92>Dec 17 17:49:23 kovacek7532 blanditiis[6668]: user=john_quarles password=IVGSRlIBCAX8 status=rejected
<177>Dec 17 17:49:19 predovic3103 architecto[3848]: If we hack the card, we can get to the JBOD card through the bluetooth SSL pixel!
<92>Dec 17 17:49:21 kovacek7532 blanditiis[6668]: user=zakharias_joseph password=TbY7zVHu status=rejected
<47>Dec 17 17:49:19 schroeder7808 aut[2745]: You can't input the panel without connecting the virtual HDD bus!
<47>Dec 17 17:49:19 mohr2602 omnis[5047]: If we generate the microchip, we can get to the PNG monitor through the redundant RAM interface!
<19>Dec 17 17:49:19 mckenzie2251 cum[9015]: If we program the interface, we can get to the FTP pixel through the primary RSS feed!
<126>Dec 17 17:49:19 brakus2358 consequatur[1570]: Hacking the matrix won't do anything, we need to reboot the open-source SSL hard drive!
<120>Dec 17 17:49:19 marks8236 ea[23]: You can't transmit the array without navigating the 1080p SMTP program!
<162>Dec 17 17:49:19 armstrong8026 est[5639]: Connecting the circuit won't do anything, we need to transmit the bluetooth PCI bandwidth!
<92>Dec 17 17:49:21 kovacek7532 blanditiis[6668]: user=sam_silvestro password=bXbmy3Mblo status=rejected
<91>Dec 17 17:49:19 prohaska6300 non[2909]: Try to override the PCI sensor, maybe it will override the neural alarm!
<119>Dec 17 17:49:19 schaden8254 harum[1550]: I'Ll back up the mobile SSL bus, that should matrix the AGP application!
<154>Dec 17 17:49:19 tremblay7364 culpa[6174]: We need to transmit the mobile IB sensor!
<92>Dec 17 17:49:24 kovacek7532 blanditiis[6668]: user=joaquin password=m2ytH6kDVCxoED status=rejected
<179>Dec 17 17:49:19 kovacek7885 laudantium[2298]: The AI driver is down, index the online monitor so we can back up the USB bandwidth!
<0>Dec 17 17:49:19 osinski1606 vel[4496]: The RSS protocol is down, program the optical array so we can index the XML port!
<106>Dec 17 17:49:19 schumm1477 ipsam[8895]: Use the solid state AGP hard drive, then you can navigate the 1080p matrix!
<107>Dec 17 17:49:19 mcglynn6065 ipsum[6933]: I'Ll back up the multi-byte RAM hard drive, that should pixel the SSL application!
<47>Dec 17 17:49:19 ebert2378 earum[2048]: Try to quantify the SDD bandwidth, maybe it will generate the virtual transmitter!
<159>Dec 17 17:49:19 windler6028 ea[6945]: If we calculate the capacitor, we can get to the AGP card through the auxiliary ADP interface!
<84>Dec 17 17:49:19 mayer6073 enim[8397]: Compressing the matrix won't do anything, we need to copy the 1080p RSS interface!
<92>Dec 17 17:49:22 kovacek7532 blanditiis[6668]: user=fardeen_bhimani password=DmUwJhpCNFU status=rejected
<46>Dec 17 17:49:19 pagac1111 voluptatem[4962]: The CSS array is down, back up the redundant matrix so we can parse the THX monitor!
<159>Dec 17 17:49:19 schulist5066 quisquam[9130]: Try to bypass the ADP matrix, maybe it will copy the cross-platform card!
<38>Dec 17 17:49:19 crona5554 accusamus[2307]: I'Ll reboot the bluetooth IB application, that should hard drive the RAM monitor!
<147>Dec 17 17:49:19 wuckert8284 similique[3029]: Use the 1080p PCI capacitor, then you can parse the 1080p circuit!
<190>Dec 17 17:49:19 little6641 voluptatum[9750]: Use the back-end IB hard drive, then you can navigate the bluetooth array!
<108>Dec 17 17:49:19 wolff1220 dolor[1608]: You can't input the alarm without synthesizing the digital ADP pixel!
<65>Dec 17 17:49:19 hane6037 cum[5270]: Use the virtual HTTP firewall, then you can back up the auxiliary port!
<16>Dec 17 17:49:19 goyette4405 molestiae[7009]: Try to back up the JBOD circuit, maybe it will program the multi-byte bus!
