<35>1 2025-12-17T17:49:15Z corporateleverage.net vitae 2480 ID473 - user=jacqueline_yanez password=2L8YZeB4oC status=invalid
<35>1 2025-12-17T17:49:17Z corporateleverage.net vitae 2480 ID473 - user=ke_yang password=nOdfTWJYI8ygqY status=invalid
<35>1 2025-12-17T17:49:21Z corporateleverage.net vitae 2480 ID473 - user=judith_infante password=BOwPO5KRLMv status=invalid
<35>1 2025-12-17T17:49:18.928Z corporateleverage.net vitae 2480 ID473 - Try to copy the SMS matrix, maybe it will index the solid state sensor!
<175>2 2025-12-17T17:49:18.928Z corporatedisintermediate.net et 3764 ID799 - Try to transmit the SAS application, maybe it will parse the primary capacitor!
<3>2 2025-12-17T17:49:18.928Z dynamicseize.io sit 8441 ID129 - If we quantify the alarm, we can get to the HTTP array through the digital SMS firewall!
<35>1 2025-12-17T17:49:23Z corporateleverage.net vitae 2480 ID473 - user=matthew_gibson_lopez password=xUlekw9ru status=invalid
<35>1 2025-12-17T17:49:26Z corporateleverage.net vitae 2480 ID473 - user=drew_osborn password=qdQTqYlVBUPkd status=invalid
<35>1 2025-12-17T17:49:30Z corporateleverage.net vitae 2480 ID473 - user=hondo_limon password=6igcpq9u status=invalid
<35>1 2025-12-17T17:49:31Z corporateleverage.net vitae 2480 ID473 - user=turgay_korkmaz password=Wr5BTh6n status=invalid
<70>1 2025-12-17T17:49:18.928Z principalclicks-and-mortar.io atque 1023 ID414 - We need to index the auxiliary SDD interface!
<182>3 2025-12-17T17:49:18.928Z internalintuitive.org perferendis 4521 ID623 - Calculating the system won't do anything, we need to override the primary PNG firewall!
<110>1 2025-12-17T17:49:18.928Z internalclicks-and-mortar.io illo 3405 ID687 - I'Ll transmit the open-source PNG circuit, that should port the IB firewall!
<164>2 2025-12-17T17:49:18.928Z districtvisionary.com cupiditate 1294 ID941 - We need to back up the online SAS panel!
<35>1 2025-12-17T17:49:34Z corporateleverage.net vitae 2480 ID473 - user=elocin_pettit password=KvRQY3tL23Zf status=invalid
<35>1 2025-12-17T17:49:36Z corporateleverage.net vitae 2480 ID473 - user=gregory_white password=8eKkcKDAAYHu status=invalid
<123>3 2025-12-17T17:49:18.928Z customercompelling.net ut 7707 ID516 - If we override the application, we can get to the TCP monitor through the neural EXE hard drive!
<35>1 2025-12-17T17:49:39Z corporateleverage.net vitae 2480 ID473 - user=gregory_white password=4JcZ9OFgny2 status=invalid
<135>2 2025-12-17T17:49:18.928Z directproductize.info quod 5701 ID355 - If we reboot the system, we can get to the SMTP pixel through the solid state COM microchip!
<82>3 2025-12-17T17:49:18.928Z productleading-edge.io distinctio 1405 ID193 - If we bypass the program, we can get to the EXE array through the back-end FTP driver!
<12>3 2025-12-17T17:49:18.928Z principalone-to-one.net dolorem 2203 ID59 - You can't transmit the pixel without synthesizing the open-source PNG alarm!
<63>3 2025-12-17T17:49:18.928Z nationalchannels.org aut 3048 ID233 - Programming the pixel won't do anything, we need to parse the bluetooth ADP program!
<173>1 2025-12-17T17:49:18.928Z globalsupply-chains.name eos 4435 ID307 - The EXE program is down, navigate the optical application so we can input the HTTP alarm!
<23>2 2025-12-17T17:49:18.928Z districtsupply-chains.biz illum 3427 ID426 - Quantifying the port won't do anything, we need to copy the solid state HTTP program!
<35>1 2025-12-17T17:49:43Z corporateleverage.net vitae 2480 ID473 - user=drew_osborn password=28NMtfXl status=invalid
<143>1 2025-12-17T17:49:18.928Z districtextensible.io velit 8744 ID574 - If we navigate the transmitter, we can get to the XSS transmitter through the 1080p SQL alarm!
<150>2 2025-12-17T17:49:18.928Z districtreintermediate.com blanditiis 1438 ID997 - The PNG microchip is down, calculate the neural matrix so we can parse the AI alarm!
<41>2 2025-12-17T17:49:18.928Z humansynergies.biz ipsa 2195 ID241 - Use the optical PCI panel, then you can back up the mobile matrix!
<150>2 2025-12-17T17:49:18.928Z forwardcross-media.info eos 8200 ID780 - Try to back up the XSS bandwidth, maybe it will index the multi-byte application!
<35>1 2025-12-17T17:49:44Z corporateleverage.net vitae 2480 ID473 - user=carlington_miller password=DPFNonsD2VjP status=invalid
<52>2 2025-12-17T17:49:18.928Z internationalincentivize.name pariatur 8308 ID321 - The TCP panel is down, reboot the primary feed so we can calculate the HTTP driver!
<172>1 2025-12-17T17:49:18.928Z legacydisintermediate.net sit 2114 ID730 - Try to generate the AGP feed, maybe it will override the online feed!
<87>3 2025-12-17T17:49:18.928Z regionalout-of-the-box.biz consequuntur 7733 ID916 - If we input the sensor, we can get to the SQL microchip through the haptic PCI program!
<93>1 2025-12-17T17:49:18.928Z leaddisintermediate.com corrupti 2030 ID175 - Use the haptic ADP application, then you can program the primary system!
<65>3 2025-12-17T17:49:18.928Z leadvalue-added.org dignissimos 2279 ID791 - If we index the alarm, we can get to the ADP bandwidth through the wireless SQL matrix!
<137>1 2025-12-17T17:49:18.928Z productdisintermediate.com consectetur 9126 ID49 - Use the primary GB array, then you can input the mobile microchip!
<95>2 2025-12-17T17:49:18.928Z chiefreintermediate.org itaque 2844 ID625 - If we compress the matrix, we can get to the THX hard drive through the multi-byte PCI circuit!
<32>1 2025-12-17T17:49:18.928Z humanback-end.name et 6536 ID913 - I'Ll copy the bluetooth SAS array, that should microchip the COM program!
<35>1 2025-12-17T17:49:47Z corporateleverage.net vitae 2480 ID473 - user=john_oritz password=NvqcbDwhTCbde status=invalid
<124>2 2025-12-17T17:49:18.928Z investorkiller.net vel 5530 ID730 - The GB bus is down, program the virtual bus so we can navigate the GB alarm!
<25>2 2025-12-17T17:49:18.928Z dynamicnetworks.biz in 3841 ID423 - Try to compress the SMTP pixel, maybe it will parse the online system!
<127>2 2025-12-17T17:49:18.928Z legacycollaborative.io sint 8396 ID405 - You can't compress the circuit without transmitting the auxiliary JBOD application!
<5>3 2025-12-17T17:49:18.928Z principaltransform.info numquam 5909 ID856 - We need to copy the neural JBOD system!
<75>2 2025-12-17T17:49:18.928Z dynamiccustomized.name veritatis 7189 ID633 - We need to parse the mobile SSL firewall!
<35>1 2025-12-17T17:49:48Z corporateleverage.net vitae 2480 ID473 - user=joaquin password=VzfpYqFNe status=invalid
<125>2 2025-12-17T17:49:18.928Z forwarddistributed.com consequuntur 7653 ID167 - If we quantify the panel, we can get to the XML microchip through the auxiliary HTTP circuit!
<190>3 2025-12-17T17:49:18.928Z regionalbrand.info nobis 977 ID142 - We need to connect the haptic PNG feed!
<22>3 2025-12-17T17:49:18.928Z internalfront-end.net quam 8988 ID713 - The GB bus is down, connect the back-end hard drive so we can compress the HTTP alarm!
<35>1 2025-12-17T17:49:51Z corporateleverage.net vitae 2480 ID473 - user=keith_harrison password=WPcaBc6WQIcAAo status=invalid
<159>3 2025-12-17T17:49:18.928Z leadfunctionalities.org sint 4155 ID720 - We need to override the back-end AGP hard drive!
<35>1 2025-12-17T17:49:54Z corporateleverage.net vitae 2480 ID473 - user=joaquin password=eAQ9vrVv63i status=invalid
<82>2 2025-12-17T17:49:18.928Z legacyinnovate.biz ea 2590 ID358 - The JSON system is down, compress the optical monitor so we can reboot the SCSI panel!
<35>1 2025-12-17T17:49:59Z corporateleverage.net vitae 2480 ID473 - user=keith_harrison password=U0ShhRcXMiFsO status=invalid
<112>3 2025-12-17T17:49:18.928Z humane-services.io perspiciatis 7843 ID42 - Compressing the pixel won't do anything, we need to override the solid state XML feed!
<175>2 2025-12-17T17:49:18.928Z internationalbleeding-edge.biz incidunt 8558 ID221 - The FTP microchip is down, reboot the cross-platform program so we can copy the JBOD transmitter!
<160>3 2025-12-17T17:49:18.928Z centralinterfaces.com commodi 2883 ID782 - If we input the monitor, we can get to the SAS card through the 1080p RSS protocol!
<35>1 2025-12-17T17:50:03Z corporateleverage.net vitae 2480 ID473 - user=joaquin password=BT0GQxqpN status=invalid
<135>1 2025-12-17T17:49:18.928Z dynamiciterate.org voluptatibus 6898 ID408 - We need to transmit the multi-byte PNG interface!
<35>1 2025-12-17T17:50:08Z corporateleverage.net vitae 2480 ID473 - user=drew_day password=rYbKnmdyvBAp1 status=invalid
<71>3 2025-12-17T17:49:18.928Z centralscale.io autem 2494 ID529 - We need to quantify the mobile SAS panel!
<129>3 2025-12-17T17:49:18.928Z directimpactful.org sint 9350 ID234 - If we synthesize the hard drive, we can get to the IB array through the wireless AI transmitter!
<119>3 2025-12-17T17:49:18.928Z forwardincubate.biz mollitia 4297 ID273 - Use the mobile CSS circuit, then you can index the primary panel!
<35>1 2025-12-17T17:50:13Z corporateleverage.net vitae 2480 ID473 - user=dyshana_torres_rivera password=wlCJkT9XTv9 status=invalid
<35>1 2025-12-17T17:50:16Z corporateleverage.net vitae 2480 ID473 - user=drew_osborn password=8sVJMhMwjwKN status=invalid
<97>3 2025-12-17T17:49:18.928Z futureaction-items.net sunt 4995 ID846 - Try to reboot the SCSI firewall, maybe it will connect the haptic system!
<168>1 2025-12-17T17:49:18.928Z globalscalable.org aut 2221 ID332 - We need to connect the cross-platform CSS hard drive!
<144>1 2025-12-17T17:49:18.928Z districtextend.name eos 8814 ID185 - You can't override the alarm without parsing the open-source SSL hard drive!
<49>3 2025-12-17T17:49:18.928Z internationale-business.biz ut 1515 ID162 - Copying the capacitor won't do anything, we need to connect the wireless FTP sensor!
<84>3 2025-12-17T17:49:18.928Z districtincubate.name a 1450 ID614 - I'Ll input the digital XML port, that should hard drive the IB hard drive!
<35>1 2025-12-17T17:50:18Z corporateleverage.net vitae 2480 ID473 - user=hondo_limon password=0JDF4Ch0dGOJn2 status=invalid
<120>3 2025-12-17T17:49:18.928Z humanmaximize.info sapiente 6274 ID247 - If we input the hard drive, we can get to the SDD application through the back-end JSON matrix!
<156>1 2025-12-17T17:49:18.928Z principalkiller.io non 7080 ID747 - Use the neural RAM matrix, then you can override the open-source feed!
<58>1 2025-12-17T17:49:18.928Z globalcollaborative.net voluptas 7553 ID255 - If we synthesize the port, we can get to the CSS microchip through the wireless SMS array!
<122>2 2025-12-17T17:49:18.928Z leadviral.biz quam 1282 ID582 - I'Ll synthesize the virtual SQL sensor, that should bus the AI capacitor!
<137>3 2025-12-17T17:49:18.928Z internalcompelling.com sit 5447 ID605 - We need to calculate the bluetooth SCSI panel!
<142>1 2025-12-17T17:49:18.928Z forwardsticky.biz excepturi 6288 ID341 - I'Ll connect the mobile TCP alarm, that should card the GB alarm!
<35>1 2025-12-17T17:50:21Z corporateleverage.net vitae 2480 ID473 - user=aidan_kollar password=4YGVOMWpHmRlVu status=invalid
<20>2 2025-12-17T17:49:18.928Z productstrategize.info deserunt 7960 ID554 - Connecting the monitor won't do anything, we need to quantify the open-source COM alarm!
<183>3 2025-12-17T17:49:18.928Z centralengage.biz voluptatem 343 ID912 - We need to input the online RSS bus!
<87>1 2025-12-17T17:49:18.928Z centraldrive.net dolore 9097 ID509 - Navigating the sensor won't do anything, we need to quantify the bluetooth FTP microchip!
<23>3 2025-12-17T17:49:18.928Z legacyseize.biz sunt 4739 ID716 - If we compress the bandwidth, we can get to the THX panel through the bluetooth AGP circuit!
<160>2 2025-12-17T17:49:18.928Z corporaterich.biz similique 5169 ID523 - Copying the panel won't do anything, we need to transmit the online SAS microchip!
<125>1 2025-12-17T17:49:18.928Z investorbricks-and-clicks.biz debitis 3839 ID707 - The PCI monitor is down, override the solid state application so we can index the RSS protocol!
<56>3 2025-12-17T17:49:18.928Z seniorbricks-and-clicks.biz molestiae 1565 ID419 - The JSON port is down, reboot the back-end transmitter so we can synthesize the TCP card!
<168>2 2025-12-17T17:49:18.928Z dynamicexploit.io deleniti 2976 ID633 - Calculating the array won't do anything, we need to compress the 1080p SCSI monitor!
<35>1 2025-12-17T17:50:25Z corporateleverage.net vitae 2480 ID473 - user=samantha_vivanco password=hNytCBRzj status=invalid
<183>2 2025-12-17T17:49:18.928Z dynamicmesh.name perspiciatis 2373 ID896 - The AI feed is down, override the primary circuit so we can quantify the RSS system!
<10>1 2025-12-17T17:49:18.928Z nationalvisionary.org consequatur 9877 ID325 - You can't bypass the protocol without bypassing the multi-byte AGP card!
<56>2 2025-12-17T17:49:18.928Z forwardeyeballs.name vel 6832 ID343 - Use the redundant SQL monitor, then you can synthesize the redundant application!
<35>1 2025-12-17T17:50:28Z corporateleverage.net vitae 2480 ID473 - user=zakharias_joseph password=qioDrM3JL status=invalid
<89>3 2025-12-17T17:49:18.928Z regionalinnovate.biz odit 6971 ID543 - The SSL microchip is down, quantify the virtual matrix so we can generate the XML matrix!
<158>2 2025-12-17T17:49:18.928Z seniordeliverables.name voluptas 573 ID682 - If we compress the protocol, we can get to the SSL alarm through the back-end JBOD port!
<35>1 2025-12-17T17:50:33Z corporateleverage.net vitae 2480 ID473 - user=zakharias_joseph password=obWhNdF4dA9R status=invalid
<95>1 2025-12-17T17:49:18.928Z corporateubiquitous.io rerum 1361 ID342 - Transmitting the system won't do anything, we need to parse the digital TCP system!
<59>1 2025-12-17T17:49:18.928Z globalbrand.info occaecati 2370 ID555 - You can't input the protocol without calculating the redundant SCSI protocol!
<136>2 2025-12-17T17:49:18.928Z chiefout-of-the-box.name aperiam 4146 ID897 - You can't bypass the capacitor without synthesizing the back-end EXE application!
<86>1 2025-12-17T17:49:18.928Z corporatee-business.name maxime 7745 ID326 - The JSON program is down, back up the online array so we can bypass the SMTP pixel!
<79>2 2025-12-17T17:49:18.928Z nationalfunctionalities.org illo 7291 ID836 - Try to program the IB transmitter, maybe it will generate the optical capacitor!
<161>2 2025-12-17T17:49:18.928Z chiefe-markets.name magnam 6130 ID509 - If we reboot the matrix, we can get to the HTTP protocol through the auxiliary PNG system!
<57>1 2025-12-17T17:49:18.928Z corporatevertical.net est 7421 ID954 - I'Ll back up the open-source FTP program, that should card the ADP circuit!
<179>1 2025-12-17T17:49:18.928Z chiefcross-platform.io perspiciatis 4399 ID281 - Try to connect the PNG sensor, maybe it will compress the wireless matrix!
<87>3 2025-12-17T17:49:18.928Z districtextensible.com voluptates 8906 ID482 - Try to calculate the JBOD circuit, maybe it will index the 1080p panel!
<118>1 2025-12-17T17:49:18.928Z leaddrive.io provident 145 ID358 - The SMS protocol is down, navigate the digital card so we can override the RSS sensor!
<101>2 2025-12-17T17:49:18.928Z internalroi.name amet 4476 ID371 - You can't generate the microchip without overriding the cross-platform SMTP panel!
<152>3 2025-12-17T17:49:18.928Z districtharness.org autem 9927 ID608 - The TCP protocol is down, parse the digital capacitor so we can copy the TCP hard drive!
<88>1 2025-12-17T17:49:18.928Z investortarget.io voluptas 2756 ID156 - If we hack the monitor, we can get to the USB firewall through the virtual HTTP interface!
<35>1 2025-12-17T17:50:34Z corporateleverage.net vitae 2480 ID473 - user=blessy password=xJHrUqpMkUprY status=invalid
<108>3 2025-12-17T17:49:18.928Z dynamicharness.info rerum 4695 ID813 - We need to bypass the solid state SCSI system!
<2>1 2025-12-17T17:49:18.928Z humanbrand.net accusamus 5902 ID82 - We need to bypass the solid state SMTP card!
<69>1 2025-12-17T17:49:18.928Z principalmodels.org quis 7626 ID979 - You can't back up the card without indexing the optical COM capacitor!
<35>1 2025-12-17T17:50:38Z corporateleverage.net vitae 2480 ID473 - user=nat_broyles password=siNylNpe4Ms status=invalid
<73>2 2025-12-17T17:49:18.928Z directb2b.info placeat 635 ID926 - If we reboot the monitor, we can get to the SMTP port through the haptic SMS alarm!
<89>1 2025-12-17T17:49:18.928Z futureevolve.name est 9533 ID652 - We need to parse the bluetooth PCI matrix!
<143>2 2025-12-17T17:49:18.928Z directcollaborative.biz iure 5076 ID273 - I'Ll connect the mobile HDD system, that should microchip the IB microchip!
<66>2 2025-12-17T17:49:18.928Z globaleyeballs.net cupiditate 3560 ID249 - You can't back up the array without connecting the open-source SAS matrix!
<48>2 2025-12-17T17:49:18.928Z investorbleeding-edge.net inventore 7841 ID831 - If we navigate the circuit, we can get to the RSS firewall through the auxiliary JSON monitor!
<35>1 2025-12-17T17:50:42Z corporateleverage.net vitae 2480 ID473 - user=joshua_silva password=eoZqiaYjk2O status=invalid
<170>1 2025-12-17T17:49:18.928Z humane-markets.com ut 2738 ID786 - If we calculate the bus, we can get to the SSL array through the back-end RSS program!
<38>2 2025-12-17T17:49:18.928Z internalinfomediaries.info rem 5790 ID459 - The FTP monitor is down, copy the solid state feed so we can calculate the SQL hard drive!
<19>1 2025-12-17T17:49:18.928Z dynamicsystems.org porro 1582 ID753 - Generating the microchip won't do anything, we need to quantify the neural SCSI bandwidth!
<135>3 2025-12-17T17:49:18.928Z corporatecontent.info soluta 8823 ID672 - You can't transmit the alarm without synthesizing the haptic GB port!
<94>3 2025-12-17T17:49:18.928Z nationalb2b.org aut 6677 ID129 - We need to bypass the open-source EXE matrix!
<155>1 2025-12-17T17:49:18.928Z legacyincentivize.name cupiditate 5473 ID30 - You can't synthesize the monitor without hacking the digital CSS circuit!
<35>1 2025-12-17T17:50:47Z corporateleverage.net vitae 2480 ID473 - user=jacqueline_yanez password=hWnJi6A7 status=invalid
<12>3 2025-12-17T17:49:18.928Z internationalcollaborative.io id 6952 ID646 - You can't synthesize the circuit without generating the 1080p SCSI system!
<64>1 2025-12-17T17:49:18.928Z globalintegrated.name deleniti 9686 ID739 - I'Ll navigate the neural SCSI feed, that should bandwidth the HTTP system!
<131>1 2025-12-17T17:49:18.928Z productrobust.org iusto 8552 ID438 - If we program the interface, we can get to the EXE protocol through the online AGP monitor!
<28>2 2025-12-17T17:49:18.928Z dynamicrevolutionize.name aut 6111 ID320 - Try to parse the JSON port, maybe it will transmit the neural alarm!
<12>2 2025-12-17T17:49:18.928Z principalintegrate.info quidem 9164 ID813 - If we generate the transmitter, we can get to the SMTP microchip through the multi-byte JBOD application!
<35>1 2025-12-17T17:50:48Z corporateleverage.net vitae 2480 ID473 - user=mimi_xie password=FLZ0k0WQJNv73 status=invalid
<35>1 2025-12-17T17:50:51Z corporateleverage.net vitae 2480 ID473 - user=eric_lee password=3muMPqpY status=invalid
<11>1 2025-12-17T17:49:18.928Z principalroi.org deleniti 1494 ID515 - If we back up the feed, we can get to the JSON bandwidth through the optical SMS system!
<87>1 2025-12-17T17:49:18.928Z legacyenterprise.biz vel 5677 ID355 - The EXE microchip is down, override the back-end circuit so we can generate the FTP protocol!
<99>1 2025-12-17T17:49:18.928Z centraleyeballs.com consequuntur 6691 ID23 - You can't index the firewall without backing up the virtual COM program!
<19>2 2025-12-17T17:49:18.928Z forwardincubate.net qui 2540 ID783 - Bypassing the firewall won't do anything, we need to navigate the haptic PNG protocol!
<134>1 2025-12-17T17:49:18.928Z forwardmesh.org autem 1060 ID763 - You can't index the interface without generating the solid state PNG array!
<177>1 2025-12-17T17:49:18.928Z investorsynergistic.com et 3155 ID109 - If we synthesize the bus, we can get to the GB alarm through the cross-platform SDD protocol!
<5>3 2025-12-17T17:49:18.928Z leadgrow.biz exercitationem 5340 ID367 - I'Ll transmit the online SAS bandwidth, that should feed the XSS feed!
<48>2 2025-12-17T17:49:18.928Z dynamicrobust.net quibusdam 5071 ID934 - The PNG application is down, program the 1080p sensor so we can bypass the XSS application!
<13>3 2025-12-17T17:49:18.928Z seniorfrictionless.io consequatur 816 ID81 - We need to quantify the haptic USB application!
<71>3 2025-12-17T17:49:18.928Z internationalwireless.info perferendis 7763 ID85 - Use the 1080p EXE driver, then you can back up the open-source card!
<107>3 2025-12-17T17:49:18.928Z directenhance.name quasi 4640 ID215 - The AI bandwidth is down, input the open-source bandwidth so we can bypass the FTP program!
<68>1 2025-12-17T17:49:18.928Z humaneyeballs.info rem 3137 ID87 - The SMS application is down, compress the mobile capacitor so we can program the JSON driver!
<15>2 2025-12-17T17:49:18.928Z internalmethodologies.io est 6912 ID931 - The AGP bus is down, synthesize the open-source program so we can copy the SCSI feed!
<139>1 2025-12-17T17:49:18.928Z productkiller.info optio 123 ID593 - Use the optical SQL transmitter, then you can parse the redundant program!
<35>1 2025-12-17T17:50:56Z corporateleverage.net vitae 2480 ID473 - user=john_oritz password=zHFev7V9Si16e status=invalid
<4>3 2025-12-17T17:49:18.928Z customerempower.biz voluptas 3892 ID542 - If we program the hard drive, we can get to the GB port through the back-end HTTP capacitor!
<39>2 2025-12-17T17:49:18.928Z dynamicextend.net eum 6182 ID665 - You can't copy the bandwidth without connecting the multi-byte SAS port!
<110>3 2025-12-17T17:49:18.928Z productleading-edge.info dolores 9939 ID805 - Use the solid state XSS interface, then you can input the auxiliary bandwidth!
<35>1 2025-12-17T17:50:57Z corporateleverage.net vitae 2480 ID473 - user=matthew_gibson_lopez password=o2sK3zi7GY status=invalid
<47>3 2025-12-17T17:49:18.928Z globalenvisioneer.org consequuntur 2305 ID969 - Try to program the EXE array, maybe it will hack the cross-platform panel!
<15>2 2025-12-17T17:49:18.928Z nationalvortals.info rerum 1996 ID404 - You can't transmit the bus without transmitting the virtual XML card!
<83>3 2025-12-17T17:49:18.928Z customerfunctionalities.com officiis 6663 ID398 - We need to override the cross-platform XML panel!
<124>2 2025-12-17T17:49:18.928Z centralfrictionless.name velit 5423 ID14 - Use the wireless JBOD array, then you can bypass the 1080p driver!
<189>2 2025-12-17T17:49:18.928Z directsticky.info sed 7194 ID649 - If we index the array, we can get to the SQL panel through the solid state EXE protocol!
<51>1 2025-12-17T17:49:18.928Z chiefubiquitous.com sit 320 ID463 - We need to back up the auxiliary RSS firewall!
<67>2 2025-12-17T17:49:18.928Z seniore-business.info et 5995 ID628 - Try to override the AGP interface, maybe it will navigate the multi-byte hard drive!
<65>3 2025-12-17T17:49:18.928Z districtexploit.net harum 6425 ID677 - Hacking the firewall won't do anything, we need to input the online HTTP alarm!
<35>1 2025-12-17T17:51:00Z corporateleverage.net vitae 2480 ID473 - user=christopher_chilek password=XypJOx68C status=invalid
<35>1 2025-12-17T17:51:01Z corporateleverage.net vitae 2480 ID473 - user=curran_hill password=dPDCjWrK status=invalid
<35>1 2025-12-17T17:51:06Z corporateleverage.net vitae 2480 ID473 - user=mimi_xie password=ukuoNuKmPnWABP status=invalid
<112>1 2025-12-17T17:49:18.928Z legacymodels.name voluptatem 9469 ID318 - If we transmit the application, we can get to the GB system through the back-end SMTP application!
<105>2 2025-12-17T17:49:18.928Z directturn-key.net natus 5245 ID283 - The SMTP interface is down, program the mobile pixel so we can input the COM circuit!
<180>1 2025-12-17T17:49:18.928Z dynamicdynamic.com est 7288 ID446 - Calculating the firewall won't do anything, we need to synthesize the auxiliary SMS card!
<95>2 2025-12-17T17:49:18.928Z productwireless.io tempore 2373 ID180 - You can't transmit the transmitter without navigating the redundant SQL system!
<164>1 2025-12-17T17:49:18.928Z productharness.io nulla 1276 ID662 - Try to index the EXE circuit, maybe it will bypass the redundant bandwidth!
<164>2 2025-12-17T17:49:18.928Z centraldot-com.info quasi 5324 ID711 - Try to program the IB system, maybe it will quantify the redundant matrix!
<15>3 2025-12-17T17:49:18.928Z dynamicplug-and-play.biz eligendi 1769 ID146 - The AI card is down, navigate the bluetooth driver so we can bypass the AGP microchip!
<112>3 2025-12-17T17:49:18.928Z seniorsyndicate.biz ratione 1466 ID276 - Try to input the COM protocol, maybe it will index the haptic program!
<183>1 2025-12-17T17:49:18.928Z futureschemas.biz quod 3870 ID256 - The GB card is down, index the 1080p hard drive so we can back up the SSL monitor!
<35>2 2025-12-17T17:49:18.928Z humanvertical.info distinctio 4070 ID103 - We need to navigate the online AI capacitor!
<16>3 2025-12-17T17:49:18.928Z humanimpactful.com error 5780 ID654 - Try to copy the HDD microchip, maybe it will quantify the cross-platform firewall!
<84>2 2025-12-17T17:49:18.928Z districtoptimize.name amet 1258 ID898 - Try to quantify the FTP sensor, maybe it will calculate the wireless program!
<35>1 2025-12-17T17:51:09Z corporateleverage.net vitae 2480 ID473 - user=dyshana_torres_rivera password=fyXp1c055LfXb status=invalid
<51>1 2025-12-17T17:49:18.928Z chiefarchitect.biz porro 136 ID843 - We need to copy the neural XSS port!
<50>1 2025-12-17T17:49:18.928Z leadcultivate.biz et 5647 ID909 - Use the cross-platform EXE sensor, then you can calculate the 1080p microchip!
<100>3 2025-12-17T17:49:18.928Z districtkiller.io excepturi 7014 ID944 - If we quantify the port, we can get to the SDD matrix through the wireless HTTP card!
<23>3 2025-12-17T17:49:18.928Z forwardconvergence.net enim 8812 ID371 - We need to program the 1080p GB interface!
<26>2 2025-12-17T17:49:18.928Z chiefembrace.org et 2806 ID320 - Calculating the application won't do anything, we need to quantify the virtual PCI hard drive!
<183>1 2025-12-17T17:49:18.928Z principalmodels.info iusto 2940 ID724 - We need to parse the optical CSS sensor!
<35>1 2025-12-17T17:51:13Z corporateleverage.net vitae 2480 ID473 - user=judith_infante password=ZxLPHtKya3rolz status=invalid
<74>2 2025-12-17T17:49:18.928Z internationaltechnologies.net dolor 2727 ID65 - We need to bypass the neural SSL array!
<16>3 2025-12-17T17:49:18.928Z forwarduser-centric.name aspernatur 4269 ID568 - We need to bypass the bluetooth IB protocol!
<12>2 2025-12-17T17:49:18.928Z dynamictransparent.com neque 1307 ID201 - The EXE matrix is down, navigate the 1080p transmitter so we can index the SSL driver!
<172>2 2025-12-17T17:49:18.928Z corporatesynergies.io consequatur 1481 ID356 - Use the virtual COM hard drive, then you can compress the digital sensor!
<172>1 2025-12-17T17:49:18.928Z regionalparadigms.com consequatur 7754 ID610 - You can't compress the bus without connecting the auxiliary SAS interface!
<40>1 2025-12-17T17:49:18.928Z dynamicusers.io nesciunt 297 ID72 - If we synthesize the bus, we can get to the RAM panel through the online AI matrix!
<143>2 2025-12-17T17:49:18.928Z centralmarkets.biz temporibus 5625 ID57 - Use the auxiliary PCI capacitor, then you can synthesize the optical sensor!
<35>1 2025-12-17T17:51:18Z corporateleverage.net vitae 2480 ID473 - user=jacqueline_yanez password=lKg4bTbNjw2 status=invalid
<118>2 2025-12-17T17:49:18.928Z corporateinteractive.com iste 9026 ID327 - Backing up the bandwidth won't do anything, we need to bypass the multi-byte SAS alarm!
<35>1 2025-12-17T17:51:20Z corporateleverage.net vitae 2480 ID473 - user=hondo_limon password=Fnoq4ZQHFgHt status=invalid
<123>3 2025-12-17T17:49:18.928Z nationalopen-source.info autem 6586 ID162 - You can't reboot the system without connecting the haptic CSS application!
<108>2 2025-12-17T17:49:18.928Z legacyb2b.info deserunt 5286 ID183 - The EXE application is down, reboot the wireless pixel so we can hack the THX firewall!
<40>3 2025-12-17T17:49:18.928Z chiefsolutions.name sint 2321 ID794 - The RSS array is down, copy the multi-byte pixel so we can synthesize the USB bandwidth!
<122>1 2025-12-17T17:49:18.928Z futureoptimize.com et 5081 ID477 - We need to parse the redundant XSS firewall!
<184>1 2025-12-17T17:49:18.928Z dynamicrevolutionize.net rerum 1656 ID857 - You can't generate the driver without calculating the haptic RAM hard drive!
<167>1 2025-12-17T17:49:18.928Z corporatetechnologies.name consequuntur 2751 ID446 - Parsing the feed won't do anything, we need to hack the primary FTP hard drive!
<89>2 2025-12-17T17:49:18.928Z directtransparent.io aut 1932 ID46 - Copying the hard drive won't do anything, we need to parse the redundant PNG array!
<183>2 2025-12-17T17:49:18.928Z leaddeliverables.name temporibus 9785 ID76 - If we index the capacitor, we can get to the GB firewall through the neural EXE alarm!
<35>1 2025-12-17T17:51:24Z corporateleverage.net vitae 2480 ID473 - user=isabella_bartolomeo password=r18N0qYuNgn status=invalid
<35>1 2025-12-17T17:51:28Z corporateleverage.net vitae 2480 ID473 - user=blessy password=mpVGpuyaTR status=invalid
<35>1 2025-12-17T17:51:33Z corporateleverage.net vitae 2480 ID473 - user=elocin_pettit password=QHjXIYkN status=invalid
<35>1 2025-12-17T17:51:36Z corporateleverage.net vitae 2480 ID473 - user=isabella_bartolomeo password=cHAEya3b status=invalid
<93>2 2025-12-17T17:49:18.928Z centralembrace.biz ut 2010 ID220 - Use the cross-platform JSON card, then you can hack the back-end alarm!
<7>1 2025-12-17T17:49:18.928Z legacysynergistic.biz iste 4978 ID568 - I'Ll compress the wireless PCI monitor, that should driver the AI sensor!
<33>1 2025-12-17T17:49:18.928Z internationaltransition.info facere 4312 ID300 - Use the online IB capacitor, then you can calculate the neural panel!
<35>1 2025-12-17T17:51:40Z corporateleverage.net vitae 2480 ID473 - user=turgay_korkmaz password=2QNJ5SiyLJuBW status=invalid
<108>3 2025-12-17T17:49:18.928Z principalinnovative.io soluta 3261 ID852 - You can't connect the transmitter without copying the optical SQL matrix!
<16>2 2025-12-17T17:49:18.928Z corporateimplement.info aliquam 9008 ID608 - The AGP feed is down, transmit the optical protocol so we can program the ADP protocol!
<91>1 2025-12-17T17:49:18.928Z customerscalable.org est 6903 ID195 - The SDD system is down, copy the primary sensor so we can override the HTTP pixel!
<89>2 2025-12-17T17:49:18.928Z forwardcross-platform.net quos 3178 ID500 - We need to parse the wireless AI feed!
<59>2 2025-12-17T17:49:18.928Z investoraggregate.org autem 7881 ID632 - We need to connect the primary RSS pixel!
<92>1 2025-12-17T17:49:18.928Z directb2c.name reiciendis 7919 ID234 - We need to program the haptic SSL microchip!
<82>2 2025-12-17T17:49:18.928Z internationalrevolutionary.io accusamus 380 ID710 - Navigating the feed won't do anything, we need to reboot the bluetooth USB alarm!
<132>1 2025-12-17T17:49:18.928Z dynamicdot-com.com a 7823 ID809 - Use the optical PNG panel, then you can connect the open-source capacitor!
<141>2 2025-12-17T17:49:18.928Z internationalembrace.biz nam 5920 ID92 - We need to transmit the online SMTP system!
<35>1 2025-12-17T17:51:45Z corporateleverage.net vitae 2480 ID473 - user=joshua_silva password=0mRqLZ3kZV58kf status=invalid
<35>1 2025-12-17T17:51:49Z corporateleverage.net vitae 2480 ID473 - user=carlington_miller password=NBcI7ZLmK1 status=invalid
<191>1 2025-12-17T17:49:18.928Z productone-to-one.org delectus 4975 ID215 - I'Ll input the virtual JBOD application, that should capacitor the PNG application!
<131>1 2025-12-17T17:49:18.928Z chiefaction-items.info et 7011 ID56 - The COM circuit is down, back up the solid state matrix so we can reboot the USB monitor!
<35>1 2025-12-17T17:51:50Z corporateleverage.net vitae 2480 ID473 - user=matthew_gibson_lopez password=0aNi9EijM status=invalid
<69>1 2025-12-17T17:49:18.928Z humanscalable.name perferendis 8685 ID90 - I'Ll compress the 1080p USB alarm, that should bandwidth the CSS circuit!
<58>1 2025-12-17T17:49:18.928Z chiefsynergize.biz et 5106 ID989 - Use the mobile GB transmitter, then you can input the cross-platform bus!
<170>1 2025-12-17T17:49:18.928Z regionalscale.com error 5445 ID169 - Use the primary COM interface, then you can index the virtual port!
<4>1 2025-12-17T17:49:18.928Z principalend-to-end.org eos 8451 ID841 - I'Ll reboot the 1080p PCI interface, that should feed the JSON monitor!
<35>1 2025-12-17T17:51:54Z corporateleverage.net vitae 2480 ID473 - user=gregory_white password=HKlNbyzvePvq3 status=invalid
<0>2 2025-12-17T17:49:18.928Z chiefbleeding-edge.net modi 7804 ID271 - I'Ll compress the virtual GB port, that should application the COM bandwidth!
<153>1 2025-12-17T17:49:18.928Z directviral.org accusamus 6518 ID147 - I'Ll parse the online SDD program, that should program the SQL panel!
<35>1 2025-12-17T17:51:57Z corporateleverage.net vitae 2480 ID473 - user=drew_day password=fjAvbvG0 status=invalid
<109>1 2025-12-17T17:49:18.928Z nationalsyndicate.io vero 2145 ID624 - Try to index the SQL capacitor, maybe it will hack the redundant protocol!
<29>1 2025-12-17T17:49:18.928Z corporateincubate.org temporibus 3100 ID441 - You can't copy the card without backing up the optical SAS transmitter!
<35>1 2025-12-17T17:51:58Z corporateleverage.net vitae 2480 ID473 - user=arnon_kenny password=jMXi3Vy15WqEt status=invalid
<162>2 2025-12-17T17:49:18.928Z globalmission-critical.io et 1733 ID36 - Navigating the matrix won't do anything, we need to generate the mobile GB card!
<83>2 2025-12-17T17:49:18.928Z dynamiccommunities.io aperiam 8026 ID119 - I'Ll index the auxiliary AGP circuit, that should bandwidth the SDD matrix!
<35>1 2025-12-17T17:52:03Z corporateleverage.net vitae 2480 ID473 - user=sam_silvestro password=DrGCeXk6R2Pi status=invalid
<129>1 2025-12-17T17:49:18.928Z directincubate.com odit 451 ID90 - Use the 1080p TCP alarm, then you can back up the online application!
<35>1 2025-12-17T17:52:04Z corporateleverage.net vitae 2480 ID473 - user=ke_yang password=P39Db6UN27 status=invalid
<35>1 2025-12-17T17:52:08Z corporateleverage.net vitae 2480 ID473 - user=curran_hill password=ynjt2I8ubUk status=invalid
<35>1 2025-12-17T17:52:09Z corporateleverage.net vitae 2480 ID473 - user=william_chen password=2gNHv5hKnSq1 status=invalid
<164>1 2025-12-17T17:49:18.928Z futuree-business.net quaerat 8397 ID816 - Compressing the transmitter won't do anything, we need to hack the primary HTTP application!
<35>1 2025-12-17T17:52:12Z corporateleverage.net vitae 2480 ID473 - user=eric_lee password=5V6MOyKk status=invalid
<88>3 2025-12-17T17:49:18.928Z investormodels.io temporibus 194 ID424 - You can't connect the card without overriding the bluetooth TCP transmitter!
<32>2 2025-12-17T17:49:18.928Z leadbest-of-breed.net et 1227 ID593 - The XML system is down, navigate the solid state sensor so we can quantify the RAM pixel!
<35>1 2025-12-17T17:52:15Z corporateleverage.net vitae 2480 ID473 - user=zakharias_joseph password=ndFvbG0Y1cEk status=invalid
<41>1 2025-12-17T17:49:18.928Z humantransparent.info eaque 2921 ID483 - You can't hack the port without quantifying the auxiliary EXE program!
<35>1 2025-12-17T17:52:19Z corporateleverage.net vitae 2480 ID473 - user=elocin_pettit password=TFQxdDFLtR status=invalid
<54>2 2025-12-17T17:49:18.928Z seniorubiquitous.io architecto 4786 ID694 - You can't navigate the interface without transmitting the mobile JSON sensor!
<35>1 2025-12-17T17:52:23Z corporateleverage.net vitae 2480 ID473 - user=joshua_silva password=g4exC3AL0Rg status=invalid
<115>1 2025-12-17T17:49:18.928Z regional24/7.net facilis 3156 ID19 - If we back up the bandwidth, we can get to the IB bus through the primary PCI monitor!
<69>2 2025-12-17T17:49:18.928Z humangranular.com non 8979 ID787 - The JBOD program is down, reboot the solid state monitor so we can back up the GB microchip!
<115>2 2025-12-17T17:49:18.928Z seniorgranular.name laboriosam 2474 ID417 - If we parse the application, we can get to the RSS system through the digital AI alarm!
<51>3 2025-12-17T17:49:18.928Z investorempower.com vel 9302 ID480 - Try to compress the SQL port, maybe it will generate the mobile matrix!
<157>1 2025-12-17T17:49:18.928Z central24/365.info modi 7728 ID720 - Try to back up the SCSI interface, maybe it will navigate the digital alarm!
<35>1 2025-12-17T17:52:28Z corporateleverage.net vitae 2480 ID473 - user=nat_broyles password=yYTWUt2Gfn6 status=invalid
<35>1 2025-12-17T17:52:33Z corporateleverage.net vitae 2480 ID473 - user=samantha_vivanco password=jjFrkyoO17xwk status=invalid
<89>3 2025-12-17T17:49:18.928Z centralmethodologies.io esse 9596 ID817 - We need to copy the back-end JBOD system!
<154>2 2025-12-17T17:49:18.928Z districtcollaborative.name qui 81 ID541 - Try to program the ADP alarm, maybe it will index the open-source program!
<100>2 2025-12-17T17:49:18.928Z internalaction-items.org occaecati 2051 ID177 - You can't navigate the card without programming the cross-platform JBOD bandwidth!
<35>1 2025-12-17T17:52:38Z corporateleverage.net vitae 2480 ID473 - user=blessy password=gCKwuqr8 status=invalid
<35>1 2025-12-17T17:52:39Z corporateleverage.net vitae 2480 ID473 - user=isabella_bartolomeo password=T8Qls95eO status=invalid
<35>1 2025-12-17T17:52:42Z corporateleverage.net vitae 2480 ID473 - user=aidan_kollar password=8TLdhAREUbeSC status=invalid
<55>1 2025-12-17T17:49:18.928Z centralexpedite.org aut 7145 ID726 - Indexing the interface won't do anything, we need to transmit the mobile FTP system!
<35>1 2025-12-17T17:52:46Z corporateleverage.net vitae 2480 ID473 - user=christopher_chilek password=dTi1UEtYaZqnN status=invalid
<94>3 2025-12-17T17:49:18.928Z corporatestrategic.net repellat 8324 ID67 - We need to parse the multi-byte FTP system!
<127>3 2025-12-17T17:49:18.928Z forwarddeliverables.biz pariatur 3742 ID608 - You can't back up the firewall without connecting the primary EXE pixel!
<90>2 2025-12-17T17:49:18.928Z chiefproactive.org officia 3004 ID686 - Connecting the sensor won't do anything, we need to calculate the wireless TCP driver!
<35>1 2025-12-17T17:52:49Z corporateleverage.net vitae 2480 ID473 - user=xiaoyin_wang password=hSrv9Z0fjP status=invalid
<35>1 2025-12-17T17:52:52Z corporateleverage.net vitae 2480 ID473 - user=curran_hill password=oqzDXoGl6A status=invalid
<51>3 2025-12-17T17:49:18.928Z forwardutilize.biz qui 5552 ID762 - The IB protocol is down, parse the virtual monitor so we can override the EXE interface!
<157>1 2025-12-17T17:49:18.928Z nationalweb-readiness.io vel 6668 ID818 - Parsing the alarm won't do anything, we need to transmit the open-source XML array!
<35>1 2025-12-17T17:52:54Z corporateleverage.net vitae 2480 ID473 - user=william_chen password=MzVP3sOuQHD status=invalid
<97>3 2025-12-17T17:49:18.928Z dynamictechnologies.com rerum 5384 ID226 - The FTP capacitor is down, navigate the wireless system so we can index the FTP card!
<128>2 2025-12-17T17:49:18.928Z legacyintegrate.name voluptas 5022 ID864 - We need to connect the multi-byte SQL port!
<189>2 2025-12-17T17:49:18.928Z humangenerate.com esse 6138 ID947 - The AI matrix is down, hack the cross-platform protocol so we can hack the ADP monitor!
<134>1 2025-12-17T17:49:18.928Z principalextend.io inventore 1678 ID718 - I'Ll quantify the mobile JBOD matrix, that should program the SAS bus!
<35>1 2025-12-17T17:52:56Z corporateleverage.net vitae 2480 ID473 - user=mimi_xie password=ou6TxIAYlhUl status=invalid
<35>1 2025-12-17T17:52:58Z corporateleverage.net vitae 2480 ID473 - user=judith_infante password=ta5W8tooJ status=invalid
<35>1 2025-12-17T17:53:03Z corporateleverage.net vitae 2480 ID473 - user=sam_silvestro password=cVU2g8alICFl0 status=invalid
<35>1 2025-12-17T17:53:08Z corporateleverage.net vitae 2480 ID473 - user=christopher_chilek password=5pqQvHjEGe status=invalid
<164>2 2025-12-17T17:49:18.928Z regionalenhance.biz saepe 2915 ID61 - Transmitting the card won't do anything, we need to bypass the bluetooth COM matrix!
<3>1 2025-12-17T17:49:18.928Z productdisintermediate.com consequatur 336 ID68 - Try to parse the JBOD array, maybe it will synthesize the auxiliary program!
<75>3 2025-12-17T17:49:18.928Z futureb2c.biz dolorem 9419 ID185 - I'Ll parse the primary SDD protocol, that should interface the HTTP application!
<42>3 2025-12-17T17:49:18.928Z legacye-markets.biz est 6750 ID940 - Use the auxiliary AI alarm, then you can input the back-end capacitor!
<35>1 2025-12-17T17:53:12Z corporateleverage.net vitae 2480 ID473 - user=dyshana_torres_rivera password=QKbkLYI9 status=invalid
<97>2 2025-12-17T17:49:18.928Z corporatevortals.net dolor 1056 ID395 - If we navigate the system, we can get to the SMS sensor through the solid state AI program!
<102>1 2025-12-17T17:49:18.928Z centralrevolutionize.name et 9258 ID379 - I'Ll parse the optical SDD bus, that should monitor the IB protocol!
<85>3 2025-12-17T17:49:18.928Z dynamictarget.name earum 1694 ID711 - We need to transmit the redundant PCI transmitter!
<105>1 2025-12-17T17:49:18.928Z chiefweb-readiness.org quidem 2589 ID659 - You can't reboot the protocol without navigating the open-source GB circuit!
<35>1 2025-12-17T17:53:16Z corporateleverage.net vitae 2480 ID473 - user=turgay_korkmaz password=ut1gfxvtR8cL status=invalid
<146>2 2025-12-17T17:49:18.928Z internalscale.net sint 1847 ID557 - The EXE driver is down, override the optical application so we can copy the EXE bus!
<185>1 2025-12-17T17:49:18.928Z dynamicdeploy.com earum 4718 ID343 - You can't override the matrix without quantifying the cross-platform HTTP bandwidth!
<96>2 2025-12-17T17:49:18.928Z directtransparent.info veritatis 7384 ID637 - Use the multi-byte PCI program, then you can back up the open-source program!
<125>2 2025-12-17T17:49:18.928Z investorrelationships.net repudiandae 209 ID469 - If we parse the port, we can get to the RAM driver through the multi-byte FTP firewall!
<35>1 2025-12-17T17:53:21Z corporateleverage.net vitae 2480 ID473 - user=xiaoyin_wang password=xwc67a5x3cFW0Z status=invalid
<125>1 2025-12-17T17:49:18.928Z regionalrobust.name nam 3052 ID940 - Try to override the FTP capacitor, maybe it will copy the haptic application!
<35>1 2025-12-17T17:53:23Z corporateleverage.net vitae 2480 ID473 - user=keith_harrison password=psRs1itu4Wx status=invalid
<62>3 2025-12-17T17:49:18.928Z nationalmission-critical.org nam 9697 ID224 - Try to calculate the XSS panel, maybe it will index the back-end driver!
<35>1 2025-12-17T17:53:28Z corporateleverage.net vitae 2480 ID473 - user=eric_lee password=o9D4P9p2U status=invalid
<48>3 2025-12-17T17:49:18.928Z nationalmonetize.net earum 344 ID286 - Quantifying the program won't do anything, we need to copy the back-end HTTP monitor!
<35>1 2025-12-17T17:53:31Z corporateleverage.net vitae 2480 ID473 - user=arnon_kenny password=QBLrGTKVsWb status=invalid
<35>1 2025-12-17T17:53:35Z corporateleverage.net vitae 2480 ID473 - user=ke_yang password=1DvuoUCI1v status=invalid
<40>1 2025-12-17T17:49:18.928Z global24/365.info totam 1963 ID224 - The SDD circuit is down, calculate the virtual panel so we can input the SAS transmitter!
<59>2 2025-12-17T17:49:18.928Z globalexpedite.io officia 3107 ID632 - I'Ll bypass the auxiliary THX bandwidth, that should monitor the SMTP transmitter!
<66>1 2025-12-17T17:49:18.928Z seniorrobust.net et 7751 ID786 - Programming the hard drive won't do anything, we need to reboot the online COM bandwidth!
<35>1 2025-12-17T17:53:39Z corporateleverage.net vitae 2480 ID473 - user=samantha_vivanco password=Gz7nLZ31liS status=invalid
<35>1 2025-12-17T17:53:44Z corporateleverage.net vitae 2480 ID473 - user=john_oritz password=BlTr9ShJNXrx status=invalid
<35>1 2025-12-17T17:53:46Z corporateleverage.net vitae 2480 ID473 - user=carlington_miller password=caVpJXjefV status=invalid
<60>1 2025-12-17T17:49:18.928Z directtarget.info in 4217 ID767 - Parsing the sensor won't do anything, we need to transmit the haptic PCI program!
<42>3 2025-12-17T17:49:18.928Z principalreintermediate.org esse 820 ID179 - If we transmit the matrix, we can get to the THX program through the digital CSS firewall!
<35>1 2025-12-17T17:53:47Z corporateleverage.net vitae 2480 ID473 - user=xiaoyin_wang password=jhnIsnG4T status=invalid
<35>1 2025-12-17T17:53:50Z corporateleverage.net vitae 2480 ID473 - user=nat_broyles password=4nllIhhdJNXPZM status=invalid
<74>3 2025-12-17T17:49:18.928Z dynamicvortals.net in 6754 ID876 - I'Ll copy the cross-platform JSON port, that should matrix the TCP transmitter!
<140>1 2025-12-17T17:49:18.928Z globalarchitectures.net rem 2427 ID618 - You can't override the program without transmitting the digital SDD capacitor!
<35>1 2025-12-17T17:53:52Z corporateleverage.net vitae 2480 ID473 - user=arnon_kenny password=UTmXRsJMD status=invalid
<93>1 2025-12-17T17:49:18.928Z centralplatforms.name magni 2919 ID826 - Quantifying the hard drive won't do anything, we need to transmit the auxiliary JSON port!
<35>1 2025-12-17T17:53:55Z corporateleverage.net vitae 2480 ID473 - user=aidan_kollar password=M34wezPruqXaGs status=invalid
<163>3 2025-12-17T17:49:18.928Z humancross-platform.biz dolorum 8440 ID705 - I'Ll compress the online JSON port, that should matrix the PNG protocol!
<164>2 2025-12-17T17:49:18.928Z futurecommunities.name omnis 7618 ID94 - We need to calculate the cross-platform THX capacitor!
<82>2 2025-12-17T17:49:18.928Z corporatenetworks.biz veniam 2308 ID550 - You can't generate the port without hacking the solid state IB card!
<54>3 2025-12-17T17:49:18.928Z corporatebricks-and-clicks.com et 9636 ID659 - Try to transmit the AGP bus, maybe it will quantify the neural driver!
<187>3 2025-12-17T17:49:18.928Z investordrive.io occaecati 2654 ID377 - I'Ll index the virtual ADP panel, that should feed the SAS port!
<35>1 2025-12-17T17:54:00Z corporateleverage.net vitae 2480 ID473 - user=sam_silvestro password=D6WBmxDsEgSF status=invalid
<67>1 2025-12-17T17:49:18.928Z dynamiccollaborative.io adipisci 593 ID750 - You can't parse the bandwidth without quantifying the neural HTTP array!
<35>1 2025-12-17T17:54:03Z corporateleverage.net vitae 2480 ID473 - user=william_chen password=9kByTsOUs0 status=invalid
<35>1 2025-12-17T17:54:08Z corporateleverage.net vitae 2480 ID473 - user=drew_day password=t7myYc1Sn status=invalid
<3>3 2025-12-17T17:49:18.928Z directexploit.net rerum 2209 ID980 - Overriding the driver won't do anything, we need to parse the auxiliary SMTP array!
<50>2 2025-12-17T17:49:18.928Z internationalniches.org omnis 5512 ID977 - The ADP capacitor is down, back up the primary port so we can navigate the TCP feed!
