<90>1 2025-12-17T17:49:19.213Z legacyaggregate.com autem 696 ID134 - The FTP microchip is down, bypass the optical panel so we can generate the GB driver!
<109>2 2025-12-17T17:49:19.213Z internationalmetrics.com ea 5130 ID868 - I'Ll calculate the digital AI array, that should panel the JBOD array!
<156>3 2025-12-17T17:49:19.213Z customerconvergence.net nesciunt 3507 ID286 - If we quantify the card, we can get to the SAS interface through the mobile JBOD firewall!
<93>3 2025-12-17T17:49:19.213Z corporateexploit.com reprehenderit 5302 ID465 - You can't navigate the panel without bypassing the mobile THX protocol!
<71>3 2025-12-17T17:49:19.213Z humandynamic.net quos 7763 ID85 - The AI bus is down, bypass the multi-byte port so we can back up the EXE capacitor!
<153>1 2025-12-17T17:49:19.213Z districtscalable.info placeat 8619 ID145 - Use the optical GB circuit, then you can index the open-source pixel!
<90>1 2025-12-17T17:49:14Z legacyaggregate.com autem 696 ID134 - user=carlington_miller password=spyxploac8XXr status=invalid
<90>1 2025-12-17T17:49:18Z legacyaggregate.com autem 696 ID134 - user=hondo_limon password=TvmOVjUTAKs status=invalid
<12>1 2025-12-17T17:49:19.213Z productinterfaces.net veniam 4384 ID42 - I'Ll parse the virtual SAS monitor, that should monitor the JSON card!
<58>3 2025-12-17T17:49:19.213Z legacycutting-edge.info quis 9007 ID614 - The ADP bus is down, synthesize the optical system so we can navigate the AGP feed!
<38>1 2025-12-17T17:49:19.213Z principal24/7.biz et 5394 ID347 - You can't index the card without bypassing the bluetooth SCSI hard drive!
<90>1 2025-12-17T17:49:20Z legacyaggregate.com autem 696 ID134 - user=rajendra_boppana password=q9CZHXpqNFf3Kv status=invalid
<90>1 2025-12-17T17:49:21Z legacyaggregate.com autem 696 ID134 - user=ke_yang password=feLhqlYsbh0YB status=invalid
<119>3 2025-12-17T17:49:19.213Z nationaliterate.org reprehenderit 7022 ID716 - I'Ll program the multi-byte AGP bandwidth, that should firewall the EXE microchip!
<57>2 2025-12-17T17:49:19.213Z corporate24/365.info in 4532 ID225 - We need to generate the wireless SCSI panel!
<90>1 2025-12-17T17:49:26Z legacyaggregate.com autem 696 ID134 - user=john_heaps password=BkhtoFRsfmhX status=invalid
<90>1 2025-12-17T17:49:28Z legacyaggregate.com autem 696 ID134 - user=fernanda_hernandez password=z3PtTkKdmU6SW status=invalid
<188>3 2025-12-17T17:49:19.213Z futureinterfaces.info temporibus 1675 ID644 - Backing up the program won't do anything, we need to back up the cross-platform AGP sensor!
<90>1 2025-12-17T17:49:30Z legacyaggregate.com autem 696 ID134 - user=rajendra_boppana password=t1DTOKPu status=invalid
<152>3 2025-12-17T17:49:19.213Z directpartnerships.name quae 6232 ID836 - The AI array is down, parse the mobile port so we can transmit the RAM application!
<52>1 2025-12-17T17:49:19.213Z globale-services.info incidunt 3453 ID864 - I'Ll compress the solid state GB monitor, that should feed the SDD program!
<90>1 2025-12-17T17:49:32Z legacyaggregate.com autem 696 ID134 - user=carlington_miller password=M81urVAwF7Fw status=invalid
<81>1 2025-12-17T17:49:19.213Z globalubiquitous.info doloribus 9842 ID413 - I'Ll hack the neural ADP hard drive, that should array the PNG bandwidth!
<25>3 2025-12-17T17:49:19.213Z chiefmodels.org suscipit 4240 ID509 - The IB card is down, calculate the solid state port so we can hack the USB interface!
<100>2 2025-12-17T17:49:19.213Z directcross-platform.biz autem 8207 ID588 - Calculating the application won't do anything, we need to synthesize the 1080p XSS hard drive!
<90>1 2025-12-17T17:49:34Z legacyaggregate.com autem 696 ID134 - user=rajendra_boppana password=dOSvovrR status=invalid
<36>2 2025-12-17T17:49:19.213Z internalmission-critical.io dicta 7787 ID183 - I'Ll transmit the auxiliary FTP card, that should card the GB feed!
<90>1 2025-12-17T17:49:36Z legacyaggregate.com autem 696 ID134 - user=joshua_silva password=JvS9EaVJD8vN status=invalid
<99>2 2025-12-17T17:49:19.213Z principalinteractive.org illum 14 ID678 - Try to input the SCSI system, maybe it will index the open-source capacitor!
<130>1 2025-12-17T17:49:19.213Z dynamiccross-media.org odio 616 ID600 - Use the online PNG alarm, then you can transmit the primary protocol!
<90>1 2025-12-17T17:49:40Z legacyaggregate.com autem 696 ID134 - user=palden_lama password=5GD1s6tdh3 status=invalid
<152>1 2025-12-17T17:49:19.213Z forwardholistic.org quia 4016 ID552 - If we bypass the feed, we can get to the RAM panel through the optical COM panel!
<90>1 2025-12-17T17:49:41Z legacyaggregate.com autem 696 ID134 - user=timothy_yuen password=vAuN5XNvB23Kkd status=invalid
<155>3 2025-12-17T17:49:19.213Z leadvortals.net molestias 6335 ID311 - You can't index the interface without quantifying the bluetooth XML alarm!
<20>1 2025-12-17T17:49:19.213Z directgranular.io temporibus 7455 ID911 - Try to quantify the RAM application, maybe it will calculate the mobile monitor!
<17>3 2025-12-17T17:49:19.213Z futuresynergies.io dolor 9311 ID81 - If we parse the alarm, we can get to the TCP hard drive through the cross-platform SMTP interface!
<105>3 2025-12-17T17:49:19.213Z humandynamic.io qui 1884 ID246 - Quantifying the panel won't do anything, we need to program the solid state SMTP transmitter!
<79>2 2025-12-17T17:49:19.213Z nationale-tailers.org dignissimos 3890 ID822 - Copying the matrix won't do anything, we need to copy the cross-platform FTP sensor!
<100>3 2025-12-17T17:49:19.213Z regionalmodels.name facere 5685 ID702 - We need to transmit the back-end SMS matrix!
<23>1 2025-12-17T17:49:19.213Z dynamicextensible.info aperiam 5755 ID604 - If we calculate the hard drive, we can get to the JSON sensor through the 1080p SMTP matrix!
<122>1 2025-12-17T17:49:19.213Z nationalinnovate.io provident 5478 ID68 - Transmitting the circuit won't do anything, we need to connect the open-source EXE system!
<149>3 2025-12-17T17:49:19.213Z forwardmarkets.name delectus 9185 ID21 - I'Ll program the wireless RSS interface, that should port the ADP card!
<90>1 2025-12-17T17:49:44Z legacyaggregate.com autem 696 ID134 - user=aidan_kollar password=THTTWqtFcGTI status=invalid
<20>2 2025-12-17T17:49:19.213Z customerglobal.info eligendi 3983 ID606 - If we hack the card, we can get to the JSON driver through the back-end COM bandwidth!
<90>1 2025-12-17T17:49:47Z legacyaggregate.com autem 696 ID134 - user=maanasa_baskar password=5tdD3BPsySfY status=invalid
<48>1 2025-12-17T17:49:19.213Z globalplatforms.biz dolores 9979 ID401 - Use the online XSS pixel, then you can hack the primary pixel!
<167>1 2025-12-17T17:49:19.213Z seniorrevolutionize.biz qui 9267 ID996 - I'Ll bypass the wireless HTTP circuit, that should driver the USB bus!
<134>1 2025-12-17T17:49:19.213Z investordeliverables.org repellendus 6393 ID446 - The IB microchip is down, override the back-end array so we can reboot the EXE program!
<106>2 2025-12-17T17:49:19.213Z productinfomediaries.info quibusdam 7479 ID703 - You can't quantify the panel without backing up the cross-platform JBOD interface!
<50>1 2025-12-17T17:49:19.213Z corporatedeliver.biz enim 7749 ID609 - The AGP transmitter is down, index the primary bus so we can quantify the PNG system!
<90>1 2025-12-17T17:49:48Z legacyaggregate.com autem 696 ID134 - user=drew_osborn password=I7wkXtagtmAq status=invalid
<0>3 2025-12-17T17:49:19.213Z chiefaggregate.net quo 9258 ID751 - Parsing the hard drive won't do anything, we need to back up the auxiliary IB bandwidth!
<90>1 2025-12-17T17:49:52Z legacyaggregate.com autem 696 ID134 - user=gabriel_green password=dyHa2N6M status=invalid
<90>1 2025-12-17T17:49:56Z legacyaggregate.com autem 696 ID134 - user=phillip_menard password=FP8DktxKLDDo status=invalid
<29>1 2025-12-17T17:49:19.213Z futurebleeding-edge.biz natus 5397 ID747 - The JSON card is down, hack the 1080p port so we can synthesize the JBOD panel!
<90>1 2025-12-17T17:50:00Z legacyaggregate.com autem 696 ID134 - user=drew_osborn password=NR70yUMZyP status=invalid
<90>1 2025-12-17T17:50:05Z legacyaggregate.com autem 696 ID134 - user=turgay_korkmaz password=1jXX48seytk32 status=invalid
<173>1 2025-12-17T17:49:19.213Z principaldrive.info inventore 8022 ID451 - We need to transmit the multi-byte SSL firewall!
<2>2 2025-12-17T17:49:19.213Z seniornetworks.info totam 207 ID840 - Try to index the COM system, maybe it will connect the digital alarm!
<92>3 2025-12-17T17:49:19.213Z productinterfaces.com impedit 5569 ID692 - We need to index the digital PNG card!
<69>3 2025-12-17T17:49:19.213Z centralinfrastructures.org non 4004 ID964 - You can't synthesize the alarm without copying the auxiliary FTP feed!
<3>3 2025-12-17T17:49:19.213Z customerproactive.biz eaque 1802 ID979 - Use the primary SAS system, then you can input the solid state port!
<16>3 2025-12-17T17:49:19.213Z productgenerate.biz nulla 3098 ID776 - The EXE monitor is down, generate the back-end monitor so we can input the IB sensor!
<21>1 2025-12-17T17:49:19.213Z dynamicdeploy.net quisquam 7252 ID452 - Indexing the microchip won't do anything, we need to compress the digital PNG array!
<16>3 2025-12-17T17:49:19.213Z corporatecutting-edge.net debitis 7745 ID956 - We need to index the primary CSS feed!
<90>1 2025-12-17T17:50:09Z legacyaggregate.com autem 696 ID134 - user=judith_infante password=qRds7cdghiUhY status=invalid
<90>1 2025-12-17T17:50:10Z legacyaggregate.com autem 696 ID134 - user=matthew_gibson_lopez password=JzHyH5kObF status=invalid
<90>1 2025-12-17T17:50:13Z legacyaggregate.com autem 696 ID134 - user=matthew_gibsonlopez password=bcVOotIWPIZ status=invalid
<166>3 2025-12-17T17:49:19.213Z corporateproductize.info occaecati 2776 ID205 - I'Ll bypass the redundant TCP monitor, that should hard drive the EXE alarm!
<130>3 2025-12-17T17:49:19.213Z futureutilize.biz dolorem 9284 ID555 - The GB system is down, connect the multi-byte capacitor so we can hack the FTP matrix!
<90>1 2025-12-17T17:50:14Z legacyaggregate.com autem 696 ID134 - user=drew_osborn password=QmyTBaI688619 status=invalid
<144>2 2025-12-17T17:49:19.213Z productcultivate.biz quis 4261 ID671 - You can't generate the monitor without calculating the virtual HDD hard drive!
<90>1 2025-12-17T17:50:16Z legacyaggregate.com autem 696 ID134 - user=palden_lama password=G1DQsYZcqegWp status=invalid
<98>3 2025-12-17T17:49:19.213Z globalarchitectures.org assumenda 8920 ID680 - If we generate the card, we can get to the XSS bandwidth through the wireless THX capacitor!
<13>1 2025-12-17T17:49:19.213Z chiefend-to-end.biz a 9547 ID713 - I'Ll reboot the mobile SSL interface, that should alarm the FTP bandwidth!
<97>2 2025-12-17T17:49:19.213Z dynamicvalue-added.info aut 8038 ID627 - Compressing the hard drive won't do anything, we need to input the digital HTTP protocol!
<114>2 2025-12-17T17:49:19.213Z leadvisionary.io eum 24 ID503 - Use the solid state HDD array, then you can compress the neural program!
<132>1 2025-12-17T17:49:19.213Z districtinnovate.net cupiditate 3356 ID590 - We need to transmit the back-end SMTP circuit!
<90>1 2025-12-17T17:50:17Z legacyaggregate.com autem 696 ID134 - user=vian_chen password=E4zjeRbLaEf status=invalid
<128>3 2025-12-17T17:49:19.213Z productvortals.org dolorum 1934 ID87 - Use the cross-platform SQL application, then you can generate the open-source capacitor!
<118>2 2025-12-17T17:49:19.213Z forwardrelationships.name sed 7861 ID943 - Try to calculate the THX matrix, maybe it will reboot the digital pixel!
<20>2 2025-12-17T17:49:19.213Z regionalbandwidth.org eligendi 5225 ID461 - The TCP system is down, synthesize the online card so we can navigate the SAS card!
<8>3 2025-12-17T17:49:19.213Z districtmodels.com veniam 6356 ID743 - We need to calculate the redundant HTTP microchip!
<90>1 2025-12-17T17:50:19Z legacyaggregate.com autem 696 ID134 - user=nathaniel_farmer password=3HNVbo8dZ3U status=invalid
<106>2 2025-12-17T17:49:19.213Z legacymethodologies.org voluptatibus 424 ID858 - Try to synthesize the CSS monitor, maybe it will index the auxiliary circuit!
<117>1 2025-12-17T17:49:19.213Z legacyopen-source.io dolores 4584 ID146 - I'Ll index the virtual TCP firewall, that should bandwidth the XSS program!
<138>1 2025-12-17T17:49:19.213Z legacywhiteboard.com reiciendis 8047 ID365 - Parsing the program won't do anything, we need to index the 1080p PNG firewall!
<24>3 2025-12-17T17:49:19.213Z directfrictionless.net qui 9156 ID536 - I'Ll calculate the back-end SMTP driver, that should feed the RSS microchip!
<89>2 2025-12-17T17:49:19.213Z dynamicmagnetic.name mollitia 2497 ID213 - If we index the bus, we can get to the SDD port through the auxiliary PNG alarm!
<149>3 2025-12-17T17:49:19.213Z corporateportals.biz non 5883 ID172 - Use the online IB protocol, then you can synthesize the auxiliary capacitor!
<141>3 2025-12-17T17:49:19.213Z directmonetize.com totam 9619 ID11 - Copying the port won't do anything, we need to reboot the optical JSON port!
<103>3 2025-12-17T17:49:19.213Z customerweb-readiness.name molestiae 2435 ID808 - If we transmit the system, we can get to the SSL matrix through the primary USB bus!
<54>1 2025-12-17T17:49:19.213Z regionalarchitectures.com nesciunt 653 ID776 - We need to program the primary XSS capacitor!
<90>1 2025-12-17T17:50:23Z legacyaggregate.com autem 696 ID134 - user=john_heaps password=RWYM1jpIxlmizx status=invalid
<116>2 2025-12-17T17:49:19.213Z directconvergence.net soluta 5671 ID769 - Try to back up the COM matrix, maybe it will transmit the digital interface!
<78>1 2025-12-17T17:49:19.213Z customerenhance.com error 8665 ID485 - We need to generate the optical USB bus!
<85>2 2025-12-17T17:49:19.213Z regionaluser-centric.org dolor 3207 ID160 - If we quantify the interface, we can get to the USB protocol through the primary GB system!
<133>3 2025-12-17T17:49:19.213Z dynamicnetworks.net qui 6974 ID71 - Use the 1080p XSS port, then you can quantify the back-end program!
<48>3 2025-12-17T17:49:19.213Z regionalb2c.net similique 5727 ID645 - We need to copy the mobile THX alarm!
<81>3 2025-12-17T17:49:19.213Z chiefaggregate.net velit 5941 ID565 - Use the redundant JBOD protocol, then you can override the open-source bus!
<34>2 2025-12-17T17:49:19.213Z chieftransition.info velit 2200 ID668 - We need to program the haptic JBOD matrix!
<97>2 2025-12-17T17:49:19.213Z internaldeliverables.com illum 2466 ID715 - Try to connect the SSL application, maybe it will index the back-end sensor!
<90>1 2025-12-17T17:50:25Z legacyaggregate.com autem 696 ID134 - user=gabriel_green password=Pb49nUlaO status=invalid
<90>1 2025-12-17T17:50:29Z legacyaggregate.com autem 696 ID134 - user=aidan_kollar password=0mHutHz3kLXm status=invalid
<118>1 2025-12-17T17:49:19.213Z forwardtarget.org ut 3093 ID107 - Transmitting the pixel won't do anything, we need to generate the back-end AGP sensor!
<164>1 2025-12-17T17:49:19.213Z humanreintermediate.org consequuntur 602 ID629 - I'Ll program the 1080p PNG matrix, that should bandwidth the XML feed!
<33>3 2025-12-17T17:49:19.213Z principalrevolutionize.name error 8349 ID752 - Backing up the monitor won't do anything, we need to copy the 1080p SCSI driver!
<84>1 2025-12-17T17:49:19.213Z regionalsynthesize.org ducimus 841 ID390 - If we override the capacitor, we can get to the IB bandwidth through the multi-byte XML system!
<90>1 2025-12-17T17:50:31Z legacyaggregate.com autem 696 ID134 - user=josie_sauceda password=3m2IFjtA1n status=invalid
<90>1 2025-12-17T17:50:35Z legacyaggregate.com autem 696 ID134 - user=judith_infante password=qAWKU3TlZ status=invalid
<43>1 2025-12-17T17:49:19.213Z humanapplications.net porro 514 ID978 - If we copy the program, we can get to the USB array through the digital PNG protocol!
<73>1 2025-12-17T17:49:19.213Z internalenterprise.com nam 4403 ID287 - You can't synthesize the application without backing up the auxiliary ADP port!
<123>2 2025-12-17T17:49:19.213Z regionalopen-source.name temporibus 1451 ID85 - You can't index the capacitor without navigating the virtual AGP microchip!
<90>1 2025-12-17T17:50:39Z legacyaggregate.com autem 696 ID134 - user=xiaoyin_wang password=ZIqhXIYg status=invalid
<179>1 2025-12-17T17:49:19.213Z chieffront-end.io consequatur 2589 ID844 - The PNG firewall is down, index the wireless alarm so we can connect the GB card!
<15>1 2025-12-17T17:49:19.213Z forwarde-markets.info doloremque 5364 ID244 - You can't hack the driver without copying the mobile SCSI hard drive!
<59>1 2025-12-17T17:49:19.213Z productbest-of-breed.io placeat 2638 ID931 - We need to bypass the virtual RSS hard drive!
<90>1 2025-12-17T17:50:43Z legacyaggregate.com autem 696 ID134 - user=vian_chen password=r2xpS0PP status=invalid
<64>2 2025-12-17T17:49:19.213Z directleading-edge.io quae 5191 ID121 - Try to navigate the SDD feed, maybe it will index the solid state interface!
<114>3 2025-12-17T17:49:19.213Z dynamicdrive.io sed 7210 ID768 - Try to program the SMS program, maybe it will hack the wireless capacitor!
<158>3 2025-12-17T17:49:19.213Z dynamicstrategic.biz nulla 1837 ID618 - I'Ll override the primary GB bandwidth, that should pixel the JSON microchip!
<22>1 2025-12-17T17:49:19.213Z internationalgrow.io ab 4408 ID392 - If we index the pixel, we can get to the SQL bus through the wireless FTP port!
<83>2 2025-12-17T17:49:19.213Z regionalrecontextualize.info dolore 6469 ID866 - Parsing the application won't do anything, we need to index the neural XML matrix!
<90>1 2025-12-17T17:50:45Z legacyaggregate.com autem 696 ID134 - user=ke_yang password=vbaESWe6k0vWd status=invalid
<90>1 2025-12-17T17:50:47Z legacyaggregate.com autem 696 ID134 - user=william_chen password=lUFOwTo6HLVF1A status=invalid
<33>3 2025-12-17T17:49:19.213Z nationalwhiteboard.io voluptatem 7651 ID747 - The GB driver is down, bypass the virtual bandwidth so we can input the IB capacitor!
<82>2 2025-12-17T17:49:19.213Z directe-business.name in 2092 ID905 - You can't generate the firewall without indexing the digital GB monitor!
<8>2 2025-12-17T17:49:19.213Z productsynergistic.com deleniti 4782 ID947 - The COM firewall is down, synthesize the optical feed so we can generate the HTTP program!
<130>3 2025-12-17T17:49:19.213Z internationalwhiteboard.biz ex 211 ID343 - Try to copy the USB application, maybe it will generate the online bus!
<134>3 2025-12-17T17:49:19.213Z regionaldisintermediate.org animi 5195 ID361 - I'Ll synthesize the multi-byte HTTP card, that should bandwidth the SCSI port!
<90>1 2025-12-17T17:50:50Z legacyaggregate.com autem 696 ID134 - user=turgay_korkmaz password=hgpRVYV5 status=invalid
<115>2 2025-12-17T17:49:19.213Z centralunleash.net molestiae 1385 ID377 - Try to override the EXE bandwidth, maybe it will bypass the wireless card!
<60>2 2025-12-17T17:49:19.213Z principalmission-critical.net temporibus 419 ID595 - The JBOD circuit is down, parse the virtual port so we can bypass the AGP array!
<34>3 2025-12-17T17:49:19.213Z customercross-platform.io nisi 6513 ID2 - You can't parse the capacitor without connecting the digital TCP hard drive!
<143>1 2025-12-17T17:49:19.213Z corporateintuitive.net amet 3375 ID843 - We need to program the redundant PCI circuit!
<90>1 2025-12-17T17:50:55Z legacyaggregate.com autem 696 ID134 - user=timothy_yuen password=Ff33vubrqufs status=invalid
<121>3 2025-12-17T17:49:19.213Z legacyenable.biz voluptate 655 ID665 - Use the open-source SCSI system, then you can input the 1080p port!
<81>1 2025-12-17T17:49:19.213Z districtevolve.com et 3151 ID896 - You can't quantify the application without transmitting the digital JBOD card!
<90>1 2025-12-17T17:50:57Z legacyaggregate.com autem 696 ID134 - user=maanasa_baskar password=96JR5YDAp status=invalid
<84>3 2025-12-17T17:49:19.213Z internationalgenerate.biz rem 5316 ID380 - I'Ll input the bluetooth ADP feed, that should firewall the SQL protocol!
<141>3 2025-12-17T17:49:19.213Z leadsystems.org dolor 5750 ID306 - Use the wireless FTP interface, then you can hack the online capacitor!
<19>3 2025-12-17T17:49:19.213Z productbenchmark.net omnis 6516 ID717 - If we compress the card, we can get to the GB program through the 1080p PNG program!
<175>2 2025-12-17T17:49:19.213Z nationalcollaborative.org non 8116 ID323 - If we parse the system, we can get to the SCSI bandwidth through the back-end PNG sensor!
<90>1 2025-12-17T17:50:59Z legacyaggregate.com autem 696 ID134 - user=fernanda_hernandez password=OUkQvVV8k5yJg status=invalid
<168>1 2025-12-17T17:49:19.213Z principalpartnerships.io aut 2058 ID190 - Use the open-source AGP transmitter, then you can override the primary sensor!
<115>1 2025-12-17T17:49:19.213Z corporateenhance.com unde 5066 ID129 - We need to override the digital THX microchip!
<164>2 2025-12-17T17:49:19.213Z internalpartnerships.org voluptatibus 6030 ID970 - You can't input the program without bypassing the primary HTTP matrix!
<98>2 2025-12-17T17:49:19.213Z centralnetworks.biz et 674 ID945 - Bypassing the monitor won't do anything, we need to connect the solid state CSS alarm!
<130>1 2025-12-17T17:49:19.213Z dynamicinitiatives.com minus 4065 ID100 - We need to hack the back-end GB bandwidth!
<90>1 2025-12-17T17:51:00Z legacyaggregate.com autem 696 ID134 - user=matthew_gibson_lopez password=V0dMhLhV0u7cY status=invalid
<125>2 2025-12-17T17:49:19.213Z productgrow.biz sed 7148 ID385 - If we index the system, we can get to the COM bus through the multi-byte XML circuit!
<188>3 2025-12-17T17:49:19.213Z investorincentivize.net nostrum 6206 ID661 - I'Ll reboot the 1080p CSS alarm, that should bandwidth the SAS driver!
<15>2 2025-12-17T17:49:19.213Z dynamice-tailers.biz dignissimos 4441 ID859 - The JBOD protocol is down, transmit the haptic monitor so we can quantify the CSS sensor!
<170>1 2025-12-17T17:49:19.213Z internaldistributed.info sequi 3395 ID37 - We need to copy the primary JSON firewall!
<90>1 2025-12-17T17:51:05Z legacyaggregate.com autem 696 ID134 - user=josie_sauceda password=O2KTYaBa status=invalid
<90>1 2025-12-17T17:51:10Z legacyaggregate.com autem 696 ID134 - user=matthew_gibsonlopez password=KopLLvbMg9H status=invalid
<139>2 2025-12-17T17:49:19.213Z corporateinteractive.info sint 5754 ID203 - Try to parse the HDD bus, maybe it will compress the haptic array!
<114>1 2025-12-17T17:49:19.213Z dynamicvirtual.com delectus 8755 ID549 - You can't copy the firewall without programming the multi-byte SMS matrix!
<23>3 2025-12-17T17:49:19.213Z dynamicarchitect.info repellendus 3664 ID27 - We need to transmit the haptic EXE transmitter!
<90>1 2025-12-17T17:51:15Z legacyaggregate.com autem 696 ID134 - user=fatma_arslan password=Zs3Zf66vWoLBPi status=invalid
<21>2 2025-12-17T17:49:19.213Z centralstrategize.com dignissimos 4295 ID157 - I'Ll transmit the auxiliary PCI capacitor, that should bus the AGP pixel!
<133>2 2025-12-17T17:49:19.213Z legacyback-end.com quia 2757 ID70 - Use the haptic RSS protocol, then you can reboot the multi-byte feed!
<145>1 2025-12-17T17:49:19.213Z futureinteractive.net mollitia 1054 ID13 - You can't transmit the firewall without connecting the neural EXE protocol!
<18>1 2025-12-17T17:49:19.213Z districtextend.name perspiciatis 504 ID905 - Try to synthesize the RSS protocol, maybe it will input the back-end hard drive!
<132>3 2025-12-17T17:49:19.213Z globale-enable.biz consequatur 7384 ID692 - I'Ll program the wireless JBOD hard drive, that should program the AI matrix!
<148>1 2025-12-17T17:49:19.213Z forwardvisualize.name odio 223 ID610 - You can't calculate the microchip without bypassing the open-source HTTP system!
<90>1 2025-12-17T17:51:18Z legacyaggregate.com autem 696 ID134 - user=josie_sauceda password=tyJZrgRJS07 status=invalid
<160>1 2025-12-17T17:49:19.213Z centralinfomediaries.org commodi 354 ID225 - If we connect the bus, we can get to the COM sensor through the open-source SMS card!
<90>1 2025-12-17T17:51:19Z legacyaggregate.com autem 696 ID134 - user=nathaniel_farmer password=OhOLRceToD3R status=invalid
<143>2 2025-12-17T17:49:19.213Z globale-services.name et 503 ID372 - The RSS application is down, parse the mobile driver so we can transmit the HTTP interface!
<186>2 2025-12-17T17:49:19.213Z centralparadigms.com id 8743 ID770 - Use the haptic HTTP firewall, then you can navigate the redundant monitor!
<90>1 2025-12-17T17:51:22Z legacyaggregate.com autem 696 ID134 - user=maanasa_baskar password=T9tn8y16TAWHSl status=invalid
<67>2 2025-12-17T17:49:19.213Z leadcultivate.info atque 9270 ID167 - You can't synthesize the alarm without copying the bluetooth JBOD protocol!
<69>3 2025-12-17T17:49:19.213Z international24/7.biz molestias 8090 ID121 - You can't program the microchip without programming the open-source ADP panel!
<79>3 2025-12-17T17:49:19.213Z humaninterfaces.name ea 286 ID331 - Try to hack the CSS protocol, maybe it will index the optical pixel!
<33>2 2025-12-17T17:49:19.213Z centralwhiteboard.info similique 8908 ID759 - You can't bypass the monitor without compressing the mobile IB program!
<76>1 2025-12-17T17:49:19.213Z productniches.io et 3598 ID712 - The RSS protocol is down, copy the digital hard drive so we can input the RSS bandwidth!
<145>3 2025-12-17T17:49:19.213Z corporateaction-items.com sit 110 ID766 - Calculating the sensor won't do anything, we need to index the bluetooth JBOD firewall!
<187>1 2025-12-17T17:49:19.213Z internalenvisioneer.biz veniam 7712 ID596 - The RSS pixel is down, navigate the digital application so we can copy the TCP feed!
<37>3 2025-12-17T17:49:19.213Z humanviral.name ut 3616 ID414 - You can't generate the driver without connecting the 1080p COM pixel!
<90>1 2025-12-17T17:51:27Z legacyaggregate.com autem 696 ID134 - user=safia_basheeruddin password=O7RXJnDgICaJA status=invalid
<133>1 2025-12-17T17:49:19.213Z principalaggregate.io doloribus 5815 ID407 - Synthesizing the array won't do anything, we need to connect the neural SAS card!
<7>1 2025-12-17T17:49:19.213Z internationalclicks-and-mortar.name sit 9016 ID143 - Use the virtual HDD matrix, then you can parse the redundant program!
<83>3 2025-12-17T17:49:19.213Z customersystems.info nostrum 1301 ID44 - Try to transmit the PCI circuit, maybe it will back up the optical feed!
<90>1 2025-12-17T17:51:31Z legacyaggregate.com autem 696 ID134 - user=carlington_miller password=d83svfZ4zJ4A status=invalid
<65>3 2025-12-17T17:49:19.213Z internationalaction-items.io esse 4686 ID604 - We need to transmit the mobile SAS circuit!
<90>1 2025-12-17T17:51:32Z legacyaggregate.com autem 696 ID134 - user=william_chen password=by2YYEmnVT7l status=invalid
<90>1 2025-12-17T17:51:33Z legacyaggregate.com autem 696 ID134 - user=phillip_menard password=MIusxefkv status=invalid
<90>1 2025-12-17T17:51:35Z legacyaggregate.com autem 696 ID134 - user=joshua_silva password=dKVxJCniioaS status=invalid
<144>1 2025-12-17T17:49:19.213Z internationalconvergence.com reprehenderit 5324 ID923 - You can't bypass the microchip without indexing the online ADP firewall!
<83>1 2025-12-17T17:49:19.213Z investordeploy.net autem 8369 ID945 - You can't compress the interface without quantifying the digital GB bus!
<90>1 2025-12-17T17:51:38Z legacyaggregate.com autem 696 ID134 - user=mahi_mohashin password=38FQs4wro3 status=invalid
<56>2 2025-12-17T17:49:19.213Z productmonetize.info similique 5369 ID427 - You can't hack the port without hacking the online FTP system!
<88>1 2025-12-17T17:49:19.213Z futuree-business.com consequatur 3795 ID349 - I'Ll bypass the multi-byte SQL sensor, that should driver the RAM firewall!
<28>2 2025-12-17T17:49:19.213Z productrepurpose.com deleniti 3450 ID634 - Use the haptic EXE port, then you can compress the wireless program!
<90>1 2025-12-17T17:51:39Z legacyaggregate.com autem 696 ID134 - user=hondo_limon password=dOnpHxEwGp status=invalid
<176>3 2025-12-17T17:49:19.213Z internalmetrics.io exercitationem 121 ID638 - We need to index the wireless RAM system!
<60>1 2025-12-17T17:49:19.213Z humancultivate.info aut 1373 ID87 - You can't hack the capacitor without compressing the solid state PCI circuit!
<62>3 2025-12-17T17:49:19.213Z centralvortals.org dolor 1404 ID654 - Transmitting the card won't do anything, we need to bypass the mobile THX protocol!
<90>1 2025-12-17T17:51:41Z legacyaggregate.com autem 696 ID134 - user=fatma_arslan password=O2cgrk7OcXy status=invalid
<72>1 2025-12-17T17:49:19.213Z regionalaction-items.net iusto 5522 ID106 - I'Ll compress the cross-platform RAM protocol, that should sensor the SSL capacitor!
<87>3 2025-12-17T17:49:19.213Z chiefincentivize.biz animi 4520 ID795 - Use the back-end ADP monitor, then you can parse the redundant circuit!
<58>2 2025-12-17T17:49:19.213Z seniorfront-end.net qui 3109 ID432 - If we reboot the protocol, we can get to the THX feed through the wireless JBOD bus!
<90>1 2025-12-17T17:51:44Z legacyaggregate.com autem 696 ID134 - user=gregory_white password=0UDrCn1G2yVuj status=invalid
<10>1 2025-12-17T17:49:19.213Z legacyvortals.info neque 3968 ID590 - We need to calculate the redundant GB hard drive!
<75>3 2025-12-17T17:49:19.213Z futurerevolutionize.com qui 1678 ID999 - I'Ll override the primary HDD system, that should feed the SAS port!
<90>1 2025-12-17T17:51:46Z legacyaggregate.com autem 696 ID134 - user=safia_basheeruddin password=ioV5uo3H0 status=invalid
<1>2 2025-12-17T17:49:19.213Z principalrelationships.org illo 5332 ID280 - The GB bus is down, calculate the mobile transmitter so we can reboot the XML driver!
<93>1 2025-12-17T17:49:19.213Z nationale-business.info ut 5063 ID407 - Try to synthesize the SMTP panel, maybe it will synthesize the cross-platform matrix!
<130>1 2025-12-17T17:49:19.213Z globaltransparent.name et 2988 ID512 - Overriding the feed won't do anything, we need to reboot the redundant EXE sensor!
<90>1 2025-12-17T17:51:48Z legacyaggregate.com autem 696 ID134 - user=dyshana_torres_rivera password=IAsUdLagf08m status=invalid
<54>1 2025-12-17T17:49:19.213Z dynamice-commerce.name sed 5293 ID734 - I'Ll connect the neural XML firewall, that should bus the JBOD port!
<67>3 2025-12-17T17:49:19.213Z globalinnovative.info ut 1752 ID524 - Try to program the SCSI hard drive, maybe it will hack the neural circuit!
<137>3 2025-12-17T17:49:19.213Z customerinnovate.net fugiat 1703 ID276 - If we calculate the matrix, we can get to the SAS matrix through the digital EXE card!
<90>1 2025-12-17T17:51:53Z legacyaggregate.com autem 696 ID134 - user=arnon_kenny password=5VhmQcmxTa status=invalid
<17>1 2025-12-17T17:49:19.213Z forwardubiquitous.io non 2817 ID440 - We need to generate the solid state SAS program!
<90>1 2025-12-17T17:51:57Z legacyaggregate.com autem 696 ID134 - user=turgay_korkmaz password=Dk6ubamkzq status=invalid
<12>1 2025-12-17T17:49:19.213Z directvortals.com harum 8647 ID669 - Programming the capacitor won't do anything, we need to quantify the digital JBOD driver!
<90>1 2025-12-17T17:51:58Z legacyaggregate.com autem 696 ID134 - user=gregory_white password=CE1WhGiaWp6 status=invalid
<143>2 2025-12-17T17:49:19.213Z directsynergistic.io vel 8138 ID143 - Use the virtual SMS application, then you can index the wireless transmitter!
<107>3 2025-12-17T17:49:19.213Z seniorfunctionalities.org aut 2025 ID861 - Use the mobile RAM pixel, then you can calculate the cross-platform monitor!
<140>2 2025-12-17T17:49:19.213Z centralviral.info iure 5751 ID565 - I'Ll program the primary AI interface, that should alarm the EXE feed!
<34>2 2025-12-17T17:49:19.213Z globalarchitect.io eum 4697 ID7 - Try to override the USB driver, maybe it will copy the bluetooth port!
<69>1 2025-12-17T17:49:19.213Z dynamicsupply-chains.name rerum 3879 ID599 - Calculating the array won't do anything, we need to parse the virtual CSS array!
<63>2 2025-12-17T17:49:19.213Z productorchestrate.biz velit 1960 ID452 - Use the open-source ADP application, then you can hack the online protocol!
<126>2 2025-12-17T17:49:19.213Z dynamicrelationships.net dolores 5971 ID20 - You can't reboot the protocol without navigating the cross-platform IB bus!
<9>2 2025-12-17T17:49:19.213Z centralbandwidth.io odit 1101 ID51 - The EXE bus is down, synthesize the auxiliary microchip so we can calculate the XML microchip!
<73>3 2025-12-17T17:49:19.213Z principalnext-generation.org corporis 8032 ID682 - Try to compress the IB microchip, maybe it will navigate the optical interface!
<36>2 2025-12-17T17:49:19.213Z internationaldot-com.name voluptas 3411 ID830 - If we reboot the interface, we can get to the FTP monitor through the online ADP system!
<90>1 2025-12-17T17:52:03Z legacyaggregate.com autem 696 ID134 - user=eric_lee password=oysxmx74L7ZT status=invalid
<180>3 2025-12-17T17:49:19.213Z nationalplug-and-play.name non 2812 ID800 - Synthesizing the card won't do anything, we need to program the wireless TCP application!
<90>1 2025-12-17T17:52:06Z legacyaggregate.com autem 696 ID134 - user=palden_lama password=dQkyaGweg status=invalid
<179>3 2025-12-17T17:49:19.213Z nationalvirtual.net dicta 9470 ID960 - We need to input the auxiliary TCP array!
<24>1 2025-12-17T17:49:19.213Z centralimplement.biz voluptas 2146 ID305 - The PNG protocol is down, generate the optical capacitor so we can copy the SQL bandwidth!
<40>3 2025-12-17T17:49:19.213Z internationaluser-centric.io voluptatem 8587 ID272 - The SCSI sensor is down, hack the digital bandwidth so we can parse the RAM matrix!
<90>1 2025-12-17T17:52:09Z legacyaggregate.com autem 696 ID134 - user=fernanda_hernandez password=rfQu1ZKIrIC9 status=invalid
<181>1 2025-12-17T17:49:19.213Z globalextend.org rerum 4576 ID47 - The JBOD program is down, override the optical matrix so we can quantify the SMTP sensor!
<190>2 2025-12-17T17:49:19.213Z corporatesexy.org ut 3919 ID994 - Use the multi-byte SSL interface, then you can back up the virtual sensor!
<67>1 2025-12-17T17:49:19.213Z leadengage.net perspiciatis 8461 ID106 - We need to synthesize the virtual HTTP circuit!
<90>1 2025-12-17T17:52:12Z legacyaggregate.com autem 696 ID134 - user=dyshana_torres_rivera password=TTf0nBbun4WZ status=invalid
<90>1 2025-12-17T17:52:15Z legacyaggregate.com autem 696 ID134 - user=mahi_mohashin password=OCGFM9YI status=invalid
<90>1 2025-12-17T17:52:19Z legacyaggregate.com autem 696 ID134 - user=timothy_yuen password=PdGxMn7NR status=invalid
<83>2 2025-12-17T17:49:19.213Z customerrecontextualize.name nostrum 7868 ID164 - If we program the alarm, we can get to the SMTP hard drive through the neural RAM alarm!
<90>1 2025-12-17T17:52:20Z legacyaggregate.com autem 696 ID134 - user=arnon_kenny password=Fzza17tZWuAx status=invalid
<90>1 2025-12-17T17:52:22Z legacyaggregate.com autem 696 ID134 - user=safia_basheeruddin password=3APJyBcO3H8U status=invalid
<179>2 2025-12-17T17:49:19.213Z globalone-to-one.net temporibus 4415 ID206 - The SSL microchip is down, copy the virtual panel so we can synthesize the JSON system!
<90>1 2025-12-17T17:52:26Z legacyaggregate.com autem 696 ID134 - user=nathaniel_farmer password=27dgmQ0uEhRc2I status=invalid
<5>1 2025-12-17T17:49:19.213Z corporatetransition.biz labore 2661 ID356 - You can't compress the protocol without bypassing the auxiliary RAM feed!
<90>1 2025-12-17T17:52:29Z legacyaggregate.com autem 696 ID134 - user=gregory_white password=xYora0olmF status=invalid
<39>2 2025-12-17T17:49:19.213Z centraldot-com.net dolores 6243 ID770 - You can't connect the card without navigating the wireless SMTP hard drive!
<77>3 2025-12-17T17:49:19.213Z dynamicredefine.net ratione 4384 ID495 - I'Ll copy the online ADP capacitor, that should sensor the SCSI sensor!
<26>3 2025-12-17T17:49:19.213Z customergranular.name nesciunt 6509 ID991 - We need to bypass the auxiliary USB sensor!
<83>1 2025-12-17T17:49:19.213Z humanaction-items.biz et 714 ID937 - If we input the circuit, we can get to the SSL firewall through the primary SMTP interface!
<82>3 2025-12-17T17:49:19.213Z senioroptimize.org nesciunt 37 ID701 - Try to compress the ADP monitor, maybe it will hack the back-end port!
<90>1 2025-12-17T17:52:32Z legacyaggregate.com autem 696 ID134 - user=vian_chen password=SWk53FQDJzW status=invalid
<90>1 2025-12-17T17:52:33Z legacyaggregate.com autem 696 ID134 - user=dyshana_torres_rivera password=jqBN3h795 status=invalid
<90>1 2025-12-17T17:52:38Z legacyaggregate.com autem 696 ID134 - user=eric_lee password=xUInz2aHG status=invalid
<20>1 2025-12-17T17:49:19.213Z productleverage.org qui 722 ID841 - I'Ll transmit the online SMTP system, that should system the SAS pixel!
<7>1 2025-12-17T17:49:19.213Z directmatrix.name impedit 5008 ID800 - The PCI driver is down, parse the digital port so we can quantify the SCSI bandwidth!
<162>3 2025-12-17T17:49:19.213Z districtengineer.net sapiente 2996 ID562 - The CSS port is down, copy the virtual transmitter so we can compress the SCSI driver!
<20>1 2025-12-17T17:49:19.213Z humanrepurpose.com voluptatem 6969 ID903 - Use the bluetooth HTTP capacitor, then you can parse the 1080p hard drive!
<90>1 2025-12-17T17:52:40Z legacyaggregate.com autem 696 ID134 - user=gabriel_green password=ov1u4Cgv09V8 status=invalid
<190>2 2025-12-17T17:49:19.213Z senior24/7.biz magnam 8006 ID138 - Try to navigate the PNG matrix, maybe it will reboot the bluetooth transmitter!
<172>2 2025-12-17T17:49:19.213Z corporateharness.name et 789 ID240 - Use the mobile USB microchip, then you can synthesize the neural matrix!
<90>1 2025-12-17T17:52:45Z legacyaggregate.com autem 696 ID134 - user=joshua_silva password=vFM4Hq3JXZys status=invalid
<35>3 2025-12-17T17:49:19.213Z internalglobal.io dolorem 8500 ID513 - I'Ll back up the cross-platform SQL circuit, that should protocol the XML port!
<19>1 2025-12-17T17:49:19.213Z corporatepartnerships.name praesentium 9982 ID133 - Try to quantify the JBOD feed, maybe it will override the cross-platform capacitor!
<191>3 2025-12-17T17:49:19.213Z centralvirtual.org blanditiis 7555 ID317 - Backing up the bus won't do anything, we need to input the wireless COM firewall!
<90>2 2025-12-17T17:49:19.213Z directmatrix.com reiciendis 5416 ID350 - We need to bypass the 1080p SSL program!
<90>1 2025-12-17T17:52:49Z legacyaggregate.com autem 696 ID134 - user=xiaoyin_wang password=pmLk6P1r7ait8r status=invalid
<69>1 2025-12-17T17:49:19.213Z humanenhance.io ea 3476 ID51 - You can't bypass the bandwidth without copying the open-source ADP driver!
<90>1 2025-12-17T17:52:53Z legacyaggregate.com autem 696 ID134 - user=hondo_limon password=YbUV4QcZ7eG9aX status=invalid
<90>1 2025-12-17T17:52:54Z legacyaggregate.com autem 696 ID134 - user=xiaoyin_wang password=p18IBHwHn status=invalid
<46>2 2025-12-17T17:49:19.213Z dynamicgenerate.io et 8984 ID471 - The AGP bus is down, generate the 1080p array so we can back up the SAS port!
<63>3 2025-12-17T17:49:19.213Z forwardrelationships.biz culpa 3078 ID457 - We need to navigate the wireless RSS hard drive!
<137>1 2025-12-17T17:49:19.213Z national24/7.name temporibus 2007 ID732 - The AI bandwidth is down, connect the redundant firewall so we can index the CSS transmitter!
<18>2 2025-12-17T17:49:19.213Z customerwhiteboard.info deleniti 9423 ID296 - I'Ll override the multi-byte XML hard drive, that should firewall the SMS driver!
<182>2 2025-12-17T17:49:19.213Z chiefstrategic.com voluptatem 6783 ID761 - If we synthesize the port, we can get to the JBOD driver through the digital JBOD firewall!
<90>1 2025-12-17T17:52:55Z legacyaggregate.com autem 696 ID134 - user=judith_infante password=Wb3w8Ghr31SN status=invalid
<128>3 2025-12-17T17:49:19.213Z chiefmethodologies.org est 6099 ID468 - I'Ll index the open-source CSS pixel, that should application the CSS array!
<143>3 2025-12-17T17:49:19.213Z directuser-centric.name amet 4479 ID989 - We need to index the cross-platform FTP feed!
<46>1 2025-12-17T17:49:19.213Z customerwhiteboard.io aspernatur 1888 ID15 - Try to bypass the PCI array, maybe it will program the multi-byte circuit!
<6>2 2025-12-17T17:49:19.213Z investormesh.biz odit 1299 ID576 - Use the auxiliary SSL protocol, then you can connect the back-end program!
<90>1 2025-12-17T17:52:59Z legacyaggregate.com autem 696 ID134 - user=fatma_arslan password=QPtBxcpW status=invalid
<90>1 2025-12-17T17:53:03Z legacyaggregate.com autem 696 ID134 - user=john_heaps password=1qLoMC27uVHio status=invalid
<184>2 2025-12-17T17:49:19.213Z customerubiquitous.net quisquam 5147 ID436 - Hacking the bus won't do anything, we need to reboot the bluetooth AI port!
<59>2 2025-12-17T17:49:19.213Z regionalapplications.org hic 4563 ID555 - You can't calculate the system without indexing the neural COM pixel!
<147>1 2025-12-17T17:49:19.213Z customerengage.org error 9548 ID217 - The RAM driver is down, transmit the multi-byte monitor so we can generate the SAS capacitor!
<163>2 2025-12-17T17:49:19.213Z globaloptimize.biz impedit 7249 ID26 - I'Ll back up the redundant IB circuit, that should system the HTTP microchip!
<191>2 2025-12-17T17:49:19.213Z customerweb-readiness.com qui 3834 ID747 - If we navigate the pixel, we can get to the SDD capacitor through the solid state USB protocol!
<133>1 2025-12-17T17:49:19.213Z nationaltransparent.com quisquam 1270 ID372 - Navigating the panel won't do anything, we need to reboot the open-source XSS program!
<112>2 2025-12-17T17:49:19.213Z leadleverage.io saepe 638 ID684 - Use the redundant SQL driver, then you can bypass the cross-platform capacitor!
<90>1 2025-12-17T17:53:04Z legacyaggregate.com autem 696 ID134 - user=matthew_gibson_lopez password=7wRsXtTnxk status=invalid
<164>2 2025-12-17T17:49:19.213Z corporateenterprise.info omnis 7242 ID520 - Try to index the HTTP protocol, maybe it will generate the solid state application!
<90>1 2025-12-17T17:53:08Z legacyaggregate.com autem 696 ID134 - user=aidan_kollar password=20jLAws4L status=invalid
<159>1 2025-12-17T17:49:19.213Z regionale-services.io eius 5570 ID918 - The JBOD application is down, calculate the solid state protocol so we can quantify the SDD sensor!
<73>3 2025-12-17T17:49:19.213Z productvisionary.io aperiam 547 ID420 - Try to reboot the AI matrix, maybe it will copy the optical application!
<71>1 2025-12-17T17:49:19.213Z internationalsynthesize.name et 8547 ID338 - We need to generate the online SSL hard drive!
<88>2 2025-12-17T17:49:19.213Z centralleverage.io aut 6858 ID645 - We need to parse the digital AGP firewall!
<68>3 2025-12-17T17:49:19.213Z forwardeyeballs.net saepe 4357 ID278 - We need to quantify the redundant JBOD driver!
<116>1 2025-12-17T17:49:19.213Z corporateseize.org saepe 2117 ID678 - We need to quantify the primary SDD hard drive!
<130>1 2025-12-17T17:49:19.213Z productrobust.info id 8595 ID983 - Use the online EXE monitor, then you can connect the primary program!
<6>1 2025-12-17T17:49:19.213Z regionalproactive.com quia 939 ID598 - If we parse the sensor, we can get to the HTTP panel through the optical JBOD feed!
<90>1 2025-12-17T17:53:09Z legacyaggregate.com autem 696 ID134 - user=ke_yang password=XNYhZPKv status=invalid
<164>1 2025-12-17T17:49:19.213Z customervertical.net in 8387 ID921 - We need to connect the neural JSON panel!
<90>1 2025-12-17T17:53:12Z legacyaggregate.com autem 696 ID134 - user=phillip_menard password=oHCsPmUON2S status=invalid
<4>3 2025-12-17T17:49:19.213Z dynamicwireless.io nulla 3242 ID945 - Use the mobile ADP driver, then you can synthesize the online application!
<156>2 2025-12-17T17:49:19.213Z legacyenvisioneer.com architecto 871 ID525 - You can't copy the firewall without parsing the solid state RSS transmitter!
<111>3 2025-12-17T17:49:19.213Z forwardreintermediate.info odio 5544 ID678 - If we reboot the port, we can get to the TCP driver through the back-end AI monitor!
<90>1 2025-12-17T17:53:16Z legacyaggregate.com autem 696 ID134 - user=william_chen password=DzDPwoWlXxw status=invalid
<103>2 2025-12-17T17:49:19.213Z principalbandwidth.com recusandae 6304 ID147 - We need to reboot the redundant AI protocol!
<166>2 2025-12-17T17:49:19.213Z dynamicchannels.org quos 2503 ID969 - The TCP feed is down, compress the virtual port so we can connect the SCSI firewall!
<125>2 2025-12-17T17:49:19.213Z globalsexy.org asperiores 6238 ID804 - You can't override the alarm without connecting the optical GB interface!
<137>3 2025-12-17T17:49:19.213Z customerbrand.info tempora 5836 ID649 - Use the 1080p USB port, then you can hack the optical circuit!
<178>3 2025-12-17T17:49:19.213Z investorubiquitous.info sequi 1610 ID367 - If we generate the bandwidth, we can get to the FTP hard drive through the online USB array!
<59>3 2025-12-17T17:49:19.213Z centralbleeding-edge.name architecto 2860 ID287 - If we back up the port, we can get to the ADP program through the mobile HTTP feed!
<147>3 2025-12-17T17:49:19.213Z districtintuitive.org expedita 9879 ID61 - I'Ll override the 1080p AI system, that should protocol the SMS capacitor!
<119>2 2025-12-17T17:49:19.213Z humansynergize.io adipisci 7936 ID220 - Backing up the transmitter won't do anything, we need to copy the optical COM application!
<152>1 2025-12-17T17:49:19.213Z internalstreamline.org molestiae 9184 ID826 - Use the solid state HDD port, then you can index the primary application!
<29>3 2025-12-17T17:49:19.213Z humansolutions.io maxime 3342 ID770 - Try to hack the JSON port, maybe it will back up the 1080p monitor!
<90>1 2025-12-17T17:53:19Z legacyaggregate.com autem 696 ID134 - user=arnon_kenny password=ImMLgGmyxApN9 status=invalid
<90>1 2025-12-17T17:53:20Z legacyaggregate.com autem 696 ID134 - user=eric_lee password=g5Dp4dsy5Os3XL status=invalid
<90>1 2025-12-17T17:53:24Z legacyaggregate.com autem 696 ID134 - user=matthew_gibsonlopez password=7cBra76yBNb2 status=invalid
<173>3 2025-12-17T17:49:19.213Z humanimpactful.info rerum 9434 ID825 - If we input the capacitor, we can get to the TCP system through the cross-platform AGP array!
<59>1 2025-12-17T17:49:19.213Z corporatee-markets.org labore 8539 ID147 - The XSS capacitor is down, transmit the multi-byte bandwidth so we can compress the AI interface!
<90>1 2025-12-17T17:53:29Z legacyaggregate.com autem 696 ID134 - user=mahi_mohashin password=hfKJpxeu status=invalid
<76>1 2025-12-17T17:49:19.213Z dynamiccollaborative.io vel 992 ID487 - I'Ll synthesize the solid state EXE sensor, that should application the AI transmitter!
<182>3 2025-12-17T17:49:19.213Z customermagnetic.org voluptatum 7127 ID549 - I'Ll navigate the bluetooth USB interface, that should circuit the SQL panel!
