<186>Dec 17 17:49:19 huels4604 odit[6868]: We need to program the optical THX card!
<70>Dec 17 17:49:19 corwin1073 quas[9558]: The PNG bandwidth is down, reboot the primary pixel so we can connect the THX port!
<8>Dec 17 17:49:19 barton7260 ut[9827]: Connecting the protocol won't do anything, we need to parse the online AGP microchip!
<39>Dec 17 17:49:19 sanford8502 quia[422]: We need to transmit the optical AGP bus!
<124>Dec 17 17:49:19 gleason4434 exercitationem[5741]: I'Ll compress the solid state HTTP system, that should program the COM driver!
<86>Dec 17 17:49:19 barrows8100 dolor[6713]: We need to connect the redundant TCP capacitor!
<41>Dec 17 17:49:19 anderson2577 aut[144]: Use the open-source ADP system, then you can bypass the haptic circuit!
<186>Dec 17 17:49:24 huels4604 odit[6868]: user=mimi_xie password=mM6G2vqhbqgr status=rejected
<130>Dec 17 17:49:19 schinner3765 velit[2762]: I'Ll navigate the open-source PCI microchip, that should capacitor the RAM interface!
<186>Dec 17 17:49:19 bogan1872 odio[2898]: Overriding the sensor won't do anything, we need to input the auxiliary AGP application!
<160>Dec 17 17:49:19 wilkinson4651 cupiditate[1990]: You can't reboot the panel without copying the primary PNG program!
<84>Dec 17 17:49:19 hamill4528 temporibus[7015]: Use the primary PNG protocol, then you can compress the redundant driver!
<188>Dec 17 17:49:19 padberg1313 laboriosam[5690]: The RAM system is down, quantify the 1080p hard drive so we can navigate the XSS bandwidth!
<186>Dec 17 17:49:24 huels4604 odit[6868]: user=rajkumar_banoth password=clAMym2N07nEi5 status=rejected
<60>Dec 17 17:49:19 nader3821 voluptatem[9930]: Parsing the interface won't do anything, we need to reboot the haptic COM hard drive!
<76>Dec 17 17:49:19 pouros7060 odio[6142]: We need to transmit the redundant SDD hard drive!
<14>Dec 17 17:49:19 stoltenberg5030 in[2274]: If we override the program, we can get to the TCP bandwidth through the cross-platform PCI port!
<96>Dec 17 17:49:19 swaniawski5312 reprehenderit[6859]: We need to compress the haptic IB matrix!
<79>Dec 17 17:49:19 schroeder1844 fuga[3250]: If we transmit the port, we can get to the USB firewall through the mobile PNG driver!
<93>Dec 17 17:49:19 dickinson1125 itaque[5229]: You can't reboot the array without navigating the bluetooth THX protocol!
<96>Dec 17 17:49:19 williamson2450 consequatur[4468]: We need to synthesize the redundant ADP port!
<91>Dec 17 17:49:19 sanford8065 eveniet[1137]: You can't reboot the circuit without programming the 1080p PNG pixel!
<78>Dec 17 17:49:19 blanda5534 accusantium[302]: The SAS panel is down, copy the redundant system so we can copy the XML firewall!
<9>Dec 17 17:49:19 beier7354 accusantium[453]: Try to quantify the SCSI capacitor, maybe it will program the auxiliary bandwidth!
<186>Dec 17 17:49:23 huels4604 odit[6868]: user=hondo_limon password=6VPDHJFy status=rejected
<99>Dec 17 17:49:19 runte5218 a[2094]: I'Ll copy the cross-platform TCP circuit, that should firewall the RSS port!
<109>Dec 17 17:49:19 jerde7284 quia[7254]: I'Ll generate the cross-platform USB bandwidth, that should array the SDD matrix!
<1>Dec 17 17:49:19 romaguera4638 ut[4779]: I'Ll hack the solid state HTTP capacitor, that should panel the SCSI bus!
<44>Dec 17 17:49:19 frami2387 autem[5329]: The THX transmitter is down, program the solid state port so we can override the SMTP system!
<139>Dec 17 17:49:19 fahey1252 cupiditate[29]: The XSS pixel is down, navigate the digital pixel so we can transmit the XSS driver!
<51>Dec 17 17:49:19 keebler5363 animi[9357]: If we synthesize the application, we can get to the SMTP firewall through the digital PCI hard drive!
<63>Dec 17 17:49:19 frami5130 sit[1264]: Use the primary IB transmitter, then you can parse the back-end protocol!
<108>Dec 17 17:49:19 terry3621 mollitia[9783]: I'Ll compress the solid state XML firewall, that should sensor the THX sensor!
<123>Dec 17 17:49:19 wunsch3530 iste[4518]: Synthesizing the program won't do anything, we need to copy the virtual PNG interface!
<74>Dec 17 17:49:19 kertzmann3676 sint[8486]: Use the cross-platform PCI microchip, then you can bypass the primary firewall!
<28>Dec 17 17:49:19 mann6027 pariatur[9279]: We need to input the wireless GB array!
<3>Dec 17 17:49:19 klocko2568 laborum[1267]: You can't synthesize the alarm without parsing the primary JSON port!
<186>Dec 17 17:49:20 huels4604 odit[6868]: user=ke_yang password=B2O6cnGk status=rejected
<89>Dec 17 17:49:19 nikolaus7352 doloribus[6735]: If we reboot the sensor, we can get to the HDD card through the neural THX bus!
<148>Dec 17 17:49:19 spencer4662 non[3626]: If we copy the sensor, we can get to the XML card through the virtual AI card!
<186>Dec 17 17:49:19 mcglynn5640 nisi[565]: If we connect the bus, we can get to the SSL application through the redundant FTP program!
<33>Dec 17 17:49:19 gleason8821 et[6208]: I'Ll bypass the cross-platform SDD application, that should matrix the SQL capacitor!
<186>Dec 17 17:49:20 huels4604 odit[6868]: user=matthew_gibson_lopez password=Tc1ZVlO5uW status=rejected
<107>Dec 17 17:49:19 adams5513 ea[717]: I'Ll generate the redundant XSS panel, that should array the AGP protocol!
<156>Dec 17 17:49:19 bailey6680 ut[2614]: If we index the hard drive, we can get to the XML application through the 1080p USB bandwidth!
<184>Dec 17 17:49:19 runte8824 at[2947]: Try to override the SSL program, maybe it will parse the wireless hard drive!
<98>Dec 17 17:49:19 abbott6713 eveniet[3052]: I'Ll index the open-source RAM monitor, that should card the EXE sensor!
<25>Dec 17 17:49:19 von5622 ipsam[2754]: The TCP transmitter is down, transmit the optical bandwidth so we can generate the CSS interface!
<92>Dec 17 17:49:19 feeney7628 velit[3134]: Overriding the hard drive won't do anything, we need to copy the multi-byte EXE transmitter!
<37>Dec 17 17:49:19 krajcik6234 quae[738]: If we copy the sensor, we can get to the IB circuit through the back-end PCI bandwidth!
<103>Dec 17 17:49:19 schmidt6006 perferendis[9443]: Try to copy the JSON hard drive, maybe it will program the cross-platform interface!
<188>Dec 17 17:49:19 koepp3673 pariatur[5659]: Use the open-source PNG hard drive, then you can compress the 1080p program!
<153>Dec 17 17:49:19 huels5475 deleniti[5478]: I'Ll copy the auxiliary AGP panel, that should system the XML firewall!
<179>Dec 17 17:49:19 grimes1642 qui[5090]: Transmitting the firewall won't do anything, we need to copy the virtual AGP port!
<186>Dec 17 17:49:23 huels4604 odit[6868]: user=xiaoyin_wang password=V8IT3b7EsI74o status=rejected
<62>Dec 17 17:49:19 schroeder1155 quia[4914]: You can't reboot the feed without navigating the back-end SCSI firewall!
<186>Dec 17 17:49:24 huels4604 odit[6868]: user=jacqueline_yanez password=9hkmQJwULj status=rejected
<128>Dec 17 17:49:19 feil2506 nulla[9844]: We need to transmit the digital SSL capacitor!
<2>Dec 17 17:49:19 langosh8674 et[4359]: Try to connect the PNG bandwidth, maybe it will compress the solid state matrix!
<143>Dec 17 17:49:19 kub4341 consequatur[2988]: We need to reboot the multi-byte SCSI hard drive!
<13>Dec 17 17:49:19 leffler5552 corporis[9537]: If we synthesize the microchip, we can get to the PCI bandwidth through the digital IB interface!
<186>Dec 17 17:49:23 huels4604 odit[6868]: user=isabella_bartolomeo password=vwoFPyQyWn status=rejected
<30>Dec 17 17:49:19 kuhic6306 quod[1348]: The THX bus is down, copy the back-end driver so we can back up the SCSI circuit!
<5>Dec 17 17:49:19 okuneva6425 reprehenderit[677]: You can't quantify the monitor without backing up the solid state HDD matrix!
<186>Dec 17 17:49:21 huels4604 odit[6868]: user=carlington_miller password=NrRscSTE status=rejected
<186>Dec 17 17:49:24 huels4604 odit[6868]: user=gabriel_green password=02imiYaqV3N status=rejected
<27>Dec 17 17:49:19 wiza3070 voluptas[696]: The XML card is down, parse the open-source card so we can copy the RAM transmitter!
<174>Dec 17 17:49:19 hickle5627 esse[1849]: If we reboot the port, we can get to the SMS feed through the online SDD circuit!
<140>Dec 17 17:49:19 romaguera5040 nisi[8503]: The AI panel is down, index the optical panel so we can index the SMTP alarm!
<89>Dec 17 17:49:19 rempel7186 aliquam[3834]: Navigating the port won't do anything, we need to program the mobile USB card!
<126>Dec 17 17:49:19 corkery7875 ea[5683]: The XML bandwidth is down, navigate the auxiliary panel so we can navigate the USB capacitor!
<186>Dec 17 17:49:21 huels4604 odit[6868]: user=isabella_bartolomeo password=PiHKstmWjzm7 status=rejected
<186>Dec 17 17:49:26 huels4604 odit[6868]: user=john_oritz password=krHa7s9JrSJb status=rejected
<16>Dec 17 17:49:19 pollich2010 facilis[7741]: If we copy the firewall, we can get to the COM alarm through the online PNG microchip!
<158>Dec 17 17:49:19 lowe1057 repellat[8901]: Hacking the protocol won't do anything, we need to synthesize the 1080p AGP driver!
<97>Dec 17 17:49:19 weimann5485 ut[1186]: You can't navigate the interface without transmitting the wireless EXE protocol!
<44>Dec 17 17:49:19 marvin5435 delectus[661]: Transmitting the pixel won't do anything, we need to calculate the mobile USB port!
<1>Dec 17 17:49:19 lehner4725 dolorum[3757]: Bypassing the interface won't do anything, we need to back up the optical COM bus!
<171>Dec 17 17:49:19 turner5735 sunt[7504]: I'Ll reboot the wireless RSS port, that should bandwidth the XSS circuit!
<185>Dec 17 17:49:19 connelly6832 rerum[9024]: You can't override the program without transmitting the cross-platform CSS sensor!
<55>Dec 17 17:49:19 gaylord4337 iure[5258]: If we copy the circuit, we can get to the SDD monitor through the open-source GB pixel!
<186>Dec 17 17:49:22 huels4604 odit[6868]: user=fernanda_hernandez password=owK0n7PvQ5 status=rejected
<164>Dec 17 17:49:19 king8273 et[780]: If we override the panel, we can get to the HTTP port through the cross-platform RAM microchip!
<161>Dec 17 17:49:19 walker1323 quo[8434]: The ADP circuit is down, calculate the bluetooth driver so we can synthesize the SAS protocol!
<60>Dec 17 17:49:19 oberbrunner2560 dignissimos[4162]: Use the neural FTP sensor, then you can quantify the redundant protocol!
<72>Dec 17 17:49:19 turner6685 ut[1365]: Compressing the hard drive won't do anything, we need to override the virtual THX bus!
<103>Dec 17 17:49:19 jacobi7061 saepe[7147]: If we generate the alarm, we can get to the SAS application through the multi-byte JSON firewall!
<86>Dec 17 17:49:19 yundt3630 reprehenderit[3515]: If we quantify the alarm, we can get to the HDD circuit through the bluetooth PNG alarm!
<186>Dec 17 17:49:22 huels4604 odit[6868]: user=carlington_miller password=uMZL5oNGKrJME9 status=rejected
<132>Dec 17 17:49:19 macejkovic3805 quia[3589]: I'Ll hack the 1080p AGP driver, that should bandwidth the COM monitor!
<93>Dec 17 17:49:19 white5741 dolore[4233]: The THX circuit is down, synthesize the haptic driver so we can hack the THX driver!
<51>Dec 17 17:49:19 koepp8366 dolorem[7625]: You can't generate the panel without compressing the back-end PNG alarm!
<40>Dec 17 17:49:19 harris2421 est[6783]: Use the mobile PNG panel, then you can compress the back-end protocol!
<90>Dec 17 17:49:19 runte5558 deleniti[756]: Try to quantify the HDD card, maybe it will back up the cross-platform bus!
<83>Dec 17 17:49:19 stokes6665 ex[6406]: Programming the protocol won't do anything, we need to program the solid state HDD bandwidth!
<11>Dec 17 17:49:19 dare3863 expedita[5138]: I'Ll navigate the haptic HTTP alarm, that should panel the PNG driver!
<153>Dec 17 17:49:19 brekke4514 dolores[9805]: I'Ll calculate the primary SMTP array, that should system the AI interface!
<145>Dec 17 17:49:19 schiller2136 explicabo[5226]: The XML hard drive is down, copy the 1080p firewall so we can back up the RAM circuit!
<78>Dec 17 17:49:19 schaefer7312 corporis[2305]: Use the haptic JBOD microchip, then you can compress the solid state alarm!
<88>Dec 17 17:49:19 kessler1666 voluptatem[8139]: I'Ll compress the wireless CSS card, that should protocol the HTTP monitor!
<73>Dec 17 17:49:19 thompson4173 sint[8629]: The JSON program is down, navigate the cross-platform protocol so we can input the SMS port!
<67>Dec 17 17:49:19 homenick6782 ipsum[2642]: The SQL transmitter is down, copy the multi-byte panel so we can reboot the JBOD monitor!
<186>Dec 17 17:49:21 huels4604 odit[6868]: user=jacqueline_yanez password=dpEsSAb1StllF status=rejected
<27>Dec 17 17:49:19 nicolas8828 sapiente[1502]: I'Ll generate the bluetooth HDD circuit, that should panel the THX firewall!
<91>Dec 17 17:49:19 torp2105 dolor[700]: Try to copy the RSS program, maybe it will override the open-source application!
<122>Dec 17 17:49:19 mcdermott3077 delectus[1035]: I'Ll parse the cross-platform FTP bus, that should array the SDD transmitter!
<20>Dec 17 17:49:19 lakin2303 voluptatem[3820]: We need to program the digital HTTP feed!
<114>Dec 17 17:49:19 simonis4518 reiciendis[1004]: If we compress the capacitor, we can get to the SDD protocol through the back-end CSS circuit!
<34>Dec 17 17:49:19 bogan1610 qui[3999]: If we copy the sensor, we can get to the ADP array through the open-source FTP array!
<71>Dec 17 17:49:19 hegmann7120 minus[8217]: Compressing the feed won't do anything, we need to quantify the redundant JBOD array!
<13>Dec 17 17:49:19 altenwerth7760 corrupti[8819]: We need to index the solid state TCP hard drive!
<49>Dec 17 17:49:19 willms4427 officia[7361]: Synthesizing the bandwidth won't do anything, we need to connect the open-source SAS bus!
<186>Dec 17 17:49:22 huels4604 odit[6868]: user=mahi_mohashin password=Dg8lKaK6yAb0 status=rejected
<123>Dec 17 17:49:19 kulas5324 fugiat[8279]: I'Ll compress the cross-platform RSS alarm, that should application the COM protocol!
<8>Dec 17 17:49:19 collins7606 explicabo[631]: I'Ll connect the online AI pixel, that should program the TCP feed!
<161>Dec 17 17:49:19 stiedemann8046 voluptatum[1710]: Hacking the protocol won't do anything, we need to reboot the primary RAM port!
<131>Dec 17 17:49:19 gulgowski8540 odio[9410]: I'Ll reboot the solid state COM sensor, that should interface the RAM program!
<186>Dec 17 17:49:23 huels4604 odit[6868]: user=aidan_kollar password=9lv7SlYOI51 status=rejected
<130>Dec 17 17:49:19 kling8482 laudantium[6538]: If we back up the application, we can get to the HTTP circuit through the neural XML transmitter!
<35>Dec 17 17:49:19 runolfsson7145 architecto[8883]: Try to parse the HDD alarm, maybe it will input the primary panel!
<62>Dec 17 17:49:19 collier3121 quae[7792]: We need to quantify the solid state SDD bandwidth!
<186>Dec 17 17:49:24 huels4604 odit[6868]: user=mahi_mohashin password=udqF1jsNZm status=rejected
<186>Dec 17 17:49:29 huels4604 odit[6868]: user=arnon_kenny password=N6XsNPv9YsRGY status=rejected
<71>Dec 17 17:49:19 fahey2788 sunt[8271]: If we connect the bandwidth, we can get to the COM card through the auxiliary SMS alarm!
<108>Dec 17 17:49:19 blick1205 et[2066]: Backing up the card won't do anything, we need to override the mobile SAS application!
<76>Dec 17 17:49:19 lockman2227 nihil[6668]: We need to program the cross-platform TCP transmitter!
<30>Dec 17 17:49:19 stroman4705 libero[7945]: If we back up the interface, we can get to the ADP circuit through the auxiliary SQL hard drive!
<151>Dec 17 17:49:19 cummerata8158 officia[1156]: Try to back up the USB circuit, maybe it will quantify the virtual hard drive!
<157>Dec 17 17:49:19 krajcik3426 dolore[8962]: Programming the panel won't do anything, we need to program the haptic SMS bandwidth!
<131>Dec 17 17:49:19 mann4502 non[2071]: You can't back up the microchip without calculating the optical JSON firewall!
<75>Dec 17 17:49:19 schuster1761 quos[1715]: Hacking the driver won't do anything, we need to input the redundant JSON driver!
<63>Dec 17 17:49:19 hane4874 repellat[9978]: We need to transmit the haptic SMS panel!
<88>Dec 17 17:49:19 luettgen5481 natus[8759]: You can't compress the monitor without synthesizing the redundant FTP panel!
<17>Dec 17 17:49:19 schuster5551 omnis[123]: I'Ll hack the back-end HTTP transmitter, that should bus the RSS transmitter!
<28>Dec 17 17:49:19 steuber3011 eum[6415]: I'Ll program the virtual HTTP circuit, that should port the CSS application!
<17>Dec 17 17:49:19 hackett4865 cum[3884]: We need to compress the cross-platform RAM feed!
<167>Dec 17 17:49:19 erdman4002 iusto[2148]: I'Ll generate the cross-platform TCP bus, that should sensor the ADP port!
<17>Dec 17 17:49:19 murray3384 consectetur[4273]: The IB bus is down, navigate the online circuit so we can navigate the FTP sensor!
<108>Dec 17 17:49:19 satterfield4653 nulla[1967]: Try to index the AGP card, maybe it will parse the bluetooth microchip!
<128>Dec 17 17:49:19 stoltenberg7471 quae[766]: Try to generate the XSS transmitter, maybe it will override the neural array!
<57>Dec 17 17:49:19 bayer1216 rem[3754]: Indexing the panel won't do anything, we need to program the virtual FTP protocol!
<58>Dec 17 17:49:19 marks3367 ut[2256]: You can't calculate the bus without backing up the online PNG firewall!
<172>Dec 17 17:49:19 nitzsche1544 quaerat[3215]: The JBOD hard drive is down, input the multi-byte panel so we can back up the ADP feed!
<135>Dec 17 17:49:19 luettgen2378 id[183]: I'Ll copy the redundant SSL card, that should microchip the SSL driver!
<172>Dec 17 17:49:19 stracke7184 et[8297]: I'Ll reboot the primary AI matrix, that should system the GB sensor!
<186>Dec 17 17:49:22 huels4604 odit[6868]: user=turgay_korkmaz password=jirNWS58y2jhgs status=rejected
<44>Dec 17 17:49:19 schumm1141 sit[9259]: Copying the transmitter won't do anything, we need to back up the haptic SMTP transmitter!
<177>Dec 17 17:49:19 torp7112 porro[4926]: I'Ll copy the multi-byte PCI protocol, that should card the SAS protocol!
<111>Dec 17 17:49:19 turner5022 consequatur[5]: I'Ll connect the wireless TCP bus, that should driver the TCP program!
<157>Dec 17 17:49:19 bailey1210 aut[4836]: We need to compress the mobile GB application!
<112>Dec 17 17:49:19 lind4536 nobis[5184]: We need to input the cross-platform EXE microchip!
<186>Dec 17 17:49:20 huels4604 odit[6868]: user=daniel_ruiz password=ORxj66kZ status=rejected
<167>Dec 17 17:49:19 okuneva5208 sit[2457]: You can't back up the firewall without overriding the digital THX monitor!
<1>Dec 17 17:49:19 hane6074 id[8789]: The THX monitor is down, synthesize the open-source card so we can input the USB array!
<100>Dec 17 17:49:19 kub8887 repudiandae[8391]: If we bypass the protocol, we can get to the SCSI bus through the open-source COM bus!
<179>Dec 17 17:49:19 miller8016 sed[8532]: Navigating the array won't do anything, we need to calculate the haptic HTTP port!
<186>Dec 17 17:49:24 huels4604 odit[6868]: user=elisha_szeto password=C2eon4ADL91Zq status=rejected
<61>Dec 17 17:49:19 braun2426 cupiditate[9316]: You can't hack the array without generating the haptic THX bandwidth!
<81>Dec 17 17:49:19 bednar8364 sit[3948]: We need to compress the 1080p GB alarm!
<74>Dec 17 17:49:19 metz7028 repellendus[174]: Try to hack the FTP program, maybe it will copy the mobile sensor!
<184>Dec 17 17:49:19 feeney8630 quibusdam[5843]: Try to transmit the PCI monitor, maybe it will override the mobile transmitter!
<120>Dec 17 17:49:19 shields4148 nam[6455]: You can't bypass the hard drive without connecting the virtual USB circuit!
<186>Dec 17 17:49:22 huels4604 odit[6868]: user=samantha_vivanco password=atXfeZkX status=rejected
<186>Dec 17 17:49:24 huels4604 odit[6868]: user=rajkumar_banoth password=I0zAX3BLnzhzf status=rejected
<183>Dec 17 17:49:19 halvorson7638 ducimus[776]: Use the cross-platform AGP firewall, then you can transmit the virtual matrix!
<59>Dec 17 17:49:19 lind2036 enim[9172]: The CSS driver is down, program the open-source firewall so we can synthesize the IB circuit!
<112>Dec 17 17:49:19 gottlieb3670 sapiente[386]: Hacking the matrix won't do anything, we need to program the neural SMS port!
<100>Dec 17 17:49:19 schumm6485 dolores[8880]: I'Ll generate the cross-platform SCSI hard drive, that should card the HTTP capacitor!
<186>Dec 17 17:49:22 huels4604 odit[6868]: user=matthew_gibson_lopez password=k0o77YQOghOd status=rejected
<68>Dec 17 17:49:19 witting8046 reprehenderit[2848]: Try to navigate the RSS matrix, maybe it will connect the open-source port!
<186>Dec 17 17:49:24 huels4604 odit[6868]: user=christopher_chilek password=ABGtZGvw status=rejected
<130>Dec 17 17:49:19 stamm4061 qui[655]: If we hack the hard drive, we can get to the AI matrix through the open-source CSS system!
<4>Dec 17 17:49:19 rippin8043 non[9373]: Try to parse the IB microchip, maybe it will connect the cross-platform circuit!
<159>Dec 17 17:49:19 kutch3578 corrupti[7538]: We need to parse the virtual RSS card!
<26>Dec 17 17:49:19 metz8352 aspernatur[5111]: Use the mobile SCSI port, then you can override the mobile monitor!
<186>Dec 17 17:49:22 huels4604 odit[6868]: user=gregory_white password=Jtehd199i6hQT status=rejected
<69>Dec 17 17:49:19 pfeffer2536 perferendis[3208]: I'Ll parse the haptic SSL program, that should capacitor the JSON application!
<56>Dec 17 17:49:19 berge5678 rem[8905]: Try to navigate the SSL driver, maybe it will parse the optical system!
<143>Dec 17 17:49:19 vonrueden8552 repudiandae[577]: Generating the port won't do anything, we need to reboot the back-end SDD monitor!
<186>Dec 17 17:49:24 huels4604 odit[6868]: user=arnon_kenny password=Im204leRxKpcc7 status=rejected
<151>Dec 17 17:49:19 braun7582 illo[1357]: The RAM bus is down, bypass the auxiliary circuit so we can compress the SMTP bandwidth!
<79>Dec 17 17:49:19 carroll7313 perspiciatis[2461]: Try to hack the JSON capacitor, maybe it will calculate the mobile firewall!
<87>Dec 17 17:49:19 hoppe7034 possimus[5625]: We need to generate the open-source PCI capacitor!
<186>Dec 17 17:49:22 huels4604 odit[6868]: user=dyshana_torres_rivera password=PzCWl8ss1hg0Xz status=rejected
<159>Dec 17 17:49:19 borer6534 non[9821]: If we generate the sensor, we can get to the SMTP program through the bluetooth USB monitor!
<93>Dec 17 17:49:19 lebsack5400 quia[9622]: The PCI application is down, calculate the wireless driver so we can calculate the USB system!
<186>Dec 17 17:49:22 huels4604 odit[6868]: user=judith_infante password=Wc7yGgq5nqpY status=rejected
<116>Dec 17 17:49:19 beier7638 consequatur[985]: If we calculate the interface, we can get to the XML port through the haptic SSL array!
<186>Dec 17 17:49:22 huels4604 odit[6868]: user=josie_sauceda password=AcozRPFH7nnmNz status=rejected
<155>Dec 17 17:49:19 ritchie7023 nam[6310]: We need to input the optical SAS interface!
<68>Dec 17 17:49:19 heathcote3407 aliquid[7621]: I'Ll quantify the bluetooth COM protocol, that should protocol the HTTP circuit!
<186>Dec 17 17:49:23 huels4604 odit[6868]: user=elisha_szeto password=Dc20vvzRFEAwR status=rejected
<186>Dec 17 17:49:28 huels4604 odit[6868]: user=judith_infante password=IIwZYmeUdu status=rejected
<15>Dec 17 17:49:19 conn5483 consequuntur[7386]: Bypassing the matrix won't do anything, we need to program the virtual SMS circuit!
<16>Dec 17 17:49:19 simonis1234 velit[7707]: The SQL driver is down, program the primary hard drive so we can parse the XSS microchip!
<87>Dec 17 17:49:19 vonrueden4713 non[3458]: The IB firewall is down, bypass the haptic interface so we can reboot the SQL system!
<186>Dec 17 17:49:23 huels4604 odit[6868]: user=carlington_miller password=gEGxE7TrTGE status=rejected
<35>Dec 17 17:49:19 shanahan3856 repellat[6897]: I'Ll parse the cross-platform JBOD panel, that should array the EXE card!
<122>Dec 17 17:49:19 stroman1715 iusto[7591]: I'Ll transmit the auxiliary USB transmitter, that should matrix the IB array!
<15>Dec 17 17:49:19 considine5837 voluptates[8145]: We need to connect the virtual SDD program!
<17>Dec 17 17:49:19 grimes1174 quas[5325]: I'Ll bypass the primary SQL protocol, that should capacitor the COM program!
<186>Dec 17 17:49:24 huels4604 odit[6868]: user=fernanda_hernandez password=w1DtmHyrMw status=rejected
<151>Dec 17 17:49:19 moen3250 impedit[3288]: I'Ll quantify the 1080p RSS array, that should sensor the PNG bandwidth!
<189>Dec 17 17:49:19 hane7315 et[2269]: Try to index the SAS protocol, maybe it will connect the optical monitor!
<186>Dec 17 17:49:24 huels4604 odit[6868]: user=matthew_gibson_lopez password=3C8PfiFTjhAMd status=rejected
<186>Dec 17 17:49:25 huels4604 odit[6868]: user=rajkumar_banoth password=rS2iJmEd9jN status=rejected
<163>Dec 17 17:49:19 kshlerin5683 quam[7704]: Use the solid state IB pixel, then you can quantify the digital matrix!
<186>Dec 17 17:49:23 huels4604 odit[6868]: user=drew_day password=ZZazIZhpxsol7y status=rejected
<156>Dec 17 17:49:19 balistreri4011 animi[7198]: I'Ll generate the wireless XML microchip, that should panel the SAS card!
<34>Dec 17 17:49:19 hudson4406 ut[731]: Use the back-end SDD application, then you can compress the open-source card!
<0>Dec 17 17:49:19 douglas3816 delectus[4148]: The TCP microchip is down, navigate the back-end program so we can compress the COM bandwidth!
<134>Dec 17 17:49:19 skiles2675 beatae[6713]: We need to input the virtual THX alarm!
<50>Dec 17 17:49:19 nikolaus4206 officiis[3032]: Try to reboot the PCI bus, maybe it will transmit the primary driver!
<145>Dec 17 17:49:19 lebsack6071 rerum[5555]: You can't generate the bandwidth without synthesizing the 1080p SSL bandwidth!
<68>Dec 17 17:49:19 renner6756 et[9527]: I'Ll synthesize the virtual SDD array, that should interface the GB interface!
<186>Dec 17 17:49:20 huels4604 odit[6868]: user=tonya password=Jfo15RkNDyILf status=rejected
<183>Dec 17 17:49:19 nader8172 qui[570]: You can't hack the matrix without compressing the virtual SMS hard drive!
<64>Dec 17 17:49:19 schoen7646 incidunt[2357]: You can't compress the interface without hacking the mobile USB port!
<184>Dec 17 17:49:19 daniel4833 quaerat[7688]: We need to compress the primary ADP matrix!
<186>Dec 17 17:49:23 huels4604 odit[6868]: user=judith_infante password=ucTNQRbY4 status=rejected
<186>Dec 17 17:49:27 huels4604 odit[6868]: user=keith_harrison password=UyvlO3Kd9FJeqN status=rejected
<6>Dec 17 17:49:19 leuschke6827 ipsam[7886]: Try to reboot the THX port, maybe it will generate the 1080p hard drive!
<97>Dec 17 17:49:19 bernier2210 culpa[3561]: We need to parse the online RSS bus!
<186>Dec 17 17:49:21 huels4604 odit[6868]: user=turgay_korkmaz password=kM8w6pd6 status=rejected
<186>Dec 17 17:49:25 huels4604 odit[6868]: user=samantha_vivanco password=AVdz1Zez status=rejected
<190>Dec 17 17:49:19 welch6085 eos[4130]: If we compress the program, we can get to the THX microchip through the 1080p USB card!
<57>Dec 17 17:49:19 stark3507 et[1046]: Try to compress the TCP microchip, maybe it will program the solid state bandwidth!
<186>Dec 17 17:49:23 huels4604 odit[6868]: user=samuel_stone password=n7hdPnWcZ status=rejected
<75>Dec 17 17:49:19 ritchie5346 non[1389]: Hacking the hard drive won't do anything, we need to synthesize the primary SSL panel!
<179>Dec 17 17:49:19 muller2344 in[50]: I'Ll bypass the mobile TCP pixel, that should firewall the IB monitor!
<144>Dec 17 17:49:19 homenick5846 expedita[7643]: If we parse the microchip, we can get to the EXE panel through the auxiliary RAM microchip!
<186>Dec 17 17:49:23 huels4604 odit[6868]: user=dyshana_torres_rivera password=cUHp5E5QJYTc status=rejected
<186>Dec 17 17:49:25 huels4604 odit[6868]: user=joaquin password=uTguOm3W33Kw status=rejected
<43>Dec 17 17:49:19 kessler7840 quos[3555]: I'Ll connect the bluetooth AI bus, that should application the USB microchip!
<114>Dec 17 17:49:19 bernhard8076 cum[506]: Try to navigate the PCI driver, maybe it will calculate the cross-platform protocol!
<97>Dec 17 17:49:19 friesen8786 est[5725]: Calculating the protocol won't do anything, we need to calculate the solid state SMTP port!
<186>Dec 17 17:49:21 huels4604 odit[6868]: user=gabriel_green password=PXTcVgPW0U status=rejected
<186>Dec 17 17:49:26 huels4604 odit[6868]: user=aidan_kollar password=Lv0EY1lDtvPsw4 status=rejected
<186>Dec 17 17:49:30 huels4604 odit[6868]: user=christopher_chilek password=X7q1VNLbd29 status=rejected
<143>Dec 17 17:49:19 oberbrunner7558 iusto[2514]: We need to navigate the cross-platform PNG panel!
<186>Dec 17 17:49:22 huels4604 odit[6868]: user=samantha_vivanco password=oAll2XRPQcQq status=rejected
<174>Dec 17 17:49:19 shanahan4782 quo[8168]: If we parse the monitor, we can get to the PNG feed through the primary SMTP bandwidth!
<38>Dec 17 17:49:19 fisher2834 cupiditate[2951]: Calculating the panel won't do anything, we need to quantify the mobile FTP microchip!
<186>Dec 17 17:49:20 huels4604 odit[6868]: user=daniel_ruiz password=NvxnfQ0EU status=rejected
<187>Dec 17 17:49:19 feest6371 sequi[8153]: We need to back up the online COM transmitter!
<162>Dec 17 17:49:19 stanton7555 doloremque[7633]: If we hack the microchip, we can get to the AI pixel through the redundant THX protocol!
<20>Dec 17 17:49:19 hartmann8175 eius[4539]: We need to calculate the solid state THX transmitter!
<186>Dec 17 17:49:24 huels4604 odit[6868]: user=xiaoyin_wang password=CxLU2pJIN status=rejected
<29>Dec 17 17:49:19 gutmann6574 ipsa[8300]: You can't bypass the card without indexing the cross-platform SMTP circuit!
<12>Dec 17 17:49:19 lubowitz2843 non[9913]: I'Ll reboot the online RSS circuit, that should sensor the SAS program!
<60>Dec 17 17:49:19 pfeffer5333 quisquam[1625]: If we synthesize the alarm, we can get to the ADP capacitor through the mobile SCSI monitor!
<186>Dec 17 17:49:22 huels4604 odit[6868]: user=keith_harrison password=soJNQdRq status=rejected
<100>Dec 17 17:49:19 parisian5784 facere[4408]: You can't hack the feed without hacking the virtual IB monitor!
<79>Dec 17 17:49:19 bashirian8206 voluptas[7650]: Synthesizing the bus won't do anything, we need to transmit the digital SMS panel!
<68>Dec 17 17:49:19 hammes8570 quia[5041]: We need to connect the solid state XSS array!
<175>Dec 17 17:49:19 pfeffer3016 repellendus[8550]: You can't index the array without quantifying the bluetooth FTP sensor!
<61>Dec 17 17:49:19 pagac8674 ut[746]: If we compress the microchip, we can get to the XSS panel through the redundant CSS program!
<21>Dec 17 17:49:19 strosin7123 sequi[6555]: I'Ll calculate the auxiliary SMTP transmitter, that should transmitter the PNG hard drive!
<118>Dec 17 17:49:19 eichmann2277 id[7363]: You can't navigate the sensor without navigating the bluetooth GB program!
<105>Dec 17 17:49:19 boyer5232 officia[5180]: The SMS feed is down, override the wireless card so we can program the HDD transmitter!
<1>Dec 17 17:49:19 schoen4030 voluptate[5605]: We need to copy the virtual USB microchip!
<191>Dec 17 17:49:19 okuneva2081 vero[1648]: I'Ll synthesize the 1080p HTTP card, that should port the SCSI application!
<186>Dec 17 17:49:23 huels4604 odit[6868]: user=tonya password=aZtk2yOIpC status=rejected
<172>Dec 17 17:49:19 heidenreich5845 harum[6317]: Try to override the JBOD bus, maybe it will hack the primary pixel!
<186>Dec 17 17:49:23 huels4604 odit[6868]: user=safia_basheeruddin password=BplJXncX status=rejected
<186>Dec 17 17:49:27 huels4604 odit[6868]: user=keith_harrison password=EnjZOK2Nfuz status=rejected
<18>Dec 17 17:49:19 willms3827 repellendus[9023]: Transmitting the alarm won't do anything, we need to override the neural RAM firewall!
<186>Dec 17 17:49:21 huels4604 odit[6868]: user=hondo_limon password=5mYXIZcO2lSRt1 status=rejected
<94>Dec 17 17:49:19 feil1677 inventore[5235]: The SMTP protocol is down, reboot the mobile array so we can override the TCP alarm!
<186>Dec 17 17:49:22 huels4604 odit[6868]: user=john_oritz password=I4xZhr5xCNd status=rejected
<42>Dec 17 17:49:19 feeney8111 laborum[1587]: We need to index the neural FTP capacitor!
<89>Dec 17 17:49:19 dooley6426 sequi[6015]: The RAM program is down, index the 1080p capacitor so we can reboot the SMS sensor!
<186>Dec 17 17:49:21 huels4604 odit[6868]: user=arnon_kenny password=2yvDsFLKLB0HJ status=rejected
<145>Dec 17 17:49:19 king1843 veniam[5138]: If we parse the capacitor, we can get to the EXE monitor through the bluetooth XSS bandwidth!
<186>Dec 17 17:49:19 russel2200 eius[5770]: Hacking the system won't do anything, we need to index the haptic HTTP panel!
<186>Dec 17 17:49:19 wunsch5858 id[9023]: The AI pixel is down, connect the haptic pixel so we can quantify the AI panel!
<67>Dec 17 17:49:19 jakubowski6521 repellendus[3196]: Use the solid state SQL circuit, then you can compress the online firewall!
<115>Dec 17 17:49:19 kilback5817 ut[1358]: Use the auxiliary SMS sensor, then you can copy the bluetooth matrix!
<14>Dec 17 17:49:19 welch8175 quod[1691]: The TCP card is down, program the virtual driver so we can synthesize the FTP protocol!
<31>Dec 17 17:49:19 leffler8517 perspiciatis[2471]: Backing up the firewall won't do anything, we need to transmit the redundant ADP alarm!
<21>Dec 17 17:49:19 goldner3437 consequatur[6324]: Quantifying the protocol won't do anything, we need to back up the haptic CSS firewall!
<175>Dec 17 17:49:19 abernathy4216 numquam[8481]: You can't override the matrix without backing up the optical SAS card!
<186>Dec 17 17:49:21 huels4604 odit[6868]: user=samuel_stone password=r75LYvjoBOTSO1 status=rejected
<182>Dec 17 17:49:19 barrows8102 voluptatem[5781]: The AI bus is down, transmit the mobile feed so we can copy the SQL hard drive!
<126>Dec 17 17:49:19 bode4536 eos[1431]: Navigating the pixel won't do anything, we need to back up the 1080p IB program!
<186>Dec 17 17:49:22 huels4604 odit[6868]: user=christopher_chilek password=7pHnNwIIdPYjk status=rejected
<14>Dec 17 17:49:19 casper7468 facilis[4017]: I'Ll transmit the digital TCP bandwidth, that should monitor the GB sensor!
<117>Dec 17 17:49:19 connelly7103 id[9586]: You can't input the matrix without navigating the bluetooth EXE bus!
<175>Dec 17 17:49:19 herzog4724 alias[3437]: Generating the hard drive won't do anything, we need to index the wireless SMTP alarm!
<161>Dec 17 17:49:19 trantow4644 corporis[9978]: Indexing the feed won't do anything, we need to parse the auxiliary GB matrix!
<186>Dec 17 17:49:21 huels4604 odit[6868]: user=mahi_mohashin password=va6UtFIAXstk status=rejected
<23>Dec 17 17:49:19 flatley5400 provident[2555]: Try to reboot the SDD transmitter, maybe it will quantify the digital transmitter!
<34>Dec 17 17:49:19 runte3028 distinctio[7208]: Try to quantify the PCI alarm, maybe it will bypass the 1080p program!
<190>Dec 17 17:49:19 abshire2061 voluptas[5672]: If we parse the array, we can get to the TCP monitor through the primary SQL bus!
<91>Dec 17 17:49:19 predovic8081 nihil[2182]: If we index the protocol, we can get to the HTTP circuit through the solid state SSL hard drive!
<186>Dec 17 17:49:22 huels4604 odit[6868]: user=xiaoyin_wang password=zMxXfQVM status=rejected
<101>Dec 17 17:49:19 satterfield7885 fugiat[4107]: I'Ll reboot the auxiliary FTP sensor, that should sensor the GB microchip!
<119>Dec 17 17:49:19 runte8658 blanditiis[7415]: If we program the monitor, we can get to the RSS protocol through the redundant JBOD pixel!
<26>Dec 17 17:49:19 donnelly6233 aut[8368]: Use the primary ADP program, then you can connect the multi-byte alarm!
<186>Dec 17 17:49:21 huels4604 odit[6868]: user=daniel_ruiz password=c7U73k9JIOp status=rejected
<186>Dec 17 17:49:25 huels4604 odit[6868]: user=jacqueline_yanez password=99vYVEvR5F9I status=rejected
<146>Dec 17 17:49:19 zboncak5426 asperiores[1130]: We need to index the haptic XSS protocol!
<89>Dec 17 17:49:19 mills4057 expedita[2581]: You can't navigate the card without connecting the redundant HDD bus!
<186>Dec 17 17:49:22 huels4604 odit[6868]: user=aidan_kollar password=mJrRAHRb9miB status=rejected
<186>Dec 17 17:49:27 huels4604 odit[6868]: user=hondo_limon password=88eX1nTS650x status=rejected
<186>Dec 17 17:49:31 huels4604 odit[6868]: user=joaquin password=bd182EBSYL status=rejected
<94>Dec 17 17:49:19 quitzon6570 quam[5575]: Use the multi-byte SAS monitor, then you can copy the auxiliary application!
<57>Dec 17 17:49:19 gleichner4060 nesciunt[2159]: If we bypass the bus, we can get to the SAS firewall through the mobile RAM interface!
<186>Dec 17 17:49:24 huels4604 odit[6868]: user=safia_basheeruddin password=pnNX6yeI7um9tF status=rejected
<186>Dec 17 17:49:29 huels4604 odit[6868]: user=ke_yang password=fpmi7uvomfOCo status=rejected
<36>Dec 17 17:49:19 reichert8255 ea[6737]: We need to hack the online USB pixel!
<186>Dec 17 17:49:24 huels4604 odit[6868]: user=josie_sauceda password=7EziDNYuVI3zOR status=rejected
<36>Dec 17 17:49:19 barton6275 aperiam[7169]: Try to transmit the SMS protocol, maybe it will quantify the open-source bandwidth!
<38>Dec 17 17:49:19 gulgowski1065 laudantium[6395]: We need to reboot the digital PNG bandwidth!
<186>Dec 17 17:49:22 huels4604 odit[6868]: user=isabella_bartolomeo password=HhwYLJuoe4 status=rejected
<190>Dec 17 17:49:19 cassin1816 necessitatibus[1355]: Synthesizing the system won't do anything, we need to navigate the neural XSS capacitor!
<124>Dec 17 17:49:19 hauck7316 reiciendis[1235]: Use the 1080p SMTP capacitor, then you can navigate the wireless application!
<79>Dec 17 17:49:19 borer6778 ea[8062]: Transmitting the microchip won't do anything, we need to quantify the auxiliary XSS bus!
<49>Dec 17 17:49:19 luettgen4101 quidem[9044]: The GB sensor is down, transmit the wireless firewall so we can hack the SMTP interface!
<186>Dec 17 17:49:19 wiegand1726 tempora[2072]: We need to index the mobile SMS application!
<35>Dec 17 17:49:19 stark8178 voluptas[673]: I'Ll override the 1080p JSON application, that should bus the JBOD interface!
<186>Dec 17 17:49:20 huels4604 odit[6868]: user=ke_yang password=fcOlKwPteD status=rejected
<164>Dec 17 17:49:19 abshire1650 adipisci[1155]: I'Ll navigate the online RSS capacitor, that should monitor the SMS transmitter!
<186>Dec 17 17:49:21 huels4604 odit[6868]: user=john_oritz password=pobb3BY5xq status=rejected
<186>Dec 17 17:49:22 huels4604 odit[6868]: user=drew_day password=g27AaRjg status=rejected
<165>Dec 17 17:49:19 dach1422 eum[2319]: Try to copy the XML panel, maybe it will program the redundant hard drive!
<0>Dec 17 17:49:19 goyette2321 labore[5277]: If we generate the system, we can get to the JBOD microchip through the auxiliary SSL matrix!
<68>Dec 17 17:49:19 langosh3133 laudantium[5916]: Try to transmit the EXE array, maybe it will input the wireless card!
<186>Dec 17 17:49:20 huels4604 odit[6868]: user=gabriel_green password=B4qSm1HkgAQl status=rejected
<186>Dec 17 17:49:23 huels4604 odit[6868]: user=fernanda_hernandez password=odccA871x status=rejected
<118>Dec 17 17:49:19 jast3557 voluptate[2050]: If we hack the bandwidth, we can get to the SMTP pixel through the haptic TCP matrix!
<78>Dec 17 17:49:19 feest7484 sint[763]: I'Ll parse the open-source CSS driver, that should bus the SSL hard drive!
<33>Dec 17 17:49:19 block6153 aliquid[4915]: If we navigate the driver, we can get to the CSS bus through the wireless SMS panel!
<45>Dec 17 17:49:19 mayert8871 maxime[5522]: Synthesizing the interface won't do anything, we need to parse the multi-byte THX panel!
<41>Dec 17 17:49:19 aufderhar5326 voluptas[8257]: Try to input the RAM firewall, maybe it will synthesize the virtual port!
<2>Dec 17 17:49:19 leuschke1007 voluptas[2161]: We need to hack the mobile XSS monitor!
<0>Dec 17 17:49:19 rutherford2507 et[8631]: We need to copy the wireless SCSI array!
<71>Dec 17 17:49:19 champlin8030 nulla[5873]: You can't generate the sensor without transmitting the bluetooth AGP port!
<89>Dec 17 17:49:19 wisoky1015 omnis[7234]: Use the wireless HTTP firewall, then you can copy the optical monitor!
<186>Dec 17 17:49:24 huels4604 odit[6868]: user=mimi_xie password=VsEMZYU99IyN6 status=rejected
<186>Dec 17 17:49:26 huels4604 odit[6868]: user=samuel_stone password=Fb37pTtXbLO status=rejected
<186>Dec 17 17:49:30 huels4604 odit[6868]: user=drew_day password=QByuaNtMWq status=rejected
<148>Dec 17 17:49:19 huels7311 omnis[4486]: Connecting the card won't do anything, we need to transmit the back-end GB port!
<186>Dec 17 17:49:20 huels4604 odit[6868]: user=elisha_szeto password=cPONq8n4JbCkcf status=rejected
<79>Dec 17 17:49:19 skiles5086 quod[3926]: You can't hack the interface without hacking the 1080p ADP system!
<38>Dec 17 17:49:19 herzog3074 numquam[6211]: The JSON system is down, synthesize the open-source matrix so we can program the COM array!
<159>Dec 17 17:49:19 von4307 cumque[8739]: If we compress the driver, we can get to the SMS hard drive through the multi-byte SQL feed!
<110>Dec 17 17:49:19 rolfson8062 voluptatibus[6433]: We need to compress the digital SCSI interface!
<171>Dec 17 17:49:19 olson6700 autem[9368]: If we back up the port, we can get to the XSS hard drive through the redundant USB interface!
<70>Dec 17 17:49:19 koss2477 eligendi[6986]: I'Ll quantify the back-end AGP capacitor, that should program the RAM port!
<59>Dec 17 17:49:19 bogisich5454 necessitatibus[9584]: Use the mobile THX sensor, then you can compress the solid state application!
<136>Dec 17 17:49:19 donnelly3441 et[7110]: Transmitting the program won't do anything, we need to transmit the redundant FTP sensor!
<77>Dec 17 17:49:19 will6688 atque[7883]: If we synthesize the feed, we can get to the ADP feed through the cross-platform HDD matrix!
<186>Dec 17 17:49:22 huels4604 odit[6868]: user=josie_sauceda password=NxYMs6jF7 status=rejected
<5>Dec 17 17:49:19 koch4835 quidem[6508]: Try to reboot the HTTP protocol, maybe it will input the mobile driver!
<71>Dec 17 17:49:19 reichert3221 quos[8222]: I'Ll generate the digital FTP driver, that should microchip the IB pixel!
<116>Dec 17 17:49:19 hoeger5665 cum[578]: We need to compress the redundant HDD panel!
<186>Dec 17 17:49:22 huels4604 odit[6868]: user=gregory_white password=zLMsqDYaIK status=rejected
<186>Dec 17 17:49:25 huels4604 odit[6868]: user=safia_basheeruddin password=pqAReSa5Zj status=rejected
<155>Dec 17 17:49:19 feest4563 iusto[7467]: Use the back-end USB monitor, then you can calculate the auxiliary bus!
<186>Dec 17 17:49:24 huels4604 odit[6868]: user=joaquin password=xmkHBPKy6E5rO status=rejected
<186>Dec 17 17:49:27 huels4604 odit[6868]: user=turgay_korkmaz password=QmxnPd4QOk14 status=rejected
<7>Dec 17 17:49:19 schamberger3057 aperiam[3880]: Transmitting the firewall won't do anything, we need to compress the solid state XSS driver!
<186>Dec 17 17:49:20 huels4604 odit[6868]: user=mimi_xie password=qdVBjbcDVj5 status=rejected
<186>Dec 17 17:49:24 huels4604 odit[6868]: user=gregory_white password=9LJoM808bislwi status=rejected
<186>Dec 17 17:49:27 huels4604 odit[6868]: user=tonya password=GsT2xlCKP7y5zI status=rejected
<14>Dec 17 17:49:19 paucek1310 doloremque[9658]: If we index the program, we can get to the RAM protocol through the open-source SAS hard drive!
<32>Dec 17 17:49:19 beatty5838 dolore[4561]: I'Ll program the digital GB array, that should microchip the SQL microchip!
<134>Dec 17 17:49:19 dubuque4237 in[7415]: Copying the firewall won't do anything, we need to back up the primary FTP feed!
<115>Dec 17 17:49:19 bernier5788 fuga[595]: The HTTP alarm is down, hack the online array so we can override the THX circuit!
<167>Dec 17 17:49:19 feest4735 excepturi[3642]: Use the primary JSON microchip, then you can quantify the auxiliary interface!
<186>Dec 17 17:49:23 huels4604 odit[6868]: user=dyshana_torres_rivera password=Tn2KAEFCwFL status=rejected
<166>Dec 17 17:49:19 mraz4802 vel[9192]: Use the virtual XML program, then you can transmit the 1080p microchip!
<47>Dec 17 17:49:19 lesch6342 eum[6237]: Use the cross-platform SCSI circuit, then you can calculate the back-end array!
<47>Dec 17 17:49:19 dare1061 fugit[1203]: Try to quantify the AGP bandwidth, maybe it will back up the wireless bus!
<71>Dec 17 17:49:19 weber4856 quis[1301]: Try to generate the PCI bandwidth, maybe it will hack the primary bus!
<189>Dec 17 17:49:19 stehr1475 tempora[6241]: Try to generate the AGP array, maybe it will hack the haptic hard drive!
<104>Dec 17 17:49:19 huels7870 reprehenderit[9717]: If we parse the capacitor, we can get to the JSON firewall through the optical CSS matrix!
<97>Dec 17 17:49:19 gibson6343 sint[448]: We need to reboot the mobile AGP capacitor!
