<134>Dec 17 17:49:14 cassin2548 corporis[6558]: user=jacqueline_arias password=H8xt2LsSUUVf5 status=rejected
<134>Dec 17 17:49:19 cassin2548 corporis[6558]: Use the haptic JSON system, then you can reboot the digital panel!
<134>Dec 17 17:49:24 cassin2548 corporis[6558]: user=nat_broyles password=0FeOgCRNV2YVmX status=rejected
<30>Dec 17 17:49:19 koelpin8446 praesentium[9450]: Try to parse the SMTP array, maybe it will connect the solid state matrix!
<134>Dec 17 17:49:22 cassin2548 corporis[6558]: user=judith_infante password=5zKVNjRE status=rejected
<72>Dec 17 17:49:19 rippin4727 at[8133]: Try to bypass the EXE alarm, maybe it will hack the neural bandwidth!
<77>Dec 17 17:49:19 rath4748 aliquid[1864]: You can't synthesize the interface without bypassing the wireless EXE card!
<24>Dec 17 17:49:19 bashirian1312 deleniti[4580]: Backing up the circuit won't do anything, we need to bypass the open-source AGP circuit!
<104>Dec 17 17:49:19 hintz7136 qui[6742]: The SSL firewall is down, transmit the haptic sensor so we can reboot the SMTP program!
<8>Dec 17 17:49:19 shields5546 nesciunt[2952]: We need to generate the virtual XSS matrix!
<156>Dec 17 17:49:19 olson7512 molestias[927]: If we connect the panel, we can get to the PCI microchip through the optical JBOD card!
<31>Dec 17 17:49:19 harber2757 possimus[9089]: Try to input the SDD capacitor, maybe it will compress the haptic capacitor!
<134>Dec 17 17:49:22 cassin2548 corporis[6558]: user=joshua_silva password=nCFM8xzT status=rejected
<134>Dec 17 17:49:27 cassin2548 corporis[6558]: user=drew_osborn password=cjPVs6ZyKPG status=rejected
<166>Dec 17 17:49:19 zboncak8407 excepturi[2750]: Synthesizing the panel won't do anything, we need to synthesize the mobile HDD interface!
<128>Dec 17 17:49:19 walsh6453 ducimus[6149]: You can't hack the microchip without compressing the redundant SCSI application!
<54>Dec 17 17:49:19 muller2888 quidem[2421]: You can't generate the array without synthesizing the solid state JBOD pixel!
<134>Dec 17 17:49:20 cassin2548 corporis[6558]: user=zakharias_joseph password=H6nyHG8tbSh42 status=rejected
<185>Dec 17 17:49:19 hand2146 molestiae[5245]: Try to calculate the EXE sensor, maybe it will synthesize the mobile matrix!
<64>Dec 17 17:49:19 fritsch5103 deleniti[1861]: We need to calculate the online HDD microchip!
<79>Dec 17 17:49:19 christiansen6807 et[7260]: Connecting the capacitor won't do anything, we need to transmit the wireless SMS bus!
<173>Dec 17 17:49:19 vonrueden6424 quo[5903]: I'Ll calculate the haptic AI panel, that should hard drive the THX matrix!
<82>Dec 17 17:49:19 hilpert3146 ut[3865]: Hacking the driver won't do anything, we need to reboot the online HDD sensor!
<10>Dec 17 17:49:19 stracke5467 ut[905]: I'Ll override the online AI matrix, that should program the XSS bandwidth!
<170>Dec 17 17:49:19 gulgowski7122 vero[8207]: Try to parse the RAM bus, maybe it will compress the haptic pixel!
<163>Dec 17 17:49:19 konopelski7111 molestiae[4544]: We need to calculate the bluetooth FTP array!
<20>Dec 17 17:49:19 gibson6555 ipsa[5129]: Use the neural HTTP system, then you can transmit the solid state bus!
<134>Dec 17 17:49:20 cassin2548 corporis[6558]: user=murtuza_jadliwala password=qsH8AF1IlTtKq4 status=rejected
<1>Dec 17 17:49:19 emmerich6422 ipsam[9452]: I'Ll quantify the redundant XSS driver, that should driver the XSS card!
<173>Dec 17 17:49:19 gulgowski8600 voluptatem[4218]: Try to input the JBOD capacitor, maybe it will input the online interface!
<128>Dec 17 17:49:19 kiehn3167 maiores[6973]: Try to calculate the THX hard drive, maybe it will copy the back-end bandwidth!
<33>Dec 17 17:49:19 kertzmann7234 molestias[6025]: You can't bypass the feed without connecting the mobile TCP monitor!
<170>Dec 17 17:49:19 larkin1435 qui[8963]: Try to hack the COM system, maybe it will reboot the multi-byte firewall!
<7>Dec 17 17:49:19 collins7282 at[6730]: We need to parse the multi-byte AGP protocol!
<134>Dec 17 17:49:22 cassin2548 corporis[6558]: user=josie_sauceda password=RHpmpob0XHf status=rejected
<0>Dec 17 17:49:19 bogisich6540 sapiente[9488]: I'Ll reboot the solid state JSON interface, that should matrix the HTTP bus!
<134>Dec 17 17:49:20 cassin2548 corporis[6558]: user=phillip_menard password=IQm7MHK3jlXpJN status=rejected
<134>Dec 17 17:49:22 cassin2548 corporis[6558]: user=palden_lama password=ZC47tM6WFn status=rejected
<134>Dec 17 17:49:27 cassin2548 corporis[6558]: user=nat_broyles password=ERtqb6BzE status=rejected
<134>Dec 17 17:49:32 cassin2548 corporis[6558]: user=josie_sauceda password=bastxFhRnck3 status=rejected
<121>Dec 17 17:49:19 ferry7006 mollitia[4318]: You can't reboot the interface without indexing the open-source CSS alarm!
<3>Dec 17 17:49:19 smith6561 in[3595]: The XML port is down, connect the optical matrix so we can quantify the HDD driver!
<134>Dec 17 17:49:20 cassin2548 corporis[6558]: user=gregory_white password=n6UmKerPw status=rejected
<141>Dec 17 17:49:19 klocko7688 voluptatem[4812]: I'Ll back up the virtual HDD protocol, that should pixel the USB microchip!
<15>Dec 17 17:49:19 shields3445 ut[3985]: We need to program the online SSL alarm!
<158>Dec 17 17:49:19 borer5033 nihil[8360]: You can't quantify the firewall without calculating the cross-platform CSS capacitor!
<182>Dec 17 17:49:19 green6447 ut[5697]: The SAS circuit is down, parse the wireless driver so we can transmit the AI application!
<134>Dec 17 17:49:23 cassin2548 corporis[6558]: user=turgay_korkmaz password=I2aGHtaPZh8he status=rejected
<64>Dec 17 17:49:19 lockman3416 ducimus[2637]: Try to back up the SQL port, maybe it will hack the virtual application!
<149>Dec 17 17:49:19 stroman5801 nobis[7336]: If we program the array, we can get to the ADP application through the digital RSS bandwidth!
<91>Dec 17 17:49:19 renner3726 assumenda[9434]: Try to quantify the IB pixel, maybe it will transmit the open-source card!
<107>Dec 17 17:49:19 erdman1705 suscipit[6102]: Try to calculate the SCSI interface, maybe it will generate the solid state alarm!
<78>Dec 17 17:49:19 satterfield4110 dicta[7747]: I'Ll input the open-source PCI system, that should card the AGP pixel!
<65>Dec 17 17:49:19 wunsch3034 aliquid[9753]: I'Ll generate the redundant SMS interface, that should interface the GB application!
<134>Dec 17 17:49:24 cassin2548 corporis[6558]: user=eric_lee password=2nSpqGb2B7jIOm status=rejected
<120>Dec 17 17:49:19 kuvalis7323 reiciendis[2152]: Copying the port won't do anything, we need to navigate the back-end RAM panel!
<145>Dec 17 17:49:19 dickinson8713 id[3725]: The PCI bandwidth is down, back up the digital card so we can copy the JBOD driver!
<134>Dec 17 17:49:22 cassin2548 corporis[6558]: user=hondo_limon password=EM6BKJ7Vblf status=rejected
<134>Dec 17 17:49:24 cassin2548 corporis[6558]: user=carlington_miller password=JeBSKPyprvN status=rejected
<141>Dec 17 17:49:19 friesen3088 officiis[6740]: I'Ll synthesize the open-source PNG bus, that should monitor the PNG bandwidth!
<38>Dec 17 17:49:19 von4711 sed[1303]: Try to navigate the USB feed, maybe it will override the wireless card!
<135>Dec 17 17:49:19 hudson5604 veniam[7444]: The SQL system is down, bypass the neural bandwidth so we can connect the RAM capacitor!
<139>Dec 17 17:49:19 kihn5601 praesentium[3501]: Parsing the hard drive won't do anything, we need to compress the online EXE protocol!
<134>Dec 17 17:49:20 cassin2548 corporis[6558]: user=safia_basheeruddin password=SenxH4rqxwc7L status=rejected
<77>Dec 17 17:49:19 lueilwitz6725 fugit[3027]: I'Ll connect the back-end IB card, that should firewall the USB driver!
<67>Dec 17 17:49:19 powlowski6858 modi[8401]: I'Ll transmit the optical SMTP interface, that should bus the RSS hard drive!
<40>Dec 17 17:49:19 gerhold7876 laborum[192]: Use the online PCI matrix, then you can compress the solid state transmitter!
<39>Dec 17 17:49:19 rosenbaum7707 fuga[4622]: You can't synthesize the capacitor without indexing the redundant SDD protocol!
<134>Dec 17 17:49:22 cassin2548 corporis[6558]: user=drew_day password=2exfilA4DvtM status=rejected
<34>Dec 17 17:49:19 cremin1414 vel[1846]: You can't copy the port without bypassing the redundant GB circuit!
<11>Dec 17 17:49:19 bogisich1056 occaecati[3168]: If we parse the interface, we can get to the THX interface through the virtual SSL transmitter!
<134>Dec 17 17:49:21 cassin2548 corporis[6558]: user=john_quarles password=YZt1kGmQNGgm status=rejected
<134>Dec 17 17:49:25 cassin2548 corporis[6558]: user=aidan_kollar password=dOmTXmvrM0 status=rejected
<29>Dec 17 17:49:19 lind2017 earum[6115]: If we calculate the system, we can get to the RAM program through the mobile EXE capacitor!
<34>Dec 17 17:49:19 greenfelder7581 velit[8622]: Use the mobile JBOD system, then you can index the bluetooth firewall!
<134>Dec 17 17:49:23 cassin2548 corporis[6558]: user=eric_lee password=dO7XBVph8TyQ9 status=rejected
<17>Dec 17 17:49:19 fay7147 porro[3420]: I'Ll reboot the primary COM application, that should bus the COM panel!
<8>Dec 17 17:49:19 eichmann8055 rerum[9211]: Use the online EXE system, then you can back up the wireless circuit!
<32>Dec 17 17:49:19 hintz3676 omnis[7403]: We need to back up the solid state XML bus!
<60>Dec 17 17:49:19 trantow7378 distinctio[8592]: You can't calculate the protocol without compressing the mobile AGP application!
<134>Dec 17 17:49:23 cassin2548 corporis[6558]: user=dyshana_torres_rivera password=RVB1FvFqxqV2 status=rejected
<49>Dec 17 17:49:19 ernser2034 labore[9217]: I'Ll generate the neural SMTP firewall, that should card the CSS hard drive!
<110>Dec 17 17:49:19 kovacek5620 dolor[4058]: Try to hack the EXE hard drive, maybe it will compress the 1080p firewall!
<101>Dec 17 17:49:19 hermann2838 hic[5089]: Copying the sensor won't do anything, we need to navigate the neural THX microchip!
<61>Dec 17 17:49:19 farrell8543 et[6062]: The THX interface is down, bypass the mobile bandwidth so we can compress the IB monitor!
<3>Dec 17 17:49:19 johns4053 sit[5561]: You can't transmit the card without overriding the cross-platform JSON matrix!
<134>Dec 17 17:49:20 cassin2548 corporis[6558]: user=drew_osborn password=JOaIJ8P0T status=rejected
<134>Dec 17 17:49:21 cassin2548 corporis[6558]: user=curran_hill password=zjjkTV4s status=rejected
<166>Dec 17 17:49:19 kirlin3242 non[7573]: Navigating the card won't do anything, we need to input the digital SMS bandwidth!
<134>Dec 17 17:49:24 cassin2548 corporis[6558]: user=murtuza_jadliwala password=UU4Ya8V5h status=rejected
<134>Dec 17 17:49:26 cassin2548 corporis[6558]: user=aidan_kollar password=yAOwf46la status=rejected
<63>Dec 17 17:49:19 quigley5186 corporis[6184]: Backing up the port won't do anything, we need to compress the mobile SCSI firewall!
<108>Dec 17 17:49:19 kutch3266 ipsum[8204]: You can't copy the matrix without hacking the solid state XSS system!
<5>Dec 17 17:49:19 hansen6063 debitis[7883]: Generating the hard drive won't do anything, we need to back up the digital THX program!
<14>Dec 17 17:49:19 mccullough6334 exercitationem[7438]: If we bypass the sensor, we can get to the GB protocol through the haptic PNG feed!
<32>Dec 17 17:49:19 cummerata5785 repellendus[7096]: You can't compress the firewall without programming the optical TCP matrix!
<168>Dec 17 17:49:19 parker8482 et[5437]: Calculating the array won't do anything, we need to bypass the redundant GB application!
<74>Dec 17 17:49:19 hickle6372 dolor[9981]: We need to copy the 1080p SAS monitor!
<134>Dec 17 17:49:24 cassin2548 corporis[6558]: user=aidan_kollar password=puK10LMwQr0wDz status=rejected
<134>Dec 17 17:49:26 cassin2548 corporis[6558]: user=curran_hill password=AIwhl3EE status=rejected
<134>Dec 17 17:49:30 cassin2548 corporis[6558]: user=john_quarles password=oov3tB0PkmXrRV status=rejected
<40>Dec 17 17:49:19 johnson4055 mollitia[8617]: Try to compress the EXE port, maybe it will parse the haptic card!
<116>Dec 17 17:49:19 schoen5038 magnam[6901]: Transmitting the feed won't do anything, we need to bypass the redundant SDD protocol!
<18>Dec 17 17:49:19 bins3475 qui[1847]: I'Ll navigate the digital XSS card, that should monitor the USB program!
<21>Dec 17 17:49:19 bernhard3858 quam[3202]: Use the multi-byte SMTP card, then you can override the neural interface!
<151>Dec 17 17:49:19 king1214 est[3011]: Parsing the microchip won't do anything, we need to override the neural HTTP protocol!
<30>Dec 17 17:49:19 bruen4437 earum[2967]: I'Ll override the 1080p PNG capacitor, that should system the COM port!
<12>Dec 17 17:49:19 becker3256 blanditiis[9008]: Overriding the program won't do anything, we need to synthesize the optical AGP driver!
<147>Dec 17 17:49:19 kihn7308 ad[1165]: I'Ll bypass the online SDD monitor, that should feed the GB transmitter!
<117>Dec 17 17:49:19 kub7631 et[4303]: You can't transmit the microchip without indexing the multi-byte AI port!
<143>Dec 17 17:49:19 konopelski5470 est[9585]: The HTTP port is down, reboot the mobile alarm so we can generate the COM pixel!
<142>Dec 17 17:49:19 kutch8777 repellat[9953]: The AGP protocol is down, compress the 1080p system so we can back up the HDD card!
<180>Dec 17 17:49:19 wolf6654 ut[7103]: Use the auxiliary ADP circuit, then you can bypass the bluetooth circuit!
<34>Dec 17 17:49:19 padberg2141 quidem[6475]: Try to navigate the SCSI panel, maybe it will bypass the virtual driver!
<134>Dec 17 17:49:24 cassin2548 corporis[6558]: user=palden_lama password=G2ptRmE14cgo status=rejected
<13>Dec 17 17:49:19 quitzon6005 culpa[7737]: The SMS system is down, program the open-source sensor so we can input the THX alarm!
<66>Dec 17 17:49:19 sipes5305 et[1489]: Overriding the circuit won't do anything, we need to compress the auxiliary AGP bus!
<116>Dec 17 17:49:19 ferry5412 molestiae[7974]: Bypassing the system won't do anything, we need to program the virtual THX system!
<157>Dec 17 17:49:19 kiehn6438 rerum[5093]: The CSS bandwidth is down, input the online interface so we can copy the JSON transmitter!
<134>Dec 17 17:49:23 cassin2548 corporis[6558]: user=oliver_krauss password=ezGQiTlRvAJO status=rejected
<161>Dec 17 17:49:19 bogan6073 aperiam[1587]: If we hack the feed, we can get to the HDD firewall through the 1080p SDD microchip!
<134>Dec 17 17:49:22 cassin2548 corporis[6558]: user=jacqueline_yanez password=acGTc6ioe status=rejected
<134>Dec 17 17:49:27 cassin2548 corporis[6558]: user=dyshana_torres_rivera password=h9AjHhwE2Biatb status=rejected
<172>Dec 17 17:49:19 kirlin7810 maiores[9680]: Indexing the matrix won't do anything, we need to navigate the multi-byte RAM monitor!
<68>Dec 17 17:49:19 swaniawski4480 atque[6617]: Backing up the bandwidth won't do anything, we need to index the open-source SSL microchip!
<96>Dec 17 17:49:19 collier5477 accusamus[934]: We need to navigate the haptic IB circuit!
<19>Dec 17 17:49:19 moore4104 atque[3067]: We need to parse the auxiliary RSS pixel!
<143>Dec 17 17:49:19 ondricka6234 autem[781]: Programming the firewall won't do anything, we need to calculate the haptic XML port!
<134>Dec 17 17:49:24 cassin2548 corporis[6558]: user=oliver_krauss password=ldTUtwt3o0N5 status=rejected
<134>Dec 17 17:49:26 cassin2548 corporis[6558]: user=joshua_silva password=bqKcHH4ub33Jv status=rejected
<134>Dec 17 17:49:27 cassin2548 corporis[6558]: user=eric_lee password=OyRB16WxNhDPi status=rejected
<71>Dec 17 17:49:19 welch8372 minus[8861]: The TCP interface is down, hack the online alarm so we can parse the SSL monitor!
<108>Dec 17 17:49:19 jakubowski7403 voluptatem[9768]: If we bypass the transmitter, we can get to the IB panel through the haptic AGP feed!
<173>Dec 17 17:49:19 runolfsdottir8507 iste[6155]: Use the back-end SAS transmitter, then you can program the bluetooth port!
<5>Dec 17 17:49:19 mclaughlin4131 natus[7729]: Try to generate the CSS interface, maybe it will override the open-source program!
<76>Dec 17 17:49:19 mcglynn2578 asperiores[2680]: Generating the pixel won't do anything, we need to index the redundant PNG port!
<151>Dec 17 17:49:19 beer4346 sit[5864]: You can't back up the alarm without quantifying the 1080p SAS circuit!
<39>Dec 17 17:49:19 wyman7716 excepturi[7521]: I'Ll input the multi-byte SQL sensor, that should microchip the RSS feed!
<170>Dec 17 17:49:19 rolfson8518 eaque[384]: If we bypass the monitor, we can get to the TCP capacitor through the bluetooth AGP port!
<134>Dec 17 17:49:22 cassin2548 corporis[6558]: user=rajkumar_banoth password=vJpN6Z1mkWDI status=rejected
<174>Dec 17 17:49:19 breitenberg7261 autem[6437]: Calculating the transmitter won't do anything, we need to calculate the bluetooth XSS circuit!
<26>Dec 17 17:49:19 klocko8572 fugit[8720]: We need to hack the online SCSI bus!
<29>Dec 17 17:49:19 satterfield8504 esse[475]: The AGP protocol is down, input the cross-platform circuit so we can calculate the HDD driver!
<134>Dec 17 17:49:23 cassin2548 corporis[6558]: user=dyshana_torres_rivera password=qcywYHKaP status=rejected
<136>Dec 17 17:49:19 farrell8733 doloremque[4368]: Use the bluetooth ADP protocol, then you can copy the optical hard drive!
<1>Dec 17 17:49:19 ferry6604 maiores[3738]: Use the neural SDD monitor, then you can program the virtual port!
<40>Dec 17 17:49:19 rempel6143 reiciendis[5274]: We need to hack the redundant PNG matrix!
<93>Dec 17 17:49:19 harber1613 itaque[3965]: I'Ll reboot the optical SDD application, that should panel the ADP alarm!
<42>Dec 17 17:49:19 bradtke3440 quis[5861]: Try to hack the ADP sensor, maybe it will program the solid state monitor!
<31>Dec 17 17:49:19 mccullough5638 corporis[2937]: Use the haptic XML matrix, then you can override the solid state firewall!
<87>Dec 17 17:49:19 hermiston6587 omnis[5601]: Use the primary SAS firewall, then you can quantify the primary monitor!
<112>Dec 17 17:49:19 muller2823 quae[7225]: If we parse the transmitter, we can get to the XML microchip through the redundant AGP capacitor!
<144>Dec 17 17:49:19 brown6881 commodi[9554]: You can't quantify the protocol without indexing the open-source GB firewall!
<91>Dec 17 17:49:19 collier6525 veniam[3454]: I'Ll back up the online XML panel, that should microchip the AGP feed!
<174>Dec 17 17:49:19 maggio6213 nemo[6478]: If we navigate the firewall, we can get to the SMTP circuit through the multi-byte AI array!
<68>Dec 17 17:49:19 wolff1418 provident[4165]: You can't connect the program without hacking the solid state FTP array!
<63>Dec 17 17:49:19 wiegand7753 reiciendis[8645]: We need to bypass the solid state USB transmitter!
<0>Dec 17 17:49:19 rutherford4176 doloribus[81]: I'Ll bypass the online XML pixel, that should circuit the SCSI hard drive!
<187>Dec 17 17:49:19 greenfelder6556 quia[6934]: We need to bypass the virtual SQL microchip!
<134>Dec 17 17:49:24 cassin2548 corporis[6558]: user=mahi_mohashin password=mNmEc5dcPBA0tT status=rejected
<134>Dec 17 17:49:26 cassin2548 corporis[6558]: user=gregory_white password=FYrGleqDYRC status=rejected
<46>Dec 17 17:49:19 considine6800 dolores[7660]: Use the online TCP system, then you can index the online port!
<134>Dec 17 17:49:22 cassin2548 corporis[6558]: user=oliver_krauss password=8SfOTWng status=rejected
<91>Dec 17 17:49:19 frami3716 vel[6468]: If we transmit the panel, we can get to the HDD capacitor through the mobile RAM array!
<19>Dec 17 17:49:19 hodkiewicz2401 praesentium[9806]: Quantifying the transmitter won't do anything, we need to reboot the back-end JBOD array!
<134>Dec 17 17:49:23 cassin2548 corporis[6558]: user=walker_caskey password=SK1yfpHb9QqdwC status=rejected
<134>Dec 17 17:49:24 cassin2548 corporis[6558]: user=josie_sauceda password=bwM27GMDk status=rejected
<28>Dec 17 17:49:19 nienow3234 facere[1827]: The PNG alarm is down, copy the optical card so we can parse the SQL transmitter!
<163>Dec 17 17:49:19 swift5865 quisquam[1196]: Bypassing the array won't do anything, we need to bypass the haptic TCP hard drive!
<134>Dec 17 17:49:21 cassin2548 corporis[6558]: user=safia_basheeruddin password=8uMZz0Rp status=rejected
<5>Dec 17 17:49:19 effertz7678 eaque[8371]: Calculating the capacitor won't do anything, we need to reboot the solid state GB protocol!
<102>Dec 17 17:49:19 damore5580 nobis[5606]: I'Ll navigate the bluetooth PCI monitor, that should circuit the SQL feed!
<187>Dec 17 17:49:19 adams1737 molestiae[4678]: I'Ll quantify the back-end ADP protocol, that should microchip the TCP firewall!
<72>Dec 17 17:49:19 wuckert6088 qui[7879]: The SDD bus is down, transmit the haptic transmitter so we can reboot the FTP array!
<92>Dec 17 17:49:19 hintz6357 quis[2428]: Try to compress the AI bus, maybe it will connect the auxiliary port!
<137>Dec 17 17:49:19 carter5656 officia[6218]: The GB feed is down, quantify the open-source interface so we can compress the PCI matrix!
<155>Dec 17 17:49:19 koch6737 eos[1415]: The USB transmitter is down, quantify the bluetooth protocol so we can generate the PCI bus!
<54>Dec 17 17:49:19 schmeler2344 deleniti[8447]: Use the redundant SDD program, then you can calculate the primary matrix!
<152>Dec 17 17:49:19 reichel8281 debitis[4448]: The SAS system is down, copy the redundant system so we can program the FTP bus!
<134>Dec 17 17:49:20 cassin2548 corporis[6558]: user=phillip_menard password=LqpUTvfoPk8K status=rejected
<39>Dec 17 17:49:19 goldner6832 voluptatem[4439]: Try to transmit the SAS protocol, maybe it will calculate the online application!
<103>Dec 17 17:49:19 walker2166 sunt[7112]: Generating the application won't do anything, we need to calculate the mobile SAS port!
<48>Dec 17 17:49:19 haag8605 consequatur[3166]: Try to synthesize the SDD bus, maybe it will navigate the wireless program!
<181>Dec 17 17:49:19 gleichner6510 laborum[4335]: You can't compress the protocol without programming the back-end TCP firewall!
<0>Dec 17 17:49:19 klein5266 sit[4207]: Use the auxiliary ADP array, then you can override the open-source pixel!
<134>Dec 17 17:49:20 cassin2548 corporis[6558]: user=martin_benavides password=gbvmIVjSP2O1XS status=rejected
<134>Dec 17 17:49:24 cassin2548 corporis[6558]: user=turgay_korkmaz password=N3gcElM3 status=rejected
<134>Dec 17 17:49:26 cassin2548 corporis[6558]: user=joshua_silva password=rw8INu4g3 status=rejected
<25>Dec 17 17:49:19 erdman6037 vel[1243]: We need to input the auxiliary PNG monitor!
<162>Dec 17 17:49:19 bartoletti3322 ea[8341]: Parsing the card won't do anything, we need to connect the neural HDD transmitter!
<117>Dec 17 17:49:19 beatty6600 tenetur[3101]: You can't synthesize the port without compressing the multi-byte HTTP card!
<70>Dec 17 17:49:19 turcotte8537 et[376]: Navigating the monitor won't do anything, we need to program the mobile SMS firewall!
<187>Dec 17 17:49:19 strosin8771 et[3316]: Use the primary XSS program, then you can reboot the haptic capacitor!
<79>Dec 17 17:49:19 ward7235 blanditiis[26]: Try to copy the TCP hard drive, maybe it will navigate the back-end interface!
<188>Dec 17 17:49:19 medhurst6673 autem[6531]: The XML circuit is down, input the bluetooth port so we can reboot the PNG bus!
<191>Dec 17 17:49:19 kshlerin2048 repellendus[479]: The SDD circuit is down, compress the optical feed so we can navigate the XML system!
<171>Dec 17 17:49:19 emard5144 dolorum[9082]: Quantifying the protocol won't do anything, we need to calculate the auxiliary IB interface!
<67>Dec 17 17:49:19 gerhold3478 veniam[9060]: If we synthesize the protocol, we can get to the SCSI firewall through the primary RAM monitor!
<168>Dec 17 17:49:19 roberts6355 consequatur[6327]: Use the multi-byte XSS bus, then you can program the solid state capacitor!
<100>Dec 17 17:49:19 shanahan2126 maxime[1785]: You can't back up the card without compressing the back-end XSS sensor!
<162>Dec 17 17:49:19 reynolds7068 vero[3549]: Try to hack the SAS bus, maybe it will hack the neural bus!
<142>Dec 17 17:49:19 ziemann7122 praesentium[8063]: We need to navigate the auxiliary GB microchip!
<121>Dec 17 17:49:19 doyle5618 ab[9799]: Use the auxiliary SDD panel, then you can hack the digital transmitter!
<93>Dec 17 17:49:19 kuhn2755 occaecati[7006]: The RSS interface is down, index the redundant circuit so we can input the HTTP microchip!
<2>Dec 17 17:49:19 wuckert3842 consequatur[9420]: If we calculate the pixel, we can get to the PCI transmitter through the primary AI microchip!
<183>Dec 17 17:49:19 kunde8026 ut[711]: Transmitting the application won't do anything, we need to override the auxiliary SMS application!
<68>Dec 17 17:49:19 strosin3513 voluptas[6234]: Try to reboot the HDD interface, maybe it will connect the cross-platform matrix!
<134>Dec 17 17:49:24 cassin2548 corporis[6558]: user=sam_silvestro password=q1hYdDqfMEA status=rejected
<40>Dec 17 17:49:19 leannon2282 tempora[6708]: I'Ll calculate the multi-byte COM capacitor, that should panel the SCSI protocol!
<134>Dec 17 17:49:20 cassin2548 corporis[6558]: user=safia_basheeruddin password=3pVs13Ro status=rejected
<134>Dec 17 17:49:23 cassin2548 corporis[6558]: user=jacqueline_yanez password=qpV8Cs5y status=rejected
<83>Dec 17 17:49:19 heathcote7205 in[5848]: Hacking the card won't do anything, we need to generate the digital PCI pixel!
<91>Dec 17 17:49:19 blick5213 sed[7436]: If we program the firewall, we can get to the SMS bus through the multi-byte RAM port!
<170>Dec 17 17:49:19 howell5451 et[3515]: Try to override the THX hard drive, maybe it will hack the wireless circuit!
<124>Dec 17 17:49:19 lehner5685 accusantium[6530]: Try to copy the XSS alarm, maybe it will synthesize the auxiliary port!
<134>Dec 17 17:49:24 cassin2548 corporis[6558]: user=carlington_miller password=taTJidK65ayYBq status=rejected
<134>Dec 17 17:49:26 cassin2548 corporis[6558]: user=phillip_menard password=ti2pQgTbNc8cI status=rejected
<134>Dec 17 17:49:30 cassin2548 corporis[6558]: user=palden_lama password=wOg5ECOddPX status=rejected
<134>Dec 17 17:49:31 cassin2548 corporis[6558]: user=jacqueline_arias password=vXe0WVJTcJ status=rejected
<150>Dec 17 17:49:19 heller8705 quia[8301]: Indexing the capacitor won't do anything, we need to generate the mobile RAM bus!
<64>Dec 17 17:49:19 dooley1602 harum[4799]: The SSL bus is down, connect the back-end system so we can hack the CSS program!
<161>Dec 17 17:49:19 rice3545 inventore[9086]: Use the back-end JSON bandwidth, then you can transmit the online application!
<155>Dec 17 17:49:19 rempel8343 qui[3278]: You can't parse the monitor without navigating the 1080p XML application!
<139>Dec 17 17:49:19 gerlach7832 aut[5129]: You can't calculate the driver without backing up the solid state SDD panel!
<134>Dec 17 17:49:21 cassin2548 corporis[6558]: user=mahi_mohashin password=MuL39NvYj status=rejected
<79>Dec 17 17:49:19 weissnat5316 assumenda[7717]: The TCP array is down, bypass the mobile microchip so we can synthesize the USB hard drive!
<3>Dec 17 17:49:19 moore8380 blanditiis[6096]: Use the redundant SMTP bus, then you can program the wireless program!
<5>Dec 17 17:49:19 bechtelar1303 dicta[6255]: You can't reboot the bandwidth without bypassing the digital IB hard drive!
<21>Dec 17 17:49:19 dubuque6461 modi[5111]: Navigating the hard drive won't do anything, we need to compress the mobile SAS sensor!
<58>Dec 17 17:49:19 anderson5212 harum[611]: You can't input the card without programming the back-end SDD monitor!
<165>Dec 17 17:49:19 stamm3031 sapiente[4011]: Use the digital COM microchip, then you can calculate the virtual pixel!
<45>Dec 17 17:49:19 denesik7060 necessitatibus[2188]: Try to bypass the HDD interface, maybe it will calculate the virtual interface!
<134>Dec 17 17:49:20 cassin2548 corporis[6558]: user=samantha_vivanco password=kOiAbRAbUN status=rejected
<57>Dec 17 17:49:19 schumm1671 sint[9691]: Use the auxiliary IB monitor, then you can override the redundant transmitter!
<134>Dec 17 17:49:22 cassin2548 corporis[6558]: user=zakharias_joseph password=nd5xTMnPXoFug status=rejected
<134>Dec 17 17:49:24 cassin2548 corporis[6558]: user=drew_day password=PudQZkrp status=rejected
<151>Dec 17 17:49:19 marvin8852 impedit[2168]: We need to synthesize the neural PCI panel!
<134>Dec 17 17:49:21 cassin2548 corporis[6558]: user=hondo_limon password=ZFuWvb9o status=rejected
<134>Dec 17 17:49:25 cassin2548 corporis[6558]: user=curran_hill password=Fmrs0jI7wPg status=rejected
<132>Dec 17 17:49:19 gutkowski7152 perspiciatis[2959]: I'Ll override the online SSL card, that should matrix the THX pixel!
<65>Dec 17 17:49:19 kovacek4381 cumque[5398]: Try to quantify the AGP alarm, maybe it will copy the auxiliary protocol!
<68>Dec 17 17:49:19 white3611 mollitia[600]: The USB feed is down, calculate the wireless transmitter so we can connect the FTP interface!
<147>Dec 17 17:49:19 block4630 voluptas[7149]: If we compress the transmitter, we can get to the PCI program through the multi-byte SDD system!
<56>Dec 17 17:49:19 block8408 nisi[7821]: The AI panel is down, index the solid state array so we can override the SDD microchip!
<138>Dec 17 17:49:19 waters8088 sit[4429]: The RAM card is down, navigate the online program so we can synthesize the GB monitor!
<134>Dec 17 17:49:23 cassin2548 corporis[6558]: user=judith_infante password=V6lnXcXl status=rejected
<121>Dec 17 17:49:19 abshire2273 mollitia[6438]: You can't synthesize the feed without compressing the back-end IB hard drive!
<134>Dec 17 17:49:22 cassin2548 corporis[6558]: user=walker_caskey password=YjscRUYmf38mk status=rejected
<45>Dec 17 17:49:19 schultz5633 similique[5182]: We need to input the neural COM sensor!
<147>Dec 17 17:49:19 treutel6368 animi[5741]: Use the redundant RSS interface, then you can copy the multi-byte driver!
<134>Dec 17 17:49:21 cassin2548 corporis[6558]: user=drew_day password=vj1EqXdn status=rejected
<147>Dec 17 17:49:19 hahn5332 aliquam[8551]: Compressing the firewall won't do anything, we need to transmit the neural HTTP interface!
<168>Dec 17 17:49:19 lakin3826 aperiam[4422]: Parsing the bus won't do anything, we need to override the 1080p XSS pixel!
<162>Dec 17 17:49:19 erdman2036 fugiat[7980]: We need to bypass the auxiliary CSS driver!
<134>Dec 17 17:49:24 cassin2548 corporis[6558]: user=jacqueline_yanez password=RTV6Fwa1Hp status=rejected
<119>Dec 17 17:49:19 mcglynn7867 eum[1534]: The PCI monitor is down, index the cross-platform transmitter so we can index the SQL sensor!
<134>Dec 17 17:49:23 cassin2548 corporis[6558]: user=isabella_bartolomeo password=hVW1ZGLTSlU0aC status=rejected
<185>Dec 17 17:49:19 koch6831 illo[911]: The PCI feed is down, navigate the mobile program so we can bypass the SAS feed!
<141>Dec 17 17:49:19 fay3347 ratione[5555]: You can't copy the capacitor without overriding the auxiliary SAS capacitor!
<134>Dec 17 17:49:24 cassin2548 corporis[6558]: user=hondo_limon password=yILIkKGS status=rejected
<149>Dec 17 17:49:19 sawayn8438 vitae[3209]: I'Ll generate the optical XML circuit, that should monitor the SAS port!
<134>Dec 17 17:49:20 cassin2548 corporis[6558]: user=martin_benavides password=lttueHE9zfY status=rejected
<61>Dec 17 17:49:19 daniel7167 repudiandae[6705]: You can't parse the feed without copying the back-end JSON sensor!
<23>Dec 17 17:49:19 rutherford2731 eos[1413]: Try to compress the IB hard drive, maybe it will copy the back-end protocol!
<134>Dec 17 17:49:24 cassin2548 corporis[6558]: user=martin_benavides password=PdbBjkKCf status=rejected
<134>Dec 17 17:49:28 cassin2548 corporis[6558]: user=rajkumar_banoth password=TCinViTjxS status=rejected
<134>Dec 17 17:49:29 cassin2548 corporis[6558]: user=samantha_vivanco password=SxJLItZ1z status=rejected
<173>Dec 17 17:49:19 ferry8564 harum[5245]: You can't synthesize the card without connecting the mobile HDD panel!
<114>Dec 17 17:49:19 quitzon5332 vero[1132]: We need to reboot the wireless RAM card!
<168>Dec 17 17:49:19 kreiger2758 eveniet[61]: Use the redundant AI port, then you can program the haptic circuit!
<134>Dec 17 17:49:22 cassin2548 corporis[6558]: user=sam_silvestro password=Wiw1SdVXUJhjCC status=rejected
<105>Dec 17 17:49:19 huel3612 magni[3360]: I'Ll bypass the optical AI hard drive, that should card the GB bandwidth!
<162>Dec 17 17:49:19 lebsack5200 molestias[9063]: Quantifying the firewall won't do anything, we need to calculate the bluetooth SQL driver!
<181>Dec 17 17:49:19 yundt6144 in[5586]: Use the redundant HDD circuit, then you can override the auxiliary interface!
<122>Dec 17 17:49:19 satterfield3162 consectetur[995]: Try to program the CSS circuit, maybe it will synthesize the 1080p program!
<29>Dec 17 17:49:19 miller5387 architecto[5531]: If we copy the protocol, we can get to the PNG protocol through the primary PNG panel!
<134>Dec 17 17:49:20 cassin2548 corporis[6558]: user=murtuza_jadliwala password=SkBiKOaWqD75L status=rejected
<118>Dec 17 17:49:19 gerlach5763 ullam[670]: The EXE microchip is down, reboot the neural circuit so we can connect the AGP interface!
<37>Dec 17 17:49:19 bauch3602 reprehenderit[614]: Try to calculate the USB protocol, maybe it will quantify the digital panel!
<175>Dec 17 17:49:19 hintz6123 ducimus[4935]: You can't calculate the firewall without overriding the wireless CSS port!
<25>Dec 17 17:49:19 stehr3174 eum[4068]: The RAM sensor is down, bypass the digital sensor so we can parse the GB panel!
<133>Dec 17 17:49:19 kohler1163 nam[5294]: Indexing the microchip won't do anything, we need to back up the neural JBOD interface!
<20>Dec 17 17:49:19 roberts5505 explicabo[3543]: You can't override the matrix without programming the primary PCI sensor!
<134>Dec 17 17:49:23 cassin2548 corporis[6558]: user=isabella_bartolomeo password=4ZgeiLK9 status=rejected
<87>Dec 17 17:49:19 king2237 non[2642]: We need to copy the primary SSL feed!
<134>Dec 17 17:49:24 cassin2548 corporis[6558]: user=drew_osborn password=MuXA6Z67Ce3G status=rejected
<190>Dec 17 17:49:19 kuhlman7175 deleniti[7947]: The HDD application is down, override the digital bandwidth so we can input the JBOD pixel!
<87>Dec 17 17:49:19 pfannerstill8020 quae[2405]: Connecting the feed won't do anything, we need to back up the multi-byte AI firewall!
<104>Dec 17 17:49:19 hodkiewicz5002 aut[6751]: You can't calculate the driver without calculating the optical TCP array!
<134>Dec 17 17:49:23 cassin2548 corporis[6558]: user=mahi_mohashin password=elNbc2tVhzZjh7 status=rejected
<134>Dec 17 17:49:28 cassin2548 corporis[6558]: user=nat_broyles password=uhUzOzezigqsqn status=rejected
<74>Dec 17 17:49:19 tillman5707 aspernatur[1720]: The SQL port is down, input the bluetooth bus so we can override the CSS pixel!
<52>Dec 17 17:49:19 howe1814 est[5795]: The PCI array is down, compress the redundant driver so we can hack the RAM microchip!
<118>Dec 17 17:49:19 kutch6328 tempore[1365]: The EXE bandwidth is down, reboot the mobile feed so we can back up the HTTP program!
<161>Dec 17 17:49:19 windler2834 voluptatem[7833]: Use the neural XSS application, then you can back up the auxiliary port!
<29>Dec 17 17:49:19 mohr3231 qui[522]: We need to program the redundant EXE matrix!
<5>Dec 17 17:49:19 reichert6626 commodi[4622]: I'Ll synthesize the wireless RAM alarm, that should interface the XSS microchip!
<85>Dec 17 17:49:19 hayes5045 sed[1609]: Programming the port won't do anything, we need to input the online RSS circuit!
<0>Dec 17 17:49:19 heller8752 laborum[3289]: We need to index the multi-byte TCP hard drive!
<77>Dec 17 17:49:19 zboncak6187 maxime[9305]: We need to connect the auxiliary AGP microchip!
<66>Dec 17 17:49:19 ebert3330 nihil[6964]: Try to back up the EXE port, maybe it will override the cross-platform firewall!
<134>Dec 17 17:49:22 cassin2548 corporis[6558]: user=gregory_white password=hbDsjfWxx71dG status=rejected
<134>Dec 17 17:49:23 cassin2548 corporis[6558]: user=jacqueline_arias password=ISHriryId8oR status=rejected
<168>Dec 17 17:49:19 zboncak7187 quae[7725]: Navigating the program won't do anything, we need to compress the wireless TCP bus!
<134>Dec 17 17:49:24 cassin2548 corporis[6558]: user=john_quarles password=YNPQdRK9hTO status=rejected
<71>Dec 17 17:49:19 orn1516 aut[9600]: Synthesizing the array won't do anything, we need to override the optical PCI bus!
<106>Dec 17 17:49:19 sanford5418 animi[1827]: I'Ll generate the solid state ADP card, that should system the SQL interface!
<106>Dec 17 17:49:19 kris4344 provident[7196]: Navigating the interface won't do anything, we need to generate the auxiliary XML array!
<134>Dec 17 17:49:23 cassin2548 corporis[6558]: user=carlington_miller password=NAL4PKTZ3qCZ0 status=rejected
<0>Dec 17 17:49:19 bruen2437 sapiente[3614]: Use the primary AI capacitor, then you can override the redundant sensor!
<134>Dec 17 17:49:20 cassin2548 corporis[6558]: user=zakharias_joseph password=jzA6nrIfTUUip status=rejected
<47>Dec 17 17:49:19 mcglynn7444 provident[9481]: You can't synthesize the bus without navigating the back-end PNG circuit!
<167>Dec 17 17:49:19 zboncak3808 rerum[4577]: If we compress the panel, we can get to the COM circuit through the redundant ADP panel!
<118>Dec 17 17:49:19 donnelly3088 deleniti[6276]: Use the neural AI card, then you can reboot the bluetooth circuit!
<14>Dec 17 17:49:19 schultz5417 quo[1741]: We need to compress the online JBOD bandwidth!
<159>Dec 17 17:49:19 jenkins1045 ut[3708]: I'Ll transmit the open-source JBOD system, that should bandwidth the AGP transmitter!
<23>Dec 17 17:49:19 jewess8448 dicta[8230]: If we navigate the application, we can get to the XML protocol through the auxiliary XSS feed!
<0>Dec 17 17:49:19 osinski3815 itaque[6148]: The AGP pixel is down, hack the neural matrix so we can generate the SMS capacitor!
<38>Dec 17 17:49:19 rath1643 omnis[7338]: Try to copy the SMS alarm, maybe it will compress the redundant card!
<52>Dec 17 17:49:19 legros7445 veniam[3080]: We need to bypass the 1080p CSS program!
<134>Dec 17 17:49:24 cassin2548 corporis[6558]: user=rajkumar_banoth password=VbA4gDpsUuwU3 status=rejected
<81>Dec 17 17:49:19 pouros3410 nobis[1342]: Use the redundant HDD protocol, then you can generate the haptic array!
<105>Dec 17 17:49:19 buckridge7705 adipisci[5316]: I'Ll parse the neural SMTP monitor, that should port the HDD alarm!
<122>Dec 17 17:49:19 jaskolski6416 sit[8840]: I'Ll index the digital GB firewall, that should bandwidth the PNG transmitter!
<39>Dec 17 17:49:19 schinner6475 eveniet[2229]: I'Ll compress the redundant USB capacitor, that should hard drive the SMS alarm!
<185>Dec 17 17:49:19 hintz3348 nulla[7632]: You can't calculate the hard drive without calculating the 1080p XML bus!
<32>Dec 17 17:49:19 schulist8271 voluptates[9411]: If we hack the protocol, we can get to the JSON driver through the mobile GB sensor!
<63>Dec 17 17:49:19 bogisich6627 quia[9427]: Use the back-end JBOD feed, then you can calculate the open-source bus!
<163>Dec 17 17:49:19 yost5177 quam[7759]: Try to input the EXE pixel, maybe it will synthesize the virtual transmitter!
<134>Dec 17 17:49:20 cassin2548 corporis[6558]: user=isabella_bartolomeo password=VawzO3O4e status=rejected
<58>Dec 17 17:49:19 franecki6853 et[2913]: Use the redundant PCI protocol, then you can index the back-end feed!
<67>Dec 17 17:49:19 lind7536 aperiam[3174]: We need to input the neural AGP application!
<151>Dec 17 17:49:19 mann4331 vitae[2060]: We need to input the digital RAM firewall!
<11>Dec 17 17:49:19 lindgren1675 dolorem[3761]: We need to reboot the open-source HTTP bandwidth!
<57>Dec 17 17:49:19 hartmann1672 nihil[3027]: Hacking the microchip won't do anything, we need to generate the primary HTTP pixel!
<109>Dec 17 17:49:19 monahan2081 saepe[6265]: Overriding the pixel won't do anything, we need to back up the open-source ADP transmitter!
<134>Dec 17 17:49:22 cassin2548 corporis[6558]: user=samantha_vivanco password=5NYQiLfNK status=rejected
<134>Dec 17 17:49:25 cassin2548 corporis[6558]: user=walker_caskey password=FOkiFv6qa5GWfd status=rejected
<129>Dec 17 17:49:19 hamill5824 sed[3955]: Try to reboot the SSL sensor, maybe it will generate the open-source application!
<108>Dec 17 17:49:19 crooks3040 cupiditate[5837]: I'Ll reboot the back-end GB monitor, that should circuit the SAS monitor!
<174>Dec 17 17:49:19 kirlin6064 est[9310]: Bypassing the firewall won't do anything, we need to hack the virtual TCP sensor!
<134>Dec 17 17:49:22 cassin2548 corporis[6558]: user=judith_infante password=vIVv6x5yvtk status=rejected
<78>Dec 17 17:49:19 reynolds1400 dolorum[3520]: Try to calculate the RSS circuit, maybe it will input the back-end card!
<65>Dec 17 17:49:19 miller5531 quas[4739]: Use the primary THX protocol, then you can index the redundant protocol!
<38>Dec 17 17:49:19 morar7704 aperiam[5734]: If we hack the pixel, we can get to the COM alarm through the redundant SCSI bandwidth!
<154>Dec 17 17:49:19 gulgowski2143 velit[6758]: We need to calculate the multi-byte SAS capacitor!
<15>Dec 17 17:49:19 ebert4636 sapiente[467]: Use the wireless SCSI feed, then you can synthesize the mobile card!
<134>Dec 17 17:49:22 cassin2548 corporis[6558]: user=turgay_korkmaz password=J4NBOigdBQZO status=rejected
<11>Dec 17 17:49:19 zboncak1422 quo[2521]: The RAM hard drive is down, hack the mobile firewall so we can index the RAM alarm!
<117>Dec 17 17:49:19 stroman8580 exercitationem[5918]: Use the open-source FTP hard drive, then you can compress the solid state alarm!
<82>Dec 17 17:49:19 welch6121 sed[1680]: If we back up the driver, we can get to the USB application through the bluetooth AI pixel!
<137>Dec 17 17:49:19 blick5180 accusantium[5562]: You can't override the array without hacking the haptic FTP card!
<120>Dec 17 17:49:19 balistreri7035 quidem[7862]: We need to hack the open-source XML protocol!
<115>Dec 17 17:49:19 armstrong4035 aut[6547]: If we parse the circuit, we can get to the COM hard drive through the mobile HDD firewall!
<3>Dec 17 17:49:19 hilpert3180 incidunt[1832]: Backing up the bus won't do anything, we need to compress the online SMTP port!
<49>Dec 17 17:49:19 daugherty1735 ipsam[3600]: I'Ll input the mobile HTTP interface, that should alarm the GB pixel!
<73>Dec 17 17:49:19 kuhlman2832 ullam[9738]: Try to transmit the CSS driver, maybe it will synthesize the cross-platform circuit!
<34>Dec 17 17:49:19 mante6645 cum[4081]: You can't parse the circuit without indexing the redundant IB pixel!
<87>Dec 17 17:49:19 monahan7113 quidem[5696]: We need to hack the mobile ADP circuit!
<29>Dec 17 17:49:19 schumm7107 molestias[9691]: We need to program the back-end PNG pixel!
<5>Dec 17 17:49:19 keebler6145 tempore[5359]: You can't navigate the capacitor without backing up the mobile JSON bus!
<133>Dec 17 17:49:19 grady6453 et[5049]: Use the virtual USB bandwidth, then you can quantify the back-end capacitor!
<123>Dec 17 17:49:19 johnston1852 molestiae[1704]: Use the primary COM driver, then you can bypass the mobile interface!
<134>Dec 17 17:49:23 cassin2548 corporis[6558]: user=sam_silvestro password=XwyEq56G status=rejected
<158>Dec 17 17:49:19 koch7126 sed[9656]: The AI matrix is down, transmit the multi-byte matrix so we can compress the FTP program!
<103>Dec 17 17:49:19 braun5418 magnam[7998]: Bypassing the port won't do anything, we need to bypass the primary EXE application!
<163>Dec 17 17:49:19 bradtke2032 aperiam[7290]: Connecting the hard drive won't do anything, we need to input the bluetooth RSS array!
<86>Dec 17 17:49:19 abbott6030 quibusdam[3984]: Bypassing the pixel won't do anything, we need to bypass the 1080p HDD interface!
<13>Dec 17 17:49:19 kuhn2437 incidunt[5287]: Use the multi-byte JSON capacitor, then you can hack the wireless circuit!
<85>Dec 17 17:49:19 franecki1821 commodi[141]: I'Ll input the online RAM sensor, that should capacitor the SMS driver!
<169>Dec 17 17:49:19 steuber4347 voluptas[9137]: Hacking the card won't do anything, we need to reboot the auxiliary SDD matrix!
<115>Dec 17 17:49:19 conroy8425 harum[5251]: The JBOD microchip is down, transmit the primary microchip so we can navigate the SDD card!
<141>Dec 17 17:49:19 mayer3358 quisquam[7216]: Use the online TCP pixel, then you can reboot the auxiliary capacitor!
<171>Dec 17 17:49:19 swift3668 dolores[5627]: I'Ll program the bluetooth PCI matrix, that should capacitor the SMS interface!
<153>Dec 17 17:49:19 wilderman2347 ut[5956]: Use the bluetooth CSS bandwidth, then you can bypass the cross-platform program!
<119>Dec 17 17:49:19 langworth5255 minus[7608]: The RSS pixel is down, copy the virtual sensor so we can hack the SMTP circuit!
<29>Dec 17 17:49:19 dach1266 sed[9721]: I'Ll back up the optical PCI program, that should sensor the USB bus!
<68>Dec 17 17:49:19 deckow8538 blanditiis[6746]: You can't navigate the matrix without indexing the primary CSS sensor!
<17>Dec 17 17:49:19 frami7363 dolore[5493]: Compressing the hard drive won't do anything, we need to connect the redundant SSL application!
<49>Dec 17 17:49:19 mccullough4374 consequatur[7950]: Bypassing the capacitor won't do anything, we need to quantify the wireless HTTP microchip!
