<85>3 2025-12-17T17:49:18.955Z dynamicinitiatives.com molestiae 1075 ID910 - Connecting the port won't do anything, we need to bypass the wireless THX panel!
<13>Dec 17 17:49:16 gateway authd[1000]: user=keith_harrison password=RulVOtFE status=rejected
<13>Dec 17 17:49:20 gateway authd[1000]: user=rajendra_boppana password=YapNIkUj status=rejected
<106>1 2025-12-17T17:49:18.955Z forwardembrace.biz omnis 5816 ID861 - Use the primary HDD interface, then you can index the neural panel!
<105>3 2025-12-17T17:49:18.955Z futuremonetize.com rerum 2141 ID34 - You can't hack the microchip without transmitting the mobile THX alarm!
<10>1 2025-12-17T17:49:18.955Z nationalnetworks.io officia 7101 ID693 - We need to program the redundant RAM panel!
<13>2 2025-12-17T17:49:18.955Z dynamicwireless.com maiores 4682 ID7 - We need to parse the online PNG matrix!
<143>1 2025-12-17T17:49:18.955Z internaltarget.info placeat 9414 ID124 - We need to compress the online CSS card!
<142>2 2025-12-17T17:49:18.955Z seniorarchitect.info consequatur 6452 ID829 - I'Ll reboot the redundant USB application, that should array the SMTP driver!
<140>1 2025-12-17T17:49:18.955Z internationalvalue-added.io optio 9896 ID988 - We need to reboot the cross-platform AGP bandwidth!
<13>Dec 17 17:49:22 gateway authd[1000]: user=judith_infante password=04vjQ113k31 status=rejected
<13>Dec 17 17:49:27 gateway authd[1000]: user=isabella_bartolomeo password=azc41lBy4fk5Xp status=rejected
<40>1 2025-12-17T17:49:18.955Z legacyviral.io quia 6262 ID51 - The XSS array is down, back up the multi-byte card so we can transmit the XML transmitter!
<13>Dec 17 17:49:32 gateway authd[1000]: user=will_dedominico password=6VnfcOwF1TnWYx status=rejected
<27>3 2025-12-17T17:49:18.955Z dynamice-business.info iusto 3989 ID690 - The HTTP capacitor is down, override the auxiliary monitor so we can back up the COM interface!
<100>1 2025-12-17T17:49:18.955Z investorinnovative.org ut 4276 ID889 - Try to parse the THX capacitor, maybe it will back up the digital alarm!
<13>Dec 17 17:49:36 gateway authd[1000]: user=joaquin password=5KONx7QNE status=rejected
<120>1 2025-12-17T17:49:18.955Z dynamiccross-media.name perferendis 3458 ID730 - Use the cross-platform HTTP port, then you can copy the 1080p bandwidth!
<165>2 2025-12-17T17:49:18.955Z leadsticky.net sunt 2767 ID863 - If we program the card, we can get to the XSS firewall through the mobile USB firewall!
<139>2 2025-12-17T17:49:18.955Z customercross-platform.info quo 6503 ID26 - Use the virtual RAM bandwidth, then you can compress the auxiliary transmitter!
<113>2 2025-12-17T17:49:18.955Z internationalvortals.io dolorem 5887 ID697 - The CSS capacitor is down, connect the wireless firewall so we can input the RSS matrix!
<161>3 2025-12-17T17:49:18.955Z directseize.biz et 1851 ID507 - I'Ll index the open-source TCP microchip, that should interface the THX sensor!
<31>1 2025-12-17T17:49:18.955Z districtholistic.net odit 4191 ID727 - The RSS capacitor is down, override the cross-platform alarm so we can index the USB circuit!
<110>1 2025-12-17T17:49:18.955Z investorworld-class.com id 1454 ID779 - The HTTP circuit is down, reboot the bluetooth protocol so we can reboot the THX capacitor!
<13>Dec 17 17:49:39 gateway authd[1000]: user=nathaniel_farmer password=x03BTpVa status=rejected
<107>2 2025-12-17T17:49:18.955Z dynamictransform.com expedita 8640 ID550 - Use the auxiliary GB interface, then you can program the solid state circuit!
<34>3 2025-12-17T17:49:18.955Z leadb2b.io omnis 7321 ID875 - Use the wireless JSON port, then you can navigate the wireless system!
<13>Dec 17 17:49:42 gateway authd[1000]: user=judith_infante password=SRhWjAmXswnG status=rejected
<13>Dec 17 17:49:46 gateway authd[1000]: user=jacqueline_yanez password=ckV0Ju1tZSG9X status=rejected
<13>Dec 17 17:49:51 gateway authd[1000]: user=ali_dogru password=fTpslLXb2qebe status=rejected
<65>3 2025-12-17T17:49:18.955Z internationalcultivate.info eaque 1046 ID792 - Hacking the system won't do anything, we need to index the primary SMTP monitor!
<13>Dec 17 17:49:54 gateway authd[1000]: user=drew_osborn password=RxU5FApHtkQwI2 status=rejected
<81>2 2025-12-17T17:49:18.955Z dynamicapplications.net cupiditate 1040 ID231 - You can't reboot the port without connecting the mobile SDD port!
<13>Dec 17 17:49:55 gateway authd[1000]: user=phillip_menard password=GZxtNwhHa status=rejected
<81>2 2025-12-17T17:49:18.955Z globalsynergies.io aut 7978 ID579 - Quantifying the application won't do anything, we need to calculate the neural EXE program!
<127>1 2025-12-17T17:49:18.955Z forwardrevolutionary.name debitis 6509 ID580 - Navigating the system won't do anything, we need to hack the bluetooth XML panel!
<62>2 2025-12-17T17:49:18.955Z nationalconvergence.biz dolores 2164 ID393 - Try to generate the SAS protocol, maybe it will parse the primary card!
<92>3 2025-12-17T17:49:18.955Z districttarget.io aut 1463 ID890 - I'Ll navigate the neural SCSI panel, that should interface the CSS driver!
<110>3 2025-12-17T17:49:18.955Z productroi.net omnis 2765 ID823 - You can't bypass the hard drive without backing up the online SCSI port!
<91>2 2025-12-17T17:49:18.955Z corporatevalue-added.biz voluptates 3984 ID702 - I'Ll override the 1080p JBOD transmitter, that should transmitter the SQL array!
<118>2 2025-12-17T17:49:18.955Z globalexpedite.biz suscipit 6000 ID221 - We need to program the online SAS array!
<82>1 2025-12-17T17:49:18.955Z seniorintegrate.name perspiciatis 6730 ID770 - Use the mobile AGP matrix, then you can generate the 1080p monitor!
<13>Dec 17 17:50:00 gateway authd[1000]: user=fardeen_bhimani password=9c9R8y5e7 status=rejected
<51>1 2025-12-17T17:49:18.955Z chiefweb-enabled.biz ab 496 ID146 - The CSS system is down, copy the back-end program so we can transmit the HTTP microchip!
<21>1 2025-12-17T17:49:18.955Z chiefmethodologies.io sed 9343 ID189 - Try to override the SMS bandwidth, maybe it will compress the primary card!
<112>2 2025-12-17T17:49:18.955Z humanenvisioneer.org ex 8363 ID898 - The SDD sensor is down, compress the back-end matrix so we can program the XSS sensor!
<123>1 2025-12-17T17:49:18.955Z legacymission-critical.name voluptatibus 9679 ID714 - If we program the alarm, we can get to the SQL bus through the haptic THX firewall!
<146>2 2025-12-17T17:49:18.955Z productintuitive.biz deleniti 6256 ID215 - Try to synthesize the USB microchip, maybe it will generate the multi-byte system!
<13>Dec 17 17:50:04 gateway authd[1000]: user=christopher_chilek password=RWRdxfR5 status=rejected
<9>1 2025-12-17T17:49:18.955Z legacymaximize.com autem 5973 ID878 - I'Ll synthesize the digital JBOD array, that should port the JBOD driver!
<36>1 2025-12-17T17:49:18.955Z leadoptimize.biz hic 888 ID121 - Connecting the circuit won't do anything, we need to back up the open-source IB hard drive!
<149>1 2025-12-17T17:49:18.955Z principaltechnologies.net nesciunt 6631 ID213 - The AI protocol is down, bypass the 1080p port so we can index the SMTP card!
<97>2 2025-12-17T17:49:18.955Z futureleverage.info possimus 3581 ID424 - If we quantify the card, we can get to the SQL array through the digital FTP microchip!
<13>Dec 17 17:50:06 gateway authd[1000]: user=will_dedominico password=hIBiJlc8Co7 status=rejected
<13>Dec 17 17:50:11 gateway authd[1000]: user=samantha_vivanco password=HVdpWwLGSO status=rejected
<13>Dec 17 17:50:13 gateway authd[1000]: user=xiaoyin_wang password=39GESEwJ7pF status=rejected
<13>Dec 17 17:50:16 gateway authd[1000]: user=nathaniel_farmer password=TWV7nheH6a status=rejected
<177>1 2025-12-17T17:49:18.955Z internalfunctionalities.biz provident 7977 ID717 - You can't parse the matrix without quantifying the haptic GB panel!
<13>Dec 17 17:50:18 gateway authd[1000]: user=maanasa_baskar password=fGgFVZuQo4 status=rejected
<46>3 2025-12-17T17:49:18.955Z dynamic24/7.net possimus 3738 ID505 - If we navigate the feed, we can get to the SSL alarm through the solid state SMS driver!
<80>2 2025-12-17T17:49:18.955Z directintegrated.biz delectus 5236 ID694 - I'Ll index the optical EXE bandwidth, that should feed the ADP bus!
<13>Dec 17 17:50:20 gateway authd[1000]: user=eric_lee password=7Ogkb0C3C4Fx status=rejected
<13>Dec 17 17:50:23 gateway authd[1000]: user=john_oritz password=r0pbKlPSsK status=rejected
<13>Dec 17 17:50:24 gateway authd[1000]: user=turgay_korkmaz password=tFDl0Wieu status=rejected
<13>Dec 17 17:50:25 gateway authd[1000]: user=maanasa_baskar password=9NQinmoLzwu status=rejected
<70>2 2025-12-17T17:49:18.955Z leadproductize.io eos 5058 ID754 - We need to override the mobile SSL hard drive!
<170>1 2025-12-17T17:49:18.955Z principalvalue-added.info sapiente 3202 ID300 - If we copy the alarm, we can get to the PCI interface through the optical HDD array!
<13>Dec 17 17:50:30 gateway authd[1000]: user=xiaoyin_wang password=3zqZbfKu status=rejected
<12>3 2025-12-17T17:49:18.955Z forwardorchestrate.com cupiditate 7260 ID633 - We need to program the digital PCI array!
<53>3 2025-12-17T17:49:18.955Z regionalbandwidth.net totam 9339 ID165 - The TCP matrix is down, quantify the haptic firewall so we can back up the FTP panel!
<13>Dec 17 17:50:34 gateway authd[1000]: user=aidan_kollar password=AjPnqK5iYHEA2O status=rejected
<188>3 2025-12-17T17:49:18.955Z internalfacilitate.net aliquam 1794 ID19 - We need to quantify the neural EXE pixel!
<115>3 2025-12-17T17:49:18.955Z globalsynergies.name ut 8209 ID563 - We need to bypass the multi-byte SDD monitor!
<84>2 2025-12-17T17:49:18.955Z forwardcross-platform.io deleniti 6666 ID224 - The XSS transmitter is down, override the virtual circuit so we can back up the JSON hard drive!
<5>3 2025-12-17T17:49:18.955Z districte-commerce.io repudiandae 1111 ID126 - I'Ll connect the multi-byte XSS sensor, that should alarm the USB sensor!
<46>1 2025-12-17T17:49:18.955Z districtbandwidth.org quod 9906 ID315 - You can't navigate the system without overriding the haptic SDD system!
<54>3 2025-12-17T17:49:18.955Z districtparadigms.io vel 4600 ID888 - You can't synthesize the program without navigating the open-source AI application!
<13>Dec 17 17:50:39 gateway authd[1000]: user=keith_harrison password=M0ElFFJPVYrT3 status=rejected
<114>1 2025-12-17T17:49:18.955Z seniorfunctionalities.info perspiciatis 5171 ID222 - We need to hack the cross-platform SMS bandwidth!
<35>2 2025-12-17T17:49:18.955Z internationalvalue-added.org reprehenderit 4649 ID729 - I'Ll transmit the solid state SMS application, that should port the IB protocol!
<62>2 2025-12-17T17:49:18.955Z humanmorph.biz ipsum 7944 ID484 - I'Ll parse the auxiliary SAS matrix, that should alarm the RSS alarm!
<143>2 2025-12-17T17:49:18.955Z corporateefficient.biz debitis 2185 ID448 - If we copy the capacitor, we can get to the SDD program through the optical TCP interface!
<182>1 2025-12-17T17:49:18.955Z dynamicengage.com eveniet 8875 ID383 - Try to back up the JBOD monitor, maybe it will back up the digital application!
<1>2 2025-12-17T17:49:18.955Z corporate24/7.info numquam 529 ID205 - We need to input the multi-byte EXE panel!
<13>Dec 17 17:50:42 gateway authd[1000]: user=aidan_kollar password=LrSG7LymVUo7 status=rejected
<13>Dec 17 17:50:44 gateway authd[1000]: user=khalid_galal password=QWnP0ED7MztOAA status=rejected
<141>3 2025-12-17T17:49:18.955Z legacycompelling.net nemo 5278 ID526 - Use the wireless SDD hard drive, then you can synthesize the digital transmitter!
<81>2 2025-12-17T17:49:18.955Z centralinfrastructures.name est 3427 ID292 - Overriding the card won't do anything, we need to parse the 1080p CSS sensor!
<91>2 2025-12-17T17:49:18.955Z forwarde-services.info neque 9783 ID220 - I'Ll bypass the multi-byte ADP array, that should bandwidth the SMS interface!
<30>3 2025-12-17T17:49:18.955Z dynamicdeliver.com aut 7621 ID840 - Use the primary HDD transmitter, then you can navigate the wireless monitor!
<39>3 2025-12-17T17:49:18.955Z globalmatrix.io ratione 1882 ID172 - I'Ll navigate the virtual SSL card, that should feed the XML port!
<13>Dec 17 17:50:49 gateway authd[1000]: user=aidan_kollar password=hCfmHZQpRe status=rejected
<13>Dec 17 17:50:54 gateway authd[1000]: user=ali_dogru password=J8nTWkPr status=rejected
<40>1 2025-12-17T17:49:18.955Z internationalpartnerships.net harum 1370 ID973 - You can't reboot the port without hacking the primary PNG panel!
<13>Dec 17 17:50:59 gateway authd[1000]: user=hailey_muniz password=GXdWyOzBP status=rejected
<84>1 2025-12-17T17:49:18.955Z dynamicimpactful.name deserunt 506 ID407 - You can't copy the card without bypassing the redundant JSON circuit!
<13>Dec 17 17:51:04 gateway authd[1000]: user=phillip_menard password=Yjd8jGBaEeNX status=rejected
<117>3 2025-12-17T17:49:18.955Z forwardinitiatives.biz deserunt 7851 ID434 - Use the virtual AGP firewall, then you can transmit the 1080p sensor!
<99>1 2025-12-17T17:49:18.955Z principalkiller.info vel 883 ID656 - The USB application is down, transmit the digital pixel so we can bypass the PCI program!
<143>1 2025-12-17T17:49:18.955Z directmonetize.info delectus 6973 ID203 - Try to override the XSS firewall, maybe it will synthesize the online transmitter!
<153>3 2025-12-17T17:49:18.955Z seniorroi.info qui 7195 ID657 - Indexing the circuit won't do anything, we need to navigate the back-end PNG application!
<28>3 2025-12-17T17:49:18.955Z globalutilize.biz aut 9663 ID435 - Copying the array won't do anything, we need to parse the back-end USB feed!
<95>2 2025-12-17T17:49:18.955Z corporatebandwidth.org perferendis 4205 ID988 - Programming the capacitor won't do anything, we need to compress the open-source PNG hard drive!
<133>3 2025-12-17T17:49:18.955Z globalglobal.io asperiores 5922 ID17 - Backing up the pixel won't do anything, we need to synthesize the digital IB program!
<13>Dec 17 17:51:09 gateway authd[1000]: user=carlington_miller password=PJpHb7C2p status=rejected
<168>1 2025-12-17T17:49:18.955Z corporatedeliver.info est 1115 ID28 - Try to back up the XML panel, maybe it will index the optical sensor!
<157>3 2025-12-17T17:49:18.955Z seniorpartnerships.org laudantium 4899 ID112 - I'Ll program the mobile SAS bus, that should card the IB firewall!
<13>Dec 17 17:51:14 gateway authd[1000]: user=eric_lee password=4kerviuybF status=rejected
<13>Dec 17 17:51:16 gateway authd[1000]: user=isabella_bartolomeo password=VGHwZKDXP3hFv status=rejected
<122>3 2025-12-17T17:49:18.955Z dynamicmethodologies.io consequuntur 3090 ID562 - Try to input the THX transmitter, maybe it will generate the mobile panel!
<13>Dec 17 17:51:17 gateway authd[1000]: user=drew_osborn password=QVT2Ds0dPI5ybT status=rejected
<157>2 2025-12-17T17:49:18.955Z principalbandwidth.org voluptate 7759 ID188 - Try to transmit the AGP capacitor, maybe it will generate the cross-platform panel!
<85>3 2025-12-17T17:49:18.955Z internationalvisionary.biz molestiae 1341 ID504 - Try to connect the SCSI system, maybe it will copy the open-source sensor!
<127>3 2025-12-17T17:49:18.955Z customerapplications.io aut 1342 ID896 - Use the solid state SMS program, then you can index the auxiliary transmitter!
<31>3 2025-12-17T17:49:18.955Z investordeliverables.io dolorum 3414 ID849 - If we bypass the monitor, we can get to the SMS transmitter through the digital RAM interface!
<13>Dec 17 17:51:21 gateway authd[1000]: user=john_oritz password=ph7dkRmRQs status=rejected
<13>Dec 17 17:51:24 gateway authd[1000]: user=keith_harrison password=pEu8WUo0AC4D status=rejected
<63>2 2025-12-17T17:49:18.955Z nationalfunctionalities.name ut 3145 ID232 - You can't program the panel without parsing the open-source TCP interface!
<186>1 2025-12-17T17:49:18.955Z centraltarget.org et 3586 ID295 - I'Ll bypass the haptic HDD hard drive, that should application the SDD microchip!
<80>2 2025-12-17T17:49:18.955Z directimplement.biz laborum 2922 ID720 - Try to input the HDD alarm, maybe it will copy the optical transmitter!
<96>2 2025-12-17T17:49:18.955Z dynamice-tailers.io ut 2223 ID627 - Use the multi-byte SQL application, then you can back up the neural driver!
<145>2 2025-12-17T17:49:18.955Z investorparadigms.io quo 8986 ID799 - If we bypass the driver, we can get to the IB bus through the multi-byte AI monitor!
<27>1 2025-12-17T17:49:18.955Z centralenvisioneer.net voluptas 9920 ID262 - Use the mobile XSS feed, then you can connect the cross-platform microchip!
<13>Dec 17 17:51:28 gateway authd[1000]: user=timothy_yuen password=x4XPKrrfU status=rejected
<168>1 2025-12-17T17:49:18.955Z principalweb-enabled.net ex 8720 ID208 - Programming the circuit won't do anything, we need to bypass the digital ADP alarm!
<158>2 2025-12-17T17:49:18.955Z forwardreintermediate.net deleniti 8347 ID440 - Try to transmit the XML monitor, maybe it will copy the optical alarm!
<13>Dec 17 17:51:29 gateway authd[1000]: user=maanasa_baskar password=he7qnz0m7sR8jO status=rejected
<30>1 2025-12-17T17:49:18.955Z leadengineer.org harum 1997 ID65 - If we index the program, we can get to the JSON protocol through the wireless TCP matrix!
<13>Dec 17 17:51:30 gateway authd[1000]: user=jacqueline_arias password=zUeOa1tx status=rejected
<13>Dec 17 17:51:35 gateway authd[1000]: user=samuel_stone password=ezNdAiopR2TiO status=rejected
<38>1 2025-12-17T17:49:18.955Z seniordynamic.com magnam 9234 ID713 - Try to parse the PNG application, maybe it will bypass the bluetooth port!
<13>Dec 17 17:51:40 gateway authd[1000]: user=carlington_miller password=nDWITUAa status=rejected
<135>1 2025-12-17T17:49:18.955Z productparadigms.org harum 7815 ID960 - Try to generate the SDD array, maybe it will override the cross-platform port!
<128>2 2025-12-17T17:49:18.955Z humanintegrate.info et 1277 ID342 - Use the cross-platform PNG port, then you can compress the bluetooth protocol!
<85>3 2025-12-17T17:49:18.955Z dynamicone-to-one.biz voluptatum 2311 ID277 - You can't hack the bandwidth without compressing the optical XML bus!
<165>1 2025-12-17T17:49:18.955Z centralwhiteboard.biz quo 5135 ID900 - The CSS application is down, quantify the bluetooth bandwidth so we can parse the AGP interface!
<187>1 2025-12-17T17:49:18.955Z globalbest-of-breed.biz voluptatem 1041 ID8 - Use the online USB monitor, then you can calculate the online bandwidth!
<137>3 2025-12-17T17:49:18.955Z customerrecontextualize.com illum 2253 ID249 - Try to navigate the SDD panel, maybe it will parse the multi-byte hard drive!
<34>3 2025-12-17T17:49:18.955Z customerunleash.info alias 7161 ID422 - Use the auxiliary USB circuit, then you can reboot the digital bandwidth!
<166>3 2025-12-17T17:49:18.955Z seniorfront-end.com est 7794 ID713 - The JBOD pixel is down, reboot the 1080p feed so we can calculate the SDD bandwidth!
<13>Dec 17 17:51:45 gateway authd[1000]: user=timothy_yuen password=3m6I1KwC9Mk status=rejected
<85>1 2025-12-17T17:49:18.955Z districtcutting-edge.net atque 2530 ID606 - You can't input the firewall without calculating the online SSL hard drive!
<181>3 2025-12-17T17:49:18.955Z globalsexy.org voluptates 3109 ID627 - We need to compress the 1080p AGP system!
<13>Dec 17 17:51:48 gateway authd[1000]: user=fardeen_bhimani password=DGBXqnpqDGs status=rejected
<53>1 2025-12-17T17:49:18.955Z districtmorph.org quasi 4103 ID311 - The PNG bandwidth is down, calculate the haptic feed so we can transmit the SQL alarm!
<96>2 2025-12-17T17:49:18.955Z investorinfrastructures.org porro 4116 ID673 - Transmitting the transmitter won't do anything, we need to navigate the open-source RAM system!
<174>2 2025-12-17T17:49:18.955Z principalfacilitate.com molestias 5369 ID377 - I'Ll index the back-end XML monitor, that should circuit the USB bus!
<109>2 2025-12-17T17:49:18.955Z principalcultivate.name vel 8461 ID881 - The RSS pixel is down, compress the primary application so we can hack the JSON capacitor!
<13>Dec 17 17:51:50 gateway authd[1000]: user=blessy password=UtUpBGf2Zn7DW1 status=rejected
<163>1 2025-12-17T17:49:18.955Z forwarde-enable.info reprehenderit 6394 ID642 - Try to generate the AGP panel, maybe it will override the haptic sensor!
<168>3 2025-12-17T17:49:18.955Z futuresticky.net ut 564 ID753 - Connecting the bandwidth won't do anything, we need to reboot the wireless RAM capacitor!
<88>1 2025-12-17T17:49:18.955Z districttransparent.com pariatur 9720 ID966 - I'Ll program the open-source SDD transmitter, that should feed the PNG feed!
<145>2 2025-12-17T17:49:18.955Z productopen-source.name repellat 8786 ID888 - We need to calculate the multi-byte TCP driver!
<170>3 2025-12-17T17:49:18.955Z investororchestrate.biz est 113 ID478 - Indexing the driver won't do anything, we need to override the redundant SQL feed!
<13>Dec 17 17:51:54 gateway authd[1000]: user=hailey_muniz password=70GfGSK5OHS6 status=rejected
<117>3 2025-12-17T17:49:18.955Z futuretransition.com vel 9684 ID790 - We need to bypass the multi-byte AGP alarm!
<129>2 2025-12-17T17:49:18.955Z leaditerate.io eligendi 9548 ID706 - We need to copy the auxiliary USB card!
<13>Dec 17 17:51:58 gateway authd[1000]: user=jacqueline_arias password=koF5dh9X8Ok status=rejected
<140>3 2025-12-17T17:49:18.955Z forwardsticky.name ipsa 8816 ID123 - Try to quantify the SAS matrix, maybe it will transmit the virtual array!
<13>Dec 17 17:51:59 gateway authd[1000]: user=hailey_muniz password=6NoyKjs8CNu32K status=rejected
<13>Dec 17 17:52:04 gateway authd[1000]: user=khalid_galal password=DiZxR7Da6ovw status=rejected
<79>1 2025-12-17T17:49:18.955Z regionalunleash.net quia 9104 ID255 - The SSL program is down, connect the haptic monitor so we can copy the AI firewall!
<162>1 2025-12-17T17:49:18.955Z seniorrobust.info nihil 6933 ID536 - Transmitting the sensor won't do anything, we need to back up the 1080p SMS protocol!
<80>3 2025-12-17T17:49:18.955Z chiefpartnerships.net non 1764 ID50 - Use the mobile SSL panel, then you can navigate the online monitor!
<49>1 2025-12-17T17:49:18.955Z forwardconvergence.org sed 7097 ID492 - I'Ll program the open-source SAS feed, that should matrix the COM bus!
<51>3 2025-12-17T17:49:18.955Z legacyback-end.com dolor 2328 ID633 - Calculating the circuit won't do anything, we need to bypass the optical SMS panel!
<104>3 2025-12-17T17:49:18.955Z futureplug-and-play.biz ab 1974 ID371 - Transmitting the firewall won't do anything, we need to generate the redundant AGP capacitor!
<187>3 2025-12-17T17:49:18.955Z internalinnovate.com perspiciatis 5067 ID821 - You can't override the interface without navigating the online EXE interface!
<5>2 2025-12-17T17:49:18.955Z corporatemethodologies.biz explicabo 5648 ID540 - The SMS interface is down, calculate the solid state hard drive so we can parse the SMTP matrix!
<13>Dec 17 17:52:07 gateway authd[1000]: user=blessy password=qFPy6WIc status=rejected
<13>Dec 17 17:52:09 gateway authd[1000]: user=palden_lama password=E3PFw5LKZAKF status=rejected
<130>1 2025-12-17T17:49:18.955Z nationaleyeballs.net iure 2145 ID492 - Programming the port won't do anything, we need to input the digital SMS microchip!
<24>1 2025-12-17T17:49:18.955Z internationalfacilitate.net rerum 487 ID813 - I'Ll index the redundant COM transmitter, that should panel the SAS microchip!
<4>2 2025-12-17T17:49:18.955Z dynamicrecontextualize.io rerum 1170 ID828 - If we program the array, we can get to the EXE capacitor through the virtual HTTP card!
<42>3 2025-12-17T17:49:18.955Z chiefseize.biz magnam 8037 ID127 - The GB feed is down, transmit the digital interface so we can navigate the JBOD driver!
<114>1 2025-12-17T17:49:18.955Z futureb2b.net et 4683 ID909 - You can't bypass the microchip without compressing the back-end USB driver!
<76>1 2025-12-17T17:49:18.955Z internationalcutting-edge.io in 9554 ID956 - I'Ll override the online SQL bus, that should bandwidth the EXE array!
<16>1 2025-12-17T17:49:18.955Z principalrelationships.io explicabo 6358 ID408 - I'Ll reboot the primary IB matrix, that should circuit the TCP feed!
<52>1 2025-12-17T17:49:18.955Z districtincentivize.com fuga 8988 ID454 - Copying the firewall won't do anything, we need to back up the open-source AI circuit!
<13>Dec 17 17:52:11 gateway authd[1000]: user=john_oritz password=DZ2LPZNa38F status=rejected
<13>Dec 17 17:52:14 gateway authd[1000]: user=fernanda_hernandez password=ZFz8AmZhqd1 status=rejected
<35>2 2025-12-17T17:49:18.955Z nationalvirtual.org voluptates 1756 ID81 - Try to connect the XML driver, maybe it will synthesize the redundant capacitor!
<35>3 2025-12-17T17:49:18.955Z humanfacilitate.info architecto 1204 ID427 - Use the neural AGP driver, then you can bypass the bluetooth transmitter!
<44>1 2025-12-17T17:49:18.955Z directenvisioneer.io nihil 8791 ID232 - Try to generate the XML bus, maybe it will copy the haptic card!
<129>1 2025-12-17T17:49:18.955Z principalembrace.biz eum 7460 ID213 - You can't program the array without compressing the 1080p IB hard drive!
<13>Dec 17 17:52:15 gateway authd[1000]: user=christopher_chilek password=m7OD1LUUCdug status=rejected
<122>1 2025-12-17T17:49:18.955Z dynamicrobust.biz optio 5672 ID364 - The XML matrix is down, navigate the haptic application so we can copy the PCI card!
<21>3 2025-12-17T17:49:18.955Z humanportals.info nesciunt 7592 ID802 - The AI bus is down, compress the haptic firewall so we can compress the SCSI program!
<13>Dec 17 17:52:19 gateway authd[1000]: user=samantha_vivanco password=FtPMT2BTa status=rejected
<72>3 2025-12-17T17:49:18.955Z principalexperiences.name dicta 6316 ID279 - You can't hack the system without overriding the auxiliary PCI matrix!
<111>3 2025-12-17T17:49:18.955Z regionalmatrix.io perferendis 8729 ID619 - Indexing the application won't do anything, we need to synthesize the online SSL feed!
<51>1 2025-12-17T17:49:18.955Z districtaction-items.name aliquid 2209 ID731 - We need to connect the digital GB capacitor!
<13>Dec 17 17:52:24 gateway authd[1000]: user=ke_yang password=MSRcJjONK status=rejected
<76>1 2025-12-17T17:49:18.955Z centraldeliverables.io atque 6858 ID207 - If we bypass the hard drive, we can get to the AGP program through the redundant SCSI bus!
<78>2 2025-12-17T17:49:18.955Z regionalrich.org quidem 968 ID848 - We need to transmit the primary RSS system!
<139>2 2025-12-17T17:49:18.955Z regionalreinvent.net voluptatem 3971 ID964 - Try to synthesize the RSS program, maybe it will connect the auxiliary microchip!
<13>Dec 17 17:52:28 gateway authd[1000]: user=khalid_galal password=BIrpqrR1Hgg status=rejected
<168>2 2025-12-17T17:49:18.955Z dynamice-commerce.io possimus 8845 ID404 - You can't copy the sensor without indexing the 1080p RSS driver!
<97>2 2025-12-17T17:49:18.955Z districtfacilitate.biz rerum 3620 ID151 - Use the solid state USB sensor, then you can synthesize the auxiliary capacitor!
<65>1 2025-12-17T17:49:18.955Z chiefapplications.io fuga 8905 ID66 - We need to index the back-end HTTP circuit!
<138>3 2025-12-17T17:49:18.955Z directorchestrate.io exercitationem 4024 ID858 - I'Ll back up the wireless GB hard drive, that should monitor the JBOD microchip!
<56>2 2025-12-17T17:49:18.955Z regionalback-end.com non 1248 ID357 - Bypassing the pixel won't do anything, we need to hack the solid state GB hard drive!
<105>3 2025-12-17T17:49:18.955Z dynamicleverage.io facere 2837 ID656 - I'Ll program the wireless TCP application, that should capacitor the HDD interface!
<61>2 2025-12-17T17:49:18.955Z chiefvisualize.info ea 8482 ID64 - You can't connect the matrix without overriding the multi-byte JBOD bus!
<13>Dec 17 17:52:33 gateway authd[1000]: user=joaquin password=JWoSsOLTw status=rejected
<13>Dec 17 17:52:37 gateway authd[1000]: user=jacqueline_yanez password=sz357AaOR status=rejected
<129>1 2025-12-17T17:49:18.955Z seniore-enable.biz ipsum 767 ID690 - Try to quantify the RAM sensor, maybe it will copy the cross-platform system!
<75>3 2025-12-17T17:49:18.955Z futurecultivate.info dolorem 6611 ID400 - Indexing the protocol won't do anything, we need to reboot the virtual THX alarm!
<13>Dec 17 17:52:40 gateway authd[1000]: user=xiaoyin_wang password=1bDWJt6uRrvRT status=rejected
<31>2 2025-12-17T17:49:18.955Z centralchannels.org labore 1702 ID884 - Programming the monitor won't do anything, we need to bypass the virtual CSS application!
<71>3 2025-12-17T17:49:18.955Z futureharness.info delectus 998 ID187 - If we navigate the application, we can get to the SAS sensor through the open-source SCSI application!
<13>Dec 17 17:52:44 gateway authd[1000]: user=judith_infante password=UT5rBaG32XrF status=rejected
<13>Dec 17 17:52:49 gateway authd[1000]: user=palden_lama password=21AXeTEAhr status=rejected
<71>2 2025-12-17T17:49:18.955Z internationalinnovative.info non 2979 ID283 - Try to transmit the EXE capacitor, maybe it will override the wireless protocol!
<181>3 2025-12-17T17:49:18.955Z districtinfrastructures.com dolorem 5568 ID600 - If we back up the panel, we can get to the SMS transmitter through the neural CSS bus!
<62>3 2025-12-17T17:49:18.955Z globaldistributed.io ad 3244 ID261 - Try to generate the SMS transmitter, maybe it will input the wireless transmitter!
<137>3 2025-12-17T17:49:18.955Z principale-commerce.com ullam 5366 ID472 - Use the bluetooth SMTP pixel, then you can back up the cross-platform card!
<171>3 2025-12-17T17:49:18.955Z globalmindshare.org tempora 6463 ID626 - If we navigate the firewall, we can get to the TCP hard drive through the neural SAS matrix!
<185>2 2025-12-17T17:49:18.955Z regionalnetworks.info omnis 9988 ID219 - I'Ll transmit the online EXE transmitter, that should bus the AI array!
<13>Dec 17 17:52:53 gateway authd[1000]: user=jacqueline_arias password=cxNRUmqnS status=rejected
<92>1 2025-12-17T17:49:18.955Z directdrive.com aperiam 7582 ID810 - The HTTP program is down, connect the mobile bandwidth so we can program the JBOD bandwidth!
<17>2 2025-12-17T17:49:18.955Z centralconvergence.org harum 657 ID34 - Try to generate the PNG application, maybe it will connect the auxiliary firewall!
<11>1 2025-12-17T17:49:18.955Z legacyinnovative.net voluptatem 7937 ID115 - You can't parse the protocol without connecting the haptic THX driver!
<188>1 2025-12-17T17:49:18.955Z legacye-business.com ducimus 1972 ID421 - We need to input the auxiliary HTTP system!
<2>3 2025-12-17T17:49:18.955Z leadclicks-and-mortar.info voluptas 4948 ID468 - You can't calculate the capacitor without transmitting the redundant XSS interface!
<13>Dec 17 17:52:57 gateway authd[1000]: user=fernanda_hernandez password=PvDmhQWK8Mj1p status=rejected
<110>2 2025-12-17T17:49:18.955Z chiefsynergies.org sed 5936 ID179 - We need to calculate the back-end CSS bus!
<20>1 2025-12-17T17:49:18.955Z forwarde-business.com nobis 873 ID782 - The GB alarm is down, back up the primary array so we can input the ADP hard drive!
<13>Dec 17 17:52:59 gateway authd[1000]: user=timothy_yuen password=sIaLOZFCcDJ status=rejected
<9>1 2025-12-17T17:49:18.955Z centralcontent.info molestias 7746 ID209 - If we input the array, we can get to the SSL system through the auxiliary CSS sensor!
<13>Dec 17 17:53:04 gateway authd[1000]: user=jacqueline_yanez password=kdQ4gBdpGC status=rejected
<174>1 2025-12-17T17:49:18.955Z customerinterfaces.com earum 8399 ID204 - You can't transmit the panel without compressing the bluetooth HTTP port!
<157>3 2025-12-17T17:49:18.955Z internationalseize.org dignissimos 6580 ID824 - If we synthesize the port, we can get to the XML port through the solid state EXE card!
<37>3 2025-12-17T17:49:18.955Z centralfunctionalities.org unde 1275 ID975 - Use the redundant SQL sensor, then you can compress the back-end monitor!
<132>2 2025-12-17T17:49:18.955Z dynamicrevolutionary.info distinctio 2719 ID444 - Use the neural SMS alarm, then you can input the auxiliary alarm!
<165>2 2025-12-17T17:49:18.955Z seniorgranular.net dolores 6487 ID794 - Use the 1080p JSON program, then you can bypass the wireless port!
<31>3 2025-12-17T17:49:18.955Z futuregrow.com voluptatum 735 ID557 - The HDD port is down, calculate the optical feed so we can input the RAM transmitter!
<103>1 2025-12-17T17:49:18.955Z productdot-com.biz quidem 9075 ID720 - You can't calculate the driver without compressing the wireless USB sensor!
<134>3 2025-12-17T17:49:18.955Z investortransition.io enim 9176 ID338 - The SMS transmitter is down, synthesize the redundant hard drive so we can index the SAS system!
<146>1 2025-12-17T17:49:18.955Z regionalintegrate.net omnis 547 ID233 - Try to parse the CSS capacitor, maybe it will navigate the back-end protocol!
<137>1 2025-12-17T17:49:18.955Z chiefvisualize.name consequatur 8382 ID27 - I'Ll override the mobile HTTP firewall, that should panel the XML port!
<96>1 2025-12-17T17:49:18.955Z corporatesexy.biz doloremque 6480 ID151 - Transmitting the pixel won't do anything, we need to program the primary SMTP driver!
<13>Dec 17 17:53:05 gateway authd[1000]: user=fardeen_bhimani password=nkeKZULGhba status=rejected
<13>Dec 17 17:53:06 gateway authd[1000]: user=samuel_stone password=sjF1AwLs status=rejected
<58>1 2025-12-17T17:49:18.955Z humanenhance.info illum 5206 ID106 - Use the multi-byte SSL monitor, then you can calculate the optical transmitter!
<69>3 2025-12-17T17:49:18.955Z customerstrategic.org eos 589 ID747 - Navigating the alarm won't do anything, we need to bypass the back-end USB port!
<56>3 2025-12-17T17:49:18.955Z chieffacilitate.io neque 5651 ID868 - Use the optical GB capacitor, then you can connect the mobile microchip!
<50>3 2025-12-17T17:49:18.955Z globalweb services.org corrupti 947 ID508 - You can't program the pixel without navigating the cross-platform SCSI alarm!
<103>3 2025-12-17T17:49:18.955Z investorincubate.name commodi 5112 ID886 - You can't copy the circuit without programming the back-end IB bandwidth!
<181>2 2025-12-17T17:49:18.955Z legacyarchitectures.net laudantium 4652 ID228 - If we quantify the firewall, we can get to the AI system through the open-source SCSI microchip!
<21>2 2025-12-17T17:49:18.955Z humanconvergence.org vitae 7741 ID968 - Try to synthesize the SDD system, maybe it will synthesize the redundant interface!
<13>Dec 17 17:53:07 gateway authd[1000]: user=eric_lee password=WrH7lMJFLx status=rejected
<13>Dec 17 17:53:08 gateway authd[1000]: user=isabella_bartolomeo password=lAkJd1O7 status=rejected
<177>2 2025-12-17T17:49:18.955Z legacye-services.biz sunt 9885 ID614 - Try to input the GB feed, maybe it will hack the mobile bus!
<52>3 2025-12-17T17:49:18.955Z directefficient.net ex 4970 ID453 - You can't parse the alarm without programming the primary HDD system!
<136>3 2025-12-17T17:49:18.955Z internalusers.io odio 6410 ID853 - Use the bluetooth USB alarm, then you can generate the multi-byte capacitor!
<13>Dec 17 17:53:12 gateway authd[1000]: user=ali_dogru password=Txqow8Lv status=rejected
<39>1 2025-12-17T17:49:18.955Z humancross-media.biz in 7874 ID142 - We need to generate the neural AGP capacitor!
<0>1 2025-12-17T17:49:18.955Z dynamice-services.net quibusdam 9902 ID391 - Try to override the SMTP panel, maybe it will compress the solid state program!
<28>3 2025-12-17T17:49:18.955Z regionalvalue-added.org accusamus 3325 ID632 - I'Ll copy the solid state JSON matrix, that should firewall the HTTP program!
<13>Dec 17 17:53:17 gateway authd[1000]: user=carlington_miller password=cTnvZmf2Ae15f status=rejected
<13>Dec 17 17:53:22 gateway authd[1000]: user=ke_yang password=LoDs8ov0Mpmh0N status=rejected
<174>2 2025-12-17T17:49:18.955Z forwardmaximize.net similique 2596 ID798 - The EXE application is down, connect the optical driver so we can navigate the IB port!
<0>2 2025-12-17T17:49:18.955Z districtchannels.biz aliquam 906 ID67 - Try to synthesize the SMTP port, maybe it will quantify the auxiliary array!
<148>3 2025-12-17T17:49:18.955Z dynamicinterfaces.info saepe 5754 ID741 - Connecting the system won't do anything, we need to program the redundant PNG microchip!
<13>Dec 17 17:53:24 gateway authd[1000]: user=samantha_vivanco password=is7vibpv status=rejected
<52>3 2025-12-17T17:49:18.955Z futurearchitectures.biz nobis 7404 ID463 - We need to input the bluetooth PCI interface!
<13>Dec 17 17:53:25 gateway authd[1000]: user=ke_yang password=sfXN8zNkE status=rejected
<13>Dec 17 17:53:26 gateway authd[1000]: user=rajendra_boppana password=6olZxrXFP7I status=rejected
<121>3 2025-12-17T17:49:18.955Z nationalengage.io et 4595 ID258 - We need to back up the neural JBOD array!
<127>2 2025-12-17T17:49:18.955Z dynamicreinvent.io quia 6330 ID678 - Hacking the firewall won't do anything, we need to copy the open-source HTTP alarm!
<186>3 2025-12-17T17:49:18.955Z nationalvisualize.net molestiae 5525 ID915 - Use the open-source COM protocol, then you can parse the mobile program!
<110>2 2025-12-17T17:49:18.955Z corporatemodels.org voluptas 3600 ID937 - I'Ll hack the primary SSL card, that should card the SAS protocol!
<94>3 2025-12-17T17:49:18.955Z dynamicmetrics.io iste 169 ID366 - If we generate the monitor, we can get to the IB microchip through the neural COM system!
<121>3 2025-12-17T17:49:18.955Z directsexy.com iusto 1401 ID440 - If we connect the driver, we can get to the COM protocol through the open-source SCSI panel!
<132>2 2025-12-17T17:49:18.955Z productharness.io non 6127 ID834 - The SCSI program is down, reboot the mobile interface so we can override the SQL transmitter!
<21>3 2025-12-17T17:49:18.955Z corporatee-enable.info et 7888 ID246 - The JBOD transmitter is down, input the redundant port so we can copy the XSS interface!
<13>Dec 17 17:53:31 gateway authd[1000]: user=rajendra_boppana password=HZROsFF86LI3 status=rejected
<101>1 2025-12-17T17:49:18.955Z seniorsynergies.net sit 324 ID716 - You can't navigate the matrix without hacking the multi-byte ADP card!
<75>1 2025-12-17T17:49:18.955Z futureinnovate.biz voluptatem 4019 ID257 - We need to synthesize the auxiliary SSL protocol!
<166>2 2025-12-17T17:49:18.955Z dynamicreal-time.io labore 5596 ID868 - The RAM alarm is down, back up the multi-byte transmitter so we can program the PNG card!
<13>Dec 17 17:53:33 gateway authd[1000]: user=blessy password=RRw1kjvU status=rejected
<167>2 2025-12-17T17:49:18.955Z principalpartnerships.biz ut 6085 ID916 - You can't index the system without transmitting the solid state AGP bandwidth!
<127>3 2025-12-17T17:49:18.955Z nationalimpactful.biz et 6204 ID555 - We need to connect the bluetooth XSS array!
<49>2 2025-12-17T17:49:18.955Z internalvisualize.name rerum 9737 ID177 - Use the multi-byte THX transmitter, then you can transmit the bluetooth transmitter!
<26>2 2025-12-17T17:49:18.955Z investorgenerate.biz fugiat 571 ID915 - The COM capacitor is down, synthesize the auxiliary monitor so we can bypass the SCSI transmitter!
<173>1 2025-12-17T17:49:18.955Z district24/7.io eos 2552 ID125 - Try to copy the XSS hard drive, maybe it will index the virtual driver!
<13>Dec 17 17:53:36 gateway authd[1000]: user=will_dedominico password=AbV8C3Rsx4 status=rejected
<175>2 2025-12-17T17:49:18.955Z regionalenable.com et 9753 ID887 - Use the optical SSL array, then you can input the auxiliary driver!
<101>1 2025-12-17T17:49:18.955Z corporaterevolutionary.info sed 2461 ID149 - We need to quantify the optical SSL port!
<13>Dec 17 17:53:38 gateway authd[1000]: user=drew_osborn password=xynkhtQv3Hf status=rejected
<13>Dec 17 17:53:41 gateway authd[1000]: user=christopher_chilek password=BzSyWcNK4f status=rejected
<45>1 2025-12-17T17:49:18.955Z regionalportals.net voluptas 9586 ID685 - We need to transmit the cross-platform HTTP program!
<38>2 2025-12-17T17:49:18.955Z customerfrictionless.net quas 7223 ID173 - The AGP circuit is down, generate the online microchip so we can program the JBOD circuit!
<80>2 2025-12-17T17:49:18.955Z directmonetize.biz a 8360 ID79 - The SMTP array is down, calculate the back-end panel so we can program the SMS matrix!
<100>2 2025-12-17T17:49:18.955Z legacycross-platform.info accusamus 8970 ID451 - Try to hack the HTTP protocol, maybe it will navigate the wireless program!
<184>1 2025-12-17T17:49:18.955Z seniorcontent.net nesciunt 961 ID914 - I'Ll copy the optical PCI driver, that should alarm the HDD application!
<36>3 2025-12-17T17:49:18.955Z forwardutilize.com sed 5387 ID270 - The USB array is down, compress the online circuit so we can override the AGP capacitor!
<170>2 2025-12-17T17:49:18.955Z internalgrow.com dolorum 8280 ID735 - You can't index the pixel without calculating the neural FTP panel!
<33>1 2025-12-17T17:49:18.955Z districtscale.com quam 5841 ID320 - We need to hack the digital SMTP array!
<41>2 2025-12-17T17:49:18.955Z regionalsexy.io quia 9047 ID335 - I'Ll input the haptic SCSI program, that should program the IB circuit!
<7>2 2025-12-17T17:49:18.955Z forwardmindshare.net eos 6029 ID256 - You can't parse the system without connecting the optical SMS protocol!
<13>Dec 17 17:53:43 gateway authd[1000]: user=samuel_stone password=jkzG80CeLAb status=rejected
<13>Dec 17 17:53:47 gateway authd[1000]: user=fernanda_hernandez password=MPg0oOdFL1mQ status=rejected
<13>Dec 17 17:53:49 gateway authd[1000]: user=joaquin password=wakfqLET0mazq status=rejected
<102>1 2025-12-17T17:49:18.955Z leadweb-readiness.io molestias 9871 ID521 - Try to input the COM application, maybe it will navigate the mobile application!
<131>1 2025-12-17T17:49:18.955Z internationalmetrics.com illum 101 ID826 - Try to hack the CSS microchip, maybe it will index the online bandwidth!
<13>Dec 17 17:53:51 gateway authd[1000]: user=turgay_korkmaz password=NbPFe60D5REU status=rejected
<99>3 2025-12-17T17:49:18.955Z productexpedite.org ipsum 3749 ID89 - If we copy the system, we can get to the EXE microchip through the multi-byte AI matrix!
<49>2 2025-12-17T17:49:18.955Z principalwireless.net quia 9806 ID690 - I'Ll input the solid state HTTP driver, that should pixel the COM circuit!
<13>Dec 17 17:53:52 gateway authd[1000]: user=turgay_korkmaz password=yftJE9qbvYl status=rejected
<29>1 2025-12-17T17:49:18.955Z chiefe-services.org nisi 676 ID804 - We need to connect the redundant SMS port!
<137>2 2025-12-17T17:49:18.955Z productreintermediate.net eveniet 1021 ID426 - We need to program the neural TCP firewall!
<124>1 2025-12-17T17:49:18.955Z globalclicks-and-mortar.info rerum 4478 ID474 - If we parse the hard drive, we can get to the XSS hard drive through the mobile COM transmitter!
<15>3 2025-12-17T17:49:18.955Z nationaldynamic.info culpa 8879 ID829 - Use the auxiliary XSS alarm, then you can program the wireless application!
<13>Dec 17 17:53:57 gateway authd[1000]: user=palden_lama password=rqHXaVta status=rejected
<18>2 2025-12-17T17:49:18.955Z leadend-to-end.info asperiores 511 ID280 - Synthesizing the sensor won't do anything, we need to navigate the redundant XSS pixel!
<13>Dec 17 17:53:59 gateway authd[1000]: user=nathaniel_farmer password=Ai2b8k51 status=rejected
<13>Dec 17 17:54:00 gateway authd[1000]: user=phillip_menard password=3xN50gLmmmCe status=rejected
<94>2 2025-12-17T17:49:18.955Z districtbest-of-breed.com id 2015 ID900 - We need to hack the primary XSS pixel!
<9>3 2025-12-17T17:49:18.955Z nationalb2b.org et 7574 ID691 - The SCSI sensor is down, index the cross-platform port so we can bypass the SMS protocol!
<184>1 2025-12-17T17:49:18.955Z internalstrategize.org et 9881 ID243 - If we program the array, we can get to the JSON protocol through the wireless IB protocol!
<174>1 2025-12-17T17:49:18.955Z forwardweb services.com ducimus 2451 ID571 - Try to hack the THX array, maybe it will synthesize the neural matrix!
<25>2 2025-12-17T17:49:18.955Z directenvisioneer.net dolorum 696 ID876 - Bypassing the capacitor won't do anything, we need to calculate the auxiliary HDD bus!
<143>1 2025-12-17T17:49:18.955Z principalcommunities.info dolorum 8487 ID643 - Synthesizing the port won't do anything, we need to back up the wireless THX card!
<188>1 2025-12-17T17:49:18.955Z corporatedistributed.name qui 2592 ID422 - You can't compress the array without programming the primary SCSI protocol!
<73>1 2025-12-17T17:49:18.955Z productbrand.org consectetur 9419 ID143 - You can't quantify the alarm without synthesizing the digital RSS feed!
<30>3 2025-12-17T17:49:18.955Z legacymesh.net vero 9523 ID927 - We need to input the digital SMS firewall!
