<66>1 2025-12-17T17:49:13Z globalsystems.com deleniti 8595 ID464 - user=mahi_mohashin password=kTFP9M0mOIIVco status=invalid
<66>1 2025-12-17T17:49:19.043Z globalsystems.com deleniti 8595 ID464 - Try to synthesize the AI matrix, maybe it will index the neural application!
<66>1 2025-12-17T17:49:17Z globalsystems.com deleniti 8595 ID464 - user=murtuza_jadliwala password=Qq4iOwIKW1by status=invalid
<1>2 2025-12-17T17:49:19.043Z chiefpartnerships.io voluptatem 6571 ID216 - You can't parse the feed without parsing the optical PNG bandwidth!
<15>1 2025-12-17T17:49:19.043Z productend-to-end.io ipsa 6415 ID460 - We need to calculate the online RAM system!
<184>3 2025-12-17T17:49:19.043Z leadgranular.org expedita 660 ID264 - I'Ll compress the digital XSS transmitter, that should program the IB microchip!
<66>1 2025-12-17T17:49:21Z globalsystems.com deleniti 8595 ID464 - user=john_heaps password=5qiHqzxNf status=invalid
<81>1 2025-12-17T17:49:19.043Z leadmetrics.name dolor 8913 ID22 - Use the digital FTP interface, then you can parse the virtual program!
<47>3 2025-12-17T17:49:19.043Z centralcollaborative.org pariatur 8130 ID492 - We need to copy the open-source USB bandwidth!
<31>1 2025-12-17T17:49:19.043Z forwardwireless.info velit 4878 ID380 - We need to compress the online SDD transmitter!
<149>2 2025-12-17T17:49:19.043Z principalapplications.biz fuga 2895 ID712 - Navigating the circuit won't do anything, we need to copy the online FTP driver!
<66>1 2025-12-17T17:49:23Z globalsystems.com deleniti 8595 ID464 - user=phillip_menard password=GwsVBD8b36h status=invalid
<170>3 2025-12-17T17:49:19.043Z dynamice-business.biz quidem 6455 ID405 - Try to parse the HDD hard drive, maybe it will calculate the multi-byte card!
<66>1 2025-12-17T17:49:27Z globalsystems.com deleniti 8595 ID464 - user=rajkumar_banoth password=5bj3AOE6yH status=invalid
<105>3 2025-12-17T17:49:19.043Z humanscale.com sapiente 3679 ID124 - The EXE application is down, parse the bluetooth firewall so we can synthesize the SAS pixel!
<76>2 2025-12-17T17:49:19.043Z globalstrategic.org molestiae 5212 ID512 - Try to parse the JSON sensor, maybe it will calculate the mobile application!
<116>3 2025-12-17T17:49:19.043Z chiefrich.info sed 1025 ID416 - The GB protocol is down, override the solid state circuit so we can calculate the AGP monitor!
<2>1 2025-12-17T17:49:19.043Z futureapplications.com rerum 5729 ID260 - Navigating the port won't do anything, we need to back up the auxiliary SQL monitor!
<110>3 2025-12-17T17:49:19.043Z dynamiccutting-edge.net molestiae 8738 ID818 - We need to reboot the open-source USB array!
<13>1 2025-12-17T17:49:19.043Z chiefcutting-edge.info et 5025 ID476 - Use the solid state GB circuit, then you can quantify the cross-platform firewall!
<87>1 2025-12-17T17:49:19.043Z principalrevolutionize.name aut 7888 ID975 - We need to index the redundant SMS bandwidth!
<48>1 2025-12-17T17:49:19.043Z nationalcultivate.io et 2251 ID435 - We need to input the mobile XSS card!
<66>1 2025-12-17T17:49:29Z globalsystems.com deleniti 8595 ID464 - user=gabriel_green password=EWYTcjTg9 status=invalid
<101>1 2025-12-17T17:49:19.043Z corporateplug-and-play.org est 2308 ID918 - Try to input the TCP protocol, maybe it will bypass the back-end card!
<166>2 2025-12-17T17:49:19.043Z futurekiller.com ullam 2968 ID217 - If we input the protocol, we can get to the COM application through the optical USB feed!
<137>3 2025-12-17T17:49:19.043Z internationalrich.io ipsam 6073 ID154 - Try to override the JBOD application, maybe it will transmit the redundant array!
<66>1 2025-12-17T17:49:34Z globalsystems.com deleniti 8595 ID464 - user=rajkumar_banoth password=nOqMSqWSGW status=invalid
<191>2 2025-12-17T17:49:19.043Z forwardsynergize.net officia 4162 ID391 - The HTTP monitor is down, transmit the open-source feed so we can index the AI capacitor!
<66>1 2025-12-17T17:49:37Z globalsystems.com deleniti 8595 ID464 - user=jacqueline_arias password=Y33biiQd6LxTj status=invalid
<143>1 2025-12-17T17:49:19.043Z internalproactive.info ipsam 2601 ID803 - Hacking the port won't do anything, we need to hack the auxiliary EXE application!
<31>1 2025-12-17T17:49:19.043Z internalclicks-and-mortar.org voluptas 5525 ID769 - I'Ll quantify the bluetooth HTTP port, that should firewall the HTTP port!
<66>1 2025-12-17T17:49:40Z globalsystems.com deleniti 8595 ID464 - user=arnon_kenny password=kSShWy6G9EJ5ZL status=invalid
<85>1 2025-12-17T17:49:19.043Z globalcompelling.io nostrum 4523 ID179 - The HDD system is down, hack the online array so we can compress the XSS circuit!
<65>2 2025-12-17T17:49:19.043Z futureproductize.io asperiores 9524 ID49 - If we connect the application, we can get to the HDD bus through the mobile IB protocol!
<166>1 2025-12-17T17:49:19.043Z internationalmonetize.name neque 7092 ID264 - Calculating the bandwidth won't do anything, we need to program the solid state PNG panel!
<66>1 2025-12-17T17:49:44Z globalsystems.com deleniti 8595 ID464 - user=curran_hill password=B5DVDohV status=invalid
<109>1 2025-12-17T17:49:19.043Z leadinnovative.biz est 3450 ID204 - The IB card is down, synthesize the neural program so we can compress the SMTP sensor!
<78>1 2025-12-17T17:49:19.043Z humanevolve.name ea 2330 ID632 - You can't navigate the monitor without generating the virtual HTTP circuit!
<66>1 2025-12-17T17:49:46Z globalsystems.com deleniti 8595 ID464 - user=john_heaps password=TiCILIVk status=invalid
<5>1 2025-12-17T17:49:19.043Z humancutting-edge.info dolores 4614 ID28 - The AGP monitor is down, quantify the neural system so we can transmit the SDD pixel!
<17>2 2025-12-17T17:49:19.043Z senior24/365.name unde 6381 ID432 - If we reboot the feed, we can get to the GB card through the wireless RSS hard drive!
<153>3 2025-12-17T17:49:19.043Z regionale-services.name aut 4643 ID542 - If we input the system, we can get to the JBOD bandwidth through the auxiliary JSON system!
<66>1 2025-12-17T17:49:51Z globalsystems.com deleniti 8595 ID464 - user=curran_hill password=wMhQiC14hE status=invalid
<66>1 2025-12-17T17:49:56Z globalsystems.com deleniti 8595 ID464 - user=hondo_limon password=yWz2tCIF8 status=invalid
<66>1 2025-12-17T17:49:57Z globalsystems.com deleniti 8595 ID464 - user=blessy password=Mdnhq429v6SvwO status=invalid
<29>1 2025-12-17T17:49:19.043Z leadeyeballs.net laboriosam 187 ID639 - You can't parse the card without indexing the haptic SMS bus!
<86>1 2025-12-17T17:49:19.043Z internalusers.io atque 6279 ID147 - Use the 1080p PCI capacitor, then you can calculate the online port!
<128>2 2025-12-17T17:49:19.043Z corporatedeliverables.name vel 6045 ID415 - Try to quantify the SMTP capacitor, maybe it will reboot the haptic interface!
<62>2 2025-12-17T17:49:19.043Z internalscale.biz amet 6965 ID210 - If we transmit the driver, we can get to the HDD pixel through the redundant TCP hard drive!
<98>2 2025-12-17T17:49:19.043Z investordisintermediate.com error 7066 ID259 - The USB monitor is down, bypass the bluetooth transmitter so we can input the SAS pixel!
<66>1 2025-12-17T17:50:01Z globalsystems.com deleniti 8595 ID464 - user=safia_basheeruddin password=hcW1LUr0 status=invalid
<66>1 2025-12-17T17:50:02Z globalsystems.com deleniti 8595 ID464 - user=jacqueline_arias password=Rwm2aCGJVP5Fnp status=invalid
<167>2 2025-12-17T17:49:19.043Z forwardrelationships.name exercitationem 165 ID413 - Programming the sensor won't do anything, we need to calculate the redundant JSON circuit!
<181>2 2025-12-17T17:49:19.043Z senioroptimize.biz consequuntur 3764 ID240 - We need to reboot the wireless GB array!
<146>2 2025-12-17T17:49:19.043Z legacyextend.com et 2227 ID852 - I'Ll transmit the solid state SDD pixel, that should transmitter the PCI array!
<66>1 2025-12-17T17:50:04Z globalsystems.com deleniti 8595 ID464 - user=rajendra_boppana password=0pwES3nvOFnmLx status=invalid
<66>1 2025-12-17T17:50:05Z globalsystems.com deleniti 8595 ID464 - user=fardeen_bhimani password=Fs3gO8OGiAsB1f status=invalid
<28>3 2025-12-17T17:49:19.043Z seniorgrow.org totam 5102 ID684 - The IB application is down, reboot the back-end bandwidth so we can navigate the AGP panel!
<172>3 2025-12-17T17:49:19.043Z directarchitect.com labore 9545 ID421 - Use the mobile XSS microchip, then you can transmit the haptic program!
<25>2 2025-12-17T17:49:19.043Z internalpartnerships.com dolores 8552 ID3 - The XML application is down, back up the cross-platform firewall so we can parse the ADP interface!
<66>1 2025-12-17T17:50:10Z globalsystems.com deleniti 8595 ID464 - user=zakharias_joseph password=9NJCGbMY status=invalid
<34>2 2025-12-17T17:49:19.043Z regionalopen-source.biz ipsa 1227 ID735 - Try to input the EXE circuit, maybe it will bypass the wireless bandwidth!
<163>3 2025-12-17T17:49:19.043Z regionaldisintermediate.com aut 8691 ID889 - You can't compress the interface without quantifying the online GB firewall!
<116>1 2025-12-17T17:49:19.043Z legacyintegrated.org vel 4804 ID595 - You can't override the transmitter without parsing the cross-platform HDD feed!
<177>1 2025-12-17T17:49:19.043Z globaltransparent.org vel 4478 ID789 - Overriding the bus won't do anything, we need to generate the open-source PNG array!
<66>1 2025-12-17T17:50:15Z globalsystems.com deleniti 8595 ID464 - user=elocin_pettit password=77rsQOk4a2 status=invalid
<66>1 2025-12-17T17:50:20Z globalsystems.com deleniti 8595 ID464 - user=fardeen_bhimani password=BZtsy0zSg2h status=invalid
<66>1 2025-12-17T17:50:22Z globalsystems.com deleniti 8595 ID464 - user=hondo_limon password=ch0ewHq8LvZDe status=invalid
<44>1 2025-12-17T17:49:19.043Z producte-business.name fuga 8579 ID180 - You can't hack the microchip without programming the redundant JBOD bus!
<98>2 2025-12-17T17:49:19.043Z districte-services.org qui 5176 ID287 - If we override the interface, we can get to the THX array through the auxiliary SMTP card!
<66>1 2025-12-17T17:50:27Z globalsystems.com deleniti 8595 ID464 - user=jacqueline_yanez password=cooh0E9K status=invalid
<66>1 2025-12-17T17:50:30Z globalsystems.com deleniti 8595 ID464 - user=jacqueline_yanez password=tTw18cqV status=invalid
<95>2 2025-12-17T17:49:19.043Z nationaltransform.com voluptates 7376 ID596 - Try to transmit the JBOD driver, maybe it will bypass the redundant array!
<128>1 2025-12-17T17:49:19.043Z investorscale.info omnis 1852 ID291 - The SMTP array is down, transmit the auxiliary capacitor so we can override the SAS circuit!
<98>2 2025-12-17T17:49:19.043Z districtbenchmark.biz rerum 3060 ID105 - Try to quantify the COM array, maybe it will bypass the redundant protocol!
<166>3 2025-12-17T17:49:19.043Z globalglobal.net pariatur 5831 ID212 - The IB bandwidth is down, generate the virtual hard drive so we can back up the SMS driver!
<31>1 2025-12-17T17:49:19.043Z dynamicstrategic.biz neque 1101 ID80 - Use the auxiliary HTTP port, then you can compress the online circuit!
<139>3 2025-12-17T17:49:19.043Z seniorutilize.info qui 2862 ID867 - You can't connect the firewall without programming the virtual CSS card!
<154>1 2025-12-17T17:49:19.043Z seniormarkets.net recusandae 2217 ID795 - The XML matrix is down, override the back-end array so we can transmit the PNG port!
<19>2 2025-12-17T17:49:19.043Z seniorportals.info qui 8668 ID609 - If we calculate the protocol, we can get to the ADP microchip through the open-source AI panel!
<66>1 2025-12-17T17:50:31Z globalsystems.com deleniti 8595 ID464 - user=vian_chen password=EHmISpR7g3CLc status=invalid
<175>2 2025-12-17T17:49:19.043Z directsticky.name velit 1367 ID363 - Use the online USB application, then you can back up the optical driver!
<66>3 2025-12-17T17:49:19.043Z principalunleash.info et 3637 ID967 - We need to quantify the haptic JSON port!
<171>2 2025-12-17T17:49:19.043Z centraldeliver.com numquam 24 ID734 - You can't calculate the alarm without programming the open-source THX protocol!
<10>1 2025-12-17T17:49:19.043Z internationalsupply-chains.name explicabo 3634 ID986 - The PCI card is down, synthesize the solid state driver so we can connect the AI firewall!
<104>1 2025-12-17T17:49:19.043Z regionalubiquitous.org esse 9893 ID983 - We need to program the cross-platform FTP protocol!
<160>2 2025-12-17T17:49:19.043Z internationalrevolutionary.org consequatur 3585 ID746 - We need to back up the wireless HTTP application!
<146>2 2025-12-17T17:49:19.043Z dynamicseize.org magni 2536 ID473 - Transmitting the bandwidth won't do anything, we need to transmit the open-source EXE firewall!
<23>2 2025-12-17T17:49:19.043Z investormagnetic.net molestias 6964 ID911 - You can't parse the driver without quantifying the open-source PCI feed!
<64>3 2025-12-17T17:49:19.043Z seniorvisionary.io quas 9707 ID607 - If we generate the sensor, we can get to the TCP bandwidth through the primary USB circuit!
<142>3 2025-12-17T17:49:19.043Z humanorchestrate.name aperiam 8934 ID277 - Use the mobile CSS pixel, then you can bypass the solid state transmitter!
<163>3 2025-12-17T17:49:19.043Z internaleyeballs.io sint 2616 ID353 - The SCSI array is down, copy the neural monitor so we can synthesize the XSS interface!
<83>3 2025-12-17T17:49:19.043Z centralfunctionalities.biz dolorum 7400 ID88 - Use the 1080p XML application, then you can reboot the back-end interface!
<66>1 2025-12-17T17:50:33Z globalsystems.com deleniti 8595 ID464 - user=nathaniel_farmer password=KTFUISZ5GYAFb status=invalid
<48>2 2025-12-17T17:49:19.043Z globalintegrate.biz assumenda 6864 ID812 - Programming the feed won't do anything, we need to generate the primary PNG capacitor!
<148>3 2025-12-17T17:49:19.043Z globalcompelling.info numquam 1657 ID955 - The IB port is down, reboot the back-end capacitor so we can navigate the PNG matrix!
<166>3 2025-12-17T17:49:19.043Z humanincubate.io quo 8074 ID226 - Use the open-source XML card, then you can bypass the redundant application!
<66>1 2025-12-17T17:50:36Z globalsystems.com deleniti 8595 ID464 - user=daniel_ruiz password=UHXUNguzjr status=invalid
<40>2 2025-12-17T17:49:19.043Z forwardsticky.name sint 3192 ID850 - If we override the protocol, we can get to the COM driver through the digital HTTP circuit!
<95>1 2025-12-17T17:49:19.043Z districtefficient.biz ut 8086 ID760 - If we quantify the bandwidth, we can get to the RAM alarm through the haptic HDD panel!
<83>3 2025-12-17T17:49:19.043Z humanniches.biz ipsam 5971 ID746 - Try to copy the IB protocol, maybe it will compress the 1080p matrix!
<55>2 2025-12-17T17:49:19.043Z customerunleash.biz non 8170 ID644 - Use the mobile HDD feed, then you can calculate the mobile circuit!
<174>2 2025-12-17T17:49:19.043Z seniorvisualize.com dolor 1552 ID637 - We need to program the wireless ADP panel!
<163>3 2025-12-17T17:49:19.043Z globaleyeballs.name omnis 5191 ID912 - We need to transmit the solid state TCP program!
<131>3 2025-12-17T17:49:19.043Z internaloptimize.biz error 9398 ID237 - I'Ll generate the bluetooth SAS application, that should transmitter the GB program!
<66>1 2025-12-17T17:50:40Z globalsystems.com deleniti 8595 ID464 - user=zakharias_joseph password=9L18AgtM1pmQ6V status=invalid
<66>1 2025-12-17T17:50:44Z globalsystems.com deleniti 8595 ID464 - user=blessy password=5OMvlYjI status=invalid
<129>2 2025-12-17T17:49:19.043Z humanempower.net nemo 9408 ID909 - Use the cross-platform XML pixel, then you can transmit the optical system!
<132>2 2025-12-17T17:49:19.043Z principalstrategize.io vel 7285 ID440 - You can't copy the protocol without connecting the multi-byte SMS transmitter!
<66>1 2025-12-17T17:50:49Z globalsystems.com deleniti 8595 ID464 - user=rajendra_boppana password=SdnDpcbMF status=invalid
<74>2 2025-12-17T17:49:19.043Z principalincentivize.net et 5343 ID594 - Try to quantify the SQL interface, maybe it will hack the bluetooth protocol!
<158>3 2025-12-17T17:49:19.043Z productseize.com est 5562 ID279 - We need to input the open-source AI firewall!
<66>1 2025-12-17T17:49:19.043Z dynamicimpactful.biz quaerat 9192 ID285 - The GB feed is down, copy the bluetooth pixel so we can synthesize the CSS interface!
<88>2 2025-12-17T17:49:19.043Z forwardimpactful.info voluptatem 4822 ID953 - We need to bypass the bluetooth JSON bus!
<66>1 2025-12-17T17:50:53Z globalsystems.com deleniti 8595 ID464 - user=rajendra_boppana password=xVUTmSZOXYIUc status=invalid
<57>2 2025-12-17T17:49:19.043Z districtweb services.io fugiat 2296 ID70 - We need to reboot the virtual HTTP driver!
<96>1 2025-12-17T17:49:19.043Z nationalmaximize.name at 5846 ID862 - We need to generate the virtual XML bandwidth!
<179>2 2025-12-17T17:49:19.043Z corporateinterfaces.org id 5769 ID225 - We need to hack the mobile FTP panel!
<66>1 2025-12-17T17:50:54Z globalsystems.com deleniti 8595 ID464 - user=kevin_desai password=0JwNfZXrz26HH status=invalid
<171>3 2025-12-17T17:49:19.043Z leadsynthesize.name dolorum 3206 ID492 - I'Ll override the neural XML program, that should feed the SCSI system!
<30>2 2025-12-17T17:49:19.043Z centralscale.name labore 5251 ID686 - If we calculate the matrix, we can get to the SMS bandwidth through the auxiliary RAM alarm!
<68>1 2025-12-17T17:49:19.043Z principalchannels.info exercitationem 4664 ID905 - Synthesizing the monitor won't do anything, we need to back up the redundant SMS monitor!
<101>1 2025-12-17T17:49:19.043Z humanstrategize.net sequi 9787 ID190 - If we synthesize the pixel, we can get to the HDD circuit through the cross-platform SMTP sensor!
<75>3 2025-12-17T17:49:19.043Z centralmindshare.name quos 7850 ID919 - I'Ll reboot the optical PCI protocol, that should array the XSS monitor!
<6>1 2025-12-17T17:49:19.043Z directrevolutionary.biz possimus 2348 ID11 - Use the online SQL pixel, then you can reboot the virtual port!
<66>1 2025-12-17T17:50:59Z globalsystems.com deleniti 8595 ID464 - user=nathaniel_farmer password=V5b1lkTv9Mb status=invalid
<66>1 2025-12-17T17:51:01Z globalsystems.com deleniti 8595 ID464 - user=phillip_menard password=QCpok51J1Q status=invalid
<51>1 2025-12-17T17:49:19.043Z dynamicmonetize.com magnam 666 ID434 - If we bypass the driver, we can get to the PCI bandwidth through the neural SMTP panel!
<58>3 2025-12-17T17:49:19.043Z lead24/365.com voluptatem 3819 ID367 - If we transmit the transmitter, we can get to the AI firewall through the mobile SDD port!
<191>3 2025-12-17T17:49:19.043Z globalgenerate.com possimus 1955 ID583 - Use the primary JBOD interface, then you can transmit the auxiliary panel!
<122>2 2025-12-17T17:49:19.043Z principalrecontextualize.org eveniet 5346 ID577 - If we compress the firewall, we can get to the USB system through the open-source THX monitor!
<145>3 2025-12-17T17:49:19.043Z nationaldeliver.io et 8073 ID332 - Indexing the card won't do anything, we need to hack the 1080p SAS program!
<66>1 2025-12-17T17:51:04Z globalsystems.com deleniti 8595 ID464 - user=christopher_chilek password=aSi2Pysf1dtMq status=invalid
<190>2 2025-12-17T17:49:19.043Z forwardusers.name ea 3675 ID684 - The EXE firewall is down, bypass the redundant firewall so we can generate the EXE panel!
<135>1 2025-12-17T17:49:19.043Z forwardarchitectures.info mollitia 4300 ID303 - Navigating the application won't do anything, we need to reboot the redundant RSS bus!
<36>3 2025-12-17T17:49:19.043Z leadsynthesize.io explicabo 9232 ID274 - Hacking the driver won't do anything, we need to program the haptic EXE alarm!
<66>1 2025-12-17T17:51:05Z globalsystems.com deleniti 8595 ID464 - user=xiaoyin_wang password=mkIIT90unHn status=invalid
<27>1 2025-12-17T17:49:19.043Z districtmagnetic.io dolor 2096 ID350 - If we override the interface, we can get to the FTP bus through the mobile PCI panel!
<66>1 2025-12-17T17:51:08Z globalsystems.com deleniti 8595 ID464 - user=turgay_korkmaz password=ZBH6m198Fs status=invalid
<42>3 2025-12-17T17:49:19.043Z centralwhiteboard.net quasi 7217 ID746 - Use the wireless SSL bandwidth, then you can navigate the neural bus!
<66>1 2025-12-17T17:51:10Z globalsystems.com deleniti 8595 ID464 - user=elocin_pettit password=G0y02eMnE status=invalid
<110>2 2025-12-17T17:49:19.043Z corporatemethodologies.biz cum 5709 ID273 - If we hack the monitor, we can get to the IB system through the virtual CSS alarm!
<66>1 2025-12-17T17:51:12Z globalsystems.com deleniti 8595 ID464 - user=eric_lee password=Fc6cj4xmUMAx status=invalid
<66>1 2025-12-17T17:51:15Z globalsystems.com deleniti 8595 ID464 - user=safia_basheeruddin password=qaXhIez5F8Nn4 status=invalid
<66>1 2025-12-17T17:51:18Z globalsystems.com deleniti 8595 ID464 - user=curran_hill password=yQfMG4duaj status=invalid
<66>1 2025-12-17T17:51:23Z globalsystems.com deleniti 8595 ID464 - user=judith_infante password=lquhVfOQP0 status=invalid
<8>3 2025-12-17T17:49:19.043Z seniorviral.io vero 9270 ID962 - Connecting the feed won't do anything, we need to quantify the 1080p IB firewall!
<109>1 2025-12-17T17:49:19.043Z corporategranular.info et 1274 ID416 - You can't index the port without parsing the auxiliary SSL matrix!
<152>1 2025-12-17T17:49:19.043Z corporatedeliverables.com corporis 4857 ID387 - If we navigate the program, we can get to the THX driver through the cross-platform PCI matrix!
<66>1 2025-12-17T17:51:25Z globalsystems.com deleniti 8595 ID464 - user=walker_caskey password=TRpuvjNOz2 status=invalid
<173>1 2025-12-17T17:49:19.043Z chiefarchitect.org fuga 1977 ID246 - The CSS system is down, connect the neural array so we can override the PNG monitor!
<5>2 2025-12-17T17:49:19.043Z internalenvisioneer.com voluptatem 4755 ID320 - Try to synthesize the JBOD driver, maybe it will index the solid state microchip!
<131>1 2025-12-17T17:49:19.043Z nationalcultivate.com et 8439 ID397 - You can't override the panel without navigating the neural SAS driver!
<96>1 2025-12-17T17:49:19.043Z chieftransparent.com sapiente 2060 ID754 - Use the haptic XSS monitor, then you can navigate the cross-platform driver!
<9>3 2025-12-17T17:49:19.043Z investorwhiteboard.org explicabo 6933 ID320 - Try to copy the IB driver, maybe it will input the digital pixel!
<48>3 2025-12-17T17:49:19.043Z centralfront-end.biz nulla 7493 ID194 - You can't override the card without synthesizing the cross-platform JSON transmitter!
<99>1 2025-12-17T17:49:19.043Z leadrobust.name repellat 9980 ID436 - If we generate the circuit, we can get to the XSS alarm through the multi-byte SSL port!
<116>2 2025-12-17T17:49:19.043Z leadone-to-one.net qui 8826 ID120 - I'Ll override the open-source ADP alarm, that should capacitor the AGP firewall!
<45>1 2025-12-17T17:49:19.043Z seniorcross-media.com molestiae 6492 ID297 - Use the primary SAS bandwidth, then you can transmit the redundant interface!
<66>1 2025-12-17T17:51:28Z globalsystems.com deleniti 8595 ID464 - user=mahi_mohashin password=Kh8iFtxV status=invalid
<61>2 2025-12-17T17:49:19.043Z internal24/7.io porro 4593 ID996 - If we program the array, we can get to the SMS system through the open-source IB transmitter!
<131>3 2025-12-17T17:49:19.043Z internationalsolutions.io doloremque 7293 ID116 - Try to hack the FTP circuit, maybe it will connect the digital protocol!
<105>2 2025-12-17T17:49:19.043Z regionalparadigms.net fugiat 7615 ID641 - If we back up the system, we can get to the COM firewall through the open-source USB firewall!
<42>1 2025-12-17T17:49:19.043Z dynamicone-to-one.com repellendus 3193 ID965 - We need to navigate the digital AI feed!
<102>2 2025-12-17T17:49:19.043Z globalcompelling.biz omnis 9251 ID184 - We need to quantify the open-source ADP card!
<45>3 2025-12-17T17:49:19.043Z productmarkets.info incidunt 5417 ID250 - Use the haptic CSS driver, then you can index the mobile interface!
<171>2 2025-12-17T17:49:19.043Z leadleverage.org dicta 6555 ID656 - If we program the capacitor, we can get to the PCI alarm through the 1080p USB pixel!
<160>2 2025-12-17T17:49:19.043Z humanwhiteboard.biz sed 8238 ID172 - Try to parse the SDD matrix, maybe it will navigate the neural array!
<66>1 2025-12-17T17:51:32Z globalsystems.com deleniti 8595 ID464 - user=vian_chen password=ZCL3jeZFed status=invalid
<108>2 2025-12-17T17:49:19.043Z directintegrate.info officia 6597 ID541 - Use the online GB monitor, then you can transmit the optical protocol!
<66>1 2025-12-17T17:51:37Z globalsystems.com deleniti 8595 ID464 - user=eric_lee password=n0MZ1gINLIrYUH status=invalid
<66>1 2025-12-17T17:51:42Z globalsystems.com deleniti 8595 ID464 - user=arnon_kenny password=5SruYHNLcJp status=invalid
<25>2 2025-12-17T17:49:19.043Z internationalrecontextualize.org voluptatem 8934 ID672 - If we back up the alarm, we can get to the PNG capacitor through the optical RAM alarm!
<154>3 2025-12-17T17:49:19.043Z humanmagnetic.name dolorum 2799 ID602 - I'Ll reboot the online COM capacitor, that should panel the SMS port!
<74>1 2025-12-17T17:49:19.043Z leadtarget.com dolore 7381 ID577 - If we calculate the circuit, we can get to the AI pixel through the open-source PCI driver!
<66>1 2025-12-17T17:51:47Z globalsystems.com deleniti 8595 ID464 - user=john_heaps password=yMkdffHPoKx status=invalid
<35>2 2025-12-17T17:49:19.043Z districttransition.com totam 2702 ID607 - Try to parse the JBOD pixel, maybe it will hack the neural driver!
<47>2 2025-12-17T17:49:19.043Z nationalfacilitate.biz exercitationem 8382 ID922 - We need to copy the auxiliary JBOD bandwidth!
<27>3 2025-12-17T17:49:19.043Z investoroptimize.io et 4130 ID480 - The SDD alarm is down, override the haptic circuit so we can synthesize the CSS interface!
<100>2 2025-12-17T17:49:19.043Z humanb2b.biz est 5217 ID675 - You can't reboot the interface without overriding the digital XSS system!
<66>1 2025-12-17T17:51:49Z globalsystems.com deleniti 8595 ID464 - user=christopher_chilek password=UmeQduCX status=invalid
<102>3 2025-12-17T17:49:19.043Z legacybest-of-breed.info non 8312 ID959 - Try to generate the AGP port, maybe it will bypass the solid state matrix!
<69>2 2025-12-17T17:49:19.043Z seniorfacilitate.com sit 658 ID138 - You can't parse the system without parsing the open-source JBOD protocol!
<66>1 2025-12-17T17:51:54Z globalsystems.com deleniti 8595 ID464 - user=xiaoyin_wang password=Jv4SMtVC1de status=invalid
<66>1 2025-12-17T17:51:56Z globalsystems.com deleniti 8595 ID464 - user=walker_caskey password=RHinSG4y7Bj status=invalid
<12>1 2025-12-17T17:49:19.043Z regionalmatrix.biz dolore 1988 ID352 - The SSL hard drive is down, parse the solid state monitor so we can quantify the SMTP pixel!
<146>1 2025-12-17T17:49:19.043Z internalubiquitous.org sint 3146 ID575 - Use the bluetooth TCP bus, then you can compress the digital sensor!
<162>2 2025-12-17T17:49:19.043Z globalportals.info odit 5699 ID468 - We need to bypass the solid state RAM alarm!
<45>3 2025-12-17T17:49:19.043Z regionalweb-enabled.name ut 5728 ID496 - Try to connect the RSS array, maybe it will compress the cross-platform firewall!
<32>1 2025-12-17T17:49:19.043Z internalcross-media.io maxime 2728 ID970 - If we generate the matrix, we can get to the AGP hard drive through the online IB interface!
<66>1 2025-12-17T17:52:00Z globalsystems.com deleniti 8595 ID464 - user=arnon_kenny password=VyLJ5qtD9X status=invalid
<179>2 2025-12-17T17:49:19.043Z humanredefine.info consectetur 8828 ID703 - We need to parse the virtual AI hard drive!
<170>2 2025-12-17T17:49:19.043Z principalvertical.info sunt 6181 ID606 - You can't transmit the matrix without calculating the redundant XML firewall!
<66>1 2025-12-17T17:52:02Z globalsystems.com deleniti 8595 ID464 - user=martin_benavides password=geSwhhpVu status=invalid
<66>1 2025-12-17T17:52:06Z globalsystems.com deleniti 8595 ID464 - user=gabriel_green password=uqi0EdCiKLh74d status=invalid
<33>1 2025-12-17T17:49:19.043Z productplatforms.biz qui 4366 ID439 - I'Ll quantify the auxiliary TCP bandwidth, that should transmitter the SSL bandwidth!
<66>1 2025-12-17T17:52:11Z globalsystems.com deleniti 8595 ID464 - user=kevin_desai password=Kt25nYhqBVgHxS status=invalid
<168>2 2025-12-17T17:49:19.043Z leadvisionary.info alias 6695 ID938 - Use the solid state IB circuit, then you can quantify the haptic alarm!
<93>1 2025-12-17T17:49:19.043Z investordisintermediate.biz sunt 5558 ID360 - Synthesizing the bus won't do anything, we need to reboot the back-end SDD system!
<96>1 2025-12-17T17:49:19.043Z dynamiccross-platform.info exercitationem 7535 ID113 - I'Ll parse the auxiliary SSL array, that should matrix the HTTP transmitter!
<6>3 2025-12-17T17:49:19.043Z globalfrictionless.org magnam 5349 ID600 - Try to back up the AGP circuit, maybe it will override the 1080p monitor!
<44>2 2025-12-17T17:49:19.043Z leadincubate.info quibusdam 9599 ID940 - If we quantify the microchip, we can get to the IB alarm through the haptic RAM port!
<66>1 2025-12-17T17:52:15Z globalsystems.com deleniti 8595 ID464 - user=jacqueline_arias password=y53LcM99T status=invalid
<72>1 2025-12-17T17:49:19.043Z customerplug-and-play.biz similique 3140 ID492 - If we calculate the matrix, we can get to the THX protocol through the bluetooth TCP system!
<45>2 2025-12-17T17:49:19.043Z dynamice-markets.name cumque 3841 ID192 - Try to input the PNG pixel, maybe it will hack the virtual port!
<66>1 2025-12-17T17:52:17Z globalsystems.com deleniti 8595 ID464 - user=turgay_korkmaz password=FZ24C1gIGvY status=invalid
<40>3 2025-12-17T17:49:19.043Z districtmagnetic.info perferendis 7 ID424 - I'Ll bypass the cross-platform XML alarm, that should array the JSON card!
<111>2 2025-12-17T17:49:19.043Z humandynamic.biz esse 7712 ID424 - If we parse the matrix, we can get to the SCSI microchip through the wireless SCSI protocol!
<73>2 2025-12-17T17:49:19.043Z districtreinvent.net saepe 5102 ID755 - Try to compress the SSL microchip, maybe it will generate the cross-platform driver!
<66>1 2025-12-17T17:52:20Z globalsystems.com deleniti 8595 ID464 - user=blessy password=9lyP1N06gYu status=invalid
<66>1 2025-12-17T17:52:23Z globalsystems.com deleniti 8595 ID464 - user=dyshana_torres_rivera password=8zymFCnT status=invalid
<26>2 2025-12-17T17:49:19.043Z centraleyeballs.org libero 2418 ID891 - Use the mobile SSL panel, then you can navigate the optical microchip!
<66>1 2025-12-17T17:52:27Z globalsystems.com deleniti 8595 ID464 - user=eric_lee password=GOl7P1epc status=invalid
<98>3 2025-12-17T17:49:19.043Z centralscalable.name sed 8379 ID76 - We need to override the virtual SAS array!
<170>2 2025-12-17T17:49:19.043Z nationaliterate.net reiciendis 6637 ID473 - We need to synthesize the redundant SAS pixel!
<66>1 2025-12-17T17:52:32Z globalsystems.com deleniti 8595 ID464 - user=xiaoyin_wang password=EBIV9SOfECL status=invalid
<32>2 2025-12-17T17:49:19.043Z forwardviral.io est 5055 ID867 - You can't connect the hard drive without backing up the mobile HTTP microchip!
<38>1 2025-12-17T17:49:19.043Z districtdeliverables.io ratione 471 ID35 - I'Ll transmit the mobile COM driver, that should application the JBOD system!
<156>1 2025-12-17T17:49:19.043Z leadtarget.com neque 5151 ID157 - I'Ll navigate the solid state TCP program, that should circuit the SMTP alarm!
<20>2 2025-12-17T17:49:19.043Z dynamicglobal.io consequuntur 3165 ID526 - I'Ll quantify the virtual AGP program, that should matrix the TCP port!
<66>1 2025-12-17T17:52:37Z globalsystems.com deleniti 8595 ID464 - user=rajkumar_banoth password=PwjsA9JX status=invalid
<105>1 2025-12-17T17:49:19.043Z investorroi.name rerum 2376 ID902 - Parsing the card won't do anything, we need to copy the solid state SMS matrix!
<152>3 2025-12-17T17:49:19.043Z productembrace.com assumenda 2030 ID799 - We need to connect the mobile PCI hard drive!
<63>2 2025-12-17T17:49:19.043Z futurevirtual.org voluptatibus 9603 ID327 - If we parse the card, we can get to the SQL pixel through the multi-byte EXE sensor!
<66>1 2025-12-17T17:52:40Z globalsystems.com deleniti 8595 ID464 - user=nathaniel_farmer password=dCX7xDa1NZ status=invalid
<75>3 2025-12-17T17:49:19.043Z seniorcontent.com vel 441 ID768 - I'Ll input the online HDD driver, that should port the PNG interface!
<167>1 2025-12-17T17:49:19.043Z productinfomediaries.org laudantium 9939 ID124 - Use the auxiliary PCI hard drive, then you can index the online bandwidth!
<24>1 2025-12-17T17:49:19.043Z productglobal.info et 6196 ID481 - Use the primary USB alarm, then you can copy the open-source card!
<8>2 2025-12-17T17:49:19.043Z internalsupply-chains.biz eum 4351 ID163 - You can't index the panel without compressing the bluetooth JSON sensor!
<66>1 2025-12-17T17:52:44Z globalsystems.com deleniti 8595 ID464 - user=walker_caskey password=MMnEtUPsgne98S status=invalid
<67>2 2025-12-17T17:49:19.043Z forwardfunctionalities.net quod 7447 ID427 - We need to connect the wireless RSS hard drive!
<172>1 2025-12-17T17:49:19.043Z legacyleverage.biz fugiat 6947 ID336 - Use the wireless SDD alarm, then you can calculate the bluetooth protocol!
<66>1 2025-12-17T17:52:45Z globalsystems.com deleniti 8595 ID464 - user=zakharias_joseph password=C36qsd6Sv status=invalid
<141>1 2025-12-17T17:49:19.043Z nationalharness.com ut 2094 ID804 - Use the neural FTP program, then you can copy the bluetooth sensor!
<92>1 2025-12-17T17:49:19.043Z internationalproactive.net rerum 5248 ID750 - We need to bypass the online SSL matrix!
<28>2 2025-12-17T17:49:19.043Z nationalmonetize.io dolorem 3079 ID273 - I'Ll override the 1080p XSS alarm, that should port the COM application!
<96>1 2025-12-17T17:49:19.043Z globalgrow.biz expedita 1122 ID613 - Navigating the capacitor won't do anything, we need to navigate the bluetooth USB card!
<131>2 2025-12-17T17:49:19.043Z leadexploit.net est 447 ID645 - If we reboot the hard drive, we can get to the SMS card through the open-source XML pixel!
<187>3 2025-12-17T17:49:19.043Z humaninteractive.biz eos 9225 ID805 - You can't reboot the array without quantifying the digital XSS capacitor!
<66>1 2025-12-17T17:52:46Z globalsystems.com deleniti 8595 ID464 - user=fardeen_bhimani password=2zwxZai2o status=invalid
<53>2 2025-12-17T17:49:19.043Z productdeliverables.biz sed 6140 ID322 - Use the bluetooth GB transmitter, then you can reboot the primary capacitor!
<66>1 2025-12-17T17:52:51Z globalsystems.com deleniti 8595 ID464 - user=daniel_ruiz password=1tBLOK7wBG4Hb status=invalid
<31>3 2025-12-17T17:49:19.043Z forwardcultivate.io sit 3144 ID2 - I'Ll navigate the cross-platform COM microchip, that should driver the SDD monitor!
<30>1 2025-12-17T17:49:19.043Z principalefficient.io voluptatem 1153 ID999 - The SQL sensor is down, back up the solid state matrix so we can program the FTP hard drive!
<139>2 2025-12-17T17:49:19.043Z districtinfrastructures.biz eius 9770 ID883 - I'Ll synthesize the bluetooth SSL system, that should hard drive the HTTP panel!
<66>1 2025-12-17T17:52:56Z globalsystems.com deleniti 8595 ID464 - user=turgay_korkmaz password=MxwtargIyVRpdz status=invalid
<3>1 2025-12-17T17:49:19.043Z internationalvisionary.net atque 3933 ID757 - I'Ll compress the solid state FTP bus, that should bandwidth the JSON firewall!
<3>1 2025-12-17T17:49:19.043Z direct24/365.io blanditiis 2289 ID496 - The JSON bandwidth is down, reboot the multi-byte protocol so we can reboot the HTTP pixel!
<32>2 2025-12-17T17:49:19.043Z globalgrow.org iusto 2108 ID559 - Overriding the port won't do anything, we need to connect the bluetooth HTTP driver!
<110>3 2025-12-17T17:49:19.043Z directarchitectures.org et 7578 ID647 - You can't quantify the alarm without quantifying the bluetooth RSS microchip!
<83>3 2025-12-17T17:49:19.043Z regionalinfrastructures.io velit 1705 ID60 - Use the redundant PCI pixel, then you can copy the haptic alarm!
<66>1 2025-12-17T17:53:01Z globalsystems.com deleniti 8595 ID464 - user=hondo_limon password=aGvofkhpkrAya status=invalid
<66>1 2025-12-17T17:53:05Z globalsystems.com deleniti 8595 ID464 - user=gabriel_green password=zd3OKKOy7 status=invalid
<70>3 2025-12-17T17:49:19.043Z principalgenerate.info voluptatum 5931 ID89 - If we reboot the bus, we can get to the USB circuit through the 1080p SAS application!
<158>1 2025-12-17T17:49:19.043Z investorsexy.info ex 6183 ID52 - Try to compress the CSS firewall, maybe it will input the online circuit!
<122>2 2025-12-17T17:49:19.043Z nationalgranular.io autem 842 ID911 - We need to program the mobile PNG transmitter!
<168>2 2025-12-17T17:49:19.043Z globalunleash.org esse 7530 ID986 - The SMS alarm is down, quantify the wireless monitor so we can calculate the COM driver!
<66>1 2025-12-17T17:53:06Z globalsystems.com deleniti 8595 ID464 - user=elocin_pettit password=9uLhfWu288ysY status=invalid
<128>3 2025-12-17T17:49:19.043Z leadorchestrate.net omnis 8036 ID985 - I'Ll index the auxiliary SSL capacitor, that should alarm the SCSI program!
<116>2 2025-12-17T17:49:19.043Z leadgenerate.biz officiis 6833 ID702 - Compressing the feed won't do anything, we need to transmit the primary XSS monitor!
<66>1 2025-12-17T17:53:09Z globalsystems.com deleniti 8595 ID464 - user=phillip_menard password=NBzJBBRRt status=invalid
<66>1 2025-12-17T17:53:14Z globalsystems.com deleniti 8595 ID464 - user=daniel_ruiz password=WCSG0tSh status=invalid
<135>2 2025-12-17T17:49:19.043Z globalvertical.info earum 181 ID951 - If we quantify the driver, we can get to the HDD matrix through the digital JBOD panel!
<176>1 2025-12-17T17:49:19.043Z regionalrevolutionary.org voluptates 3637 ID32 - We need to back up the digital SSL bus!
<128>1 2025-12-17T17:49:19.043Z legacysexy.io fugiat 2017 ID58 - We need to bypass the back-end RSS microchip!
<173>2 2025-12-17T17:49:19.043Z centralsynthesize.name id 425 ID968 - Use the cross-platform JBOD protocol, then you can compress the neural program!
<161>3 2025-12-17T17:49:19.043Z chieftarget.com culpa 6318 ID540 - The RSS system is down, input the optical bus so we can synthesize the JSON hard drive!
<66>1 2025-12-17T17:53:15Z globalsystems.com deleniti 8595 ID464 - user=judith_infante password=JTPzyWuAuJ status=invalid
<66>1 2025-12-17T17:53:20Z globalsystems.com deleniti 8595 ID464 - user=vian_chen password=9LMpYOzu status=invalid
<62>1 2025-12-17T17:49:19.043Z internationalnetworks.info eos 6433 ID312 - Try to parse the SCSI interface, maybe it will program the haptic application!
<139>1 2025-12-17T17:49:19.043Z dynamicglobal.com distinctio 6691 ID813 - Backing up the protocol won't do anything, we need to transmit the 1080p PCI feed!
<164>2 2025-12-17T17:49:19.043Z globalgrow.com provident 7701 ID160 - You can't program the program without indexing the online HDD feed!
<57>3 2025-12-17T17:49:19.043Z customerengineer.info hic 446 ID447 - Synthesizing the monitor won't do anything, we need to input the auxiliary HDD pixel!
<66>1 2025-12-17T17:53:21Z globalsystems.com deleniti 8595 ID464 - user=murtuza_jadliwala password=aDC0yqnr status=invalid
<41>1 2025-12-17T17:49:19.043Z internationalgenerate.info et 1890 ID473 - You can't hack the protocol without indexing the optical AGP program!
<80>3 2025-12-17T17:49:19.043Z leadproactive.io hic 717 ID307 - Transmitting the panel won't do anything, we need to override the neural HTTP bus!
<88>3 2025-12-17T17:49:19.043Z humanbrand.name corporis 9502 ID800 - Compressing the application won't do anything, we need to navigate the bluetooth SSL pixel!
<175>3 2025-12-17T17:49:19.043Z internationalredefine.io voluptatum 3586 ID483 - Parsing the bus won't do anything, we need to copy the cross-platform TCP protocol!
<66>1 2025-12-17T17:53:24Z globalsystems.com deleniti 8595 ID464 - user=martin_benavides password=IAVIp5mUA7 status=invalid
<110>3 2025-12-17T17:49:19.043Z globaloptimize.org explicabo 1775 ID659 - If we parse the bandwidth, we can get to the HTTP pixel through the virtual JSON matrix!
<66>1 2025-12-17T17:53:28Z globalsystems.com deleniti 8595 ID464 - user=john_oritz password=3Ao7Q4vKcugv status=invalid
<179>2 2025-12-17T17:49:19.043Z globalmatrix.biz itaque 5106 ID464 - Parsing the hard drive won't do anything, we need to quantify the cross-platform EXE circuit!
<0>3 2025-12-17T17:49:19.043Z forwardaggregate.org nesciunt 77 ID467 - We need to transmit the multi-byte COM sensor!
<147>3 2025-12-17T17:49:19.043Z districtmaximize.net iste 8557 ID81 - You can't program the capacitor without synthesizing the multi-byte THX driver!
<66>1 2025-12-17T17:53:33Z globalsystems.com deleniti 8595 ID464 - user=mahi_mohashin password=55q6Q5Q6fE status=invalid
<73>1 2025-12-17T17:49:19.043Z dynamicvisualize.org odit 1953 ID747 - The COM array is down, transmit the haptic capacitor so we can back up the HDD matrix!
<66>1 2025-12-17T17:53:37Z globalsystems.com deleniti 8595 ID464 - user=dyshana_torres_rivera password=agoe9dLck status=invalid
<66>1 2025-12-17T17:53:40Z globalsystems.com deleniti 8595 ID464 - user=john_oritz password=KsRAJL9xo status=invalid
<103>2 2025-12-17T17:49:19.043Z internalbricks-and-clicks.info rerum 8817 ID893 - Try to transmit the SMTP feed, maybe it will synthesize the online monitor!
<73>2 2025-12-17T17:49:19.043Z humanengineer.name aut 2282 ID918 - If we back up the application, we can get to the XML program through the back-end JSON sensor!
<37>2 2025-12-17T17:49:19.043Z leadweb services.io magni 8212 ID206 - If we reboot the circuit, we can get to the XML driver through the 1080p RSS feed!
<140>2 2025-12-17T17:49:19.043Z seniorsexy.net nihil 9228 ID706 - Try to input the COM transmitter, maybe it will input the auxiliary microchip!
<128>2 2025-12-17T17:49:19.043Z investordistributed.info aliquid 242 ID12 - I'Ll input the back-end AGP bus, that should pixel the SMS panel!
<66>1 2025-12-17T17:53:45Z globalsystems.com deleniti 8595 ID464 - user=john_oritz password=7Skr1xUrVKLwr status=invalid
<66>1 2025-12-17T17:53:46Z globalsystems.com deleniti 8595 ID464 - user=christopher_chilek password=yu40qXiVMYcV status=invalid
<66>1 2025-12-17T17:53:47Z globalsystems.com deleniti 8595 ID464 - user=safia_basheeruddin password=80aQKUFYhY status=invalid
<47>1 2025-12-17T17:49:19.043Z regionalvisualize.name alias 3448 ID139 - Generating the circuit won't do anything, we need to reboot the open-source TCP alarm!
<43>3 2025-12-17T17:49:19.043Z investorb2b.name in 1887 ID918 - You can't compress the pixel without quantifying the multi-byte SCSI monitor!
<146>1 2025-12-17T17:49:19.043Z seniorsupply-chains.info veniam 1540 ID685 - Use the back-end JSON transmitter, then you can generate the online matrix!
<188>3 2025-12-17T17:49:19.043Z investorembrace.net esse 8932 ID116 - The SMTP protocol is down, bypass the 1080p application so we can parse the CSS alarm!
<54>3 2025-12-17T17:49:19.043Z internalbandwidth.net consequuntur 6542 ID762 - The AI transmitter is down, navigate the optical protocol so we can reboot the SCSI array!
<175>2 2025-12-17T17:49:19.043Z humanvertical.io quo 7419 ID379 - Try to navigate the SCSI port, maybe it will parse the neural circuit!
<97>2 2025-12-17T17:49:19.043Z productaction-items.io ut 5896 ID919 - Synthesizing the firewall won't do anything, we need to compress the wireless COM pixel!
<108>1 2025-12-17T17:49:19.043Z dynamicdynamic.io non 1252 ID229 - Try to navigate the USB bus, maybe it will compress the digital firewall!
<38>2 2025-12-17T17:49:19.043Z globalembrace.biz quo 1244 ID795 - We need to back up the multi-byte SMTP bandwidth!
<126>1 2025-12-17T17:49:19.043Z forwardportals.org sint 264 ID414 - We need to hack the optical RSS transmitter!
<65>3 2025-12-17T17:49:19.043Z productbleeding-edge.net et 9319 ID237 - We need to quantify the bluetooth CSS pixel!
<66>2 2025-12-17T17:49:19.043Z nationalb2c.com fugiat 8441 ID567 - I'Ll program the virtual TCP panel, that should microchip the ADP alarm!
<71>1 2025-12-17T17:49:19.043Z legacyscale.info voluptatem 1550 ID11 - If we synthesize the hard drive, we can get to the TCP feed through the digital EXE microchip!
<141>2 2025-12-17T17:49:19.043Z productvisualize.name enim 9301 ID61 - The EXE hard drive is down, override the haptic pixel so we can parse the XSS firewall!
<39>1 2025-12-17T17:49:19.043Z internalglobal.net earum 2539 ID986 - Use the primary SDD circuit, then you can reboot the optical circuit!
<8>3 2025-12-17T17:49:19.043Z districte-commerce.biz magni 7534 ID284 - We need to calculate the primary CSS interface!
<34>2 2025-12-17T17:49:19.043Z internationale-services.net voluptas 6987 ID598 - I'Ll compress the multi-byte SMS bandwidth, that should matrix the SMTP interface!
<129>1 2025-12-17T17:49:19.043Z centralweb-enabled.io nemo 7182 ID20 - We need to back up the open-source PCI port!
<164>2 2025-12-17T17:49:19.043Z leadreinvent.info veniam 7814 ID858 - I'Ll back up the multi-byte TCP transmitter, that should feed the THX program!
<66>1 2025-12-17T17:53:49Z globalsystems.com deleniti 8595 ID464 - user=jacqueline_yanez password=T33foebquSb status=invalid
<66>1 2025-12-17T17:53:54Z globalsystems.com deleniti 8595 ID464 - user=judith_infante password=UjQiDhZdRLfH status=invalid
<66>1 2025-12-17T17:53:56Z globalsystems.com deleniti 8595 ID464 - user=murtuza_jadliwala password=8vfiU18Pi status=invalid
<66>1 2025-12-17T17:53:58Z globalsystems.com deleniti 8595 ID464 - user=martin_benavides password=YYy6s6ho6 status=invalid
<66>1 2025-12-17T17:54:00Z globalsystems.com deleniti 8595 ID464 - user=kevin_desai password=qUK53rds status=invalid
<14>1 2025-12-17T17:49:19.043Z humanbest-of-breed.com consequuntur 6312 ID654 - We need to parse the online RSS system!
<158>3 2025-12-17T17:49:19.043Z corporateeyeballs.org alias 1728 ID603 - If we bypass the bus, we can get to the SMTP capacitor through the haptic COM sensor!
<66>1 2025-12-17T17:54:04Z globalsystems.com deleniti 8595 ID464 - user=dyshana_torres_rivera password=WOdcwJkp8t status=invalid
<136>1 2025-12-17T17:49:19.043Z internaltransition.name ut 3589 ID314 - I'Ll index the solid state RSS alarm, that should driver the SQL protocol!
<188>2 2025-12-17T17:49:19.043Z directarchitectures.name et 4690 ID265 - I'Ll calculate the bluetooth XML system, that should feed the XML pixel!
<20>3 2025-12-17T17:49:19.043Z legacytarget.io sed 920 ID53 - You can't transmit the bus without overriding the back-end GB array!
<155>1 2025-12-17T17:49:19.043Z chiefscale.name molestiae 5526 ID106 - If we hack the monitor, we can get to the PNG circuit through the 1080p RSS circuit!
<5>3 2025-12-17T17:49:19.043Z seniorweb-enabled.com numquam 4237 ID217 - Use the virtual FTP microchip, then you can reboot the neural monitor!
<146>2 2025-12-17T17:49:19.043Z internationalglobal.net aut 2883 ID274 - You can't compress the port without transmitting the cross-platform PNG monitor!
