<16>Dec 17 17:49:19 tillman6326 vel[39]: Use the cross-platform SMS bandwidth, then you can index the multi-byte alarm!
<100>Dec 17 17:49:19 jast4360 dolore[7419]: The SQL bus is down, parse the optical capacitor so we can bypass the GB matrix!
<112>Dec 17 17:49:19 casper1822 et[2800]: If we hack the driver, we can get to the CSS feed through the wireless SSL driver!
<16>Dec 17 17:49:24 tillman6326 vel[39]: user=turgay_korkmaz password=hG0gjumTtz status=rejected
<172>Dec 17 17:49:19 raynor4340 iusto[4735]: Hacking the hard drive won't do anything, we need to bypass the neural AI panel!
<36>Dec 17 17:49:19 cassin8687 id[9990]: Try to hack the SQL card, maybe it will generate the digital port!
<188>Dec 17 17:49:19 brown2850 eaque[5613]: Try to parse the XML protocol, maybe it will compress the redundant transmitter!
<67>Dec 17 17:49:19 okuneva6408 velit[3810]: Use the optical RAM transmitter, then you can bypass the mobile monitor!
<162>Dec 17 17:49:19 hermann8187 eius[1970]: We need to generate the open-source SMS system!
<11>Dec 17 17:49:19 wuckert3462 quae[7646]: Overriding the panel won't do anything, we need to copy the digital XML pixel!
<39>Dec 17 17:49:19 lockman5615 consequatur[4036]: The CSS hard drive is down, quantify the primary alarm so we can copy the SAS monitor!
<100>Dec 17 17:49:19 satterfield2850 voluptas[6022]: We need to program the primary SDD card!
<16>Dec 17 17:49:24 tillman6326 vel[39]: user=matthew_gibson_lopez password=DlUzOpFIdnGR status=rejected
<115>Dec 17 17:49:19 kuhlman3234 aliquid[3710]: If we transmit the interface, we can get to the XSS card through the redundant HTTP array!
<16>Dec 17 17:49:21 tillman6326 vel[39]: user=tonya password=xe81W3xxFHhrsp status=rejected
<157>Dec 17 17:49:19 mraz2282 assumenda[457]: You can't input the program without bypassing the solid state JBOD capacitor!
<16>Dec 17 17:49:22 tillman6326 vel[39]: user=john_oritz password=Q2qhkYWhfvW1Im status=rejected
<148>Dec 17 17:49:19 mosciski6540 perspiciatis[5772]: Use the haptic SQL hard drive, then you can reboot the haptic program!
<16>Dec 17 17:49:21 tillman6326 vel[39]: user=carlington_miller password=ZngcWCi5Hi status=rejected
<54>Dec 17 17:49:19 okuneva2405 odit[1548]: You can't program the bus without programming the multi-byte SSL application!
<115>Dec 17 17:49:19 bruen4701 asperiores[3290]: I'Ll generate the auxiliary USB interface, that should bandwidth the AGP interface!
<119>Dec 17 17:49:19 kuhn6870 eligendi[3775]: I'Ll copy the cross-platform USB hard drive, that should matrix the SQL array!
<148>Dec 17 17:49:19 lesch1534 blanditiis[8909]: You can't quantify the alarm without transmitting the solid state SMTP hard drive!
<67>Dec 17 17:49:19 glover5420 quis[7929]: Use the optical RSS hard drive, then you can generate the neural system!
<16>Dec 17 17:49:20 tillman6326 vel[39]: user=joaquin password=W2NVvzVj status=rejected
<105>Dec 17 17:49:19 medhurst2682 similique[4323]: If we input the transmitter, we can get to the SAS driver through the cross-platform TCP firewall!
<35>Dec 17 17:49:19 rempel8655 molestiae[6060]: Use the solid state XML driver, then you can hack the haptic card!
<56>Dec 17 17:49:19 koch7823 nihil[1794]: We need to input the haptic JSON alarm!
<80>Dec 17 17:49:19 towne3540 eaque[2888]: Try to calculate the SMTP sensor, maybe it will connect the bluetooth transmitter!
<150>Dec 17 17:49:19 skiles7545 veritatis[6918]: If we reboot the pixel, we can get to the PCI microchip through the open-source XSS system!
<52>Dec 17 17:49:19 dubuque3735 aut[7300]: Try to compress the SDD interface, maybe it will calculate the solid state port!
<5>Dec 17 17:49:19 daniel6428 vero[8318]: If we transmit the feed, we can get to the ADP program through the back-end CSS port!
<16>Dec 17 17:49:23 tillman6326 vel[39]: user=john_heaps password=puluJR7R69Ae5v status=rejected
<122>Dec 17 17:49:19 mosciski2737 modi[7563]: You can't parse the pixel without parsing the cross-platform USB application!
<53>Dec 17 17:49:19 bruen7537 qui[6622]: The SDD driver is down, input the auxiliary circuit so we can program the HTTP transmitter!
<118>Dec 17 17:49:19 mueller1830 eum[8475]: You can't quantify the pixel without navigating the back-end THX protocol!
<122>Dec 17 17:49:19 walter3167 similique[8392]: We need to bypass the neural SSL alarm!
<166>Dec 17 17:49:19 durgan8036 enim[3130]: I'Ll copy the optical PCI bandwidth, that should pixel the PNG panel!
<75>Dec 17 17:49:19 nicolas3103 quia[8305]: I'Ll copy the multi-byte RSS array, that should panel the ADP port!
<67>Dec 17 17:49:19 haley6388 voluptas[3407]: We need to reboot the cross-platform AGP array!
<66>Dec 17 17:49:19 bergstrom1755 id[6136]: Try to parse the PCI pixel, maybe it will parse the 1080p monitor!
<15>Dec 17 17:49:19 berge6274 dolorem[7988]: I'Ll calculate the auxiliary PCI program, that should matrix the SDD transmitter!
<129>Dec 17 17:49:19 hermann2146 id[6051]: Programming the port won't do anything, we need to override the back-end THX panel!
<164>Dec 17 17:49:19 wisoky5556 repudiandae[749]: Backing up the array won't do anything, we need to calculate the multi-byte AGP sensor!
<16>Dec 17 17:49:21 tillman6326 vel[39]: user=elisha_szeto password=O03BUgCtynA status=rejected
<55>Dec 17 17:49:19 mcclure4823 eum[7919]: Try to connect the SSL matrix, maybe it will connect the solid state hard drive!
<23>Dec 17 17:49:19 monahan3254 illum[5937]: You can't copy the transmitter without compressing the haptic COM matrix!
<85>Dec 17 17:49:19 marvin6788 modi[3584]: We need to hack the solid state ADP port!
<102>Dec 17 17:49:19 batz8578 et[940]: I'Ll parse the haptic SCSI transmitter, that should alarm the XML bandwidth!
<88>Dec 17 17:49:19 heller1354 corrupti[2787]: We need to connect the auxiliary XML system!
<75>Dec 17 17:49:19 nader3054 quae[9340]: The SSL firewall is down, hack the back-end port so we can transmit the SQL feed!
<158>Dec 17 17:49:19 gleichner6023 sit[3847]: Use the redundant HTTP circuit, then you can calculate the redundant interface!
<83>Dec 17 17:49:19 gottlieb2100 placeat[4689]: Use the wireless USB application, then you can synthesize the optical bandwidth!
<16>Dec 17 17:49:22 tillman6326 vel[39]: user=matthew_gibsonlopez password=nshAdvQ6gp5G0i status=rejected
<65>Dec 17 17:49:19 osinski2052 aut[4377]: I'Ll connect the solid state FTP panel, that should application the USB firewall!
<129>Dec 17 17:49:19 skiles8531 quia[1602]: The USB port is down, copy the neural port so we can navigate the JSON port!
<15>Dec 17 17:49:19 watsica1481 similique[8849]: Use the auxiliary XSS circuit, then you can back up the optical circuit!
<144>Dec 17 17:49:19 kris1521 vel[6613]: We need to connect the haptic USB system!
<28>Dec 17 17:49:19 robel7223 est[9938]: Try to back up the EXE panel, maybe it will back up the 1080p sensor!
<18>Dec 17 17:49:19 lehner5062 laudantium[3696]: You can't navigate the feed without overriding the neural GB card!
<16>Dec 17 17:49:21 tillman6326 vel[39]: user=safia_basheeruddin password=g6pm0tMahBq4Ex status=rejected
<128>Dec 17 17:49:19 emard7547 eveniet[9757]: We need to back up the multi-byte PNG transmitter!
<26>Dec 17 17:49:19 bartell1345 voluptates[6755]: I'Ll input the neural RAM hard drive, that should application the XSS microchip!
<16>Dec 17 17:49:24 tillman6326 vel[39]: user=john_quarles password=xTcmi1rH24U status=rejected
<16>Dec 17 17:49:25 tillman6326 vel[39]: user=turgay_korkmaz password=MVZSl1kQm status=rejected
<140>Dec 17 17:49:19 batz8741 nihil[5747]: The SAS program is down, hack the neural interface so we can reboot the COM circuit!
<65>Dec 17 17:49:19 kautzer7211 minima[6119]: You can't back up the panel without parsing the primary COM pixel!
<50>Dec 17 17:49:19 skiles2448 eligendi[9068]: I'Ll back up the auxiliary USB hard drive, that should monitor the JBOD transmitter!
<133>Dec 17 17:49:19 purdy2015 saepe[3202]: I'Ll index the bluetooth CSS interface, that should hard drive the COM card!
<16>Dec 17 17:49:22 tillman6326 vel[39]: user=palden_lama password=QdKZ5JXTo status=rejected
<16>Dec 17 17:49:27 tillman6326 vel[39]: user=maanasa_baskar password=BHDXU4Xm48EX status=rejected
<105>Dec 17 17:49:19 rice4321 voluptas[3044]: The AI driver is down, bypass the open-source matrix so we can transmit the CSS bandwidth!
<2>Dec 17 17:49:19 zulauf5787 fugit[8223]: If we compress the sensor, we can get to the SMTP sensor through the multi-byte FTP feed!
<16>Dec 17 17:49:20 tillman6326 vel[39]: user=khalid_galal password=CJ8wOqNC9wSMF status=rejected
<100>Dec 17 17:49:19 hodkiewicz5065 quibusdam[3806]: The HTTP driver is down, compress the redundant firewall so we can program the AI feed!
<16>Dec 17 17:49:20 tillman6326 vel[39]: user=ke_yang password=sqOY5YWIG status=rejected
<16>Dec 17 17:49:23 tillman6326 vel[39]: user=carlington_miller password=STetnr8qXdoI status=rejected
<33>Dec 17 17:49:19 konopelski5627 quas[6265]: I'Ll calculate the solid state ADP driver, that should array the PNG port!
<16>Dec 17 17:49:23 tillman6326 vel[39]: user=samuel_stone password=e84lEyJvRQluQ status=rejected
<149>Dec 17 17:49:19 fisher3170 voluptatem[3330]: The SCSI firewall is down, override the open-source monitor so we can override the COM circuit!
<175>Dec 17 17:49:19 fritsch2242 consequatur[2489]: We need to input the redundant HDD feed!
<189>Dec 17 17:49:19 feest1182 id[7670]: The RSS hard drive is down, parse the redundant sensor so we can quantify the XML program!
<143>Dec 17 17:49:19 batz2718 praesentium[3254]: Transmitting the protocol won't do anything, we need to quantify the primary SCSI circuit!
<45>Dec 17 17:49:19 gerlach7008 necessitatibus[6059]: Use the cross-platform CSS bus, then you can program the redundant transmitter!
<65>Dec 17 17:49:19 daniel7588 aliquid[5220]: If we quantify the feed, we can get to the SDD bus through the primary SMS pixel!
<12>Dec 17 17:49:19 dickens5023 tempora[8897]: You can't program the protocol without backing up the bluetooth FTP feed!
<16>Dec 17 17:49:23 tillman6326 vel[39]: user=arnon_kenny password=8GHT9aLyLmurv status=rejected
<131>Dec 17 17:49:19 olson4006 veniam[7692]: We need to program the optical HTTP monitor!
<53>Dec 17 17:49:19 brekke8456 ea[7497]: Try to calculate the SAS bandwidth, maybe it will back up the back-end port!
<16>Dec 17 17:49:23 tillman6326 vel[39]: user=martin_benavides password=7t2iZ9eR7 status=rejected
<186>Dec 17 17:49:19 stokes6576 repellat[7681]: I'Ll reboot the optical SMS hard drive, that should alarm the HDD firewall!
<161>Dec 17 17:49:19 streich5205 odit[8791]: Try to connect the GB protocol, maybe it will hack the online bandwidth!
<189>Dec 17 17:49:19 schroeder2578 mollitia[3821]: Use the optical TCP matrix, then you can calculate the haptic hard drive!
<16>Dec 17 17:49:24 tillman6326 vel[39]: user=maanasa_baskar password=otDqYHb6ttg status=rejected
<148>Dec 17 17:49:19 kihn2234 iure[4660]: I'Ll hack the 1080p RSS port, that should system the COM alarm!
<16>Dec 17 17:49:24 tillman6326 vel[39]: user=vian_chen password=TVau8ARZu0OFLQ status=rejected
<40>Dec 17 17:49:19 kemmer4770 reprehenderit[4369]: We need to synthesize the cross-platform USB card!
<16>Dec 17 17:49:24 tillman6326 vel[39]: user=vian_chen password=2Sm0hnTfFGW status=rejected
<95>Dec 17 17:49:19 mraz4854 omnis[9427]: I'Ll quantify the wireless JBOD pixel, that should alarm the THX panel!
<125>Dec 17 17:49:19 harvey4324 mollitia[3704]: The FTP array is down, navigate the multi-byte firewall so we can hack the THX monitor!
<16>Dec 17 17:49:21 tillman6326 vel[39]: user=khalid_galal password=LZR2Ufjl8NOG3 status=rejected
<185>Dec 17 17:49:19 altenwerth2334 nemo[774]: The RSS card is down, transmit the neural feed so we can bypass the AI sensor!
<22>Dec 17 17:49:19 borer2686 iste[9473]: The PNG sensor is down, program the back-end panel so we can compress the COM matrix!
<32>Dec 17 17:49:19 purdy4231 explicabo[5874]: I'Ll transmit the open-source CSS capacitor, that should circuit the AI array!
<16>Dec 17 17:49:21 tillman6326 vel[39]: user=john_heaps password=8DWwDpi3VpeND status=rejected
<191>Dec 17 17:49:19 flatley5135 consequatur[1019]: The GB pixel is down, copy the optical circuit so we can bypass the SAS feed!
<82>Dec 17 17:49:19 hodkiewicz8150 qui[6700]: Try to calculate the RAM pixel, maybe it will reboot the digital bus!
<32>Dec 17 17:49:19 schaden2631 optio[1341]: Try to reboot the JSON pixel, maybe it will generate the haptic pixel!
<88>Dec 17 17:49:19 mertz2218 ab[8069]: Synthesizing the sensor won't do anything, we need to parse the neural IB feed!
<178>Dec 17 17:49:19 volkman4268 tempore[1842]: We need to calculate the open-source HDD card!
<16>Dec 17 17:49:23 tillman6326 vel[39]: user=john_quarles password=CqJ6BcUyhN4i status=rejected
<181>Dec 17 17:49:19 bode4383 quis[2452]: Try to bypass the GB bandwidth, maybe it will calculate the open-source capacitor!
<16>Dec 17 17:49:23 tillman6326 vel[39]: user=matthew_gibson_lopez password=EXjgyj3sc status=rejected
<16>Dec 17 17:49:27 tillman6326 vel[39]: user=martin_benavides password=Q6tX2D1WZj status=rejected
<128>Dec 17 17:49:19 armstrong5867 quaerat[9258]: Try to transmit the SMTP matrix, maybe it will transmit the primary bandwidth!
<56>Dec 17 17:49:19 reinger4671 inventore[5212]: You can't navigate the panel without generating the cross-platform SDD sensor!
<181>Dec 17 17:49:19 lubowitz7078 id[7354]: If we navigate the microchip, we can get to the ADP bandwidth through the open-source AGP monitor!
<103>Dec 17 17:49:19 becker8212 nesciunt[2395]: If we quantify the interface, we can get to the PNG firewall through the optical JBOD program!
<183>Dec 17 17:49:19 kovacek6581 officia[6118]: You can't hack the port without connecting the online SCSI bus!
<16>Dec 17 17:49:22 tillman6326 vel[39]: user=dyshana_torres_rivera password=olIqD3xXj3 status=rejected
<16>Dec 17 17:49:24 tillman6326 vel[39]: user=oliver_krauss password=ICXaYhjG status=rejected
<118>Dec 17 17:49:19 kohler7130 cum[6082]: You can't transmit the matrix without calculating the virtual USB port!
<52>Dec 17 17:49:19 dietrich6424 qui[9983]: If we compress the interface, we can get to the TCP matrix through the auxiliary GB hard drive!
<95>Dec 17 17:49:19 murphy3717 commodi[7800]: If we reboot the protocol, we can get to the XSS system through the multi-byte XSS matrix!
<53>Dec 17 17:49:19 towne4721 est[4928]: I'Ll transmit the haptic HDD bus, that should alarm the COM card!
<46>Dec 17 17:49:19 fritsch4522 recusandae[6070]: You can't bypass the system without indexing the digital JBOD hard drive!
<53>Dec 17 17:49:19 eichmann6547 nemo[5917]: The ADP array is down, parse the redundant program so we can connect the USB matrix!
<181>Dec 17 17:49:19 macejkovic1455 nihil[2397]: Use the haptic RAM matrix, then you can program the mobile program!
<182>Dec 17 17:49:19 mertz4210 modi[9958]: Try to override the HDD application, maybe it will program the digital port!
<62>Dec 17 17:49:19 nolan5874 ducimus[72]: I'Ll synthesize the 1080p THX program, that should array the SQL port!
<16>Dec 17 17:49:20 tillman6326 vel[39]: user=william_chen password=iaCPtIZw0RgR status=rejected
<142>Dec 17 17:49:19 marvin7766 facilis[9977]: If we generate the bandwidth, we can get to the XSS bandwidth through the online AI monitor!
<16>Dec 17 17:49:20 tillman6326 vel[39]: user=elisha_szeto password=eJx41YmWC1d status=rejected
<93>Dec 17 17:49:19 bashirian4303 et[7299]: We need to connect the solid state SQL sensor!
<17>Dec 17 17:49:19 willms3880 tempore[9460]: Use the solid state SAS application, then you can parse the mobile monitor!
<10>Dec 17 17:49:19 marks8800 sed[8083]: Try to navigate the HDD capacitor, maybe it will generate the back-end alarm!
<156>Dec 17 17:49:19 durgan8080 culpa[5193]: If we back up the interface, we can get to the PNG hard drive through the cross-platform JBOD application!
<107>Dec 17 17:49:19 christiansen2236 atque[2180]: If we program the microchip, we can get to the FTP application through the haptic PNG firewall!
<190>Dec 17 17:49:19 harris8701 vel[5225]: You can't index the card without synthesizing the optical SQL matrix!
<16>Dec 17 17:49:20 tillman6326 vel[39]: user=john_quarles password=PBAR3T3sHWANCX status=rejected
<82>Dec 17 17:49:19 koepp7625 quidem[2389]: The XSS microchip is down, hack the multi-byte driver so we can navigate the JBOD transmitter!
<16>Dec 17 17:49:20 tillman6326 vel[39]: user=palden_lama password=yitgADkN status=rejected
<16>Dec 17 17:49:23 tillman6326 vel[39]: user=turgay_korkmaz password=699iqNfJYD status=rejected
<181>Dec 17 17:49:19 dare1734 illo[9362]: If we parse the hard drive, we can get to the PCI feed through the open-source PCI circuit!
<176>Dec 17 17:49:19 mckenzie5282 minima[9521]: Try to hack the SSL firewall, maybe it will generate the haptic monitor!
<95>Dec 17 17:49:19 kovacek4852 voluptas[8962]: Try to parse the JBOD driver, maybe it will input the haptic bus!
<3>Dec 17 17:49:19 ruecker5046 quia[5076]: The HTTP transmitter is down, index the haptic monitor so we can override the RSS driver!
<108>Dec 17 17:49:19 little8421 aspernatur[7597]: The XSS transmitter is down, hack the neural firewall so we can navigate the SSL application!
<42>Dec 17 17:49:19 hoeger5283 dolores[2496]: Navigating the matrix won't do anything, we need to synthesize the 1080p SDD microchip!
<22>Dec 17 17:49:19 reichel4137 minus[6533]: Try to connect the USB sensor, maybe it will connect the digital feed!
<136>Dec 17 17:49:19 frami2133 inventore[4544]: You can't input the bus without copying the cross-platform FTP feed!
<104>Dec 17 17:49:19 kunde7420 omnis[8774]: If we back up the array, we can get to the SSL application through the haptic JSON bandwidth!
<0>Dec 17 17:49:19 friesen8427 rerum[8842]: If we input the hard drive, we can get to the GB bus through the redundant PCI array!
<29>Dec 17 17:49:19 kerluke8103 esse[2566]: Indexing the array won't do anything, we need to generate the bluetooth XSS transmitter!
<48>Dec 17 17:49:19 monahan4072 recusandae[2251]: I'Ll quantify the bluetooth TCP port, that should system the USB microchip!
<83>Dec 17 17:49:19 quigley1267 adipisci[1112]: Calculating the bus won't do anything, we need to bypass the mobile JBOD capacitor!
<138>Dec 17 17:49:19 franecki8728 dolore[2161]: I'Ll index the mobile SMS bus, that should protocol the SMTP bandwidth!
<51>Dec 17 17:49:19 ondricka6855 culpa[3912]: The HTTP circuit is down, generate the virtual sensor so we can synthesize the PNG panel!
<102>Dec 17 17:49:19 block8115 harum[6276]: The SDD alarm is down, override the primary protocol so we can connect the AGP sensor!
<177>Dec 17 17:49:19 skiles5708 dolorum[1273]: I'Ll back up the bluetooth USB protocol, that should card the FTP port!
<140>Dec 17 17:49:19 schaden8316 consequuntur[4225]: Use the primary PCI microchip, then you can bypass the wireless transmitter!
<109>Dec 17 17:49:19 nicolas1507 consequatur[5891]: Try to quantify the AGP program, maybe it will compress the auxiliary sensor!
<157>Dec 17 17:49:19 heaney4008 voluptatem[1343]: I'Ll copy the 1080p SMTP driver, that should alarm the PCI hard drive!
<68>Dec 17 17:49:19 veum4274 ducimus[3363]: Copying the sensor won't do anything, we need to input the solid state SMS array!
<6>Dec 17 17:49:19 mohr1363 et[6977]: If we index the interface, we can get to the HDD alarm through the 1080p SMTP transmitter!
<105>Dec 17 17:49:19 konopelski3266 id[5516]: Try to hack the XSS program, maybe it will back up the 1080p monitor!
<16>Dec 17 17:49:20 tillman6326 vel[39]: user=oliver_krauss password=oygF4N7Nk status=rejected
<16>Dec 17 17:49:24 tillman6326 vel[39]: user=tonya password=UtKcKUKYG status=rejected
<85>Dec 17 17:49:19 hand7532 soluta[8382]: If we transmit the monitor, we can get to the SDD interface through the neural SMTP monitor!
<16>Dec 17 17:49:22 tillman6326 vel[39]: user=rajkumar_banoth password=VhAGUvaxL status=rejected
<114>Dec 17 17:49:19 treutel1143 nobis[1633]: Try to navigate the COM panel, maybe it will index the solid state protocol!
<57>Dec 17 17:49:19 kuhic1281 quo[1855]: We need to parse the optical HDD card!
<81>Dec 17 17:49:19 bartoletti2536 et[4564]: Try to calculate the SSL card, maybe it will reboot the optical transmitter!
<103>Dec 17 17:49:19 hintz6874 reiciendis[6762]: We need to generate the optical SDD capacitor!
<53>Dec 17 17:49:19 herman6635 quia[2172]: Use the multi-byte FTP system, then you can quantify the open-source sensor!
<191>Dec 17 17:49:19 weber7212 adipisci[1345]: If we copy the sensor, we can get to the AI bandwidth through the mobile AI hard drive!
<26>Dec 17 17:49:19 reynolds3517 est[6721]: We need to override the bluetooth PNG sensor!
<16>Dec 17 17:49:22 tillman6326 vel[39]: user=gabriel_green password=CkPnVFZ9TakkYj status=rejected
<16>Dec 17 17:49:23 tillman6326 vel[39]: user=rajkumar_banoth password=cKMQta9OYBZR status=rejected
<16>Dec 17 17:49:19 ward5821 odio[1988]: You can't index the protocol without transmitting the solid state AI feed!
<156>Dec 17 17:49:19 schoen1525 aperiam[5097]: You can't index the port without navigating the online CSS panel!
<128>Dec 17 17:49:19 dach1444 eius[4213]: The IB matrix is down, bypass the primary card so we can calculate the PCI bus!
<10>Dec 17 17:49:19 roberts7101 repudiandae[1387]: We need to back up the open-source SCSI card!
<12>Dec 17 17:49:19 koss8282 sed[4074]: If we reboot the card, we can get to the SAS microchip through the auxiliary PNG transmitter!
<16>Dec 17 17:49:20 tillman6326 vel[39]: user=matthew_gibsonlopez password=y3OKlpvA6lcu2O status=rejected
<16>Dec 17 17:49:21 tillman6326 vel[39]: user=samuel_stone password=Ty8mOqDQnmP4hb status=rejected
<16>Dec 17 17:49:25 tillman6326 vel[39]: user=christopher_chilek password=vYgpUCuAqK status=rejected
<13>Dec 17 17:49:19 bailey6072 at[2531]: The PNG transmitter is down, navigate the haptic capacitor so we can override the THX sensor!
<122>Dec 17 17:49:19 monahan1786 nulla[4758]: You can't parse the card without quantifying the auxiliary SCSI program!
<16>Dec 17 17:49:22 tillman6326 vel[39]: user=elisha_szeto password=oPf6xL016kLQ status=rejected
<74>Dec 17 17:49:19 goldner3073 ea[4642]: If we index the sensor, we can get to the AI sensor through the mobile PNG array!
<139>Dec 17 17:49:19 walsh6773 vero[9353]: Try to calculate the ADP interface, maybe it will generate the open-source application!
<16>Dec 17 17:49:23 tillman6326 vel[39]: user=safia_basheeruddin password=EIpVoKIMmtjPy status=rejected
<26>Dec 17 17:49:19 block8635 excepturi[9212]: Quantifying the pixel won't do anything, we need to synthesize the wireless ADP application!
<55>Dec 17 17:49:19 pfannerstill3445 nobis[1024]: Use the auxiliary RAM driver, then you can hack the haptic interface!
<139>Dec 17 17:49:19 blanda7732 deleniti[4452]: I'Ll program the multi-byte SDD feed, that should alarm the HDD application!
<107>Dec 17 17:49:19 feil3560 deserunt[6057]: We need to connect the cross-platform XML bandwidth!
<52>Dec 17 17:49:19 becker5531 et[9857]: Backing up the firewall won't do anything, we need to program the primary IB card!
<83>Dec 17 17:49:19 kuvalis6310 impedit[252]: I'Ll override the wireless AGP monitor, that should application the HTTP bus!
<29>Dec 17 17:49:19 emmerich5236 sed[4378]: If we quantify the port, we can get to the USB interface through the optical RSS bus!
<16>Dec 17 17:49:22 tillman6326 vel[39]: user=william_chen password=jzZqHSUC0L49Qo status=rejected
<154>Dec 17 17:49:19 wilkinson7407 expedita[858]: We need to compress the bluetooth RSS firewall!
<16>Dec 17 17:49:19 pagac3787 quaerat[5407]: Use the solid state SMS feed, then you can hack the mobile program!
<111>Dec 17 17:49:19 emmerich2435 aut[5126]: Try to connect the SAS firewall, maybe it will input the neural feed!
<16>Dec 17 17:49:23 tillman6326 vel[39]: user=palden_lama password=YkQw5BAcED status=rejected
<102>Dec 17 17:49:19 bergnaum2302 deleniti[1565]: We need to input the wireless ADP application!
<16>Dec 17 17:49:22 tillman6326 vel[39]: user=matthew_gibsonlopez password=XRbXwwalB status=rejected
<16>Dec 17 17:49:23 tillman6326 vel[39]: user=maanasa_baskar password=4LIi1hVcEh status=rejected
<16>Dec 17 17:49:24 tillman6326 vel[39]: user=jacqueline_arias password=Ct8sUbiUDt status=rejected
<157>Dec 17 17:49:19 nader5533 enim[2524]: Use the online CSS driver, then you can reboot the haptic card!
<5>Dec 17 17:49:19 stamm1246 ipsum[8372]: Compressing the panel won't do anything, we need to calculate the back-end TCP hard drive!
<92>Dec 17 17:49:19 cartwright8743 quo[5862]: The FTP interface is down, calculate the redundant circuit so we can reboot the AI sensor!
<128>Dec 17 17:49:19 weimann7101 assumenda[1380]: We need to copy the primary RAM bandwidth!
<181>Dec 17 17:49:19 borer4767 deserunt[8234]: Use the virtual SMS port, then you can reboot the auxiliary bus!
<16>Dec 17 17:49:20 tillman6326 vel[39]: user=samantha_vivanco password=OHk3Nx62PcenfF status=rejected
<6>Dec 17 17:49:19 crist8562 est[8109]: The PCI interface is down, bypass the solid state application so we can generate the PNG microchip!
<48>Dec 17 17:49:19 frami1208 optio[659]: You can't program the feed without hacking the online SCSI transmitter!
<160>Dec 17 17:49:19 schumm3724 quia[475]: The FTP alarm is down, bypass the wireless alarm so we can back up the TCP circuit!
<189>Dec 17 17:49:19 cremin3327 autem[2236]: The HTTP capacitor is down, bypass the solid state monitor so we can override the SAS panel!
<141>Dec 17 17:49:19 glover8164 aut[1248]: We need to index the redundant TCP application!
<168>Dec 17 17:49:19 olson2731 recusandae[8833]: If we override the circuit, we can get to the SQL firewall through the solid state JBOD port!
<58>Dec 17 17:49:19 hettinger5233 facere[3936]: I'Ll parse the open-source SAS firewall, that should monitor the JBOD array!
<14>Dec 17 17:49:19 jacobs7300 ea[3350]: You can't index the microchip without overriding the multi-byte CSS card!
<93>Dec 17 17:49:19 kiehn6803 ratione[1745]: Compressing the circuit won't do anything, we need to index the haptic GB firewall!
<13>Dec 17 17:49:19 strosin3071 quia[5288]: Programming the transmitter won't do anything, we need to transmit the cross-platform ADP capacitor!
<14>Dec 17 17:49:19 altenwerth4011 laudantium[1062]: If we index the system, we can get to the CSS sensor through the digital XML bandwidth!
<143>Dec 17 17:49:19 zboncak4803 et[5241]: Use the open-source AI microchip, then you can compress the 1080p monitor!
<16>Dec 17 17:49:20 tillman6326 vel[39]: user=christopher_chilek password=wNe1hWdnp8O status=rejected
<43>Dec 17 17:49:19 stroman7857 sunt[3387]: If we copy the driver, we can get to the COM hard drive through the back-end FTP application!
<16>Dec 17 17:49:24 tillman6326 vel[39]: user=arnon_kenny password=XR15CM5w327A status=rejected
<46>Dec 17 17:49:19 hintz7820 harum[963]: Generating the protocol won't do anything, we need to generate the mobile JSON sensor!
<25>Dec 17 17:49:19 dietrich7155 minus[898]: The XSS alarm is down, compress the virtual bus so we can generate the XSS feed!
<16>Dec 17 17:49:22 tillman6326 vel[39]: user=eric_lee password=W76ILNSG status=rejected
<16>Dec 17 17:49:27 tillman6326 vel[39]: user=rajkumar_banoth password=BWQ1WhK5 status=rejected
<49>Dec 17 17:49:19 hoeger2424 velit[8942]: If we navigate the driver, we can get to the XML circuit through the primary CSS alarm!
<16>Dec 17 17:49:23 tillman6326 vel[39]: user=joaquin password=7V0RjikquGVJ0t status=rejected
<16>Dec 17 17:49:25 tillman6326 vel[39]: user=judith_infante password=g1erW1wyFgh status=rejected
<94>Dec 17 17:49:19 spencer5724 neque[8382]: Parsing the alarm won't do anything, we need to quantify the neural THX application!
<88>Dec 17 17:49:19 schowalter7054 vero[9379]: Bypassing the protocol won't do anything, we need to parse the neural SMS capacitor!
<172>Dec 17 17:49:19 kris7871 culpa[5372]: We need to bypass the mobile ADP sensor!
<3>Dec 17 17:49:19 frami4140 laborum[9858]: I'Ll program the back-end SQL pixel, that should system the HDD matrix!
<15>Dec 17 17:49:19 lemke4502 praesentium[120]: Try to navigate the TCP protocol, maybe it will back up the bluetooth pixel!
<16>Dec 17 17:49:21 tillman6326 vel[39]: user=khalid_galal password=cMcbxUbpHxlQM7 status=rejected
<16>Dec 17 17:49:26 tillman6326 vel[39]: user=matthew_gibson_lopez password=V1qGq1ROp6BH status=rejected
<76>Dec 17 17:49:19 thompson2312 ad[4934]: We need to generate the cross-platform PNG transmitter!
<87>Dec 17 17:49:19 kreiger2757 error[4612]: Try to back up the USB bandwidth, maybe it will input the bluetooth port!
<108>Dec 17 17:49:19 waters1586 autem[119]: You can't back up the hard drive without indexing the haptic CSS array!
<120>Dec 17 17:49:19 orn6043 eum[2851]: You can't parse the driver without connecting the bluetooth JBOD pixel!
<119>Dec 17 17:49:19 koelpin1667 expedita[3275]: If we parse the driver, we can get to the SDD card through the solid state HTTP system!
<160>Dec 17 17:49:19 hammes1762 odio[2299]: I'Ll parse the multi-byte PNG capacitor, that should feed the IB bus!
<119>Dec 17 17:49:19 hermiston1643 quidem[1304]: The EXE circuit is down, transmit the virtual system so we can transmit the SSL program!
<82>Dec 17 17:49:19 larkin8053 ut[6867]: Try to navigate the SDD matrix, maybe it will compress the digital interface!
<68>Dec 17 17:49:19 osinski5856 voluptatem[9417]: We need to index the virtual THX pixel!
<145>Dec 17 17:49:19 wintheiser4670 mollitia[7285]: We need to connect the open-source HTTP application!
<62>Dec 17 17:49:19 yundt3054 voluptas[4057]: Try to hack the SAS capacitor, maybe it will copy the digital firewall!
<21>Dec 17 17:49:19 labadie7420 alias[7209]: I'Ll program the solid state PNG matrix, that should firewall the COM matrix!
<16>Dec 17 17:49:24 tillman6326 vel[39]: user=gabriel_green password=uoiQT8sS status=rejected
<151>Dec 17 17:49:19 thompson8132 aut[2601]: If we generate the capacitor, we can get to the FTP protocol through the redundant XSS circuit!
<167>Dec 17 17:49:19 roberts3357 quod[9888]: You can't synthesize the driver without copying the virtual XML panel!
<144>Dec 17 17:49:19 mann4737 dolorum[4654]: We need to quantify the haptic SMS transmitter!
<84>Dec 17 17:49:19 schneider5846 praesentium[9478]: If we transmit the port, we can get to the GB transmitter through the online ADP feed!
<124>Dec 17 17:49:19 morissette6064 nostrum[4043]: Transmitting the interface won't do anything, we need to generate the digital SMTP driver!
<16>Dec 17 17:49:21 tillman6326 vel[39]: user=dyshana_torres_rivera password=IcyNKQmiL status=rejected
<166>Dec 17 17:49:19 wuckert6548 sit[4420]: The CSS port is down, transmit the bluetooth transmitter so we can program the GB protocol!
<16>Dec 17 17:49:21 tillman6326 vel[39]: user=william_chen password=rgOnAszgdXv6 status=rejected
<50>Dec 17 17:49:19 fadel4613 dignissimos[2815]: If we index the sensor, we can get to the HTTP pixel through the 1080p EXE panel!
<101>Dec 17 17:49:19 hermann5046 cum[9914]: If we generate the panel, we can get to the JBOD hard drive through the bluetooth FTP port!
<91>Dec 17 17:49:19 fadel2231 eum[298]: Use the primary ADP hard drive, then you can navigate the redundant hard drive!
<168>Dec 17 17:49:19 bednar2130 rerum[822]: You can't quantify the firewall without calculating the auxiliary PCI panel!
<16>Dec 17 17:49:23 tillman6326 vel[39]: user=john_oritz password=RKKPowpRy status=rejected
<25>Dec 17 17:49:19 mayert2412 minus[182]: I'Ll calculate the bluetooth RAM bandwidth, that should system the EXE card!
<166>Dec 17 17:49:19 kreiger8472 qui[6048]: The USB hard drive is down, parse the neural microchip so we can quantify the AGP interface!
<16>Dec 17 17:49:20 tillman6326 vel[39]: user=samuel_stone password=EC4TdZeytAMw0 status=rejected
<69>Dec 17 17:49:19 prohaska8522 quisquam[2325]: The RAM array is down, transmit the optical firewall so we can hack the JBOD program!
<190>Dec 17 17:49:19 wyman6628 eum[5581]: Transmitting the bandwidth won't do anything, we need to index the open-source CSS capacitor!
<124>Dec 17 17:49:19 muller6520 rerum[3419]: Use the redundant FTP program, then you can input the solid state matrix!
<171>Dec 17 17:49:19 bradtke8474 asperiores[8662]: The XSS protocol is down, input the mobile matrix so we can copy the RSS alarm!
<141>Dec 17 17:49:19 block5604 dolor[3195]: Try to quantify the RAM alarm, maybe it will generate the solid state bandwidth!
<16>Dec 17 17:49:21 tillman6326 vel[39]: user=ke_yang password=QkAeq7lK2 status=rejected
<139>Dec 17 17:49:19 schuppe7372 et[9215]: If we input the array, we can get to the CSS program through the auxiliary SDD capacitor!
<177>Dec 17 17:49:19 hoeger8800 ut[874]: I'Ll bypass the neural COM sensor, that should sensor the HDD driver!
<188>Dec 17 17:49:19 gutmann8474 laudantium[7056]: Try to transmit the SMS array, maybe it will input the open-source monitor!
<114>Dec 17 17:49:19 kunde4651 perspiciatis[2909]: Use the primary EXE sensor, then you can compress the haptic protocol!
<16>Dec 17 17:49:22 tillman6326 vel[39]: user=jacqueline_arias password=swMZhlXW status=rejected
<28>Dec 17 17:49:19 schinner5164 corrupti[9941]: We need to navigate the haptic HDD card!
<81>Dec 17 17:49:19 hackett2667 inventore[674]: You can't navigate the monitor without indexing the bluetooth HDD hard drive!
<139>Dec 17 17:49:19 haag4863 fugit[938]: You can't transmit the hard drive without hacking the optical ADP feed!
<16>Dec 17 17:49:23 tillman6326 vel[39]: user=ke_yang password=mTpzftSe3mbcCM status=rejected
<16>Dec 17 17:49:25 tillman6326 vel[39]: user=christopher_chilek password=3pjAPZpRGWY7 status=rejected
<127>Dec 17 17:49:19 shanahan4286 rerum[6177]: The AGP bus is down, program the digital card so we can synthesize the PCI bandwidth!
<16>Dec 17 17:49:21 tillman6326 vel[39]: user=jacqueline_arias password=JKoBIDW5dIU9W status=rejected
<27>Dec 17 17:49:19 hansen4357 similique[7777]: Try to generate the PNG program, maybe it will program the optical transmitter!
<48>Dec 17 17:49:19 kshlerin3204 nisi[6562]: Calculating the alarm won't do anything, we need to index the solid state PCI circuit!
<167>Dec 17 17:49:19 morissette4633 aut[8376]: We need to index the auxiliary TCP driver!
<161>Dec 17 17:49:19 carroll1688 aut[350]: The IB transmitter is down, navigate the digital transmitter so we can quantify the RSS panel!
<16>Dec 17 17:49:21 tillman6326 vel[39]: user=arnon_kenny password=GIWrLy9NnQ5xp status=rejected
<11>Dec 17 17:49:19 klein7881 voluptatibus[572]: If we generate the pixel, we can get to the XSS transmitter through the auxiliary CSS array!
<16>Dec 17 17:49:22 tillman6326 vel[39]: user=oliver_krauss password=qMOzVOF8DkRr status=rejected
<165>Dec 17 17:49:19 pacocha7426 dolorum[751]: Quantifying the circuit won't do anything, we need to copy the mobile SCSI protocol!
<77>Dec 17 17:49:19 weissnat3736 quia[3185]: The USB pixel is down, input the optical firewall so we can reboot the JSON matrix!
<88>Dec 17 17:49:19 strosin1485 quod[8740]: Calculating the capacitor won't do anything, we need to hack the multi-byte RAM firewall!
<16>Dec 17 17:49:24 tillman6326 vel[39]: user=safia_basheeruddin password=9SHreYjJC status=rejected
<26>Dec 17 17:49:19 mueller7667 non[6367]: I'Ll reboot the solid state SMS card, that should monitor the SSL sensor!
<116>Dec 17 17:49:19 kris8803 aut[116]: Use the back-end FTP system, then you can copy the virtual firewall!
<93>Dec 17 17:49:19 simonis7300 nostrum[8362]: If we navigate the alarm, we can get to the JSON monitor through the 1080p SCSI firewall!
<52>Dec 17 17:49:19 connelly6820 et[3574]: I'Ll copy the mobile SAS firewall, that should card the CSS interface!
<16>Dec 17 17:49:23 tillman6326 vel[39]: user=samantha_vivanco password=hQeqbqHaA status=rejected
<29>Dec 17 17:49:19 larson8623 ipsum[5350]: If we override the capacitor, we can get to the HDD alarm through the bluetooth XML feed!
<169>Dec 17 17:49:19 bailey6047 aut[7838]: You can't quantify the hard drive without hacking the 1080p SQL alarm!
<52>Dec 17 17:49:19 oreilly4765 eius[1739]: The SDD interface is down, generate the haptic driver so we can compress the SMS firewall!
<58>Dec 17 17:49:19 prohaska3524 quia[8408]: The FTP card is down, input the multi-byte program so we can calculate the XML matrix!
<151>Dec 17 17:49:19 langworth2856 sit[4485]: I'Ll override the primary CSS bandwidth, that should panel the EXE hard drive!
<0>Dec 17 17:49:19 christiansen2263 voluptatum[9093]: I'Ll index the bluetooth EXE hard drive, that should hard drive the EXE port!
<58>Dec 17 17:49:19 raynor3702 quis[819]: Quantifying the pixel won't do anything, we need to override the solid state SSL circuit!
<146>Dec 17 17:49:19 turcotte5872 maxime[6816]: Copying the system won't do anything, we need to back up the multi-byte SQL capacitor!
<65>Dec 17 17:49:19 zieme1844 asperiores[5564]: Generating the system won't do anything, we need to index the bluetooth FTP bus!
<43>Dec 17 17:49:19 lehner2042 natus[3194]: I'Ll calculate the bluetooth AI driver, that should application the FTP program!
<180>Dec 17 17:49:19 sauer8511 iste[8973]: If we copy the bus, we can get to the THX interface through the online XML program!
<170>Dec 17 17:49:19 hessel6577 non[6393]: The AGP bus is down, transmit the cross-platform monitor so we can index the SMTP program!
<16>Dec 17 17:49:23 tillman6326 vel[39]: user=tonya password=L1YEKjhwehVqwK status=rejected
<148>Dec 17 17:49:19 steuber7460 adipisci[8088]: Use the redundant RSS hard drive, then you can copy the mobile alarm!
<119>Dec 17 17:49:19 ernser8747 quisquam[4206]: If we compress the feed, we can get to the SAS feed through the neural SMS application!
<170>Dec 17 17:49:19 collier2517 id[3691]: You can't calculate the matrix without navigating the cross-platform PCI alarm!
<176>Dec 17 17:49:19 carroll1276 dicta[4047]: We need to bypass the open-source SCSI microchip!
<76>Dec 17 17:49:19 marks3744 dolor[4213]: Try to compress the USB program, maybe it will navigate the digital array!
<108>Dec 17 17:49:19 miller5148 cum[7292]: I'Ll navigate the solid state RAM system, that should system the PCI bus!
<16>Dec 17 17:49:22 tillman6326 vel[39]: user=jacqueline_yanez password=h5J2G63tJ8 status=rejected
<181>Dec 17 17:49:19 renner4750 aspernatur[2937]: I'Ll parse the solid state GB protocol, that should port the AGP alarm!
<162>Dec 17 17:49:19 lynch7257 sunt[986]: You can't copy the array without parsing the virtual IB bus!
<22>Dec 17 17:49:19 daniel4240 similique[9128]: You can't input the array without compressing the back-end THX matrix!
<30>Dec 17 17:49:19 smitham3166 nobis[8361]: I'Ll compress the 1080p PNG system, that should bus the SDD capacitor!
<62>Dec 17 17:49:19 greenholt8635 provident[6922]: The ADP bus is down, back up the wireless firewall so we can program the PNG bandwidth!
<187>Dec 17 17:49:19 renner8180 veniam[7773]: I'Ll navigate the virtual XSS alarm, that should alarm the TCP interface!
<173>Dec 17 17:49:19 rice3178 tempora[1805]: The RSS card is down, override the redundant system so we can synthesize the USB hard drive!
<184>Dec 17 17:49:19 von6465 eius[1306]: You can't compress the array without compressing the 1080p EXE protocol!
<182>Dec 17 17:49:19 feest1604 recusandae[1724]: If we parse the microchip, we can get to the SCSI driver through the auxiliary SMS monitor!
<16>Dec 17 17:49:21 tillman6326 vel[39]: user=dyshana_torres_rivera password=TC3eZaCPDB status=rejected
<16>Dec 17 17:49:26 tillman6326 vel[39]: user=samantha_vivanco password=zcvwv9bWiGzZ status=rejected
<16>Dec 17 17:49:30 tillman6326 vel[39]: user=john_oritz password=bTAo1Fe5 status=rejected
<16>Dec 17 17:49:32 tillman6326 vel[39]: user=gabriel_green password=0s1QExJyAq status=rejected
<16>Dec 17 17:49:34 tillman6326 vel[39]: user=judith_infante password=s7jr09qr0 status=rejected
<16>Dec 17 17:49:37 tillman6326 vel[39]: user=joaquin password=Cbna8OM5e status=rejected
<16>Dec 17 17:49:42 tillman6326 vel[39]: user=eric_lee password=dilHL6cDE status=rejected
<16>Dec 17 17:49:47 tillman6326 vel[39]: user=jacqueline_yanez password=44svk0rm9 status=rejected
<122>Dec 17 17:49:19 larson1334 tempore[5708]: Try to override the SSL sensor, maybe it will compress the mobile bandwidth!
<160>Dec 17 17:49:19 white2502 non[1614]: Try to hack the SCSI pixel, maybe it will navigate the wireless capacitor!
<49>Dec 17 17:49:19 goodwin3787 nostrum[1715]: Try to reboot the SMTP hard drive, maybe it will connect the wireless monitor!
<55>Dec 17 17:49:19 orn4650 quia[2779]: Synthesizing the firewall won't do anything, we need to quantify the 1080p HDD bus!
<16>Dec 17 17:49:22 tillman6326 vel[39]: user=vian_chen password=28KsoxPph5i status=rejected
<60>Dec 17 17:49:19 mcclure8258 quod[8570]: The ADP circuit is down, index the mobile capacitor so we can navigate the RSS interface!
<96>Dec 17 17:49:19 trantow2857 nihil[7878]: The XSS monitor is down, generate the virtual feed so we can input the PCI alarm!
<182>Dec 17 17:49:19 ernser4560 excepturi[4553]: Copying the pixel won't do anything, we need to quantify the multi-byte SAS circuit!
<92>Dec 17 17:49:19 rippin2376 quia[1744]: Use the cross-platform SDD firewall, then you can synthesize the online bus!
<160>Dec 17 17:49:19 koepp3754 ipsam[8322]: If we hack the card, we can get to the AI firewall through the redundant GB monitor!
<175>Dec 17 17:49:19 wolff4751 aliquam[929]: The EXE protocol is down, navigate the auxiliary microchip so we can synthesize the IB driver!
<143>Dec 17 17:49:19 lueilwitz6226 saepe[4801]: Try to connect the SSL protocol, maybe it will input the neural bandwidth!
<16>Dec 17 17:49:23 tillman6326 vel[39]: user=john_heaps password=xdkIZljkXsr status=rejected
<179>Dec 17 17:49:19 stoltenberg2303 eveniet[3736]: Indexing the interface won't do anything, we need to reboot the back-end SDD firewall!
<57>Dec 17 17:49:19 flatley7877 dolorum[9263]: You can't copy the capacitor without transmitting the multi-byte CSS bandwidth!
<190>Dec 17 17:49:19 cormier4026 qui[4224]: Use the optical XSS bandwidth, then you can parse the optical bandwidth!
<43>Dec 17 17:49:19 grant2706 aperiam[5879]: You can't calculate the program without synthesizing the back-end EXE monitor!
<120>Dec 17 17:49:19 cole5003 ut[695]: If we bypass the feed, we can get to the COM program through the open-source SDD capacitor!
<16>Dec 17 17:49:23 tillman6326 vel[39]: user=eric_lee password=b6DNmLdM5qR status=rejected
<16>Dec 17 17:49:27 tillman6326 vel[39]: user=martin_benavides password=GeIQ7v6IncvU status=rejected
<16>Dec 17 17:49:31 tillman6326 vel[39]: user=judith_infante password=VUlNJ4w7 status=rejected
<105>Dec 17 17:49:19 murazik3085 sed[3801]: Try to connect the SDD program, maybe it will back up the open-source application!
<97>Dec 17 17:49:19 dietrich4606 et[8354]: I'Ll program the auxiliary HDD system, that should array the AI sensor!
<38>Dec 17 17:49:19 price4360 ipsa[8679]: Generating the bus won't do anything, we need to bypass the open-source COM program!
<155>Dec 17 17:49:19 mccullough4578 consequatur[7906]: I'Ll copy the online SSL program, that should panel the GB driver!
<53>Dec 17 17:49:19 flatley7223 nobis[4755]: Try to compress the SMS pixel, maybe it will reboot the optical sensor!
<16>Dec 17 17:49:20 tillman6326 vel[39]: user=carlington_miller password=pn8nqw0Tu2KO status=rejected
<99>Dec 17 17:49:19 hills4532 cupiditate[1837]: I'Ll synthesize the solid state JSON sensor, that should hard drive the FTP bus!
<152>Dec 17 17:49:19 pouros8685 labore[2167]: The EXE sensor is down, generate the online firewall so we can program the USB protocol!
<160>Dec 17 17:49:19 bahringer2761 dolor[5519]: Overriding the hard drive won't do anything, we need to index the back-end TCP hard drive!
<39>Dec 17 17:49:19 hyatt3828 qui[3156]: You can't reboot the pixel without copying the wireless SQL circuit!
<48>Dec 17 17:49:19 tremblay8002 officiis[367]: You can't override the matrix without bypassing the multi-byte COM capacitor!
<174>Dec 17 17:49:19 denesik8245 amet[4618]: Use the neural XSS panel, then you can parse the back-end system!
<16>Dec 17 17:49:21 tillman6326 vel[39]: user=jacqueline_yanez password=7zKS3Oos6 status=rejected
