<78>1 2025-12-17T17:49:19.104Z nationalinfomediaries.org laudantium 8766 ID313 - You can't compress the driver without overriding the 1080p SQL program!
<178>2 2025-12-17T17:49:19.104Z centralholistic.net culpa 3516 ID315 - Try to generate the FTP firewall, maybe it will parse the 1080p bandwidth!
<50>2 2025-12-17T17:49:19.104Z human24/7.org laudantium 7756 ID10 - If we generate the circuit, we can get to the SSL bandwidth through the solid state XML system!
<46>1 2025-12-17T17:49:19.104Z internalvalue-added.info et 377 ID521 - Bypassing the system won't do anything, we need to compress the cross-platform SSL matrix!
<78>1 2025-12-17T17:49:13Z nationalinfomediaries.org laudantium 8766 ID313 - user=fayyaz_makhani password=IWwwEl6vCLa status=invalid
<56>2 2025-12-17T17:49:19.104Z forwardinfrastructures.name dolorem 3201 ID577 - You can't copy the alarm without copying the primary RSS circuit!
<150>1 2025-12-17T17:49:19.104Z centraloptimize.name vel 2863 ID718 - Use the bluetooth XML matrix, then you can reboot the 1080p driver!
<153>1 2025-12-17T17:49:19.104Z corporatereal-time.name et 836 ID803 - I'Ll calculate the haptic GB alarm, that should transmitter the PCI application!
<23>3 2025-12-17T17:49:19.104Z customerinfrastructures.info laudantium 7849 ID360 - Try to compress the ADP alarm, maybe it will copy the haptic hard drive!
<150>3 2025-12-17T17:49:19.104Z investortarget.io placeat 2974 ID372 - Indexing the hard drive won't do anything, we need to back up the 1080p SMS card!
<78>1 2025-12-17T17:49:16Z nationalinfomediaries.org laudantium 8766 ID313 - user=shar password=EE51bZmLGsf status=invalid
<178>1 2025-12-17T17:49:19.104Z internalgrow.io rem 9216 ID789 - If we reboot the program, we can get to the SSL hard drive through the open-source COM microchip!
<187>1 2025-12-17T17:49:19.104Z corporateredefine.name placeat 4686 ID24 - We need to hack the 1080p EXE program!
<71>2 2025-12-17T17:49:19.104Z forwardturn-key.biz perferendis 3716 ID336 - You can't synthesize the application without backing up the haptic IB card!
<34>3 2025-12-17T17:49:19.104Z internaltransition.net culpa 1717 ID811 - Try to copy the SAS monitor, maybe it will transmit the wireless bandwidth!
<51>2 2025-12-17T17:49:19.104Z legacyproactive.info eum 1640 ID232 - Copying the port won't do anything, we need to calculate the haptic HTTP microchip!
<78>1 2025-12-17T17:49:17Z nationalinfomediaries.org laudantium 8766 ID313 - user=arwa password=8QWbP6BbtWA5Rj status=invalid
<96>2 2025-12-17T17:49:19.104Z internationalmatrix.io autem 2223 ID65 - If we quantify the application, we can get to the USB interface through the optical CSS driver!
<138>3 2025-12-17T17:49:19.104Z customersexy.info aperiam 1268 ID8 - Use the bluetooth CSS program, then you can bypass the primary array!
<5>3 2025-12-17T17:49:19.104Z centralproactive.biz quod 4817 ID953 - If we copy the monitor, we can get to the SAS hard drive through the wireless EXE microchip!
<78>1 2025-12-17T17:49:22Z nationalinfomediaries.org laudantium 8766 ID313 - user=samir password=nOIiJh2ajqyR status=invalid
<78>1 2025-12-17T17:49:24Z nationalinfomediaries.org laudantium 8766 ID313 - user=asad password=gEOIGAAEcTt status=invalid
<34>1 2025-12-17T17:49:19.104Z chiefe-services.biz minus 5531 ID244 - Try to back up the HDD capacitor, maybe it will transmit the open-source capacitor!
<138>2 2025-12-17T17:49:19.104Z customerredefine.io neque 1088 ID556 - We need to index the haptic HTTP port!
<78>1 2025-12-17T17:49:28Z nationalinfomediaries.org laudantium 8766 ID313 - user=riyaz_popatia password=GKxNP1Y7zLdcK status=invalid
<0>2 2025-12-17T17:49:19.104Z leadreinvent.name at 2346 ID781 - Try to calculate the AI microchip, maybe it will index the redundant matrix!
<24>2 2025-12-17T17:49:19.104Z forwarde-business.io dolore 4479 ID834 - Try to synthesize the SSL bus, maybe it will hack the mobile bandwidth!
<94>1 2025-12-17T17:49:19.104Z forwardsupply-chains.biz voluptates 9380 ID527 - We need to bypass the bluetooth COM interface!
<78>1 2025-12-17T17:49:31Z nationalinfomediaries.org laudantium 8766 ID313 - user=arwa password=zmAfH33W0 status=invalid
<78>1 2025-12-17T17:49:35Z nationalinfomediaries.org laudantium 8766 ID313 - user=farez_vadsaria password=uEfvYU6DtjkXq status=invalid
<137>1 2025-12-17T17:49:19.104Z investorholistic.io omnis 1153 ID587 - Programming the firewall won't do anything, we need to bypass the 1080p HDD bus!
<175>1 2025-12-17T17:49:19.104Z internalembrace.name quasi 6173 ID419 - Try to input the RSS microchip, maybe it will compress the bluetooth circuit!
<40>3 2025-12-17T17:49:19.104Z productproactive.net deserunt 2490 ID948 - You can't connect the application without bypassing the redundant SMS feed!
<95>2 2025-12-17T17:49:19.104Z principalmesh.name repudiandae 1102 ID363 - I'Ll hack the cross-platform SMTP program, that should card the JSON array!
<175>3 2025-12-17T17:49:19.104Z dynamicempower.io facilis 9310 ID934 - Indexing the protocol won't do anything, we need to index the auxiliary CSS driver!
<6>2 2025-12-17T17:49:19.104Z regionalbrand.io provident 3855 ID549 - We need to override the optical HDD array!
<78>1 2025-12-17T17:49:40Z nationalinfomediaries.org laudantium 8766 ID313 - user=salim_gheewalla password=PDiwTlYltiew status=invalid
<112>1 2025-12-17T17:49:19.104Z nationalrich.biz maiores 7982 ID91 - We need to back up the back-end CSS application!
<25>2 2025-12-17T17:49:19.104Z leadexploit.net nobis 2434 ID817 - Use the wireless SMS interface, then you can navigate the online pixel!
<29>1 2025-12-17T17:49:19.104Z customersynergistic.net facilis 5233 ID625 - You can't connect the sensor without hacking the primary SSL system!
<78>1 2025-12-17T17:49:44Z nationalinfomediaries.org laudantium 8766 ID313 - user=zain_mitha password=QWRliQcNpE status=invalid
<117>3 2025-12-17T17:49:19.104Z dynamicleading-edge.org dolores 4343 ID1 - If we generate the transmitter, we can get to the EXE program through the auxiliary FTP bandwidth!
<9>2 2025-12-17T17:49:19.104Z humanexpedite.biz officia 1131 ID955 - The AI interface is down, transmit the cross-platform protocol so we can index the PNG bandwidth!
<78>1 2025-12-17T17:49:46Z nationalinfomediaries.org laudantium 8766 ID313 - user=marriam_shah password=oedprKPO0xQ status=invalid
<78>1 2025-12-17T17:49:49Z nationalinfomediaries.org laudantium 8766 ID313 - user=samir password=qbkD8Grmg status=invalid
<138>3 2025-12-17T17:49:19.104Z internationalinitiatives.biz amet 7342 ID108 - If we navigate the application, we can get to the SDD interface through the online JBOD interface!
<181>3 2025-12-17T17:49:19.104Z leadmesh.io repudiandae 388 ID92 - Generating the hard drive won't do anything, we need to generate the primary JSON port!
<115>1 2025-12-17T17:49:19.104Z leadmaximize.name labore 904 ID925 - We need to transmit the bluetooth RAM microchip!
<78>1 2025-12-17T17:49:54Z nationalinfomediaries.org laudantium 8766 ID313 - user=farez_vadsaria password=3C0bjzYt6 status=invalid
<20>3 2025-12-17T17:49:19.104Z corporateenterprise.io asperiores 3362 ID748 - You can't generate the port without copying the virtual THX bus!
<27>3 2025-12-17T17:49:19.104Z futureweb-readiness.com nesciunt 1305 ID131 - If we input the circuit, we can get to the JSON port through the 1080p XSS driver!
<39>3 2025-12-17T17:49:19.104Z globalexploit.name voluptatem 2963 ID589 - Synthesizing the system won't do anything, we need to reboot the redundant XSS array!
<78>1 2025-12-17T17:49:58Z nationalinfomediaries.org laudantium 8766 ID313 - user=naveed_patel password=xc5jE0PKzPENH status=invalid
<76>2 2025-12-17T17:49:19.104Z districtdrive.biz perspiciatis 2277 ID18 - You can't index the panel without compressing the bluetooth EXE program!
<114>1 2025-12-17T17:49:19.104Z globalharness.io aut 6084 ID547 - Try to navigate the GB interface, maybe it will navigate the open-source port!
<73>1 2025-12-17T17:49:19.104Z futuresexy.name sit 7024 ID114 - We need to transmit the auxiliary RAM driver!
<12>3 2025-12-17T17:49:19.104Z regionalleading-edge.net numquam 4893 ID666 - I'Ll parse the haptic SAS panel, that should feed the SDD matrix!
<45>1 2025-12-17T17:49:19.104Z dynamicsolutions.io et 9929 ID52 - If we connect the sensor, we can get to the SAS feed through the cross-platform XSS application!
<78>1 2025-12-17T17:50:03Z nationalinfomediaries.org laudantium 8766 ID313 - user=inara_rupani password=Pa5JYTMC98OrV status=invalid
<78>3 2025-12-17T17:49:19.104Z internalpartnerships.org consequatur 3486 ID369 - You can't index the hard drive without backing up the 1080p CSS array!
<3>3 2025-12-17T17:49:19.104Z forwardend-to-end.io error 3683 ID441 - Use the wireless RAM card, then you can quantify the neural capacitor!
<78>1 2025-12-17T17:50:05Z nationalinfomediaries.org laudantium 8766 ID313 - user=a_ali password=1Qw1CZD6tB status=invalid
<78>1 2025-12-17T17:50:09Z nationalinfomediaries.org laudantium 8766 ID313 - user=aly_ali password=4vsfQbLme status=invalid
<182>3 2025-12-17T17:49:19.104Z globaldeliver.io non 4025 ID962 - Synthesizing the transmitter won't do anything, we need to connect the cross-platform ADP interface!
<156>1 2025-12-17T17:49:19.104Z seniore-business.io quia 6690 ID860 - Use the open-source SCSI application, then you can connect the primary feed!
<78>1 2025-12-17T17:50:12Z nationalinfomediaries.org laudantium 8766 ID313 - user=amin_jaffer password=Od1eEqFN1nL8e status=invalid
<136>1 2025-12-17T17:49:19.104Z futurevirtual.biz voluptas 4992 ID866 - The ADP interface is down, transmit the virtual card so we can connect the SCSI matrix!
<78>1 2025-12-17T17:50:13Z nationalinfomediaries.org laudantium 8766 ID313 - user=aly_ali password=m6tu5KckIS status=invalid
<78>1 2025-12-17T17:50:14Z nationalinfomediaries.org laudantium 8766 ID313 - user=hussein_din password=7qXRsw99juws0 status=invalid
<78>1 2025-12-17T17:50:19Z nationalinfomediaries.org laudantium 8766 ID313 - user=ayaan_ajaney password=lEffxOWeoK status=invalid
<56>1 2025-12-17T17:49:19.104Z seniorvertical.biz ea 9931 ID75 - The RAM array is down, back up the mobile system so we can back up the JSON capacitor!
<138>3 2025-12-17T17:49:19.104Z centralvalue-added.name facere 6050 ID686 - Use the bluetooth GB hard drive, then you can override the cross-platform system!
<132>2 2025-12-17T17:49:19.104Z centralinnovate.net velit 9472 ID95 - If we synthesize the interface, we can get to the SMTP pixel through the multi-byte HTTP matrix!
<78>1 2025-12-17T17:50:22Z nationalinfomediaries.org laudantium 8766 ID313 - user=zain_mitha password=leZthRJVCD7H3 status=invalid
<66>2 2025-12-17T17:49:19.104Z dynamic24/7.name aut 122 ID445 - Navigating the card won't do anything, we need to navigate the virtual XML microchip!
<99>3 2025-12-17T17:49:19.104Z internalmesh.io consectetur 983 ID791 - If we hack the sensor, we can get to the XSS panel through the open-source TCP circuit!
<78>1 2025-12-17T17:50:24Z nationalinfomediaries.org laudantium 8766 ID313 - user=shar password=O4aPd32r status=invalid
<78>1 2025-12-17T17:50:28Z nationalinfomediaries.org laudantium 8766 ID313 - user=noah_ladak password=IyrHIKd7F6 status=invalid
<171>2 2025-12-17T17:49:19.104Z customervisualize.biz dolore 962 ID74 - You can't compress the circuit without calculating the redundant SAS microchip!
<23>2 2025-12-17T17:49:19.104Z principaldeploy.biz qui 6179 ID322 - Use the open-source XML alarm, then you can input the mobile capacitor!
<50>3 2025-12-17T17:49:19.104Z principalefficient.com accusantium 4012 ID512 - If we reboot the application, we can get to the JSON bus through the optical GB firewall!
<114>1 2025-12-17T17:49:19.104Z corporateenvisioneer.com omnis 4232 ID680 - The ADP driver is down, program the online program so we can synthesize the SMTP feed!
<78>1 2025-12-17T17:50:31Z nationalinfomediaries.org laudantium 8766 ID313 - user=michelle_hirani_khoja password=0hAZFg6Po status=invalid
<146>3 2025-12-17T17:49:19.104Z investorutilize.com dicta 2869 ID471 - The THX matrix is down, connect the optical transmitter so we can back up the HTTP pixel!
<53>2 2025-12-17T17:49:19.104Z regionalfunctionalities.name quae 3715 ID127 - Transmitting the sensor won't do anything, we need to calculate the virtual XSS hard drive!
<163>2 2025-12-17T17:49:19.104Z customermission-critical.info sit 4584 ID14 - Use the neural HDD driver, then you can copy the wireless circuit!
<78>1 2025-12-17T17:50:34Z nationalinfomediaries.org laudantium 8766 ID313 - user=hussein_din password=upQNDu0Z4d status=invalid
<151>1 2025-12-17T17:49:19.104Z leadcross-media.net et 2741 ID86 - Backing up the panel won't do anything, we need to quantify the haptic SMTP bus!
<88>3 2025-12-17T17:49:19.104Z seniorend-to-end.com est 5078 ID230 - I'Ll quantify the multi-byte SMS panel, that should bandwidth the SCSI monitor!
<78>1 2025-12-17T17:50:36Z nationalinfomediaries.org laudantium 8766 ID313 - user=naveed_patel password=ddUWh2pKb status=invalid
<19>1 2025-12-17T17:49:19.104Z dynamicinitiatives.info quam 8059 ID121 - The GB application is down, override the auxiliary interface so we can generate the XML firewall!
<10>1 2025-12-17T17:49:19.104Z dynamictransparent.info sed 2780 ID20 - Try to calculate the XML array, maybe it will generate the back-end alarm!
<68>1 2025-12-17T17:49:19.104Z legacyengineer.name eius 3123 ID143 - You can't program the pixel without generating the primary THX capacitor!
<91>3 2025-12-17T17:49:19.104Z leadwhiteboard.io sunt 6215 ID686 - The PNG array is down, program the digital monitor so we can quantify the FTP bus!
<78>1 2025-12-17T17:50:41Z nationalinfomediaries.org laudantium 8766 ID313 - user=asad password=wGOxFbKyx status=invalid
<59>1 2025-12-17T17:49:19.104Z internationaltransparent.io commodi 8590 ID535 - The RSS bandwidth is down, synthesize the primary alarm so we can input the SCSI interface!
<72>2 2025-12-17T17:49:19.104Z internalmarkets.info quidem 6331 ID691 - You can't program the transmitter without bypassing the multi-byte SMS sensor!
<2>3 2025-12-17T17:49:19.104Z centraltarget.info omnis 3977 ID891 - You can't input the circuit without transmitting the optical GB system!
<66>1 2025-12-17T17:49:19.104Z principalviral.net voluptas 4367 ID603 - You can't bypass the program without quantifying the primary FTP port!
<78>1 2025-12-17T17:50:45Z nationalinfomediaries.org laudantium 8766 ID313 - user=amin_jaffer password=QeFG93p2 status=invalid
<73>1 2025-12-17T17:49:19.104Z corporategenerate.biz cumque 9946 ID629 - I'Ll input the wireless SQL sensor, that should bandwidth the PCI circuit!
<3>3 2025-12-17T17:49:19.104Z forwardenvisioneer.com voluptas 3194 ID729 - If we quantify the microchip, we can get to the EXE card through the auxiliary SAS alarm!
<6>3 2025-12-17T17:49:19.104Z corporatedot-com.com quis 750 ID71 - If we reboot the matrix, we can get to the AGP protocol through the haptic SMTP port!
<78>1 2025-12-17T17:50:47Z nationalinfomediaries.org laudantium 8766 ID313 - user=armaan_chakkiwala password=DUmT94sz status=invalid
<187>2 2025-12-17T17:49:19.104Z internalenvisioneer.biz veniam 9983 ID938 - The SAS interface is down, compress the wireless program so we can reboot the SQL feed!
<78>1 2025-12-17T17:50:50Z nationalinfomediaries.org laudantium 8766 ID313 - user=aziz_kapadia password=2LKSJepVO5c status=invalid
<168>1 2025-12-17T17:49:19.104Z internalengineer.info repudiandae 7617 ID393 - Use the cross-platform USB sensor, then you can copy the optical pixel!
<78>1 2025-12-17T17:50:54Z nationalinfomediaries.org laudantium 8766 ID313 - user=zanir password=kVzowy32 status=invalid
<21>2 2025-12-17T17:49:19.104Z futuremodels.org voluptatem 5838 ID416 - We need to calculate the wireless PNG microchip!
<23>2 2025-12-17T17:49:19.104Z customerb2c.io maxime 9929 ID801 - If we parse the firewall, we can get to the XML application through the multi-byte AI program!
<144>2 2025-12-17T17:49:19.104Z chiefparadigms.com delectus 6419 ID929 - Indexing the monitor won't do anything, we need to compress the auxiliary TCP sensor!
<113>1 2025-12-17T17:49:19.104Z international24/7.net et 2041 ID467 - Use the mobile SAS monitor, then you can bypass the mobile transmitter!
<56>1 2025-12-17T17:49:19.104Z internalbandwidth.org blanditiis 3747 ID108 - The XML driver is down, input the online hard drive so we can reboot the SQL monitor!
<180>2 2025-12-17T17:49:19.104Z dynamiccontent.net error 6653 ID467 - The SMS driver is down, bypass the solid state feed so we can connect the SQL matrix!
<180>2 2025-12-17T17:49:19.104Z dynamicweb-readiness.com et 1026 ID737 - If we generate the sensor, we can get to the COM interface through the mobile PCI hard drive!
<14>3 2025-12-17T17:49:19.104Z internationalmonetize.net similique 4286 ID871 - Backing up the pixel won't do anything, we need to connect the multi-byte HTTP program!
<78>1 2025-12-17T17:50:57Z nationalinfomediaries.org laudantium 8766 ID313 - user=a_ali password=i1nae44x status=invalid
<78>1 2025-12-17T17:50:59Z nationalinfomediaries.org laudantium 8766 ID313 - user=aziz_kapadia password=3RP3vCIEcY8 status=invalid
<59>1 2025-12-17T17:49:19.104Z regionale-services.name perferendis 844 ID402 - I'Ll compress the solid state SAS panel, that should microchip the CSS pixel!
<9>1 2025-12-17T17:49:19.104Z centralinnovative.com quos 8008 ID319 - We need to override the multi-byte CSS matrix!
<103>2 2025-12-17T17:49:19.104Z corporateenterprise.org porro 2892 ID477 - If we calculate the system, we can get to the RSS firewall through the back-end RSS protocol!
<78>1 2025-12-17T17:51:01Z nationalinfomediaries.org laudantium 8766 ID313 - user=ayaan_ajaney password=pX9RBIH4Kmw status=invalid
<187>2 2025-12-17T17:49:19.104Z seniore-markets.net qui 5654 ID432 - We need to navigate the neural JBOD program!
<47>2 2025-12-17T17:49:19.104Z chiefvisionary.io voluptatem 2176 ID577 - Navigating the protocol won't do anything, we need to back up the primary ADP pixel!
<78>1 2025-12-17T17:51:04Z nationalinfomediaries.org laudantium 8766 ID313 - user=marriam_shah password=oUv39xl1B status=invalid
<78>1 2025-12-17T17:51:06Z nationalinfomediaries.org laudantium 8766 ID313 - user=marriam_shah password=tepJD97Oc2 status=invalid
<78>1 2025-12-17T17:51:10Z nationalinfomediaries.org laudantium 8766 ID313 - user=hadi_ibrahimi password=6bYoeOqzQIO1Sr status=invalid
<69>2 2025-12-17T17:49:19.104Z chiefmodels.info molestiae 6192 ID956 - If we back up the circuit, we can get to the SMS feed through the haptic SAS feed!
<92>2 2025-12-17T17:49:19.104Z regional24/365.info quod 4172 ID546 - If we input the application, we can get to the SQL hard drive through the virtual IB panel!
<150>2 2025-12-17T17:49:19.104Z districtextensible.biz quod 1577 ID907 - If we navigate the capacitor, we can get to the PNG microchip through the online RAM monitor!
<78>1 2025-12-17T17:51:11Z nationalinfomediaries.org laudantium 8766 ID313 - user=manisha_hirani password=ScG75Dgh status=invalid
<78>1 2025-12-17T17:51:16Z nationalinfomediaries.org laudantium 8766 ID313 - user=aziz_kapadia password=vd0bSSV3V status=invalid
<78>1 2025-12-17T17:51:19Z nationalinfomediaries.org laudantium 8766 ID313 - user=anita_karim password=ljmrFhhb7r status=invalid
<56>1 2025-12-17T17:49:19.104Z dynamicnetworks.biz cum 4528 ID511 - Try to quantify the AI hard drive, maybe it will back up the primary card!
<186>2 2025-12-17T17:49:19.104Z districtseize.biz at 150 ID27 - You can't override the port without calculating the optical XML port!
<121>2 2025-12-17T17:49:19.104Z principalinfomediaries.biz molestiae 2997 ID542 - The XML system is down, bypass the neural circuit so we can transmit the HDD pixel!
<104>2 2025-12-17T17:49:19.104Z legacycross-media.org quisquam 4571 ID79 - You can't reboot the hard drive without transmitting the cross-platform SDD sensor!
<78>1 2025-12-17T17:51:23Z nationalinfomediaries.org laudantium 8766 ID313 - user=noah_ladak password=OFcxubuWZ status=invalid
<97>2 2025-12-17T17:49:19.104Z districtmesh.biz assumenda 9990 ID691 - The SAS alarm is down, hack the redundant firewall so we can parse the EXE bandwidth!
<78>1 2025-12-17T17:51:28Z nationalinfomediaries.org laudantium 8766 ID313 - user=aly_ali password=nMbnqqqGp status=invalid
<59>2 2025-12-17T17:49:19.104Z globalscalable.com sit 2123 ID114 - The SAS interface is down, back up the redundant protocol so we can quantify the SDD application!
<128>2 2025-12-17T17:49:19.104Z producttarget.net enim 8564 ID296 - We need to override the mobile HDD matrix!
<78>1 2025-12-17T17:51:32Z nationalinfomediaries.org laudantium 8766 ID313 - user=fayyaz_makhani password=r8t6RPJfmGZ status=invalid
<78>1 2025-12-17T17:51:37Z nationalinfomediaries.org laudantium 8766 ID313 - user=hadi_ibrahimi password=FdUzLfzNUn status=invalid
<148>3 2025-12-17T17:49:19.104Z investorbricks-and-clicks.info explicabo 3620 ID491 - The CSS driver is down, transmit the redundant system so we can quantify the SDD feed!
<78>1 2025-12-17T17:51:39Z nationalinfomediaries.org laudantium 8766 ID313 - user=salim_gheewalla password=WjFhjMgI08xb status=invalid
<29>1 2025-12-17T17:49:19.104Z internalengage.org eveniet 7199 ID280 - The IB monitor is down, calculate the bluetooth hard drive so we can generate the PNG pixel!
<176>1 2025-12-17T17:49:19.104Z chiefdisintermediate.com possimus 9329 ID47 - You can't override the microchip without parsing the solid state HTTP circuit!
<85>3 2025-12-17T17:49:19.104Z dynamicchannels.info eaque 9066 ID257 - Try to parse the XML hard drive, maybe it will bypass the wireless alarm!
<60>3 2025-12-17T17:49:19.104Z chief24/7.org rerum 2169 ID180 - We need to hack the 1080p SQL matrix!
<53>1 2025-12-17T17:49:19.104Z customer24/365.org modi 3902 ID711 - Indexing the firewall won't do anything, we need to override the bluetooth SDD bus!
<78>1 2025-12-17T17:51:43Z nationalinfomediaries.org laudantium 8766 ID313 - user=arwa password=uzTAfdBTK1P status=invalid
<78>1 2025-12-17T17:51:44Z nationalinfomediaries.org laudantium 8766 ID313 - user=anita_karim password=GQx48yPiA2r9 status=invalid
<180>2 2025-12-17T17:49:19.104Z futureeyeballs.biz omnis 1573 ID694 - You can't generate the application without navigating the back-end IB program!
<17>1 2025-12-17T17:49:19.104Z regionalweb-enabled.com enim 6244 ID294 - You can't override the card without hacking the neural SQL capacitor!
<57>2 2025-12-17T17:49:19.104Z centralnetworks.net qui 4137 ID83 - We need to navigate the 1080p SAS driver!
<76>1 2025-12-17T17:49:19.104Z corporatecross-media.info placeat 7293 ID847 - The SMS monitor is down, input the auxiliary firewall so we can connect the USB hard drive!
<152>2 2025-12-17T17:49:19.104Z leadfrictionless.name quia 2041 ID428 - Generating the hard drive won't do anything, we need to index the multi-byte THX hard drive!
<78>1 2025-12-17T17:51:46Z nationalinfomediaries.org laudantium 8766 ID313 - user=fayyaz_makhani password=6JN1UfYq status=invalid
<78>1 2025-12-17T17:51:49Z nationalinfomediaries.org laudantium 8766 ID313 - user=aneel password=fEUKgNFP status=invalid
<87>3 2025-12-17T17:49:19.104Z investorinteractive.biz porro 467 ID94 - Try to bypass the JSON capacitor, maybe it will calculate the multi-byte monitor!
<109>1 2025-12-17T17:49:19.104Z dynamicmaximize.info dolorum 670 ID42 - We need to back up the optical SMS application!
<18>2 2025-12-17T17:49:19.104Z nationalinfomediaries.com voluptas 3253 ID596 - Try to connect the SQL circuit, maybe it will override the wireless monitor!
<184>1 2025-12-17T17:49:19.104Z nationalone-to-one.info et 4574 ID909 - Try to index the CSS array, maybe it will synthesize the 1080p panel!
<33>2 2025-12-17T17:49:19.104Z chiefbest-of-breed.name nostrum 3883 ID76 - Use the open-source EXE protocol, then you can reboot the redundant pixel!
<93>1 2025-12-17T17:49:19.104Z corporatepartnerships.net tenetur 8660 ID806 - Navigating the bandwidth won't do anything, we need to copy the optical EXE bandwidth!
<53>1 2025-12-17T17:49:19.104Z principalsolutions.net voluptate 927 ID322 - You can't calculate the protocol without calculating the redundant RAM hard drive!
<139>1 2025-12-17T17:49:19.104Z corporateout-of-the-box.biz vel 4978 ID524 - If we calculate the panel, we can get to the RAM circuit through the virtual IB pixel!
<27>1 2025-12-17T17:49:19.104Z internalinterfaces.io consectetur 3785 ID656 - Calculating the monitor won't do anything, we need to copy the primary COM port!
<30>2 2025-12-17T17:49:19.104Z leadplug-and-play.info aperiam 8778 ID417 - We need to parse the virtual PNG driver!
<90>2 2025-12-17T17:49:19.104Z districtengineer.net possimus 1738 ID183 - The SSL card is down, bypass the wireless feed so we can hack the SDD array!
<41>1 2025-12-17T17:49:19.104Z seniorcontent.info perferendis 2114 ID564 - If we program the alarm, we can get to the JSON interface through the multi-byte CSS interface!
<67>2 2025-12-17T17:49:19.104Z districtschemas.biz ut 9682 ID748 - I'Ll back up the wireless PNG firewall, that should interface the PCI array!
<125>1 2025-12-17T17:49:19.104Z humaninteractive.org exercitationem 4159 ID547 - The EXE driver is down, parse the multi-byte microchip so we can copy the IB interface!
<118>1 2025-12-17T17:49:19.104Z legacycutting-edge.io et 7262 ID684 - Indexing the sensor won't do anything, we need to back up the haptic SDD panel!
<78>1 2025-12-17T17:51:51Z nationalinfomediaries.org laudantium 8766 ID313 - user=aneel password=zRKHjP0rCbA status=invalid
<98>3 2025-12-17T17:49:19.104Z dynamicstrategize.info id 8475 ID866 - I'Ll quantify the bluetooth XSS alarm, that should driver the RAM panel!
<105>2 2025-12-17T17:49:19.104Z futureinnovate.com eum 575 ID230 - If we copy the pixel, we can get to the AGP sensor through the solid state SSL protocol!
<60>2 2025-12-17T17:49:19.104Z globalefficient.info quia 5802 ID360 - Use the primary SQL array, then you can copy the wireless program!
<106>2 2025-12-17T17:49:19.104Z leadstrategic.com necessitatibus 8783 ID505 - Connecting the pixel won't do anything, we need to connect the redundant CSS array!
<100>3 2025-12-17T17:49:19.104Z leadcustomized.biz corporis 9017 ID216 - If we reboot the driver, we can get to the EXE port through the cross-platform RSS protocol!
<24>3 2025-12-17T17:49:19.104Z principale-services.biz esse 2143 ID981 - Try to calculate the AI program, maybe it will parse the virtual program!
<167>2 2025-12-17T17:49:19.104Z nationaliterate.org adipisci 2229 ID400 - I'Ll bypass the multi-byte IB monitor, that should array the IB circuit!
<186>1 2025-12-17T17:49:19.104Z seniormetrics.info dolorum 3852 ID449 - Indexing the driver won't do anything, we need to copy the digital RSS interface!
<152>1 2025-12-17T17:49:19.104Z forwardvalue-added.net perspiciatis 952 ID73 - We need to compress the mobile SDD circuit!
<17>2 2025-12-17T17:49:19.104Z forwardenable.name nesciunt 1669 ID515 - Backing up the alarm won't do anything, we need to hack the optical SMS array!
<58>3 2025-12-17T17:49:19.104Z internalmindshare.com et 4479 ID235 - You can't navigate the application without synthesizing the wireless USB panel!
<78>1 2025-12-17T17:51:56Z nationalinfomediaries.org laudantium 8766 ID313 - user=noah_ladak password=RqIY4Z8pmDuOx status=invalid
<17>1 2025-12-17T17:49:19.104Z globalsynergies.name magnam 7217 ID309 - If we compress the monitor, we can get to the PCI port through the primary XSS microchip!
<122>1 2025-12-17T17:49:19.104Z principalunleash.info ut 8889 ID131 - If we override the interface, we can get to the COM array through the bluetooth JSON panel!
<6>1 2025-12-17T17:49:19.104Z leaditerate.biz impedit 1637 ID242 - Hacking the system won't do anything, we need to bypass the redundant USB matrix!
<78>1 2025-12-17T17:52:00Z nationalinfomediaries.org laudantium 8766 ID313 - user=shezan password=pKbH0ZWhg5ATFM status=invalid
<78>1 2025-12-17T17:52:04Z nationalinfomediaries.org laudantium 8766 ID313 - user=samir password=9WIl84t6y status=invalid
<78>1 2025-12-17T17:52:08Z nationalinfomediaries.org laudantium 8766 ID313 - user=naveed_patel password=lzeaPG13Fi status=invalid
<78>1 2025-12-17T17:52:13Z nationalinfomediaries.org laudantium 8766 ID313 - user=riyaz_popatia password=b9aOeQGEtcLaO status=invalid
<118>2 2025-12-17T17:49:19.104Z investorfront-end.io et 9802 ID776 - Connecting the alarm won't do anything, we need to parse the cross-platform THX card!
<19>2 2025-12-17T17:49:19.104Z directrepurpose.info maxime 3374 ID56 - Try to synthesize the PNG sensor, maybe it will transmit the redundant card!
<87>1 2025-12-17T17:49:19.104Z corporateengage.biz tenetur 2056 ID253 - Use the solid state SDD interface, then you can program the haptic circuit!
<114>3 2025-12-17T17:49:19.104Z directvertical.info eaque 2134 ID203 - If we index the hard drive, we can get to the JBOD protocol through the open-source JBOD driver!
<58>3 2025-12-17T17:49:19.104Z seniorincubate.com sint 7516 ID704 - Use the haptic RSS sensor, then you can generate the wireless pixel!
<138>1 2025-12-17T17:49:19.104Z dynamicbleeding-edge.org nihil 3293 ID655 - I'Ll synthesize the mobile SAS monitor, that should driver the USB protocol!
<78>1 2025-12-17T17:52:18Z nationalinfomediaries.org laudantium 8766 ID313 - user=murad password=dW0X2Uz6zs status=invalid
<17>2 2025-12-17T17:49:19.104Z nationalfacilitate.net nihil 4923 ID330 - Try to navigate the CSS firewall, maybe it will reboot the online alarm!
<26>1 2025-12-17T17:49:19.104Z districtintegrate.info qui 6204 ID595 - I'Ll program the digital HTTP driver, that should application the PCI protocol!
<109>1 2025-12-17T17:49:19.104Z forwarde-business.io veniam 3026 ID405 - We need to synthesize the solid state AGP pixel!
<32>1 2025-12-17T17:49:19.104Z seniorvirtual.com officiis 4149 ID856 - If we transmit the firewall, we can get to the GB port through the auxiliary PNG application!
<109>3 2025-12-17T17:49:19.104Z futurebricks-and-clicks.org corrupti 4604 ID57 - Use the haptic FTP matrix, then you can reboot the cross-platform card!
<78>1 2025-12-17T17:52:21Z nationalinfomediaries.org laudantium 8766 ID313 - user=salim_gheewalla password=vdFg6OhlKW status=invalid
<135>2 2025-12-17T17:49:19.104Z futuresyndicate.biz repellat 8146 ID54 - We need to compress the cross-platform SDD interface!
<78>1 2025-12-17T17:52:24Z nationalinfomediaries.org laudantium 8766 ID313 - user=inara_rupani password=6nAca6iypq2oI status=invalid
<29>3 2025-12-17T17:49:19.104Z corporatee-commerce.org nam 924 ID764 - We need to synthesize the multi-byte RAM interface!
<162>1 2025-12-17T17:49:19.104Z principalparadigms.io autem 5820 ID92 - You can't back up the interface without overriding the multi-byte PCI protocol!
<174>1 2025-12-17T17:49:19.104Z directworld-class.io aliquam 561 ID681 - Use the back-end JSON sensor, then you can bypass the neural alarm!
<184>1 2025-12-17T17:49:19.104Z dynamicinteractive.info consequatur 3812 ID722 - Use the redundant SMS monitor, then you can back up the solid state application!
<75>1 2025-12-17T17:49:19.104Z nationalfunctionalities.biz sit 3260 ID427 - Hacking the sensor won't do anything, we need to input the virtual PNG firewall!
<175>1 2025-12-17T17:49:19.104Z centralkiller.com sunt 6466 ID915 - The JSON system is down, bypass the wireless interface so we can parse the HDD bandwidth!
<142>1 2025-12-17T17:49:19.104Z humanbricks-and-clicks.com natus 5944 ID17 - Use the redundant CSS pixel, then you can back up the virtual protocol!
<162>3 2025-12-17T17:49:19.104Z seniorenterprise.name dolorem 7750 ID24 - You can't compress the driver without compressing the auxiliary ADP application!
<4>1 2025-12-17T17:49:19.104Z principalpartnerships.info iste 3878 ID571 - The THX system is down, parse the mobile feed so we can input the RAM microchip!
<111>1 2025-12-17T17:49:19.104Z regionalsynthesize.info est 8360 ID706 - Try to back up the SAS capacitor, maybe it will transmit the neural program!
<61>1 2025-12-17T17:49:19.104Z internalarchitect.net non 4114 ID647 - I'Ll generate the bluetooth CSS circuit, that should port the XSS firewall!
<78>1 2025-12-17T17:52:28Z nationalinfomediaries.org laudantium 8766 ID313 - user=murad password=xpGr6h8dWQy3K status=invalid
<78>1 2025-12-17T17:52:29Z nationalinfomediaries.org laudantium 8766 ID313 - user=riyaz_popatia password=UyrUJwV8G status=invalid
<125>3 2025-12-17T17:49:19.104Z districtsolutions.name velit 6532 ID467 - Calculating the microchip won't do anything, we need to connect the redundant PCI capacitor!
<95>2 2025-12-17T17:49:19.104Z internalleverage.biz est 410 ID106 - You can't calculate the microchip without bypassing the back-end SCSI application!
<28>2 2025-12-17T17:49:19.104Z humanscale.name dolores 5286 ID112 - Try to calculate the HTTP transmitter, maybe it will synthesize the redundant panel!
<78>1 2025-12-17T17:52:32Z nationalinfomediaries.org laudantium 8766 ID313 - user=sam_k password=ybRdRoM9oc7VTX status=invalid
<78>1 2025-12-17T17:52:34Z nationalinfomediaries.org laudantium 8766 ID313 - user=aneel password=GiBv10YMWPIIl status=invalid
<68>1 2025-12-17T17:49:19.104Z forwardfacilitate.com tenetur 5951 ID318 - If we program the capacitor, we can get to the PNG feed through the optical AI application!
<138>1 2025-12-17T17:49:19.104Z dynamicmethodologies.org eum 1075 ID438 - If we hack the application, we can get to the GB application through the optical TCP sensor!
<42>3 2025-12-17T17:49:19.104Z principaldeliver.biz laborum 405 ID417 - We need to quantify the digital CSS microchip!
<130>2 2025-12-17T17:49:19.104Z legacyrepurpose.org consequuntur 9038 ID722 - I'Ll program the cross-platform SAS interface, that should monitor the PCI card!
<78>1 2025-12-17T17:52:38Z nationalinfomediaries.org laudantium 8766 ID313 - user=amin_jaffer password=8CGp47ovAQ status=invalid
<78>1 2025-12-17T17:52:39Z nationalinfomediaries.org laudantium 8766 ID313 - user=zain_mitha password=mV2ziQHBk4oMpA status=invalid
<78>1 2025-12-17T17:52:43Z nationalinfomediaries.org laudantium 8766 ID313 - user=hussein_din password=ki4wCdH6DqFKpm status=invalid
<89>3 2025-12-17T17:49:19.104Z customerutilize.org numquam 8751 ID899 - I'Ll connect the online HTTP transmitter, that should sensor the USB bandwidth!
<79>1 2025-12-17T17:49:19.104Z centralfront-end.name perferendis 7733 ID50 - Backing up the protocol won't do anything, we need to input the cross-platform JSON sensor!
<78>1 2025-12-17T17:52:47Z nationalinfomediaries.org laudantium 8766 ID313 - user=manisha_hirani password=02Uh47am53 status=invalid
<182>1 2025-12-17T17:49:19.104Z customerengineer.net voluptatem 5651 ID193 - Synthesizing the circuit won't do anything, we need to program the haptic GB application!
<139>2 2025-12-17T17:49:19.104Z futuree-commerce.io facere 1515 ID642 - Try to copy the HDD sensor, maybe it will back up the 1080p sensor!
<3>1 2025-12-17T17:49:19.104Z directtransition.com repellendus 7382 ID729 - The COM circuit is down, back up the cross-platform array so we can back up the TCP pixel!
<20>3 2025-12-17T17:49:19.104Z chiefsynergize.org repellat 3485 ID819 - Programming the matrix won't do anything, we need to calculate the haptic GB array!
<128>2 2025-12-17T17:49:19.104Z dynamictransition.org rem 9769 ID788 - Use the wireless XML firewall, then you can synthesize the multi-byte card!
<78>1 2025-12-17T17:52:49Z nationalinfomediaries.org laudantium 8766 ID313 - user=anita_karim password=q61MLwIRn2M status=invalid
<21>3 2025-12-17T17:49:19.104Z dynamicextend.biz tempora 3714 ID17 - The EXE driver is down, back up the bluetooth program so we can connect the GB bus!
<130>3 2025-12-17T17:49:19.104Z chiefmindshare.biz ex 9143 ID434 - Use the online ADP panel, then you can navigate the bluetooth hard drive!
<78>1 2025-12-17T17:52:50Z nationalinfomediaries.org laudantium 8766 ID313 - user=rozi password=LTuCjUDp status=invalid
<78>1 2025-12-17T17:52:53Z nationalinfomediaries.org laudantium 8766 ID313 - user=shezan password=9Bb2mwMU status=invalid
<78>1 2025-12-17T17:52:56Z nationalinfomediaries.org laudantium 8766 ID313 - user=farez_vadsaria password=Sv6x7wxb status=invalid
<118>3 2025-12-17T17:49:19.104Z productunleash.net error 1631 ID737 - I'Ll program the bluetooth XML alarm, that should transmitter the COM monitor!
<17>1 2025-12-17T17:49:19.104Z futurestreamline.info qui 908 ID869 - Use the neural HTTP hard drive, then you can connect the virtual alarm!
<52>3 2025-12-17T17:49:19.104Z chiefrevolutionary.org voluptas 4727 ID142 - We need to copy the wireless TCP panel!
<62>3 2025-12-17T17:49:19.104Z legacydeliverables.net dolor 7577 ID730 - Use the haptic SCSI sensor, then you can hack the back-end matrix!
<33>2 2025-12-17T17:49:19.104Z regionalevolve.name assumenda 1973 ID666 - The USB transmitter is down, hack the virtual monitor so we can hack the SMTP system!
<22>3 2025-12-17T17:49:19.104Z dynamicbleeding-edge.io veritatis 7276 ID612 - You can't generate the firewall without compressing the primary FTP matrix!
<32>3 2025-12-17T17:49:19.104Z legacyefficient.info doloribus 7832 ID582 - Try to navigate the SQL interface, maybe it will parse the auxiliary panel!
<75>1 2025-12-17T17:49:19.104Z productinitiatives.io esse 5787 ID314 - Use the cross-platform JBOD transmitter, then you can quantify the open-source system!
<186>3 2025-12-17T17:49:19.104Z productseamless.io fugiat 4779 ID572 - Try to navigate the AI matrix, maybe it will program the auxiliary program!
<149>2 2025-12-17T17:49:19.104Z internalinfrastructures.name quia 6883 ID776 - You can't bypass the pixel without navigating the mobile PNG program!
<56>1 2025-12-17T17:49:19.104Z legacyseamless.io odio 9264 ID122 - The RSS transmitter is down, quantify the primary protocol so we can connect the TCP transmitter!
<140>2 2025-12-17T17:49:19.104Z regionalmarkets.net labore 8093 ID429 - You can't copy the application without calculating the cross-platform AGP panel!
<125>2 2025-12-17T17:49:19.104Z seniordeploy.biz ut 8214 ID494 - If we reboot the interface, we can get to the SMS circuit through the online IB sensor!
<45>2 2025-12-17T17:49:19.104Z districte-business.name modi 1705 ID82 - Use the solid state THX hard drive, then you can navigate the open-source monitor!
<78>1 2025-12-17T17:52:58Z nationalinfomediaries.org laudantium 8766 ID313 - user=shar password=MA2f3wS5bem status=invalid
<78>1 2025-12-17T17:53:01Z nationalinfomediaries.org laudantium 8766 ID313 - user=murad password=tYGQ50GGW3E74 status=invalid
<146>1 2025-12-17T17:49:19.104Z dynamictarget.info iure 1961 ID606 - Transmitting the feed won't do anything, we need to program the cross-platform XML firewall!
<78>1 2025-12-17T17:53:04Z nationalinfomediaries.org laudantium 8766 ID313 - user=hadi_ibrahimi password=nY06ZToK status=invalid
<71>3 2025-12-17T17:49:19.104Z centrale-business.info asperiores 8466 ID697 - You can't bypass the bus without bypassing the neural SAS circuit!
<68>2 2025-12-17T17:49:19.104Z corporateimpactful.com in 7180 ID869 - Use the digital XSS feed, then you can program the haptic program!
<78>1 2025-12-17T17:53:07Z nationalinfomediaries.org laudantium 8766 ID313 - user=armaan_chakkiwala password=oP4sTi2c3 status=invalid
<23>3 2025-12-17T17:49:19.104Z futureorchestrate.com temporibus 7934 ID605 - You can't quantify the monitor without hacking the digital JBOD monitor!
<84>3 2025-12-17T17:49:19.104Z directengage.info consectetur 6080 ID510 - You can't bypass the port without indexing the redundant SMS hard drive!
<78>1 2025-12-17T17:53:08Z nationalinfomediaries.org laudantium 8766 ID313 - user=asad password=Ah9vPJkn8D status=invalid
<9>1 2025-12-17T17:49:19.104Z regional24/7.com sit 3366 ID283 - The AGP bandwidth is down, navigate the digital feed so we can navigate the JSON monitor!
<126>1 2025-12-17T17:49:19.104Z principalimpactful.net at 8333 ID325 - You can't transmit the circuit without overriding the haptic JSON feed!
<50>2 2025-12-17T17:49:19.104Z forwarddistributed.org ut 972 ID304 - If we compress the panel, we can get to the RSS pixel through the primary XSS panel!
<166>2 2025-12-17T17:49:19.104Z leadexploit.io debitis 7997 ID818 - Quantifying the panel won't do anything, we need to override the 1080p SMTP monitor!
<130>2 2025-12-17T17:49:19.104Z investorevolve.name ut 4526 ID240 - We need to back up the primary XSS driver!
<55>3 2025-12-17T17:49:19.104Z productcontent.biz qui 2858 ID162 - The SMTP array is down, override the virtual array so we can bypass the IB program!
<68>1 2025-12-17T17:49:19.104Z dynamicrelationships.io veniam 1207 ID735 - The JBOD feed is down, calculate the digital monitor so we can bypass the SQL sensor!
<78>1 2025-12-17T17:53:10Z nationalinfomediaries.org laudantium 8766 ID313 - user=zanir password=njtZaOcQQTSV1N status=invalid
<91>3 2025-12-17T17:49:19.104Z legacyreinvent.io iure 9756 ID337 - Use the primary HTTP system, then you can compress the wireless sensor!
<25>3 2025-12-17T17:49:19.104Z investororchestrate.info itaque 4908 ID148 - You can't copy the card without copying the neural CSS sensor!
<71>3 2025-12-17T17:49:19.104Z internationalmarkets.info alias 8922 ID140 - The XML transmitter is down, override the 1080p capacitor so we can generate the AI alarm!
<49>1 2025-12-17T17:49:19.104Z internalimpactful.info aliquam 6224 ID950 - Programming the system won't do anything, we need to index the auxiliary XML hard drive!
<78>1 2025-12-17T17:53:15Z nationalinfomediaries.org laudantium 8766 ID313 - user=rozi password=o8Ud3BaCfE80jX status=invalid
<78>1 2025-12-17T17:53:17Z nationalinfomediaries.org laudantium 8766 ID313 - user=inara_rupani password=uuNIa8Vsbx3v status=invalid
<78>1 2025-12-17T17:53:22Z nationalinfomediaries.org laudantium 8766 ID313 - user=sam_k password=F28EJrDswz7 status=invalid
<131>2 2025-12-17T17:49:19.104Z nationalstreamline.net magni 5437 ID885 - We need to back up the bluetooth SMTP card!
<164>2 2025-12-17T17:49:19.104Z principaldrive.name eos 8825 ID277 - You can't hack the array without transmitting the optical RSS protocol!
<80>2 2025-12-17T17:49:19.104Z dynamicscalable.com qui 8500 ID684 - Use the cross-platform FTP alarm, then you can compress the 1080p sensor!
<56>3 2025-12-17T17:49:19.104Z direct24/365.info nobis 5520 ID481 - Transmitting the program won't do anything, we need to bypass the redundant SAS pixel!
<78>1 2025-12-17T17:53:23Z nationalinfomediaries.org laudantium 8766 ID313 - user=michelle_hirani_khoja password=dOWRdNCM7uSO status=invalid
<25>3 2025-12-17T17:49:19.104Z customermodels.io voluptatem 7378 ID265 - The SMTP capacitor is down, parse the optical card so we can back up the SMS hard drive!
<78>1 2025-12-17T17:53:25Z nationalinfomediaries.org laudantium 8766 ID313 - user=michelle_hirani_khoja password=GUs6X6lB6fFOvj status=invalid
<48>1 2025-12-17T17:49:19.104Z directembrace.org eos 4919 ID816 - If we calculate the bandwidth, we can get to the RAM monitor through the primary COM alarm!
<78>1 2025-12-17T17:53:26Z nationalinfomediaries.org laudantium 8766 ID313 - user=manisha_hirani password=nHN3LU9n4V status=invalid
<129>1 2025-12-17T17:49:19.104Z regionalleading-edge.net voluptatibus 610 ID144 - If we navigate the firewall, we can get to the SCSI alarm through the multi-byte HDD firewall!
<81>3 2025-12-17T17:49:19.104Z corporategenerate.info saepe 4332 ID854 - Try to program the PNG bandwidth, maybe it will synthesize the optical system!
<120>3 2025-12-17T17:49:19.104Z internationaltarget.biz ullam 7259 ID550 - You can't parse the system without calculating the auxiliary COM microchip!
<118>1 2025-12-17T17:49:19.104Z districtweb-enabled.net doloremque 3315 ID610 - You can't generate the matrix without bypassing the bluetooth JSON matrix!
<187>1 2025-12-17T17:49:19.104Z producttransition.info atque 7826 ID768 - Use the redundant JBOD alarm, then you can bypass the 1080p feed!
<96>3 2025-12-17T17:49:19.104Z chiefunleash.biz debitis 9268 ID562 - Backing up the firewall won't do anything, we need to copy the optical GB transmitter!
<177>3 2025-12-17T17:49:19.104Z regionalincentivize.org id 26 ID116 - Navigating the panel won't do anything, we need to input the primary SSL port!
<49>3 2025-12-17T17:49:19.104Z internaltransparent.io reiciendis 7459 ID208 - Compressing the driver won't do anything, we need to generate the neural PNG feed!
<172>2 2025-12-17T17:49:19.104Z globalend-to-end.com officia 3203 ID471 - If we calculate the driver, we can get to the TCP matrix through the 1080p TCP array!
<129>3 2025-12-17T17:49:19.104Z leadgrow.info ex 7749 ID868 - I'Ll bypass the virtual PNG monitor, that should interface the ADP monitor!
<78>1 2025-12-17T17:53:31Z nationalinfomediaries.org laudantium 8766 ID313 - user=rozi password=u3TcFRxr9RUonx status=invalid
<29>1 2025-12-17T17:49:19.104Z principalclicks-and-mortar.biz maiores 8835 ID807 - The SQL matrix is down, navigate the virtual monitor so we can navigate the FTP driver!
<78>1 2025-12-17T17:53:35Z nationalinfomediaries.org laudantium 8766 ID313 - user=sam_k password=AmBesRUqGd8G status=invalid
<78>1 2025-12-17T17:53:40Z nationalinfomediaries.org laudantium 8766 ID313 - user=shezan password=ZdbnXZLK status=invalid
<97>1 2025-12-17T17:49:19.104Z chiefe-business.net porro 4729 ID735 - I'Ll copy the back-end HDD circuit, that should circuit the SSL port!
<78>1 2025-12-17T17:53:43Z nationalinfomediaries.org laudantium 8766 ID313 - user=zanir password=tVV2lyACSSgLG status=invalid
<63>2 2025-12-17T17:49:19.104Z regionalbricks-and-clicks.info voluptatem 4360 ID58 - Try to hack the TCP pixel, maybe it will synthesize the cross-platform feed!
<110>3 2025-12-17T17:49:19.104Z directinitiatives.org itaque 6793 ID867 - If we index the microchip, we can get to the CSS alarm through the open-source SCSI port!
<145>3 2025-12-17T17:49:19.104Z forwardextend.net dolore 8558 ID692 - We need to index the primary SAS panel!
<78>1 2025-12-17T17:53:48Z nationalinfomediaries.org laudantium 8766 ID313 - user=ayaan_ajaney password=hVRZ7NwzKNzD status=invalid
<78>1 2025-12-17T17:53:51Z nationalinfomediaries.org laudantium 8766 ID313 - user=a_ali password=jZRuSHCMqJi status=invalid
<136>2 2025-12-17T17:49:19.104Z centralb2c.net voluptatem 8731 ID925 - Compressing the array won't do anything, we need to quantify the solid state HTTP protocol!
<85>3 2025-12-17T17:49:19.104Z regionalinnovative.info maiores 8330 ID383 - You can't input the alarm without indexing the open-source PCI array!
<146>2 2025-12-17T17:49:19.104Z districtredefine.org dolor 531 ID328 - You can't synthesize the interface without transmitting the cross-platform SAS transmitter!
<78>1 2025-12-17T17:53:52Z nationalinfomediaries.org laudantium 8766 ID313 - user=armaan_chakkiwala password=XBGOo8LzP8jTb status=invalid
<44>2 2025-12-17T17:49:19.104Z customerinnovate.biz sapiente 8577 ID813 - We need to quantify the back-end PCI interface!
<158>3 2025-12-17T17:49:19.104Z corporateiterate.org recusandae 6494 ID461 - I'Ll hack the primary SAS bandwidth, that should port the SAS system!
<110>3 2025-12-17T17:49:19.104Z humandeploy.biz dignissimos 5939 ID498 - You can't transmit the bandwidth without connecting the online HDD driver!
