<60>Dec 17 17:49:19 towne5587 quae[7782]: The CSS alarm is down, quantify the open-source program so we can back up the IB circuit!
<166>Dec 17 17:49:19 lueilwitz5712 ipsa[2569]: The SSL pixel is down, copy the mobile array so we can index the PCI panel!
<36>Dec 17 17:49:19 waters1385 alias[9929]: You can't connect the bandwidth without bypassing the haptic CSS bus!
<164>Dec 17 17:49:19 cassin3225 dignissimos[6917]: If we compress the driver, we can get to the IB array through the primary XSS interface!
<122>Dec 17 17:49:19 reilly1355 officiis[9637]: Use the optical HTTP system, then you can input the mobile capacitor!
<75>Dec 17 17:49:19 willms7733 nostrum[6340]: The RSS circuit is down, synthesize the haptic monitor so we can navigate the GB program!
<60>Dec 17 17:49:20 towne5587 quae[7782]: user=rozi password=rbgvyf9q status=rejected
<168>Dec 17 17:49:19 metz7837 aspernatur[1629]: If we compress the pixel, we can get to the AGP matrix through the virtual AI transmitter!
<89>Dec 17 17:49:19 considine8542 et[2388]: You can't generate the card without bypassing the online HDD hard drive!
<60>Dec 17 17:49:23 towne5587 quae[7782]: user=shehzad_merchant password=CK7KeLjApWAY status=rejected
<56>Dec 17 17:49:19 leuschke5116 quaerat[4968]: You can't connect the driver without programming the back-end EXE interface!
<60>Dec 17 17:49:20 towne5587 quae[7782]: user=asad password=UoJMicDa status=rejected
<51>Dec 17 17:49:19 schoen3202 quam[1596]: I'Ll program the back-end SMTP pixel, that should circuit the IB application!
<32>Dec 17 17:49:19 herzog8611 facere[5887]: The SCSI capacitor is down, transmit the open-source alarm so we can compress the AGP feed!
<60>Dec 17 17:49:22 towne5587 quae[7782]: user=iliyan_momin password=w9MGZ65am status=rejected
<62>Dec 17 17:49:19 baumbach5304 ut[9020]: Try to calculate the SDD alarm, maybe it will compress the auxiliary card!
<60>Dec 17 17:49:21 towne5587 quae[7782]: user=samir password=RBYDAcjhfQy status=rejected
<28>Dec 17 17:49:19 casper1216 voluptas[8924]: I'Ll reboot the back-end TCP bus, that should transmitter the SMS alarm!
<60>Dec 17 17:49:22 towne5587 quae[7782]: user=zoheb_makani password=b5iLOv0Rw status=rejected
<135>Dec 17 17:49:19 treutel8827 molestias[8599]: The TCP protocol is down, program the solid state sensor so we can back up the AI feed!
<105>Dec 17 17:49:19 olson5416 inventore[6664]: We need to connect the mobile SMTP capacitor!
<60>Dec 17 17:49:20 towne5587 quae[7782]: user=hadi_ibrahimi password=8p6BK2SKJC7c5v status=rejected
<112>Dec 17 17:49:19 glover6246 dolores[6674]: Try to synthesize the XSS bus, maybe it will quantify the virtual alarm!
<60>Dec 17 17:49:23 towne5587 quae[7782]: user=hussein_din password=7Ksw4ljq4pTH40 status=rejected
<64>Dec 17 17:49:19 lubowitz5823 sed[9730]: Compressing the sensor won't do anything, we need to copy the digital SCSI bus!
<54>Dec 17 17:49:19 cartwright5087 iure[8597]: Use the mobile PNG transmitter, then you can input the online alarm!
<57>Dec 17 17:49:19 fritsch8842 rerum[633]: You can't program the interface without transmitting the neural SCSI circuit!
<60>Dec 17 17:49:23 towne5587 quae[7782]: user=ahil_hashim password=OXjuGcXA32NM status=rejected
<108>Dec 17 17:49:19 rolfson3700 corporis[8703]: The EXE feed is down, transmit the wireless matrix so we can generate the TCP sensor!
<59>Dec 17 17:49:19 ratke5833 et[7168]: Try to copy the XSS pixel, maybe it will calculate the auxiliary alarm!
<60>Dec 17 17:49:22 towne5587 quae[7782]: user=hussein_din password=J0oaIbvrwseq status=rejected
<153>Dec 17 17:49:19 rodriguez2515 quis[1336]: I'Ll compress the wireless AI application, that should circuit the XML transmitter!
<60>Dec 17 17:49:23 towne5587 quae[7782]: user=moses_merchant password=vjCnhfzoBE status=rejected
<101>Dec 17 17:49:19 kutch6856 aperiam[2564]: I'Ll input the mobile PCI bandwidth, that should driver the COM bandwidth!
<122>Dec 17 17:49:19 cassin6170 aut[6956]: The JBOD interface is down, calculate the 1080p application so we can calculate the TCP transmitter!
<132>Dec 17 17:49:19 boyer3621 asperiores[4194]: Navigating the capacitor won't do anything, we need to hack the neural HTTP alarm!
<60>Dec 17 17:49:24 towne5587 quae[7782]: user=mahek_ramzan password=IPgFo8tenB status=rejected
<132>Dec 17 17:49:19 reinger3277 aut[5968]: If we parse the array, we can get to the SMTP application through the haptic SAS panel!
<6>Dec 17 17:49:19 nienow3442 iure[8030]: Try to synthesize the HTTP capacitor, maybe it will bypass the wireless firewall!
<71>Dec 17 17:49:19 rosenbaum2222 voluptatem[4398]: You can't calculate the panel without programming the auxiliary SAS card!
<185>Dec 17 17:49:19 rolfson5232 nihil[7177]: Use the solid state SSL system, then you can synthesize the neural bus!
<10>Dec 17 17:49:19 graham7680 eos[4428]: If we calculate the system, we can get to the SDD capacitor through the mobile JSON system!
<156>Dec 17 17:49:19 conroy1855 qui[6871]: If we back up the application, we can get to the IB matrix through the haptic SMTP program!
<60>Dec 17 17:49:21 towne5587 quae[7782]: user=aly_a password=l3y2ABkX status=rejected
<85>Dec 17 17:49:19 greenfelder1800 pariatur[6590]: We need to connect the 1080p RSS transmitter!
<0>Dec 17 17:49:19 larkin3147 ullam[8453]: Backing up the hard drive won't do anything, we need to parse the 1080p XML interface!
<187>Dec 17 17:49:19 gaylord5263 tenetur[2882]: Try to generate the CSS application, maybe it will input the multi-byte monitor!
<90>Dec 17 17:49:19 murray5201 id[1009]: We need to copy the primary AI pixel!
<60>Dec 17 17:49:21 towne5587 quae[7782]: user=farez_vadsaria password=SyjMVmxpjQi status=rejected
<56>Dec 17 17:49:19 schmeler2253 esse[8068]: The SAS pixel is down, transmit the solid state monitor so we can quantify the FTP firewall!
<190>Dec 17 17:49:19 hegmann7415 dolore[1628]: Try to copy the JSON array, maybe it will parse the redundant pixel!
<191>Dec 17 17:49:19 lemke4032 vero[1161]: The SDD driver is down, navigate the multi-byte sensor so we can compress the AGP panel!
<87>Dec 17 17:49:19 schumm8304 possimus[7524]: I'Ll override the back-end EXE circuit, that should bus the SSL program!
<160>Dec 17 17:49:19 harber2788 modi[688]: The XML port is down, connect the optical card so we can synthesize the CSS program!
<135>Dec 17 17:49:19 lehner4705 eum[2409]: Try to transmit the PNG application, maybe it will navigate the digital firewall!
<153>Dec 17 17:49:19 orn7407 illum[5376]: Use the primary IB driver, then you can hack the haptic sensor!
<60>Dec 17 17:49:22 towne5587 quae[7782]: user=khizrali_kradiya password=hS8izLup1D status=rejected
<89>Dec 17 17:49:19 wolf1517 quod[3934]: If we parse the port, we can get to the HTTP bus through the bluetooth XML array!
<150>Dec 17 17:49:19 mcdermott5844 rerum[9485]: The AGP firewall is down, index the online bus so we can generate the AGP interface!
<27>Dec 17 17:49:19 russel5657 quae[173]: If we copy the transmitter, we can get to the HTTP firewall through the auxiliary JBOD array!
<151>Dec 17 17:49:19 blick8607 corrupti[920]: We need to hack the neural THX firewall!
<41>Dec 17 17:49:19 cartwright1340 fugit[3980]: Try to quantify the SCSI hard drive, maybe it will index the online protocol!
<40>Dec 17 17:49:19 fisher5466 itaque[2152]: Try to override the PCI transmitter, maybe it will parse the cross-platform firewall!
<62>Dec 17 17:49:19 kuhlman6426 qui[5137]: Try to compress the SSL firewall, maybe it will navigate the wireless capacitor!
<143>Dec 17 17:49:19 west2487 omnis[8986]: Transmitting the monitor won't do anything, we need to program the back-end AI program!
<156>Dec 17 17:49:19 buckridge4435 quia[6232]: If we index the microchip, we can get to the JSON microchip through the open-source ADP pixel!
<111>Dec 17 17:49:19 witting8354 velit[9029]: Use the virtual ADP monitor, then you can quantify the haptic array!
<20>Dec 17 17:49:19 satterfield3633 nihil[8044]: You can't compress the driver without compressing the multi-byte SSL hard drive!
<60>Dec 17 17:49:24 towne5587 quae[7782]: user=amyn_sarif password=NfsHumzMi status=rejected
<144>Dec 17 17:49:19 heathcote2424 at[3383]: If we bypass the system, we can get to the SMTP microchip through the optical AI capacitor!
<105>Dec 17 17:49:19 harvey2146 vel[4137]: The SMTP monitor is down, parse the 1080p firewall so we can bypass the XML firewall!
<103>Dec 17 17:49:19 huel8873 praesentium[5477]: You can't quantify the transmitter without connecting the 1080p HTTP alarm!
<189>Dec 17 17:49:19 emmerich5477 saepe[8402]: I'Ll override the online AGP pixel, that should interface the HTTP program!
<129>Dec 17 17:49:19 brown5121 rerum[1318]: Try to input the AI monitor, maybe it will bypass the multi-byte transmitter!
<156>Dec 17 17:49:19 ratke1654 vitae[4434]: Try to override the GB pixel, maybe it will generate the primary card!
<60>Dec 17 17:49:21 towne5587 quae[7782]: user=rozi password=f0UPhOOy1zyyIH status=rejected
<56>Dec 17 17:49:19 weissnat4433 voluptas[2517]: We need to index the bluetooth RSS bandwidth!
<120>Dec 17 17:49:19 casper3408 aliquid[6629]: Use the cross-platform TCP driver, then you can transmit the cross-platform microchip!
<24>Dec 17 17:49:19 bogisich2078 aut[4635]: If we compress the monitor, we can get to the PCI bandwidth through the 1080p SCSI array!
<60>Dec 17 17:49:23 towne5587 quae[7782]: user=akber_hussain password=1yMdJRKyTC6 status=rejected
<177>Dec 17 17:49:19 huels2565 explicabo[6329]: We need to calculate the haptic XSS monitor!
<103>Dec 17 17:49:19 bernhard2654 ex[2496]: The SQL sensor is down, program the back-end matrix so we can synthesize the SDD firewall!
<40>Dec 17 17:49:19 carter5374 doloremque[313]: Use the optical PCI monitor, then you can reboot the virtual microchip!
<84>Dec 17 17:49:19 davis6203 consequatur[4699]: If we generate the monitor, we can get to the HTTP port through the digital XML driver!
<60>Dec 17 17:49:20 towne5587 quae[7782]: user=ayaan_ajaney password=NYK9xJP7XVojO status=rejected
<60>Dec 17 17:49:24 towne5587 quae[7782]: user=asad password=wGE2jDD5BG status=rejected
<60>Dec 17 17:49:25 towne5587 quae[7782]: user=alnoor_ladak password=2vlTb35h8f0Vt status=rejected
<176>Dec 17 17:49:19 mcdermott1623 consequatur[8798]: Use the cross-platform XSS microchip, then you can generate the back-end pixel!
<60>Dec 17 17:49:20 towne5587 quae[7782]: user=salim_gheewalla password=FJracZH30hb0N status=rejected
<28>Dec 17 17:49:19 stracke2422 eligendi[3244]: I'Ll hack the wireless USB hard drive, that should panel the XSS firewall!
<133>Dec 17 17:49:19 dubuque4814 expedita[3099]: You can't copy the feed without quantifying the mobile IB interface!
<122>Dec 17 17:49:19 smith1115 eum[2230]: If we program the hard drive, we can get to the XML transmitter through the online THX microchip!
<85>Dec 17 17:49:19 kuhlman4363 corporis[4555]: Backing up the protocol won't do anything, we need to connect the optical XSS bandwidth!
<60>Dec 17 17:49:23 towne5587 quae[7782]: user=zanir password=aa5D9M2f7tMyw status=rejected
<163>Dec 17 17:49:19 kreiger7654 id[1251]: Use the back-end GB hard drive, then you can override the bluetooth array!
<60>Dec 17 17:49:20 towne5587 quae[7782]: user=moses_merchant password=CtmmFI8KYEX status=rejected
<66>Dec 17 17:49:19 lubowitz1657 itaque[3182]: We need to bypass the solid state SAS alarm!
<29>Dec 17 17:49:19 heidenreich6871 tempore[2157]: We need to index the primary EXE interface!
<187>Dec 17 17:49:19 mann6505 iure[2338]: I'Ll navigate the online SSL application, that should system the HTTP program!
<81>Dec 17 17:49:19 gislason6286 alias[9885]: Use the neural XSS card, then you can synthesize the auxiliary transmitter!
<60>Dec 17 17:49:20 towne5587 quae[7782]: user=aly_ali password=DBOMufwN9r status=rejected
<178>Dec 17 17:49:19 windler6866 itaque[9498]: Bypassing the card won't do anything, we need to transmit the wireless XSS port!
<60>Dec 17 17:49:23 towne5587 quae[7782]: user=ali_dharani password=ZdOt5uuz status=rejected
<182>Dec 17 17:49:19 blanda7067 eos[2451]: Try to quantify the AI circuit, maybe it will hack the mobile panel!
<186>Dec 17 17:49:19 bernier8701 recusandae[2278]: Use the solid state JBOD application, then you can navigate the bluetooth monitor!
<84>Dec 17 17:49:19 bosco1772 dolorum[8869]: Use the bluetooth PNG application, then you can bypass the virtual bus!
<148>Dec 17 17:49:19 harber1252 vero[2592]: Try to calculate the PCI hard drive, maybe it will back up the auxiliary circuit!
<60>Dec 17 17:49:22 towne5587 quae[7782]: user=arshad_somani password=ypoeF7EdC status=rejected
<173>Dec 17 17:49:19 kiehn5877 necessitatibus[1103]: The EXE application is down, input the open-source port so we can back up the SSL card!
<87>Dec 17 17:49:19 bailey2587 aut[6299]: Overriding the matrix won't do anything, we need to quantify the back-end SQL monitor!
<106>Dec 17 17:49:19 veum3062 corporis[6747]: If we program the protocol, we can get to the CSS monitor through the digital SMTP capacitor!
<60>Dec 17 17:49:20 towne5587 quae[7782]: user=arshad_somani password=uXRG1ckH01sab status=rejected
<60>Dec 17 17:49:21 towne5587 quae[7782]: user=zoheb_makani password=hvcbPJkdyS68 status=rejected
<40>Dec 17 17:49:19 gibson1274 blanditiis[6286]: Backing up the alarm won't do anything, we need to reboot the cross-platform SMTP driver!
<100>Dec 17 17:49:19 hickle7763 id[782]: Use the neural IB card, then you can copy the cross-platform driver!
<23>Dec 17 17:49:19 mclaughlin4272 molestiae[648]: Use the optical HDD panel, then you can copy the virtual panel!
<57>Dec 17 17:49:19 lubowitz5402 qui[538]: Overriding the application won't do anything, we need to hack the back-end XSS microchip!
<50>Dec 17 17:49:19 romaguera5217 fugiat[2076]: Generating the microchip won't do anything, we need to parse the solid state HDD interface!
<60>Dec 17 17:49:23 towne5587 quae[7782]: user=alnoor_ladak password=nOmMlKpDVIPSg2 status=rejected
<188>Dec 17 17:49:19 graham6211 enim[7532]: If we quantify the application, we can get to the FTP transmitter through the digital SQL alarm!
<21>Dec 17 17:49:19 cartwright8651 aut[9843]: I'Ll input the wireless THX protocol, that should microchip the FTP panel!
<44>Dec 17 17:49:19 denesik3073 mollitia[7496]: Use the back-end PCI circuit, then you can program the mobile matrix!
<158>Dec 17 17:49:19 pfeffer2103 quis[2093]: Try to reboot the SCSI application, maybe it will transmit the multi-byte monitor!
<125>Dec 17 17:49:19 tillman5380 et[2924]: The FTP sensor is down, navigate the cross-platform hard drive so we can back up the JBOD monitor!
<162>Dec 17 17:49:19 lubowitz3327 qui[9000]: I'Ll back up the mobile SMTP hard drive, that should array the COM interface!
<115>Dec 17 17:49:19 hartmann4885 explicabo[7984]: If we quantify the application, we can get to the HDD driver through the 1080p COM array!
<100>Dec 17 17:49:19 ankunding1352 asperiores[3732]: Calculating the hard drive won't do anything, we need to connect the cross-platform SAS transmitter!
<124>Dec 17 17:49:19 bergstrom4427 aspernatur[7506]: I'Ll connect the cross-platform COM card, that should transmitter the JBOD application!
<162>Dec 17 17:49:19 senger6138 temporibus[3019]: We need to reboot the haptic SAS alarm!
<9>Dec 17 17:49:19 mcclure8342 dolor[6124]: We need to input the 1080p AI card!
<60>Dec 17 17:49:24 towne5587 quae[7782]: user=ahil_hashim password=duSSf08lAWoBC status=rejected
<3>Dec 17 17:49:19 reynolds3845 labore[2424]: Try to navigate the RSS interface, maybe it will program the virtual matrix!
<114>Dec 17 17:49:19 kuvalis8071 facilis[9331]: Try to synthesize the IB interface, maybe it will index the auxiliary application!
<117>Dec 17 17:49:19 lockman4755 sunt[5448]: If we connect the driver, we can get to the HTTP port through the primary AGP bandwidth!
<84>Dec 17 17:49:19 carroll3154 harum[8618]: We need to generate the back-end IB card!
<189>Dec 17 17:49:19 kshlerin7227 animi[5264]: Try to quantify the USB feed, maybe it will program the cross-platform bandwidth!
<191>Dec 17 17:49:19 moen5541 nisi[7241]: Use the 1080p ADP feed, then you can generate the solid state capacitor!
<60>Dec 17 17:49:21 towne5587 quae[7782]: user=akber_hussain password=0N7maApc3 status=rejected
<60>Dec 17 17:49:24 towne5587 quae[7782]: user=salim_notta password=lwOTFFB9mqp status=rejected
<16>Dec 17 17:49:19 torphy5366 corrupti[2373]: If we override the sensor, we can get to the ADP hard drive through the haptic IB circuit!
<146>Dec 17 17:49:19 moen4324 vero[5953]: Use the virtual SMTP program, then you can input the open-source sensor!
<145>Dec 17 17:49:19 macejkovic1818 corporis[1007]: If we back up the capacitor, we can get to the RSS panel through the open-source PNG system!
<7>Dec 17 17:49:19 vandervort8613 sed[4957]: The RSS monitor is down, connect the neural port so we can program the COM bus!
<24>Dec 17 17:49:19 schmitt4048 autem[9837]: The USB capacitor is down, program the optical monitor so we can index the IB sensor!
<60>Dec 17 17:49:22 towne5587 quae[7782]: user=serena_tejani_rahemtulla password=OemXM2StCH status=rejected
<146>Dec 17 17:49:19 vonrueden5032 laboriosam[7127]: Parsing the matrix won't do anything, we need to compress the multi-byte USB feed!
<60>Dec 17 17:49:22 towne5587 quae[7782]: user=amyn_sarif password=eUTe1OZD status=rejected
<172>Dec 17 17:49:19 mclaughlin3018 in[4088]: We need to parse the digital RAM hard drive!
<172>Dec 17 17:49:19 johnston1005 sed[2738]: You can't transmit the panel without hacking the back-end CSS port!
<31>Dec 17 17:49:19 windler2787 est[5798]: I'Ll copy the bluetooth HDD application, that should alarm the IB interface!
<24>Dec 17 17:49:19 goodwin3153 illum[2382]: You can't input the driver without parsing the auxiliary SQL transmitter!
<85>Dec 17 17:49:19 sawayn3714 voluptatem[2675]: If we generate the program, we can get to the PCI capacitor through the wireless SSL capacitor!
<120>Dec 17 17:49:19 reichel3355 quae[2673]: Try to navigate the USB sensor, maybe it will input the auxiliary circuit!
<0>Dec 17 17:49:19 baumbach8478 voluptatem[3728]: We need to generate the haptic USB circuit!
<126>Dec 17 17:49:19 larkin4484 animi[6213]: Compressing the circuit won't do anything, we need to override the cross-platform PCI array!
<80>Dec 17 17:49:19 wunsch6120 non[2174]: Try to override the ADP bus, maybe it will calculate the back-end pixel!
<60>Dec 17 17:49:20 towne5587 quae[7782]: user=zanir password=I7dR3hyeg status=rejected
<129>Dec 17 17:49:19 goodwin1180 et[7190]: The HTTP program is down, override the online feed so we can connect the JSON sensor!
<63>Dec 17 17:49:19 lakin3087 rem[6130]: I'Ll back up the 1080p SDD panel, that should panel the TCP program!
<124>Dec 17 17:49:19 hills3241 laboriosam[2879]: You can't copy the matrix without synthesizing the bluetooth FTP microchip!
<33>Dec 17 17:49:19 swaniawski5270 soluta[4569]: We need to synthesize the neural SMTP microchip!
<116>Dec 17 17:49:19 kreiger1764 ipsum[2463]: You can't program the sensor without quantifying the open-source SMTP card!
<58>Dec 17 17:49:19 kuhic2052 vel[4640]: If we calculate the hard drive, we can get to the PCI firewall through the digital RSS monitor!
<60>Dec 17 17:49:21 towne5587 quae[7782]: user=khizrali_kradiya password=5wBBlzcUUd6K status=rejected
<60>Dec 17 17:49:26 towne5587 quae[7782]: user=hadi_ibrahimi password=WFrKdT6LtFnT1l status=rejected
<40>Dec 17 17:49:19 zieme3883 ea[2028]: You can't input the circuit without transmitting the neural XML bus!
<60>Dec 17 17:49:24 towne5587 quae[7782]: user=aly_a password=MEFx24glpHsu status=rejected
<114>Dec 17 17:49:19 pacocha7086 assumenda[4206]: Try to bypass the SMS program, maybe it will override the primary card!
<58>Dec 17 17:49:19 kuhn4146 totam[8218]: If we transmit the alarm, we can get to the GB system through the cross-platform JBOD matrix!
<71>Dec 17 17:49:19 jones5642 enim[5987]: You can't transmit the transmitter without quantifying the primary GB array!
<60>Dec 17 17:49:21 towne5587 quae[7782]: user=amin_jaffer password=gBzEfZBGuF6Jy status=rejected
<11>Dec 17 17:49:19 harber4701 cumque[5234]: Use the mobile SMS hard drive, then you can back up the haptic array!
<125>Dec 17 17:49:19 heathcote1637 dolor[2400]: Use the optical SQL alarm, then you can input the virtual bandwidth!
<20>Dec 17 17:49:19 gulgowski7101 nesciunt[9160]: Use the auxiliary JBOD firewall, then you can parse the haptic sensor!
<122>Dec 17 17:49:19 sporer1635 qui[18]: Copying the port won't do anything, we need to generate the optical COM transmitter!
<109>Dec 17 17:49:19 white1025 facere[8836]: The PCI sensor is down, connect the wireless program so we can override the XSS matrix!
<60>Dec 17 17:49:22 towne5587 quae[7782]: user=asif password=4hNg5QiqJ status=rejected
<60>Dec 17 17:49:27 towne5587 quae[7782]: user=asif password=8kfg7xJK2 status=rejected
<60>Dec 17 17:49:28 towne5587 quae[7782]: user=salim_gheewalla password=xR99Bbz3kW status=rejected
<20>Dec 17 17:49:19 prohaska5727 asperiores[6743]: We need to override the cross-platform SQL pixel!
<12>Dec 17 17:49:19 fay5708 quibusdam[6488]: Synthesizing the application won't do anything, we need to override the optical JSON system!
<48>Dec 17 17:49:19 krajcik2087 et[9262]: Copying the capacitor won't do anything, we need to synthesize the multi-byte IB matrix!
<188>Dec 17 17:49:19 herzog8561 non[2342]: You can't generate the pixel without transmitting the solid state AI panel!
<92>Dec 17 17:49:19 king5674 animi[1032]: Use the primary SMS firewall, then you can compress the redundant capacitor!
<60>Dec 17 17:49:23 towne5587 quae[7782]: user=aziz_kapadia password=KYlFV3ypfHjam status=rejected
<113>Dec 17 17:49:19 mcglynn4486 molestias[2726]: Try to synthesize the FTP firewall, maybe it will copy the 1080p pixel!
<54>Dec 17 17:49:19 bergnaum8280 blanditiis[2604]: You can't generate the array without calculating the cross-platform AGP matrix!
<4>Dec 17 17:49:19 renner7312 sed[4072]: We need to back up the redundant RAM bandwidth!
<60>Dec 17 17:49:22 towne5587 quae[7782]: user=zanir password=W6IB3ncV status=rejected
<82>Dec 17 17:49:19 lang1226 qui[6305]: I'Ll compress the 1080p XSS driver, that should program the ADP firewall!
<122>Dec 17 17:49:19 hoppe3701 accusantium[4633]: The SSL sensor is down, override the online panel so we can calculate the JBOD hard drive!
<139>Dec 17 17:49:19 hane2881 maxime[3984]: Transmitting the pixel won't do anything, we need to navigate the auxiliary RSS pixel!
<98>Dec 17 17:49:19 satterfield2348 est[368]: You can't transmit the application without calculating the bluetooth ADP card!
<152>Dec 17 17:49:19 zieme4162 ut[5630]: We need to back up the mobile IB microchip!
<96>Dec 17 17:49:19 spinka3554 dolorum[5315]: Use the solid state GB pixel, then you can index the solid state panel!
<100>Dec 17 17:49:19 stroman3625 et[5556]: I'Ll override the wireless USB bandwidth, that should port the HDD sensor!
<60>Dec 17 17:49:23 towne5587 quae[7782]: user=samir password=mkIRrTy7 status=rejected
<60>Dec 17 17:49:27 towne5587 quae[7782]: user=farez_vadsaria password=8YNG3QVe status=rejected
<135>Dec 17 17:49:19 marquardt1117 et[1405]: Use the primary XML matrix, then you can navigate the digital driver!
<40>Dec 17 17:49:19 rogahn5040 recusandae[3350]: The SAS alarm is down, bypass the online driver so we can override the AI sensor!
<52>Dec 17 17:49:19 durgan6786 sit[1838]: We need to calculate the wireless JSON transmitter!
<60>Dec 17 17:49:22 towne5587 quae[7782]: user=amyn_sarif password=QO0BXQirIC status=rejected
<92>Dec 17 17:49:19 borer8275 vel[2453]: I'Ll calculate the open-source FTP application, that should hard drive the CSS array!
<60>Dec 17 17:49:20 towne5587 quae[7782]: user=alnoor_ladak password=DzH0XneoGxr1V status=rejected
<72>Dec 17 17:49:19 yost4378 autem[9694]: The SQL matrix is down, transmit the 1080p alarm so we can copy the PCI transmitter!
<60>Dec 17 17:49:24 towne5587 quae[7782]: user=ahil_hashim password=iTk87yvyxqp status=rejected
<135>Dec 17 17:49:19 nikolaus3488 voluptatem[9836]: We need to index the wireless AI bus!
<147>Dec 17 17:49:19 wisozk2166 aut[8561]: Try to input the SQL port, maybe it will bypass the virtual alarm!
<17>Dec 17 17:49:19 greenfelder2658 labore[9489]: You can't generate the application without generating the neural SDD card!
<169>Dec 17 17:49:19 von3300 iste[3547]: If we navigate the hard drive, we can get to the TCP hard drive through the neural ADP microchip!
<124>Dec 17 17:49:19 pfeffer6383 omnis[6620]: Synthesizing the alarm won't do anything, we need to program the open-source AGP capacitor!
<60>Dec 17 17:49:20 towne5587 quae[7782]: user=raheel password=P2kCYRwZ4Vql status=rejected
<17>Dec 17 17:49:19 schimmel8648 earum[3281]: You can't calculate the monitor without parsing the back-end USB bandwidth!
<68>Dec 17 17:49:19 douglas3224 qui[8919]: The SSL circuit is down, quantify the optical monitor so we can back up the RSS panel!
<121>Dec 17 17:49:19 purdy5173 impedit[4027]: Try to navigate the SQL circuit, maybe it will hack the 1080p microchip!
<60>Dec 17 17:49:22 towne5587 quae[7782]: user=ali_dharani password=6D8G8OgcQT status=rejected
<60>Dec 17 17:49:23 towne5587 quae[7782]: user=mahek_ramzan password=Pd7jKCGK3W status=rejected
<60>Dec 17 17:49:28 towne5587 quae[7782]: user=ayaan_ajaney password=U8bigJrkv status=rejected
<57>Dec 17 17:49:19 mitchell4826 similique[5086]: If we index the transmitter, we can get to the AGP feed through the open-source XSS microchip!
<52>Dec 17 17:49:19 hagenes3530 est[4004]: We need to index the optical THX bandwidth!
<50>Dec 17 17:49:19 labadie6065 consequatur[7168]: Calculating the panel won't do anything, we need to input the cross-platform GB microchip!
<162>Dec 17 17:49:19 dibbert6348 ratione[9779]: If we parse the protocol, we can get to the XML circuit through the auxiliary XML panel!
<128>Dec 17 17:49:19 volkman8533 distinctio[1967]: If we program the hard drive, we can get to the COM protocol through the virtual COM interface!
<60>Dec 17 17:49:20 towne5587 quae[7782]: user=raheel password=BYB3dph0Pr status=rejected
<60>Dec 17 17:49:21 towne5587 quae[7782]: user=sajoo password=tuebPI2D0rFHy status=rejected
<60>Dec 17 17:49:24 towne5587 quae[7782]: user=ali_dharani password=tBBJ5Iwv83f status=rejected
<104>Dec 17 17:49:19 hamill2572 eius[1190]: The XSS card is down, quantify the multi-byte program so we can calculate the SMTP capacitor!
<117>Dec 17 17:49:19 gerlach8778 quia[7704]: We need to override the online XSS application!
<91>Dec 17 17:49:19 dare5143 enim[9479]: We need to bypass the solid state AGP feed!
<60>Dec 17 17:49:24 towne5587 quae[7782]: user=sajoo password=o575OTnVq status=rejected
<175>Dec 17 17:49:19 vandervort4385 quo[3303]: The RAM feed is down, quantify the solid state capacitor so we can copy the THX transmitter!
<93>Dec 17 17:49:19 bergnaum6602 nulla[7326]: Use the neural AI bandwidth, then you can calculate the wireless application!
<178>Dec 17 17:49:19 purdy6408 et[7484]: Use the open-source HDD bandwidth, then you can bypass the back-end program!
<100>Dec 17 17:49:19 trantow5457 eveniet[1736]: Connecting the firewall won't do anything, we need to override the virtual TCP card!
<13>Dec 17 17:49:19 glover8225 architecto[1818]: Calculating the circuit won't do anything, we need to input the online THX application!
<102>Dec 17 17:49:19 raynor6644 voluptas[8648]: If we bypass the matrix, we can get to the GB bandwidth through the solid state RAM pixel!
<67>Dec 17 17:49:19 hauck7583 asperiores[4009]: Use the primary HTTP program, then you can copy the bluetooth monitor!
<139>Dec 17 17:49:19 hamill7037 perspiciatis[6937]: If we generate the monitor, we can get to the HDD array through the online SMTP driver!
<60>Dec 17 17:49:20 towne5587 quae[7782]: user=arshad_somani password=u8H7zARtwX status=rejected
<60>Dec 17 17:49:21 towne5587 quae[7782]: user=serena_tejani_rahemtulla password=L9WeqtVy1DSy status=rejected
<60>Dec 17 17:49:23 towne5587 quae[7782]: user=amin_jaffer password=EKtXK3LDi status=rejected
<90>Dec 17 17:49:19 bednar8657 qui[912]: If we synthesize the sensor, we can get to the THX alarm through the virtual HTTP capacitor!
<148>Dec 17 17:49:19 gerhold8820 commodi[2912]: The SSL array is down, copy the digital transmitter so we can calculate the FTP system!
<131>Dec 17 17:49:19 kilback5458 est[3115]: If we parse the interface, we can get to the SQL sensor through the virtual USB monitor!
<45>Dec 17 17:49:19 ankunding4033 sit[3305]: The FTP card is down, bypass the virtual alarm so we can input the SCSI program!
<51>Dec 17 17:49:19 jacobs4087 et[938]: The CSS port is down, hack the haptic bandwidth so we can calculate the USB monitor!
<156>Dec 17 17:49:19 muller3412 illo[3823]: Try to hack the USB alarm, maybe it will bypass the open-source array!
<116>Dec 17 17:49:19 murazik8377 aut[7149]: I'Ll synthesize the back-end XSS microchip, that should alarm the THX panel!
<162>Dec 17 17:49:19 walter5502 est[6659]: Indexing the transmitter won't do anything, we need to compress the optical TCP port!
<141>Dec 17 17:49:19 kuhic8317 suscipit[5068]: Use the mobile GB bandwidth, then you can synthesize the online circuit!
<185>Dec 17 17:49:19 bernhard5445 natus[6302]: Use the auxiliary PNG pixel, then you can input the haptic port!
<106>Dec 17 17:49:19 parisian6526 magnam[6655]: Try to index the JSON sensor, maybe it will compress the wireless bus!
<15>Dec 17 17:49:19 kozey6454 nobis[3435]: If we override the capacitor, we can get to the AI program through the bluetooth SMTP protocol!
<60>Dec 17 17:49:23 towne5587 quae[7782]: user=sajoo password=N10julw8 status=rejected
<146>Dec 17 17:49:19 baumbach6713 in[4843]: If we transmit the capacitor, we can get to the JBOD card through the bluetooth THX circuit!
<60>Dec 17 17:49:23 towne5587 quae[7782]: user=aziz_kapadia password=FkfLHh6L status=rejected
<29>Dec 17 17:49:19 swift6145 dolore[7153]: Try to copy the HTTP matrix, maybe it will connect the redundant program!
<183>Dec 17 17:49:19 stehr5371 illum[4081]: I'Ll index the neural HDD array, that should card the FTP driver!
<154>Dec 17 17:49:19 rogahn3035 nihil[648]: You can't generate the program without hacking the digital SCSI sensor!
<161>Dec 17 17:49:19 christiansen3165 quo[9437]: Use the mobile HDD firewall, then you can transmit the 1080p interface!
<183>Dec 17 17:49:19 berge6481 commodi[3965]: Try to synthesize the XML feed, maybe it will parse the solid state alarm!
<143>Dec 17 17:49:19 bode6560 occaecati[9835]: If we calculate the card, we can get to the JBOD application through the primary SAS alarm!
<42>Dec 17 17:49:19 ziemann3277 aut[8307]: The HTTP hard drive is down, transmit the solid state port so we can transmit the HDD firewall!
<10>Dec 17 17:49:19 white8822 est[7101]: I'Ll calculate the open-source IB matrix, that should capacitor the EXE circuit!
<60>Dec 17 17:49:23 towne5587 quae[7782]: user=salim_gheewalla password=gJfQUUh03nbh status=rejected
<60>Dec 17 17:49:26 towne5587 quae[7782]: user=salim_notta password=1mRIyZivXr358f status=rejected
<38>Dec 17 17:49:19 heaney4722 dolores[4151]: Quantifying the hard drive won't do anything, we need to override the auxiliary COM array!
<133>Dec 17 17:49:19 pagac8167 est[1591]: If we index the program, we can get to the COM hard drive through the 1080p FTP panel!
<185>Dec 17 17:49:19 davis4608 autem[380]: Backing up the program won't do anything, we need to index the redundant SMTP bandwidth!
<76>Dec 17 17:49:19 osinski7361 et[5453]: I'Ll synthesize the primary HTTP hard drive, that should system the COM pixel!
<60>Dec 17 17:49:23 towne5587 quae[7782]: user=rozi password=XDcT1jzD status=rejected
<70>Dec 17 17:49:19 reichel3417 est[5163]: I'Ll reboot the online TCP sensor, that should bus the THX capacitor!
<121>Dec 17 17:49:19 deckow7231 ut[5467]: We need to calculate the multi-byte AGP monitor!
<60>Dec 17 17:49:24 towne5587 quae[7782]: user=aly_a password=0rH8S0jgGNPH status=rejected
<126>Dec 17 17:49:19 abbott2207 sunt[1377]: Try to bypass the AGP interface, maybe it will hack the bluetooth circuit!
<127>Dec 17 17:49:19 sipes2871 est[7007]: The SCSI matrix is down, connect the primary microchip so we can parse the HTTP pixel!
<162>Dec 17 17:49:19 bednar8824 dicta[6300]: Use the solid state USB hard drive, then you can override the virtual feed!
<60>Dec 17 17:49:24 towne5587 quae[7782]: user=iliyan_momin password=0RYRZW0QiQ9 status=rejected
<122>Dec 17 17:49:19 deckow8772 dolor[5624]: The FTP port is down, copy the 1080p sensor so we can override the TCP sensor!
<60>Dec 17 17:49:21 towne5587 quae[7782]: user=shehzad_merchant password=Yl2YYvzZUYvn status=rejected
<60>Dec 17 17:49:22 towne5587 quae[7782]: user=serena_tejani_rahemtulla password=C4czFrdGg3p1 status=rejected
<51>Dec 17 17:49:19 mcdermott2454 quo[8869]: Use the digital FTP transmitter, then you can calculate the back-end capacitor!
<115>Dec 17 17:49:19 streich7082 suscipit[9282]: Quantifying the hard drive won't do anything, we need to hack the online XSS sensor!
<48>Dec 17 17:49:19 harber7454 aperiam[9654]: Use the wireless ADP sensor, then you can quantify the online bandwidth!
<115>Dec 17 17:49:19 sauer1001 ut[4680]: If we program the interface, we can get to the GB hard drive through the auxiliary RSS firewall!
<19>Dec 17 17:49:19 kassulke3253 consequuntur[4335]: I'Ll quantify the back-end HDD matrix, that should system the EXE microchip!
<60>Dec 17 17:49:19 spencer5226 consequuntur[7893]: Use the multi-byte SSL alarm, then you can connect the multi-byte interface!
<135>Dec 17 17:49:19 weimann7721 consequatur[6311]: Navigating the alarm won't do anything, we need to connect the digital ADP firewall!
<130>Dec 17 17:49:19 mueller7426 in[1896]: Use the optical PNG matrix, then you can bypass the digital feed!
<49>Dec 17 17:49:19 herman1254 maxime[485]: Indexing the application won't do anything, we need to bypass the online EXE pixel!
<127>Dec 17 17:49:19 ryan1736 eum[4155]: The ADP hard drive is down, compress the cross-platform hard drive so we can back up the USB system!
<108>Dec 17 17:49:19 cruickshank2087 eligendi[8467]: The JBOD circuit is down, transmit the back-end array so we can calculate the RAM bandwidth!
<179>Dec 17 17:49:19 lockman6767 consequatur[8182]: Parsing the interface won't do anything, we need to override the optical SMS monitor!
<161>Dec 17 17:49:19 schumm5163 amet[5249]: Indexing the bandwidth won't do anything, we need to index the solid state SAS matrix!
<60>Dec 17 17:49:21 towne5587 quae[7782]: user=samir password=q1hBs1JkdDPN status=rejected
<60>Dec 17 17:49:24 towne5587 quae[7782]: user=amin_jaffer password=cmAIJLXD status=rejected
<157>Dec 17 17:49:19 bode8245 provident[5489]: I'Ll navigate the mobile RSS driver, that should card the EXE circuit!
<115>Dec 17 17:49:19 hamill8864 dolores[5392]: Hacking the array won't do anything, we need to transmit the virtual PNG application!
<177>Dec 17 17:49:19 jacobs1417 quis[2714]: If we quantify the driver, we can get to the SAS card through the multi-byte FTP feed!
<179>Dec 17 17:49:19 blick8685 a[1473]: We need to index the bluetooth THX panel!
<16>Dec 17 17:49:19 gottlieb1477 voluptatem[3555]: If we reboot the protocol, we can get to the GB driver through the redundant ADP capacitor!
<60>Dec 17 17:49:20 towne5587 quae[7782]: user=iliyan_momin password=KW3HnOEYOaGYD status=rejected
<171>Dec 17 17:49:19 kiehn8715 consequuntur[1298]: We need to connect the primary SCSI transmitter!
<132>Dec 17 17:49:19 christiansen8870 quis[8448]: You can't synthesize the driver without programming the open-source AGP array!
<60>Dec 17 17:49:23 towne5587 quae[7782]: user=hadi_ibrahimi password=nyJsg7W015 status=rejected
<99>Dec 17 17:49:19 upton4812 delectus[7585]: We need to connect the optical TCP port!
<72>Dec 17 17:49:19 goldner1054 atque[9202]: Use the 1080p SAS monitor, then you can generate the mobile firewall!
<90>Dec 17 17:49:19 powlowski2488 consequatur[3905]: Try to generate the HDD feed, maybe it will generate the virtual capacitor!
<73>Dec 17 17:49:19 weber5323 quod[7179]: Use the back-end SSL transmitter, then you can connect the mobile capacitor!
<143>Dec 17 17:49:19 bauch3287 vel[7147]: The AGP transmitter is down, override the digital microchip so we can index the EXE program!
<165>Dec 17 17:49:19 ratke6102 dolores[7437]: Try to compress the PCI program, maybe it will synthesize the bluetooth interface!
<60>Dec 17 17:49:21 towne5587 quae[7782]: user=khizrali_kradiya password=k83NyyCdWfPt status=rejected
<60>Dec 17 17:49:23 towne5587 quae[7782]: user=aly_ali password=MdgN4GGclH7ns status=rejected
<173>Dec 17 17:49:19 schulist1818 sunt[120]: Try to index the FTP transmitter, maybe it will input the wireless feed!
<177>Dec 17 17:49:19 beatty3048 incidunt[8954]: Use the redundant RSS feed, then you can override the online matrix!
<108>Dec 17 17:49:19 barrows5354 consectetur[6767]: We need to transmit the neural IB system!
<60>Dec 17 17:49:21 towne5587 quae[7782]: user=hussein_din password=4Z153lli status=rejected
<178>Dec 17 17:49:19 beahan5038 magnam[6287]: Synthesizing the panel won't do anything, we need to quantify the online GB monitor!
<21>Dec 17 17:49:19 okuneva4264 cupiditate[3423]: Try to index the AI driver, maybe it will connect the virtual monitor!
<130>Dec 17 17:49:19 morar3818 expedita[2556]: Use the haptic USB protocol, then you can index the multi-byte microchip!
<86>Dec 17 17:49:19 strosin5626 sit[5577]: Try to connect the CSS sensor, maybe it will navigate the open-source hard drive!
<184>Dec 17 17:49:19 rempel7437 illum[8383]: If we calculate the card, we can get to the PNG array through the primary SAS application!
<189>Dec 17 17:49:19 prosacco4601 tempore[7150]: The EXE protocol is down, copy the back-end circuit so we can compress the AI matrix!
<60>Dec 17 17:49:22 towne5587 quae[7782]: user=shehzad_merchant password=ro3bV9YE status=rejected
<29>Dec 17 17:49:19 cole2012 dolorum[1985]: You can't quantify the bandwidth without bypassing the online SDD driver!
<60>Dec 17 17:49:20 towne5587 quae[7782]: user=zoheb_makani password=qr1VNXow0h status=rejected
<60>Dec 17 17:49:22 towne5587 quae[7782]: user=asif password=NwlCxWCFambp status=rejected
<55>Dec 17 17:49:19 hayes4078 placeat[5192]: I'Ll generate the virtual SMTP program, that should microchip the XSS microchip!
<11>Dec 17 17:49:19 bradtke4640 doloremque[7073]: I'Ll connect the wireless FTP matrix, that should port the ADP protocol!
<171>Dec 17 17:49:19 conn3222 dolor[6250]: I'Ll synthesize the optical TCP alarm, that should array the SDD protocol!
<43>Dec 17 17:49:19 effertz4705 nulla[3964]: If we parse the interface, we can get to the RAM bus through the back-end HTTP monitor!
<122>Dec 17 17:49:19 rath8401 nemo[2159]: The SQL firewall is down, calculate the neural firewall so we can index the JSON alarm!
<60>Dec 17 17:49:23 towne5587 quae[7782]: user=mahek_ramzan password=HZGJpemsmDRR status=rejected
<171>Dec 17 17:49:19 renner8027 molestias[1830]: Overriding the matrix won't do anything, we need to program the virtual IB firewall!
<129>Dec 17 17:49:19 gibson2087 iste[6766]: I'Ll program the redundant XML driver, that should monitor the COM sensor!
<60>Dec 17 17:49:24 towne5587 quae[7782]: user=aziz_kapadia password=Z5EU0U0tHvnky status=rejected
<182>Dec 17 17:49:19 miller6508 esse[1840]: Try to override the JSON panel, maybe it will copy the haptic driver!
<71>Dec 17 17:49:19 pfannerstill1555 exercitationem[7143]: I'Ll copy the wireless SDD alarm, that should firewall the COM alarm!
<17>Dec 17 17:49:19 rowe5853 suscipit[7072]: We need to copy the primary HDD firewall!
<11>Dec 17 17:49:19 sauer8817 ipsum[528]: I'Ll parse the cross-platform SDD feed, that should transmitter the GB application!
<103>Dec 17 17:49:19 toy6148 quos[692]: Compressing the bandwidth won't do anything, we need to hack the cross-platform SQL transmitter!
<107>Dec 17 17:49:19 effertz1670 inventore[7053]: The SMS monitor is down, calculate the mobile card so we can index the XML port!
<2>Dec 17 17:49:19 nader7423 iste[4043]: I'Ll bypass the wireless SMS card, that should transmitter the HTTP pixel!
<60>Dec 17 17:49:20 towne5587 quae[7782]: user=akber_hussain password=DcM6CSQXVFD status=rejected
<166>Dec 17 17:49:19 oberbrunner2840 debitis[5186]: Bypassing the interface won't do anything, we need to copy the 1080p SMTP pixel!
<53>Dec 17 17:49:19 collier1285 sed[2398]: Use the wireless FTP sensor, then you can parse the multi-byte circuit!
<90>Dec 17 17:49:19 abshire2743 voluptatem[7105]: We need to reboot the digital FTP bus!
<154>Dec 17 17:49:19 mayer5781 distinctio[9687]: Try to synthesize the SDD port, maybe it will generate the primary matrix!
<26>Dec 17 17:49:19 hagenes5621 sit[3631]: Try to synthesize the USB sensor, maybe it will override the primary protocol!
<121>Dec 17 17:49:19 damore3736 voluptatibus[9898]: Use the virtual SSL protocol, then you can navigate the optical application!
<60>Dec 17 17:49:24 towne5587 quae[7782]: user=farez_vadsaria password=5p23IVNdFRVE status=rejected
<60>Dec 17 17:49:29 towne5587 quae[7782]: user=aly_ali password=QfTrPtEzc19m status=rejected
<122>Dec 17 17:49:19 turcotte6014 provident[2674]: If we override the firewall, we can get to the PNG program through the auxiliary USB panel!
<86>Dec 17 17:49:19 ryan1208 rem[2475]: Use the bluetooth AGP panel, then you can input the bluetooth interface!
<39>Dec 17 17:49:19 corkery4568 culpa[1102]: If we synthesize the microchip, we can get to the IB protocol through the back-end GB bandwidth!
<84>Dec 17 17:49:19 streich7788 cumque[8942]: We need to navigate the auxiliary XSS matrix!
<60>Dec 17 17:49:21 towne5587 quae[7782]: user=salim_notta password=fAv8guQnamj1S status=rejected
<43>Dec 17 17:49:19 flatley4875 odio[3220]: You can't index the array without programming the wireless AI pixel!
<77>Dec 17 17:49:19 nienow6234 provident[3084]: Parsing the monitor won't do anything, we need to connect the online HDD matrix!
<151>Dec 17 17:49:19 ferry7362 non[7925]: Use the multi-byte HDD driver, then you can bypass the optical alarm!
<60>Dec 17 17:49:23 towne5587 quae[7782]: user=raheel password=KHPUulfPfRfYd status=rejected
<47>Dec 17 17:49:19 koelpin5236 pariatur[4141]: Try to back up the XSS driver, maybe it will parse the auxiliary capacitor!
<185>Dec 17 17:49:19 grant4757 velit[1886]: Try to quantify the AI matrix, maybe it will index the optical application!
<8>Dec 17 17:49:19 parisian4287 qui[1948]: Try to quantify the ADP matrix, maybe it will synthesize the neural panel!
<101>Dec 17 17:49:19 schulist8737 consequatur[6818]: You can't hack the feed without parsing the back-end TCP capacitor!
<36>Dec 17 17:49:19 roberts5666 est[2917]: You can't calculate the alarm without connecting the multi-byte SSL protocol!
<60>Dec 17 17:49:21 towne5587 quae[7782]: user=ayaan_ajaney password=YqbggS0OkyF status=rejected
<43>Dec 17 17:49:19 pfeffer3787 tempore[3483]: I'Ll back up the optical XSS system, that should bandwidth the SAS bandwidth!
<136>Dec 17 17:49:19 damore6515 qui[2644]: Try to override the USB microchip, maybe it will compress the bluetooth feed!
<117>Dec 17 17:49:19 cremin2282 maxime[4577]: The FTP hard drive is down, override the bluetooth alarm so we can index the USB port!
<140>Dec 17 17:49:19 pagac3444 vel[5540]: If we generate the interface, we can get to the HTTP transmitter through the open-source ADP hard drive!
<16>Dec 17 17:49:19 mcdermott6475 magni[8487]: You can't parse the port without parsing the digital HDD pixel!
<48>Dec 17 17:49:19 bednar4457 ut[55]: Try to calculate the SAS capacitor, maybe it will generate the digital protocol!
<18>Dec 17 17:49:19 vonrueden8716 et[7830]: The SMTP program is down, program the bluetooth array so we can calculate the HDD array!
<60>Dec 17 17:49:21 towne5587 quae[7782]: user=moses_merchant password=y8mDk4IhHo7EeM status=rejected
<109>Dec 17 17:49:19 turcotte8010 aut[9019]: Use the auxiliary PCI hard drive, then you can quantify the wireless microchip!
<60>Dec 17 17:49:21 towne5587 quae[7782]: user=asad password=mWlBbYBn6ZiPw status=rejected
