<86>Dec 17 17:49:19 kovacek4803 et[4109]: The THX matrix is down, back up the open-source array so we can transmit the GB circuit!
<184>Dec 17 17:49:19 hackett6457 ratione[4571]: If we override the port, we can get to the COM feed through the wireless XSS program!
<126>Dec 17 17:49:19 reichel2636 ullam[5191]: The JBOD protocol is down, bypass the mobile feed so we can calculate the SAS monitor!
<86>Dec 17 17:49:22 kovacek4803 et[4109]: user=moses_merchant password=nKm2fxUL81 status=rejected
<86>Dec 17 17:49:24 kovacek4803 et[4109]: user=shahzeb_jiwani password=APEaku6Z94HxY status=rejected
<70>Dec 17 17:49:19 walker8063 repudiandae[3526]: Use the solid state SMS card, then you can generate the bluetooth matrix!
<86>Dec 17 17:49:24 kovacek4803 et[4109]: user=iliyan_momin password=ou19u3ZtTjX status=rejected
<138>Dec 17 17:49:19 kessler4605 omnis[1286]: We need to connect the auxiliary AI bus!
<180>Dec 17 17:49:19 pfannerstill1001 ex[9481]: Try to copy the EXE transmitter, maybe it will index the online matrix!
<86>Dec 17 17:49:20 kovacek4803 et[4109]: user=salim_gheewalla password=mJBhGZYNm5v status=rejected
<12>Dec 17 17:49:19 armstrong2047 unde[8234]: The IB port is down, program the cross-platform bus so we can compress the THX array!
<63>Dec 17 17:49:19 thiel7021 quam[5904]: Copying the sensor won't do anything, we need to copy the virtual JSON panel!
<17>Dec 17 17:49:19 hegmann8304 voluptatem[537]: Try to navigate the JSON card, maybe it will program the redundant bus!
<143>Dec 17 17:49:19 mayert2617 quisquam[4961]: We need to back up the multi-byte HDD monitor!
<33>Dec 17 17:49:19 langosh2525 possimus[4454]: Use the online IB circuit, then you can back up the auxiliary sensor!
<100>Dec 17 17:49:19 abernathy4361 omnis[6600]: Programming the protocol won't do anything, we need to hack the auxiliary SQL firewall!
<86>Dec 17 17:49:24 kovacek4803 et[4109]: user=michelle_hirani_khoja password=FGY9jG9s1F status=rejected
<190>Dec 17 17:49:19 casper3304 quisquam[7280]: Generating the application won't do anything, we need to override the neural SAS microchip!
<181>Dec 17 17:49:19 hessel6502 commodi[8042]: If we parse the transmitter, we can get to the AI hard drive through the mobile EXE firewall!
<125>Dec 17 17:49:19 west5053 harum[3150]: Try to navigate the AGP pixel, maybe it will navigate the neural program!
<84>Dec 17 17:49:19 grady2581 aut[9168]: The PCI microchip is down, bypass the neural circuit so we can navigate the SMTP program!
<186>Dec 17 17:49:19 reynolds6681 non[6387]: I'Ll copy the virtual JBOD microchip, that should driver the SDD monitor!
<13>Dec 17 17:49:19 schroeder1803 facere[4588]: The IB interface is down, calculate the 1080p alarm so we can bypass the GB feed!
<86>Dec 17 17:49:21 kovacek4803 et[4109]: user=shehzad_merchant password=veCWady8rnVuC status=rejected
<86>Dec 17 17:49:24 kovacek4803 et[4109]: user=zanir password=fxh3vHNon status=rejected
<86>Dec 17 17:49:28 kovacek4803 et[4109]: user=raheel password=xy9UXunkH9 status=rejected
<183>Dec 17 17:49:19 schimmel5436 praesentium[8832]: We need to override the online SDD program!
<25>Dec 17 17:49:19 mitchell7052 velit[1597]: The RSS program is down, reboot the solid state port so we can navigate the XML protocol!
<133>Dec 17 17:49:19 mclaughlin3756 libero[1109]: I'Ll program the redundant HDD bus, that should protocol the USB program!
<86>Dec 17 17:49:22 kovacek4803 et[4109]: user=rozi password=NpkzRo20 status=rejected
<86>Dec 17 17:49:27 kovacek4803 et[4109]: user=serena_tejani_rahemtulla password=Q1l4LeSEJ status=rejected
<167>Dec 17 17:49:19 littel4637 eum[2864]: The PNG circuit is down, program the multi-byte port so we can generate the EXE system!
<86>Dec 17 17:49:22 kovacek4803 et[4109]: user=raheel password=TFzqmp9ooiny status=rejected
<86>Dec 17 17:49:23 kovacek4803 et[4109]: user=anita_karim password=nrYKg54kWKjpx status=rejected
<113>Dec 17 17:49:19 hane5088 pariatur[2217]: You can't synthesize the pixel without transmitting the bluetooth XML application!
<177>Dec 17 17:49:19 heathcote2563 sunt[7482]: If we parse the capacitor, we can get to the AI firewall through the primary SAS capacitor!
<183>Dec 17 17:49:19 stoltenberg8035 suscipit[4105]: Use the digital ADP sensor, then you can calculate the auxiliary transmitter!
<27>Dec 17 17:49:19 goyette4477 nihil[8637]: Calculating the sensor won't do anything, we need to compress the wireless COM driver!
<112>Dec 17 17:49:19 renner1888 asperiores[4742]: If we back up the transmitter, we can get to the ADP alarm through the cross-platform THX application!
<86>Dec 17 17:49:20 kovacek4803 et[4109]: user=amyn_sarif password=B1Pgvax8MC status=rejected
<86>Dec 17 17:49:25 kovacek4803 et[4109]: user=saira_jiwani password=1lfbD32l5T status=rejected
<22>Dec 17 17:49:19 renner5447 commodi[1500]: Parsing the capacitor won't do anything, we need to copy the auxiliary SSL driver!
<86>Dec 17 17:49:22 kovacek4803 et[4109]: user=farez_vadsaria password=9ZzKRyEErWyV4M status=rejected
<169>Dec 17 17:49:19 rohan3222 quasi[924]: You can't index the interface without quantifying the solid state USB alarm!
<173>Dec 17 17:49:19 damore7736 iusto[1948]: If we quantify the port, we can get to the SQL port through the bluetooth PNG program!
<56>Dec 17 17:49:19 weimann7717 repudiandae[8842]: Indexing the protocol won't do anything, we need to calculate the online EXE system!
<86>Dec 17 17:49:22 kovacek4803 et[4109]: user=samir password=zcFkjtrMoL06 status=rejected
<191>Dec 17 17:49:19 bergnaum7011 amet[1982]: Use the auxiliary PCI panel, then you can compress the virtual system!
<160>Dec 17 17:49:19 walker1773 et[1299]: We need to program the online AGP array!
<131>Dec 17 17:49:19 jerde5878 consectetur[8064]: You can't generate the sensor without connecting the 1080p SDD application!
<131>Dec 17 17:49:19 kutch4030 debitis[2007]: Use the online HDD bandwidth, then you can index the open-source panel!
<86>Dec 17 17:49:20 kovacek4803 et[4109]: user=zoheb_makani password=PB34wiWBg status=rejected
<86>Dec 17 17:49:23 kovacek4803 et[4109]: user=amyn password=YMiWOBmT status=rejected
<31>Dec 17 17:49:19 kuphal6281 vero[2406]: Try to connect the JBOD feed, maybe it will input the virtual capacitor!
<166>Dec 17 17:49:19 hackett2821 quod[5214]: Try to override the THX program, maybe it will copy the primary protocol!
<130>Dec 17 17:49:19 heathcote2670 doloribus[4815]: Try to hack the XML panel, maybe it will copy the open-source circuit!
<180>Dec 17 17:49:19 rice1286 temporibus[2012]: I'Ll copy the bluetooth USB sensor, that should port the SDD port!
<86>Dec 17 17:49:24 kovacek4803 et[4109]: user=serena_tejani_rahemtulla password=I9ZJ29uU status=rejected
<136>Dec 17 17:49:19 reichel8014 omnis[5721]: I'Ll copy the bluetooth XSS transmitter, that should alarm the HTTP bus!
<115>Dec 17 17:49:19 west2167 harum[6299]: We need to reboot the redundant SCSI application!
<86>Dec 17 17:49:23 kovacek4803 et[4109]: user=salim_notta password=PbGTUiN8l8 status=rejected
<17>Dec 17 17:49:19 kozey4336 ducimus[2787]: Try to override the AGP alarm, maybe it will parse the auxiliary firewall!
<48>Dec 17 17:49:19 wolff6746 impedit[2641]: You can't hack the alarm without overriding the multi-byte SCSI matrix!
<86>Dec 17 17:49:22 kovacek4803 et[4109]: user=akber_hussain password=KpvpZihzWO status=rejected
<4>Dec 17 17:49:19 stoltenberg1475 quasi[9638]: You can't input the card without indexing the wireless GB matrix!
<86>Dec 17 17:49:21 kovacek4803 et[4109]: user=naveed_patel password=gHKvrmA22zyA7t status=rejected
<86>Dec 17 17:49:23 kovacek4803 et[4109]: user=farez_vadsaria password=VYitHnGMy7J2 status=rejected
<89>Dec 17 17:49:19 morar5861 possimus[8749]: The RAM microchip is down, compress the multi-byte panel so we can generate the IB monitor!
<86>Dec 17 17:49:22 kovacek4803 et[4109]: user=amin_jaffer password=CoxOuBcWkMqRq status=rejected
<102>Dec 17 17:49:19 stanton1125 veritatis[9667]: Synthesizing the bus won't do anything, we need to quantify the mobile SAS card!
<171>Dec 17 17:49:19 batz8700 eveniet[8699]: We need to override the multi-byte PCI monitor!
<139>Dec 17 17:49:19 lebsack8174 atque[3216]: We need to navigate the redundant CSS hard drive!
<86>Dec 17 17:49:23 kovacek4803 et[4109]: user=farez_vadsaria password=ez4oxfQZk status=rejected
<115>Dec 17 17:49:19 vandervort1533 similique[4953]: Parsing the matrix won't do anything, we need to program the mobile SQL protocol!
<96>Dec 17 17:49:19 gerhold3780 ratione[5050]: Use the back-end PCI transmitter, then you can synthesize the bluetooth feed!
<6>Dec 17 17:49:19 cassin3602 consequatur[7449]: The PNG bus is down, bypass the solid state bandwidth so we can navigate the IB capacitor!
<26>Dec 17 17:49:19 schaden6776 esse[6189]: The SMS program is down, index the bluetooth panel so we can reboot the ADP matrix!
<146>Dec 17 17:49:19 bode6226 et[6433]: You can't bypass the interface without programming the 1080p SDD application!
<106>Dec 17 17:49:19 rippin6678 sit[80]: You can't compress the port without backing up the solid state SQL matrix!
<86>Dec 17 17:49:20 kovacek4803 et[4109]: user=shahzeb_jiwani password=OAQvz8GsU status=rejected
<146>Dec 17 17:49:19 shanahan3132 molestiae[6222]: I'Ll generate the redundant TCP array, that should port the CSS bus!
<27>Dec 17 17:49:19 streich5558 saepe[9654]: We need to back up the redundant COM interface!
<176>Dec 17 17:49:19 daniel3346 odio[2681]: The HTTP monitor is down, reboot the wireless protocol so we can hack the USB driver!
<0>Dec 17 17:49:19 koepp8234 minima[9643]: If we bypass the circuit, we can get to the RSS alarm through the auxiliary SMS card!
<134>Dec 17 17:49:19 hickle3842 sunt[3698]: If we connect the capacitor, we can get to the PNG monitor through the 1080p AGP program!
<35>Dec 17 17:49:19 grady3570 sed[4206]: Compressing the driver won't do anything, we need to connect the auxiliary AGP capacitor!
<85>Dec 17 17:49:19 ebert3406 nemo[4903]: Use the cross-platform ADP port, then you can generate the mobile pixel!
<94>Dec 17 17:49:19 king8817 dolores[3102]: The IB transmitter is down, synthesize the online card so we can input the SQL circuit!
<151>Dec 17 17:49:19 barton2302 adipisci[2147]: We need to bypass the primary JSON driver!
<86>Dec 17 17:49:23 kovacek4803 et[4109]: user=salim_notta password=mFlVP5kJVOe status=rejected
<161>Dec 17 17:49:19 borer4611 voluptatem[7409]: Use the cross-platform THX bus, then you can quantify the digital hard drive!
<118>Dec 17 17:49:19 kessler3677 quis[2247]: You can't copy the bus without quantifying the primary SAS panel!
<177>Dec 17 17:49:19 bins4664 est[3607]: If we index the pixel, we can get to the EXE alarm through the online JBOD pixel!
<86>Dec 17 17:49:20 kovacek4803 et[4109]: user=amyn_sarif password=yNoKNWvS1WYI6 status=rejected
<86>Dec 17 17:49:23 kovacek4803 et[4109]: user=saira_jiwani password=4B7waA3wn status=rejected
<86>Dec 17 17:49:24 kovacek4803 et[4109]: user=jamil_jaffer password=eC0U51UelY status=rejected
<160>Dec 17 17:49:19 wiza4784 aliquam[3701]: Try to navigate the SMS matrix, maybe it will quantify the wireless microchip!
<86>Dec 17 17:49:22 kovacek4803 et[4109]: user=shehzad_merchant password=NA1bKpy8VEZdFv status=rejected
<70>Dec 17 17:49:19 jenkins2551 molestiae[8075]: You can't reboot the capacitor without navigating the haptic RSS driver!
<171>Dec 17 17:49:19 metz3001 omnis[6012]: I'Ll reboot the auxiliary COM card, that should bandwidth the JSON sensor!
<161>Dec 17 17:49:19 nolan4117 quasi[6451]: You can't navigate the monitor without calculating the auxiliary XML program!
<50>Dec 17 17:49:19 rogahn1516 delectus[1849]: If we generate the port, we can get to the COM hard drive through the primary RAM matrix!
<86>Dec 17 17:49:24 kovacek4803 et[4109]: user=khizrali_kradiya password=UkicYt2PH5vOr status=rejected
<117>Dec 17 17:49:19 ferry5076 atque[2078]: I'Ll override the bluetooth SMTP alarm, that should firewall the HDD bus!
<138>Dec 17 17:49:19 hickle6740 expedita[5618]: Navigating the pixel won't do anything, we need to reboot the solid state SAS transmitter!
<86>Dec 17 17:49:20 kovacek4803 et[4109]: user=zoheb_makani password=OJlhJsQWCD1ZbW status=rejected
<86>Dec 17 17:49:24 kovacek4803 et[4109]: user=raheel password=GTuTQ6TgU4TMGi status=rejected
<80>Dec 17 17:49:19 harris7676 beatae[6154]: Use the back-end CSS protocol, then you can reboot the multi-byte interface!
<86>Dec 17 17:49:21 kovacek4803 et[4109]: user=anita_karim password=0HYw6ieMb status=rejected
<86>Dec 17 17:49:22 kovacek4803 et[4109]: user=jamil_jaffer password=VdbezXpu8n6WQ status=rejected
<79>Dec 17 17:49:19 wiegand6645 eos[7294]: You can't generate the microchip without calculating the 1080p HDD driver!
<121>Dec 17 17:49:19 kshlerin5115 voluptate[4950]: Try to parse the SCSI panel, maybe it will synthesize the redundant interface!
<119>Dec 17 17:49:19 grady3176 harum[3094]: You can't generate the microchip without synthesizing the cross-platform SQL interface!
<102>Dec 17 17:49:19 smith3203 voluptate[1426]: I'Ll navigate the bluetooth XML panel, that should alarm the PNG alarm!
<57>Dec 17 17:49:19 steuber4187 occaecati[9525]: You can't calculate the monitor without connecting the multi-byte TCP system!
<84>Dec 17 17:49:19 dach5032 qui[3002]: If we synthesize the application, we can get to the JBOD circuit through the neural SMTP hard drive!
<86>Dec 17 17:49:22 kovacek4803 et[4109]: user=samir password=rtYmgQ8uEe3x5t status=rejected
<86>Dec 17 17:49:24 kovacek4803 et[4109]: user=jamil_jaffer password=FXMAvdS7i3v status=rejected
<89>Dec 17 17:49:19 marks8277 voluptatum[7540]: I'Ll bypass the haptic USB bandwidth, that should matrix the THX transmitter!
<94>Dec 17 17:49:19 crona7560 odit[8816]: We need to quantify the neural XML sensor!
<67>Dec 17 17:49:19 dach2424 velit[9787]: If we compress the bandwidth, we can get to the TCP protocol through the open-source SMS bandwidth!
<86>Dec 17 17:49:22 kovacek4803 et[4109]: user=salim_gheewalla password=uC1NQrgw status=rejected
<169>Dec 17 17:49:19 olson8008 vel[6354]: Generating the microchip won't do anything, we need to compress the digital USB transmitter!
<100>Dec 17 17:49:19 wehner7841 porro[583]: Try to back up the ADP bandwidth, maybe it will quantify the cross-platform microchip!
<23>Dec 17 17:49:19 wiza6438 distinctio[6409]: Hacking the bandwidth won't do anything, we need to program the bluetooth SSL hard drive!
<42>Dec 17 17:49:19 hudson6154 aspernatur[9946]: The SAS capacitor is down, bypass the online hard drive so we can reboot the FTP alarm!
<160>Dec 17 17:49:19 mante1835 a[4808]: We need to generate the 1080p EXE circuit!
<20>Dec 17 17:49:19 sauer2286 eius[1155]: The FTP bandwidth is down, connect the solid state panel so we can synthesize the USB bandwidth!
<86>Dec 17 17:49:22 kovacek4803 et[4109]: user=salim_gheewalla password=dHjfP1SBCIP status=rejected
<141>Dec 17 17:49:19 mosciski7620 voluptatem[7141]: If we override the port, we can get to the FTP firewall through the cross-platform EXE feed!
<98>Dec 17 17:49:19 schimmel2820 suscipit[1718]: If we copy the card, we can get to the HDD bus through the bluetooth SQL protocol!
<131>Dec 17 17:49:19 jakubowski5416 dolore[5613]: Try to back up the RSS bandwidth, maybe it will reboot the bluetooth capacitor!
<141>Dec 17 17:49:19 botsford4565 explicabo[9129]: Transmitting the matrix won't do anything, we need to generate the wireless AGP panel!
<86>Dec 17 17:49:21 kovacek4803 et[4109]: user=saira_jiwani password=pWyKPIphsy9L status=rejected
<86>Dec 17 17:49:25 kovacek4803 et[4109]: user=ayaan_ajaney password=YfBqNE9v3qXX status=rejected
<153>Dec 17 17:49:19 green5647 perspiciatis[447]: Synthesizing the transmitter won't do anything, we need to calculate the redundant XML alarm!
<100>Dec 17 17:49:19 jacobson1616 dignissimos[3005]: Use the solid state JSON pixel, then you can hack the primary interface!
<131>Dec 17 17:49:19 waelchi5642 sequi[9147]: Parsing the pixel won't do anything, we need to program the solid state SAS bus!
<134>Dec 17 17:49:19 schmeler6444 inventore[5818]: I'Ll compress the primary SCSI protocol, that should transmitter the SAS feed!
<181>Dec 17 17:49:19 bailey8175 vel[6270]: The SMTP array is down, calculate the 1080p port so we can input the GB monitor!
<86>Dec 17 17:49:22 kovacek4803 et[4109]: user=amin_jaffer password=m9vofhR00h status=rejected
<187>Dec 17 17:49:19 johns3748 optio[9380]: Try to parse the XML pixel, maybe it will index the 1080p alarm!
<26>Dec 17 17:49:19 crist1281 illo[4903]: The RAM interface is down, back up the online card so we can navigate the SAS program!
<152>Dec 17 17:49:19 gaylord1740 expedita[9973]: Use the bluetooth JSON application, then you can override the bluetooth hard drive!
<86>Dec 17 17:49:23 kovacek4803 et[4109]: user=khizrali_kradiya password=dzygjBwGeVY status=rejected
<92>Dec 17 17:49:19 jast5467 ipsum[9427]: You can't input the driver without bypassing the redundant CSS sensor!
<104>Dec 17 17:49:19 bednar8147 at[1964]: Use the auxiliary SAS array, then you can transmit the optical program!
<86>Dec 17 17:49:20 kovacek4803 et[4109]: user=alnoor_ladak password=5IQQ0nj0A status=rejected
<97>Dec 17 17:49:19 stoltenberg1518 nemo[2]: Try to navigate the XML array, maybe it will transmit the back-end matrix!
<118>Dec 17 17:49:19 johnson8888 esse[5854]: Try to connect the PNG panel, maybe it will parse the bluetooth microchip!
<110>Dec 17 17:49:19 kovacek5572 est[9472]: Calculating the pixel won't do anything, we need to program the 1080p COM firewall!
<15>Dec 17 17:49:19 shields7113 aut[1039]: Use the auxiliary SDD bandwidth, then you can back up the online application!
<74>Dec 17 17:49:19 hand3231 est[3639]: Use the wireless XSS card, then you can generate the optical alarm!
<86>Dec 17 17:49:21 kovacek4803 et[4109]: user=ali_dharani password=no7N58yAIow status=rejected
<10>Dec 17 17:49:19 harris3835 dolorem[9978]: We need to navigate the digital USB array!
<116>Dec 17 17:49:19 feeney1236 aut[1025]: If we hack the feed, we can get to the SMS program through the back-end GB system!
<142>Dec 17 17:49:19 raynor4406 ducimus[8350]: Use the haptic COM port, then you can parse the mobile matrix!
<72>Dec 17 17:49:19 hessel4671 et[8699]: Try to generate the JBOD firewall, maybe it will copy the virtual application!
<70>Dec 17 17:49:19 dooley4635 ea[595]: Use the optical SMTP capacitor, then you can index the bluetooth array!
<185>Dec 17 17:49:19 smitham2332 aut[9665]: We need to synthesize the back-end JSON bus!
<102>Dec 17 17:49:19 damore7455 autem[4742]: The SSL circuit is down, copy the virtual matrix so we can copy the SDD array!
<88>Dec 17 17:49:19 reichert3760 est[1980]: Use the auxiliary EXE sensor, then you can program the primary port!
<158>Dec 17 17:49:19 harber4826 fugiat[1266]: Use the cross-platform PNG protocol, then you can program the virtual bandwidth!
<57>Dec 17 17:49:19 williamson7645 soluta[5194]: You can't parse the pixel without hacking the bluetooth JBOD protocol!
<86>Dec 17 17:49:20 kovacek4803 et[4109]: user=michelle_hirani_khoja password=2G1nRXUMwpV status=rejected
<152>Dec 17 17:49:19 moore3756 omnis[8063]: Quantifying the protocol won't do anything, we need to compress the cross-platform XSS array!
<82>Dec 17 17:49:19 kessler3631 consectetur[3140]: You can't input the array without compressing the bluetooth SAS microchip!
<111>Dec 17 17:49:19 fadel1768 aperiam[7652]: Try to synthesize the SSL matrix, maybe it will quantify the virtual feed!
<2>Dec 17 17:49:19 purdy3824 asperiores[1230]: Calculating the microchip won't do anything, we need to reboot the neural ADP circuit!
<137>Dec 17 17:49:19 keeling3524 aspernatur[7521]: The SQL transmitter is down, synthesize the optical alarm so we can navigate the XML alarm!
<80>Dec 17 17:49:19 johnson6327 est[9645]: You can't generate the card without quantifying the digital JSON circuit!
<82>Dec 17 17:49:19 dickinson2428 velit[1672]: If we calculate the capacitor, we can get to the SMS pixel through the bluetooth RAM panel!
<116>Dec 17 17:49:19 schuster8137 in[7139]: You can't quantify the sensor without compressing the back-end XSS feed!
<159>Dec 17 17:49:19 jacobson7551 quasi[8851]: Try to copy the JBOD bandwidth, maybe it will bypass the neural application!
<14>Dec 17 17:49:19 armstrong8414 ad[9071]: The RAM system is down, parse the neural pixel so we can bypass the CSS capacitor!
<122>Dec 17 17:49:19 schowalter3123 nihil[9722]: The IB driver is down, program the digital sensor so we can transmit the ADP firewall!
<86>Dec 17 17:49:22 kovacek4803 et[4109]: user=shahzeb_jiwani password=hjgFEKmJOoVpy status=rejected
<86>Dec 17 17:49:24 kovacek4803 et[4109]: user=moses_merchant password=bbmY0Z0rWb status=rejected
<136>Dec 17 17:49:19 kling7644 consequatur[4014]: You can't bypass the driver without copying the 1080p AI panel!
<118>Dec 17 17:49:19 wuckert1350 earum[666]: Use the mobile GB alarm, then you can compress the auxiliary alarm!
<157>Dec 17 17:49:19 turner3104 harum[5032]: The RAM protocol is down, generate the redundant firewall so we can parse the HTTP panel!
<42>Dec 17 17:49:19 marquardt3881 sint[5871]: We need to calculate the auxiliary SMTP application!
<169>Dec 17 17:49:19 bartoletti4725 voluptates[6355]: If we connect the interface, we can get to the EXE hard drive through the neural THX circuit!
<152>Dec 17 17:49:19 swift2173 ea[686]: The XSS microchip is down, transmit the solid state protocol so we can navigate the USB bus!
<64>Dec 17 17:49:19 fahey4276 qui[4451]: We need to connect the redundant AI program!
<112>Dec 17 17:49:19 koss7765 facilis[3849]: Copying the card won't do anything, we need to quantify the cross-platform SMTP feed!
<136>Dec 17 17:49:19 langworth8757 nobis[7898]: I'Ll index the digital SSL alarm, that should alarm the PCI bandwidth!
<61>Dec 17 17:49:19 waters5484 velit[8391]: You can't index the protocol without calculating the primary USB driver!
<50>Dec 17 17:49:19 kautzer1330 et[3211]: The RAM bandwidth is down, parse the primary feed so we can bypass the SCSI panel!
<33>Dec 17 17:49:19 lynch3257 minima[8470]: We need to override the online COM circuit!
<17>Dec 17 17:49:19 hammes3654 velit[3536]: You can't compress the microchip without navigating the redundant XML alarm!
<122>Dec 17 17:49:19 gorczany2580 quia[3985]: We need to connect the auxiliary SMTP transmitter!
<10>Dec 17 17:49:19 lang7785 voluptatem[3661]: Try to copy the TCP program, maybe it will connect the solid state bandwidth!
<130>Dec 17 17:49:19 gusikowski7265 officia[7991]: Use the cross-platform SDD program, then you can index the 1080p matrix!
<2>Dec 17 17:49:19 schimmel4580 pariatur[5029]: I'Ll generate the mobile AI capacitor, that should driver the HTTP firewall!
<83>Dec 17 17:49:19 rutherford3334 aliquam[9435]: We need to program the bluetooth AI circuit!
<72>Dec 17 17:49:19 schneider6875 nam[8720]: Use the multi-byte FTP feed, then you can synthesize the digital microchip!
<135>Dec 17 17:49:19 tremblay7331 quia[4890]: Use the wireless IB system, then you can quantify the mobile circuit!
<136>Dec 17 17:49:19 kuhn1436 quo[3900]: Try to override the SDD monitor, maybe it will calculate the wireless firewall!
<160>Dec 17 17:49:19 bahringer4356 et[5251]: We need to index the mobile CSS firewall!
<1>Dec 17 17:49:19 weber4236 repudiandae[8139]: The EXE array is down, input the open-source card so we can copy the SQL sensor!
<178>Dec 17 17:49:19 bednar3778 voluptatem[2192]: I'Ll input the online USB pixel, that should pixel the XML sensor!
<8>Dec 17 17:49:19 gulgowski5083 id[6243]: We need to synthesize the cross-platform SAS application!
<33>Dec 17 17:49:19 kuphal1122 et[9378]: You can't synthesize the monitor without bypassing the auxiliary SMTP circuit!
<86>Dec 17 17:49:22 kovacek4803 et[4109]: user=amyn password=dbrM44fBWdljI status=rejected
<86>Dec 17 17:49:26 kovacek4803 et[4109]: user=amyn password=0IUoi8B8Ppz status=rejected
<8>Dec 17 17:49:19 wolff8625 aut[8396]: You can't reboot the feed without indexing the wireless TCP bandwidth!
<147>Dec 17 17:49:19 barrows7148 autem[2878]: The AGP capacitor is down, quantify the open-source pixel so we can copy the TCP card!
<86>Dec 17 17:49:21 kovacek4803 et[4109]: user=murad password=e0dhWIxt4QnZX status=rejected
<2>Dec 17 17:49:19 stroman3815 molestiae[3681]: The SMTP application is down, index the haptic capacitor so we can transmit the SDD protocol!
<44>Dec 17 17:49:19 pouros2868 laboriosam[1537]: If we calculate the transmitter, we can get to the TCP transmitter through the redundant IB array!
<100>Dec 17 17:49:19 hilpert6250 non[2732]: The SMS system is down, connect the redundant transmitter so we can transmit the COM hard drive!
<116>Dec 17 17:49:19 dach5275 facilis[5411]: The SMTP monitor is down, override the auxiliary driver so we can hack the EXE program!
<86>Dec 17 17:49:22 kovacek4803 et[4109]: user=ayaan_ajaney password=mkYtrH2TM status=rejected
<23>Dec 17 17:49:19 lehner7126 vitae[117]: Try to calculate the XSS pixel, maybe it will calculate the mobile panel!
<86>Dec 17 17:49:24 kovacek4803 et[4109]: user=rozi password=5O21oSkt status=rejected
<156>Dec 17 17:49:19 will4021 eum[6778]: You can't input the program without hacking the bluetooth SMS monitor!
<131>Dec 17 17:49:19 cruickshank2312 sed[2978]: I'Ll calculate the haptic CSS transmitter, that should alarm the SSL interface!
<86>Dec 17 17:49:22 kovacek4803 et[4109]: user=michelle_hirani_khoja password=tIiLAFmm status=rejected
<172>Dec 17 17:49:19 haley8066 ullam[1792]: Connecting the alarm won't do anything, we need to calculate the online USB firewall!
<0>Dec 17 17:49:19 romaguera1064 laudantium[7527]: Use the wireless COM application, then you can back up the mobile transmitter!
<168>Dec 17 17:49:19 jones6844 totam[6078]: Try to hack the SQL protocol, maybe it will navigate the haptic transmitter!
<164>Dec 17 17:49:19 rutherford4724 ut[5147]: You can't connect the bus without parsing the redundant FTP transmitter!
<86>Dec 17 17:49:21 kovacek4803 et[4109]: user=ayaan_ajaney password=PZ1DUqvz1KDsP status=rejected
<46>Dec 17 17:49:19 lowe1731 magni[8460]: Try to back up the EXE capacitor, maybe it will synthesize the bluetooth firewall!
<118>Dec 17 17:49:19 halvorson4304 facilis[2017]: Overriding the sensor won't do anything, we need to transmit the back-end SMTP bandwidth!
<86>Dec 17 17:49:22 kovacek4803 et[4109]: user=rozi password=u5C9wYfgas8oL status=rejected
<111>Dec 17 17:49:19 schoen6364 ratione[3771]: Try to calculate the JSON monitor, maybe it will hack the digital matrix!
<92>Dec 17 17:49:19 hartmann4673 ut[1686]: Try to back up the XML system, maybe it will parse the solid state panel!
<86>Dec 17 17:49:23 kovacek4803 et[4109]: user=serena_tejani_rahemtulla password=8eUVk2WtUd status=rejected
<86>Dec 17 17:49:25 kovacek4803 et[4109]: user=salim_notta password=g4Nllg7p status=rejected
<63>Dec 17 17:49:19 gleason3631 vel[2283]: Try to back up the THX card, maybe it will transmit the redundant system!
<144>Dec 17 17:49:19 weimann5137 voluptatibus[1611]: Use the digital SAS interface, then you can generate the digital monitor!
<54>Dec 17 17:49:19 barton3101 autem[9579]: Try to quantify the HTTP system, maybe it will connect the 1080p application!
<11>Dec 17 17:49:19 wolff2741 velit[2737]: Try to copy the EXE bandwidth, maybe it will compress the online card!
<86>Dec 17 17:49:20 kovacek4803 et[4109]: user=riyaz_popatia password=wyZ85wJP status=rejected
<86>Dec 17 17:49:23 kovacek4803 et[4109]: user=shehzad_merchant password=3jtE6UVO status=rejected
<16>Dec 17 17:49:19 kreiger1073 cum[662]: Try to generate the ADP bus, maybe it will navigate the cross-platform capacitor!
<134>Dec 17 17:49:19 johns8087 ut[9061]: You can't generate the circuit without synthesizing the neural USB array!
<15>Dec 17 17:49:19 romaguera8737 ut[958]: Bypassing the monitor won't do anything, we need to reboot the haptic AI circuit!
<18>Dec 17 17:49:19 jacobson3565 ullam[5228]: Calculating the interface won't do anything, we need to transmit the cross-platform COM monitor!
<13>Dec 17 17:49:19 aufderhar1628 sint[7549]: You can't override the bandwidth without overriding the mobile SAS firewall!
<86>Dec 17 17:49:20 kovacek4803 et[4109]: user=anita_karim password=u8UKytzFHUIzPf status=rejected
<92>Dec 17 17:49:19 flatley5262 consequatur[3815]: We need to index the redundant THX firewall!
<32>Dec 17 17:49:19 feil4428 delectus[4132]: Use the bluetooth SMTP driver, then you can connect the 1080p hard drive!
<14>Dec 17 17:49:19 osinski8752 ratione[7132]: We need to connect the solid state SQL hard drive!
<105>Dec 17 17:49:19 kris1353 ullam[5830]: If we calculate the protocol, we can get to the PCI interface through the bluetooth COM driver!
<156>Dec 17 17:49:19 bogan5235 fugit[8794]: Try to input the ADP card, maybe it will program the auxiliary microchip!
<171>Dec 17 17:49:19 shanahan3321 suscipit[4426]: Try to back up the RAM circuit, maybe it will parse the optical alarm!
<70>Dec 17 17:49:19 stroman4045 dolorem[678]: The IB alarm is down, index the digital system so we can input the FTP card!
<107>Dec 17 17:49:19 medhurst1478 ea[6970]: Use the online RAM protocol, then you can bypass the digital program!
<100>Dec 17 17:49:19 hodkiewicz3413 provident[2001]: Try to input the PNG feed, maybe it will hack the 1080p matrix!
<75>Dec 17 17:49:19 stehr3203 soluta[7488]: The SQL capacitor is down, compress the cross-platform system so we can compress the XML capacitor!
<100>Dec 17 17:49:19 farrell7833 sapiente[5803]: If we hack the circuit, we can get to the CSS system through the virtual SSL hard drive!
<50>Dec 17 17:49:19 nikolaus4815 quis[4382]: I'Ll parse the primary SQL firewall, that should bandwidth the COM alarm!
<11>Dec 17 17:49:19 oreilly2561 libero[2436]: We need to copy the solid state IB panel!
<130>Dec 17 17:49:19 frami3523 aspernatur[5254]: We need to calculate the cross-platform SCSI interface!
<156>Dec 17 17:49:19 prohaska6234 dicta[6675]: Connecting the array won't do anything, we need to override the auxiliary HDD program!
<84>Dec 17 17:49:19 satterfield8778 quod[5406]: We need to reboot the bluetooth SAS interface!
<123>Dec 17 17:49:19 schinner7101 occaecati[317]: Programming the alarm won't do anything, we need to hack the virtual IB circuit!
<77>Dec 17 17:49:19 mcdermott2588 cumque[9415]: We need to calculate the open-source COM panel!
<86>Dec 17 17:49:22 kovacek4803 et[4109]: user=samir password=Zko6637Vbj status=rejected
<183>Dec 17 17:49:19 quigley5257 laudantium[5887]: We need to hack the cross-platform IB bandwidth!
<12>Dec 17 17:49:19 denesik1303 est[1670]: Use the solid state XML port, then you can index the back-end circuit!
<66>Dec 17 17:49:19 rutherford5140 ducimus[4231]: You can't program the matrix without programming the digital XML hard drive!
<73>Dec 17 17:49:19 cartwright8726 possimus[4636]: We need to parse the 1080p SAS circuit!
<86>Dec 17 17:49:21 kovacek4803 et[4109]: user=zanir password=W162jNSnQO status=rejected
<176>Dec 17 17:49:19 mcglynn7323 quia[8346]: I'Ll synthesize the online GB alarm, that should driver the RAM card!
<83>Dec 17 17:49:19 armstrong3175 dolorem[9642]: Use the primary HDD program, then you can parse the multi-byte system!
<104>Dec 17 17:49:19 ebert2622 occaecati[7567]: Try to back up the PCI sensor, maybe it will calculate the bluetooth application!
<68>Dec 17 17:49:19 swaniawski5811 non[7600]: The THX driver is down, compress the multi-byte hard drive so we can back up the ADP alarm!
<86>Dec 17 17:49:20 kovacek4803 et[4109]: user=alnoor_ladak password=2jFF2YA6D status=rejected
<60>Dec 17 17:49:19 kemmer4258 nihil[7770]: You can't calculate the program without calculating the open-source HTTP bus!
<171>Dec 17 17:49:19 auer6110 dolore[7028]: If we hack the bus, we can get to the SDD driver through the bluetooth XSS capacitor!
<2>Dec 17 17:49:19 conroy5676 expedita[8280]: If we generate the alarm, we can get to the RSS matrix through the mobile ADP program!
<47>Dec 17 17:49:19 rippin6414 reprehenderit[5610]: Try to index the GB array, maybe it will index the redundant application!
<63>Dec 17 17:49:19 jacobson2384 et[2912]: Use the cross-platform SAS feed, then you can quantify the open-source system!
<135>Dec 17 17:49:19 wehner8184 autem[4583]: Try to compress the AGP feed, maybe it will program the optical transmitter!
<161>Dec 17 17:49:19 kemmer3671 ratione[5670]: Navigating the port won't do anything, we need to connect the open-source PNG driver!
<86>Dec 17 17:49:24 kovacek4803 et[4109]: user=amyn_sarif password=cMIsQWn1I8B status=rejected
<185>Dec 17 17:49:19 lind1580 eaque[4726]: The HDD alarm is down, transmit the haptic panel so we can override the FTP capacitor!
<149>Dec 17 17:49:19 rosenbaum6725 perferendis[1813]: Parsing the driver won't do anything, we need to program the redundant HDD application!
<148>Dec 17 17:49:19 macejkovic1767 dicta[4807]: I'Ll hack the optical XML bus, that should bus the SCSI system!
<72>Dec 17 17:49:19 koepp5465 accusantium[9048]: The JBOD circuit is down, program the bluetooth card so we can reboot the SSL system!
<86>Dec 17 17:49:23 kovacek4803 et[4109]: user=alnoor_ladak password=43qRy1a3e status=rejected
<86>Dec 17 17:49:27 kovacek4803 et[4109]: user=iliyan_momin password=whmmmb0sOn0zl status=rejected
<160>Dec 17 17:49:19 kris8408 velit[6161]: You can't input the bus without hacking the haptic SSL transmitter!
<100>Dec 17 17:49:19 runte8127 rerum[8074]: We need to calculate the virtual AGP interface!
<27>Dec 17 17:49:19 parisian3627 nisi[7183]: If we calculate the port, we can get to the SMS driver through the optical SMS pixel!
<65>Dec 17 17:49:19 swaniawski3743 corrupti[3936]: You can't bypass the hard drive without quantifying the solid state SQL protocol!
<144>Dec 17 17:49:19 dibbert3872 velit[5481]: Use the mobile SAS port, then you can navigate the cross-platform pixel!
<47>Dec 17 17:49:19 mills5444 veritatis[3344]: The USB program is down, hack the redundant protocol so we can generate the SMS driver!
<86>Dec 17 17:49:22 kovacek4803 et[4109]: user=akber_hussain password=3WPAg3wX status=rejected
<27>Dec 17 17:49:19 willms4745 soluta[9245]: We need to connect the redundant ADP interface!
<69>Dec 17 17:49:19 satterfield1025 voluptatem[5593]: Use the bluetooth SMTP system, then you can bypass the haptic matrix!
<86>Dec 17 17:49:21 kovacek4803 et[4109]: user=naveed_patel password=yLHokEKoCi6 status=rejected
<87>Dec 17 17:49:19 bergstrom2078 quidem[8599]: We need to input the cross-platform IB bus!
<62>Dec 17 17:49:19 shanahan5402 sit[6929]: If we synthesize the firewall, we can get to the RSS firewall through the haptic TCP circuit!
<160>Dec 17 17:49:19 pouros8074 ut[8639]: The XML program is down, bypass the redundant circuit so we can copy the SQL sensor!
<154>Dec 17 17:49:19 larson3830 voluptas[8983]: I'Ll copy the back-end HTTP microchip, that should sensor the XSS monitor!
<28>Dec 17 17:49:19 konopelski4520 quisquam[4497]: I'Ll generate the optical EXE interface, that should capacitor the JBOD microchip!
<124>Dec 17 17:49:19 ziemann2128 et[8526]: We need to copy the cross-platform SDD microchip!
<132>Dec 17 17:49:19 corwin7804 non[4657]: You can't index the pixel without backing up the online IB bus!
<120>Dec 17 17:49:19 johnson7580 placeat[5451]: Try to back up the PNG application, maybe it will reboot the bluetooth feed!
<87>Dec 17 17:49:19 kovacek4826 ea[6218]: Try to navigate the CSS program, maybe it will connect the 1080p array!
<37>Dec 17 17:49:19 hettinger7781 velit[6273]: I'Ll input the open-source XSS pixel, that should alarm the FTP pixel!
<86>Dec 17 17:49:20 kovacek4803 et[4109]: user=zanir password=u45POXCohV status=rejected
<40>Dec 17 17:49:19 pfannerstill8827 a[7851]: Use the haptic XSS hard drive, then you can transmit the back-end microchip!
<182>Dec 17 17:49:19 skiles2883 excepturi[5320]: I'Ll override the cross-platform SSL program, that should feed the XML sensor!
<150>Dec 17 17:49:19 bartoletti7004 illum[3279]: You can't navigate the application without synthesizing the mobile IB port!
<86>Dec 17 17:49:21 kovacek4803 et[4109]: user=ali_dharani password=GXqgUzMM status=rejected
<138>Dec 17 17:49:19 hickle2608 illum[1817]: I'Ll bypass the auxiliary AGP microchip, that should protocol the SMTP transmitter!
<92>Dec 17 17:49:19 veum8427 dolorem[1029]: We need to reboot the haptic SDD array!
<119>Dec 17 17:49:19 bernier2403 sit[5416]: We need to calculate the back-end TCP driver!
<161>Dec 17 17:49:19 wiza4787 blanditiis[342]: I'Ll synthesize the virtual TCP transmitter, that should array the HTTP interface!
<86>Dec 17 17:49:20 kovacek4803 et[4109]: user=murad password=fn3n71cp status=rejected
<86>Dec 17 17:49:25 kovacek4803 et[4109]: user=iliyan_momin password=h7F8iGsm3j79VJ status=rejected
<174>Dec 17 17:49:19 ortiz4400 vel[2794]: The CSS sensor is down, program the wireless port so we can compress the SCSI transmitter!
<114>Dec 17 17:49:19 ruecker6424 tempore[3578]: We need to program the mobile RAM feed!
<86>Dec 17 17:49:24 kovacek4803 et[4109]: user=akber_hussain password=VIPW456DqHpBv status=rejected
<125>Dec 17 17:49:19 windler5757 iste[5867]: If we program the sensor, we can get to the EXE system through the cross-platform EXE pixel!
<26>Dec 17 17:49:19 grant7235 qui[8921]: Parsing the protocol won't do anything, we need to override the redundant EXE capacitor!
<134>Dec 17 17:49:19 mohr7133 ratione[47]: If we parse the array, we can get to the COM transmitter through the bluetooth XSS array!
<179>Dec 17 17:49:19 nitzsche3508 distinctio[1186]: I'Ll copy the 1080p SDD capacitor, that should transmitter the TCP panel!
<11>Dec 17 17:49:19 reilly3500 architecto[6923]: I'Ll back up the auxiliary RSS panel, that should array the SCSI bandwidth!
<70>Dec 17 17:49:19 turner8730 odit[4060]: Use the cross-platform XSS driver, then you can generate the redundant monitor!
<86>Dec 17 17:49:21 kovacek4803 et[4109]: user=naveed_patel password=i0sMmhuMYTZB0 status=rejected
<86>Dec 17 17:49:23 kovacek4803 et[4109]: user=murad password=wQpSjxUDQ status=rejected
<133>Dec 17 17:49:19 spinka2202 sed[344]: If we generate the panel, we can get to the GB driver through the back-end AI protocol!
<167>Dec 17 17:49:19 kris6758 quaerat[135]: I'Ll back up the mobile SMTP pixel, that should alarm the RAM sensor!
<79>Dec 17 17:49:19 mertz4273 voluptatem[3634]: You can't reboot the card without backing up the redundant SAS hard drive!
<84>Dec 17 17:49:19 schiller5600 velit[3109]: Generating the microchip won't do anything, we need to back up the solid state EXE bandwidth!
<107>Dec 17 17:49:19 maggio3877 a[9953]: Use the mobile COM circuit, then you can override the 1080p program!
<98>Dec 17 17:49:19 pfeffer4585 ut[2769]: Use the redundant PCI circuit, then you can program the redundant panel!
<37>Dec 17 17:49:19 heathcote6555 dolorem[8063]: Try to generate the SSL sensor, maybe it will connect the redundant firewall!
<182>Dec 17 17:49:19 gleason2851 aut[2709]: Try to synthesize the SQL program, maybe it will compress the back-end circuit!
<135>Dec 17 17:49:19 hartmann6840 eos[2236]: The XML feed is down, compress the solid state firewall so we can back up the SCSI protocol!
<86>Dec 17 17:49:20 kovacek4803 et[4109]: user=khizrali_kradiya password=572FiQcJ status=rejected
<80>Dec 17 17:49:19 lakin6642 similique[7804]: The EXE protocol is down, transmit the cross-platform bus so we can back up the ADP matrix!
<186>Dec 17 17:49:19 wilkinson8121 tempora[9441]: The EXE microchip is down, quantify the wireless bus so we can program the SSL microchip!
<182>Dec 17 17:49:19 schultz5411 magni[2559]: Try to copy the TCP bandwidth, maybe it will override the wireless program!
<56>Dec 17 17:49:19 mcdermott5073 aut[1060]: The TCP panel is down, bypass the cross-platform card so we can connect the HDD alarm!
<86>Dec 17 17:49:20 kovacek4803 et[4109]: user=zoheb_makani password=9TMUg7Sqa status=rejected
<36>Dec 17 17:49:19 schamberger8527 dolorem[6235]: You can't calculate the capacitor without overriding the redundant FTP feed!
<86>Dec 17 17:49:20 kovacek4803 et[4109]: user=aziz_kapadia password=5OVzQKIu status=rejected
<8>Dec 17 17:49:19 kessler5084 vel[2016]: We need to reboot the wireless CSS bus!
<47>Dec 17 17:49:19 bruen7142 ex[8412]: You can't bypass the circuit without backing up the online SQL application!
<104>Dec 17 17:49:19 prohaska1108 nulla[6823]: We need to copy the multi-byte SDD program!
<172>Dec 17 17:49:19 koch1745 explicabo[518]: The SAS panel is down, calculate the online array so we can compress the THX program!
<90>Dec 17 17:49:19 jacobson1830 sunt[2132]: The JBOD alarm is down, input the back-end microchip so we can copy the HDD panel!
<86>Dec 17 17:49:22 kovacek4803 et[4109]: user=ahil_hashim password=i0a1sYavG1xdl status=rejected
<86>Dec 17 17:49:23 kovacek4803 et[4109]: user=riyaz_popatia password=ICBa2LGLQN status=rejected
<92>Dec 17 17:49:19 hoppe4225 distinctio[444]: I'Ll connect the virtual XML transmitter, that should port the SSL firewall!
<86>Dec 17 17:49:24 kovacek4803 et[4109]: user=ahil_hashim password=FzqhL5HKautbIh status=rejected
<140>Dec 17 17:49:19 kerluke5017 aut[1723]: Navigating the circuit won't do anything, we need to index the 1080p EXE port!
<124>Dec 17 17:49:19 wiegand4455 a[1700]: If we reboot the card, we can get to the RAM circuit through the open-source SMS driver!
<86>Dec 17 17:49:20 kovacek4803 et[4109]: user=aziz_kapadia password=8vtui9LQnUg status=rejected
<135>Dec 17 17:49:19 mraz1633 nostrum[8807]: Transmitting the port won't do anything, we need to generate the auxiliary SCSI firewall!
<82>Dec 17 17:49:19 ratke4622 ipsa[5113]: Programming the bus won't do anything, we need to synthesize the back-end JBOD port!
<86>Dec 17 17:49:22 kovacek4803 et[4109]: user=moses_merchant password=WNpWJrzKce6u9 status=rejected
<157>Dec 17 17:49:19 greenholt6531 enim[9559]: If we transmit the program, we can get to the RAM card through the digital USB protocol!
<95>Dec 17 17:49:19 gibson3150 voluptas[1891]: Use the mobile THX driver, then you can copy the back-end panel!
<3>Dec 17 17:49:19 gleason5882 esse[9014]: If we connect the circuit, we can get to the XSS bandwidth through the bluetooth TCP interface!
<86>Dec 17 17:49:24 kovacek4803 et[4109]: user=riyaz_popatia password=hyh9Tx085Fl status=rejected
<95>Dec 17 17:49:19 kulas5364 recusandae[782]: Bypassing the alarm won't do anything, we need to transmit the haptic XSS matrix!
<86>Dec 17 17:49:21 kovacek4803 et[4109]: user=ali_dharani password=U3QFlhG1WasgQ status=rejected
<28>Dec 17 17:49:19 jacobi3242 omnis[3578]: We need to connect the digital HTTP array!
<0>Dec 17 17:49:19 torp3684 corporis[2462]: You can't transmit the bus without quantifying the cross-platform HDD pixel!
<86>Dec 17 17:49:21 kovacek4803 et[4109]: user=ahil_hashim password=DwyioKFfg status=rejected
<28>Dec 17 17:49:19 abernathy3158 modi[4101]: If we quantify the panel, we can get to the SDD matrix through the mobile SMTP monitor!
<36>Dec 17 17:49:19 willms2724 iure[9231]: Try to calculate the PCI feed, maybe it will bypass the bluetooth microchip!
<63>Dec 17 17:49:19 botsford6727 rerum[3571]: We need to program the cross-platform GB array!
<86>Dec 17 17:49:20 kovacek4803 et[4109]: user=aziz_kapadia password=0ujl5KbuS status=rejected
<109>Dec 17 17:49:19 zboncak5060 aperiam[7058]: I'Ll compress the cross-platform HDD microchip, that should application the THX alarm!
<147>Dec 17 17:49:19 hintz7583 quod[7950]: I'Ll program the online AI card, that should capacitor the XML protocol!
<110>Dec 17 17:49:19 jacobs1760 aut[8118]: If we override the hard drive, we can get to the SAS hard drive through the haptic SMS microchip!
<86>Dec 17 17:49:23 kovacek4803 et[4109]: user=amin_jaffer password=bCfpA3RM status=rejected
<121>Dec 17 17:49:19 halvorson3710 numquam[8309]: I'Ll transmit the solid state SMTP monitor, that should alarm the THX pixel!
<70>Dec 17 17:49:19 jones6301 veniam[9363]: If we quantify the feed, we can get to the AI port through the haptic SAS port!
<170>Dec 17 17:49:19 roberts1437 nam[5866]: You can't connect the hard drive without copying the haptic RAM array!
