<13>Dec 17 17:49:17 gateway authd[1000]: user=shahzeb_jiwani password=zOLsgg4c8lxo status=rejected
<95>3 2025-12-17T17:49:18.898Z principalholistic.io numquam 3279 ID308 - If we connect the program, we can get to the RSS card through the redundant COM matrix!
<28>1 2025-12-17T17:49:18.898Z dynamicenhance.biz omnis 5323 ID407 - The TCP feed is down, navigate the auxiliary circuit so we can program the SAS bus!
<7>2 2025-12-17T17:49:18.898Z globalmagnetic.name amet 1098 ID218 - The PNG pixel is down, copy the optical circuit so we can index the SDD sensor!
<98>1 2025-12-17T17:49:18.898Z customerincentivize.name et 6271 ID317 - I'Ll reboot the auxiliary ADP monitor, that should microchip the ADP monitor!
<13>Dec 17 17:49:22 gateway authd[1000]: user=riyaz_popatia password=vk7EwPZVfJW status=rejected
<83>3 2025-12-17T17:49:18.898Z nationalrevolutionize.com doloribus 9549 ID580 - Compressing the array won't do anything, we need to parse the digital PCI capacitor!
<180>3 2025-12-17T17:49:18.898Z regionaltarget.io in 1032 ID247 - Use the multi-byte JSON panel, then you can program the bluetooth matrix!
<114>2 2025-12-17T17:49:18.898Z principalreal-time.biz aperiam 3827 ID523 - I'Ll override the cross-platform SAS interface, that should array the HDD array!
<37>1 2025-12-17T17:49:18.898Z leadrecontextualize.org quis 2931 ID620 - Backing up the microchip won't do anything, we need to calculate the solid state GB bandwidth!
<13>Dec 17 17:49:25 gateway authd[1000]: user=zull_nensi password=SN7unZ3yKWI status=rejected
<13>Dec 17 17:49:29 gateway authd[1000]: user=naseem_huda_buckley password=EJngxyu406 status=rejected
<123>1 2025-12-17T17:49:18.898Z legacybricks-and-clicks.info tempore 8208 ID415 - We need to calculate the neural GB microchip!
<72>3 2025-12-17T17:49:18.898Z forwardengage.org sed 4191 ID598 - Use the multi-byte IB bandwidth, then you can input the haptic interface!
<83>1 2025-12-17T17:49:18.898Z chiefcross-platform.org sit 1610 ID137 - We need to hack the haptic JSON firewall!
<159>3 2025-12-17T17:49:18.898Z districtkiller.com ipsum 6696 ID522 - You can't override the hard drive without transmitting the open-source RSS feed!
<40>2 2025-12-17T17:49:18.898Z seniorinnovative.name voluptatem 590 ID945 - Use the optical AI firewall, then you can index the multi-byte bus!
<176>2 2025-12-17T17:49:18.898Z humanstrategic.net corporis 3256 ID353 - I'Ll connect the primary SAS bus, that should panel the FTP monitor!
<50>3 2025-12-17T17:49:18.898Z districtscalable.org consequatur 5136 ID902 - If we connect the port, we can get to the CSS alarm through the multi-byte EXE port!
<142>2 2025-12-17T17:49:18.898Z legacycustomized.name sed 6983 ID779 - The ADP port is down, input the primary pixel so we can compress the GB matrix!
<36>2 2025-12-17T17:49:18.898Z globalinnovative.io quae 67 ID394 - The SMS monitor is down, quantify the mobile system so we can override the HTTP capacitor!
<13>Dec 17 17:49:32 gateway authd[1000]: user=murad password=kxuPiaURkCL status=rejected
<13>Dec 17 17:49:33 gateway authd[1000]: user=riyaz_popatia password=M479CYGBOzpj status=rejected
<102>3 2025-12-17T17:49:18.898Z global24/365.net libero 4381 ID966 - Try to quantify the AI port, maybe it will generate the open-source interface!
<3>1 2025-12-17T17:49:18.898Z principalcontent.name velit 1244 ID21 - If we calculate the card, we can get to the GB bus through the bluetooth IB circuit!
<53>2 2025-12-17T17:49:18.898Z regionalrelationships.org nemo 1729 ID334 - You can't navigate the sensor without backing up the virtual SSL interface!
<13>Dec 17 17:49:35 gateway authd[1000]: user=armaan_chakkiwala password=s0QrFtbZs2cxM status=rejected
<127>1 2025-12-17T17:49:18.898Z principalmarkets.org non 52 ID816 - The FTP microchip is down, synthesize the optical interface so we can copy the AI hard drive!
<16>1 2025-12-17T17:49:18.898Z corporatevortals.net vitae 8961 ID399 - If we reboot the driver, we can get to the XSS protocol through the redundant FTP bandwidth!
<160>1 2025-12-17T17:49:18.898Z principalarchitectures.io et 4718 ID931 - Use the digital TCP application, then you can hack the mobile panel!
<87>3 2025-12-17T17:49:18.898Z internalplug-and-play.info libero 1548 ID560 - You can't override the transmitter without bypassing the virtual HDD card!
<19>1 2025-12-17T17:49:18.898Z humandeploy.org excepturi 3839 ID403 - I'Ll reboot the digital GB program, that should interface the RAM firewall!
<13>Dec 17 17:49:39 gateway authd[1000]: user=moez password=GLaNfamocwuYj9 status=rejected
<13>Dec 17 17:49:44 gateway authd[1000]: user=aly_a password=aKqkNS9o status=rejected
<15>2 2025-12-17T17:49:18.898Z customerone-to-one.biz ad 7946 ID514 - I'Ll calculate the primary GB interface, that should array the CSS bandwidth!
<13>Dec 17 17:49:45 gateway authd[1000]: user=shar password=Ri4iDnBizI status=rejected
<143>2 2025-12-17T17:49:18.898Z regionalholistic.net velit 9066 ID668 - I'Ll parse the digital SAS program, that should feed the GB feed!
<27>3 2025-12-17T17:49:18.898Z nationalsexy.com ut 3181 ID983 - I'Ll back up the mobile SCSI application, that should alarm the RSS feed!
<30>3 2025-12-17T17:49:18.898Z principal24/365.name animi 2350 ID325 - Use the optical RSS microchip, then you can index the cross-platform port!
<66>2 2025-12-17T17:49:18.898Z productdeploy.biz vero 4874 ID728 - If we hack the bus, we can get to the SCSI alarm through the primary SAS program!
<164>2 2025-12-17T17:49:18.898Z central24/7.io amet 4447 ID743 - I'Ll calculate the primary GB pixel, that should card the TCP card!
<13>Dec 17 17:49:50 gateway authd[1000]: user=moez password=obe2OInITET status=rejected
<113>1 2025-12-17T17:49:18.898Z customerschemas.info facere 6335 ID907 - We need to parse the multi-byte SSL matrix!
<160>3 2025-12-17T17:49:18.898Z regionaldeploy.biz perferendis 8104 ID466 - Try to parse the SMTP protocol, maybe it will transmit the 1080p firewall!
<100>3 2025-12-17T17:49:18.898Z globalvisualize.name iure 4783 ID704 - The HDD firewall is down, copy the online feed so we can hack the SCSI bandwidth!
<137>2 2025-12-17T17:49:18.898Z customerenable.com quis 8780 ID373 - If we quantify the circuit, we can get to the XML application through the 1080p TCP sensor!
<134>2 2025-12-17T17:49:18.898Z productexpedite.io accusantium 9812 ID824 - We need to calculate the neural CSS pixel!
<13>Dec 17 17:49:53 gateway authd[1000]: user=khizrali_kradiya password=EFsCzCnYW status=rejected
<13>Dec 17 17:49:58 gateway authd[1000]: user=naseem_huda_buckley password=dJGjqAlV2aR status=rejected
<139>1 2025-12-17T17:49:18.898Z human24/365.net expedita 2360 ID858 - We need to hack the open-source HDD protocol!
<48>2 2025-12-17T17:49:18.898Z forwardb2c.com consequatur 3435 ID473 - We need to quantify the auxiliary COM capacitor!
<180>2 2025-12-17T17:49:18.898Z internationalplatforms.net temporibus 7251 ID609 - You can't hack the circuit without hacking the 1080p AGP capacitor!
<11>1 2025-12-17T17:49:18.898Z legacychannels.name occaecati 8851 ID179 - The AI card is down, copy the 1080p bus so we can back up the ADP bandwidth!
<125>3 2025-12-17T17:49:18.898Z centraldeliver.io aliquid 3429 ID760 - Compressing the application won't do anything, we need to compress the primary SDD interface!
<13>Dec 17 17:50:01 gateway authd[1000]: user=roheen password=QGKg5jQA status=rejected
<132>3 2025-12-17T17:49:18.898Z investorapplications.info ipsam 6135 ID333 - If we generate the program, we can get to the AGP protocol through the solid state SCSI firewall!
<118>2 2025-12-17T17:49:18.898Z dynamicdynamic.com quos 5977 ID523 - Try to hack the TCP hard drive, maybe it will copy the primary monitor!
<166>3 2025-12-17T17:49:18.898Z centralinterfaces.name facere 3166 ID443 - Use the auxiliary SAS pixel, then you can quantify the optical transmitter!
<13>Dec 17 17:50:03 gateway authd[1000]: user=noah_ladak password=mVitfcCrUklGj status=rejected
<13>Dec 17 17:50:06 gateway authd[1000]: user=zain_mitha password=44X7YEba status=rejected
<13>Dec 17 17:50:11 gateway authd[1000]: user=shar password=nhIcq2tML status=rejected
<75>1 2025-12-17T17:49:18.898Z chiefexploit.org voluptatum 7317 ID628 - I'Ll back up the 1080p PCI pixel, that should port the SQL monitor!
<64>3 2025-12-17T17:49:18.898Z globalrepurpose.org nam 9780 ID244 - We need to quantify the virtual TCP application!
<13>Dec 17 17:50:13 gateway authd[1000]: user=mahek_ramzan password=ecOXSSq7ah status=rejected
<68>1 2025-12-17T17:49:18.898Z districtreinvent.biz impedit 8526 ID407 - Use the wireless RAM application, then you can reboot the solid state program!
<111>3 2025-12-17T17:49:18.898Z legacye-commerce.com quia 9247 ID786 - Use the cross-platform ADP monitor, then you can program the auxiliary driver!
<33>2 2025-12-17T17:49:18.898Z dynamicextend.info enim 5267 ID955 - Use the solid state SCSI card, then you can navigate the multi-byte interface!
<50>1 2025-12-17T17:49:18.898Z regionalintuitive.io delectus 3466 ID318 - We need to copy the bluetooth TCP application!
<45>2 2025-12-17T17:49:18.898Z principalapplications.biz laboriosam 2139 ID31 - Use the primary SAS driver, then you can parse the wireless circuit!
<190>1 2025-12-17T17:49:18.898Z forwardmaximize.io facere 1243 ID616 - Connecting the monitor won't do anything, we need to synthesize the virtual GB firewall!
<13>Dec 17 17:50:16 gateway authd[1000]: user=fariha_mohammad password=KEkP8wcZ status=rejected
<95>2 2025-12-17T17:49:18.898Z corporateincubate.net voluptatem 1148 ID128 - We need to bypass the cross-platform CSS program!
<13>Dec 17 17:50:21 gateway authd[1000]: user=murad password=UA5GbTJB4T6x status=rejected
<13>Dec 17 17:50:26 gateway authd[1000]: user=iliyan_momin password=6pzshO780auMkx status=rejected
<112>3 2025-12-17T17:49:18.898Z investorplatforms.info delectus 8663 ID65 - The EXE card is down, copy the bluetooth bandwidth so we can program the RSS feed!
<149>3 2025-12-17T17:49:18.898Z corporateevolve.biz cum 343 ID322 - The JBOD hard drive is down, back up the virtual pixel so we can index the TCP panel!
<13>Dec 17 17:50:31 gateway authd[1000]: user=iliyan_momin password=JlQbSPRw status=rejected
<13>Dec 17 17:50:33 gateway authd[1000]: user=zanir password=GmW9jm8aT7I3 status=rejected
<64>3 2025-12-17T17:49:18.898Z centralproactive.info ut 3433 ID565 - You can't synthesize the panel without compressing the online SMTP feed!
<13>Dec 17 17:50:34 gateway authd[1000]: user=noah_ladak password=JPlxxRFgRi3M1 status=rejected
<8>1 2025-12-17T17:49:18.898Z regionalunleash.info nihil 3331 ID951 - Try to bypass the USB matrix, maybe it will calculate the digital circuit!
<76>1 2025-12-17T17:49:18.898Z internalstreamline.com reiciendis 2853 ID816 - The HTTP system is down, calculate the wireless microchip so we can reboot the SQL matrix!
<29>2 2025-12-17T17:49:18.898Z forwardniches.info nemo 2504 ID27 - Indexing the interface won't do anything, we need to program the online HTTP system!
<169>1 2025-12-17T17:49:18.898Z regionalbricks-and-clicks.net aut 3681 ID579 - I'Ll parse the back-end JSON monitor, that should bandwidth the HDD transmitter!
<96>3 2025-12-17T17:49:18.898Z chiefstrategize.com vel 7373 ID507 - I'Ll input the solid state PNG system, that should capacitor the RSS system!
<13>Dec 17 17:50:38 gateway authd[1000]: user=aqueel_kamruddin password=wLQfWVvTnfzmS status=rejected
<13>Dec 17 17:50:40 gateway authd[1000]: user=aqueel_kamruddin password=77wwVhLlTTkFu status=rejected
<13>Dec 17 17:50:42 gateway authd[1000]: user=moses_merchant password=GgE3WYXquFnr status=rejected
<60>2 2025-12-17T17:49:18.898Z internalgenerate.name ut 9564 ID939 - I'Ll calculate the neural XML panel, that should matrix the FTP bus!
<46>2 2025-12-17T17:49:18.898Z legacysynergies.io mollitia 1558 ID100 - Use the optical JBOD pixel, then you can reboot the neural driver!
<173>3 2025-12-17T17:49:18.898Z legacyinterfaces.io possimus 1340 ID672 - We need to generate the wireless THX microchip!
<188>3 2025-12-17T17:49:18.898Z regionalnext-generation.com corrupti 2866 ID245 - I'Ll index the haptic SCSI system, that should array the SMTP matrix!
<13>Dec 17 17:50:44 gateway authd[1000]: user=arwa password=yYwSuJrS1 status=rejected
<3>2 2025-12-17T17:49:18.898Z futureeyeballs.com consequatur 5291 ID534 - We need to transmit the back-end JSON pixel!
<49>2 2025-12-17T17:49:18.898Z investorholistic.com corrupti 1896 ID575 - We need to input the back-end USB port!
<13>Dec 17 17:50:49 gateway authd[1000]: user=aqueel_kamruddin password=C0MvNdFJchntH status=rejected
<13>Dec 17 17:50:53 gateway authd[1000]: user=salim_notta password=BdZvk7rc7xOz status=rejected
<191>3 2025-12-17T17:49:18.898Z investorworld-class.info delectus 1430 ID863 - Calculating the driver won't do anything, we need to input the neural PNG monitor!
<114>2 2025-12-17T17:49:18.898Z humanglobal.org sit 7794 ID100 - Use the auxiliary COM pixel, then you can generate the back-end bandwidth!
<81>3 2025-12-17T17:49:18.898Z futureenable.com iste 1798 ID713 - Try to synthesize the THX application, maybe it will back up the auxiliary feed!
<13>Dec 17 17:50:54 gateway authd[1000]: user=amyn password=P0PiSyvySCs3 status=rejected
<83>1 2025-12-17T17:49:18.898Z corporateinfrastructures.com aliquid 1040 ID321 - Use the primary ADP monitor, then you can reboot the 1080p hard drive!
<13>Dec 17 17:50:59 gateway authd[1000]: user=aly_ali password=gJffB7UN status=rejected
<5>2 2025-12-17T17:49:18.898Z chiefsticky.name quo 560 ID589 - Parsing the panel won't do anything, we need to connect the back-end EXE array!
<111>2 2025-12-17T17:49:18.898Z globalturn-key.biz natus 9972 ID911 - Try to back up the HTTP panel, maybe it will copy the digital program!
<163>2 2025-12-17T17:49:18.898Z futureusers.io id 5065 ID570 - Use the redundant GB sensor, then you can bypass the redundant bandwidth!
<179>1 2025-12-17T17:49:18.898Z humansynergize.io dolores 5866 ID40 - Use the auxiliary TCP application, then you can copy the bluetooth circuit!
<13>Dec 17 17:51:02 gateway authd[1000]: user=sam_k password=282sAqPPv status=rejected
<13>Dec 17 17:51:04 gateway authd[1000]: user=sam_k password=8qHbDV3bOCsP4 status=rejected
<13>Dec 17 17:51:07 gateway authd[1000]: user=roheen password=i6g6ROHv9v status=rejected
<13>Dec 17 17:51:09 gateway authd[1000]: user=shahzeb_jiwani password=pf9FlAM0tVsVH status=rejected
<13>Dec 17 17:51:12 gateway authd[1000]: user=aly_a password=Ptf8xZvmU status=rejected
<13>Dec 17 17:51:17 gateway authd[1000]: user=salim_notta password=c0uU58Ko2eqpwE status=rejected
<166>1 2025-12-17T17:49:18.898Z productbrand.info voluptatem 1464 ID86 - I'Ll quantify the auxiliary JBOD capacitor, that should transmitter the RSS transmitter!
<166>2 2025-12-17T17:49:18.898Z chiefmindshare.biz vel 8248 ID124 - If we connect the feed, we can get to the SMS pixel through the optical SMS card!
<169>3 2025-12-17T17:49:18.898Z futureiterate.net dolorem 6824 ID919 - You can't transmit the bandwidth without bypassing the multi-byte XSS card!
<3>1 2025-12-17T17:49:18.898Z regionalleverage.name sit 9855 ID254 - Navigating the firewall won't do anything, we need to calculate the optical SSL feed!
<13>Dec 17 17:51:22 gateway authd[1000]: user=moses_merchant password=kTpcw5HILzBc2 status=rejected
<95>2 2025-12-17T17:49:18.898Z regionalinfrastructures.net expedita 9386 ID228 - Connecting the system won't do anything, we need to generate the neural FTP bus!
<140>3 2025-12-17T17:49:18.898Z corporateorchestrate.io quisquam 6784 ID343 - You can't reboot the bandwidth without navigating the haptic CSS interface!
<91>3 2025-12-17T17:49:18.898Z internaliterate.io eos 2899 ID857 - I'Ll connect the cross-platform COM matrix, that should matrix the PNG card!
<23>2 2025-12-17T17:49:18.898Z internationalglobal.org quos 6732 ID831 - You can't calculate the bandwidth without indexing the haptic HDD array!
<67>2 2025-12-17T17:49:18.898Z futureweb-readiness.net dolorem 3044 ID173 - We need to parse the digital THX transmitter!
<137>3 2025-12-17T17:49:18.898Z principaltransparent.org et 5779 ID929 - The USB card is down, index the digital panel so we can copy the USB system!
<64>3 2025-12-17T17:49:18.898Z internalb2b.org et 6391 ID610 - I'Ll back up the primary SQL protocol, that should interface the HDD array!
<13>Dec 17 17:51:27 gateway authd[1000]: user=a_ali password=o1i2BD1BF5p8u status=rejected
<73>2 2025-12-17T17:49:18.898Z leadseize.net iusto 4239 ID829 - You can't parse the bus without navigating the optical RAM bus!
<118>3 2025-12-17T17:49:18.898Z corporateenable.org nostrum 6227 ID823 - The SMS sensor is down, transmit the redundant firewall so we can hack the USB bandwidth!
<39>2 2025-12-17T17:49:18.898Z directe-tailers.net praesentium 6736 ID880 - You can't connect the matrix without programming the cross-platform EXE circuit!
<13>Dec 17 17:51:31 gateway authd[1000]: user=salim_notta password=rlhu3ELz2 status=rejected
<68>3 2025-12-17T17:49:18.898Z futuresynthesize.info aspernatur 3628 ID550 - We need to input the solid state SSL panel!
<143>1 2025-12-17T17:49:18.898Z corporateleading-edge.io sunt 9615 ID877 - The AGP bus is down, generate the online feed so we can synthesize the HDD protocol!
<13>Dec 17 17:51:33 gateway authd[1000]: user=zain_mitha password=A0RtglFPkfvr status=rejected
<135>2 2025-12-17T17:49:18.898Z chiefmaximize.info quaerat 9596 ID48 - You can't navigate the sensor without hacking the open-source SSL bus!
<13>Dec 17 17:51:38 gateway authd[1000]: user=a_ali password=IZkUT8FL status=rejected
<13>Dec 17 17:51:40 gateway authd[1000]: user=naseem_huda_buckley password=wZXHXlgJX1or status=rejected
<178>3 2025-12-17T17:49:18.898Z regionalharness.com numquam 8229 ID33 - I'Ll calculate the multi-byte SDD card, that should driver the RAM microchip!
<135>2 2025-12-17T17:49:18.898Z leadleading-edge.biz quasi 7386 ID422 - I'Ll reboot the 1080p RSS pixel, that should array the SAS program!
<34>2 2025-12-17T17:49:18.898Z chiefback-end.biz dicta 7746 ID955 - Try to bypass the RSS driver, maybe it will connect the digital sensor!
<32>2 2025-12-17T17:49:18.898Z internationalinitiatives.biz eveniet 9049 ID710 - Try to index the EXE bus, maybe it will generate the bluetooth alarm!
<5>1 2025-12-17T17:49:18.898Z forwardrecontextualize.name ut 9741 ID127 - We need to transmit the back-end SAS hard drive!
<29>3 2025-12-17T17:49:18.898Z dynamicdisintermediate.org qui 4752 ID596 - If we program the panel, we can get to the PNG sensor through the online JBOD transmitter!
<167>2 2025-12-17T17:49:18.898Z dynamicholistic.io voluptatem 8921 ID570 - We need to synthesize the digital RAM application!
<13>Dec 17 17:51:41 gateway authd[1000]: user=anita_karim password=XIBCRZkGg6p status=rejected
<41>3 2025-12-17T17:49:18.898Z futureb2c.net aut 5026 ID944 - We need to navigate the solid state GB matrix!
<131>2 2025-12-17T17:49:18.898Z globalharness.org pariatur 4504 ID407 - Quantifying the matrix won't do anything, we need to bypass the mobile AI bandwidth!
<13>Dec 17 17:51:42 gateway authd[1000]: user=anita_karim password=yiyTDp4zkFtn status=rejected
<105>3 2025-12-17T17:49:18.898Z regionalinitiatives.net quae 7881 ID936 - You can't synthesize the hard drive without indexing the back-end FTP port!
<190>3 2025-12-17T17:49:18.898Z nationaldisintermediate.name voluptatum 932 ID769 - The PNG pixel is down, reboot the mobile driver so we can program the PCI feed!
<13>Dec 17 17:51:44 gateway authd[1000]: user=aly_ali password=N17HRUOsCZLez status=rejected
<95>3 2025-12-17T17:49:18.898Z customerdisintermediate.net illo 449 ID733 - Programming the driver won't do anything, we need to input the online USB array!
<37>1 2025-12-17T17:49:18.898Z internalorchestrate.net cupiditate 5603 ID346 - Calculating the system won't do anything, we need to synthesize the redundant PNG sensor!
<170>3 2025-12-17T17:49:18.898Z dynamicfacilitate.biz aut 107 ID543 - Try to input the EXE pixel, maybe it will parse the haptic transmitter!
<13>Dec 17 17:51:48 gateway authd[1000]: user=zanir password=KkdSyX1w0 status=rejected
<13>Dec 17 17:51:51 gateway authd[1000]: user=zull_nensi password=a8jy2mtvKDoagp status=rejected
<153>3 2025-12-17T17:49:18.898Z humancross-platform.org explicabo 6802 ID408 - Use the virtual RAM capacitor, then you can back up the open-source application!
<43>2 2025-12-17T17:49:18.898Z district24/7.io saepe 2434 ID715 - I'Ll quantify the wireless AGP system, that should array the COM alarm!
<117>3 2025-12-17T17:49:18.898Z centralinteractive.net cupiditate 350 ID408 - I'Ll index the bluetooth THX interface, that should firewall the SSL bandwidth!
<13>Dec 17 17:51:56 gateway authd[1000]: user=armaan_chakkiwala password=cyCqT1Bf5D status=rejected
<38>3 2025-12-17T17:49:18.898Z seniorcontent.io cum 7690 ID816 - The COM firewall is down, compress the optical panel so we can override the ADP bus!
<13>Dec 17 17:51:57 gateway authd[1000]: user=aly_ali password=lOadxWTb status=rejected
<88>3 2025-12-17T17:49:18.898Z regionalrich.net repellendus 4698 ID687 - The JSON card is down, program the optical capacitor so we can navigate the RAM panel!
<43>3 2025-12-17T17:49:18.898Z leadinteractive.com rerum 3153 ID965 - Use the cross-platform SMS port, then you can navigate the virtual bus!
<173>2 2025-12-17T17:49:18.898Z humanredefine.io quidem 6029 ID254 - If we compress the bus, we can get to the SDD firewall through the bluetooth EXE sensor!
<25>2 2025-12-17T17:49:18.898Z investorportals.io est 6153 ID4 - I'Ll navigate the wireless SSL feed, that should microchip the XSS circuit!
<167>3 2025-12-17T17:49:18.898Z nationalfunctionalities.io saepe 1013 ID765 - The EXE capacitor is down, calculate the cross-platform hard drive so we can program the CSS protocol!
<166>2 2025-12-17T17:49:18.898Z productubiquitous.info eaque 2829 ID143 - I'Ll copy the haptic AGP port, that should protocol the ADP pixel!
<13>Dec 17 17:52:00 gateway authd[1000]: user=aly_a password=7orCVT4BNIyUB status=rejected
<25>1 2025-12-17T17:49:18.898Z dynamicinitiatives.biz recusandae 5396 ID233 - Bypassing the circuit won't do anything, we need to bypass the haptic USB alarm!
<151>1 2025-12-17T17:49:18.898Z investorproductize.info quia 5275 ID482 - You can't compress the transmitter without navigating the back-end RAM interface!
<45>2 2025-12-17T17:49:18.898Z internationalniches.info et 7896 ID328 - Use the online IB alarm, then you can navigate the haptic firewall!
<40>2 2025-12-17T17:49:18.898Z districtmatrix.net architecto 807 ID95 - We need to reboot the mobile FTP protocol!
<142>2 2025-12-17T17:49:18.898Z investorefficient.net iusto 5476 ID641 - Try to navigate the SDD alarm, maybe it will transmit the auxiliary matrix!
<61>1 2025-12-17T17:49:18.898Z seniorholistic.net dolor 4399 ID885 - I'Ll bypass the mobile SDD array, that should sensor the HDD alarm!
<142>2 2025-12-17T17:49:18.898Z humaneyeballs.net error 6878 ID782 - Compressing the bus won't do anything, we need to calculate the redundant GB alarm!
<69>3 2025-12-17T17:49:18.898Z forwardenable.org non 5114 ID744 - Try to navigate the SAS pixel, maybe it will transmit the multi-byte sensor!
<13>Dec 17 17:52:03 gateway authd[1000]: user=moses_merchant password=xUincPNnIIHVU status=rejected
<120>2 2025-12-17T17:49:18.898Z directscalable.io ad 8279 ID176 - I'Ll index the primary AGP alarm, that should bandwidth the HDD application!
<174>1 2025-12-17T17:49:18.898Z leadroi.net explicabo 7487 ID449 - We need to navigate the open-source COM pixel!
<124>1 2025-12-17T17:49:18.898Z principalmodels.biz fugiat 4335 ID407 - Try to generate the GB system, maybe it will quantify the primary system!
<77>2 2025-12-17T17:49:18.898Z leadbricks-and-clicks.io dolorem 2452 ID65 - I'Ll override the neural COM driver, that should sensor the ADP feed!
<110>2 2025-12-17T17:49:18.898Z districtwhiteboard.net est 9885 ID810 - You can't parse the bandwidth without synthesizing the cross-platform AGP capacitor!
<186>2 2025-12-17T17:49:18.898Z nationalniches.biz est 1982 ID589 - Use the redundant SSL sensor, then you can calculate the wireless sensor!
<13>Dec 17 17:52:08 gateway authd[1000]: user=khizrali_kradiya password=IKaCM1kocaq status=rejected
<73>3 2025-12-17T17:49:18.898Z principalnext-generation.io numquam 7963 ID925 - The PNG sensor is down, quantify the primary sensor so we can bypass the CSS sensor!
<186>1 2025-12-17T17:49:18.898Z directextensible.io porro 8803 ID156 - You can't hack the hard drive without indexing the digital IB hard drive!
<13>Dec 17 17:52:10 gateway authd[1000]: user=saira_jiwani password=LgLV6xoQP status=rejected
<9>1 2025-12-17T17:49:18.898Z investorextensible.com accusamus 3741 ID778 - The CSS protocol is down, parse the neural protocol so we can override the EXE application!
<164>1 2025-12-17T17:49:18.898Z legacyaggregate.io nobis 8562 ID302 - The AGP capacitor is down, reboot the primary card so we can transmit the JSON microchip!
<75>2 2025-12-17T17:49:18.898Z principalrevolutionize.com voluptatem 2093 ID451 - We need to transmit the multi-byte CSS microchip!
<13>Dec 17 17:52:14 gateway authd[1000]: user=rozi password=y3ua93KOh status=rejected
<38>2 2025-12-17T17:49:18.898Z nationalcross-platform.io qui 3417 ID639 - The PCI panel is down, override the neural system so we can compress the RAM program!
<4>1 2025-12-17T17:49:18.898Z productefficient.info et 1322 ID103 - Quantifying the array won't do anything, we need to copy the solid state SSL protocol!
<149>1 2025-12-17T17:49:18.898Z dynamiccross-media.com vel 3890 ID687 - You can't generate the alarm without quantifying the virtual XML alarm!
<5>3 2025-12-17T17:49:18.898Z internationalroi.com est 6696 ID932 - If we input the bus, we can get to the XSS driver through the auxiliary JBOD firewall!
<8>2 2025-12-17T17:49:18.898Z productrelationships.net dicta 9803 ID538 - We need to copy the bluetooth SSL firewall!
<33>1 2025-12-17T17:49:18.898Z seniorweb services.info ut 8551 ID452 - We need to override the optical IB card!
<16>2 2025-12-17T17:49:18.898Z customermonetize.name praesentium 728 ID406 - You can't back up the hard drive without synthesizing the solid state HTTP transmitter!
<94>1 2025-12-17T17:49:18.898Z centraldeliver.info assumenda 8292 ID147 - I'Ll reboot the neural PCI pixel, that should panel the HTTP bandwidth!
<13>Dec 17 17:52:16 gateway authd[1000]: user=moez password=peHFBi9UCI status=rejected
<178>3 2025-12-17T17:49:18.898Z humantransition.info assumenda 1348 ID561 - Synthesizing the matrix won't do anything, we need to override the mobile SQL monitor!
<3>1 2025-12-17T17:49:18.898Z seniortransform.org hic 9377 ID291 - Navigating the firewall won't do anything, we need to reboot the redundant XSS panel!
<125>1 2025-12-17T17:49:18.898Z internationalcross-media.org enim 9686 ID913 - We need to compress the mobile XSS program!
<13>Dec 17 17:52:18 gateway authd[1000]: user=rozi password=u79DmbTOr0n status=rejected
<130>2 2025-12-17T17:49:18.898Z productintegrate.io modi 3620 ID274 - Use the digital SMS program, then you can index the back-end pixel!
<13>Dec 17 17:52:22 gateway authd[1000]: user=riyaz_popatia password=WUlBDrWS status=rejected
<26>2 2025-12-17T17:49:18.898Z centralweb services.io praesentium 7415 ID105 - Use the wireless AI matrix, then you can hack the neural system!
<152>2 2025-12-17T17:49:18.898Z internalmagnetic.info sed 5752 ID546 - Bypassing the feed won't do anything, we need to transmit the auxiliary THX protocol!
<21>3 2025-12-17T17:49:18.898Z dynamicmarkets.net incidunt 1412 ID609 - Try to index the CSS port, maybe it will reboot the online driver!
<13>Dec 17 17:52:26 gateway authd[1000]: user=sam_k password=asz68ImPmmQ5R status=rejected
<13>Dec 17 17:52:31 gateway authd[1000]: user=iliyan_momin password=b6gtRGCx status=rejected
<13>Dec 17 17:52:36 gateway authd[1000]: user=ali_dharani password=zSQUQCxdD status=rejected
<116>3 2025-12-17T17:49:18.898Z directroi.net harum 3564 ID182 - The RAM hard drive is down, transmit the redundant bandwidth so we can override the FTP circuit!
<63>1 2025-12-17T17:49:18.898Z chiefunleash.biz autem 4014 ID410 - If we copy the microchip, we can get to the CSS array through the solid state CSS circuit!
<106>1 2025-12-17T17:49:18.898Z legacysynthesize.com tempore 6510 ID520 - I'Ll input the neural HDD program, that should application the SCSI firewall!
<35>2 2025-12-17T17:49:18.898Z directtransform.biz expedita 8416 ID257 - Calculating the capacitor won't do anything, we need to index the open-source ADP protocol!
<80>1 2025-12-17T17:49:18.898Z dynamicbandwidth.org cum 5664 ID430 - You can't hack the program without copying the 1080p THX matrix!
<66>3 2025-12-17T17:49:18.898Z futureenterprise.net perspiciatis 376 ID280 - I'Ll back up the auxiliary SQL pixel, that should capacitor the SMTP sensor!
<143>2 2025-12-17T17:49:18.898Z productenable.org amet 3416 ID391 - I'Ll connect the optical SMS system, that should system the JBOD circuit!
<55>1 2025-12-17T17:49:18.898Z dynamicmorph.name provident 6553 ID846 - Overriding the microchip won't do anything, we need to program the wireless FTP hard drive!
<142>1 2025-12-17T17:49:18.898Z internationalmodels.name non 6446 ID132 - Connecting the monitor won't do anything, we need to synthesize the neural AGP program!
<3>3 2025-12-17T17:49:18.898Z forwardorchestrate.net quo 6699 ID11 - Indexing the array won't do anything, we need to connect the digital RSS monitor!
<125>3 2025-12-17T17:49:18.898Z internationalenhance.biz rem 1339 ID373 - Use the neural AI microchip, then you can copy the solid state interface!
<184>1 2025-12-17T17:49:18.898Z globale-tailers.org non 7921 ID629 - Bypassing the driver won't do anything, we need to program the haptic IB bandwidth!
<13>Dec 17 17:52:41 gateway authd[1000]: user=anita_karim password=ymPgSGubY170g status=rejected
<14>1 2025-12-17T17:49:18.898Z futureimpactful.name et 4072 ID702 - You can't transmit the pixel without navigating the optical XSS panel!
<49>1 2025-12-17T17:49:18.898Z principalbandwidth.info ut 7008 ID109 - If we parse the panel, we can get to the XSS array through the open-source EXE application!
<13>Dec 17 17:52:43 gateway authd[1000]: user=roheen password=DpMaRGokbUCR status=rejected
<171>3 2025-12-17T17:49:18.898Z regionalscale.info quod 2824 ID491 - Try to input the SSL bus, maybe it will parse the multi-byte interface!
<112>2 2025-12-17T17:49:18.898Z corporateenhance.info natus 6645 ID1 - I'Ll parse the primary XSS interface, that should card the RAM alarm!
<143>1 2025-12-17T17:49:18.898Z leadnext-generation.com odio 3947 ID193 - The XSS card is down, calculate the multi-byte system so we can reboot the HDD firewall!
<11>3 2025-12-17T17:49:18.898Z international24/365.biz blanditiis 6259 ID92 - We need to transmit the neural RAM application!
<15>2 2025-12-17T17:49:18.898Z investorsolutions.biz quidem 9943 ID360 - Quantifying the card won't do anything, we need to hack the digital SDD alarm!
<147>1 2025-12-17T17:49:18.898Z districtnext-generation.biz accusantium 1019 ID455 - The SMTP alarm is down, parse the online pixel so we can override the AI array!
<171>2 2025-12-17T17:49:18.898Z directapplications.name est 5562 ID247 - We need to index the virtual XML program!
<122>3 2025-12-17T17:49:18.898Z chiefe-tailers.biz culpa 4764 ID314 - We need to generate the neural HTTP sensor!
<135>3 2025-12-17T17:49:18.898Z internationalmethodologies.info pariatur 1323 ID404 - I'Ll navigate the mobile SCSI driver, that should bus the THX transmitter!
<146>2 2025-12-17T17:49:18.898Z productweb-readiness.biz quos 2909 ID897 - If we compress the application, we can get to the AGP program through the cross-platform SQL application!
<47>3 2025-12-17T17:49:18.898Z internalclicks-and-mortar.info quasi 8509 ID139 - If we compress the sensor, we can get to the USB monitor through the optical SCSI application!
<93>1 2025-12-17T17:49:18.898Z chiefe-commerce.info aperiam 9970 ID484 - You can't navigate the matrix without calculating the online HDD port!
<191>3 2025-12-17T17:49:18.898Z customermarkets.biz et 5798 ID642 - If we connect the driver, we can get to the CSS bus through the redundant JSON sensor!
<159>3 2025-12-17T17:49:18.898Z globalmindshare.name molestiae 3900 ID465 - Compressing the microchip won't do anything, we need to input the solid state FTP pixel!
<13>Dec 17 17:52:44 gateway authd[1000]: user=murad_kajani password=eOyjHtSWgSdGk5 status=rejected
<13>Dec 17 17:52:48 gateway authd[1000]: user=rozi password=SYeVQCamJunB status=rejected
<54>2 2025-12-17T17:49:18.898Z corporateturn-key.com saepe 2720 ID172 - If we calculate the matrix, we can get to the XML program through the 1080p ADP program!
<48>1 2025-12-17T17:49:18.898Z districtturn-key.biz dolor 1747 ID813 - We need to navigate the wireless XSS alarm!
<67>2 2025-12-17T17:49:18.898Z customersyndicate.biz consequuntur 5134 ID604 - Quantifying the program won't do anything, we need to quantify the mobile USB firewall!
<186>2 2025-12-17T17:49:18.898Z globalniches.org in 4413 ID1000 - Use the multi-byte SAS sensor, then you can navigate the cross-platform bandwidth!
<16>1 2025-12-17T17:49:18.898Z globalstrategize.io itaque 4071 ID1000 - I'Ll hack the cross-platform ADP matrix, that should program the ADP firewall!
<169>3 2025-12-17T17:49:18.898Z legacyorchestrate.info ad 9558 ID399 - You can't parse the matrix without synthesizing the open-source GB firewall!
<91>3 2025-12-17T17:49:18.898Z directsynergistic.net occaecati 3483 ID714 - I'Ll back up the virtual JBOD bus, that should application the CSS port!
<13>Dec 17 17:52:49 gateway authd[1000]: user=amyn password=Ct0vkjxCqvg status=rejected
<154>2 2025-12-17T17:49:18.898Z seniore-services.biz rerum 9489 ID378 - I'Ll hack the back-end HTTP hard drive, that should system the ADP feed!
<60>2 2025-12-17T17:49:18.898Z globaleyeballs.net omnis 7566 ID358 - Programming the pixel won't do anything, we need to navigate the open-source SAS protocol!
<145>1 2025-12-17T17:49:18.898Z regionalmonetize.net cumque 3407 ID491 - I'Ll hack the online TCP card, that should pixel the PNG bandwidth!
<51>2 2025-12-17T17:49:18.898Z internalbricks-and-clicks.info quia 4944 ID834 - Try to quantify the SQL circuit, maybe it will navigate the auxiliary firewall!
<173>2 2025-12-17T17:49:18.898Z nationale-tailers.io dolor 1765 ID966 - Backing up the sensor won't do anything, we need to override the neural RAM system!
<13>Dec 17 17:52:50 gateway authd[1000]: user=mahek_ramzan password=wWDMaC0MYst status=rejected
<13>Dec 17 17:52:51 gateway authd[1000]: user=saira_jiwani password=9awPpI7sz status=rejected
<177>3 2025-12-17T17:49:18.898Z leadsystems.io quis 2901 ID314 - If we synthesize the matrix, we can get to the XSS port through the open-source FTP transmitter!
<62>2 2025-12-17T17:49:18.898Z investorextensible.io recusandae 9917 ID684 - If we navigate the system, we can get to the JBOD feed through the auxiliary SQL interface!
<109>3 2025-12-17T17:49:18.898Z principalchannels.net quod 1460 ID489 - You can't input the capacitor without copying the optical PNG driver!
<156>1 2025-12-17T17:49:18.898Z centralniches.info nostrum 9545 ID504 - I'Ll navigate the online RAM alarm, that should feed the THX transmitter!
<151>3 2025-12-17T17:49:18.898Z corporateback-end.biz eius 3798 ID648 - Use the bluetooth AI monitor, then you can parse the back-end sensor!
<82>3 2025-12-17T17:49:18.898Z corporatevisualize.io consequatur 2865 ID155 - You can't compress the array without copying the solid state PCI pixel!
<75>2 2025-12-17T17:49:18.898Z investorexpedite.biz assumenda 493 ID273 - Use the solid state RSS hard drive, then you can reboot the virtual card!
<91>1 2025-12-17T17:49:18.898Z productorchestrate.com similique 4254 ID872 - Generating the protocol won't do anything, we need to navigate the digital SQL hard drive!
<182>3 2025-12-17T17:49:18.898Z investorutilize.io cum 4190 ID628 - You can't back up the pixel without indexing the online GB hard drive!
<13>Dec 17 17:52:55 gateway authd[1000]: user=arwa password=JdUYqqFCjObi8 status=rejected
<65>2 2025-12-17T17:49:18.898Z internalincentivize.net ipsum 7000 ID413 - We need to generate the primary PNG application!
<13>Dec 17 17:52:58 gateway authd[1000]: user=ali_dharani password=Wz4TyZPHNsrAh status=rejected
<13>Dec 17 17:53:03 gateway authd[1000]: user=saira_jiwani password=t54Qk9y7M5U3l status=rejected
<13>Dec 17 17:53:08 gateway authd[1000]: user=khizrali_kradiya password=qJ0aXWGkLbapeX status=rejected
<145>3 2025-12-17T17:49:18.898Z districtaggregate.info totam 5829 ID406 - Parsing the bus won't do anything, we need to hack the bluetooth XML application!
<188>3 2025-12-17T17:49:18.898Z principalsynergistic.biz nesciunt 5028 ID179 - You can't quantify the program without bypassing the online USB bandwidth!
<19>2 2025-12-17T17:49:18.898Z futuretransform.com consequatur 8416 ID339 - Try to synthesize the SMS system, maybe it will parse the mobile matrix!
<13>Dec 17 17:53:11 gateway authd[1000]: user=murad_kajani password=Eli9iVXtpc7b status=rejected
<133>2 2025-12-17T17:49:18.898Z futurebest-of-breed.io aliquid 3598 ID314 - Use the mobile SAS panel, then you can synthesize the digital circuit!
<20>3 2025-12-17T17:49:18.898Z legacyinfrastructures.name dolore 822 ID409 - If we copy the bus, we can get to the SCSI circuit through the 1080p JSON application!
<9>2 2025-12-17T17:49:18.898Z dynamicenable.com in 759 ID738 - If we hack the application, we can get to the RAM alarm through the virtual GB monitor!
<154>3 2025-12-17T17:49:18.898Z globalniches.name est 7489 ID576 - We need to override the back-end PNG sensor!
<164>2 2025-12-17T17:49:18.898Z customercultivate.info rerum 6407 ID632 - I'Ll connect the auxiliary FTP transmitter, that should capacitor the JBOD protocol!
<13>Dec 17 17:53:15 gateway authd[1000]: user=noah_ladak password=eSZbXzGTUo status=rejected
<1>3 2025-12-17T17:49:18.898Z legacyparadigms.name facilis 2809 ID613 - If we compress the firewall, we can get to the JBOD microchip through the redundant SDD feed!
<13>Dec 17 17:53:18 gateway authd[1000]: user=armaan_chakkiwala password=ePy3iIQISh status=rejected
<182>1 2025-12-17T17:49:18.898Z forwardworld-class.biz est 6234 ID235 - The AGP capacitor is down, bypass the solid state card so we can navigate the ADP hard drive!
<44>1 2025-12-17T17:49:18.898Z productcompelling.io at 9707 ID490 - You can't bypass the alarm without hacking the mobile GB system!
<13>Dec 17 17:53:19 gateway authd[1000]: user=fariha_mohammad password=5lOht5AQJSyOH2 status=rejected
<13>Dec 17 17:53:24 gateway authd[1000]: user=mahek_ramzan password=8ZTArJKr5web8 status=rejected
<104>2 2025-12-17T17:49:18.898Z leadcross-platform.com totam 8453 ID479 - You can't quantify the program without backing up the online SAS bandwidth!
<135>1 2025-12-17T17:49:18.898Z districtweb-readiness.io est 7292 ID975 - Use the bluetooth AI system, then you can transmit the optical bandwidth!
<32>2 2025-12-17T17:49:18.898Z dynamicseize.name pariatur 1790 ID708 - If we index the driver, we can get to the COM circuit through the redundant PNG matrix!
<13>Dec 17 17:53:27 gateway authd[1000]: user=zull_nensi password=lIN4ZEGkqcxnv9 status=rejected
<163>2 2025-12-17T17:49:18.898Z dynamicwhiteboard.net rerum 7161 ID643 - Navigating the firewall won't do anything, we need to copy the neural SQL port!
<25>2 2025-12-17T17:49:18.898Z dynamicgranular.name non 5400 ID376 - We need to connect the back-end JBOD bandwidth!
<159>3 2025-12-17T17:49:18.898Z futurefunctionalities.org harum 5275 ID234 - You can't transmit the transmitter without overriding the back-end RAM pixel!
<13>Dec 17 17:53:30 gateway authd[1000]: user=ali_dharani password=PDi5Ehv3GJ status=rejected
<13>Dec 17 17:53:31 gateway authd[1000]: user=a_ali password=4uTPQxK2r status=rejected
<13>Dec 17 17:53:32 gateway authd[1000]: user=zanir password=C0jZr6PX1m status=rejected
<13>Dec 17 17:53:37 gateway authd[1000]: user=murad_kajani password=j2rGzzsh status=rejected
<13>Dec 17 17:53:39 gateway authd[1000]: user=shar password=nyBJa0OeSD0 status=rejected
<78>3 2025-12-17T17:49:18.898Z internalpartnerships.net et 466 ID483 - Connecting the program won't do anything, we need to hack the auxiliary IB driver!
<71>1 2025-12-17T17:49:18.898Z dynamicturn-key.biz ipsa 8548 ID929 - Calculating the transmitter won't do anything, we need to transmit the digital JBOD monitor!
<162>1 2025-12-17T17:49:18.898Z corporatescalable.info tempore 8286 ID926 - I'Ll override the auxiliary HTTP system, that should capacitor the RSS driver!
<20>1 2025-12-17T17:49:18.898Z internationalextend.io consequatur 7842 ID694 - We need to copy the haptic RAM driver!
<13>Dec 17 17:53:41 gateway authd[1000]: user=zain_mitha password=hdxoO2B9CBuGU status=rejected
<13>Dec 17 17:53:42 gateway authd[1000]: user=shahzeb_jiwani password=9W2nBMxz6lM9G status=rejected
<178>2 2025-12-17T17:49:18.898Z internalportals.com eos 425 ID950 - The PNG panel is down, synthesize the back-end port so we can reboot the TCP interface!
<161>3 2025-12-17T17:49:18.898Z futurecommunities.name labore 9864 ID74 - The HDD bandwidth is down, back up the cross-platform card so we can index the THX protocol!
<115>2 2025-12-17T17:49:18.898Z principalrich.com voluptate 1042 ID658 - Generating the array won't do anything, we need to copy the optical JSON transmitter!
<183>2 2025-12-17T17:49:18.898Z internationalmaximize.biz eum 2298 ID848 - Generating the pixel won't do anything, we need to override the wireless SSL pixel!
<44>3 2025-12-17T17:49:18.898Z nationaltransparent.com vitae 9840 ID395 - We need to hack the cross-platform GB microchip!
<42>1 2025-12-17T17:49:18.898Z internationalfrictionless.info sequi 807 ID178 - The RSS system is down, connect the neural alarm so we can bypass the COM array!
<163>2 2025-12-17T17:49:18.898Z futureweb-enabled.net cupiditate 4078 ID277 - Try to calculate the EXE sensor, maybe it will hack the mobile program!
<13>Dec 17 17:53:45 gateway authd[1000]: user=amyn password=TNC3nJPycvmxOG status=rejected
<176>3 2025-12-17T17:49:18.898Z internalbest-of-breed.com sint 7417 ID893 - You can't quantify the feed without synthesizing the 1080p FTP monitor!
<13>Dec 17 17:53:47 gateway authd[1000]: user=murad password=UZCdfobczi7nk8 status=rejected
<127>2 2025-12-17T17:49:18.898Z legacye-markets.net unde 8238 ID771 - Use the cross-platform COM hard drive, then you can override the open-source feed!
<60>1 2025-12-17T17:49:18.898Z internationalaction-items.org ab 7837 ID606 - Connecting the pixel won't do anything, we need to index the optical JSON panel!
<182>3 2025-12-17T17:49:18.898Z leadconvergence.net odit 524 ID707 - Connecting the port won't do anything, we need to override the bluetooth TCP driver!
<30>1 2025-12-17T17:49:18.898Z principalsystems.com veniam 7938 ID154 - Use the wireless GB alarm, then you can generate the back-end interface!
<95>2 2025-12-17T17:49:18.898Z internationalviral.org molestias 8263 ID230 - If we reboot the protocol, we can get to the THX microchip through the neural AGP matrix!
<109>3 2025-12-17T17:49:18.898Z futurerelationships.io perferendis 2211 ID745 - We need to calculate the online XSS circuit!
<144>1 2025-12-17T17:49:18.898Z districtgranular.io tenetur 4684 ID749 - You can't index the protocol without connecting the virtual THX feed!
<190>2 2025-12-17T17:49:18.898Z corporatee-business.io inventore 8591 ID363 - Use the optical SAS transmitter, then you can back up the back-end monitor!
<13>Dec 17 17:53:48 gateway authd[1000]: user=arwa password=OJX8iDPCsN5vF status=rejected
<13>Dec 17 17:53:50 gateway authd[1000]: user=fariha_mohammad password=IqUCyLXRKJ1ci status=rejected
<22>2 2025-12-17T17:49:18.898Z corporateengineer.biz non 8858 ID450 - The IB matrix is down, override the wireless panel so we can reboot the USB transmitter!
<14>2 2025-12-17T17:49:18.898Z customervortals.com autem 4827 ID255 - I'Ll input the mobile SQL port, that should protocol the HTTP program!
