<132>3 2025-12-17T17:49:18.913Z seniorscale.name iusto 7944 ID611 - Use the auxiliary PCI port, then you can transmit the wireless capacitor!
<40>2 2025-12-17T17:49:18.913Z nationalcultivate.net quasi 1966 ID432 - The ADP feed is down, program the digital array so we can copy the CSS panel!
<104>2 2025-12-17T17:49:18.913Z productincentivize.com minima 1439 ID907 - If we hack the card, we can get to the PCI bandwidth through the bluetooth HTTP bus!
<86>2 2025-12-17T17:49:18.913Z nationalviral.name asperiores 2058 ID764 - Try to back up the AGP capacitor, maybe it will parse the neural circuit!
<171>2 2025-12-17T17:49:18.913Z corporateproactive.info earum 4611 ID610 - Bypassing the firewall won't do anything, we need to transmit the haptic COM interface!
<161>2 2025-12-17T17:49:18.913Z principalincentivize.com quis 6639 ID674 - We need to bypass the multi-byte IB hard drive!
<86>2 2025-12-17T17:49:18.913Z directenterprise.com nostrum 362 ID306 - If we calculate the interface, we can get to the PCI circuit through the open-source EXE bandwidth!
<13>Dec 17 17:49:17 gateway authd[1000]: user=samantha_vivanco password=YbkCr4ZwDVmm status=rejected
<63>3 2025-12-17T17:49:18.913Z forwardrepurpose.net commodi 7750 ID350 - Use the wireless AGP pixel, then you can quantify the bluetooth card!
<51>1 2025-12-17T17:49:18.913Z customersynergies.info quia 5280 ID286 - We need to input the bluetooth RSS transmitter!
<126>3 2025-12-17T17:49:18.913Z districtgenerate.io veritatis 9518 ID47 - Indexing the circuit won't do anything, we need to back up the 1080p RAM monitor!
<13>Dec 17 17:49:20 gateway authd[1000]: user=fatma_arslan password=A7CQUkOCvL status=rejected
<182>3 2025-12-17T17:49:18.913Z dynamicnetworks.io non 6928 ID291 - You can't navigate the bandwidth without synthesizing the solid state TCP transmitter!
<147>3 2025-12-17T17:49:18.913Z customermethodologies.io eos 2517 ID294 - The CSS panel is down, transmit the neural transmitter so we can generate the SCSI interface!
<145>2 2025-12-17T17:49:18.913Z globalweb-enabled.io omnis 5361 ID568 - We need to reboot the 1080p PCI feed!
<13>Dec 17 17:49:24 gateway authd[1000]: user=khalid_galal password=QHoJNWFaJfX status=rejected
<91>1 2025-12-17T17:49:18.913Z internationalorchestrate.name dolor 4074 ID813 - We need to generate the wireless THX interface!
<20>3 2025-12-17T17:49:18.913Z humanevolve.biz quas 8701 ID608 - I'Ll hack the optical FTP program, that should circuit the GB alarm!
<149>3 2025-12-17T17:49:18.913Z corporatetransparent.biz suscipit 4827 ID62 - We need to connect the back-end SAS card!
<173>2 2025-12-17T17:49:18.913Z directleverage.org et 3831 ID445 - You can't reboot the transmitter without connecting the bluetooth CSS firewall!
<137>3 2025-12-17T17:49:18.913Z internationalengage.name nemo 8719 ID618 - If we transmit the transmitter, we can get to the SAS array through the open-source SMS application!
<143>2 2025-12-17T17:49:18.913Z customeroptimize.net sint 1597 ID612 - The RAM sensor is down, parse the open-source firewall so we can calculate the FTP alarm!
<13>Dec 17 17:49:27 gateway authd[1000]: user=jacqueline_arias password=t4pxoHsIE status=rejected
<150>1 2025-12-17T17:49:18.913Z legacydot-com.info maiores 6650 ID121 - Hacking the interface won't do anything, we need to hack the haptic THX feed!
<34>2 2025-12-17T17:49:18.913Z dynamicmesh.org quia 3776 ID554 - You can't quantify the panel without overriding the redundant THX port!
<13>Dec 17 17:49:28 gateway authd[1000]: user=jacqueline_yanez password=jtCigVoLksR status=rejected
<184>3 2025-12-17T17:49:18.913Z corporateinteractive.biz tempore 6542 ID981 - The SCSI transmitter is down, reboot the wireless pixel so we can program the RSS hard drive!
<158>1 2025-12-17T17:49:18.913Z leadorchestrate.name blanditiis 8148 ID893 - Calculating the driver won't do anything, we need to program the solid state XSS application!
<13>Dec 17 17:49:29 gateway authd[1000]: user=mimi_xie password=0anOFVhCDLit status=rejected
<79>1 2025-12-17T17:49:18.913Z districtbest-of-breed.io velit 9835 ID323 - I'Ll hack the multi-byte PNG port, that should array the SCSI alarm!
<13>Dec 17 17:49:33 gateway authd[1000]: user=jacqueline_arias password=HGsN1icJzX status=rejected
<13>Dec 17 17:49:35 gateway authd[1000]: user=kevin_desai password=Wx5kvuIqgx status=rejected
<105>1 2025-12-17T17:49:18.913Z globaltransition.info voluptate 9699 ID659 - You can't calculate the circuit without overriding the neural RSS monitor!
<72>1 2025-12-17T17:49:18.913Z dynamicmindshare.com qui 4345 ID924 - We need to hack the wireless TCP port!
<105>2 2025-12-17T17:49:18.913Z investorvisualize.com ut 7159 ID868 - We need to index the multi-byte SMS card!
<173>1 2025-12-17T17:49:18.913Z forwardholistic.net qui 9504 ID399 - We need to index the auxiliary PCI monitor!
<30>2 2025-12-17T17:49:18.913Z centralintegrate.biz earum 2992 ID955 - I'Ll program the optical SMTP transmitter, that should protocol the AI bus!
<138>2 2025-12-17T17:49:18.913Z internalinfrastructures.net vel 9095 ID983 - I'Ll compress the primary SMTP driver, that should transmitter the XML sensor!
<168>1 2025-12-17T17:49:18.913Z investorcustomized.biz soluta 862 ID501 - We need to compress the solid state RAM firewall!
<13>Dec 17 17:49:39 gateway authd[1000]: user=elocin_pettit password=kEOy5xQK status=rejected
<84>2 2025-12-17T17:49:18.913Z nationalscale.org animi 3711 ID546 - I'Ll input the bluetooth PCI feed, that should alarm the ADP sensor!
<13>Dec 17 17:49:40 gateway authd[1000]: user=hailey_muniz password=0s7O5UFnSU48B status=rejected
<182>2 2025-12-17T17:49:18.913Z districtaggregate.com fugit 9395 ID212 - You can't calculate the bandwidth without connecting the online JSON array!
<13>Dec 17 17:49:45 gateway authd[1000]: user=rajendra_boppana password=RzycNYSlHSA status=rejected
<178>1 2025-12-17T17:49:18.913Z directniches.org dignissimos 3876 ID545 - I'Ll override the primary JBOD capacitor, that should sensor the RSS alarm!
<83>3 2025-12-17T17:49:18.913Z nationalmagnetic.name occaecati 2215 ID857 - Try to generate the USB application, maybe it will calculate the back-end pixel!
<109>3 2025-12-17T17:49:18.913Z senior24/7.name eos 8675 ID106 - Transmitting the alarm won't do anything, we need to input the online COM bandwidth!
<31>3 2025-12-17T17:49:18.913Z principalclicks-and-mortar.name numquam 1997 ID701 - We need to copy the back-end USB microchip!
<178>1 2025-12-17T17:49:18.913Z dynamicinfomediaries.com dolor 4686 ID776 - You can't input the microchip without parsing the multi-byte SCSI capacitor!
<13>Dec 17 17:49:49 gateway authd[1000]: user=matthew_gibson_lopez password=xmJzxG04fTs7s status=rejected
<44>3 2025-12-17T17:49:18.913Z legacymission-critical.info officia 4171 ID749 - Parsing the program won't do anything, we need to synthesize the virtual SCSI microchip!
<19>1 2025-12-17T17:49:18.913Z dynamicturn-key.com assumenda 3659 ID630 - Quantifying the driver won't do anything, we need to hack the virtual PCI program!
<68>1 2025-12-17T17:49:18.913Z corporateone-to-one.com dolor 8721 ID747 - You can't synthesize the monitor without generating the cross-platform HTTP card!
<70>3 2025-12-17T17:49:18.913Z leadembrace.name asperiores 5402 ID307 - The XSS pixel is down, program the open-source panel so we can compress the HDD microchip!
<13>Dec 17 17:49:54 gateway authd[1000]: user=hailey_muniz password=U0Y5Rpdj2 status=rejected
<13>Dec 17 17:49:55 gateway authd[1000]: user=ali_dogru password=N2PU8FoOoX5QvA status=rejected
<1>3 2025-12-17T17:49:18.913Z corporateefficient.io magnam 712 ID12 - Try to synthesize the SCSI system, maybe it will reboot the online capacitor!
<138>3 2025-12-17T17:49:18.913Z dynamicparadigms.biz sint 2629 ID691 - You can't calculate the array without bypassing the open-source JBOD alarm!
<13>Dec 17 17:50:00 gateway authd[1000]: user=matthew_gibson_lopez password=zytj7HT6AHF status=rejected
<13>2 2025-12-17T17:49:18.913Z directweb-enabled.io vel 9807 ID90 - You can't back up the capacitor without bypassing the bluetooth SDD array!
<13>Dec 17 17:50:02 gateway authd[1000]: user=turgay_korkmaz password=tA58hOlOeeN45p status=rejected
<13>Dec 17 17:50:05 gateway authd[1000]: user=isabella_bartolomeo password=9wSlQXHQ status=rejected
<56>2 2025-12-17T17:49:18.913Z internationalcross-platform.org labore 7865 ID634 - The TCP driver is down, input the digital pixel so we can quantify the JSON transmitter!
<13>Dec 17 17:50:08 gateway authd[1000]: user=fatma_arslan password=bKs2OvX8 status=rejected
<13>Dec 17 17:50:12 gateway authd[1000]: user=vian_chen password=l2KcEpIz status=rejected
<124>2 2025-12-17T17:49:18.913Z chiefbandwidth.io eum 9089 ID31 - The CSS circuit is down, navigate the digital firewall so we can program the HTTP card!
<167>2 2025-12-17T17:49:18.913Z humanviral.net illum 9432 ID708 - You can't calculate the bandwidth without connecting the bluetooth SMTP microchip!
<10>3 2025-12-17T17:49:18.913Z globaltransform.info vero 4729 ID754 - Backing up the capacitor won't do anything, we need to parse the 1080p HDD firewall!
<114>1 2025-12-17T17:49:18.913Z nationale-business.io recusandae 2064 ID267 - Use the bluetooth SAS hard drive, then you can calculate the online array!
<90>2 2025-12-17T17:49:18.913Z productdeliverables.com laboriosam 9614 ID952 - I'Ll program the redundant PCI firewall, that should interface the TCP transmitter!
<78>3 2025-12-17T17:49:18.913Z principalinitiatives.name officiis 9803 ID671 - You can't back up the array without indexing the cross-platform SQL pixel!
<13>Dec 17 17:50:14 gateway authd[1000]: user=matthew_gibson_lopez password=7E2QYmicd status=rejected
<103>1 2025-12-17T17:49:18.913Z chiefe-markets.info sapiente 5878 ID534 - You can't synthesize the pixel without programming the solid state XSS monitor!
<55>2 2025-12-17T17:49:18.913Z globalaggregate.com enim 3760 ID98 - Programming the monitor won't do anything, we need to bypass the auxiliary HTTP protocol!
<4>2 2025-12-17T17:49:18.913Z dynamiceyeballs.biz eius 6718 ID526 - Hacking the system won't do anything, we need to back up the bluetooth RSS protocol!
<41>3 2025-12-17T17:49:18.913Z leadmonetize.org perspiciatis 3698 ID669 - Try to synthesize the RSS matrix, maybe it will back up the auxiliary monitor!
<165>2 2025-12-17T17:49:18.913Z dynamicbandwidth.name placeat 7564 ID91 - Use the auxiliary SMS firewall, then you can copy the optical circuit!
<73>3 2025-12-17T17:49:18.913Z dynamicarchitect.com deleniti 5192 ID326 - The SAS protocol is down, compress the cross-platform hard drive so we can parse the RAM array!
<84>3 2025-12-17T17:49:18.913Z leadmesh.info earum 4880 ID430 - You can't input the monitor without quantifying the open-source RAM port!
<81>3 2025-12-17T17:49:18.913Z corporatesynergies.com dolore 1736 ID830 - Backing up the pixel won't do anything, we need to connect the wireless SDD sensor!
<13>Dec 17 17:50:17 gateway authd[1000]: user=elocin_pettit password=p1BWp5HO status=rejected
<73>1 2025-12-17T17:49:18.913Z centralutilize.biz non 2559 ID346 - If we navigate the bus, we can get to the SDD application through the optical RSS pixel!
<13>2 2025-12-17T17:49:18.913Z centralaggregate.biz est 495 ID139 - You can't connect the driver without hacking the 1080p ADP transmitter!
<13>Dec 17 17:50:22 gateway authd[1000]: user=aidan_kollar password=csrXcJ2T9Fh status=rejected
<130>3 2025-12-17T17:49:18.913Z principalback-end.com et 1927 ID318 - The COM matrix is down, transmit the multi-byte port so we can synthesize the HTTP bandwidth!
<145>3 2025-12-17T17:49:18.913Z forwardincentivize.info maxime 7706 ID331 - I'Ll generate the back-end TCP driver, that should hard drive the XML matrix!
<13>Dec 17 17:50:25 gateway authd[1000]: user=samantha_vivanco password=n5XUYdhUmwPxU status=rejected
<137>2 2025-12-17T17:49:18.913Z nationalportals.net veritatis 6166 ID304 - If we index the program, we can get to the RSS driver through the neural FTP driver!
<13>Dec 17 17:50:26 gateway authd[1000]: user=mimi_xie password=7fej3LiLDzg status=rejected
<155>2 2025-12-17T17:49:18.913Z dynamicvertical.io nobis 9244 ID129 - I'Ll parse the primary HTTP panel, that should matrix the PNG application!
<116>1 2025-12-17T17:49:18.913Z internalnext-generation.biz fugit 9061 ID371 - Use the auxiliary GB bus, then you can calculate the bluetooth feed!
<13>Dec 17 17:50:31 gateway authd[1000]: user=tonya password=1jwg3oiLY9kLk status=rejected
<46>3 2025-12-17T17:49:18.913Z corporateplatforms.com occaecati 3948 ID557 - Navigating the card won't do anything, we need to generate the cross-platform FTP port!
<13>Dec 17 17:50:34 gateway authd[1000]: user=nathaniel_farmer password=IpFyu6jzvgZN status=rejected
<85>2 2025-12-17T17:49:18.913Z globalone-to-one.io expedita 1185 ID358 - We need to copy the 1080p PNG bus!
<67>1 2025-12-17T17:49:18.913Z regionaldistributed.info quia 9399 ID354 - Try to program the GB pixel, maybe it will hack the virtual firewall!
<13>Dec 17 17:50:35 gateway authd[1000]: user=fardeen_bhimani password=IIfrweMMM status=rejected
<95>2 2025-12-17T17:49:18.913Z dynamicconvergence.com iste 2659 ID482 - Try to connect the USB firewall, maybe it will back up the bluetooth card!
<13>Dec 17 17:50:38 gateway authd[1000]: user=arnon_kenny password=QY2t2H4RreT4mJ status=rejected
<144>2 2025-12-17T17:49:18.913Z investorrevolutionary.name sit 7720 ID9 - Calculating the bus won't do anything, we need to transmit the solid state IB protocol!
<13>Dec 17 17:50:40 gateway authd[1000]: user=walker_caskey password=CghIGGg9 status=rejected
<13>Dec 17 17:50:41 gateway authd[1000]: user=john_quarles password=uAXy1tbtLjDB status=rejected
<184>2 2025-12-17T17:49:18.913Z centralfront-end.net hic 4668 ID612 - Navigating the hard drive won't do anything, we need to input the wireless JBOD system!
<46>1 2025-12-17T17:49:18.913Z districtvortals.org enim 868 ID39 - Try to back up the COM bus, maybe it will calculate the virtual port!
<116>2 2025-12-17T17:49:18.913Z centralutilize.com in 7081 ID203 - We need to copy the solid state THX pixel!
<13>Dec 17 17:50:44 gateway authd[1000]: user=kevin_desai password=GCNXzSkbPsd status=rejected
<31>1 2025-12-17T17:49:18.913Z globalusers.net accusamus 5013 ID811 - The SCSI monitor is down, bypass the haptic application so we can reboot the FTP pixel!
<69>3 2025-12-17T17:49:18.913Z internalstrategic.io deleniti 7476 ID599 - Overriding the transmitter won't do anything, we need to transmit the solid state XML program!
<13>Dec 17 17:50:46 gateway authd[1000]: user=jacqueline_yanez password=JT5xz3MAwNfrQ status=rejected
<13>Dec 17 17:50:48 gateway authd[1000]: user=blessy password=FJ2K8XYunMiN status=rejected
<7>3 2025-12-17T17:49:18.913Z dynamicrevolutionize.info quo 7502 ID596 - I'Ll hack the online RAM system, that should microchip the HDD sensor!
<144>1 2025-12-17T17:49:18.913Z leadwireless.org in 1832 ID280 - If we quantify the monitor, we can get to the USB array through the back-end PCI card!
<4>2 2025-12-17T17:49:18.913Z directbleeding-edge.net aliquam 6545 ID834 - Calculating the card won't do anything, we need to index the bluetooth RSS port!
<91>2 2025-12-17T17:49:18.913Z nationalwhiteboard.biz nostrum 9789 ID20 - The AI array is down, transmit the back-end bandwidth so we can index the JBOD capacitor!
<151>1 2025-12-17T17:49:18.913Z futuremethodologies.info vel 8357 ID640 - The SSL capacitor is down, compress the cross-platform alarm so we can hack the USB bandwidth!
<130>2 2025-12-17T17:49:18.913Z dynamickiller.org qui 2892 ID182 - I'Ll generate the back-end SCSI sensor, that should pixel the JSON card!
<63>1 2025-12-17T17:49:18.913Z humanmaximize.biz unde 6781 ID484 - Try to quantify the AGP feed, maybe it will program the cross-platform feed!
<190>2 2025-12-17T17:49:18.913Z dynamicchannels.io ipsa 8046 ID761 - Use the bluetooth JSON sensor, then you can transmit the mobile monitor!
<41>3 2025-12-17T17:49:18.913Z humaninfrastructures.biz id 3083 ID445 - We need to parse the digital SAS port!
<13>Dec 17 17:50:53 gateway authd[1000]: user=judith_infante password=h5QwSGJtTFFDJ status=rejected
<131>1 2025-12-17T17:49:18.913Z leade-tailers.biz consequatur 6830 ID476 - You can't input the microchip without copying the bluetooth AGP port!
<13>Dec 17 17:50:54 gateway authd[1000]: user=josie_sauceda password=5znpNfOFerbP status=rejected
<33>1 2025-12-17T17:49:18.913Z investorexpedite.info architecto 9556 ID853 - Try to calculate the FTP sensor, maybe it will synthesize the open-source driver!
<13>Dec 17 17:50:56 gateway authd[1000]: user=blessy password=hovZotzmqIc2a status=rejected
<13>Dec 17 17:50:59 gateway authd[1000]: user=will_dedominico password=u1JxOS61FyNA status=rejected
<115>1 2025-12-17T17:49:18.913Z dynamicdot-com.net sint 9528 ID863 - Generating the card won't do anything, we need to generate the optical SAS driver!
<13>Dec 17 17:51:00 gateway authd[1000]: user=elocin_pettit password=GjDWjzbqI status=rejected
<159>3 2025-12-17T17:49:18.913Z seniorsynergistic.biz recusandae 6965 ID830 - Try to calculate the XML interface, maybe it will compress the solid state pixel!
<38>1 2025-12-17T17:49:18.913Z principalmetrics.net eos 1474 ID972 - Compressing the transmitter won't do anything, we need to input the redundant SCSI application!
<88>2 2025-12-17T17:49:18.913Z productvalue-added.net doloremque 3204 ID491 - Quantifying the bandwidth won't do anything, we need to input the online ADP firewall!
<13>Dec 17 17:51:05 gateway authd[1000]: user=josie_sauceda password=HuboV5nCrg status=rejected
<186>3 2025-12-17T17:49:18.913Z corporatearchitect.com architecto 7249 ID46 - Try to hack the PCI pixel, maybe it will index the auxiliary sensor!
<120>2 2025-12-17T17:49:18.913Z humanvertical.com velit 7075 ID214 - If we synthesize the sensor, we can get to the COM microchip through the primary FTP card!
<13>Dec 17 17:51:06 gateway authd[1000]: user=judith_infante password=HNa6E7S35ZN status=rejected
<159>3 2025-12-17T17:49:18.913Z nationalenterprise.net natus 8122 ID953 - We need to parse the solid state HTTP system!
<136>1 2025-12-17T17:49:18.913Z principalsexy.biz culpa 4790 ID216 - We need to connect the open-source SSL protocol!
<90>2 2025-12-17T17:49:18.913Z seniorproductize.io repudiandae 8295 ID800 - The AI firewall is down, transmit the wireless array so we can input the SSL circuit!
<23>3 2025-12-17T17:49:18.913Z internalfront-end.name amet 8958 ID851 - Transmitting the feed won't do anything, we need to compress the 1080p CSS matrix!
<154>2 2025-12-17T17:49:18.913Z districtweb services.biz incidunt 8075 ID152 - Use the online AI system, then you can hack the optical sensor!
<95>3 2025-12-17T17:49:18.913Z seniormesh.net non 5546 ID215 - The SDD system is down, override the digital bandwidth so we can compress the HDD sensor!
<80>2 2025-12-17T17:49:18.913Z principalexpedite.com numquam 2279 ID194 - Try to compress the IB card, maybe it will quantify the solid state sensor!
<89>1 2025-12-17T17:49:18.913Z internationalengineer.com illo 3813 ID745 - The ADP firewall is down, reboot the solid state protocol so we can program the XML pixel!
<138>3 2025-12-17T17:49:18.913Z internalenable.com et 1573 ID788 - If we compress the capacitor, we can get to the RSS feed through the cross-platform RAM application!
<13>Dec 17 17:51:09 gateway authd[1000]: user=phillip_menard password=lAmVbSR1oPR3 status=rejected
<8>2 2025-12-17T17:49:18.913Z leadutilize.org aliquam 2734 ID581 - Use the primary SSL matrix, then you can override the cross-platform pixel!
<13>Dec 17 17:51:10 gateway authd[1000]: user=dyshana_torres_rivera password=2mNNQOazJIm status=rejected
<62>2 2025-12-17T17:49:18.913Z dynamicvertical.org ipsa 8532 ID32 - Use the haptic FTP matrix, then you can back up the open-source circuit!
<45>2 2025-12-17T17:49:18.913Z directsyndicate.info delectus 3333 ID778 - You can't navigate the hard drive without generating the digital RSS port!
<134>1 2025-12-17T17:49:18.913Z forwardengage.com error 7275 ID218 - The RSS feed is down, navigate the digital system so we can back up the THX pixel!
<159>2 2025-12-17T17:49:18.913Z regionalincubate.net sint 2364 ID528 - If we transmit the system, we can get to the AGP firewall through the redundant EXE array!
<13>Dec 17 17:51:13 gateway authd[1000]: user=arnon_kenny password=s7PSOJpA status=rejected
<13>Dec 17 17:51:16 gateway authd[1000]: user=tonya password=SKg5hRqJCuxgD status=rejected
<65>3 2025-12-17T17:49:18.913Z customerrecontextualize.org delectus 5180 ID157 - The EXE port is down, hack the haptic bus so we can parse the HDD matrix!
<180>2 2025-12-17T17:49:18.913Z seniorinteractive.io sunt 2452 ID827 - You can't quantify the hard drive without synthesizing the haptic EXE array!
<113>1 2025-12-17T17:49:18.913Z forwardembrace.net sint 7737 ID269 - Use the haptic ADP interface, then you can transmit the wireless firewall!
<3>1 2025-12-17T17:49:18.913Z productrepurpose.biz at 3375 ID824 - Use the cross-platform JBOD matrix, then you can hack the auxiliary transmitter!
<76>1 2025-12-17T17:49:18.913Z nationalbest-of-breed.info repellat 5490 ID990 - Compressing the capacitor won't do anything, we need to calculate the optical ADP array!
<22>3 2025-12-17T17:49:18.913Z dynamiccollaborative.biz autem 347 ID991 - You can't back up the sensor without quantifying the mobile AGP hard drive!
<2>2 2025-12-17T17:49:18.913Z internaluser-centric.biz et 2982 ID596 - Try to quantify the XSS alarm, maybe it will navigate the primary application!
<40>3 2025-12-17T17:49:18.913Z dynamicworld-class.io aut 9241 ID558 - I'Ll reboot the redundant AI circuit, that should firewall the ADP circuit!
<187>3 2025-12-17T17:49:18.913Z centralengage.biz vitae 5321 ID79 - Try to synthesize the PNG program, maybe it will navigate the digital protocol!
<149>1 2025-12-17T17:49:18.913Z directrepurpose.net accusantium 6207 ID525 - You can't override the interface without generating the online SCSI application!
<13>Dec 17 17:51:19 gateway authd[1000]: user=phillip_menard password=2LhUnt8kH status=rejected
<150>1 2025-12-17T17:49:18.913Z humane-services.biz dolor 1129 ID870 - You can't reboot the program without quantifying the back-end PCI microchip!
<53>2 2025-12-17T17:49:18.913Z centralenhance.biz consequatur 6484 ID85 - If we generate the panel, we can get to the HTTP bus through the online THX panel!
<189>2 2025-12-17T17:49:18.913Z dynamicbest-of-breed.info esse 6583 ID814 - You can't calculate the monitor without indexing the cross-platform XML application!
<69>3 2025-12-17T17:49:18.913Z futuresyndicate.info ab 6404 ID977 - Copying the panel won't do anything, we need to reboot the solid state IB system!
<13>Dec 17 17:51:24 gateway authd[1000]: user=fardeen_bhimani password=yf4Nh083M status=rejected
<106>2 2025-12-17T17:49:18.913Z leadapplications.biz quas 3496 ID201 - The SSL microchip is down, program the back-end feed so we can override the CSS sensor!
<13>Dec 17 17:51:27 gateway authd[1000]: user=nathaniel_farmer password=JtgcGkJ8D status=rejected
<33>1 2025-12-17T17:49:18.913Z humanvirtual.biz quibusdam 2845 ID786 - Use the wireless PCI monitor, then you can override the cross-platform interface!
<13>Dec 17 17:51:32 gateway authd[1000]: user=josie_sauceda password=PjmdKtjdY status=rejected
<167>3 2025-12-17T17:49:18.913Z districtharness.net omnis 8446 ID142 - I'Ll compress the 1080p TCP protocol, that should monitor the ADP firewall!
<13>Dec 17 17:51:34 gateway authd[1000]: user=turgay_korkmaz password=CNS5bVJf status=rejected
<175>1 2025-12-17T17:49:18.913Z legacyinnovate.info quos 4615 ID836 - I'Ll back up the 1080p FTP feed, that should bus the SMS matrix!
<144>2 2025-12-17T17:49:18.913Z futureinnovate.biz autem 7133 ID126 - The FTP feed is down, program the primary interface so we can navigate the SCSI bus!
<13>Dec 17 17:51:39 gateway authd[1000]: user=jacqueline_arias password=fRAefggsJwR status=rejected
<125>1 2025-12-17T17:49:18.913Z productdynamic.io quo 991 ID870 - Try to calculate the PCI driver, maybe it will hack the haptic hard drive!
<3>3 2025-12-17T17:49:18.913Z directvertical.io doloremque 2897 ID732 - We need to hack the multi-byte SMTP protocol!
<13>Dec 17 17:51:43 gateway authd[1000]: user=turgay_korkmaz password=4PRvLepAy5Ob6M status=rejected
<87>3 2025-12-17T17:49:18.913Z directsynergies.org dolorem 9645 ID265 - The USB system is down, navigate the bluetooth protocol so we can synthesize the RSS program!
<156>3 2025-12-17T17:49:18.913Z chiefengineer.org rerum 3613 ID726 - Parsing the feed won't do anything, we need to copy the redundant JBOD protocol!
<152>3 2025-12-17T17:49:18.913Z leadportals.com magnam 7754 ID318 - If we input the driver, we can get to the SCSI bus through the back-end PCI alarm!
<13>Dec 17 17:51:45 gateway authd[1000]: user=ali_dogru password=XPWh5W1w4wY status=rejected
<28>2 2025-12-17T17:49:18.913Z regionalend-to-end.io voluptas 7233 ID400 - Copying the bandwidth won't do anything, we need to synthesize the back-end JSON alarm!
<13>Dec 17 17:51:48 gateway authd[1000]: user=dyshana_torres_rivera password=GgHCsj9NkDxv status=rejected
<88>1 2025-12-17T17:49:18.913Z internationalmorph.biz voluptatibus 7548 ID772 - If we back up the panel, we can get to the GB transmitter through the wireless ADP protocol!
<17>3 2025-12-17T17:49:18.913Z dynamicscale.org optio 3817 ID400 - I'Ll input the optical HTTP monitor, that should pixel the RSS driver!
<100>3 2025-12-17T17:49:18.913Z nationalglobal.net cum 1149 ID177 - The XML program is down, reboot the haptic system so we can synthesize the JSON sensor!
<13>Dec 17 17:51:52 gateway authd[1000]: user=vian_chen password=bQubUv2XU8 status=rejected
<164>3 2025-12-17T17:49:18.913Z centralbandwidth.org quam 4560 ID129 - Try to calculate the SSL program, maybe it will hack the back-end transmitter!
<2>1 2025-12-17T17:49:18.913Z globalsynergies.info aliquam 3179 ID723 - If we hack the transmitter, we can get to the JSON system through the wireless TCP microchip!
<171>3 2025-12-17T17:49:18.913Z leadbrand.com qui 1940 ID35 - I'Ll compress the mobile SQL sensor, that should interface the PCI circuit!
<63>2 2025-12-17T17:49:18.913Z internalsynergistic.org eaque 6876 ID42 - We need to hack the neural AGP port!
<184>2 2025-12-17T17:49:18.913Z productmission-critical.biz blanditiis 8520 ID605 - You can't override the system without calculating the back-end SSL bandwidth!
<30>1 2025-12-17T17:49:18.913Z directengineer.net repellat 3618 ID151 - You can't bypass the interface without calculating the optical HTTP panel!
<13>Dec 17 17:51:55 gateway authd[1000]: user=jacqueline_yanez password=EoDulQ9pu0Ce status=rejected
<181>3 2025-12-17T17:49:18.913Z corporateone-to-one.biz commodi 692 ID789 - We need to transmit the multi-byte IB driver!
<131>2 2025-12-17T17:49:18.913Z districttransparent.net consequuntur 4981 ID40 - I'Ll index the cross-platform THX bandwidth, that should feed the FTP array!
<97>2 2025-12-17T17:49:18.913Z centralfrictionless.net est 4007 ID706 - I'Ll back up the primary ADP alarm, that should driver the GB microchip!
<51>3 2025-12-17T17:49:18.913Z dynamicbandwidth.name est 6245 ID236 - If we transmit the program, we can get to the SSL system through the optical IB array!
<110>3 2025-12-17T17:49:18.913Z internalimpactful.org sed 8481 ID426 - Use the mobile SMTP driver, then you can hack the online system!
<13>Dec 17 17:51:59 gateway authd[1000]: user=john_heaps password=wwb4dEU5vLK status=rejected
<115>3 2025-12-17T17:49:18.913Z nationalcollaborative.org adipisci 1760 ID143 - Navigating the interface won't do anything, we need to navigate the optical COM bandwidth!
<155>2 2025-12-17T17:49:18.913Z productmaximize.biz optio 3974 ID393 - You can't input the system without copying the haptic ADP alarm!
<109>2 2025-12-17T17:49:18.913Z nationalgenerate.name distinctio 8373 ID609 - If we connect the interface, we can get to the ADP panel through the auxiliary RSS sensor!
<85>2 2025-12-17T17:49:18.913Z forwardcross-platform.com tenetur 5115 ID22 - The ADP transmitter is down, generate the haptic card so we can quantify the COM matrix!
<13>Dec 17 17:52:04 gateway authd[1000]: user=samantha_vivanco password=p6yYINbLtsZ status=rejected
<106>3 2025-12-17T17:49:18.913Z futuresyndicate.name distinctio 2236 ID219 - We need to connect the wireless RAM port!
<81>2 2025-12-17T17:49:18.913Z humanreintermediate.name aperiam 7609 ID244 - You can't back up the system without transmitting the auxiliary IB sensor!
<78>3 2025-12-17T17:49:18.913Z districtmesh.net maxime 6638 ID681 - Use the online EXE circuit, then you can navigate the online matrix!
<93>1 2025-12-17T17:49:18.913Z forwardb2c.name ea 7565 ID752 - I'Ll calculate the digital HTTP feed, that should monitor the FTP application!
<173>3 2025-12-17T17:49:18.913Z dynamicusers.com qui 9281 ID382 - Try to calculate the SQL interface, maybe it will calculate the 1080p transmitter!
<7>3 2025-12-17T17:49:18.913Z regionalweb-enabled.biz est 5442 ID714 - If we hack the system, we can get to the FTP protocol through the mobile RAM hard drive!
<127>1 2025-12-17T17:49:18.913Z globalsupply-chains.com laboriosam 4088 ID550 - We need to quantify the digital COM alarm!
<13>Dec 17 17:52:06 gateway authd[1000]: user=khalid_galal password=79IyTgowSyQ status=rejected
<13>Dec 17 17:52:09 gateway authd[1000]: user=blessy password=rew4BghbVhpd status=rejected
<164>2 2025-12-17T17:49:18.913Z futurefrictionless.name amet 1617 ID621 - We need to transmit the haptic JBOD matrix!
<102>2 2025-12-17T17:49:18.913Z leadfacilitate.name optio 8921 ID950 - Programming the monitor won't do anything, we need to hack the optical SMTP microchip!
<148>1 2025-12-17T17:49:18.913Z legacyrobust.biz porro 5331 ID976 - I'Ll index the cross-platform SDD feed, that should monitor the XSS bus!
<99>3 2025-12-17T17:49:18.913Z futureefficient.io dicta 9661 ID298 - We need to generate the neural SAS bandwidth!
<13>Dec 17 17:52:12 gateway authd[1000]: user=aidan_kollar password=i0cSu5HXbM status=rejected
<138>2 2025-12-17T17:49:18.913Z districtfront-end.net odit 6414 ID159 - The RSS protocol is down, bypass the solid state microchip so we can hack the COM card!
<70>2 2025-12-17T17:49:18.913Z directend-to-end.io pariatur 3732 ID772 - The SDD driver is down, override the back-end microchip so we can navigate the THX array!
<168>2 2025-12-17T17:49:18.913Z forwarde-business.biz consequatur 4737 ID995 - Try to compress the GB pixel, maybe it will compress the neural application!
<64>2 2025-12-17T17:49:18.913Z principalrich.io cumque 5739 ID143 - I'Ll generate the haptic SMS sensor, that should bandwidth the RSS hard drive!
<82>2 2025-12-17T17:49:18.913Z districtreintermediate.io alias 159 ID722 - You can't reboot the panel without overriding the multi-byte AI capacitor!
<150>3 2025-12-17T17:49:18.913Z nationalconvergence.io illum 912 ID45 - We need to back up the open-source AGP array!
<52>2 2025-12-17T17:49:18.913Z internationalmarkets.com quas 6283 ID346 - If we parse the pixel, we can get to the AGP hard drive through the mobile SDD microchip!
<103>3 2025-12-17T17:49:18.913Z internationalb2c.name aspernatur 107 ID341 - If we input the firewall, we can get to the HTTP matrix through the online SDD system!
<13>Dec 17 17:52:14 gateway authd[1000]: user=fatma_arslan password=DgtmrkNK79oIB status=rejected
<13>Dec 17 17:52:16 gateway authd[1000]: user=rajendra_boppana password=vYTxxL9ptu status=rejected
<13>Dec 17 17:52:17 gateway authd[1000]: user=walker_caskey password=6t6QRxjuegKj status=rejected
<99>2 2025-12-17T17:49:18.913Z seniorrecontextualize.io est 4547 ID241 - You can't hack the firewall without generating the bluetooth COM microchip!
<13>Dec 17 17:52:19 gateway authd[1000]: user=phillip_menard password=jjlzCDOBrFUnO status=rejected
<13>Dec 17 17:52:24 gateway authd[1000]: user=john_quarles password=S7c0kapTZ6gX status=rejected
<14>3 2025-12-17T17:49:18.913Z futurefacilitate.name eum 4927 ID975 - If we quantify the array, we can get to the SDD transmitter through the haptic SCSI microchip!
<12>2 2025-12-17T17:49:18.913Z principalenable.biz amet 4412 ID46 - We need to compress the virtual SMS driver!
<97>1 2025-12-17T17:49:18.913Z corporatevisionary.name eaque 9003 ID963 - Indexing the interface won't do anything, we need to hack the open-source RSS hard drive!
<173>1 2025-12-17T17:49:18.913Z seniorinnovative.biz similique 2947 ID978 - Bypassing the port won't do anything, we need to program the 1080p XSS card!
<169>2 2025-12-17T17:49:18.913Z internalsynergies.net minus 497 ID555 - Use the auxiliary EXE sensor, then you can navigate the haptic application!
<13>Dec 17 17:52:27 gateway authd[1000]: user=john_heaps password=18gJAvCAaMdEH status=rejected
<144>3 2025-12-17T17:49:18.913Z legacyinnovative.com in 299 ID733 - You can't connect the feed without navigating the haptic SSL circuit!
<84>3 2025-12-17T17:49:18.913Z senioriterate.biz excepturi 183 ID799 - We need to copy the neural JSON hard drive!
<13>Dec 17 17:52:30 gateway authd[1000]: user=vian_chen password=MTY1MscY8qPNe status=rejected
<8>1 2025-12-17T17:49:18.913Z centralmatrix.com rerum 7860 ID20 - Try to index the COM monitor, maybe it will connect the haptic transmitter!
<57>3 2025-12-17T17:49:18.913Z directtransparent.org ut 1911 ID936 - We need to reboot the wireless XML capacitor!
<13>Dec 17 17:52:33 gateway authd[1000]: user=walker_caskey password=OMbAeUTx status=rejected
<189>1 2025-12-17T17:49:18.913Z corporaterevolutionary.info facere 8514 ID486 - If we transmit the alarm, we can get to the PNG feed through the optical ADP bandwidth!
<152>2 2025-12-17T17:49:18.913Z seniorinitiatives.net voluptas 2303 ID591 - You can't bypass the hard drive without compressing the redundant CSS matrix!
<168>2 2025-12-17T17:49:18.913Z forwardinnovate.com qui 2853 ID929 - The RAM circuit is down, reboot the 1080p circuit so we can hack the CSS alarm!
<107>3 2025-12-17T17:49:18.913Z regionaltransparent.org et 2730 ID310 - The SAS monitor is down, calculate the solid state hard drive so we can calculate the SQL transmitter!
<162>3 2025-12-17T17:49:18.913Z leadbest-of-breed.name magnam 5560 ID282 - You can't calculate the array without generating the optical SQL panel!
<70>2 2025-12-17T17:49:18.913Z dynamicexploit.name libero 1930 ID134 - You can't generate the card without bypassing the 1080p JBOD card!
<139>1 2025-12-17T17:49:18.913Z productrobust.net nostrum 3975 ID544 - You can't navigate the monitor without parsing the haptic SMS system!
<69>1 2025-12-17T17:49:18.913Z nationale-enable.name libero 6377 ID593 - The XSS driver is down, connect the redundant transmitter so we can hack the HTTP pixel!
<32>2 2025-12-17T17:49:18.913Z globaldrive.biz quasi 1740 ID584 - The RAM capacitor is down, bypass the online hard drive so we can quantify the SAS circuit!
<13>Dec 17 17:52:37 gateway authd[1000]: user=john_heaps password=KWU2VhJZe7 status=rejected
<166>1 2025-12-17T17:49:18.913Z corporateintuitive.info iusto 2348 ID433 - You can't quantify the card without parsing the mobile JBOD bandwidth!
<15>1 2025-12-17T17:49:18.913Z productmindshare.io accusamus 827 ID513 - I'Ll override the optical CSS alarm, that should matrix the PCI program!
<127>1 2025-12-17T17:49:18.913Z legacyweb-readiness.net ut 3435 ID354 - Try to connect the XML interface, maybe it will compress the auxiliary system!
<52>3 2025-12-17T17:49:18.913Z seniorcross-media.org temporibus 1354 ID947 - You can't synthesize the program without transmitting the neural RAM circuit!
<71>2 2025-12-17T17:49:18.913Z internalholistic.name sed 1919 ID814 - If we input the feed, we can get to the JSON transmitter through the online EXE microchip!
<13>Dec 17 17:52:39 gateway authd[1000]: user=arnon_kenny password=0jJTkXQepYZZsr status=rejected
<136>3 2025-12-17T17:49:18.913Z internationalcustomized.name nisi 1681 ID815 - You can't reboot the monitor without transmitting the 1080p HDD hard drive!
<127>1 2025-12-17T17:49:18.913Z chiefvisualize.net eaque 638 ID273 - I'Ll parse the bluetooth COM panel, that should monitor the SDD system!
<140>2 2025-12-17T17:49:18.913Z legacyleverage.org beatae 125 ID12 - We need to override the bluetooth RAM panel!
<79>2 2025-12-17T17:49:18.913Z futureintuitive.info beatae 309 ID615 - Use the neural USB microchip, then you can generate the open-source driver!
<74>2 2025-12-17T17:49:18.913Z globaldisintermediate.com veniam 3513 ID550 - Use the open-source USB sensor, then you can hack the neural bandwidth!
<37>2 2025-12-17T17:49:18.913Z internationale-enable.name cum 9843 ID733 - If we program the hard drive, we can get to the SAS port through the mobile IB port!
<13>Dec 17 17:52:40 gateway authd[1000]: user=hailey_muniz password=436deWpX9 status=rejected
<13>Dec 17 17:52:41 gateway authd[1000]: user=elisha_szeto password=VPw3dp8yHlevJ status=rejected
<13>Dec 17 17:52:42 gateway authd[1000]: user=isabella_bartolomeo password=l6CtDNv9OrFAc status=rejected
<68>1 2025-12-17T17:49:18.913Z principalenvisioneer.info dignissimos 7975 ID893 - The FTP circuit is down, reboot the optical protocol so we can back up the SCSI pixel!
<15>2 2025-12-17T17:49:18.913Z corporateaggregate.com at 4475 ID517 - Programming the sensor won't do anything, we need to compress the multi-byte AI pixel!
<177>2 2025-12-17T17:49:18.913Z nationalseamless.info optio 6417 ID729 - Connecting the capacitor won't do anything, we need to bypass the digital XSS card!
<44>1 2025-12-17T17:49:18.913Z seniorscalable.org quae 954 ID383 - The SMS monitor is down, synthesize the mobile array so we can calculate the SMS bus!
<13>Dec 17 17:52:45 gateway authd[1000]: user=aidan_kollar password=1bkqmDUjrhv status=rejected
<13>Dec 17 17:52:50 gateway authd[1000]: user=khalid_galal password=L1xQXYXsn6 status=rejected
<76>1 2025-12-17T17:49:18.913Z regionalembrace.io unde 1094 ID473 - Use the back-end RSS microchip, then you can quantify the primary monitor!
<13>Dec 17 17:52:54 gateway authd[1000]: user=judith_infante password=jTV1dLKqNff54 status=rejected
<47>2 2025-12-17T17:49:18.913Z districtbenchmark.biz aut 9260 ID233 - If we program the capacitor, we can get to the SMS card through the haptic JSON driver!
<130>3 2025-12-17T17:49:18.913Z legacyreal-time.com aspernatur 6832 ID937 - I'Ll compress the primary THX hard drive, that should application the EXE alarm!
<13>Dec 17 17:52:56 gateway authd[1000]: user=ali_dogru password=xChWgoXBRQzu status=rejected
<136>3 2025-12-17T17:49:18.913Z regionaliterate.io voluptas 6769 ID918 - Quantifying the capacitor won't do anything, we need to bypass the mobile GB system!
<190>1 2025-12-17T17:49:18.913Z humanenvisioneer.biz inventore 6146 ID325 - You can't hack the capacitor without hacking the mobile RAM microchip!
<34>3 2025-12-17T17:49:18.913Z forwarddistributed.org deleniti 633 ID972 - I'Ll generate the mobile HDD array, that should panel the AGP alarm!
<44>1 2025-12-17T17:49:18.913Z directcross-platform.org sed 7341 ID687 - Try to compress the EXE pixel, maybe it will hack the wireless pixel!
<120>2 2025-12-17T17:49:18.913Z leadsystems.org inventore 1620 ID678 - You can't override the array without compressing the optical RSS array!
<176>2 2025-12-17T17:49:18.913Z forwardwhiteboard.io aut 1404 ID774 - The TCP circuit is down, compress the neural firewall so we can generate the GB bandwidth!
<53>1 2025-12-17T17:49:18.913Z legacytransform.org aut 4154 ID14 - I'Ll calculate the cross-platform EXE alarm, that should hard drive the JBOD protocol!
<13>Dec 17 17:52:59 gateway authd[1000]: user=fardeen_bhimani password=FLZU8ZJfoDU status=rejected
<13>Dec 17 17:53:04 gateway authd[1000]: user=kevin_desai password=HKOvT7YXVQh status=rejected
<83>1 2025-12-17T17:49:18.913Z seniorvertical.io asperiores 5790 ID122 - The HDD bus is down, bypass the bluetooth monitor so we can generate the SDD firewall!
<13>Dec 17 17:53:08 gateway authd[1000]: user=tonya password=aMcvcl93b status=rejected
<13>Dec 17 17:53:12 gateway authd[1000]: user=john_quarles password=TTDjzDAdW status=rejected
<28>1 2025-12-17T17:49:18.913Z chiefkiller.biz voluptatem 1596 ID457 - We need to reboot the haptic PNG microchip!
<13>Dec 17 17:53:15 gateway authd[1000]: user=elisha_szeto password=Q5QkU5TwpQNyh status=rejected
<173>3 2025-12-17T17:49:18.913Z forwardmission-critical.org nihil 5206 ID778 - I'Ll index the auxiliary AGP array, that should sensor the SCSI program!
<148>1 2025-12-17T17:49:18.913Z humanengage.com dolorum 6069 ID949 - Hacking the panel won't do anything, we need to index the redundant XSS bandwidth!
<121>2 2025-12-17T17:49:18.913Z globalreinvent.net quo 7914 ID660 - Use the haptic FTP capacitor, then you can copy the online capacitor!
<71>3 2025-12-17T17:49:18.913Z directrepurpose.org ipsum 722 ID864 - Hacking the pixel won't do anything, we need to compress the optical SCSI panel!
<13>Dec 17 17:53:17 gateway authd[1000]: user=will_dedominico password=lOQf2bSe6bZg status=rejected
<13>Dec 17 17:53:20 gateway authd[1000]: user=dyshana_torres_rivera password=02VP9y1n status=rejected
<75>3 2025-12-17T17:49:18.913Z futureinnovative.info labore 3128 ID742 - The GB bus is down, transmit the redundant program so we can hack the HTTP matrix!
<118>1 2025-12-17T17:49:18.913Z internationalsynergies.io qui 9559 ID639 - You can't copy the capacitor without quantifying the online SMTP capacitor!
<13>Dec 17 17:53:23 gateway authd[1000]: user=will_dedominico password=bfmQ2wPaBXSbBJ status=rejected
<13>Dec 17 17:53:28 gateway authd[1000]: user=elisha_szeto password=qjempq6K6Y996h status=rejected
<60>1 2025-12-17T17:49:18.913Z customerengage.name corrupti 9942 ID765 - I'Ll synthesize the 1080p HTTP microchip, that should microchip the JSON driver!
<187>3 2025-12-17T17:49:18.913Z productback-end.com sed 5554 ID46 - If we calculate the alarm, we can get to the SCSI capacitor through the bluetooth SAS card!
<13>Dec 17 17:53:29 gateway authd[1000]: user=mimi_xie password=vksdJWwfjCekA status=rejected
<100>1 2025-12-17T17:49:18.913Z customere-commerce.info consequatur 2854 ID598 - Use the primary IB firewall, then you can generate the open-source firewall!
<64>3 2025-12-17T17:49:18.913Z internalsticky.net minus 3840 ID253 - Try to index the USB bandwidth, maybe it will input the bluetooth protocol!
<35>2 2025-12-17T17:49:18.913Z corporatee-commerce.io quod 5378 ID879 - The TCP program is down, index the wireless bandwidth so we can bypass the EXE protocol!
<118>1 2025-12-17T17:49:18.913Z investorwhiteboard.io nesciunt 6015 ID283 - Use the redundant FTP firewall, then you can parse the multi-byte monitor!
<119>2 2025-12-17T17:49:18.913Z seniordistributed.com quam 7618 ID141 - The CSS port is down, back up the open-source hard drive so we can copy the JSON hard drive!
<174>1 2025-12-17T17:49:18.913Z producttransform.org nobis 7005 ID833 - Parsing the circuit won't do anything, we need to back up the 1080p ADP program!
<76>1 2025-12-17T17:49:18.913Z dynamicexperiences.info quaerat 4060 ID116 - I'Ll override the cross-platform XSS alarm, that should port the FTP microchip!
<105>1 2025-12-17T17:49:18.913Z leadtransform.org at 5698 ID27 - The HTTP monitor is down, program the open-source feed so we can quantify the COM firewall!
<67>2 2025-12-17T17:49:18.913Z chiefintegrate.info earum 5272 ID981 - If we reboot the capacitor, we can get to the SMTP monitor through the 1080p SCSI driver!
<185>1 2025-12-17T17:49:18.913Z districtdeploy.biz ipsa 604 ID76 - I'Ll input the solid state ADP pixel, that should microchip the XML system!
<33>1 2025-12-17T17:49:18.913Z districtmatrix.net quos 4331 ID105 - Use the solid state GB hard drive, then you can connect the multi-byte port!
<13>Dec 17 17:53:34 gateway authd[1000]: user=isabella_bartolomeo password=ctIWSMuD1VBDy status=rejected
<13>Dec 17 17:53:36 gateway authd[1000]: user=nathaniel_farmer password=dWJhvi3t status=rejected
<111>1 2025-12-17T17:49:18.913Z chiefinnovate.org aspernatur 6743 ID345 - Try to transmit the SQL firewall, maybe it will copy the redundant port!
<13>Dec 17 17:53:39 gateway authd[1000]: user=rajendra_boppana password=WjfjkCpl status=rejected
<9>3 2025-12-17T17:49:18.913Z internationalimplement.biz non 1880 ID121 - I'Ll connect the bluetooth AI interface, that should panel the SQL microchip!
