<96>Dec 17 17:49:18 murray5004 quia[5344]: user=arwa password=R9DeP7KSeAm4 status=rejected
<96>Dec 17 17:49:19 murray5004 quia[5344]: The HTTP card is down, reboot the solid state application so we can override the JSON hard drive!
<148>Dec 17 17:49:19 lowe7542 maxime[1578]: Compressing the interface won't do anything, we need to quantify the cross-platform PCI microchip!
<64>Dec 17 17:49:19 monahan2725 necessitatibus[6946]: You can't reboot the port without transmitting the redundant PCI protocol!
<49>Dec 17 17:49:19 nienow1657 et[2903]: I'Ll compress the cross-platform TCP sensor, that should circuit the SMS alarm!
<42>Dec 17 17:49:19 bechtelar4618 corporis[4291]: Use the mobile SMS system, then you can copy the primary alarm!
<13>Dec 17 17:49:19 kirlin6276 qui[2183]: We need to hack the wireless SMS alarm!
<49>Dec 17 17:49:19 walter7476 corporis[6961]: Use the cross-platform IB capacitor, then you can override the online panel!
<83>Dec 17 17:49:19 weissnat6484 mollitia[2615]: We need to calculate the bluetooth SQL capacitor!
<41>Dec 17 17:49:19 daugherty8546 magnam[2233]: We need to navigate the redundant PCI driver!
<129>Dec 17 17:49:19 jacobson6616 provident[9830]: I'Ll connect the primary TCP bandwidth, that should protocol the SSL hard drive!
<96>Dec 17 17:49:21 murray5004 quia[5344]: user=fayyaz_makhani password=RetENzgt6pk status=rejected
<96>Dec 17 17:49:24 murray5004 quia[5344]: user=rozi password=7tiHzDKpCm1 status=rejected
<184>Dec 17 17:49:19 kub5216 possimus[4687]: Try to copy the CSS bus, maybe it will bypass the back-end array!
<26>Dec 17 17:49:19 maggio1313 architecto[8078]: You can't input the port without quantifying the haptic SSL monitor!
<37>Dec 17 17:49:19 morissette5604 dolor[1034]: Generating the feed won't do anything, we need to bypass the haptic SAS transmitter!
<188>Dec 17 17:49:19 champlin1020 illo[2037]: Hacking the microchip won't do anything, we need to quantify the primary XML application!
<116>Dec 17 17:49:19 sawayn3216 nostrum[7466]: If we reboot the monitor, we can get to the PNG circuit through the primary JSON application!
<44>Dec 17 17:49:19 auer4057 sint[8234]: Parsing the feed won't do anything, we need to generate the 1080p COM protocol!
<19>Dec 17 17:49:19 kuhlman3705 nihil[4762]: If we input the alarm, we can get to the EXE hard drive through the multi-byte JBOD matrix!
<27>Dec 17 17:49:19 braun7306 voluptas[1356]: If we calculate the program, we can get to the CSS hard drive through the optical TCP protocol!
<96>Dec 17 17:49:23 murray5004 quia[5344]: user=noah_ladak password=DHT5Kp111Pze status=rejected
<111>Dec 17 17:49:19 runolfsdottir1075 error[2967]: If we quantify the card, we can get to the JBOD transmitter through the cross-platform RAM firewall!
<25>Dec 17 17:49:19 goodwin5112 libero[8495]: If we calculate the circuit, we can get to the EXE microchip through the bluetooth XSS protocol!
<96>Dec 17 17:49:20 murray5004 quia[5344]: user=shar password=itjBdszqZGc3 status=rejected
<147>Dec 17 17:49:19 schuster8011 velit[312]: The COM feed is down, reboot the cross-platform hard drive so we can compress the SMTP circuit!
<91>Dec 17 17:49:19 swift5861 voluptatem[721]: Try to reboot the HTTP hard drive, maybe it will input the cross-platform firewall!
<127>Dec 17 17:49:19 stehr8170 fugit[8266]: We need to quantify the virtual RAM pixel!
<44>Dec 17 17:49:19 gutmann4876 rerum[5396]: The XML array is down, compress the multi-byte bandwidth so we can navigate the HDD array!
<45>Dec 17 17:49:19 marvin3214 harum[822]: You can't hack the bandwidth without synthesizing the bluetooth ADP microchip!
<79>Dec 17 17:49:19 bechtelar8648 et[628]: We need to parse the open-source THX circuit!
<96>Dec 17 17:49:24 murray5004 quia[5344]: user=ayaan_ajaney password=W3Af67wF4TVpyk status=rejected
<3>Dec 17 17:49:19 hilpert5361 aliquid[6016]: The SCSI array is down, connect the primary transmitter so we can bypass the THX sensor!
<133>Dec 17 17:49:19 kirlin3044 incidunt[3565]: Bypassing the microchip won't do anything, we need to back up the online ADP alarm!
<96>Dec 17 17:49:23 murray5004 quia[5344]: user=arwa password=UAcJujoRfEmgPe status=rejected
<96>Dec 17 17:49:25 murray5004 quia[5344]: user=aneel password=XQflpzRWSsrz status=rejected
<111>Dec 17 17:49:19 gleichner5638 omnis[1658]: The SAS alarm is down, quantify the mobile panel so we can connect the IB interface!
<96>Dec 17 17:49:24 murray5004 quia[5344]: user=hadi_ibrahimi password=gMTi86ra status=rejected
<2>Dec 17 17:49:19 kuphal2530 cum[8203]: You can't generate the port without synthesizing the open-source TCP port!
<96>Dec 17 17:49:23 murray5004 quia[5344]: user=asad password=ze2lmp3LZf4oNM status=rejected
<12>Dec 17 17:49:19 dickinson1455 sit[2631]: Generating the card won't do anything, we need to input the multi-byte SSL microchip!
<103>Dec 17 17:49:19 ryan6152 sed[1252]: Use the open-source SQL protocol, then you can quantify the redundant application!
<176>Dec 17 17:49:19 lowe6607 voluptas[3334]: Use the bluetooth RSS program, then you can input the open-source alarm!
<96>Dec 17 17:49:21 murray5004 quia[5344]: user=riyaz_popatia password=yfEQEvQ6 status=rejected
<96>Dec 17 17:49:25 murray5004 quia[5344]: user=naveed_patel password=RcNdCpHqXfUACN status=rejected
<96>Dec 17 17:49:30 murray5004 quia[5344]: user=ayaan_ajaney password=Oy1WjCQPLooNWG status=rejected
<96>Dec 17 17:49:32 murray5004 quia[5344]: user=arshad_somani password=tdFKv7tGV1B status=rejected
<96>Dec 17 17:49:34 murray5004 quia[5344]: user=farez_vadsaria password=33oc7pxRgs status=rejected
<70>Dec 17 17:49:19 rutherford4002 alias[1390]: Use the optical IB matrix, then you can calculate the online program!
<117>Dec 17 17:49:19 mohr7432 autem[3086]: Synthesizing the sensor won't do anything, we need to input the online PCI firewall!
<44>Dec 17 17:49:19 schowalter7734 dicta[2682]: The USB program is down, navigate the auxiliary panel so we can program the EXE port!
<57>Dec 17 17:49:19 russel2510 facilis[1890]: Try to index the TCP firewall, maybe it will navigate the 1080p panel!
<129>Dec 17 17:49:19 fay3648 est[392]: If we program the bandwidth, we can get to the HTTP transmitter through the multi-byte SCSI circuit!
<89>Dec 17 17:49:19 koelpin6754 eum[7411]: The JSON card is down, navigate the cross-platform hard drive so we can reboot the AI program!
<161>Dec 17 17:49:19 stanton4721 dolor[7197]: If we navigate the firewall, we can get to the IB program through the back-end PNG bus!
<96>Dec 17 17:49:23 murray5004 quia[5344]: user=mahek_ramzan password=b1ggyu5Z5KUu status=rejected
<76>Dec 17 17:49:19 gerlach3581 inventore[1166]: We need to program the haptic RSS port!
<96>Dec 17 17:49:21 murray5004 quia[5344]: user=rozi password=AYtwd20f5qQBoi status=rejected
<14>Dec 17 17:49:19 streich5420 mollitia[2894]: I'Ll copy the online AGP port, that should protocol the FTP alarm!
<83>Dec 17 17:49:19 dooley2713 praesentium[2723]: Use the open-source FTP capacitor, then you can reboot the optical array!
<96>Dec 17 17:49:21 murray5004 quia[5344]: user=mahek_ramzan password=YDctzWfFrDPO status=rejected
<22>Dec 17 17:49:19 kozey8155 rerum[541]: If we navigate the interface, we can get to the RSS circuit through the wireless XML firewall!
<120>Dec 17 17:49:19 kling7556 non[618]: Connecting the port won't do anything, we need to connect the 1080p AI feed!
<60>Dec 17 17:49:19 windler4627 fuga[5044]: Calculating the monitor won't do anything, we need to calculate the online COM feed!
<66>Dec 17 17:49:19 becker8035 quo[2882]: The XML program is down, parse the open-source array so we can override the SQL driver!
<77>Dec 17 17:49:19 skiles3862 nulla[2310]: The GB port is down, transmit the mobile array so we can override the COM firewall!
<14>Dec 17 17:49:19 reichel2087 id[5523]: We need to bypass the auxiliary CSS microchip!
<34>Dec 17 17:49:19 collier4001 quod[1382]: The IB panel is down, index the auxiliary system so we can calculate the AGP program!
<186>Dec 17 17:49:19 conn5877 molestiae[5284]: Programming the system won't do anything, we need to generate the cross-platform USB panel!
<37>Dec 17 17:49:19 cummerata6636 quis[9261]: You can't compress the microchip without generating the open-source SDD transmitter!
<90>Dec 17 17:49:19 vonrueden4603 alias[8006]: Backing up the microchip won't do anything, we need to override the 1080p SCSI panel!
<88>Dec 17 17:49:19 beer1316 quisquam[530]: The RSS application is down, input the auxiliary alarm so we can copy the XML transmitter!
<136>Dec 17 17:49:19 lemke5108 et[3017]: We need to copy the wireless PNG driver!
<168>Dec 17 17:49:19 macejkovic3044 harum[1267]: You can't input the card without hacking the primary FTP sensor!
<6>Dec 17 17:49:19 schamberger3131 qui[8607]: The SSL hard drive is down, connect the auxiliary transmitter so we can reboot the SAS alarm!
<148>Dec 17 17:49:19 mccullough6416 nisi[3351]: Use the optical USB card, then you can connect the back-end hard drive!
<27>Dec 17 17:49:19 hand6651 dolor[1800]: I'Ll program the auxiliary PCI microchip, that should feed the AGP array!
<32>Dec 17 17:49:19 lowe6401 voluptas[8825]: Use the 1080p EXE monitor, then you can back up the virtual firewall!
<96>Dec 17 17:49:20 murray5004 quia[5344]: user=khizrali_kradiya password=yDZZvwhX0DTQv7 status=rejected
<43>Dec 17 17:49:19 blanda3376 inventore[8435]: You can't input the array without parsing the primary HTTP capacitor!
<96>Dec 17 17:49:24 murray5004 quia[5344]: user=fayyaz_makhani password=z7R9rr3VcabUW status=rejected
<96>Dec 17 17:49:29 murray5004 quia[5344]: user=shahzeb_jiwani password=3zE5wXMwT status=rejected
<100>Dec 17 17:49:19 macejkovic3062 odit[6889]: I'Ll hack the neural SCSI alarm, that should card the AI capacitor!
<96>Dec 17 17:49:20 murray5004 quia[5344]: user=arwa password=jPdhlXTk status=rejected
<143>Dec 17 17:49:19 leffler5524 tenetur[7024]: We need to reboot the auxiliary SAS monitor!
<70>Dec 17 17:49:19 goyette1146 et[2863]: You can't program the transmitter without synthesizing the redundant SSL port!
<54>Dec 17 17:49:19 rowe6158 velit[3492]: Compressing the firewall won't do anything, we need to synthesize the virtual XML monitor!
<153>Dec 17 17:49:19 mckenzie7512 sapiente[7745]: Navigating the hard drive won't do anything, we need to transmit the multi-byte RAM card!
<86>Dec 17 17:49:19 schulist4882 nam[8052]: If we copy the interface, we can get to the SCSI port through the cross-platform SCSI microchip!
<54>Dec 17 17:49:19 zieme5228 suscipit[383]: Indexing the hard drive won't do anything, we need to program the back-end CSS capacitor!
<96>Dec 17 17:49:21 murray5004 quia[5344]: user=arshad_somani password=lBVJeMlhWaYp status=rejected
<165>Dec 17 17:49:19 thompson6606 quidem[6601]: We need to hack the multi-byte SMTP card!
<4>Dec 17 17:49:19 boyle4177 reiciendis[429]: Try to input the PNG matrix, maybe it will override the redundant panel!
<173>Dec 17 17:49:19 kuphal6688 dolores[4094]: I'Ll transmit the optical AGP hard drive, that should port the COM program!
<6>Dec 17 17:49:19 kuhn3368 laudantium[4414]: I'Ll calculate the redundant RSS driver, that should capacitor the RAM microchip!
<184>Dec 17 17:49:19 jacobson4774 iste[9290]: You can't copy the program without copying the cross-platform HTTP array!
<176>Dec 17 17:49:19 padberg1031 quia[7519]: I'Ll input the digital HDD program, that should pixel the XSS application!
<92>Dec 17 17:49:19 windler2018 aliquid[2922]: You can't copy the firewall without generating the solid state SMS pixel!
<96>Dec 17 17:49:23 murray5004 quia[5344]: user=noah_ladak password=S1fbbIkr3Ek status=rejected
<96>Dec 17 17:49:26 murray5004 quia[5344]: user=amyn password=gwbcz43dMGN0j status=rejected
<96>Dec 17 17:49:31 murray5004 quia[5344]: user=a_ali password=XL0afPRLIg status=rejected
<189>Dec 17 17:49:19 lowe8166 ut[9148]: You can't copy the microchip without quantifying the auxiliary HTTP driver!
<9>Dec 17 17:49:19 braun6770 harum[272]: If we back up the driver, we can get to the PCI driver through the online JBOD card!
<96>Dec 17 17:49:22 murray5004 quia[5344]: user=naseem_huda_buckley password=ai1H9LMfxuD status=rejected
<68>Dec 17 17:49:19 durgan2124 excepturi[5880]: We need to parse the wireless CSS matrix!
<96>Dec 17 17:49:24 murray5004 quia[5344]: user=michelle_hirani_khoja password=PLOukcrzERWy5 status=rejected
<14>Dec 17 17:49:19 hyatt1024 consequuntur[4061]: You can't compress the bandwidth without calculating the mobile USB capacitor!
<96>Dec 17 17:49:24 murray5004 quia[5344]: user=aly_a password=QABBopBfT status=rejected
<63>Dec 17 17:49:19 connelly8728 reiciendis[8788]: Indexing the alarm won't do anything, we need to override the digital RAM interface!
<89>Dec 17 17:49:19 feeney4606 sed[1248]: Navigating the alarm won't do anything, we need to calculate the cross-platform JSON microchip!
<29>Dec 17 17:49:19 klocko4886 dolor[9414]: The JBOD panel is down, parse the virtual capacitor so we can reboot the SCSI card!
<95>Dec 17 17:49:19 torp4128 possimus[9630]: The JSON bus is down, program the primary application so we can connect the JBOD feed!
<57>Dec 17 17:49:19 lakin6534 perspiciatis[2189]: You can't input the program without connecting the solid state HDD interface!
<2>Dec 17 17:49:19 rogahn5330 laboriosam[403]: Try to program the PNG panel, maybe it will hack the online monitor!
<86>Dec 17 17:49:19 beahan4122 ab[184]: If we bypass the hard drive, we can get to the SSL port through the auxiliary RAM program!
<42>Dec 17 17:49:19 gorczany4277 quasi[4636]: The AI driver is down, hack the mobile driver so we can bypass the TCP protocol!
<189>Dec 17 17:49:19 brown5128 soluta[5574]: If we navigate the driver, we can get to the EXE transmitter through the redundant JSON array!
<143>Dec 17 17:49:19 walsh5580 sed[5358]: I'Ll reboot the optical TCP bus, that should transmitter the SDD application!
<96>Dec 17 17:49:24 murray5004 quia[5344]: user=manisha_hirani password=gN2NnBd4aSdh4h status=rejected
<96>Dec 17 17:49:27 murray5004 quia[5344]: user=akber_hussain password=84hTkfqaiNb status=rejected
<96>Dec 17 17:49:31 murray5004 quia[5344]: user=mahek_ramzan password=sMfhdjpm status=rejected
<161>Dec 17 17:49:19 huels3072 velit[7270]: I'Ll synthesize the solid state AGP port, that should circuit the TCP panel!
<8>Dec 17 17:49:19 kilback5635 assumenda[9634]: We need to parse the digital EXE matrix!
<45>Dec 17 17:49:19 carter5247 laborum[705]: We need to back up the mobile SCSI card!
<27>Dec 17 17:49:19 goodwin6842 et[5269]: The RAM circuit is down, program the neural bandwidth so we can override the SCSI circuit!
<12>Dec 17 17:49:19 leuschke7485 in[3791]: Backing up the feed won't do anything, we need to connect the virtual THX circuit!
<19>Dec 17 17:49:19 rowe8763 ut[2481]: We need to compress the optical PNG bus!
<156>Dec 17 17:49:19 schmidt5386 tenetur[3355]: Use the bluetooth RSS protocol, then you can bypass the haptic capacitor!
<96>Dec 17 17:49:21 murray5004 quia[5344]: user=michelle_hirani_khoja password=xmZjunDum2 status=rejected
<96>Dec 17 17:49:23 murray5004 quia[5344]: user=hadi_ibrahimi password=ALDQXhBpPbc status=rejected
<137>Dec 17 17:49:19 koepp7510 consequuntur[1681]: I'Ll reboot the back-end HTTP transmitter, that should monitor the COM card!
<69>Dec 17 17:49:19 dare8568 omnis[7334]: I'Ll calculate the digital JBOD application, that should sensor the SMS interface!
<80>Dec 17 17:49:19 fritsch1585 sequi[267]: Compressing the array won't do anything, we need to compress the primary SCSI driver!
<74>Dec 17 17:49:19 breitenberg4505 explicabo[3505]: Try to transmit the HTTP matrix, maybe it will copy the solid state array!
<2>Dec 17 17:49:19 satterfield4763 aliquid[5019]: We need to back up the multi-byte GB microchip!
<73>Dec 17 17:49:19 luettgen8015 qui[3288]: If we input the card, we can get to the SDD circuit through the optical COM card!
<176>Dec 17 17:49:19 reinger8044 maiores[8338]: If we hack the monitor, we can get to the CSS panel through the back-end SSL monitor!
<94>Dec 17 17:49:19 conroy6276 est[6700]: If we navigate the transmitter, we can get to the HDD bus through the solid state HDD program!
<30>Dec 17 17:49:19 doyle8441 autem[1179]: I'Ll hack the back-end AGP protocol, that should feed the COM circuit!
<166>Dec 17 17:49:19 beatty7570 provident[3012]: If we index the protocol, we can get to the SQL sensor through the haptic XML firewall!
<74>Dec 17 17:49:19 koelpin6064 temporibus[476]: You can't calculate the driver without calculating the bluetooth COM card!
<96>Dec 17 17:49:20 murray5004 quia[5344]: user=shahzeb_jiwani password=0bSGHYo5FP status=rejected
<113>Dec 17 17:49:19 crist4374 velit[9703]: The ADP protocol is down, quantify the optical circuit so we can hack the HTTP array!
<96>Dec 17 17:49:23 murray5004 quia[5344]: user=aneel password=6qltWtlR status=rejected
<101>Dec 17 17:49:19 mosciski7380 voluptatem[6108]: The FTP bandwidth is down, connect the cross-platform hard drive so we can input the XML feed!
<96>Dec 17 17:49:23 murray5004 quia[5344]: user=rozi password=7dI09SHnC6Oo status=rejected
<90>Dec 17 17:49:19 weber7744 fuga[1451]: Backing up the firewall won't do anything, we need to quantify the mobile HTTP hard drive!
<106>Dec 17 17:49:19 weissnat6133 aut[4509]: Use the neural IB application, then you can override the multi-byte program!
<18>Dec 17 17:49:19 feest2206 fugit[9578]: We need to synthesize the cross-platform JBOD protocol!
<103>Dec 17 17:49:19 wisoky1006 eaque[457]: Use the bluetooth TCP panel, then you can transmit the solid state microchip!
<33>Dec 17 17:49:19 prosacco1411 earum[7237]: You can't input the sensor without bypassing the redundant JSON port!
<96>Dec 17 17:49:21 murray5004 quia[5344]: user=fariha_mohammad password=pZXSyEgvG6r status=rejected
<101>Dec 17 17:49:19 kirlin1471 voluptates[6129]: I'Ll input the back-end PNG panel, that should alarm the SCSI bandwidth!
<96>Dec 17 17:49:22 murray5004 quia[5344]: user=serena_tejani_rahemtulla password=ccHqSovq status=rejected
<43>Dec 17 17:49:19 breitenberg3020 et[2733]: Use the 1080p TCP firewall, then you can hack the wireless transmitter!
<84>Dec 17 17:49:19 kunze2881 architecto[3744]: I'Ll program the solid state IB firewall, that should bus the RSS protocol!
<96>Dec 17 17:49:20 murray5004 quia[5344]: user=amyn password=DQvdbsEOq status=rejected
<96>Dec 17 17:49:22 murray5004 quia[5344]: user=aly_a password=qhXIuXtO status=rejected
<140>Dec 17 17:49:19 dooley6402 voluptate[9024]: We need to quantify the primary SCSI monitor!
<132>Dec 17 17:49:19 will5665 officiis[9582]: I'Ll reboot the multi-byte IB interface, that should system the AI port!
<130>Dec 17 17:49:19 pagac6802 ea[8829]: We need to synthesize the virtual XML interface!
<171>Dec 17 17:49:19 walter8551 molestiae[4935]: I'Ll calculate the auxiliary SMS pixel, that should circuit the CSS microchip!
<53>Dec 17 17:49:19 vonrueden6462 facere[403]: I'Ll program the back-end PNG matrix, that should interface the SCSI microchip!
<65>Dec 17 17:49:19 jerde7401 doloremque[9786]: Try to parse the EXE monitor, maybe it will hack the cross-platform panel!
<96>Dec 17 17:49:21 murray5004 quia[5344]: user=zain_mitha password=jvXj4tkBQErXEk status=rejected
<86>Dec 17 17:49:19 upton4547 asperiores[5785]: You can't calculate the card without navigating the open-source TCP bus!
<96>Dec 17 17:49:19 huels3354 nisi[4897]: Try to generate the COM system, maybe it will calculate the 1080p hard drive!
<64>Dec 17 17:49:19 goldner8831 aut[3241]: Try to navigate the XML application, maybe it will connect the digital sensor!
<178>Dec 17 17:49:19 mcglynn8442 adipisci[9916]: Use the redundant SCSI microchip, then you can override the solid state matrix!
<119>Dec 17 17:49:19 haag8162 illum[5789]: Use the back-end THX array, then you can navigate the mobile transmitter!
<5>Dec 17 17:49:19 nikolaus8831 eos[119]: Backing up the feed won't do anything, we need to transmit the multi-byte PNG array!
<99>Dec 17 17:49:19 larson8645 saepe[1589]: You can't back up the driver without transmitting the cross-platform XML bandwidth!
<38>Dec 17 17:49:19 thompson8361 aspernatur[3939]: Navigating the interface won't do anything, we need to hack the optical RSS card!
<70>Dec 17 17:49:19 medhurst6117 rem[3698]: Use the haptic HTTP application, then you can hack the cross-platform program!
<96>Dec 17 17:49:23 murray5004 quia[5344]: user=ahil_hashim password=7ZfWHsWLzmnmY status=rejected
<116>Dec 17 17:49:19 marvin2055 dolorem[9963]: You can't transmit the port without connecting the multi-byte SQL feed!
<96>Dec 17 17:49:23 murray5004 quia[5344]: user=ahil_hashim password=OU9ZtvGP8MHGNB status=rejected
<102>Dec 17 17:49:19 gibson6642 et[5937]: Try to connect the RAM array, maybe it will input the multi-byte firewall!
<56>Dec 17 17:49:19 sanford1544 consequatur[9208]: You can't input the program without synthesizing the 1080p SQL capacitor!
<155>Dec 17 17:49:19 balistreri4004 sed[9253]: Hacking the circuit won't do anything, we need to connect the multi-byte HTTP firewall!
<137>Dec 17 17:49:19 rutherford2480 ut[6937]: Try to calculate the THX alarm, maybe it will calculate the haptic interface!
<130>Dec 17 17:49:19 wunsch8062 est[8369]: Use the virtual USB feed, then you can compress the bluetooth pixel!
<96>Dec 17 17:49:22 murray5004 quia[5344]: user=manisha_hirani password=gDJDKWDO6r status=rejected
<157>Dec 17 17:49:19 runolfsdottir2272 vel[5093]: You can't copy the circuit without backing up the solid state SSL bandwidth!
<151>Dec 17 17:49:19 hayes5804 et[6494]: Compressing the driver won't do anything, we need to bypass the wireless PNG alarm!
<142>Dec 17 17:49:19 mosciski5016 voluptas[683]: If we index the array, we can get to the SAS program through the mobile JSON sensor!
<17>Dec 17 17:49:19 deckow7067 placeat[4454]: Use the multi-byte EXE alarm, then you can generate the wireless capacitor!
<122>Dec 17 17:49:19 padberg6844 placeat[2044]: Programming the interface won't do anything, we need to quantify the optical SDD circuit!
<63>Dec 17 17:49:19 huel3764 eligendi[6380]: Try to program the JBOD microchip, maybe it will transmit the multi-byte hard drive!
<96>Dec 17 17:49:22 murray5004 quia[5344]: user=a_ali password=gS3YxJ25 status=rejected
<161>Dec 17 17:49:19 balistreri5322 dolores[6291]: You can't reboot the protocol without compressing the digital SAS hard drive!
<116>Dec 17 17:49:19 schultz1626 illo[5523]: Navigating the bus won't do anything, we need to bypass the solid state JBOD panel!
<182>Dec 17 17:49:19 ratke6055 et[6130]: We need to parse the cross-platform SAS bandwidth!
<96>Dec 17 17:49:22 murray5004 quia[5344]: user=naveed_patel password=rSwKjnN6van status=rejected
<96>Dec 17 17:49:24 murray5004 quia[5344]: user=zain_mitha password=jFYsyKDpqc status=rejected
<1>Dec 17 17:49:19 frami1052 amet[9697]: Quantifying the application won't do anything, we need to index the online RSS matrix!
<99>Dec 17 17:49:19 ferry6115 eius[4439]: We need to copy the primary THX sensor!
<175>Dec 17 17:49:19 botsford4335 culpa[2472]: The IB capacitor is down, copy the wireless application so we can navigate the THX array!
<29>Dec 17 17:49:19 bruen6512 animi[970]: We need to bypass the digital COM circuit!
<76>Dec 17 17:49:19 carroll5282 occaecati[5584]: If we quantify the card, we can get to the GB transmitter through the mobile SQL system!
<24>Dec 17 17:49:19 hamill8405 rerum[9094]: Try to connect the JSON driver, maybe it will parse the cross-platform application!
<183>Dec 17 17:49:19 mertz1060 error[6040]: The GB matrix is down, hack the multi-byte bus so we can navigate the XSS panel!
<83>Dec 17 17:49:19 kshlerin8318 commodi[4648]: We need to connect the virtual SMTP driver!
<96>Dec 17 17:49:23 murray5004 quia[5344]: user=michelle_hirani_khoja password=XwVM0Fe68Q status=rejected
<96>Dec 17 17:49:27 murray5004 quia[5344]: user=noah_ladak password=38H5e91etVVPNF status=rejected
<96>Dec 17 17:49:31 murray5004 quia[5344]: user=zain_mitha password=5JFCasY6DXJ7 status=rejected
<111>Dec 17 17:49:19 ebert8768 facere[1179]: Use the mobile XML feed, then you can navigate the wireless system!
<96>Dec 17 17:49:20 murray5004 quia[5344]: user=amyn_sarif password=t7j47t48yPWERH status=rejected
<167>Dec 17 17:49:19 toy2036 nostrum[4447]: Overriding the application won't do anything, we need to generate the multi-byte AGP bandwidth!
<96>Dec 17 17:49:21 murray5004 quia[5344]: user=amyn_sarif password=Le6y8lrjuQC2 status=rejected
<175>Dec 17 17:49:19 ziemann1822 numquam[720]: Use the back-end FTP protocol, then you can connect the primary microchip!
<50>Dec 17 17:49:19 breitenberg3861 molestiae[6765]: If we transmit the array, we can get to the JSON matrix through the wireless THX pixel!
<3>Dec 17 17:49:19 paucek1162 dignissimos[461]: Use the haptic HDD capacitor, then you can copy the online hard drive!
<96>Dec 17 17:49:21 murray5004 quia[5344]: user=shar password=a7gGGp9yOzdkcp status=rejected
<29>Dec 17 17:49:19 kshlerin8630 et[7358]: We need to generate the bluetooth GB microchip!
<86>Dec 17 17:49:19 corkery6867 eos[2146]: Use the 1080p JSON firewall, then you can index the neural feed!
<145>Dec 17 17:49:19 rogahn3531 officia[4400]: I'Ll override the redundant JBOD program, that should protocol the PNG bus!
<96>Dec 17 17:49:20 murray5004 quia[5344]: user=naveed_patel password=uSN3giIFjBEm status=rejected
<140>Dec 17 17:49:19 legros8874 omnis[4774]: You can't override the hard drive without navigating the digital AGP alarm!
<107>Dec 17 17:49:19 shanahan4721 ducimus[7026]: We need to reboot the virtual RSS bandwidth!
<56>Dec 17 17:49:19 ratke6166 sequi[421]: I'Ll quantify the multi-byte HDD card, that should bandwidth the EXE port!
<148>Dec 17 17:49:19 murphy3567 ipsa[8015]: Try to input the PNG bandwidth, maybe it will copy the auxiliary alarm!
<31>Dec 17 17:49:19 greenholt2480 ut[6848]: Try to parse the CSS pixel, maybe it will quantify the haptic matrix!
<15>Dec 17 17:49:19 boehm8838 voluptatibus[1590]: We need to calculate the open-source USB monitor!
<2>Dec 17 17:49:19 zboncak8721 inventore[5126]: Try to navigate the SQL port, maybe it will generate the online matrix!
<130>Dec 17 17:49:19 gutmann2116 aut[3657]: Generating the capacitor won't do anything, we need to index the auxiliary TCP feed!
<96>Dec 17 17:49:22 murray5004 quia[5344]: user=naseem_huda_buckley password=HukUHh4YA2nD status=rejected
<130>Dec 17 17:49:19 gibson1445 ea[7563]: You can't quantify the hard drive without quantifying the back-end SMS driver!
<73>Dec 17 17:49:19 glover6620 eos[881]: You can't bypass the matrix without copying the primary XML driver!
<123>Dec 17 17:49:19 mraz2410 saepe[7634]: The EXE circuit is down, generate the haptic port so we can bypass the RSS interface!
<96>Dec 17 17:49:23 murray5004 quia[5344]: user=riyaz_popatia password=IpXUbsYeJBA96l status=rejected
<30>Dec 17 17:49:19 pfeffer6201 sunt[8942]: Try to compress the EXE application, maybe it will synthesize the back-end bandwidth!
<96>Dec 17 17:49:22 murray5004 quia[5344]: user=asad password=2b9QdnKnXMi status=rejected
<155>Dec 17 17:49:19 friesen3844 et[7949]: The AGP system is down, index the neural application so we can transmit the THX transmitter!
<17>Dec 17 17:49:19 nolan4701 soluta[2140]: If we override the system, we can get to the SQL application through the digital TCP capacitor!
<96>Dec 17 17:49:20 murray5004 quia[5344]: user=farez_vadsaria password=lauvGJIml status=rejected
<87>Dec 17 17:49:19 towne5552 minima[2046]: The EXE bandwidth is down, parse the online interface so we can navigate the XML circuit!
<140>Dec 17 17:49:19 grady6010 quis[7099]: I'Ll transmit the 1080p SDD transmitter, that should panel the SSL bus!
<141>Dec 17 17:49:19 gleason6120 iste[3275]: We need to program the virtual SSL monitor!
<51>Dec 17 17:49:19 pacocha3782 quidem[4582]: Quantifying the pixel won't do anything, we need to override the primary SDD application!
<66>Dec 17 17:49:19 jenkins3325 saepe[3440]: Try to program the PNG capacitor, maybe it will quantify the wireless application!
<46>Dec 17 17:49:19 lehner7880 in[2025]: We need to compress the haptic TCP capacitor!
<133>Dec 17 17:49:19 kerluke8101 deserunt[1660]: We need to index the solid state JBOD capacitor!
<139>Dec 17 17:49:19 ruecker2764 magnam[5859]: Use the online HDD feed, then you can override the haptic bus!
<24>Dec 17 17:49:19 schuppe2045 laboriosam[6212]: If we synthesize the port, we can get to the PCI interface through the primary SMS circuit!
<77>Dec 17 17:49:19 klein7544 totam[3232]: The RAM sensor is down, bypass the digital transmitter so we can connect the RSS hard drive!
<118>Dec 17 17:49:19 bednar2168 quisquam[6462]: Connecting the matrix won't do anything, we need to navigate the multi-byte PNG monitor!
<5>Dec 17 17:49:19 durgan8734 nemo[2565]: Compressing the panel won't do anything, we need to override the haptic SQL panel!
<143>Dec 17 17:49:19 cronin5521 quaerat[7335]: Try to navigate the CSS protocol, maybe it will compress the primary program!
<166>Dec 17 17:49:19 pacocha8002 libero[1768]: If we copy the capacitor, we can get to the RSS panel through the 1080p SCSI port!
<96>Dec 17 17:49:22 murray5004 quia[5344]: user=fariha_mohammad password=zmbbKzHia67 status=rejected
<27>Dec 17 17:49:19 bogisich2687 aut[3378]: Navigating the firewall won't do anything, we need to quantify the mobile JBOD interface!
<147>Dec 17 17:49:19 denesik4136 sit[987]: I'Ll hack the haptic RSS sensor, that should firewall the HDD card!
<96>Dec 17 17:49:21 murray5004 quia[5344]: user=khizrali_kradiya password=HvdtD1DOvk5Tm status=rejected
<121>Dec 17 17:49:19 cummerata8357 vero[152]: Use the open-source SDD program, then you can reboot the 1080p bandwidth!
<184>Dec 17 17:49:19 abernathy2653 tempora[4454]: Try to hack the SDD matrix, maybe it will generate the 1080p sensor!
<114>Dec 17 17:49:19 kiehn2561 quia[3932]: You can't bypass the array without navigating the haptic ADP monitor!
<96>Dec 17 17:49:23 murray5004 quia[5344]: user=riyaz_popatia password=F9p4aTer status=rejected
<92>Dec 17 17:49:19 shields4488 inventore[9170]: Synthesizing the pixel won't do anything, we need to parse the bluetooth AI circuit!
<159>Dec 17 17:49:19 johnston4781 aut[1467]: We need to index the open-source EXE card!
<96>Dec 17 17:49:23 murray5004 quia[5344]: user=akber_hussain password=APIkWUTDRl status=rejected
<56>Dec 17 17:49:19 hilll4871 molestiae[3283]: Try to compress the RSS monitor, maybe it will override the neural circuit!
<96>Dec 17 17:49:23 murray5004 quia[5344]: user=serena_tejani_rahemtulla password=AiadJugIj1Tb status=rejected
<106>Dec 17 17:49:19 beer3684 totam[3752]: Use the solid state JBOD circuit, then you can back up the online panel!
<158>Dec 17 17:49:19 adams5387 impedit[7652]: Use the digital GB transmitter, then you can connect the bluetooth card!
<79>Dec 17 17:49:19 brown8538 saepe[1906]: The SMS circuit is down, back up the bluetooth system so we can copy the RAM bus!
<128>Dec 17 17:49:19 ernser1614 aut[8068]: Backing up the hard drive won't do anything, we need to synthesize the primary SMS driver!
<96>Dec 17 17:49:23 murray5004 quia[5344]: user=a_ali password=DApucqMsmWuid status=rejected
<51>Dec 17 17:49:19 shanahan5744 eum[2933]: Use the optical SAS microchip, then you can reboot the 1080p microchip!
<122>Dec 17 17:49:19 smitham7443 sed[2436]: Navigating the circuit won't do anything, we need to connect the online AI bus!
<96>Dec 17 17:49:21 murray5004 quia[5344]: user=salim_gheewalla password=9ZyHNSuJB3BgfG status=rejected
<61>Dec 17 17:49:19 legros3210 distinctio[146]: I'Ll index the multi-byte SAS alarm, that should bandwidth the PCI interface!
<87>Dec 17 17:49:19 reichert6816 qui[9846]: Use the back-end AI monitor, then you can calculate the virtual sensor!
<186>Dec 17 17:49:19 dickinson6164 cumque[9553]: If we program the alarm, we can get to the RSS program through the digital SCSI application!
<112>Dec 17 17:49:19 willms1426 minus[1544]: If we override the sensor, we can get to the RSS capacitor through the cross-platform COM card!
<175>Dec 17 17:49:19 hirthe4041 consequatur[6638]: Use the back-end IB firewall, then you can program the haptic transmitter!
<39>Dec 17 17:49:19 cartwright5045 dolor[5269]: Programming the monitor won't do anything, we need to synthesize the auxiliary SMTP capacitor!
<96>Dec 17 17:49:24 murray5004 quia[5344]: user=naseem_huda_buckley password=mdKxEpjT6tHF7 status=rejected
<2>Dec 17 17:49:19 thompson3810 in[6921]: We need to transmit the virtual SDD transmitter!
<29>Dec 17 17:49:19 deckow3473 similique[9891]: We need to copy the haptic XML feed!
<96>Dec 17 17:49:22 murray5004 quia[5344]: user=hussein_din password=sHo6UTSwB status=rejected
<49>Dec 17 17:49:19 leannon1325 magni[5675]: Use the optical XSS capacitor, then you can index the wireless system!
<86>Dec 17 17:49:19 corwin6175 provident[9570]: You can't calculate the interface without synthesizing the neural SSL panel!
<96>Dec 17 17:49:24 murray5004 quia[5344]: user=amyn password=thdOCdBWAFaSrT status=rejected
<182>Dec 17 17:49:19 swaniawski6621 eligendi[8937]: Try to generate the HDD pixel, maybe it will program the online pixel!
<9>Dec 17 17:49:19 jenkins5251 ipsam[6061]: The HTTP sensor is down, transmit the mobile matrix so we can parse the SDD protocol!
<61>Dec 17 17:49:19 schinner1228 quisquam[386]: If we compress the array, we can get to the RAM system through the open-source RSS bandwidth!
<10>Dec 17 17:49:19 stoltenberg2401 nemo[1833]: If we synthesize the system, we can get to the TCP system through the auxiliary SMS alarm!
<83>Dec 17 17:49:19 jast3151 quia[1224]: If we reboot the array, we can get to the HTTP firewall through the haptic IB microchip!
<68>Dec 17 17:49:19 pollich3642 voluptate[2658]: We need to program the back-end IB system!
<96>Dec 17 17:49:21 murray5004 quia[5344]: user=manisha_hirani password=wBuG4UBXWz3M status=rejected
<149>Dec 17 17:49:19 crooks1040 voluptate[4926]: Quantifying the array won't do anything, we need to synthesize the back-end CSS interface!
<32>Dec 17 17:49:19 torp2506 tenetur[7473]: You can't transmit the bus without indexing the online RSS card!
<49>Dec 17 17:49:19 hammes8543 cumque[5860]: Try to bypass the IB driver, maybe it will copy the digital system!
<96>Dec 17 17:49:20 murray5004 quia[5344]: user=aly_a password=JM99FVeCLds status=rejected
<127>Dec 17 17:49:19 kihn6684 sed[8790]: Hacking the alarm won't do anything, we need to program the back-end SAS port!
<157>Dec 17 17:49:19 murray8605 voluptatem[7935]: The HTTP feed is down, quantify the redundant bus so we can calculate the GB capacitor!
<168>Dec 17 17:49:19 breitenberg1772 vitae[5150]: Use the auxiliary USB capacitor, then you can synthesize the virtual monitor!
<96>Dec 17 17:49:20 murray5004 quia[5344]: user=amyn_sarif password=StBNOzjPbZNss status=rejected
<109>Dec 17 17:49:19 sawayn3201 et[2552]: We need to parse the digital FTP feed!
<96>Dec 17 17:49:20 murray5004 quia[5344]: user=fayyaz_makhani password=KJ9y07noxl status=rejected
<96>Dec 17 17:49:22 murray5004 quia[5344]: user=akber_hussain password=CvFlopsZF8oGy status=rejected
<96>Dec 17 17:49:23 murray5004 quia[5344]: user=hussein_din password=Ta5McPLA5o1 status=rejected
<96>Dec 17 17:49:24 murray5004 quia[5344]: user=farez_vadsaria password=LixR8qjom status=rejected
<26>Dec 17 17:49:19 hessel2236 assumenda[8178]: We need to program the primary ADP array!
<118>Dec 17 17:49:19 schoen2106 quaerat[7566]: If we input the bus, we can get to the COM driver through the back-end HTTP panel!
<22>Dec 17 17:49:19 kling5517 repudiandae[3983]: Use the solid state CSS driver, then you can navigate the primary transmitter!
<123>Dec 17 17:49:19 mohr7085 qui[9053]: You can't generate the pixel without calculating the cross-platform USB bus!
<41>Dec 17 17:49:19 white1323 ut[6909]: Try to synthesize the HTTP transmitter, maybe it will transmit the mobile protocol!
<190>Dec 17 17:49:19 mckenzie8466 quo[401]: You can't navigate the alarm without parsing the 1080p CSS feed!
<111>Dec 17 17:49:19 lowe4766 commodi[1639]: Bypassing the driver won't do anything, we need to copy the primary JBOD bus!
<88>Dec 17 17:49:19 smith2113 tenetur[3722]: Try to hack the JSON microchip, maybe it will program the virtual card!
<86>Dec 17 17:49:19 murphy6448 adipisci[989]: Use the primary IB bus, then you can program the 1080p program!
<14>Dec 17 17:49:19 daniel2531 accusantium[9742]: The SDD monitor is down, compress the bluetooth panel so we can index the SMS transmitter!
<59>Dec 17 17:49:19 kling5601 minima[6555]: Try to calculate the HDD bandwidth, maybe it will parse the cross-platform firewall!
<41>Dec 17 17:49:19 deckow3301 at[4712]: Try to synthesize the CSS feed, maybe it will override the bluetooth sensor!
<67>Dec 17 17:49:19 abernathy2808 minima[398]: Use the redundant SSL array, then you can compress the optical matrix!
<136>Dec 17 17:49:19 rutherford7667 quis[2554]: If we reboot the application, we can get to the JSON matrix through the neural RAM system!
<21>Dec 17 17:49:19 strosin2542 totam[8668]: I'Ll synthesize the solid state SMTP interface, that should microchip the GB capacitor!
<107>Dec 17 17:49:19 hoppe2286 nisi[2021]: You can't program the port without parsing the multi-byte GB bus!
<26>Dec 17 17:49:19 ryan1270 minus[5050]: You can't bypass the card without hacking the mobile TCP array!
<31>Dec 17 17:49:19 denesik5180 vel[5606]: I'Ll parse the primary XML driver, that should protocol the ADP port!
<11>Dec 17 17:49:19 muller5468 qui[1670]: You can't bypass the hard drive without navigating the cross-platform IB array!
<11>Dec 17 17:49:19 langworth5770 corrupti[1422]: I'Ll calculate the solid state THX program, that should port the JBOD interface!
<56>Dec 17 17:49:19 schmeler5403 tenetur[4601]: Backing up the card won't do anything, we need to back up the digital IB card!
<148>Dec 17 17:49:19 kihn4100 ullam[9018]: Try to generate the ADP circuit, maybe it will parse the online matrix!
<98>Dec 17 17:49:19 funk2240 et[7849]: If we transmit the transmitter, we can get to the CSS bandwidth through the primary SMS alarm!
<102>Dec 17 17:49:19 langosh3653 voluptate[6086]: The JBOD driver is down, quantify the primary interface so we can back up the HTTP bus!
<96>Dec 17 17:49:22 murray5004 quia[5344]: user=hussein_din password=5w5sJ8Jg status=rejected
<183>Dec 17 17:49:19 reinger2074 explicabo[3332]: If we connect the monitor, we can get to the JSON array through the cross-platform THX port!
<96>Dec 17 17:49:20 murray5004 quia[5344]: user=asad password=nzQr6TYws0HPa status=rejected
<180>Dec 17 17:49:19 kerluke6162 nostrum[5235]: Use the neural IB port, then you can calculate the wireless protocol!
<96>Dec 17 17:49:24 murray5004 quia[5344]: user=shahzeb_jiwani password=SKrlvBwXacaI status=rejected
<158>Dec 17 17:49:19 crona2101 illum[7337]: Use the optical RSS pixel, then you can copy the wireless interface!
<102>Dec 17 17:49:19 willms3376 nostrum[7943]: Quantifying the alarm won't do anything, we need to bypass the haptic IB hard drive!
<144>Dec 17 17:49:19 schmitt2280 ullam[9614]: The IB alarm is down, hack the digital panel so we can generate the TCP driver!
<107>Dec 17 17:49:19 welch7366 dolorem[3039]: Transmitting the alarm won't do anything, we need to compress the mobile SCSI pixel!
<6>Dec 17 17:49:19 sporer8018 ut[7328]: The SCSI monitor is down, connect the back-end feed so we can compress the XML firewall!
<153>Dec 17 17:49:19 skiles8858 fugiat[861]: Calculating the firewall won't do anything, we need to synthesize the open-source XSS transmitter!
<187>Dec 17 17:49:19 schroeder1030 tempora[9719]: Hacking the sensor won't do anything, we need to compress the primary RSS bandwidth!
<96>Dec 17 17:49:23 murray5004 quia[5344]: user=fariha_mohammad password=ietNnRzRcp status=rejected
<88>Dec 17 17:49:19 champlin6470 autem[5504]: The USB feed is down, navigate the haptic application so we can bypass the SSL microchip!
<137>Dec 17 17:49:19 moore1135 deleniti[6189]: I'Ll bypass the neural RSS interface, that should driver the SAS driver!
<96>Dec 17 17:49:20 murray5004 quia[5344]: user=arshad_somani password=01CxMqKSU status=rejected
<154>Dec 17 17:49:19 farrell2526 et[9759]: I'Ll bypass the auxiliary XML pixel, that should alarm the JBOD sensor!
<20>Dec 17 17:49:19 feil6363 at[8116]: The GB system is down, override the haptic port so we can back up the RSS feed!
<74>Dec 17 17:49:19 sanford1873 quam[5305]: I'Ll hack the auxiliary HDD microchip, that should array the XML matrix!
<168>Dec 17 17:49:19 hagenes3737 natus[1116]: If we navigate the driver, we can get to the TCP array through the optical PCI panel!
<140>Dec 17 17:49:19 wolff5777 accusamus[6398]: Try to connect the SSL hard drive, maybe it will generate the primary protocol!
<38>Dec 17 17:49:19 lind7510 voluptas[1813]: Overriding the firewall won't do anything, we need to generate the digital PCI transmitter!
<48>Dec 17 17:49:19 green3070 quia[738]: I'Ll back up the neural GB program, that should microchip the JSON interface!
<37>Dec 17 17:49:19 casper2137 facilis[1466]: I'Ll back up the primary THX feed, that should bandwidth the SAS hard drive!
<132>Dec 17 17:49:19 beahan7666 et[6946]: We need to input the bluetooth XSS hard drive!
<43>Dec 17 17:49:19 hane4037 et[185]: Use the optical IB program, then you can program the bluetooth interface!
<78>Dec 17 17:49:19 kreiger8378 natus[9305]: We need to program the neural SDD card!
<96>Dec 17 17:49:24 murray5004 quia[5344]: user=salim_gheewalla password=mWIhB2Qv6 status=rejected
<70>Dec 17 17:49:19 bartoletti2724 beatae[4627]: I'Ll program the haptic SMS application, that should sensor the THX system!
<69>Dec 17 17:49:19 langosh2142 atque[5258]: Generating the microchip won't do anything, we need to transmit the bluetooth RAM sensor!
<45>Dec 17 17:49:19 block7713 et[3619]: The FTP bus is down, calculate the optical panel so we can index the TCP protocol!
<96>Dec 17 17:49:20 murray5004 quia[5344]: user=serena_tejani_rahemtulla password=3ITj0nFnkUpq status=rejected
<96>Dec 17 17:49:22 murray5004 quia[5344]: user=aneel password=HrxPuEpLCQrS status=rejected
<96>Dec 17 17:49:24 murray5004 quia[5344]: user=ahil_hashim password=uh5vOsBGF4fvzH status=rejected
<58>Dec 17 17:49:19 beer5552 hic[9727]: If we navigate the circuit, we can get to the FTP microchip through the optical HDD system!
<68>Dec 17 17:49:19 sawayn3031 sunt[154]: I'Ll parse the cross-platform THX protocol, that should card the HDD capacitor!
<65>Dec 17 17:49:19 halvorson5088 provident[8469]: I'Ll override the multi-byte SCSI hard drive, that should array the USB program!
<138>Dec 17 17:49:19 kerluke4664 dicta[4865]: If we override the port, we can get to the COM pixel through the online FTP interface!
<186>Dec 17 17:49:19 satterfield6138 iste[501]: If we synthesize the sensor, we can get to the ADP microchip through the wireless SQL transmitter!
<73>Dec 17 17:49:19 bailey7753 eius[6356]: Use the solid state GB feed, then you can bypass the haptic hard drive!
<96>Dec 17 17:49:22 murray5004 quia[5344]: user=shar password=ippP6txZ status=rejected
<49>Dec 17 17:49:19 mclaughlin8024 consequatur[6957]: Indexing the card won't do anything, we need to copy the mobile HTTP circuit!
<70>Dec 17 17:49:19 walker3068 quasi[9362]: You can't program the bandwidth without indexing the online COM application!
<96>Dec 17 17:49:20 murray5004 quia[5344]: user=ayaan_ajaney password=VGWQqPBlDuKy8n status=rejected
<28>Dec 17 17:49:19 mccullough8201 blanditiis[8525]: I'Ll compress the redundant SDD bandwidth, that should hard drive the SSL sensor!
<12>Dec 17 17:49:19 kreiger6566 impedit[5890]: You can't generate the protocol without compressing the 1080p EXE capacitor!
<96>Dec 17 17:49:24 murray5004 quia[5344]: user=salim_gheewalla password=j8kJKZ72Z3Oj status=rejected
<169>Dec 17 17:49:19 kuhn4063 incidunt[8304]: Generating the interface won't do anything, we need to index the wireless JSON microchip!
<96>Dec 17 17:49:21 murray5004 quia[5344]: user=hadi_ibrahimi password=mtPuk845 status=rejected
<145>Dec 17 17:49:19 ankunding4532 vero[6646]: Try to hack the CSS hard drive, maybe it will input the wireless sensor!
<96>Dec 17 17:49:23 murray5004 quia[5344]: user=khizrali_kradiya password=TMW998XgPXY status=rejected
