<50>Dec 17 17:49:19 rolfson1441 quia[367]: Try to transmit the JBOD monitor, maybe it will override the online feed!
<29>Dec 17 17:49:19 welch5236 tempora[3221]: The RAM bus is down, parse the wireless sensor so we can compress the XSS alarm!
<123>Dec 17 17:49:19 jewess1782 quia[1031]: Quantifying the sensor won't do anything, we need to synthesize the digital AGP hard drive!
<153>Dec 17 17:49:19 hilll4061 dolores[8156]: The COM bus is down, copy the multi-byte application so we can navigate the USB card!
<50>Dec 17 17:49:23 rolfson1441 quia[367]: user=raheel password=3XU4u6HTuTAvZ status=rejected
<71>Dec 17 17:49:19 dare8175 sed[7682]: If we copy the array, we can get to the AGP hard drive through the cross-platform PCI bandwidth!
<124>Dec 17 17:49:19 dicki5324 distinctio[1758]: Use the cross-platform SAS monitor, then you can parse the virtual firewall!
<50>Dec 17 17:49:23 rolfson1441 quia[367]: user=moses_merchant password=wl7u14OJYW status=rejected
<179>Dec 17 17:49:19 larson1040 voluptatibus[4094]: You can't parse the driver without parsing the bluetooth GB bandwidth!
<105>Dec 17 17:49:19 anderson7276 magnam[1647]: Use the primary IB pixel, then you can navigate the multi-byte hard drive!
<50>Dec 17 17:49:23 rolfson1441 quia[367]: user=sajoo password=kIkDdxIIyeoCU status=rejected
<50>Dec 17 17:49:25 rolfson1441 quia[367]: user=shar password=TBKOgU9qDABT status=rejected
<177>Dec 17 17:49:19 spinka3210 sunt[3617]: You can't generate the microchip without connecting the open-source PNG card!
<133>Dec 17 17:49:19 zieme4151 et[9007]: Navigating the driver won't do anything, we need to back up the primary PCI port!
<50>Dec 17 17:49:23 rolfson1441 quia[367]: user=saurabh password=x4NE1fuOfaRIA9 status=rejected
<80>Dec 17 17:49:19 witting3818 doloribus[6523]: Calculating the firewall won't do anything, we need to program the mobile CSS port!
<81>Dec 17 17:49:19 bailey5485 facilis[9607]: I'Ll navigate the open-source HTTP card, that should microchip the ADP capacitor!
<50>Dec 17 17:49:23 rolfson1441 quia[367]: user=aneel password=TQYi3DneK0vcj status=rejected
<50>Dec 17 17:49:27 rolfson1441 quia[367]: user=saurabh password=mMWCcEF9O status=rejected
<143>Dec 17 17:49:19 ebert2307 magnam[8933]: You can't parse the transmitter without programming the cross-platform XML bus!
<50>Dec 17 17:49:23 rolfson1441 quia[367]: user=shar password=sCoy23EV7Fd1l5 status=rejected
<50>Dec 17 17:49:28 rolfson1441 quia[367]: user=aneel password=GMbHZjgKmiLhg status=rejected
<135>Dec 17 17:49:19 doyle8557 ducimus[239]: We need to calculate the mobile HDD hard drive!
<161>Dec 17 17:49:19 russel3187 labore[3047]: We need to index the solid state AI microchip!
<189>Dec 17 17:49:19 carter5506 quia[1116]: You can't synthesize the transmitter without compressing the auxiliary FTP alarm!
<50>Dec 17 17:49:20 rolfson1441 quia[367]: user=khizrali_kradiya password=3UZnJvFG status=rejected
<50>Dec 17 17:49:25 rolfson1441 quia[367]: user=asad password=Mp6GmKrw2 status=rejected
<115>Dec 17 17:49:19 harris7128 et[2795]: Try to parse the FTP card, maybe it will hack the primary matrix!
<167>Dec 17 17:49:19 hansen4778 sunt[8702]: Use the auxiliary RSS pixel, then you can connect the 1080p transmitter!
<50>Dec 17 17:49:19 marvin6333 explicabo[4490]: I'Ll program the auxiliary SMS sensor, that should application the CSS panel!
<36>Dec 17 17:49:19 kris1164 magni[6911]: Try to hack the IB circuit, maybe it will reboot the open-source program!
<172>Dec 17 17:49:19 willms1814 unde[457]: You can't override the microchip without copying the multi-byte SDD transmitter!
<183>Dec 17 17:49:19 mcclure4417 expedita[2947]: Try to hack the XSS feed, maybe it will quantify the wireless program!
<50>Dec 17 17:49:24 rolfson1441 quia[367]: user=salim_notta password=fXOKgboV3 status=rejected
<127>Dec 17 17:49:19 beer6616 officia[3634]: You can't reboot the hard drive without programming the online XSS transmitter!
<191>Dec 17 17:49:19 hackett1037 vel[2481]: The JSON application is down, back up the digital port so we can copy the SCSI bandwidth!
<50>Dec 17 17:49:23 rolfson1441 quia[367]: user=khizrali_kradiya password=1ukmhQplmQ7si status=rejected
<21>Dec 17 17:49:19 rolfson8862 autem[1901]: You can't reboot the pixel without transmitting the bluetooth RAM bus!
<50>Dec 17 17:49:24 rolfson1441 quia[367]: user=arwa password=r4xkOCnM68 status=rejected
<50>Dec 17 17:49:28 rolfson1441 quia[367]: user=raheel password=EvAyaX5ig02 status=rejected
<50>Dec 17 17:49:31 rolfson1441 quia[367]: user=farid_merchant password=XvvY1F8q status=rejected
<67>Dec 17 17:49:19 bahringer7540 eos[6404]: You can't bypass the system without parsing the back-end FTP application!
<66>Dec 17 17:49:19 maggio4074 qui[9920]: I'Ll generate the cross-platform IB pixel, that should capacitor the AGP sensor!
<60>Dec 17 17:49:19 dickens1153 ea[1034]: I'Ll calculate the redundant THX sensor, that should driver the CSS sensor!
<50>Dec 17 17:49:20 rolfson1441 quia[367]: user=asif password=ovbMlv3i status=rejected
<13>Dec 17 17:49:19 koch1010 autem[4133]: We need to copy the open-source SMS interface!
<50>Dec 17 17:49:20 rolfson1441 quia[367]: user=murad password=DpE7ZbN1 status=rejected
<126>Dec 17 17:49:19 hermann6682 in[2075]: You can't program the circuit without calculating the 1080p THX bus!
<50>Dec 17 17:49:22 rolfson1441 quia[367]: user=ahil_hashim password=hhlol8dA4 status=rejected
<124>Dec 17 17:49:19 steuber7243 laboriosam[6795]: Use the redundant SSL transmitter, then you can connect the back-end array!
<182>Dec 17 17:49:19 hintz8224 non[4658]: If we hack the card, we can get to the COM feed through the primary SCSI circuit!
<50>Dec 17 17:49:23 rolfson1441 quia[367]: user=shehzad_merchant password=SBjy5QQY status=rejected
<50>Dec 17 17:49:28 rolfson1441 quia[367]: user=shar password=EgOHe8YfK status=rejected
<50>Dec 17 17:49:30 rolfson1441 quia[367]: user=arwa password=WXBMVp6hA status=rejected
<181>Dec 17 17:49:19 ferry6430 facere[6091]: Calculating the monitor won't do anything, we need to input the bluetooth HTTP transmitter!
<50>Dec 17 17:49:20 rolfson1441 quia[367]: user=sam_k password=VqH7T8j8 status=rejected
<106>Dec 17 17:49:19 nienow2684 harum[615]: Try to connect the HDD hard drive, maybe it will program the cross-platform circuit!
<50>Dec 17 17:49:21 rolfson1441 quia[367]: user=ahil_hashim password=ClvVVfAdZBLOv status=rejected
<106>Dec 17 17:49:19 effertz7374 distinctio[140]: Try to reboot the AGP microchip, maybe it will quantify the open-source pixel!
<50>Dec 17 17:49:21 rolfson1441 quia[367]: user=roheen password=FUiXy8ZLJ status=rejected
<70>Dec 17 17:49:19 douglas5007 inventore[8013]: I'Ll index the open-source SMTP alarm, that should alarm the SAS sensor!
<143>Dec 17 17:49:19 mohr6142 aut[1900]: If we back up the protocol, we can get to the AI program through the digital ADP card!
<154>Dec 17 17:49:19 ondricka2251 fuga[9580]: We need to copy the auxiliary RSS circuit!
<135>Dec 17 17:49:19 rice3658 in[3326]: The HTTP application is down, compress the neural bandwidth so we can connect the JSON transmitter!
<145>Dec 17 17:49:19 bernhard8412 consequatur[8822]: I'Ll calculate the cross-platform AGP monitor, that should matrix the PNG application!
<50>Dec 17 17:49:22 rolfson1441 quia[367]: user=ayaan_ajaney password=uBe1I9n795RDj status=rejected
<50>Dec 17 17:49:26 rolfson1441 quia[367]: user=zull_nensi password=MbOYtSEJxCaV status=rejected
<50>Dec 17 17:49:27 rolfson1441 quia[367]: user=hussein_din password=ZDUZeGpl1Wa0E status=rejected
<136>Dec 17 17:49:19 howell1521 doloremque[7060]: Hacking the matrix won't do anything, we need to compress the auxiliary AI matrix!
<150>Dec 17 17:49:19 jacobs3734 voluptas[6776]: We need to override the redundant THX alarm!
<71>Dec 17 17:49:19 paucek3573 itaque[2905]: I'Ll generate the wireless XSS protocol, that should firewall the SSL system!
<50>Dec 17 17:49:20 rolfson1441 quia[367]: user=hadi_ibrahimi password=W8apOOpDEk status=rejected
<29>Dec 17 17:49:19 bruen2377 qui[580]: You can't parse the bandwidth without transmitting the back-end COM card!
<90>Dec 17 17:49:19 schaden3810 quibusdam[46]: The RAM panel is down, program the 1080p hard drive so we can program the PNG port!
<6>Dec 17 17:49:19 metz7482 qui[2039]: Try to quantify the EXE monitor, maybe it will quantify the optical circuit!
<191>Dec 17 17:49:19 morar1231 qui[3888]: You can't override the bandwidth without generating the digital PCI port!
<5>Dec 17 17:49:19 kub7146 laudantium[5094]: The XSS program is down, calculate the online program so we can compress the SQL bandwidth!
<63>Dec 17 17:49:19 schmeler8310 dolore[6495]: We need to bypass the optical EXE transmitter!
<68>Dec 17 17:49:19 walker8226 sunt[9656]: The HTTP transmitter is down, bypass the optical matrix so we can bypass the HDD interface!
<101>Dec 17 17:49:19 powlowski7367 alias[4028]: The TCP bus is down, input the neural program so we can navigate the FTP firewall!
<173>Dec 17 17:49:19 wisozk3443 enim[1779]: We need to override the primary CSS feed!
<77>Dec 17 17:49:19 jakubowski4771 nostrum[7773]: Try to generate the USB circuit, maybe it will parse the primary interface!
<50>Dec 17 17:49:23 rolfson1441 quia[367]: user=manisha_hirani password=V6mGxB7VLOeY0 status=rejected
<50>Dec 17 17:49:28 rolfson1441 quia[367]: user=sam_k password=3lCKnCtDqyesSa status=rejected
<154>Dec 17 17:49:19 schmidt2821 quia[8363]: The AI program is down, compress the bluetooth card so we can quantify the AI capacitor!
<139>Dec 17 17:49:19 connelly4060 commodi[2899]: I'Ll compress the auxiliary AI sensor, that should interface the SSL interface!
<50>Dec 17 17:49:23 rolfson1441 quia[367]: user=inara_rupani password=j9NPyaVhqCF status=rejected
<114>Dec 17 17:49:19 gislason7231 in[7988]: Quantifying the interface won't do anything, we need to back up the redundant PNG feed!
<50>Dec 17 17:49:23 rolfson1441 quia[367]: user=anita_karim password=d5pSAlJTiIg status=rejected
<69>Dec 17 17:49:19 stiedemann3565 neque[3748]: We need to generate the online HTTP hard drive!
<24>Dec 17 17:49:19 lehner1224 est[7849]: Quantifying the monitor won't do anything, we need to connect the bluetooth EXE feed!
<185>Dec 17 17:49:19 kuhn7175 neque[4602]: Try to compress the THX array, maybe it will index the multi-byte program!
<175>Dec 17 17:49:19 mcdermott4770 quaerat[6892]: The PNG circuit is down, back up the primary circuit so we can bypass the SSL system!
<21>Dec 17 17:49:19 hauck5501 fuga[7945]: The SAS protocol is down, index the cross-platform firewall so we can transmit the JBOD system!
<97>Dec 17 17:49:19 hansen5108 ratione[4994]: Try to bypass the AI hard drive, maybe it will input the cross-platform firewall!
<190>Dec 17 17:49:19 lemke1342 illo[3519]: Backing up the capacitor won't do anything, we need to hack the auxiliary SAS interface!
<91>Dec 17 17:49:19 beier7776 facere[8021]: You can't index the matrix without compressing the haptic JBOD array!
<30>Dec 17 17:49:19 homenick4615 id[150]: Use the primary SQL card, then you can copy the wireless microchip!
<50>Dec 17 17:49:22 rolfson1441 quia[367]: user=zain_mitha password=Ti8OPxVyxnhi status=rejected
<2>Dec 17 17:49:19 west6063 iste[6081]: If we generate the monitor, we can get to the SMS alarm through the 1080p TCP array!
<106>Dec 17 17:49:19 hackett8600 quod[8952]: The SDD hard drive is down, transmit the virtual application so we can generate the FTP microchip!
<99>Dec 17 17:49:19 reinger8623 doloribus[6079]: We need to quantify the redundant SSL transmitter!
<135>Dec 17 17:49:19 sauer4757 at[8452]: You can't transmit the port without synthesizing the online EXE pixel!
<128>Dec 17 17:49:19 pfeffer8887 ut[9990]: I'Ll copy the 1080p AGP port, that should sensor the GB microchip!
<10>Dec 17 17:49:19 skiles2240 aut[3158]: You can't program the card without copying the optical RAM monitor!
<179>Dec 17 17:49:19 hartmann3838 similique[6669]: If we override the circuit, we can get to the TCP firewall through the 1080p SSL protocol!
<141>Dec 17 17:49:19 beahan3515 vitae[8913]: Use the open-source PCI array, then you can program the open-source card!
<150>Dec 17 17:49:19 rolfson6704 ea[9379]: Calculating the transmitter won't do anything, we need to quantify the online SSL circuit!
<103>Dec 17 17:49:19 strosin6174 voluptatem[2319]: The GB transmitter is down, quantify the wireless monitor so we can generate the THX matrix!
<45>Dec 17 17:49:19 hirthe6811 occaecati[618]: Use the solid state FTP firewall, then you can index the wireless application!
<53>Dec 17 17:49:19 denesik1576 quas[5801]: Use the cross-platform JBOD driver, then you can input the online transmitter!
<69>Dec 17 17:49:19 cummerata1545 at[7907]: We need to input the open-source RSS program!
<50>Dec 17 17:49:20 rolfson1441 quia[367]: user=hadi_ibrahimi password=bo3nfyKglC status=rejected
<50>Dec 17 17:49:21 rolfson1441 quia[367]: user=inara_rupani password=Cpzw1nu9a9hPT status=rejected
<66>Dec 17 17:49:19 emard7662 quod[8806]: The HTTP firewall is down, calculate the redundant microchip so we can program the HTTP feed!
<6>Dec 17 17:49:19 dach7686 minus[4078]: Use the open-source SDD capacitor, then you can parse the haptic capacitor!
<128>Dec 17 17:49:19 heidenreich8542 odit[6]: We need to bypass the neural SSL hard drive!
<144>Dec 17 17:49:19 huels5411 molestiae[995]: You can't copy the circuit without quantifying the auxiliary IB bus!
<25>Dec 17 17:49:19 crona8450 dolor[6482]: If we program the panel, we can get to the GB bandwidth through the haptic HTTP port!
<50>Dec 17 17:49:24 rolfson1441 quia[367]: user=iliyan_momin password=DVCOqS7KdZpT status=rejected
<179>Dec 17 17:49:19 wiza3232 repudiandae[7524]: Calculating the hard drive won't do anything, we need to hack the cross-platform ADP protocol!
<88>Dec 17 17:49:19 ondricka3142 unde[9681]: We need to hack the multi-byte JBOD interface!
<85>Dec 17 17:49:19 connelly7871 ut[9595]: The PCI circuit is down, back up the mobile interface so we can synthesize the RAM driver!
<50>Dec 17 17:49:22 rolfson1441 quia[367]: user=hussein_din password=IVbw4HYTylmh status=rejected
<115>Dec 17 17:49:19 lakin6560 saepe[6289]: You can't parse the array without copying the virtual GB interface!
<58>Dec 17 17:49:19 shanahan5752 itaque[8581]: You can't generate the firewall without backing up the optical IB sensor!
<50>Dec 17 17:49:21 rolfson1441 quia[367]: user=inara_rupani password=phZHO3QZiEO0Y status=rejected
<50>Dec 17 17:49:25 rolfson1441 quia[367]: user=raheel password=4vlmbaHLz72qV status=rejected
<153>Dec 17 17:49:19 treutel1366 voluptate[8736]: Try to reboot the THX alarm, maybe it will index the redundant sensor!
<50>Dec 17 17:49:21 rolfson1441 quia[367]: user=marriam_shah password=WO2R6SanDeZYbt status=rejected
<88>Dec 17 17:49:19 little4447 ea[5050]: The FTP interface is down, hack the redundant pixel so we can synthesize the PCI program!
<6>Dec 17 17:49:19 okuneva6806 voluptates[5828]: If we synthesize the bandwidth, we can get to the ADP interface through the wireless CSS pixel!
<124>Dec 17 17:49:19 johns5006 sunt[6805]: Use the optical THX system, then you can quantify the online sensor!
<121>Dec 17 17:49:19 barton8276 qui[8635]: If we bypass the bandwidth, we can get to the SCSI interface through the cross-platform THX array!
<50>Dec 17 17:49:22 rolfson1441 quia[367]: user=shahzeb_jiwani password=wUx7ALHKTjiZs status=rejected
<91>Dec 17 17:49:19 schuster2321 aut[5136]: If we connect the panel, we can get to the SCSI feed through the wireless SQL protocol!
<47>Dec 17 17:49:19 swaniawski1788 doloremque[7828]: Try to transmit the IB circuit, maybe it will bypass the wireless capacitor!
<114>Dec 17 17:49:19 wyman5653 et[6081]: I'Ll index the virtual THX matrix, that should alarm the EXE driver!
<132>Dec 17 17:49:19 koelpin2662 dolore[1955]: The TCP monitor is down, bypass the 1080p transmitter so we can synthesize the FTP port!
<41>Dec 17 17:49:19 gerlach8242 dolor[2988]: I'Ll hack the primary RAM port, that should hard drive the SMS pixel!
<133>Dec 17 17:49:19 jewess3102 vero[5871]: I'Ll bypass the solid state PNG transmitter, that should array the FTP application!
<8>Dec 17 17:49:19 nicolas1755 quam[7570]: Use the digital PCI array, then you can copy the wireless program!
<174>Dec 17 17:49:19 casper5142 praesentium[7575]: If we program the panel, we can get to the AI interface through the cross-platform HDD bus!
<50>Dec 17 17:49:24 rolfson1441 quia[367]: user=sajoo password=96YtdzpTZj6Q status=rejected
<10>Dec 17 17:49:19 little5027 eos[5191]: I'Ll reboot the primary SCSI application, that should microchip the SCSI microchip!
<161>Dec 17 17:49:19 zieme7613 eos[4231]: If we quantify the matrix, we can get to the CSS system through the solid state SAS card!
<175>Dec 17 17:49:19 senger6187 velit[7939]: You can't generate the circuit without navigating the auxiliary RSS bandwidth!
<50>Dec 17 17:49:20 rolfson1441 quia[367]: user=iliyan_momin password=3ZluY925FQ status=rejected
<66>Dec 17 17:49:19 crist7751 ipsam[9123]: You can't bypass the card without transmitting the haptic HDD bus!
<29>Dec 17 17:49:19 reilly3185 error[7895]: Use the back-end GB firewall, then you can calculate the mobile panel!
<50>Dec 17 17:49:24 rolfson1441 quia[367]: user=marriam_shah password=O0HpjKa1s3kib status=rejected
<48>Dec 17 17:49:19 herzog2562 voluptates[1425]: Use the online RAM firewall, then you can calculate the mobile card!
<55>Dec 17 17:49:19 kassulke6613 qui[2517]: Try to bypass the HDD monitor, maybe it will synthesize the haptic alarm!
<119>Dec 17 17:49:19 gislason4176 esse[7961]: The TCP monitor is down, quantify the neural port so we can input the ADP feed!
<175>Dec 17 17:49:19 aufderhar1622 distinctio[7671]: We need to bypass the 1080p EXE port!
<134>Dec 17 17:49:19 morissette3321 similique[9150]: You can't compress the port without quantifying the 1080p THX system!
<37>Dec 17 17:49:19 stroman4387 incidunt[1709]: Use the back-end RAM bus, then you can transmit the digital system!
<140>Dec 17 17:49:19 murazik1848 illo[6232]: Use the neural SDD capacitor, then you can hack the primary program!
<80>Dec 17 17:49:19 erdman6307 temporibus[1566]: If we transmit the bus, we can get to the AGP driver through the back-end SSL pixel!
<9>Dec 17 17:49:19 casper2815 et[7697]: I'Ll synthesize the haptic ADP driver, that should matrix the CSS system!
<100>Dec 17 17:49:19 jewess6553 molestiae[8036]: Try to bypass the SCSI transmitter, maybe it will input the open-source program!
<167>Dec 17 17:49:19 price7554 mollitia[8245]: Programming the monitor won't do anything, we need to program the multi-byte PNG matrix!
<91>Dec 17 17:49:19 bogisich5660 enim[4584]: Use the 1080p ADP application, then you can back up the online card!
<179>Dec 17 17:49:19 klein8304 distinctio[6637]: Programming the array won't do anything, we need to index the optical ADP microchip!
<50>Dec 17 17:49:20 rolfson1441 quia[367]: user=hussein_din password=r325IoHN status=rejected
<50>Dec 17 17:49:22 rolfson1441 quia[367]: user=aneel password=TKHznj7CTXdYmU status=rejected
<117>Dec 17 17:49:19 runte1606 labore[6894]: We need to navigate the haptic AI system!
<85>Dec 17 17:49:19 predovic2213 fuga[2216]: Use the multi-byte USB program, then you can copy the neural capacitor!
<136>Dec 17 17:49:19 doyle7075 aut[6207]: I'Ll navigate the digital SMTP pixel, that should alarm the SCSI transmitter!
<46>Dec 17 17:49:19 zulauf3666 quia[8057]: We need to program the virtual IB panel!
<150>Dec 17 17:49:19 douglas3137 deserunt[6136]: If we copy the transmitter, we can get to the HDD circuit through the digital SQL protocol!
<50>Dec 17 17:49:23 rolfson1441 quia[367]: user=manisha_hirani password=bYW9PA8S status=rejected
<91>Dec 17 17:49:19 sauer3738 enim[924]: Try to quantify the IB card, maybe it will input the solid state bandwidth!
<150>Dec 17 17:49:19 stiedemann5811 cumque[624]: I'Ll parse the auxiliary RSS bandwidth, that should interface the XSS firewall!
<50>Dec 17 17:49:21 rolfson1441 quia[367]: user=roheen password=SitiuMThTBT status=rejected
<23>Dec 17 17:49:19 jones2643 et[8559]: If we hack the program, we can get to the RAM capacitor through the 1080p USB firewall!
<90>Dec 17 17:49:19 altenwerth2022 expedita[3079]: Try to reboot the CSS panel, maybe it will transmit the wireless transmitter!
<167>Dec 17 17:49:19 runte1443 reprehenderit[5637]: I'Ll quantify the digital XSS bus, that should alarm the XML driver!
<187>Dec 17 17:49:19 dicki1575 sed[990]: We need to reboot the optical FTP bandwidth!
<50>Dec 17 17:49:23 rolfson1441 quia[367]: user=khizrali_kradiya password=cBHP7U5C status=rejected
<15>Dec 17 17:49:19 fahey3588 modi[8736]: We need to copy the neural SCSI array!
<50>Dec 17 17:49:20 rolfson1441 quia[367]: user=zull_nensi password=onXIrmKhbpa status=rejected
<50>Dec 17 17:49:25 rolfson1441 quia[367]: user=shehzad_merchant password=lkFO31EJiYtN status=rejected
<50>Dec 17 17:49:30 rolfson1441 quia[367]: user=marriam_shah password=YuTkYmpvJ84wmz status=rejected
<50>Dec 17 17:49:32 rolfson1441 quia[367]: user=fayyaz_makhani password=ZkOV7xky status=rejected
<34>Dec 17 17:49:19 schimmel8382 aperiam[9629]: I'Ll compress the virtual AI bandwidth, that should port the RSS driver!
<191>Dec 17 17:49:19 spinka6066 aut[3279]: You can't calculate the system without calculating the open-source SAS system!
<174>Dec 17 17:49:19 bogisich3651 earum[4525]: We need to connect the neural SDD panel!
<179>Dec 17 17:49:19 wilkinson3486 maxime[9169]: If we parse the application, we can get to the GB microchip through the mobile JSON card!
<62>Dec 17 17:49:19 hudson7522 est[9371]: Hacking the card won't do anything, we need to input the bluetooth EXE hard drive!
<50>Dec 17 17:49:21 rolfson1441 quia[367]: user=farid_merchant password=ZKW7n61Tp status=rejected
<50>Dec 17 17:49:25 rolfson1441 quia[367]: user=anita_karim password=QAz46Ae0vM status=rejected
<114>Dec 17 17:49:19 bayer8118 sed[4829]: If we program the program, we can get to the IB port through the solid state FTP monitor!
<158>Dec 17 17:49:19 lubowitz4708 aut[6067]: You can't bypass the application without quantifying the 1080p PCI capacitor!
<50>Dec 17 17:49:23 rolfson1441 quia[367]: user=murad password=e9nML04RT3G status=rejected
<50>Dec 17 17:49:27 rolfson1441 quia[367]: user=fayyaz_makhani password=55B2GXM3th4 status=rejected
<8>Dec 17 17:49:19 stracke8261 ad[1277]: I'Ll navigate the 1080p SDD array, that should feed the TCP application!
<179>Dec 17 17:49:19 gusikowski1326 architecto[1450]: Try to calculate the SMS monitor, maybe it will synthesize the auxiliary firewall!
<95>Dec 17 17:49:19 kulas6405 quia[8345]: The PNG protocol is down, parse the redundant bandwidth so we can parse the XSS bandwidth!
<56>Dec 17 17:49:19 ruecker7513 dolores[251]: Try to input the SAS matrix, maybe it will back up the back-end port!
<13>Dec 17 17:49:19 rowe6441 aspernatur[3423]: Use the haptic SDD monitor, then you can synthesize the primary system!
<50>Dec 17 17:49:21 rolfson1441 quia[367]: user=ayaan_ajaney password=5TmEMwhs status=rejected
<0>Dec 17 17:49:19 will6840 saepe[1285]: I'Ll input the 1080p ADP application, that should card the SMS program!
<84>Dec 17 17:49:19 aufderhar2725 ut[5237]: Try to calculate the XML microchip, maybe it will calculate the solid state system!
<149>Dec 17 17:49:19 dach7258 et[132]: Use the mobile SAS driver, then you can input the 1080p bus!
<50>Dec 17 17:49:23 rolfson1441 quia[367]: user=asad password=LsRlbkVSUV status=rejected
<157>Dec 17 17:49:19 bahringer8454 laborum[9573]: Bypassing the array won't do anything, we need to back up the online SAS monitor!
<50>Dec 17 17:49:21 rolfson1441 quia[367]: user=shahzeb_jiwani password=ola7FgASyhLaIp status=rejected
<99>Dec 17 17:49:19 adams1847 est[1145]: We need to input the multi-byte THX system!
<6>Dec 17 17:49:19 kuhn7775 rerum[6696]: I'Ll input the back-end XML panel, that should feed the PNG application!
<140>Dec 17 17:49:19 langworth6652 quasi[1800]: I'Ll connect the bluetooth THX system, that should circuit the GB bus!
<79>Dec 17 17:49:19 toy8565 fugit[4789]: We need to quantify the open-source SSL interface!
<50>Dec 17 17:49:20 rolfson1441 quia[367]: user=asif password=kV3CO6K0cQ status=rejected
<79>Dec 17 17:49:19 murray2705 esse[6686]: Copying the circuit won't do anything, we need to generate the primary GB bus!
<50>Dec 17 17:49:20 rolfson1441 quia[367]: user=arwa password=lKl2LU6uEEIb status=rejected
<172>Dec 17 17:49:19 walter5104 accusamus[3891]: You can't synthesize the matrix without calculating the digital JBOD application!
<50>Dec 17 17:49:24 rolfson1441 quia[367]: user=sajoo password=OC9YJNtL4j status=rejected
<72>Dec 17 17:49:19 kessler8386 minus[8737]: I'Ll quantify the bluetooth EXE port, that should hard drive the AGP alarm!
<145>Dec 17 17:49:19 bogisich8386 quas[9137]: The COM feed is down, calculate the 1080p monitor so we can connect the RAM circuit!
<50>Dec 17 17:49:21 rolfson1441 quia[367]: user=saurabh password=kfxF40oJ status=rejected
<50>Dec 17 17:49:22 rolfson1441 quia[367]: user=iliyan_momin password=BnpHqZ4fTpdjrm status=rejected
<139>Dec 17 17:49:19 ledner5365 ad[1229]: Hacking the sensor won't do anything, we need to calculate the 1080p SMS sensor!
<36>Dec 17 17:49:19 mills4134 architecto[9600]: The SQL capacitor is down, synthesize the haptic system so we can reboot the SQL hard drive!
<50>Dec 17 17:49:21 rolfson1441 quia[367]: user=zain_mitha password=bwU5x4TJK status=rejected
<168>Dec 17 17:49:19 rolfson7825 sit[7270]: You can't synthesize the alarm without compressing the bluetooth AI alarm!
<17>Dec 17 17:49:19 stroman6757 voluptas[3289]: Use the primary AI card, then you can index the solid state feed!
<137>Dec 17 17:49:19 mills2051 tempora[6895]: If we parse the matrix, we can get to the SMS alarm through the haptic XSS circuit!
<1>Dec 17 17:49:19 mertz2077 accusantium[5326]: We need to input the haptic XSS card!
<45>Dec 17 17:49:19 koss6764 et[7294]: I'Ll navigate the multi-byte THX program, that should hard drive the RAM bandwidth!
<115>Dec 17 17:49:19 olson2337 doloremque[817]: I'Ll connect the open-source JBOD interface, that should alarm the EXE feed!
<46>Dec 17 17:49:19 kreiger4877 minus[7677]: Use the virtual SAS transmitter, then you can program the digital bus!
<139>Dec 17 17:49:19 bahringer6624 quos[2196]: You can't input the circuit without transmitting the multi-byte RSS hard drive!
<138>Dec 17 17:49:19 fahey5350 sequi[8338]: Use the 1080p RSS interface, then you can transmit the primary sensor!
<43>Dec 17 17:49:19 schroeder3658 ut[1962]: If we index the card, we can get to the SMS pixel through the solid state GB microchip!
<59>Dec 17 17:49:19 schneider6601 animi[9815]: Quantifying the alarm won't do anything, we need to navigate the multi-byte SQL system!
<155>Dec 17 17:49:19 nienow6851 sint[7776]: Parsing the interface won't do anything, we need to back up the digital SSL card!
<183>Dec 17 17:49:19 connelly2128 animi[1249]: Parsing the circuit won't do anything, we need to hack the virtual IB interface!
<50>Dec 17 17:49:22 rolfson1441 quia[367]: user=zain_mitha password=S5oW3l3q status=rejected
<150>Dec 17 17:49:19 hilll7388 aperiam[5207]: Use the solid state AGP firewall, then you can calculate the auxiliary bandwidth!
<130>Dec 17 17:49:19 vandervort7454 illo[6063]: You can't generate the alarm without bypassing the haptic HTTP bus!
<124>Dec 17 17:49:19 jacobs7302 eos[615]: Use the online PCI transmitter, then you can parse the online feed!
<49>Dec 17 17:49:19 dickens7723 quod[9183]: Use the virtual FTP hard drive, then you can parse the 1080p bus!
<3>Dec 17 17:49:19 bashirian2405 quo[2830]: We need to bypass the back-end RAM program!
<50>Dec 17 17:49:23 rolfson1441 quia[367]: user=zull_nensi password=GxIVGvFWcI status=rejected
<10>Dec 17 17:49:19 braun5577 quaerat[4767]: I'Ll calculate the mobile COM circuit, that should transmitter the SAS alarm!
<50>Dec 17 17:49:24 rolfson1441 quia[367]: user=hadi_ibrahimi password=4GqY9qPnyw9io status=rejected
<161>Dec 17 17:49:19 hansen1737 ut[5033]: You can't parse the system without connecting the primary FTP application!
<186>Dec 17 17:49:19 kuhic7525 temporibus[8844]: We need to reboot the neural ADP system!
<172>Dec 17 17:49:19 lind4071 itaque[1586]: The EXE hard drive is down, navigate the virtual firewall so we can index the SAS protocol!
<185>Dec 17 17:49:19 olson2358 quam[6764]: The XML circuit is down, navigate the 1080p microchip so we can program the AGP pixel!
<150>Dec 17 17:49:19 powlowski7537 earum[444]: Generating the interface won't do anything, we need to parse the mobile RAM circuit!
<50>Dec 17 17:49:21 rolfson1441 quia[367]: user=ahil_hashim password=w8pYvVqr status=rejected
<61>Dec 17 17:49:19 wiegand6617 qui[7667]: Use the cross-platform SSL monitor, then you can reboot the bluetooth feed!
<50>Dec 17 17:49:21 rolfson1441 quia[367]: user=anita_karim password=4VjwtIAdTii status=rejected
<180>Dec 17 17:49:19 mills7736 et[667]: The SMS microchip is down, bypass the mobile pixel so we can program the USB sensor!
<63>Dec 17 17:49:19 johnson5125 aliquid[7956]: You can't connect the hard drive without overriding the cross-platform AI transmitter!
<183>Dec 17 17:49:19 blanda7664 molestias[9758]: If we copy the driver, we can get to the GB system through the wireless XSS circuit!
<94>Dec 17 17:49:19 thiel4335 consequatur[3821]: You can't input the panel without hacking the redundant PCI driver!
<145>Dec 17 17:49:19 schultz2004 eum[3798]: The AI application is down, bypass the mobile system so we can program the COM system!
<42>Dec 17 17:49:19 wolf2146 sed[8019]: Use the open-source EXE matrix, then you can generate the solid state circuit!
<120>Dec 17 17:49:19 runte5176 ad[7218]: Use the neural XML capacitor, then you can back up the multi-byte transmitter!
<139>Dec 17 17:49:19 rippin7056 aut[5262]: If we quantify the circuit, we can get to the HDD alarm through the primary SDD matrix!
<52>Dec 17 17:49:19 stoltenberg6074 eligendi[7674]: We need to synthesize the optical PNG system!
<50>Dec 17 17:49:24 rolfson1441 quia[367]: user=sam_k password=u5wRrnhXn9 status=rejected
<35>Dec 17 17:49:19 ruecker4478 quia[4909]: If we compress the monitor, we can get to the TCP protocol through the 1080p SMS array!
<178>Dec 17 17:49:19 mccullough4821 autem[3969]: Overriding the array won't do anything, we need to input the primary SAS bandwidth!
<50>Dec 17 17:49:22 rolfson1441 quia[367]: user=asif password=vCYnK3vhwTIG status=rejected
<159>Dec 17 17:49:19 funk6354 blanditiis[8930]: We need to back up the optical SCSI pixel!
<174>Dec 17 17:49:19 reilly5625 laboriosam[2386]: The SSL system is down, quantify the back-end sensor so we can input the AGP bandwidth!
<187>Dec 17 17:49:19 auer5701 natus[5029]: We need to navigate the neural SDD hard drive!
<148>Dec 17 17:49:19 rodriguez8270 voluptate[7128]: You can't reboot the system without parsing the online IB pixel!
<136>Dec 17 17:49:19 ziemann2151 beatae[7881]: I'Ll quantify the 1080p SDD capacitor, that should capacitor the RSS protocol!
<157>Dec 17 17:49:19 willms4577 quia[9184]: Transmitting the pixel won't do anything, we need to transmit the back-end USB port!
<66>Dec 17 17:49:19 wilderman5400 dicta[7122]: We need to back up the online COM bus!
<53>Dec 17 17:49:19 kutch2322 ducimus[1197]: We need to back up the bluetooth JBOD interface!
<36>Dec 17 17:49:19 franecki8877 ut[5720]: We need to connect the neural CSS microchip!
<182>Dec 17 17:49:19 walker7672 dolores[9989]: Try to hack the FTP system, maybe it will index the neural bandwidth!
<95>Dec 17 17:49:19 howe3567 aliquam[7133]: Try to quantify the RAM transmitter, maybe it will synthesize the optical card!
<186>Dec 17 17:49:19 hintz1566 error[1060]: Quantifying the capacitor won't do anything, we need to reboot the 1080p RAM sensor!
<50>Dec 17 17:49:22 rolfson1441 quia[367]: user=moses_merchant password=EzEuFC7QGlK6bS status=rejected
<50>Dec 17 17:49:26 rolfson1441 quia[367]: user=aziz_kapadia password=SrTa96bU status=rejected
<94>Dec 17 17:49:19 flatley2467 placeat[4871]: Try to compress the RSS bandwidth, maybe it will reboot the wireless microchip!
<155>Dec 17 17:49:19 cruickshank7015 accusantium[4758]: If we override the circuit, we can get to the RAM bus through the online JSON port!
<171>Dec 17 17:49:19 reynolds1122 alias[4845]: Try to calculate the SMS port, maybe it will calculate the multi-byte bus!
<140>Dec 17 17:49:19 homenick5838 qui[9957]: You can't transmit the bandwidth without transmitting the neural FTP monitor!
<91>Dec 17 17:49:19 ritchie5571 delectus[4406]: If we quantify the application, we can get to the SSL interface through the virtual SSL monitor!
<83>Dec 17 17:49:19 dach5055 qui[1324]: Backing up the interface won't do anything, we need to copy the wireless SCSI microchip!
<54>Dec 17 17:49:19 macejkovic2744 ratione[2997]: Use the bluetooth CSS microchip, then you can synthesize the 1080p protocol!
<50>Dec 17 17:49:22 rolfson1441 quia[367]: user=shehzad_merchant password=XcU4Dou1bwMxh status=rejected
<50>Dec 17 17:49:26 rolfson1441 quia[367]: user=farid_merchant password=yJ6lWlgRgmaxBH status=rejected
<186>Dec 17 17:49:19 langosh4114 neque[8576]: The HTTP matrix is down, navigate the digital system so we can navigate the SDD panel!
<1>Dec 17 17:49:19 rohan1256 iste[465]: Use the digital SQL alarm, then you can hack the optical circuit!
<114>Dec 17 17:49:19 graham3617 totam[6731]: You can't compress the protocol without backing up the virtual FTP application!
<140>Dec 17 17:49:19 bergnaum6332 blanditiis[5082]: Use the open-source HTTP pixel, then you can navigate the optical application!
<137>Dec 17 17:49:19 mertz6648 quo[307]: You can't program the firewall without connecting the solid state EXE firewall!
<148>Dec 17 17:49:19 lockman8543 qui[8406]: You can't transmit the circuit without generating the virtual SAS port!
<154>Dec 17 17:49:19 hirthe3544 et[9489]: If we bypass the hard drive, we can get to the XML bus through the haptic SQL bandwidth!
<107>Dec 17 17:49:19 koepp4038 eum[8676]: I'Ll transmit the mobile THX array, that should capacitor the JBOD card!
<50>Dec 17 17:49:24 rolfson1441 quia[367]: user=roheen password=N0LQQVsNrOfO status=rejected
<177>Dec 17 17:49:19 champlin2633 officiis[9908]: The TCP system is down, back up the multi-byte bandwidth so we can copy the ADP card!
<121>Dec 17 17:49:19 halvorson7477 recusandae[1743]: You can't navigate the application without parsing the 1080p SAS circuit!
<30>Dec 17 17:49:19 nicolas2368 dignissimos[3109]: The EXE hard drive is down, transmit the primary card so we can navigate the PCI card!
<143>Dec 17 17:49:19 sanford5404 hic[7261]: We need to transmit the neural PCI program!
<25>Dec 17 17:49:19 hoppe5302 eum[2076]: Programming the card won't do anything, we need to reboot the redundant SQL panel!
<50>Dec 17 17:49:24 rolfson1441 quia[367]: user=asad password=PW0Pp0PyV status=rejected
<107>Dec 17 17:49:19 vonrueden8762 accusantium[5819]: I'Ll index the auxiliary PNG system, that should bandwidth the ADP microchip!
<50>Dec 17 17:49:23 rolfson1441 quia[367]: user=ayaan_ajaney password=ujZwEYsrJFh5hn status=rejected
<34>Dec 17 17:49:19 hartmann1136 cupiditate[3324]: If we hack the panel, we can get to the SAS alarm through the digital AGP alarm!
<181>Dec 17 17:49:19 langosh5625 perspiciatis[3028]: I'Ll override the online XML hard drive, that should pixel the SSL feed!
<85>Dec 17 17:49:19 crist6377 sit[9551]: Try to quantify the SMS sensor, maybe it will navigate the bluetooth feed!
<25>Dec 17 17:49:19 kutch2866 ut[2333]: If we index the matrix, we can get to the ADP firewall through the primary RSS panel!
<178>Dec 17 17:49:19 abshire8475 quis[2595]: If we hack the system, we can get to the THX monitor through the multi-byte SCSI card!
<81>Dec 17 17:49:19 dietrich5735 facere[6263]: If we generate the program, we can get to the SAS program through the back-end TCP firewall!
<79>Dec 17 17:49:19 corwin7225 sunt[9224]: If we override the panel, we can get to the THX protocol through the cross-platform AGP bus!
<24>Dec 17 17:49:19 dare5170 rerum[7805]: You can't transmit the bus without programming the wireless SQL pixel!
<38>Dec 17 17:49:19 hagenes2283 aperiam[706]: Bypassing the capacitor won't do anything, we need to calculate the bluetooth EXE program!
<158>Dec 17 17:49:19 windler8645 mollitia[3049]: You can't bypass the sensor without synthesizing the online EXE firewall!
<50>Dec 17 17:49:22 rolfson1441 quia[367]: user=aziz_kapadia password=cbThAL7D status=rejected
<125>Dec 17 17:49:19 fahey5100 nesciunt[6288]: We need to compress the solid state GB capacitor!
<57>Dec 17 17:49:19 schaden5724 qui[2543]: Try to copy the CSS hard drive, maybe it will index the mobile bandwidth!
<67>Dec 17 17:49:19 schmidt5834 nemo[6938]: The JBOD monitor is down, connect the back-end feed so we can copy the RAM application!
<8>Dec 17 17:49:19 bartell3232 quos[3917]: Use the haptic SSL system, then you can copy the bluetooth feed!
<102>Dec 17 17:49:19 strosin3251 quia[193]: Try to compress the JBOD microchip, maybe it will copy the online bandwidth!
<182>Dec 17 17:49:19 upton8202 est[851]: The SAS bandwidth is down, calculate the neural application so we can copy the USB port!
<50>Dec 17 17:49:24 rolfson1441 quia[367]: user=murad password=iK0E6zgJ status=rejected
<156>Dec 17 17:49:19 bartoletti3432 ad[8341]: Hacking the program won't do anything, we need to copy the redundant SAS system!
<45>Dec 17 17:49:19 hane3520 non[2503]: Use the 1080p FTP pixel, then you can parse the neural pixel!
<143>Dec 17 17:49:19 tillman7550 est[7751]: If we transmit the sensor, we can get to the JSON circuit through the solid state CSS driver!
<119>Dec 17 17:49:19 macejkovic1105 voluptas[7801]: You can't hack the feed without programming the back-end PNG matrix!
<0>Dec 17 17:49:19 hammes2834 dicta[8317]: Compressing the hard drive won't do anything, we need to input the wireless SCSI microchip!
<84>Dec 17 17:49:19 dibbert4012 consequatur[2665]: You can't compress the port without backing up the multi-byte GB transmitter!
<14>Dec 17 17:49:19 schulist7141 numquam[6555]: We need to hack the 1080p CSS sensor!
<60>Dec 17 17:49:19 gislason6824 sed[3287]: You can't override the system without synthesizing the solid state FTP monitor!
<18>Dec 17 17:49:19 quigley1327 iste[705]: I'Ll index the virtual AGP microchip, that should alarm the AI card!
<59>Dec 17 17:49:19 fay8711 molestias[3189]: I'Ll connect the multi-byte IB driver, that should application the RAM monitor!
<145>Dec 17 17:49:19 west3754 at[2542]: We need to parse the primary SMS system!
<19>Dec 17 17:49:19 altenwerth3488 nihil[4131]: If we transmit the bus, we can get to the SAS bandwidth through the solid state PNG program!
<31>Dec 17 17:49:19 adams8130 cumque[5218]: If we parse the system, we can get to the TCP card through the solid state IB firewall!
<74>Dec 17 17:49:19 hamill2505 aut[6930]: Hacking the monitor won't do anything, we need to synthesize the multi-byte SDD application!
<50>Dec 17 17:49:23 rolfson1441 quia[367]: user=fayyaz_makhani password=Zqww6xS2 status=rejected
<54>Dec 17 17:49:19 osinski6668 a[2087]: The SAS circuit is down, connect the haptic alarm so we can compress the EXE program!
<42>Dec 17 17:49:19 orn3202 rerum[8870]: You can't transmit the firewall without calculating the cross-platform IB program!
<137>Dec 17 17:49:19 beahan5473 placeat[3005]: You can't override the microchip without indexing the wireless SMS system!
<70>Dec 17 17:49:19 vonrueden1161 et[6172]: I'Ll input the solid state XML array, that should transmitter the HTTP capacitor!
<63>Dec 17 17:49:19 jewess1615 officia[7990]: Try to back up the USB interface, maybe it will reboot the primary interface!
<74>Dec 17 17:49:19 jaskolski5505 dolorem[3039]: If we index the interface, we can get to the SQL panel through the bluetooth SMS program!
<51>Dec 17 17:49:19 weimann1767 totam[9599]: Try to override the COM sensor, maybe it will copy the 1080p firewall!
<95>Dec 17 17:49:19 gusikowski5283 sed[8025]: Calculating the matrix won't do anything, we need to parse the multi-byte SMTP microchip!
<168>Dec 17 17:49:19 kessler8302 qui[5210]: If we index the alarm, we can get to the XML transmitter through the virtual SMS firewall!
<35>Dec 17 17:49:19 dickens7650 et[2445]: Use the optical FTP port, then you can program the bluetooth driver!
<149>Dec 17 17:49:19 koepp2320 rerum[8733]: Bypassing the system won't do anything, we need to override the redundant HDD bandwidth!
<54>Dec 17 17:49:19 cartwright6852 rerum[9589]: If we reboot the port, we can get to the FTP panel through the open-source XSS circuit!
<83>Dec 17 17:49:19 nienow6127 tenetur[5824]: I'Ll connect the redundant JBOD application, that should transmitter the SQL card!
<50>Dec 17 17:49:23 rolfson1441 quia[367]: user=salim_notta password=N5sRaaR8DSG5 status=rejected
<92>Dec 17 17:49:19 leuschke6154 vero[9330]: The SMTP bus is down, parse the solid state microchip so we can hack the SCSI matrix!
<78>Dec 17 17:49:19 gutkowski3166 aut[8698]: You can't calculate the pixel without indexing the multi-byte RAM alarm!
<185>Dec 17 17:49:19 terry2185 nesciunt[1756]: Try to quantify the JSON array, maybe it will copy the solid state interface!
<50>Dec 17 17:49:21 rolfson1441 quia[367]: user=moses_merchant password=lZIX0VT7QK2IL status=rejected
<25>Dec 17 17:49:19 roberts2741 ipsum[1636]: We need to program the cross-platform HDD circuit!
<50>Dec 17 17:49:23 rolfson1441 quia[367]: user=aziz_kapadia password=wXt12qKxmO status=rejected
<50>Dec 17 17:49:27 rolfson1441 quia[367]: user=salim_notta password=NIKIvBcTZoYoGh status=rejected
<30>Dec 17 17:49:19 dietrich2635 ea[2770]: Use the primary PNG port, then you can navigate the primary hard drive!
<119>Dec 17 17:49:19 turner6510 aperiam[1735]: If we program the driver, we can get to the ADP card through the mobile SCSI monitor!
<49>Dec 17 17:49:19 kessler4154 sed[3721]: Bypassing the monitor won't do anything, we need to copy the auxiliary RSS hard drive!
<21>Dec 17 17:49:19 macejkovic7158 molestiae[6399]: Programming the panel won't do anything, we need to copy the redundant AI firewall!
<63>Dec 17 17:49:19 will2628 quae[1731]: I'Ll compress the virtual XML alarm, that should circuit the RAM matrix!
<47>Dec 17 17:49:19 hackett3778 exercitationem[1992]: We need to parse the multi-byte PCI monitor!
<176>Dec 17 17:49:19 kerluke6033 et[8246]: We need to compress the solid state SSL driver!
<154>Dec 17 17:49:19 blanda1314 vitae[2278]: The THX application is down, copy the back-end alarm so we can copy the SMS hard drive!
<6>Dec 17 17:49:19 fadel5862 dolorem[1821]: Try to compress the PNG monitor, maybe it will calculate the multi-byte system!
<65>Dec 17 17:49:19 zieme3203 rerum[6819]: Programming the interface won't do anything, we need to compress the bluetooth XML panel!
<50>Dec 17 17:49:21 rolfson1441 quia[367]: user=manisha_hirani password=I4Cz1k78 status=rejected
<14>Dec 17 17:49:19 robel4876 aut[2112]: If we index the alarm, we can get to the ADP feed through the cross-platform EXE panel!
<163>Dec 17 17:49:19 larkin6050 sapiente[1477]: Navigating the hard drive won't do anything, we need to compress the mobile EXE program!
<167>Dec 17 17:49:19 auer8731 nihil[1331]: You can't bypass the bus without transmitting the auxiliary SQL system!
<95>Dec 17 17:49:19 adams4503 reprehenderit[7094]: If we override the bus, we can get to the AGP application through the primary SMS microchip!
<183>Dec 17 17:49:19 osinski1750 quod[4704]: I'Ll copy the online SDD matrix, that should monitor the RAM matrix!
<50>Dec 17 17:49:20 rolfson1441 quia[367]: user=shahzeb_jiwani password=RpGkS72ZudD5 status=rejected
<56>Dec 17 17:49:19 mclaughlin3553 sint[6667]: You can't back up the monitor without synthesizing the virtual ADP sensor!
<79>Dec 17 17:49:19 smith5783 fugiat[9431]: The SSL port is down, bypass the optical feed so we can connect the EXE microchip!
<149>Dec 17 17:49:19 hegmann6732 nesciunt[5395]: You can't index the bus without programming the primary RAM card!
