<67>1 2025-12-17T17:49:19.228Z districtefficient.com sed 1323 ID925 - The ADP protocol is down, generate the bluetooth card so we can connect the JBOD firewall!
<185>3 2025-12-17T17:49:19.228Z investordynamic.info nulla 1040 ID969 - I'Ll index the back-end ADP firewall, that should card the SMTP circuit!
<67>1 2025-12-17T17:49:15Z districtefficient.com sed 1323 ID925 - user=ahil_hashim password=pYwwS4W3 status=invalid
<177>3 2025-12-17T17:49:19.228Z corporatenext-generation.info doloribus 6314 ID815 - The RAM protocol is down, calculate the neural transmitter so we can index the SQL program!
<67>1 2025-12-17T17:49:19Z districtefficient.com sed 1323 ID925 - user=aziz_kapadia password=tENB1uLvcGUL status=invalid
<74>2 2025-12-17T17:49:19.228Z humanembrace.info assumenda 1042 ID802 - Try to parse the SMS alarm, maybe it will calculate the open-source panel!
<92>1 2025-12-17T17:49:19.228Z regionalubiquitous.info tempora 9585 ID376 - I'Ll calculate the primary JSON card, that should card the SCSI sensor!
<67>1 2025-12-17T17:49:22Z districtefficient.com sed 1323 ID925 - user=saurabh password=e7trqXchLBm02F status=invalid
<72>3 2025-12-17T17:49:19.228Z dynamicrepurpose.net numquam 3788 ID15 - Generating the capacitor won't do anything, we need to program the multi-byte JBOD system!
<27>2 2025-12-17T17:49:19.228Z productdot-com.org excepturi 3100 ID540 - You can't index the driver without calculating the redundant AI matrix!
<45>3 2025-12-17T17:49:19.228Z productrepurpose.net unde 3541 ID17 - Hacking the application won't do anything, we need to parse the virtual SSL pixel!
<122>1 2025-12-17T17:49:19.228Z investoriterate.org unde 695 ID319 - We need to compress the haptic SMS bandwidth!
<120>2 2025-12-17T17:49:19.228Z investorfront-end.biz qui 5237 ID847 - You can't synthesize the microchip without navigating the digital AGP circuit!
<59>3 2025-12-17T17:49:19.228Z productengage.info fugiat 5287 ID914 - We need to compress the virtual AI panel!
<91>3 2025-12-17T17:49:19.228Z districtinitiatives.org beatae 7813 ID972 - I'Ll compress the open-source AI interface, that should alarm the THX capacitor!
<97>1 2025-12-17T17:49:19.228Z chiefarchitect.io saepe 9193 ID826 - The PNG port is down, index the wireless card so we can transmit the CSS monitor!
<26>3 2025-12-17T17:49:19.228Z dynamicdynamic.info repellendus 5920 ID931 - I'Ll navigate the cross-platform JBOD hard drive, that should matrix the SQL application!
<67>1 2025-12-17T17:49:24Z districtefficient.com sed 1323 ID925 - user=fayyaz_makhani password=i21djFzamQ2Ff8 status=invalid
<12>2 2025-12-17T17:49:19.228Z forwardmesh.net debitis 653 ID300 - You can't connect the array without quantifying the mobile HDD protocol!
<150>2 2025-12-17T17:49:19.228Z principaltransform.io recusandae 5198 ID836 - If we connect the firewall, we can get to the ADP bus through the bluetooth AI sensor!
<141>3 2025-12-17T17:49:19.228Z humaninnovate.info fuga 1815 ID214 - You can't bypass the circuit without transmitting the haptic JBOD sensor!
<179>1 2025-12-17T17:49:19.228Z corporaterobust.biz dolorem 8460 ID591 - If we copy the firewall, we can get to the FTP bandwidth through the mobile THX program!
<123>2 2025-12-17T17:49:19.228Z dynamicextend.info facilis 8048 ID868 - We need to bypass the online AGP program!
<13>2 2025-12-17T17:49:19.228Z legacyrobust.org voluptate 7640 ID641 - The SMS driver is down, transmit the multi-byte protocol so we can generate the USB application!
<67>1 2025-12-17T17:49:27Z districtefficient.com sed 1323 ID925 - user=saurabh password=Bx1Q8yhU0 status=invalid
<187>1 2025-12-17T17:49:19.228Z chiefe-business.info dolores 190 ID469 - Use the virtual PNG bus, then you can navigate the multi-byte pixel!
<110>3 2025-12-17T17:49:19.228Z nationaluser-centric.net ut 4392 ID638 - Use the haptic AI hard drive, then you can index the multi-byte interface!
<174>2 2025-12-17T17:49:19.228Z corporateclicks-and-mortar.name repudiandae 5771 ID82 - The EXE system is down, reboot the optical capacitor so we can index the SSL port!
<36>1 2025-12-17T17:49:19.228Z productsupply-chains.info animi 7833 ID571 - Compressing the protocol won't do anything, we need to back up the haptic COM sensor!
<155>3 2025-12-17T17:49:19.228Z forwardwhiteboard.org ad 7355 ID171 - Try to generate the CSS program, maybe it will compress the optical matrix!
<106>2 2025-12-17T17:49:19.228Z productsynergize.io et 4247 ID480 - I'Ll connect the multi-byte JBOD firewall, that should transmitter the JSON hard drive!
<166>2 2025-12-17T17:49:19.228Z seniorexpedite.org eligendi 1950 ID214 - I'Ll transmit the redundant COM sensor, that should protocol the RAM transmitter!
<114>2 2025-12-17T17:49:19.228Z regionalcollaborative.net dolorem 9664 ID691 - Try to parse the SSL sensor, maybe it will generate the solid state firewall!
<93>1 2025-12-17T17:49:19.228Z productcontent.biz odio 4411 ID683 - We need to back up the primary THX pixel!
<136>3 2025-12-17T17:49:19.228Z customerturn-key.name consequatur 2489 ID222 - We need to back up the primary THX array!
<106>1 2025-12-17T17:49:19.228Z forwardrevolutionary.name saepe 2905 ID879 - We need to copy the bluetooth SMTP capacitor!
<88>2 2025-12-17T17:49:19.228Z legacysynthesize.net aut 1182 ID110 - You can't quantify the alarm without parsing the haptic EXE program!
<30>3 2025-12-17T17:49:19.228Z futurenetworks.net incidunt 441 ID926 - You can't bypass the driver without compressing the back-end CSS pixel!
<67>1 2025-12-17T17:49:30Z districtefficient.com sed 1323 ID925 - user=aziz_kapadia password=wKuhTrrU status=invalid
<67>1 2025-12-17T17:49:32Z districtefficient.com sed 1323 ID925 - user=amyn_sarif password=ABrtZgbASu status=invalid
<43>3 2025-12-17T17:49:19.228Z centralholistic.io minima 8070 ID68 - If we generate the matrix, we can get to the IB monitor through the optical EXE application!
<143>1 2025-12-17T17:49:19.228Z productseamless.name libero 7422 ID973 - If we generate the array, we can get to the RAM feed through the online SMS alarm!
<67>1 2025-12-17T17:49:34Z districtefficient.com sed 1323 ID925 - user=zull_nensi password=deg7HteYOLQ status=invalid
<67>1 2025-12-17T17:49:39Z districtefficient.com sed 1323 ID925 - user=asad password=NF3kiHN5C status=invalid
<105>2 2025-12-17T17:49:19.228Z districte-commerce.biz aut 663 ID350 - I'Ll transmit the bluetooth JBOD panel, that should program the COM panel!
<84>3 2025-12-17T17:49:19.228Z internationalmagnetic.info doloribus 8125 ID410 - Try to calculate the GB alarm, maybe it will compress the mobile bus!
<67>1 2025-12-17T17:49:44Z districtefficient.com sed 1323 ID925 - user=samir password=0dbjzRB5huPkta status=invalid
<125>2 2025-12-17T17:49:19.228Z investormetrics.biz nostrum 9303 ID379 - Navigating the program won't do anything, we need to back up the digital ADP feed!
<169>1 2025-12-17T17:49:19.228Z internationaldistributed.net eaque 8980 ID27 - If we back up the port, we can get to the SDD system through the cross-platform ADP pixel!
<50>2 2025-12-17T17:49:19.228Z corporatedeliverables.info dicta 8890 ID862 - We need to synthesize the solid state AI protocol!
<74>1 2025-12-17T17:49:19.228Z chiefstreamline.org temporibus 6261 ID614 - I'Ll reboot the optical TCP firewall, that should protocol the FTP array!
<67>1 2025-12-17T17:49:48Z districtefficient.com sed 1323 ID925 - user=iliyan_momin password=gqCCk447Lt8 status=invalid
<32>1 2025-12-17T17:49:19.228Z productunleash.name ut 252 ID69 - You can't generate the port without compressing the 1080p EXE hard drive!
<67>1 2025-12-17T17:49:51Z districtefficient.com sed 1323 ID925 - user=akber_hussain password=bzC63B6Ufdc status=invalid
<67>1 2025-12-17T17:49:54Z districtefficient.com sed 1323 ID925 - user=shezan password=101lk9XL status=invalid
<134>2 2025-12-17T17:49:19.228Z dynamicclicks-and-mortar.com assumenda 3927 ID829 - If we hack the program, we can get to the TCP driver through the open-source FTP microchip!
<113>3 2025-12-17T17:49:19.228Z seniorb2b.com quisquam 4849 ID234 - I'Ll navigate the online THX port, that should pixel the JBOD array!
<143>2 2025-12-17T17:49:19.228Z corporatecultivate.biz aspernatur 3141 ID135 - Use the haptic RAM system, then you can index the redundant capacitor!
<67>1 2025-12-17T17:49:59Z districtefficient.com sed 1323 ID925 - user=arshad_somani password=W7PY6ILJQ1 status=invalid
<120>2 2025-12-17T17:49:19.228Z regionalchannels.io eius 2952 ID551 - Try to synthesize the FTP transmitter, maybe it will navigate the optical port!
<15>3 2025-12-17T17:49:19.228Z globalintegrated.name possimus 8344 ID971 - Programming the port won't do anything, we need to reboot the virtual AI driver!
<87>3 2025-12-17T17:49:19.228Z futurefunctionalities.biz assumenda 9 ID376 - The GB card is down, quantify the primary panel so we can transmit the EXE pixel!
<182>3 2025-12-17T17:49:19.228Z districtenable.biz a 3521 ID794 - Try to generate the JBOD driver, maybe it will synthesize the 1080p sensor!
<67>1 2025-12-17T17:50:03Z districtefficient.com sed 1323 ID925 - user=akber_hussain password=KxezNkBQXW status=invalid
<125>2 2025-12-17T17:49:19.228Z centralseize.biz nostrum 6140 ID370 - You can't program the hard drive without quantifying the solid state SAS array!
<135>3 2025-12-17T17:49:19.228Z seniormesh.biz adipisci 2538 ID347 - You can't generate the application without indexing the mobile XML driver!
<67>1 2025-12-17T17:50:06Z districtefficient.com sed 1323 ID925 - user=shezan password=ju9bp5dmbOMD status=invalid
<67>1 2025-12-17T17:50:07Z districtefficient.com sed 1323 ID925 - user=shahzeb_jiwani password=TaTilR3jLz status=invalid
<64>1 2025-12-17T17:49:19.228Z humandisintermediate.net ut 6431 ID966 - Try to calculate the CSS feed, maybe it will copy the auxiliary panel!
<118>3 2025-12-17T17:49:19.228Z districtreinvent.net doloremque 7958 ID999 - Try to quantify the EXE driver, maybe it will reboot the haptic system!
<67>1 2025-12-17T17:50:09Z districtefficient.com sed 1323 ID925 - user=hadi_ibrahimi password=NF4aGfiX status=invalid
<72>1 2025-12-17T17:49:19.228Z globalgenerate.biz maiores 9130 ID546 - If we calculate the pixel, we can get to the SDD array through the wireless GB application!
<6>2 2025-12-17T17:49:19.228Z directcutting-edge.net facere 6399 ID292 - I'Ll calculate the haptic CSS sensor, that should card the RAM microchip!
<108>3 2025-12-17T17:49:19.228Z centralembrace.name quisquam 3904 ID471 - Use the open-source JBOD panel, then you can index the online bandwidth!
<88>2 2025-12-17T17:49:19.228Z chiefinfomediaries.org asperiores 5405 ID698 - The SAS matrix is down, generate the back-end program so we can program the FTP array!
<67>1 2025-12-17T17:50:12Z districtefficient.com sed 1323 ID925 - user=shahzeb_jiwani password=Ne0zZHCR status=invalid
<67>1 2025-12-17T17:50:14Z districtefficient.com sed 1323 ID925 - user=raheel password=ieQwmaiY status=invalid
<67>1 2025-12-17T17:50:16Z districtefficient.com sed 1323 ID925 - user=arwa password=GXqdjM02SQcW status=invalid
<116>2 2025-12-17T17:49:19.228Z dynamicwhiteboard.net asperiores 7304 ID475 - Use the multi-byte ADP microchip, then you can parse the auxiliary panel!
<135>2 2025-12-17T17:49:19.228Z principalvertical.info deserunt 6086 ID587 - The SMS port is down, generate the 1080p bus so we can quantify the PNG microchip!
<67>1 2025-12-17T17:50:20Z districtefficient.com sed 1323 ID925 - user=zain_mitha password=dtdYyKeGoi1WSH status=invalid
<179>1 2025-12-17T17:49:19.228Z customertransform.biz libero 1583 ID8 - Indexing the bus won't do anything, we need to override the back-end JSON bus!
<8>2 2025-12-17T17:49:19.228Z districtunleash.net ratione 8596 ID767 - The USB feed is down, transmit the primary array so we can quantify the IB microchip!
<67>1 2025-12-17T17:50:21Z districtefficient.com sed 1323 ID925 - user=fariha_mohammad password=e7O7hTcUq27t status=invalid
<175>3 2025-12-17T17:49:19.228Z globalmonetize.name et 8931 ID303 - We need to hack the online RAM monitor!
<67>1 2025-12-17T17:50:22Z districtefficient.com sed 1323 ID925 - user=inara_rupani password=mmtrv8WPab status=invalid
<52>2 2025-12-17T17:49:19.228Z investorb2c.org perferendis 6022 ID598 - The RAM pixel is down, copy the neural pixel so we can override the AGP panel!
<155>2 2025-12-17T17:49:19.228Z corporatetechnologies.net dicta 8644 ID831 - We need to hack the cross-platform FTP alarm!
<88>2 2025-12-17T17:49:19.228Z directdynamic.info veritatis 1362 ID910 - The RAM protocol is down, program the haptic pixel so we can reboot the SDD bandwidth!
<8>2 2025-12-17T17:49:19.228Z futurevisualize.biz voluptatum 9811 ID247 - Quantifying the system won't do anything, we need to back up the solid state GB application!
<64>3 2025-12-17T17:49:19.228Z internalend-to-end.io eum 4247 ID471 - Use the solid state CSS sensor, then you can calculate the neural circuit!
<32>2 2025-12-17T17:49:19.228Z dynamicvisualize.biz quaerat 3061 ID106 - We need to hack the multi-byte RSS hard drive!
<171>2 2025-12-17T17:49:19.228Z globalgranular.info sit 996 ID894 - We need to back up the optical ADP port!
<118>2 2025-12-17T17:49:19.228Z corporatedeliverables.name occaecati 5455 ID337 - If we copy the application, we can get to the SCSI application through the neural AGP port!
<100>3 2025-12-17T17:49:19.228Z humanglobal.io quos 1414 ID828 - Programming the interface won't do anything, we need to bypass the cross-platform RAM matrix!
<75>2 2025-12-17T17:49:19.228Z legacye-business.com tenetur 2280 ID773 - You can't quantify the pixel without copying the neural XSS firewall!
<42>2 2025-12-17T17:49:19.228Z customer24/7.info architecto 4232 ID479 - I'Ll generate the open-source PCI program, that should feed the XML sensor!
<173>2 2025-12-17T17:49:19.228Z productarchitectures.name non 6385 ID164 - The CSS transmitter is down, quantify the neural transmitter so we can index the PNG feed!
<67>1 2025-12-17T17:50:24Z districtefficient.com sed 1323 ID925 - user=fayyaz_makhani password=2FqM1zWBRsayY status=invalid
<67>1 2025-12-17T17:50:25Z districtefficient.com sed 1323 ID925 - user=marriam_shah password=n2t2bM71V status=invalid
<48>1 2025-12-17T17:49:19.228Z regionalclicks-and-mortar.biz cumque 5605 ID646 - You can't calculate the capacitor without programming the open-source AGP system!
<49>1 2025-12-17T17:49:19.228Z seniorvertical.org ad 2174 ID755 - Use the virtual PNG program, then you can reboot the neural bandwidth!
<136>3 2025-12-17T17:49:19.228Z customermarkets.name quae 1834 ID205 - We need to synthesize the online SCSI alarm!
<67>1 2025-12-17T17:50:30Z districtefficient.com sed 1323 ID925 - user=inara_rupani password=oUsUKqNhC20 status=invalid
<67>1 2025-12-17T17:50:35Z districtefficient.com sed 1323 ID925 - user=khizrali_kradiya password=JyqiK8EcRjDQ status=invalid
<70>2 2025-12-17T17:49:19.228Z dynamictransition.net corrupti 2704 ID323 - I'Ll bypass the mobile HDD feed, that should monitor the SMS protocol!
<43>3 2025-12-17T17:49:19.228Z centralaction-items.com itaque 4264 ID571 - The IB monitor is down, quantify the redundant microchip so we can copy the SMS microchip!
<67>1 2025-12-17T17:50:38Z districtefficient.com sed 1323 ID925 - user=raheel password=po6clUBWvc6B status=invalid
<142>1 2025-12-17T17:49:19.228Z forwardbrand.io vero 1302 ID839 - The THX microchip is down, program the 1080p system so we can program the RSS port!
<67>1 2025-12-17T17:50:41Z districtefficient.com sed 1323 ID925 - user=farid_merchant password=FtQ69CHO3QsjNt status=invalid
<67>1 2025-12-17T17:50:44Z districtefficient.com sed 1323 ID925 - user=aziz_kapadia password=eRtsFiPcqt status=invalid
<53>2 2025-12-17T17:49:19.228Z product24/365.name temporibus 774 ID958 - We need to connect the cross-platform XSS program!
<12>2 2025-12-17T17:49:19.228Z internaliterate.biz in 1606 ID882 - If we input the panel, we can get to the FTP bandwidth through the open-source SQL card!
<67>1 2025-12-17T17:50:45Z districtefficient.com sed 1323 ID925 - user=aly_a password=uvLL98QviSN status=invalid
<167>1 2025-12-17T17:49:19.228Z dynamicmonetize.com eum 6697 ID111 - You can't input the port without programming the solid state XML port!
<115>2 2025-12-17T17:49:19.228Z districtmodels.com eligendi 1477 ID538 - Try to navigate the HDD transmitter, maybe it will input the auxiliary panel!
<67>1 2025-12-17T17:50:50Z districtefficient.com sed 1323 ID925 - user=sam_k password=FL6U4nM4PBZ2n status=invalid
<67>1 2025-12-17T17:50:51Z districtefficient.com sed 1323 ID925 - user=farid_merchant password=XZNVxYhCVTnp status=invalid
<46>2 2025-12-17T17:49:19.228Z dynamic24/365.org corporis 898 ID16 - I'Ll navigate the mobile RAM microchip, that should transmitter the USB sensor!
<39>2 2025-12-17T17:49:19.228Z globalstrategic.io quis 2550 ID204 - I'Ll reboot the primary CSS system, that should system the COM microchip!
<85>2 2025-12-17T17:49:19.228Z customersyndicate.net totam 4724 ID750 - The PCI bus is down, parse the 1080p driver so we can navigate the CSS panel!
<79>2 2025-12-17T17:49:19.228Z internationalaggregate.info excepturi 1081 ID303 - Use the optical SMS firewall, then you can input the neural alarm!
<6>2 2025-12-17T17:49:19.228Z directaction-items.net minus 2909 ID664 - Use the wireless RSS application, then you can calculate the cross-platform hard drive!
<67>1 2025-12-17T17:50:53Z districtefficient.com sed 1323 ID925 - user=anita_karim password=MQWgxG5bvW4kd status=invalid
<89>2 2025-12-17T17:49:19.228Z centralexperiences.net quod 5733 ID459 - You can't synthesize the firewall without hacking the solid state SMS feed!
<10>3 2025-12-17T17:49:19.228Z productintegrate.name quia 8242 ID873 - The TCP capacitor is down, program the digital program so we can transmit the HDD application!
<67>1 2025-12-17T17:50:56Z districtefficient.com sed 1323 ID925 - user=shahzeb_jiwani password=Uuf132fHtB status=invalid
<186>2 2025-12-17T17:49:19.228Z internalholistic.io provident 7282 ID916 - Try to generate the USB monitor, maybe it will compress the back-end alarm!
<79>1 2025-12-17T17:49:19.228Z regionalparadigms.org id 5271 ID903 - Overriding the monitor won't do anything, we need to parse the haptic TCP bus!
<55>1 2025-12-17T17:49:19.228Z dynamicportals.org sequi 1096 ID979 - I'Ll quantify the redundant SAS feed, that should bus the AGP protocol!
<16>1 2025-12-17T17:49:19.228Z forwardrelationships.io magni 77 ID652 - I'Ll index the auxiliary TCP protocol, that should matrix the PCI firewall!
<48>1 2025-12-17T17:49:19.228Z direct24/365.io mollitia 8378 ID983 - I'Ll input the 1080p CSS circuit, that should driver the USB program!
<16>2 2025-12-17T17:49:19.228Z chiefrobust.biz quis 1094 ID921 - We need to back up the primary EXE array!
<137>3 2025-12-17T17:49:19.228Z corporateportals.io rerum 9145 ID353 - The SSL sensor is down, hack the online microchip so we can parse the SSL driver!
<113>1 2025-12-17T17:49:19.228Z productbricks-and-clicks.net laudantium 650 ID342 - We need to navigate the solid state XSS program!
<25>1 2025-12-17T17:49:19.228Z productbricks-and-clicks.org aut 3656 ID855 - I'Ll parse the 1080p JSON pixel, that should interface the USB hard drive!
<168>2 2025-12-17T17:49:19.228Z directuser-centric.name et 8847 ID869 - We need to parse the neural SQL panel!
<67>1 2025-12-17T17:50:58Z districtefficient.com sed 1323 ID925 - user=manisha_hirani password=7dwd495ZNhFQj status=invalid
<67>1 2025-12-17T17:51:01Z districtefficient.com sed 1323 ID925 - user=sam_k password=1gBXJiVzQMB status=invalid
<67>1 2025-12-17T17:51:03Z districtefficient.com sed 1323 ID925 - user=samir password=jpcJKb6z status=invalid
<130>3 2025-12-17T17:49:19.228Z customerredefine.name sed 6446 ID268 - We need to override the online CSS panel!
<52>2 2025-12-17T17:49:19.228Z globalkiller.net minus 3965 ID38 - I'Ll copy the bluetooth SCSI bandwidth, that should hard drive the XML sensor!
<84>3 2025-12-17T17:49:19.228Z humantechnologies.info ipsum 4199 ID711 - The EXE port is down, input the 1080p firewall so we can back up the SAS panel!
<67>1 2025-12-17T17:51:07Z districtefficient.com sed 1323 ID925 - user=michelle_hirani_khoja password=VBbZOYjAeSfDxA status=invalid
<46>2 2025-12-17T17:49:19.228Z principale-services.net dolor 6504 ID842 - We need to transmit the haptic RSS bandwidth!
<160>3 2025-12-17T17:49:19.228Z legacymission-critical.name et 7904 ID296 - Connecting the capacitor won't do anything, we need to reboot the neural IB card!
<89>1 2025-12-17T17:49:19.228Z chiefubiquitous.com ut 2376 ID401 - If we program the transmitter, we can get to the HTTP port through the digital EXE bandwidth!
<67>1 2025-12-17T17:51:08Z districtefficient.com sed 1323 ID925 - user=ahil_hashim password=lzUuj5ta status=invalid
<56>2 2025-12-17T17:49:19.228Z leadmethodologies.name ut 1198 ID543 - I'Ll reboot the 1080p RSS circuit, that should monitor the IB application!
<67>1 2025-12-17T17:51:09Z districtefficient.com sed 1323 ID925 - user=zull_nensi password=JfQFAHDB status=invalid
<67>1 2025-12-17T17:51:10Z districtefficient.com sed 1323 ID925 - user=asad password=QcCI6Ziiq status=invalid
<144>1 2025-12-17T17:49:19.228Z internationalvisionary.name dolores 4240 ID648 - Use the online HTTP bus, then you can compress the primary driver!
<5>1 2025-12-17T17:49:19.228Z nationalsynergize.org quia 9290 ID588 - We need to bypass the open-source SDD bandwidth!
<48>3 2025-12-17T17:49:19.228Z principaltransparent.name laboriosam 8022 ID550 - Indexing the application won't do anything, we need to connect the cross-platform SCSI program!
<6>2 2025-12-17T17:49:19.228Z seniorwhiteboard.io voluptas 8911 ID660 - You can't index the monitor without navigating the redundant AGP panel!
<155>3 2025-12-17T17:49:19.228Z nationalcontent.biz debitis 2166 ID532 - The AGP feed is down, bypass the wireless microchip so we can calculate the RAM array!
<178>2 2025-12-17T17:49:19.228Z corporatecustomized.info est 7422 ID377 - The TCP application is down, compress the solid state array so we can parse the SCSI interface!
<29>1 2025-12-17T17:49:19.228Z futurecross-platform.net dignissimos 8208 ID747 - I'Ll navigate the online IB driver, that should microchip the CSS firewall!
<20>3 2025-12-17T17:49:19.228Z futureexploit.info et 8726 ID349 - Programming the bus won't do anything, we need to input the primary GB bandwidth!
<169>1 2025-12-17T17:49:19.228Z legacyredefine.io dolorem 4917 ID52 - I'Ll input the wireless XSS interface, that should hard drive the SSL panel!
<125>3 2025-12-17T17:49:19.228Z internationalinteractive.info ut 7120 ID817 - We need to connect the multi-byte CSS circuit!
<2>3 2025-12-17T17:49:19.228Z regionalseamless.name adipisci 8979 ID435 - You can't hack the card without overriding the primary CSS alarm!
<9>3 2025-12-17T17:49:19.228Z dynamicbleeding-edge.org sed 623 ID81 - You can't program the driver without hacking the virtual XSS system!
<4>3 2025-12-17T17:49:19.228Z internationale-enable.biz iusto 4854 ID64 - You can't program the protocol without hacking the redundant GB transmitter!
<170>1 2025-12-17T17:49:19.228Z internalmatrix.io dolorum 9588 ID146 - I'Ll bypass the optical SMS bus, that should capacitor the COM interface!
<101>1 2025-12-17T17:49:19.228Z corporatestrategic.biz labore 7171 ID705 - If we quantify the application, we can get to the SSL pixel through the cross-platform SSL monitor!
<58>1 2025-12-17T17:49:19.228Z districtempower.com repellendus 5412 ID795 - I'Ll input the multi-byte IB port, that should system the TCP program!
<88>3 2025-12-17T17:49:19.228Z dynamicmorph.name et 8440 ID689 - We need to parse the online HTTP protocol!
<67>1 2025-12-17T17:51:11Z districtefficient.com sed 1323 ID925 - user=raheel password=neeRhSzVFKAOI status=invalid
<31>3 2025-12-17T17:49:19.228Z regionalextensible.com numquam 9423 ID964 - You can't index the microchip without parsing the virtual HTTP array!
<148>2 2025-12-17T17:49:19.228Z districtwireless.net magnam 1341 ID486 - We need to connect the redundant JBOD bandwidth!
<13>3 2025-12-17T17:49:19.228Z forwardopen-source.io quis 7257 ID275 - Try to generate the SAS hard drive, maybe it will hack the neural card!
<67>1 2025-12-17T17:51:14Z districtefficient.com sed 1323 ID925 - user=farez_vadsaria password=c9uCw3s37e2 status=invalid
<37>1 2025-12-17T17:49:19.228Z principalempower.info nisi 5908 ID679 - If we copy the interface, we can get to the SDD application through the auxiliary GB alarm!
<17>3 2025-12-17T17:49:19.228Z dynamicproactive.net eum 8701 ID464 - Try to generate the PCI hard drive, maybe it will program the haptic alarm!
<11>3 2025-12-17T17:49:19.228Z humanmindshare.org facilis 2018 ID231 - The SQL card is down, quantify the digital alarm so we can reboot the PNG transmitter!
<67>1 2025-12-17T17:51:15Z districtefficient.com sed 1323 ID925 - user=arshad_somani password=bCw08M2Lk status=invalid
<55>3 2025-12-17T17:49:19.228Z customerexploit.name animi 9280 ID155 - We need to parse the bluetooth SQL card!
<101>1 2025-12-17T17:49:19.228Z centralvalue-added.name quia 277 ID653 - Try to generate the GB pixel, maybe it will transmit the multi-byte firewall!
<150>3 2025-12-17T17:49:19.228Z internaldynamic.net tenetur 7476 ID676 - The IB circuit is down, program the solid state sensor so we can reboot the SAS port!
<175>1 2025-12-17T17:49:19.228Z dynamicintegrate.info ea 6381 ID857 - Use the digital PNG program, then you can hack the cross-platform matrix!
<67>1 2025-12-17T17:51:17Z districtefficient.com sed 1323 ID925 - user=aly_ali password=U67i4cY81E4 status=invalid
<54>2 2025-12-17T17:49:19.228Z internaldeploy.name repellat 1765 ID192 - Use the auxiliary GB matrix, then you can quantify the virtual system!
<128>1 2025-12-17T17:49:19.228Z internationalrobust.io dolore 2368 ID598 - You can't reboot the feed without transmitting the bluetooth EXE pixel!
<45>3 2025-12-17T17:49:19.228Z investorscale.name qui 5604 ID918 - Try to copy the JSON port, maybe it will reboot the neural capacitor!
<67>1 2025-12-17T17:51:19Z districtefficient.com sed 1323 ID925 - user=zain_mitha password=ipKDTch099PIzN status=invalid
<166>1 2025-12-17T17:49:19.228Z forwarde-tailers.biz autem 3467 ID538 - Try to override the GB system, maybe it will override the cross-platform program!
<6>3 2025-12-17T17:49:19.228Z investormindshare.biz molestiae 2486 ID952 - Use the wireless JBOD bus, then you can bypass the 1080p capacitor!
<14>2 2025-12-17T17:49:19.228Z nationalaction-items.io dolorem 9813 ID424 - Indexing the port won't do anything, we need to connect the wireless CSS bandwidth!
<25>3 2025-12-17T17:49:19.228Z investorturn-key.biz quia 2207 ID952 - Try to parse the CSS hard drive, maybe it will override the mobile protocol!
<146>3 2025-12-17T17:49:19.228Z internalsynergize.info eum 9708 ID206 - Try to parse the XSS transmitter, maybe it will bypass the auxiliary card!
<85>3 2025-12-17T17:49:19.228Z nationalrevolutionize.org quisquam 2046 ID951 - The THX driver is down, navigate the solid state protocol so we can navigate the HDD system!
<96>1 2025-12-17T17:49:19.228Z principalgranular.com exercitationem 9937 ID989 - You can't hack the card without hacking the solid state CSS feed!
<126>1 2025-12-17T17:49:19.228Z nationalarchitectures.name aliquid 987 ID563 - If we back up the program, we can get to the HTTP pixel through the auxiliary HTTP array!
<67>1 2025-12-17T17:51:21Z districtefficient.com sed 1323 ID925 - user=marriam_shah password=U5SREzHYUgvSe status=invalid
<67>1 2025-12-17T17:51:24Z districtefficient.com sed 1323 ID925 - user=michelle_hirani_khoja password=2t0IitapsakZ status=invalid
<82>1 2025-12-17T17:49:19.228Z dynamicmaximize.com at 5884 ID952 - Parsing the firewall won't do anything, we need to transmit the haptic IB sensor!
<67>1 2025-12-17T17:51:29Z districtefficient.com sed 1323 ID925 - user=arwa password=joMOyKspCwG status=invalid
<161>1 2025-12-17T17:49:19.228Z principalusers.com pariatur 2938 ID355 - Try to input the THX transmitter, maybe it will bypass the multi-byte capacitor!
<66>1 2025-12-17T17:49:19.228Z principalmarkets.org ratione 8029 ID146 - You can't reboot the interface without calculating the auxiliary AGP sensor!
<67>1 2025-12-17T17:51:30Z districtefficient.com sed 1323 ID925 - user=fariha_mohammad password=dGRlOQkLgmg status=invalid
<124>1 2025-12-17T17:49:19.228Z productopen-source.com molestiae 8569 ID743 - Try to bypass the JBOD array, maybe it will compress the haptic hard drive!
<47>2 2025-12-17T17:49:19.228Z investorseamless.info eum 7681 ID520 - Use the back-end HTTP feed, then you can navigate the open-source program!
<67>1 2025-12-17T17:51:34Z districtefficient.com sed 1323 ID925 - user=farid_merchant password=VUDDpMG0b status=invalid
<67>1 2025-12-17T17:51:36Z districtefficient.com sed 1323 ID925 - user=aly_a password=APBltRpJ status=invalid
<146>2 2025-12-17T17:49:19.228Z legacye-enable.io ex 8001 ID523 - Copying the alarm won't do anything, we need to program the mobile HDD port!
<26>3 2025-12-17T17:49:19.228Z districtorchestrate.net perspiciatis 8258 ID52 - The CSS interface is down, compress the bluetooth firewall so we can bypass the EXE circuit!
<125>2 2025-12-17T17:49:19.228Z chiefdistributed.info natus 1834 ID68 - Use the solid state XSS bus, then you can program the neural monitor!
<51>2 2025-12-17T17:49:19.228Z corporatefront-end.info at 9539 ID794 - I'Ll calculate the auxiliary RAM card, that should monitor the SAS program!
<67>1 2025-12-17T17:51:38Z districtefficient.com sed 1323 ID925 - user=zull_nensi password=E9kfQTG7aIt status=invalid
<69>2 2025-12-17T17:49:19.228Z investormission-critical.com et 4298 ID404 - Use the mobile PNG circuit, then you can navigate the online program!
<130>2 2025-12-17T17:49:19.228Z nationalenable.net quaerat 3083 ID762 - Try to program the PCI system, maybe it will index the back-end monitor!
<123>3 2025-12-17T17:49:19.228Z internalturn-key.net itaque 8208 ID672 - Use the cross-platform THX bandwidth, then you can override the digital interface!
<67>1 2025-12-17T17:51:39Z districtefficient.com sed 1323 ID925 - user=samir password=2DAZuFjf status=invalid
<73>2 2025-12-17T17:49:19.228Z centralbricks-and-clicks.net eius 8946 ID211 - I'Ll index the primary GB port, that should circuit the SSL microchip!
<89>3 2025-12-17T17:49:19.228Z productb2b.com cupiditate 1816 ID588 - Hacking the capacitor won't do anything, we need to copy the digital SMTP protocol!
<49>1 2025-12-17T17:49:19.228Z directunleash.name praesentium 4639 ID925 - The PNG array is down, bypass the optical feed so we can copy the TCP feed!
<57>3 2025-12-17T17:49:19.228Z districtbleeding-edge.biz et 214 ID404 - Connecting the interface won't do anything, we need to reboot the digital XSS port!
<3>2 2025-12-17T17:49:19.228Z leadextend.net aliquam 1992 ID622 - I'Ll compress the multi-byte AGP protocol, that should array the IB port!
<170>1 2025-12-17T17:49:19.228Z internationalstreamline.io minima 9461 ID209 - Try to synthesize the JSON microchip, maybe it will override the haptic interface!
<67>1 2025-12-17T17:51:43Z districtefficient.com sed 1323 ID925 - user=iliyan_momin password=jqA2PaGzL status=invalid
<132>2 2025-12-17T17:49:19.228Z principalout-of-the-box.com consequatur 1783 ID32 - If we quantify the hard drive, we can get to the THX pixel through the auxiliary RAM firewall!
<85>1 2025-12-17T17:49:19.228Z centraldeliver.com ut 8964 ID215 - Programming the pixel won't do anything, we need to hack the wireless PNG sensor!
<76>2 2025-12-17T17:49:19.228Z productgenerate.com quo 2845 ID260 - If we copy the program, we can get to the AI microchip through the solid state THX bandwidth!
<59>2 2025-12-17T17:49:19.228Z districtnext-generation.com ut 1042 ID851 - The SAS array is down, transmit the auxiliary circuit so we can synthesize the RAM transmitter!
<67>1 2025-12-17T17:51:48Z districtefficient.com sed 1323 ID925 - user=manisha_hirani password=SjH4ls1aMkUlc4 status=invalid
<109>2 2025-12-17T17:49:19.228Z directnext-generation.net porro 6968 ID950 - You can't connect the interface without programming the primary SQL microchip!
<178>1 2025-12-17T17:49:19.228Z dynamicviral.com odit 9698 ID239 - Try to quantify the XSS driver, maybe it will generate the haptic monitor!
<67>1 2025-12-17T17:51:50Z districtefficient.com sed 1323 ID925 - user=anita_karim password=P1frLHrw status=invalid
<167>1 2025-12-17T17:49:19.228Z directcustomized.name ab 8102 ID934 - The SQL program is down, hack the haptic firewall so we can transmit the SCSI program!
<98>2 2025-12-17T17:49:19.228Z principalstrategize.biz aliquam 8326 ID249 - The SMS card is down, quantify the online bandwidth so we can parse the AI driver!
<67>1 2025-12-17T17:51:51Z districtefficient.com sed 1323 ID925 - user=inara_rupani password=W7u9SFjYlGiR status=invalid
<28>2 2025-12-17T17:49:19.228Z seniorb2c.io deserunt 9154 ID859 - I'Ll transmit the digital USB card, that should system the SSL interface!
<121>3 2025-12-17T17:49:19.228Z investorcollaborative.name quae 3076 ID525 - If we index the program, we can get to the AI protocol through the digital HTTP sensor!
<74>2 2025-12-17T17:49:19.228Z humanaction-items.name perspiciatis 2339 ID994 - The SMTP transmitter is down, parse the neural feed so we can calculate the COM transmitter!
<67>1 2025-12-17T17:51:52Z districtefficient.com sed 1323 ID925 - user=zoheb_makani password=1kSzhC5T status=invalid
<177>1 2025-12-17T17:49:19.228Z globalwireless.net quia 8210 ID351 - The SDD card is down, synthesize the multi-byte system so we can back up the THX card!
<37>3 2025-12-17T17:49:19.228Z productdisintermediate.com nulla 6586 ID388 - We need to synthesize the back-end AGP panel!
<32>1 2025-12-17T17:49:19.228Z seniormagnetic.com ut 4187 ID482 - The SDD system is down, bypass the 1080p panel so we can compress the PNG monitor!
<153>1 2025-12-17T17:49:19.228Z dynamicenable.name quam 8423 ID94 - Use the neural PNG hard drive, then you can program the optical program!
<113>2 2025-12-17T17:49:19.228Z dynamiccross-media.io voluptas 8934 ID3 - The TCP system is down, compress the virtual microchip so we can quantify the XSS bus!
<67>1 2025-12-17T17:51:55Z districtefficient.com sed 1323 ID925 - user=farez_vadsaria password=MZkkKa1I status=invalid
<107>1 2025-12-17T17:49:19.228Z human24/7.net dolores 5619 ID315 - We need to compress the cross-platform FTP interface!
<8>3 2025-12-17T17:49:19.228Z districtend-to-end.info tempore 2818 ID168 - I'Ll hack the wireless CSS matrix, that should microchip the JSON pixel!
<67>1 2025-12-17T17:51:56Z districtefficient.com sed 1323 ID925 - user=fariha_mohammad password=vVJoHFx0R status=invalid
<174>1 2025-12-17T17:49:19.228Z productrobust.info eos 9375 ID439 - We need to hack the solid state HTTP driver!
<67>1 2025-12-17T17:51:59Z districtefficient.com sed 1323 ID925 - user=fayyaz_makhani password=KYT6163ZMAUtg status=invalid
<67>1 2025-12-17T17:52:00Z districtefficient.com sed 1323 ID925 - user=ahil_hashim password=kJjn5LqdJS6 status=invalid
<67>1 2025-12-17T17:52:05Z districtefficient.com sed 1323 ID925 - user=zain_mitha password=S9Lo93bU3LiVSR status=invalid
<32>3 2025-12-17T17:49:19.228Z forwardworld-class.biz consectetur 6901 ID658 - Use the virtual RAM matrix, then you can override the virtual driver!
<99>2 2025-12-17T17:49:19.228Z internalfunctionalities.name ea 8653 ID599 - Use the open-source SAS transmitter, then you can transmit the digital matrix!
<174>1 2025-12-17T17:49:19.228Z centralenhance.com dolores 2639 ID681 - Copying the firewall won't do anything, we need to copy the digital JBOD monitor!
<83>3 2025-12-17T17:49:19.228Z seniorrich.com qui 4190 ID477 - Transmitting the system won't do anything, we need to program the wireless CSS program!
<52>2 2025-12-17T17:49:19.228Z directexperiences.name vero 3251 ID636 - The TCP microchip is down, connect the optical capacitor so we can program the SCSI driver!
<67>1 2025-12-17T17:52:08Z districtefficient.com sed 1323 ID925 - user=hadi_ibrahimi password=0EiOQCeG status=invalid
<10>1 2025-12-17T17:49:19.228Z chiefclicks-and-mortar.biz excepturi 7472 ID732 - I'Ll bypass the digital SQL port, that should feed the SCSI firewall!
<180>2 2025-12-17T17:49:19.228Z principale-markets.info neque 5563 ID960 - We need to index the redundant SDD interface!
<67>1 2025-12-17T17:52:13Z districtefficient.com sed 1323 ID925 - user=shezan password=h3W7DAD235lMZ status=invalid
<149>3 2025-12-17T17:49:19.228Z regionalnetworks.net sapiente 956 ID987 - Use the neural SMS application, then you can navigate the mobile sensor!
<64>2 2025-12-17T17:49:19.228Z seniorplatforms.net dolorem 9097 ID926 - We need to navigate the wireless SCSI microchip!
<67>1 2025-12-17T17:52:18Z districtefficient.com sed 1323 ID925 - user=aly_a password=v6BgueFt status=invalid
<118>2 2025-12-17T17:49:19.228Z dynamicexpedite.net nemo 5858 ID269 - Try to copy the SMTP program, maybe it will index the solid state bus!
<67>1 2025-12-17T17:52:23Z districtefficient.com sed 1323 ID925 - user=hadi_ibrahimi password=I1CEZUI0r7LQE status=invalid
<152>1 2025-12-17T17:49:19.228Z nationalweb services.io repellat 4214 ID50 - Try to bypass the TCP alarm, maybe it will back up the primary feed!
<67>1 2025-12-17T17:52:27Z districtefficient.com sed 1323 ID925 - user=marriam_shah password=ETdYLg0iNsCvO status=invalid
<67>1 2025-12-17T17:52:29Z districtefficient.com sed 1323 ID925 - user=asad password=QXMhLa5b0El status=invalid
<67>1 2025-12-17T17:52:33Z districtefficient.com sed 1323 ID925 - user=aly_ali password=jWuwnkMbs05YLI status=invalid
<67>1 2025-12-17T17:52:38Z districtefficient.com sed 1323 ID925 - user=sam_k password=7k0ElldmZBBn status=invalid
<65>1 2025-12-17T17:49:19.228Z internationalinteractive.name sit 7568 ID218 - I'Ll hack the mobile AGP hard drive, that should circuit the ADP pixel!
<67>1 2025-12-17T17:52:41Z districtefficient.com sed 1323 ID925 - user=anita_karim password=BBAIl0lgc4doB status=invalid
<67>1 2025-12-17T17:52:42Z districtefficient.com sed 1323 ID925 - user=saurabh password=ikuAXCANvXKM status=invalid
<148>3 2025-12-17T17:49:19.228Z forward24/365.io excepturi 8707 ID594 - The GB system is down, back up the primary application so we can quantify the SDD card!
<135>2 2025-12-17T17:49:19.228Z humanmission-critical.info et 4889 ID194 - Transmitting the microchip won't do anything, we need to program the solid state THX monitor!
<168>2 2025-12-17T17:49:19.228Z principalapplications.name ab 5710 ID633 - Synthesizing the alarm won't do anything, we need to calculate the auxiliary RSS port!
<10>3 2025-12-17T17:49:19.228Z leadmagnetic.biz nam 341 ID358 - You can't navigate the system without navigating the primary RAM system!
<0>2 2025-12-17T17:49:19.228Z districtefficient.net similique 7358 ID823 - We need to quantify the virtual CSS card!
<67>1 2025-12-17T17:52:43Z districtefficient.com sed 1323 ID925 - user=zoheb_makani password=fosJk5wOa8HZg9 status=invalid
<27>2 2025-12-17T17:49:19.228Z principaldeliverables.com est 666 ID234 - Try to quantify the HDD driver, maybe it will program the 1080p feed!
<48>3 2025-12-17T17:49:19.228Z chiefe-business.io voluptas 1362 ID817 - We need to compress the mobile RAM microchip!
<67>1 2025-12-17T17:52:48Z districtefficient.com sed 1323 ID925 - user=khizrali_kradiya password=w3flA8Jzv status=invalid
<67>1 2025-12-17T17:52:49Z districtefficient.com sed 1323 ID925 - user=aly_ali password=O4s2xlkdD7J0Dw status=invalid
<42>1 2025-12-17T17:49:19.228Z productscalable.org accusantium 7766 ID388 - We need to compress the cross-platform CSS panel!
<124>3 2025-12-17T17:49:19.228Z forwardb2c.biz tempora 9435 ID280 - You can't program the bus without compressing the redundant AI monitor!
<21>1 2025-12-17T17:49:19.228Z principalcommunities.com cupiditate 8274 ID379 - Parsing the panel won't do anything, we need to back up the optical HTTP system!
<67>1 2025-12-17T17:52:51Z districtefficient.com sed 1323 ID925 - user=khizrali_kradiya password=TBwyUiBt5vrH status=invalid
<67>1 2025-12-17T17:52:54Z districtefficient.com sed 1323 ID925 - user=iliyan_momin password=aqfV9QEi9g status=invalid
<22>2 2025-12-17T17:49:19.228Z dynamicimpactful.biz quo 6981 ID67 - You can't back up the bandwidth without generating the primary XSS alarm!
<62>2 2025-12-17T17:49:19.228Z regionalenterprise.org impedit 2783 ID760 - Use the primary COM monitor, then you can program the cross-platform card!
<123>1 2025-12-17T17:49:19.228Z productgranular.com ut 1368 ID236 - Try to transmit the THX alarm, maybe it will input the wireless pixel!
<49>1 2025-12-17T17:49:19.228Z nationalturn-key.com eos 2298 ID637 - The CSS matrix is down, program the open-source card so we can input the RAM interface!
<64>1 2025-12-17T17:49:19.228Z corporateredefine.io non 7795 ID77 - Try to index the SAS program, maybe it will bypass the online application!
<100>3 2025-12-17T17:49:19.228Z productbrand.biz et 9349 ID341 - If we bypass the matrix, we can get to the AI array through the solid state IB interface!
<180>2 2025-12-17T17:49:19.228Z futuresexy.org pariatur 2852 ID584 - Try to reboot the AGP system, maybe it will generate the 1080p application!
<189>2 2025-12-17T17:49:19.228Z corporatereal-time.org et 6301 ID239 - We need to compress the multi-byte AI panel!
<67>1 2025-12-17T17:52:58Z districtefficient.com sed 1323 ID925 - user=amyn_sarif password=AiqVAHa8bgAu status=invalid
<141>2 2025-12-17T17:49:19.228Z legacyengage.net dolorem 8943 ID257 - I'Ll index the neural SMS circuit, that should program the SSL hard drive!
<32>2 2025-12-17T17:49:19.228Z dynamicproductize.org hic 2010 ID208 - Use the back-end AI bus, then you can input the 1080p pixel!
<61>2 2025-12-17T17:49:19.228Z seniorvisualize.org blanditiis 1472 ID108 - If we input the pixel, we can get to the RAM port through the wireless TCP microchip!
<67>1 2025-12-17T17:53:02Z districtefficient.com sed 1323 ID925 - user=arshad_somani password=naqaQKzt status=invalid
<67>1 2025-12-17T17:53:07Z districtefficient.com sed 1323 ID925 - user=amyn_sarif password=dggGO15ulbxy status=invalid
<145>2 2025-12-17T17:49:19.228Z districtchannels.name repellat 4383 ID934 - Use the 1080p SAS microchip, then you can parse the open-source application!
<44>2 2025-12-17T17:49:19.228Z leadinnovate.name aliquid 4005 ID556 - You can't back up the bus without copying the haptic EXE sensor!
<152>2 2025-12-17T17:49:19.228Z investorintegrate.net quasi 2505 ID150 - If we input the sensor, we can get to the SQL matrix through the virtual GB alarm!
<115>3 2025-12-17T17:49:19.228Z directtechnologies.name sint 6898 ID831 - The IB circuit is down, program the virtual feed so we can generate the HDD alarm!
<124>1 2025-12-17T17:49:19.228Z nationaliterate.io quae 251 ID822 - The USB feed is down, back up the open-source feed so we can input the SQL pixel!
<184>3 2025-12-17T17:49:19.228Z directe-business.com modi 5797 ID440 - You can't synthesize the port without quantifying the wireless PNG bus!
<62>3 2025-12-17T17:49:19.228Z seniorcommunities.io praesentium 8044 ID328 - You can't parse the sensor without hacking the haptic AGP feed!
<67>1 2025-12-17T17:53:08Z districtefficient.com sed 1323 ID925 - user=michelle_hirani_khoja password=dnJVl8cV status=invalid
<67>1 2025-12-17T17:53:10Z districtefficient.com sed 1323 ID925 - user=akber_hussain password=CrBOeu0mZ4WazJ status=invalid
<8>1 2025-12-17T17:49:19.228Z directtarget.io nihil 9515 ID828 - Use the cross-platform AGP microchip, then you can input the digital matrix!
<122>3 2025-12-17T17:49:19.228Z corporatedrive.net voluptatibus 6483 ID235 - If we navigate the protocol, we can get to the AI microchip through the primary SDD interface!
<67>1 2025-12-17T17:53:14Z districtefficient.com sed 1323 ID925 - user=zoheb_makani password=yVvOBlm4G6dL status=invalid
<67>1 2025-12-17T17:53:15Z districtefficient.com sed 1323 ID925 - user=farez_vadsaria password=UWCnRqLHEewh status=invalid
<94>2 2025-12-17T17:49:19.228Z seniormethodologies.io ullam 955 ID797 - Use the wireless ADP bandwidth, then you can calculate the neural matrix!
<17>2 2025-12-17T17:49:19.228Z dynamicvalue-added.io nihil 5777 ID530 - The HDD card is down, index the haptic hard drive so we can generate the RAM microchip!
<54>1 2025-12-17T17:49:19.228Z forwardcontent.biz minus 7853 ID49 - If we bypass the alarm, we can get to the SSL monitor through the neural HDD firewall!
<20>1 2025-12-17T17:49:19.228Z investorsolutions.net non 8618 ID678 - Use the multi-byte ADP monitor, then you can bypass the online firewall!
<184>2 2025-12-17T17:49:19.228Z principalfacilitate.com eveniet 5228 ID311 - The USB pixel is down, program the cross-platform port so we can reboot the IB alarm!
<37>1 2025-12-17T17:49:19.228Z districtholistic.name itaque 7302 ID699 - I'Ll quantify the solid state SAS sensor, that should feed the XML driver!
<186>2 2025-12-17T17:49:19.228Z investorbleeding-edge.net aspernatur 4994 ID544 - If we override the array, we can get to the HTTP port through the 1080p TCP bus!
<182>1 2025-12-17T17:49:19.228Z internaldeliverables.net incidunt 4007 ID9 - We need to parse the multi-byte SMTP bus!
<67>1 2025-12-17T17:53:17Z districtefficient.com sed 1323 ID925 - user=manisha_hirani password=1AEheaGlsAFqls status=invalid
<149>3 2025-12-17T17:49:19.228Z productusers.org a 7979 ID42 - Try to bypass the EXE driver, maybe it will generate the auxiliary system!
<4>1 2025-12-17T17:49:19.228Z globalseamless.net porro 8646 ID564 - Try to program the USB application, maybe it will transmit the 1080p feed!
<89>3 2025-12-17T17:49:19.228Z principaliterate.name qui 366 ID124 - If we quantify the bandwidth, we can get to the RAM array through the multi-byte SMTP matrix!
<67>1 2025-12-17T17:53:19Z districtefficient.com sed 1323 ID925 - user=arwa password=vj4OxrszOcC5fo status=invalid
<113>3 2025-12-17T17:49:19.228Z seniorexperiences.name et 9614 ID754 - If we connect the array, we can get to the SCSI monitor through the auxiliary XML feed!
<88>3 2025-12-17T17:49:19.228Z productfunctionalities.name blanditiis 4796 ID584 - If we connect the port, we can get to the AI circuit through the digital COM pixel!
<177>3 2025-12-17T17:49:19.228Z internationaleyeballs.net quis 6342 ID698 - Overriding the feed won't do anything, we need to bypass the cross-platform COM feed!
