<110>Dec 17 17:49:14 lynch1747 tempora[7426]: user=inara_rupani password=hNTn31vDn status=rejected
<110>Dec 17 17:49:19 lynch1747 tempora[7426]: Use the haptic XML system, then you can connect the wireless firewall!
<165>Dec 17 17:49:19 thompson8660 repellat[9081]: The SAS hard drive is down, copy the online port so we can navigate the CSS program!
<109>Dec 17 17:49:19 wisoky5770 autem[1060]: Try to program the XSS bandwidth, maybe it will synthesize the bluetooth transmitter!
<20>Dec 17 17:49:19 kessler6766 rerum[8270]: The XML port is down, parse the optical transmitter so we can parse the SCSI interface!
<68>Dec 17 17:49:19 bartell5477 soluta[5081]: We need to index the mobile SSL application!
<85>Dec 17 17:49:19 graham4220 iusto[7727]: I'Ll input the neural HDD monitor, that should pixel the HDD alarm!
<110>Dec 17 17:49:20 lynch1747 tempora[7426]: user=shehzad_merchant password=Qa8KITGs status=rejected
<44>Dec 17 17:49:19 wolf2616 quia[2591]: I'Ll bypass the online IB circuit, that should firewall the SAS bandwidth!
<110>Dec 17 17:49:23 lynch1747 tempora[7426]: user=anita_karim password=ZQu87sFkaIcfPM status=rejected
<156>Dec 17 17:49:19 swaniawski8482 hic[6512]: If we transmit the microchip, we can get to the GB protocol through the haptic THX bandwidth!
<33>Dec 17 17:49:19 crona2030 libero[2516]: Indexing the port won't do anything, we need to compress the online EXE firewall!
<173>Dec 17 17:49:19 mraz1758 nemo[1808]: Use the digital CSS driver, then you can connect the neural feed!
<171>Dec 17 17:49:19 skiles8681 culpa[6165]: Try to input the FTP panel, maybe it will bypass the online matrix!
<110>Dec 17 17:49:20 lynch1747 tempora[7426]: user=anita_karim password=fWqnkvihAvF5 status=rejected
<15>Dec 17 17:49:19 miller7618 autem[5334]: Use the primary AGP protocol, then you can calculate the bluetooth sensor!
<39>Dec 17 17:49:19 hermiston2816 dolorum[6219]: Synthesizing the capacitor won't do anything, we need to program the open-source SSL interface!
<185>Dec 17 17:49:19 becker4551 est[7004]: If we synthesize the driver, we can get to the IB interface through the open-source USB feed!
<110>Dec 17 17:49:24 lynch1747 tempora[7426]: user=shehzad_merchant password=fX6LgKWYX6hw status=rejected
<142>Dec 17 17:49:19 daugherty3656 laborum[1047]: Quantifying the port won't do anything, we need to hack the multi-byte SQL monitor!
<93>Dec 17 17:49:19 williamson3007 ullam[2372]: I'Ll index the neural PCI bus, that should program the SSL bandwidth!
<2>Dec 17 17:49:19 stehr2517 illo[2673]: The AI port is down, reboot the neural panel so we can connect the THX bandwidth!
<110>Dec 17 17:49:22 lynch1747 tempora[7426]: user=zain_mitha password=ikVyO3LWbY6ST status=rejected
<110>Dec 17 17:49:25 lynch1747 tempora[7426]: user=naveed_patel password=MiB5bVTnsywkf status=rejected
<110>Dec 17 17:49:29 lynch1747 tempora[7426]: user=fariha_mohammad password=102k1Qvo status=rejected
<10>Dec 17 17:49:19 roob8701 id[9309]: If we compress the circuit, we can get to the SQL matrix through the mobile IB capacitor!
<40>Dec 17 17:49:19 littel4531 rerum[9825]: The ADP bandwidth is down, generate the optical firewall so we can reboot the JBOD sensor!
<19>Dec 17 17:49:19 sanford2755 aut[1927]: Use the primary SSL driver, then you can calculate the digital capacitor!
<110>Dec 17 17:49:23 lynch1747 tempora[7426]: user=sajoo password=kYMsV3FWH1M status=rejected
<46>Dec 17 17:49:19 beier3770 alias[3785]: The XSS array is down, index the open-source system so we can bypass the AI transmitter!
<133>Dec 17 17:49:19 grimes1142 ratione[9738]: I'Ll input the multi-byte CSS card, that should matrix the JBOD firewall!
<9>Dec 17 17:49:19 parker3251 perferendis[7022]: We need to synthesize the optical JBOD pixel!
<39>Dec 17 17:49:19 ritchie7287 ut[5371]: You can't input the microchip without hacking the online RSS panel!
<26>Dec 17 17:49:19 wolff5188 impedit[9358]: You can't back up the feed without transmitting the mobile RAM firewall!
<146>Dec 17 17:49:19 ferry1841 quis[7729]: If we connect the hard drive, we can get to the SMS system through the auxiliary SSL application!
<73>Dec 17 17:49:19 vonrueden1256 optio[1800]: I'Ll bypass the mobile USB matrix, that should transmitter the AGP program!
<121>Dec 17 17:49:19 luettgen7185 sunt[4390]: Use the cross-platform RSS array, then you can back up the cross-platform system!
<110>Dec 17 17:49:20 lynch1747 tempora[7426]: user=shehzad_merchant password=pRpn7l1VmMu status=rejected
<89>Dec 17 17:49:19 hyatt2105 inventore[6609]: Use the cross-platform SMS port, then you can parse the redundant card!
<17>Dec 17 17:49:19 grant2001 quia[1950]: If we override the bus, we can get to the SSL bus through the 1080p PNG circuit!
<167>Dec 17 17:49:19 sipes4574 amet[8591]: Copying the protocol won't do anything, we need to override the 1080p GB program!
<156>Dec 17 17:49:19 kovacek8557 amet[8999]: Use the cross-platform RAM circuit, then you can transmit the virtual feed!
<17>Dec 17 17:49:19 lind7265 reprehenderit[6267]: You can't quantify the application without navigating the primary SMS pixel!
<97>Dec 17 17:49:19 dare7481 quam[882]: We need to copy the bluetooth CSS panel!
<110>Dec 17 17:49:21 lynch1747 tempora[7426]: user=fariha_mohammad password=xEfJ5wSKJF status=rejected
<110>Dec 17 17:49:25 lynch1747 tempora[7426]: user=sajoo password=U6sQBXdN1C status=rejected
<110>Dec 17 17:49:30 lynch1747 tempora[7426]: user=serena_tejani_rahemtulla password=BF3Zp7VtgZ status=rejected
<37>Dec 17 17:49:19 ryan7544 et[9154]: We need to input the neural SCSI pixel!
<59>Dec 17 17:49:19 greenholt5030 ut[8591]: We need to index the wireless SDD microchip!
<43>Dec 17 17:49:19 monahan2272 dolorem[6979]: Try to hack the IB feed, maybe it will override the neural firewall!
<38>Dec 17 17:49:19 bruen2223 quisquam[7735]: Parsing the card won't do anything, we need to back up the online RSS alarm!
<180>Dec 17 17:49:19 moen8163 officiis[2889]: You can't connect the transmitter without bypassing the auxiliary SAS driver!
<121>Dec 17 17:49:19 thiel2573 dignissimos[1134]: I'Ll connect the neural JSON card, that should system the GB alarm!
<111>Dec 17 17:49:19 murray3820 nemo[8894]: We need to override the optical THX microchip!
<150>Dec 17 17:49:19 adams3082 pariatur[9331]: You can't copy the transmitter without backing up the auxiliary XSS program!
<110>Dec 17 17:49:23 lynch1747 tempora[7426]: user=ahil_hashim password=ymOMmKVtVg status=rejected
<147>Dec 17 17:49:19 rowe7787 non[9643]: You can't compress the pixel without compressing the cross-platform AI panel!
<11>Dec 17 17:49:19 franecki8478 ea[2778]: Use the auxiliary SQL firewall, then you can quantify the optical monitor!
<24>Dec 17 17:49:19 weimann7162 aut[5823]: If we calculate the matrix, we can get to the SMTP sensor through the wireless CSS circuit!
<77>Dec 17 17:49:19 halvorson1200 ut[5379]: I'Ll generate the cross-platform TCP panel, that should protocol the XML card!
<110>Dec 17 17:49:22 lynch1747 tempora[7426]: user=naveed_patel password=blbcOWn1v1DitW status=rejected
<174>Dec 17 17:49:19 waters7728 ut[1797]: Connecting the system won't do anything, we need to hack the bluetooth GB application!
<136>Dec 17 17:49:19 miller6503 nesciunt[3191]: You can't index the card without synthesizing the neural EXE feed!
<2>Dec 17 17:49:19 powlowski6130 occaecati[1240]: Use the digital FTP pixel, then you can compress the solid state feed!
<144>Dec 17 17:49:19 halvorson3114 quae[1106]: You can't generate the pixel without generating the cross-platform COM system!
<87>Dec 17 17:49:19 marks3504 magnam[8504]: Hacking the panel won't do anything, we need to program the wireless FTP protocol!
<78>Dec 17 17:49:19 stamm5342 nobis[2843]: The SSL feed is down, navigate the optical sensor so we can copy the TCP feed!
<122>Dec 17 17:49:19 corwin7260 voluptatem[1371]: Try to program the SMTP transmitter, maybe it will parse the solid state port!
<100>Dec 17 17:49:19 aufderhar2534 et[1359]: Try to compress the SAS card, maybe it will override the redundant system!
<110>Dec 17 17:49:23 lynch1747 tempora[7426]: user=mahek_ramzan password=MUf2Qp5lodibi status=rejected
<28>Dec 17 17:49:19 monahan2137 illum[9889]: Transmitting the card won't do anything, we need to index the cross-platform HTTP panel!
<140>Dec 17 17:49:19 friesen4843 velit[8958]: I'Ll bypass the multi-byte SCSI microchip, that should program the XSS feed!
<45>Dec 17 17:49:19 baumbach4876 dolore[5678]: I'Ll program the wireless XSS sensor, that should pixel the SMTP array!
<174>Dec 17 17:49:19 torphy1088 dolores[875]: Compressing the application won't do anything, we need to quantify the neural HDD system!
<37>Dec 17 17:49:19 dare3647 enim[1681]: We need to navigate the digital HDD bandwidth!
<127>Dec 17 17:49:19 kunze6335 aut[8838]: Try to generate the HDD system, maybe it will navigate the cross-platform circuit!
<179>Dec 17 17:49:19 dickens7827 ullam[7042]: Generating the matrix won't do anything, we need to synthesize the digital GB pixel!
<85>Dec 17 17:49:19 grant2443 est[3932]: We need to compress the wireless SDD matrix!
<80>Dec 17 17:49:19 koch6470 nobis[8792]: Use the 1080p ADP port, then you can generate the multi-byte protocol!
<1>Dec 17 17:49:19 williamson5067 fugit[3765]: Parsing the monitor won't do anything, we need to navigate the optical USB interface!
<2>Dec 17 17:49:19 reynolds7818 quod[7941]: Use the online THX port, then you can bypass the 1080p array!
<126>Dec 17 17:49:19 bode5302 ab[7134]: I'Ll copy the optical SMS circuit, that should alarm the JBOD panel!
<12>Dec 17 17:49:19 emmerich1081 ipsam[4230]: Try to program the IB program, maybe it will compress the 1080p protocol!
<144>Dec 17 17:49:19 rutherford2605 soluta[7906]: You can't navigate the transmitter without parsing the bluetooth JBOD system!
<63>Dec 17 17:49:19 gaylord1163 vitae[194]: Programming the card won't do anything, we need to parse the optical JSON card!
<4>Dec 17 17:49:19 russel4644 alias[6736]: Quantifying the circuit won't do anything, we need to compress the solid state SMTP transmitter!
<188>Dec 17 17:49:19 ortiz7725 aut[597]: You can't quantify the transmitter without navigating the redundant EXE interface!
<168>Dec 17 17:49:19 ondricka7130 iure[4566]: The HTTP firewall is down, override the online hard drive so we can bypass the SMS panel!
<72>Dec 17 17:49:19 hermann8508 iusto[6602]: Use the wireless SCSI monitor, then you can synthesize the optical feed!
<170>Dec 17 17:49:19 cummerata8202 labore[4037]: You can't synthesize the sensor without hacking the optical AI driver!
<35>Dec 17 17:49:19 wiegand8531 quae[7258]: Connecting the transmitter won't do anything, we need to index the bluetooth PCI bus!
<110>Dec 17 17:49:20 lynch1747 tempora[7426]: user=jamil_jaffer password=NhTopKrpluA status=rejected
<123>Dec 17 17:49:19 funk4850 non[4096]: I'Ll input the open-source AI application, that should port the JBOD protocol!
<180>Dec 17 17:49:19 little8350 autem[6275]: Use the solid state HDD alarm, then you can reboot the back-end port!
<110>Dec 17 17:49:23 lynch1747 tempora[7426]: user=naveed_patel password=9kXz5lIy status=rejected
<110>Dec 17 17:49:28 lynch1747 tempora[7426]: user=michelle_hirani_khoja password=GtsKxWZtCpJYv status=rejected
<148>Dec 17 17:49:19 johns5426 aut[5338]: Use the primary CSS pixel, then you can program the back-end application!
<80>Dec 17 17:49:19 satterfield6507 sed[2682]: Calculating the bandwidth won't do anything, we need to override the mobile JSON alarm!
<19>Dec 17 17:49:19 hudson1362 nihil[1722]: We need to navigate the auxiliary RAM transmitter!
<104>Dec 17 17:49:19 durgan5124 vel[319]: Try to back up the ADP sensor, maybe it will connect the solid state port!
<13>Dec 17 17:49:19 kris2760 sapiente[9448]: We need to calculate the 1080p JSON array!
<110>Dec 17 17:49:22 lynch1747 tempora[7426]: user=mahek_ramzan password=h8RmcqWWv status=rejected
<105>Dec 17 17:49:19 buckridge3437 voluptatibus[4479]: The JBOD matrix is down, calculate the open-source system so we can index the XML microchip!
<138>Dec 17 17:49:19 weissnat4870 qui[9912]: Use the virtual SAS bus, then you can navigate the bluetooth program!
<19>Dec 17 17:49:19 kutch6342 ut[6391]: The SSL application is down, hack the mobile interface so we can calculate the CSS port!
<111>Dec 17 17:49:19 champlin4753 accusantium[1348]: We need to connect the wireless SDD protocol!
<39>Dec 17 17:49:19 hoeger2744 a[1256]: You can't index the matrix without indexing the optical SMS sensor!
<167>Dec 17 17:49:19 harvey8185 veritatis[2607]: The JSON bus is down, generate the open-source alarm so we can generate the XML matrix!
<110>Dec 17 17:49:22 lynch1747 tempora[7426]: user=arwa password=mLJRDv7Pe status=rejected
<152>Dec 17 17:49:19 rolfson3631 consequuntur[8808]: If we program the card, we can get to the EXE bandwidth through the digital GB card!
<110>Dec 17 17:49:23 lynch1747 tempora[7426]: user=ayaan_ajaney password=V2XMnjw6G1qDNx status=rejected
<110>Dec 17 17:49:24 lynch1747 tempora[7426]: user=murad password=dOxUYj1j status=rejected
<103>Dec 17 17:49:19 reichert8278 magni[8699]: Use the back-end XML system, then you can synthesize the auxiliary program!
<110>Dec 17 17:49:21 lynch1747 tempora[7426]: user=zain_mitha password=Z9IkoXxu status=rejected
<53>Dec 17 17:49:19 mills5423 voluptatem[6416]: Synthesizing the program won't do anything, we need to compress the solid state THX port!
<6>Dec 17 17:49:19 thiel7383 facere[2555]: Use the mobile SMTP capacitor, then you can back up the mobile interface!
<158>Dec 17 17:49:19 bradtke7781 natus[4138]: We need to calculate the back-end XSS card!
<68>Dec 17 17:49:19 schulist7108 itaque[8252]: We need to reboot the multi-byte EXE interface!
<84>Dec 17 17:49:19 daniel1635 ut[6879]: We need to navigate the redundant SQL panel!
<187>Dec 17 17:49:19 steuber5434 qui[6962]: You can't bypass the hard drive without compressing the mobile SQL capacitor!
<188>Dec 17 17:49:19 smitham3170 magni[6180]: We need to back up the redundant JSON driver!
<110>Dec 17 17:49:24 lynch1747 tempora[7426]: user=alnoor_ladak password=DoFg4ayMHA status=rejected
<109>Dec 17 17:49:19 collier8758 et[5190]: You can't hack the matrix without bypassing the online AI capacitor!
<39>Dec 17 17:49:19 mann2881 a[8097]: Use the cross-platform ADP alarm, then you can calculate the neural pixel!
<152>Dec 17 17:49:19 macejkovic6544 qui[6319]: The TCP bandwidth is down, override the primary system so we can quantify the SSL alarm!
<110>Dec 17 17:49:23 lynch1747 tempora[7426]: user=jamil_jaffer password=2TnnKhuQyWt status=rejected
<80>Dec 17 17:49:19 fritsch4704 qui[7512]: If we input the sensor, we can get to the FTP interface through the haptic PNG card!
<141>Dec 17 17:49:19 lind8636 fugiat[5449]: We need to copy the bluetooth RSS system!
<110>Dec 17 17:49:20 lynch1747 tempora[7426]: user=ayaan_ajaney password=lQpxxixus status=rejected
<110>Dec 17 17:49:21 lynch1747 tempora[7426]: user=jamil_jaffer password=K28jumDW2K status=rejected
<11>Dec 17 17:49:19 kozey7446 illum[870]: Try to generate the XML circuit, maybe it will compress the redundant panel!
<132>Dec 17 17:49:19 jacobi7751 consequatur[7136]: Synthesizing the transmitter won't do anything, we need to compress the auxiliary SMTP bandwidth!
<155>Dec 17 17:49:19 christiansen8806 sint[6271]: If we input the interface, we can get to the USB firewall through the virtual RAM firewall!
<38>Dec 17 17:49:19 ondricka5654 sed[9424]: The SMTP capacitor is down, bypass the solid state interface so we can navigate the XSS driver!
<7>Dec 17 17:49:19 hodkiewicz5586 vel[6790]: If we input the feed, we can get to the TCP firewall through the neural EXE circuit!
<165>Dec 17 17:49:19 waelchi2452 enim[6322]: The XML protocol is down, transmit the back-end panel so we can index the HDD microchip!
<2>Dec 17 17:49:19 stiedemann5426 sit[8526]: Programming the circuit won't do anything, we need to synthesize the cross-platform SAS system!
<28>Dec 17 17:49:19 christiansen4806 nulla[7473]: If we back up the protocol, we can get to the SDD matrix through the primary FTP card!
<14>Dec 17 17:49:19 farrell8012 itaque[9605]: The IB protocol is down, transmit the digital hard drive so we can reboot the JBOD bus!
<136>Dec 17 17:49:19 pagac6403 enim[9189]: You can't transmit the program without synthesizing the primary GB card!
<137>Dec 17 17:49:19 feest5623 et[8822]: I'Ll override the neural TCP driver, that should microchip the CSS interface!
<110>Dec 17 17:49:21 lynch1747 tempora[7426]: user=roheen password=AXRDTAWejjiz status=rejected
<110>Dec 17 17:49:25 lynch1747 tempora[7426]: user=zain_mitha password=77UZhqyD status=rejected
<110>Dec 17 17:49:27 lynch1747 tempora[7426]: user=arwa password=mTorSOcZUcCl7 status=rejected
<131>Dec 17 17:49:19 miller1883 molestiae[5610]: Try to hack the SDD system, maybe it will quantify the open-source matrix!
<135>Dec 17 17:49:19 kuhic5488 eum[8904]: Try to connect the SMS application, maybe it will quantify the 1080p system!
<143>Dec 17 17:49:19 pollich1581 beatae[921]: We need to bypass the back-end SDD program!
<1>Dec 17 17:49:19 veum5607 quia[7937]: If we synthesize the transmitter, we can get to the PNG bandwidth through the virtual SCSI interface!
<138>Dec 17 17:49:19 stehr6750 culpa[9486]: The CSS microchip is down, index the neural hard drive so we can parse the SQL protocol!
<59>Dec 17 17:49:19 feeney4485 sed[5768]: Use the redundant RSS microchip, then you can parse the open-source feed!
<27>Dec 17 17:49:19 satterfield4265 tenetur[2756]: You can't generate the driver without copying the bluetooth SMTP firewall!
<98>Dec 17 17:49:19 skiles3012 praesentium[9803]: Try to navigate the EXE program, maybe it will calculate the multi-byte card!
<183>Dec 17 17:49:19 price1524 id[8821]: Hacking the matrix won't do anything, we need to reboot the back-end HDD firewall!
<152>Dec 17 17:49:19 bechtelar3186 cum[3081]: Connecting the feed won't do anything, we need to reboot the redundant AGP card!
<36>Dec 17 17:49:19 schuppe2856 facilis[5449]: If we program the bus, we can get to the JBOD microchip through the online PCI panel!
<35>Dec 17 17:49:19 price6247 voluptas[8759]: If we copy the monitor, we can get to the SAS hard drive through the auxiliary SQL monitor!
<43>Dec 17 17:49:19 schaefer5064 dolores[8487]: The SMTP array is down, copy the haptic bandwidth so we can bypass the COM bus!
<153>Dec 17 17:49:19 schaden5223 itaque[148]: You can't hack the array without transmitting the back-end XML capacitor!
<110>Dec 17 17:49:20 lynch1747 tempora[7426]: user=arwa password=apQu52K5AbpCS status=rejected
<110>Dec 17 17:49:25 lynch1747 tempora[7426]: user=rozi password=7ZHxl9xhjZA4 status=rejected
<53>Dec 17 17:49:19 kuhn1024 molestiae[4398]: The JBOD driver is down, hack the online port so we can back up the IB sensor!
<110>Dec 17 17:49:23 lynch1747 tempora[7426]: user=alnoor_ladak password=CQTAdkg3PUw status=rejected
<141>Dec 17 17:49:19 pacocha1227 inventore[53]: We need to parse the optical RSS port!
<29>Dec 17 17:49:19 jenkins5086 rem[5758]: We need to calculate the bluetooth THX feed!
<105>Dec 17 17:49:19 lehner7026 mollitia[1556]: I'Ll override the mobile SQL program, that should transmitter the JSON firewall!
<186>Dec 17 17:49:19 dach2023 doloremque[6954]: Try to hack the EXE protocol, maybe it will input the bluetooth protocol!
<87>Dec 17 17:49:19 dach3445 quia[5941]: I'Ll parse the auxiliary HTTP system, that should capacitor the HDD monitor!
<110>Dec 17 17:49:21 lynch1747 tempora[7426]: user=zoheb_makani password=6dk2PSzbN status=rejected
<18>Dec 17 17:49:19 gaylord2820 ab[6388]: We need to override the auxiliary PCI port!
<7>Dec 17 17:49:19 swaniawski4225 voluptas[9146]: The SQL capacitor is down, back up the open-source feed so we can calculate the PCI bandwidth!
<148>Dec 17 17:49:19 kessler1588 pariatur[6937]: I'Ll program the optical GB firewall, that should hard drive the ADP sensor!
<130>Dec 17 17:49:19 boehm3505 molestiae[2682]: If we generate the bus, we can get to the ADP card through the primary SMS driver!
<74>Dec 17 17:49:19 cormier7127 veniam[5282]: Try to copy the SMS program, maybe it will generate the solid state system!
<70>Dec 17 17:49:19 wiegand1226 voluptatem[8762]: We need to quantify the open-source HTTP application!
<142>Dec 17 17:49:19 leffler6778 eaque[2149]: We need to bypass the redundant COM driver!
<110>Dec 17 17:49:21 lynch1747 tempora[7426]: user=michelle_hirani_khoja password=vk0WObGbyF status=rejected
<150>Dec 17 17:49:19 erdman8488 tenetur[2349]: Generating the alarm won't do anything, we need to reboot the virtual PCI application!
<132>Dec 17 17:49:19 mills4364 ea[5321]: If we parse the system, we can get to the HDD driver through the virtual SAS pixel!
<33>Dec 17 17:49:19 witting8243 cupiditate[8362]: I'Ll index the auxiliary XML program, that should hard drive the RAM panel!
<175>Dec 17 17:49:19 hodkiewicz6881 ipsa[2821]: I'Ll compress the solid state AI panel, that should program the XML array!
<118>Dec 17 17:49:19 kunde5172 ea[9938]: I'Ll input the solid state ADP alarm, that should application the EXE transmitter!
<110>Dec 17 17:49:20 lynch1747 tempora[7426]: user=alymuhammad_bijani password=snoYjk513ak status=rejected
<185>Dec 17 17:49:19 sauer2384 aut[4308]: You can't compress the panel without navigating the wireless JBOD circuit!
<130>Dec 17 17:49:19 reichel7037 quis[2157]: Use the optical SQL monitor, then you can input the optical card!
<110>Dec 17 17:49:21 lynch1747 tempora[7426]: user=roheen password=PxWGXsZdvzjjsk status=rejected
<152>Dec 17 17:49:19 morar4481 consequatur[9478]: If we input the system, we can get to the HDD microchip through the digital TCP circuit!
<10>Dec 17 17:49:19 grant8473 assumenda[2871]: I'Ll index the 1080p CSS transmitter, that should panel the SCSI program!
<125>Dec 17 17:49:19 collier6515 id[7221]: Use the back-end AGP pixel, then you can synthesize the online array!
<110>Dec 17 17:49:22 lynch1747 tempora[7426]: user=shezan password=ofj5NB0l status=rejected
<38>Dec 17 17:49:19 vandervort3564 voluptas[8739]: You can't copy the system without hacking the multi-byte SDD system!
<23>Dec 17 17:49:19 wisozk3710 sapiente[6778]: If we quantify the driver, we can get to the XSS driver through the online HTTP interface!
<3>Dec 17 17:49:19 larkin1473 saepe[9640]: You can't index the capacitor without hacking the solid state RSS protocol!
<110>Dec 17 17:49:20 lynch1747 tempora[7426]: user=rozi password=4aL752sIP status=rejected
<91>Dec 17 17:49:19 schaden5535 blanditiis[3193]: You can't input the system without navigating the auxiliary AGP port!
<158>Dec 17 17:49:19 mueller2446 sapiente[2897]: Try to input the IB circuit, maybe it will index the wireless bandwidth!
<47>Dec 17 17:49:19 prosacco1128 eveniet[5812]: Try to back up the SCSI feed, maybe it will transmit the neural panel!
<62>Dec 17 17:49:19 klocko5233 veritatis[5307]: Use the haptic SMS pixel, then you can bypass the mobile driver!
<110>Dec 17 17:49:23 lynch1747 tempora[7426]: user=alymuhammad_bijani password=I3e0dwUpInXT1 status=rejected
<74>Dec 17 17:49:19 raynor5666 ipsum[2800]: We need to input the bluetooth FTP feed!
<118>Dec 17 17:49:19 ferry4770 quaerat[2602]: You can't program the hard drive without synthesizing the optical PNG port!
<76>Dec 17 17:49:19 hintz3857 esse[5926]: If we program the program, we can get to the RAM sensor through the neural COM program!
<60>Dec 17 17:49:19 fisher2876 consequuntur[4395]: Try to navigate the ADP microchip, maybe it will bypass the neural transmitter!
<79>Dec 17 17:49:19 fahey4386 consequuntur[9302]: The SAS firewall is down, compress the solid state matrix so we can index the EXE driver!
<143>Dec 17 17:49:19 johnston5181 nisi[2707]: If we hack the hard drive, we can get to the GB circuit through the primary HTTP application!
<110>Dec 17 17:49:23 lynch1747 tempora[7426]: user=alnoor_ladak password=Mi9PRGmyR14KL status=rejected
<66>Dec 17 17:49:19 bartell1360 ex[5543]: Try to quantify the SAS circuit, maybe it will calculate the wireless bus!
<76>Dec 17 17:49:19 gislason1871 et[4932]: You can't connect the driver without compressing the virtual RSS port!
<8>Dec 17 17:49:19 bernhard6522 impedit[6614]: We need to navigate the virtual XML interface!
<55>Dec 17 17:49:19 reynolds2511 facilis[117]: I'Ll index the solid state AI application, that should interface the AGP transmitter!
<110>Dec 17 17:49:23 lynch1747 tempora[7426]: user=asif password=DadqIKV4 status=rejected
<110>Dec 17 17:49:27 lynch1747 tempora[7426]: user=zull_nensi password=WoRaJuF7w3hj81 status=rejected
<135>Dec 17 17:49:19 farrell1088 eum[7781]: Use the online EXE card, then you can navigate the back-end port!
<110>Dec 17 17:49:23 lynch1747 tempora[7426]: user=rozi password=QsOXjqt8EuWh status=rejected
<80>Dec 17 17:49:19 hermiston3548 et[8791]: Use the open-source HTTP pixel, then you can connect the cross-platform matrix!
<168>Dec 17 17:49:19 nolan1347 quia[7528]: If we generate the interface, we can get to the JSON program through the virtual XSS circuit!
<143>Dec 17 17:49:19 runte6122 modi[1375]: You can't override the bus without quantifying the digital RAM driver!
<110>Dec 17 17:49:23 lynch1747 tempora[7426]: user=ahil_hashim password=rovX6dCN6DEnpL status=rejected
<110>Dec 17 17:49:24 lynch1747 tempora[7426]: user=sajoo password=yM6Hvl6wmz status=rejected
<151>Dec 17 17:49:19 lind4085 qui[334]: We need to program the mobile COM monitor!
<74>Dec 17 17:49:19 mclaughlin3856 commodi[369]: Transmitting the interface won't do anything, we need to hack the back-end THX port!
<2>Dec 17 17:49:19 stracke8273 libero[213]: The PCI monitor is down, connect the virtual bus so we can generate the RSS bandwidth!
<46>Dec 17 17:49:19 hills5725 qui[6875]: The GB alarm is down, program the redundant matrix so we can hack the RSS port!
<136>Dec 17 17:49:19 bode3457 odio[896]: Try to copy the HDD sensor, maybe it will connect the redundant capacitor!
<110>Dec 17 17:49:19 graham3853 dolores[8634]: Try to back up the IB array, maybe it will bypass the optical panel!
<171>Dec 17 17:49:19 swaniawski6212 ipsum[8150]: If we index the alarm, we can get to the SQL pixel through the mobile SMTP pixel!
<14>Dec 17 17:49:19 west5626 voluptatem[6869]: The TCP microchip is down, input the bluetooth port so we can program the COM application!
<183>Dec 17 17:49:19 hessel7558 asperiores[7326]: Synthesizing the pixel won't do anything, we need to index the haptic GB sensor!
<152>Dec 17 17:49:19 wiza7457 in[198]: I'Ll index the online RAM application, that should panel the JSON protocol!
<110>Dec 17 17:49:20 lynch1747 tempora[7426]: user=armaan_chakkiwala password=r3amIAUoON38 status=rejected
<110>Dec 17 17:49:25 lynch1747 tempora[7426]: user=inara_rupani password=CYQ4hHyB7Rt status=rejected
<117>Dec 17 17:49:19 gusikowski1030 reiciendis[8021]: You can't input the microchip without programming the multi-byte SMS pixel!
<110>Dec 17 17:49:21 lynch1747 tempora[7426]: user=saira_jiwani password=6k0OhSDuQq0 status=rejected
<150>Dec 17 17:49:19 ortiz8170 asperiores[8298]: If we parse the microchip, we can get to the RAM bandwidth through the primary JSON port!
<169>Dec 17 17:49:19 pagac8301 provident[3737]: I'Ll bypass the 1080p FTP protocol, that should hard drive the CSS card!
<40>Dec 17 17:49:19 greenfelder2423 voluptas[6252]: I'Ll calculate the mobile SQL application, that should array the IB protocol!
<110>Dec 17 17:49:24 lynch1747 tempora[7426]: user=alymuhammad_bijani password=VpfYljwl status=rejected
<110>Dec 17 17:49:28 lynch1747 tempora[7426]: user=raheel password=R9RJwf84MT5gRm status=rejected
<5>Dec 17 17:49:19 carroll5332 molestias[4274]: Generating the hard drive won't do anything, we need to transmit the optical SMTP bus!
<135>Dec 17 17:49:19 hahn3487 aut[6650]: Use the bluetooth CSS microchip, then you can compress the mobile interface!
<138>Dec 17 17:49:19 mills4024 veniam[3886]: We need to calculate the redundant SCSI program!
<107>Dec 17 17:49:19 skiles4012 ut[2436]: Use the multi-byte XML microchip, then you can bypass the mobile bandwidth!
<73>Dec 17 17:49:19 langosh8782 ut[5807]: Try to quantify the TCP feed, maybe it will bypass the digital monitor!
<110>Dec 17 17:49:21 lynch1747 tempora[7426]: user=anita_karim password=ELHcgTvnAI status=rejected
<185>Dec 17 17:49:19 fahey3608 saepe[1618]: The SMTP panel is down, override the cross-platform hard drive so we can program the PNG port!
<26>Dec 17 17:49:19 wolff3836 repellat[3500]: We need to synthesize the 1080p XSS system!
<120>Dec 17 17:49:19 johnson6502 eum[8543]: You can't quantify the bus without overriding the redundant SSL hard drive!
<110>Dec 17 17:49:20 lynch1747 tempora[7426]: user=zull_nensi password=meWZIrfurOSE7 status=rejected
<34>Dec 17 17:49:19 nitzsche7324 quia[8134]: Use the primary SAS feed, then you can calculate the digital panel!
<110>Dec 17 17:49:23 lynch1747 tempora[7426]: user=serena_tejani_rahemtulla password=rf0Wn6QE0C status=rejected
<162>Dec 17 17:49:19 kertzmann2327 perspiciatis[9302]: You can't generate the array without navigating the online PNG pixel!
<8>Dec 17 17:49:19 wilkinson7000 perferendis[826]: I'Ll input the multi-byte SDD driver, that should firewall the SCSI application!
<12>Dec 17 17:49:19 blick4451 deserunt[2770]: Use the solid state SCSI feed, then you can calculate the solid state capacitor!
<166>Dec 17 17:49:19 mcglynn6057 laudantium[9780]: I'Ll compress the multi-byte EXE monitor, that should system the HTTP bus!
<109>Dec 17 17:49:19 simonis7236 exercitationem[9053]: Try to parse the SMS pixel, maybe it will copy the auxiliary application!
<24>Dec 17 17:49:19 becker7371 vel[7442]: You can't navigate the matrix without transmitting the mobile SDD interface!
<112>Dec 17 17:49:19 romaguera7406 explicabo[9786]: Generating the circuit won't do anything, we need to back up the multi-byte JSON sensor!
<110>Dec 17 17:49:24 lynch1747 tempora[7426]: user=zoheb_makani password=UQdwxHPX status=rejected
<36>Dec 17 17:49:19 hilpert1158 quis[6258]: You can't compress the protocol without generating the redundant SCSI card!
<110>Dec 17 17:49:23 lynch1747 tempora[7426]: user=samir password=fnJqeHpwCUC6iG status=rejected
<37>Dec 17 17:49:19 waelchi6746 dicta[2071]: Use the auxiliary PNG application, then you can quantify the digital bandwidth!
<71>Dec 17 17:49:19 sawayn3887 consequatur[717]: Try to hack the GB application, maybe it will synthesize the haptic matrix!
<28>Dec 17 17:49:19 bogisich7251 sed[613]: I'Ll transmit the digital USB panel, that should bus the PCI transmitter!
<110>Dec 17 17:49:21 lynch1747 tempora[7426]: user=armaan_chakkiwala password=H5BdzhFr status=rejected
<80>Dec 17 17:49:19 rath5686 natus[5388]: I'Ll generate the 1080p AI application, that should sensor the SMS driver!
<110>Dec 17 17:49:21 lynch1747 tempora[7426]: user=shezan password=3OOJzzgGg status=rejected
<51>Dec 17 17:49:19 kunze6482 est[5840]: Navigating the transmitter won't do anything, we need to bypass the mobile SSL hard drive!
<187>Dec 17 17:49:19 ryan7650 unde[5706]: Try to index the HTTP microchip, maybe it will program the virtual feed!
<110>Dec 17 17:49:22 lynch1747 tempora[7426]: user=manisha_hirani password=nNKfXvLbSN status=rejected
<80>Dec 17 17:49:19 zulauf3374 ut[6306]: We need to transmit the primary USB matrix!
<129>Dec 17 17:49:19 dickens1430 sunt[5139]: I'Ll input the virtual SCSI matrix, that should monitor the EXE circuit!
<99>Dec 17 17:49:19 breitenberg2535 aut[3013]: Use the 1080p RSS matrix, then you can back up the optical protocol!
<95>Dec 17 17:49:19 zboncak8707 iusto[4494]: Use the digital THX microchip, then you can parse the primary circuit!
<110>Dec 17 17:49:24 lynch1747 tempora[7426]: user=manisha_hirani password=lu0YbXPjI status=rejected
<6>Dec 17 17:49:19 koch6317 sequi[3971]: Use the neural PCI system, then you can transmit the cross-platform program!
<109>Dec 17 17:49:19 gutkowski1303 et[897]: Use the redundant ADP sensor, then you can override the primary hard drive!
<138>Dec 17 17:49:19 prohaska7178 non[2733]: Use the multi-byte IB card, then you can navigate the wireless port!
<157>Dec 17 17:49:19 bergnaum1546 nulla[2692]: The SMTP pixel is down, index the wireless protocol so we can transmit the SAS bandwidth!
<62>Dec 17 17:49:19 hoeger3632 atque[8594]: We need to bypass the redundant SMTP array!
<63>Dec 17 17:49:19 hartmann3838 maxime[3910]: Navigating the transmitter won't do anything, we need to navigate the haptic JSON circuit!
<137>Dec 17 17:49:19 lind8462 nulla[3352]: Use the open-source THX feed, then you can program the 1080p bus!
<110>Dec 17 17:49:24 lynch1747 tempora[7426]: user=murad password=uvbwPp8TdPk status=rejected
<165>Dec 17 17:49:19 baumbach1511 quibusdam[4765]: If we parse the circuit, we can get to the TCP system through the multi-byte IB monitor!
<110>Dec 17 17:49:24 lynch1747 tempora[7426]: user=raheel password=YC4XImNQN1UwFY status=rejected
<18>Dec 17 17:49:19 bartell2451 dolorem[1265]: If we hack the microchip, we can get to the RAM monitor through the online TCP bandwidth!
<110>Dec 17 17:49:23 lynch1747 tempora[7426]: user=asif password=cZWNv4uQCM status=rejected
<110>Dec 17 17:49:28 lynch1747 tempora[7426]: user=asif password=rN77g5lZRq status=rejected
<60>Dec 17 17:49:19 farrell3835 ut[2296]: We need to back up the open-source AI sensor!
<188>Dec 17 17:49:19 langworth4883 corporis[8622]: We need to hack the digital SAS alarm!
<16>Dec 17 17:49:19 rippin4752 natus[6269]: I'Ll synthesize the optical TCP circuit, that should program the THX firewall!
<11>Dec 17 17:49:19 rogahn1513 mollitia[8754]: The PNG monitor is down, hack the auxiliary capacitor so we can parse the SDD pixel!
<168>Dec 17 17:49:19 paucek1083 aspernatur[992]: The IB bandwidth is down, transmit the primary protocol so we can generate the COM matrix!
<8>Dec 17 17:49:19 barrows8172 et[1147]: Use the auxiliary THX bus, then you can compress the 1080p panel!
<110>Dec 17 17:49:20 lynch1747 tempora[7426]: user=ayaan_ajaney password=OsplwmnVMGABO status=rejected
<121>Dec 17 17:49:19 tremblay2048 autem[5549]: Calculating the pixel won't do anything, we need to copy the solid state AGP pixel!
<100>Dec 17 17:49:19 towne1752 deleniti[9168]: Try to quantify the GB firewall, maybe it will reboot the optical bus!
<58>Dec 17 17:49:19 upton3130 ut[6844]: The HTTP matrix is down, bypass the primary capacitor so we can generate the XSS alarm!
<52>Dec 17 17:49:19 zemlak4350 sint[5185]: I'Ll connect the primary HDD transmitter, that should application the JSON feed!
<184>Dec 17 17:49:19 hansen6484 aut[6515]: Try to program the SSL alarm, maybe it will back up the solid state card!
<39>Dec 17 17:49:19 nitzsche6610 quas[1193]: You can't quantify the bandwidth without parsing the redundant HTTP panel!
<167>Dec 17 17:49:19 bernier6175 cumque[6974]: If we navigate the circuit, we can get to the PCI application through the primary JBOD protocol!
<11>Dec 17 17:49:19 kling8558 officia[4651]: Try to transmit the USB microchip, maybe it will quantify the wireless array!
<107>Dec 17 17:49:19 oreilly4841 dolore[1987]: We need to input the neural SMS pixel!
<6>Dec 17 17:49:19 brown2014 sequi[7069]: Use the bluetooth AGP protocol, then you can transmit the 1080p card!
<101>Dec 17 17:49:19 rutherford2574 minima[6343]: I'Ll parse the primary XML bus, that should bus the AI bus!
<172>Dec 17 17:49:19 hand3812 sit[5155]: You can't generate the bus without overriding the multi-byte SQL bandwidth!
<110>Dec 17 17:49:24 lynch1747 tempora[7426]: user=zull_nensi password=UAt5jRv4I0NQ status=rejected
<136>Dec 17 17:49:19 ratke5101 dignissimos[6371]: The SMS monitor is down, bypass the auxiliary application so we can input the SQL panel!
<110>Dec 17 17:49:22 lynch1747 tempora[7426]: user=asad password=v82qbkrDOuOQ status=rejected
<110>Dec 17 17:49:27 lynch1747 tempora[7426]: user=serena_tejani_rahemtulla password=wgvaqvV5 status=rejected
<132>Dec 17 17:49:19 konopelski6364 aspernatur[7939]: If we navigate the sensor, we can get to the SQL capacitor through the primary SQL transmitter!
<189>Dec 17 17:49:19 beahan2835 ullam[3551]: I'Ll copy the primary IB bandwidth, that should port the COM circuit!
<110>Dec 17 17:49:24 lynch1747 tempora[7426]: user=zoheb_makani password=wyAf27RxG status=rejected
<110>Dec 17 17:49:26 lynch1747 tempora[7426]: user=murad password=jJoksgQ0M2W status=rejected
<135>Dec 17 17:49:19 white7330 dolores[6859]: We need to index the virtual SMTP bus!
<110>Dec 17 17:49:21 lynch1747 tempora[7426]: user=roheen password=69fjLlCrsnqCk status=rejected
<158>Dec 17 17:49:19 reichert1764 accusantium[5194]: The FTP matrix is down, bypass the cross-platform port so we can input the XSS application!
<110>Dec 17 17:49:24 lynch1747 tempora[7426]: user=samir password=9s5YeBZqEHJI0W status=rejected
<110>Dec 17 17:49:26 lynch1747 tempora[7426]: user=inara_rupani password=y8KgOaRuWK0T2 status=rejected
<146>Dec 17 17:49:19 mcglynn7651 et[7769]: Use the digital RAM sensor, then you can connect the open-source transmitter!
<110>Dec 17 17:49:21 lynch1747 tempora[7426]: user=michelle_hirani_khoja password=bjRLuEhC status=rejected
<110>Dec 17 17:49:25 lynch1747 tempora[7426]: user=manisha_hirani password=oN0XefnC status=rejected
<84>Dec 17 17:49:19 kulas5320 voluptatem[7651]: Use the multi-byte SSL card, then you can compress the wireless protocol!
<67>Dec 17 17:49:19 gusikowski1548 quidem[7935]: Try to program the SMTP transmitter, maybe it will connect the solid state bus!
<110>Dec 17 17:49:24 lynch1747 tempora[7426]: user=saira_jiwani password=IPXr2OFgdIroo5 status=rejected
<135>Dec 17 17:49:19 glover4102 nisi[7379]: Try to override the ADP monitor, maybe it will hack the haptic program!
<96>Dec 17 17:49:19 jenkins2053 laborum[8727]: The XSS capacitor is down, program the mobile card so we can navigate the USB capacitor!
<100>Dec 17 17:49:19 senger5802 dolores[5500]: You can't quantify the driver without synthesizing the redundant ADP bus!
<54>Dec 17 17:49:19 bernhard5115 eaque[8372]: I'Ll reboot the solid state TCP bandwidth, that should bandwidth the SDD interface!
<43>Dec 17 17:49:19 skiles4101 quis[8291]: Try to hack the SSL card, maybe it will synthesize the 1080p array!
<37>Dec 17 17:49:19 kirlin6017 magnam[9090]: We need to compress the mobile SAS transmitter!
<38>Dec 17 17:49:19 ward8026 debitis[2301]: Use the optical SQL program, then you can input the neural bus!
<60>Dec 17 17:49:19 stark2824 sequi[8545]: If we quantify the interface, we can get to the SMS protocol through the digital THX pixel!
<47>Dec 17 17:49:19 corwin1756 ut[5070]: Try to synthesize the EXE port, maybe it will hack the digital card!
<77>Dec 17 17:49:19 kihn1607 alias[4626]: The SAS port is down, transmit the optical hard drive so we can copy the SDD circuit!
<88>Dec 17 17:49:19 donnelly6700 molestiae[4876]: Hacking the card won't do anything, we need to calculate the open-source USB port!
<110>Dec 17 17:49:24 lynch1747 tempora[7426]: user=amyn_sarif password=zCvSuqu379g status=rejected
<90>Dec 17 17:49:19 runte5441 quam[5070]: Use the neural SCSI protocol, then you can quantify the haptic driver!
<110>Dec 17 17:49:22 lynch1747 tempora[7426]: user=samir password=eD18KND0z42ee status=rejected
<155>Dec 17 17:49:19 kling2836 autem[2350]: If we calculate the capacitor, we can get to the SDD driver through the mobile EXE array!
<72>Dec 17 17:49:19 stroman8141 expedita[5668]: If we navigate the bus, we can get to the TCP bandwidth through the redundant EXE capacitor!
<84>Dec 17 17:49:19 champlin6218 eligendi[1743]: Use the digital FTP panel, then you can program the 1080p transmitter!
<177>Dec 17 17:49:19 ritchie1554 dolorem[7276]: If we navigate the driver, we can get to the FTP program through the neural JBOD microchip!
<115>Dec 17 17:49:19 kessler2765 molestiae[4873]: The JSON monitor is down, hack the primary array so we can input the RSS panel!
<110>Dec 17 17:49:20 lynch1747 tempora[7426]: user=ahil_hashim password=73WgoSj8 status=rejected
<86>Dec 17 17:49:19 jacobson7428 dolores[6754]: I'Ll input the solid state COM driver, that should microchip the FTP panel!
<6>Dec 17 17:49:19 pouros5770 sint[8019]: We need to calculate the wireless USB port!
<110>Dec 17 17:49:23 lynch1747 tempora[7426]: user=asad password=pQ497VLSvw0EYg status=rejected
<146>Dec 17 17:49:19 nienow7758 veniam[8345]: Generating the alarm won't do anything, we need to bypass the back-end ADP microchip!
<100>Dec 17 17:49:19 bergnaum7577 molestias[9829]: I'Ll index the bluetooth IB bandwidth, that should sensor the IB bus!
<132>Dec 17 17:49:19 mitchell1465 excepturi[7202]: Use the 1080p RSS matrix, then you can hack the mobile matrix!
<144>Dec 17 17:49:19 dibbert7566 laboriosam[5298]: Quantifying the array won't do anything, we need to back up the neural JSON driver!
<88>Dec 17 17:49:19 kreiger3761 exercitationem[7513]: Parsing the program won't do anything, we need to index the 1080p AI matrix!
<110>Dec 17 17:49:24 lynch1747 tempora[7426]: user=saira_jiwani password=aObbvROwAq0Ohr status=rejected
<110>Dec 17 17:49:28 lynch1747 tempora[7426]: user=amyn_sarif password=wsO6uZbYMYejU status=rejected
<110>Dec 17 17:49:30 lynch1747 tempora[7426]: user=shezan password=doRLc6MRBofrQv status=rejected
<24>Dec 17 17:49:19 collier2457 non[3637]: I'Ll navigate the wireless CSS circuit, that should bandwidth the USB system!
<110>Dec 17 17:49:22 lynch1747 tempora[7426]: user=armaan_chakkiwala password=MqtwLmrn2ZOLzE status=rejected
<146>Dec 17 17:49:19 walsh6200 veniam[1083]: If we input the panel, we can get to the GB capacitor through the digital EXE system!
<0>Dec 17 17:49:19 kshlerin2582 sit[2807]: I'Ll copy the haptic RAM hard drive, that should bus the CSS matrix!
<110>Dec 17 17:49:21 lynch1747 tempora[7426]: user=fariha_mohammad password=NMpxE22f534 status=rejected
<13>Dec 17 17:49:19 lakin6820 pariatur[7558]: Copying the panel won't do anything, we need to hack the virtual TCP circuit!
<156>Dec 17 17:49:19 okuneva8061 consequuntur[9267]: I'Ll quantify the 1080p SMTP matrix, that should pixel the AGP microchip!
<110>Dec 17 17:49:24 lynch1747 tempora[7426]: user=asad password=FzJ39KLw status=rejected
<51>Dec 17 17:49:19 hansen4372 dolores[4051]: If we compress the feed, we can get to the EXE matrix through the solid state COM panel!
<187>Dec 17 17:49:19 schneider2840 velit[5969]: If we connect the transmitter, we can get to the COM bus through the bluetooth CSS circuit!
<133>Dec 17 17:49:19 baumbach6520 libero[3242]: We need to program the online SCSI bandwidth!
<82>Dec 17 17:49:19 glover8834 qui[970]: You can't back up the port without transmitting the virtual HDD monitor!
<40>Dec 17 17:49:19 marks7081 eos[7689]: Indexing the alarm won't do anything, we need to compress the primary FTP port!
<97>Dec 17 17:49:19 bartell2068 illum[1010]: I'Ll generate the solid state HDD bandwidth, that should monitor the ADP sensor!
<177>Dec 17 17:49:19 olson6285 temporibus[9025]: Use the primary PCI bus, then you can compress the 1080p microchip!
<110>Dec 17 17:49:20 lynch1747 tempora[7426]: user=mahek_ramzan password=PA3XGkVl2Vynav status=rejected
<180>Dec 17 17:49:19 schulist5122 non[8205]: You can't calculate the driver without connecting the online SCSI matrix!
<137>Dec 17 17:49:19 carter7781 omnis[9268]: I'Ll connect the bluetooth SMS system, that should array the AI interface!
<110>Dec 17 17:49:22 lynch1747 tempora[7426]: user=amyn_sarif password=kJAsbjYhV6 status=rejected
<110>Dec 17 17:49:24 lynch1747 tempora[7426]: user=raheel password=4YpGsKRCdlqPcZ status=rejected
<128>Dec 17 17:49:19 rodriguez4666 quae[6131]: Try to navigate the SDD panel, maybe it will navigate the open-source card!
<34>Dec 17 17:49:19 roob4806 non[6740]: Generating the feed won't do anything, we need to index the redundant HDD capacitor!
<18>Dec 17 17:49:19 konopelski5700 dolor[4196]: I'Ll input the open-source RSS hard drive, that should bandwidth the SMTP feed!
<113>Dec 17 17:49:19 kiehn4507 enim[5367]: Hacking the driver won't do anything, we need to override the digital IB array!
<55>Dec 17 17:49:19 stamm6228 asperiores[1608]: If we reboot the panel, we can get to the SCSI sensor through the open-source IB array!
<32>Dec 17 17:49:19 walsh5167 optio[8446]: Programming the sensor won't do anything, we need to hack the redundant FTP bandwidth!
<155>Dec 17 17:49:19 lebsack4388 et[7662]: You can't hack the feed without parsing the back-end PCI panel!
<22>Dec 17 17:49:19 bernhard4478 quis[6954]: If we synthesize the bandwidth, we can get to the SQL feed through the neural SMTP application!
