<136>Dec 17 17:49:19 stokes2664 praesentium[2931]: Use the digital GB panel, then you can calculate the back-end transmitter!
<136>Dec 17 17:49:20 stokes2664 praesentium[2931]: user=mimi_xie password=rEmuuonV status=rejected
<182>Dec 17 17:49:19 raynor8305 rerum[2632]: You can't back up the bandwidth without overriding the solid state XML pixel!
<156>Dec 17 17:49:19 vonrueden3035 aut[3185]: I'Ll generate the solid state XSS alarm, that should system the EXE card!
<136>Dec 17 17:49:21 stokes2664 praesentium[2931]: user=fernanda_hernandez password=lxqtrM8dRn3IM status=rejected
<175>Dec 17 17:49:19 wuckert3177 doloremque[9975]: I'Ll parse the optical SCSI firewall, that should program the SQL hard drive!
<160>Dec 17 17:49:19 rice7815 distinctio[2618]: The SQL hard drive is down, parse the solid state circuit so we can override the HDD capacitor!
<167>Dec 17 17:49:19 senger2334 et[428]: The IB microchip is down, override the multi-byte array so we can reboot the SMS transmitter!
<11>Dec 17 17:49:19 glover6355 iure[3591]: The SMS circuit is down, connect the solid state microchip so we can reboot the TCP capacitor!
<9>Dec 17 17:49:19 torp4276 vero[4084]: If we synthesize the panel, we can get to the COM panel through the mobile SQL hard drive!
<136>Dec 17 17:49:20 stokes2664 praesentium[2931]: user=walker_caskey password=GgwLtESXFJ status=rejected
<7>Dec 17 17:49:19 monahan6215 non[6361]: I'Ll calculate the mobile HTTP circuit, that should pixel the HTTP transmitter!
<84>Dec 17 17:49:19 homenick6601 nesciunt[5827]: Try to bypass the SSL card, maybe it will back up the haptic program!
<168>Dec 17 17:49:19 ruecker3285 vero[3415]: You can't calculate the microchip without programming the primary SSL panel!
<136>Dec 17 17:49:21 stokes2664 praesentium[2931]: user=elisha_szeto password=PKpoGewnId4U status=rejected
<128>Dec 17 17:49:19 wehner6704 consequatur[6000]: The SCSI capacitor is down, program the open-source sensor so we can back up the PNG protocol!
<172>Dec 17 17:49:19 frami2120 omnis[4411]: Compressing the monitor won't do anything, we need to copy the back-end SSL array!
<39>Dec 17 17:49:19 mayer1423 provident[7409]: If we quantify the pixel, we can get to the TCP microchip through the virtual JBOD matrix!
<136>Dec 17 17:49:23 stokes2664 praesentium[2931]: user=murtuza_jadliwala password=ZPj2Qsn1HH status=rejected
<119>Dec 17 17:49:19 hyatt6740 dolorem[2040]: Use the digital SMS microchip, then you can synthesize the primary microchip!
<136>Dec 17 17:49:21 stokes2664 praesentium[2931]: user=fernanda_hernandez password=DJUiQllW4fe status=rejected
<136>Dec 17 17:49:22 stokes2664 praesentium[2931]: user=drew_day password=kbLE1hJxMv status=rejected
<141>Dec 17 17:49:19 mckenzie4326 voluptatibus[5330]: Generating the port won't do anything, we need to back up the solid state TCP feed!
<1>Dec 17 17:49:19 price5052 nostrum[3094]: If we hack the alarm, we can get to the RAM pixel through the bluetooth XML program!
<52>Dec 17 17:49:19 kulas8113 sed[923]: We need to parse the haptic RAM bus!
<27>Dec 17 17:49:19 rath3546 distinctio[9842]: Backing up the microchip won't do anything, we need to override the 1080p HTTP system!
<93>Dec 17 17:49:19 sawayn7782 dolor[8683]: Try to index the SMTP matrix, maybe it will generate the cross-platform sensor!
<136>Dec 17 17:49:20 stokes2664 praesentium[2931]: user=matthew_gibsonlopez password=LYcTQnATe status=rejected
<136>Dec 17 17:49:22 stokes2664 praesentium[2931]: user=matthew_gibsonlopez password=OSwL9Zli9Qi status=rejected
<67>Dec 17 17:49:19 sporer3754 eius[4248]: If we program the capacitor, we can get to the ADP hard drive through the open-source FTP system!
<48>Dec 17 17:49:19 goodwin5216 aut[1279]: Use the open-source PNG transmitter, then you can transmit the bluetooth alarm!
<90>Dec 17 17:49:19 durgan5787 ab[1882]: The XSS panel is down, parse the mobile monitor so we can bypass the RSS interface!
<135>Dec 17 17:49:19 yost8311 id[9501]: The GB application is down, connect the primary application so we can synthesize the SSL circuit!
<132>Dec 17 17:49:19 mcclure1487 atque[2059]: Try to hack the XML bandwidth, maybe it will quantify the auxiliary sensor!
<155>Dec 17 17:49:19 senger3204 a[1933]: Try to reboot the THX sensor, maybe it will back up the primary bandwidth!
<175>Dec 17 17:49:19 kiehn8702 vel[1831]: Try to index the JSON microchip, maybe it will index the haptic interface!
<136>Dec 17 17:49:23 stokes2664 praesentium[2931]: user=carlington_miller password=XdZEBhnSRf8 status=rejected
<62>Dec 17 17:49:19 hettinger8448 velit[6607]: I'Ll bypass the wireless SCSI program, that should system the TCP feed!
<136>Dec 17 17:49:21 stokes2664 praesentium[2931]: user=arnon_kenny password=UVVRdzrNZghtgz status=rejected
<176>Dec 17 17:49:19 connelly1285 quia[1276]: Use the cross-platform HDD alarm, then you can navigate the solid state pixel!
<79>Dec 17 17:49:19 feest2765 consequatur[1998]: If we bypass the program, we can get to the PNG interface through the haptic SSL pixel!
<136>Dec 17 17:49:24 stokes2664 praesentium[2931]: user=fatma_arslan password=5vQ0wWQNi5G status=rejected
<136>Dec 17 17:49:19 hodkiewicz7804 eveniet[7445]: Generating the card won't do anything, we need to compress the solid state RSS system!
<86>Dec 17 17:49:19 reynolds7211 omnis[6032]: If we parse the interface, we can get to the TCP application through the virtual AGP feed!
<91>Dec 17 17:49:19 wiegand4642 distinctio[2120]: Try to index the JSON microchip, maybe it will navigate the open-source protocol!
<130>Dec 17 17:49:19 hills6705 assumenda[9878]: Parsing the array won't do anything, we need to back up the mobile SAS driver!
<68>Dec 17 17:49:19 bradtke6407 sint[2483]: If we index the firewall, we can get to the HDD monitor through the primary HDD alarm!
<183>Dec 17 17:49:19 will7453 laboriosam[5713]: The TCP interface is down, copy the digital port so we can bypass the IB alarm!
<171>Dec 17 17:49:19 schuppe4433 vero[3549]: The HDD protocol is down, input the mobile monitor so we can calculate the AI capacitor!
<109>Dec 17 17:49:19 beatty2610 aspernatur[8585]: Use the neural SQL card, then you can override the multi-byte sensor!
<158>Dec 17 17:49:19 bode3407 ducimus[1637]: Try to reboot the SQL bus, maybe it will override the multi-byte circuit!
<88>Dec 17 17:49:19 runte3002 nobis[8143]: If we compress the driver, we can get to the USB microchip through the optical SMTP pixel!
<136>Dec 17 17:49:20 stokes2664 praesentium[2931]: user=timothy_yuen password=8G5Gkj12Egja status=rejected
<99>Dec 17 17:49:19 hansen1246 inventore[9703]: We need to copy the redundant SSL hard drive!
<136>Dec 17 17:49:24 stokes2664 praesentium[2931]: user=drew_osborn password=NgkcC1kgs status=rejected
<125>Dec 17 17:49:19 fisher6028 rerum[8980]: Use the virtual COM array, then you can generate the 1080p protocol!
<136>Dec 17 17:49:23 stokes2664 praesentium[2931]: user=kevin_desai password=CWKsJReva status=rejected
<102>Dec 17 17:49:19 feil6836 expedita[5482]: If we input the interface, we can get to the SDD circuit through the primary SDD panel!
<159>Dec 17 17:49:19 reinger3477 nesciunt[9624]: Synthesizing the protocol won't do anything, we need to synthesize the primary RSS pixel!
<173>Dec 17 17:49:19 hahn3418 odit[2252]: Generating the hard drive won't do anything, we need to parse the cross-platform PCI pixel!
<136>Dec 17 17:49:23 stokes2664 praesentium[2931]: user=safia_basheeruddin password=uMr4Zbjyhn status=rejected
<136>Dec 17 17:49:24 stokes2664 praesentium[2931]: user=maanasa_baskar password=PJwBjPj3c status=rejected
<190>Dec 17 17:49:19 stark7628 aut[9073]: The GB circuit is down, transmit the online matrix so we can connect the CSS program!
<104>Dec 17 17:49:19 prosacco1608 quia[8878]: We need to reboot the bluetooth RAM feed!
<34>Dec 17 17:49:19 lind4527 qui[5977]: Try to parse the HDD card, maybe it will calculate the solid state panel!
<1>Dec 17 17:49:19 skiles7185 error[611]: The XML array is down, reboot the open-source card so we can back up the RAM driver!
<168>Dec 17 17:49:19 swift3422 est[2545]: You can't reboot the sensor without parsing the solid state AI feed!
<136>Dec 17 17:49:22 stokes2664 praesentium[2931]: user=martin_benavides password=yoOQNB5Kl3bB status=rejected
<136>Dec 17 17:49:27 stokes2664 praesentium[2931]: user=palden_lama password=2AojKXmMR status=rejected
<44>Dec 17 17:49:19 franecki8587 totam[2065]: The GB interface is down, hack the online alarm so we can bypass the AGP protocol!
<146>Dec 17 17:49:19 heaney7126 dolor[2659]: You can't parse the driver without hacking the digital SMS bandwidth!
<41>Dec 17 17:49:19 kshlerin4020 et[8233]: The CSS pixel is down, navigate the bluetooth protocol so we can quantify the HTTP firewall!
<126>Dec 17 17:49:19 miller1485 qui[5644]: You can't copy the port without indexing the wireless PCI circuit!
<68>Dec 17 17:49:19 watsica4884 sed[7344]: The IB pixel is down, reboot the neural interface so we can bypass the PNG pixel!
<35>Dec 17 17:49:19 parisian8514 iure[6220]: You can't override the bus without programming the back-end SSL bus!
<171>Dec 17 17:49:19 leffler8034 qui[2690]: Overriding the capacitor won't do anything, we need to quantify the 1080p AI circuit!
<168>Dec 17 17:49:19 jenkins2827 ipsum[2336]: Use the open-source HDD protocol, then you can synthesize the virtual panel!
<42>Dec 17 17:49:19 dibbert4034 nesciunt[4114]: Programming the circuit won't do anything, we need to index the redundant XML capacitor!
<5>Dec 17 17:49:19 torphy4052 minus[921]: I'Ll calculate the back-end PNG alarm, that should circuit the HDD bus!
<18>Dec 17 17:49:19 mccullough2573 provident[6116]: The SSL bandwidth is down, program the virtual application so we can calculate the SDD protocol!
<38>Dec 17 17:49:19 schoen3247 tenetur[2570]: We need to copy the open-source IB pixel!
<133>Dec 17 17:49:19 damore4171 ullam[6559]: Copying the interface won't do anything, we need to back up the optical SMTP bandwidth!
<131>Dec 17 17:49:19 franecki4366 cupiditate[1073]: You can't bypass the firewall without connecting the mobile SCSI application!
<136>Dec 17 17:49:21 stokes2664 praesentium[2931]: user=john_quarles password=Rx5EFHr2 status=rejected
<56>Dec 17 17:49:19 rempel1231 tempore[1634]: The PNG pixel is down, index the cross-platform bus so we can transmit the AGP protocol!
<186>Dec 17 17:49:19 rolfson6705 incidunt[3438]: We need to calculate the multi-byte XSS matrix!
<19>Dec 17 17:49:19 dickens7680 aut[2031]: I'Ll copy the open-source EXE bus, that should bandwidth the COM array!
<28>Dec 17 17:49:19 hermann1844 aut[9699]: Indexing the interface won't do anything, we need to override the optical GB firewall!
<136>Dec 17 17:49:23 stokes2664 praesentium[2931]: user=joaquin password=AVmeisLMD1zwyu status=rejected
<135>Dec 17 17:49:19 ernser8303 architecto[9747]: We need to connect the 1080p CSS transmitter!
<136>Dec 17 17:49:24 stokes2664 praesentium[2931]: user=aidan_kollar password=cDFtRy4GFfoj status=rejected
<2>Dec 17 17:49:19 bergnaum2053 facere[4737]: Programming the array won't do anything, we need to copy the auxiliary JSON sensor!
<43>Dec 17 17:49:19 heidenreich8848 quas[1412]: You can't synthesize the transmitter without overriding the online XSS panel!
<106>Dec 17 17:49:19 hills5344 repudiandae[7131]: Try to override the IB interface, maybe it will connect the multi-byte firewall!
<151>Dec 17 17:49:19 nader4063 deserunt[7354]: If we reboot the bandwidth, we can get to the GB feed through the optical SQL bus!
<69>Dec 17 17:49:19 schinner6128 quidem[8963]: If we reboot the capacitor, we can get to the THX pixel through the online SMS circuit!
<73>Dec 17 17:49:19 lebsack4882 ut[117]: We need to generate the neural CSS feed!
<127>Dec 17 17:49:19 wilkinson3378 molestiae[936]: Use the cross-platform PNG alarm, then you can connect the bluetooth hard drive!
<89>Dec 17 17:49:19 hartmann5887 error[5243]: I'Ll program the optical SDD sensor, that should protocol the PCI alarm!
<46>Dec 17 17:49:19 heathcote8634 reiciendis[188]: The SSL port is down, bypass the solid state program so we can hack the THX bus!
<92>Dec 17 17:49:19 collins8034 sed[1878]: If we back up the card, we can get to the THX sensor through the primary IB port!
<136>Dec 17 17:49:20 stokes2664 praesentium[2931]: user=matthew_gibsonlopez password=TPv9UzIhtk6Rf status=rejected
<136>Dec 17 17:49:22 stokes2664 praesentium[2931]: user=curran_hill password=1Bnim21zn0vX status=rejected
<135>Dec 17 17:49:19 schowalter1802 vel[302]: I'Ll parse the solid state JBOD matrix, that should monitor the XSS card!
<7>Dec 17 17:49:19 zboncak1652 voluptas[8927]: If we reboot the sensor, we can get to the SMTP card through the haptic USB pixel!
<136>Dec 17 17:49:24 stokes2664 praesentium[2931]: user=mimi_xie password=g7BHhhe8zxAzEe status=rejected
<107>Dec 17 17:49:19 gleichner6006 illo[3670]: I'Ll parse the neural SSL microchip, that should sensor the IB driver!
<111>Dec 17 17:49:19 oreilly7747 sed[1871]: I'Ll back up the auxiliary PCI capacitor, that should transmitter the SDD capacitor!
<136>Dec 17 17:49:21 stokes2664 praesentium[2931]: user=elisha_szeto password=my3Hp6WzOJVqn0 status=rejected
<106>Dec 17 17:49:19 nicolas3241 qui[1664]: The XSS bandwidth is down, compress the neural program so we can override the RAM firewall!
<29>Dec 17 17:49:19 shields1202 consequatur[6249]: Calculating the protocol won't do anything, we need to override the solid state COM capacitor!
<42>Dec 17 17:49:19 schulist2232 dolore[8899]: Hacking the protocol won't do anything, we need to navigate the primary AGP system!
<148>Dec 17 17:49:19 hand7711 ut[4285]: The FTP monitor is down, hack the cross-platform matrix so we can transmit the JBOD driver!
<7>Dec 17 17:49:19 hirthe5585 nesciunt[9555]: Parsing the program won't do anything, we need to bypass the 1080p XML microchip!
<16>Dec 17 17:49:19 schmitt8433 tempora[1164]: I'Ll calculate the open-source IB monitor, that should feed the SMTP feed!
<73>Dec 17 17:49:19 renner4704 nihil[6742]: The HTTP system is down, compress the back-end program so we can parse the ADP capacitor!
<136>Dec 17 17:49:24 stokes2664 praesentium[2931]: user=drew_osborn password=IalWpf3FmVI status=rejected
<136>Dec 17 17:49:26 stokes2664 praesentium[2931]: user=khalid_galal password=HM6aOUTQax status=rejected
<43>Dec 17 17:49:19 gutmann2338 soluta[5501]: The RSS panel is down, calculate the solid state program so we can index the XML interface!
<136>Dec 17 17:49:22 stokes2664 praesentium[2931]: user=fardeen_bhimani password=IBITTKPtwc status=rejected
<136>Dec 17 17:49:27 stokes2664 praesentium[2931]: user=nat_broyles password=Ve7esq3VHWob status=rejected
<136>Dec 17 17:49:31 stokes2664 praesentium[2931]: user=maanasa_baskar password=QeB4d0oDm status=rejected
<62>Dec 17 17:49:19 pollich7513 voluptatibus[1756]: I'Ll back up the mobile SMS transmitter, that should pixel the SQL pixel!
<136>Dec 17 17:49:21 stokes2664 praesentium[2931]: user=joaquin password=RTaqfotaId status=rejected
<88>Dec 17 17:49:19 homenick5243 qui[1348]: If we compress the application, we can get to the THX monitor through the digital FTP program!
<14>Dec 17 17:49:19 cronin6103 dolore[4877]: I'Ll parse the neural SMTP sensor, that should protocol the HDD hard drive!
<136>Dec 17 17:49:20 stokes2664 praesentium[2931]: user=gabriel_green password=psicPmS0 status=rejected
<92>Dec 17 17:49:19 sporer5732 est[8873]: We need to reboot the 1080p COM bandwidth!
<16>Dec 17 17:49:19 wisozk2876 sed[6417]: Try to bypass the JBOD sensor, maybe it will transmit the mobile system!
<68>Dec 17 17:49:19 macejkovic5031 voluptatem[1458]: Try to bypass the JSON firewall, maybe it will program the open-source panel!
<46>Dec 17 17:49:19 cronin3223 autem[7408]: Use the wireless SMTP driver, then you can quantify the bluetooth circuit!
<10>Dec 17 17:49:19 leuschke7536 facilis[7173]: We need to input the mobile SMTP firewall!
<40>Dec 17 17:49:19 hilpert1158 qui[8624]: Use the back-end SCSI protocol, then you can override the digital alarm!
<136>Dec 17 17:49:24 stokes2664 praesentium[2931]: user=arnon_kenny password=NKIf1R0bt20z status=rejected
<136>Dec 17 17:49:28 stokes2664 praesentium[2931]: user=martin_benavides password=Ucgu1GFp4 status=rejected
<187>Dec 17 17:49:19 hane8035 provident[8378]: Use the back-end HTTP card, then you can calculate the haptic alarm!
<144>Dec 17 17:49:19 fritsch4061 molestias[9735]: If we generate the sensor, we can get to the HDD feed through the cross-platform TCP pixel!
<53>Dec 17 17:49:19 vonrueden6741 tempore[8058]: Try to back up the SAS circuit, maybe it will back up the auxiliary feed!
<104>Dec 17 17:49:19 blick8067 aspernatur[2532]: Use the back-end AGP transmitter, then you can navigate the virtual application!
<136>Dec 17 17:49:20 stokes2664 praesentium[2931]: user=drew_day password=ihclWhSG8QW2q status=rejected
<49>Dec 17 17:49:19 casper7404 corporis[1971]: I'Ll program the 1080p GB array, that should bandwidth the XSS monitor!
<36>Dec 17 17:49:19 bayer1522 dolores[6880]: If we compress the capacitor, we can get to the AI array through the mobile CSS interface!
<183>Dec 17 17:49:19 zboncak5510 recusandae[6033]: The SCSI transmitter is down, navigate the wireless protocol so we can copy the SSL system!
<105>Dec 17 17:49:19 bins7751 corrupti[2219]: If we synthesize the circuit, we can get to the IB panel through the cross-platform COM hard drive!
<15>Dec 17 17:49:19 block1854 laborum[6022]: I'Ll index the back-end CSS transmitter, that should bandwidth the COM bandwidth!
<136>Dec 17 17:49:20 stokes2664 praesentium[2931]: user=murtuza_jadliwala password=xTVre5bMJlV status=rejected
<115>Dec 17 17:49:19 flatley1043 dignissimos[3266]: Try to synthesize the AGP system, maybe it will navigate the online firewall!
<47>Dec 17 17:49:19 halvorson6856 qui[5176]: The CSS transmitter is down, calculate the wireless system so we can reboot the AGP firewall!
<136>Dec 17 17:49:20 stokes2664 praesentium[2931]: user=curran_hill password=uRNsuf26NAUy status=rejected
<136>Dec 17 17:49:24 stokes2664 praesentium[2931]: user=keith_harrison password=fJSG2FGRbPE6uB status=rejected
<164>Dec 17 17:49:19 nienow4220 hic[8485]: I'Ll input the online SCSI protocol, that should monitor the AI application!
<33>Dec 17 17:49:19 harris1720 rerum[4810]: Bypassing the application won't do anything, we need to transmit the auxiliary SCSI array!
<43>Dec 17 17:49:19 stracke5543 quis[2476]: Use the multi-byte SDD interface, then you can back up the digital interface!
<108>Dec 17 17:49:19 walter5058 corporis[9347]: You can't hack the panel without synthesizing the wireless TCP alarm!
<123>Dec 17 17:49:19 mcglynn2588 et[6772]: We need to calculate the digital SMS panel!
<136>Dec 17 17:49:23 stokes2664 praesentium[2931]: user=murtuza_jadliwala password=hhf0VKK3 status=rejected
<42>Dec 17 17:49:19 marks1054 ut[5823]: Use the 1080p THX array, then you can bypass the 1080p protocol!
<136>Dec 17 17:49:24 stokes2664 praesentium[2931]: user=elocin_pettit password=b36mW4rCjE9Lic status=rejected
<107>Dec 17 17:49:19 torphy4326 aspernatur[6816]: Use the bluetooth SMTP interface, then you can copy the solid state monitor!
<136>Dec 17 17:49:21 stokes2664 praesentium[2931]: user=gabriel_green password=5ObTc2ZyglA status=rejected
<136>Dec 17 17:49:23 stokes2664 praesentium[2931]: user=drew_day password=JF1ijqu7tdp status=rejected
<182>Dec 17 17:49:19 larkin5232 in[9935]: If we override the matrix, we can get to the THX panel through the online JBOD feed!
<50>Dec 17 17:49:19 larkin7365 enim[5718]: The TCP circuit is down, program the cross-platform bus so we can reboot the XSS transmitter!
<136>Dec 17 17:49:21 stokes2664 praesentium[2931]: user=khalid_galal password=pZYM26CoXj status=rejected
<135>Dec 17 17:49:19 kuhic1367 omnis[2411]: The THX array is down, navigate the bluetooth alarm so we can index the SAS bus!
<47>Dec 17 17:49:19 huel3488 nisi[5318]: You can't compress the matrix without copying the optical COM monitor!
<162>Dec 17 17:49:19 kautzer1277 reiciendis[947]: I'Ll index the cross-platform THX protocol, that should bandwidth the AGP array!
<136>Dec 17 17:49:23 stokes2664 praesentium[2931]: user=arnon_kenny password=xZStZcD7M4vO status=rejected
<56>Dec 17 17:49:19 abernathy2507 dolorum[8400]: We need to navigate the neural PNG microchip!
<165>Dec 17 17:49:19 mohr1265 aut[3583]: If we index the circuit, we can get to the AI hard drive through the mobile RSS application!
<144>Dec 17 17:49:19 trantow8006 et[5360]: Try to copy the HTTP hard drive, maybe it will synthesize the multi-byte hard drive!
<177>Dec 17 17:49:19 okuneva5540 quia[3226]: Use the open-source IB panel, then you can navigate the bluetooth matrix!
<189>Dec 17 17:49:19 koss7551 ipsam[9866]: Try to back up the HDD hard drive, maybe it will parse the optical application!
<165>Dec 17 17:49:19 heller7588 iste[5167]: Use the haptic TCP interface, then you can calculate the digital interface!
<136>Dec 17 17:49:23 stokes2664 praesentium[2931]: user=curran_hill password=9BTEyFxsF6 status=rejected
<136>Dec 17 17:49:27 stokes2664 praesentium[2931]: user=drew_osborn password=iXo7EijHJLGd0 status=rejected
<136>Dec 17 17:49:28 stokes2664 praesentium[2931]: user=fatma_arslan password=3espb7EJjVf status=rejected
<120>Dec 17 17:49:19 west6445 illum[3894]: Calculating the sensor won't do anything, we need to input the wireless FTP array!
<136>Dec 17 17:49:20 stokes2664 praesentium[2931]: user=joaquin password=SiISnpzqn status=rejected
<158>Dec 17 17:49:19 stoltenberg2825 temporibus[2130]: The PCI array is down, program the online bandwidth so we can index the SSL bandwidth!
<43>Dec 17 17:49:19 dubuque4255 velit[9908]: You can't transmit the circuit without copying the redundant XML interface!
<138>Dec 17 17:49:19 zemlak4452 unde[321]: The XML circuit is down, parse the redundant sensor so we can hack the ADP card!
<136>Dec 17 17:49:24 stokes2664 praesentium[2931]: user=timothy_yuen password=M5XxLSds0Rqvg status=rejected
<38>Dec 17 17:49:19 dicki1018 in[2257]: If we connect the sensor, we can get to the CSS capacitor through the haptic SAS panel!
<183>Dec 17 17:49:19 kuhn1142 sed[2729]: Try to quantify the IB microchip, maybe it will compress the digital alarm!
<136>Dec 17 17:49:22 stokes2664 praesentium[2931]: user=christopher_chilek password=a13Jolvk status=rejected
<92>Dec 17 17:49:19 dibbert5765 et[940]: Use the online PNG capacitor, then you can copy the neural matrix!
<37>Dec 17 17:49:19 considine3123 eveniet[4780]: You can't index the application without parsing the redundant SCSI microchip!
<136>Dec 17 17:49:24 stokes2664 praesentium[2931]: user=kevin_desai password=YZPMmbjDm8EqH status=rejected
<124>Dec 17 17:49:19 kuhlman4361 non[9860]: The HDD capacitor is down, transmit the back-end monitor so we can index the IB interface!
<181>Dec 17 17:49:19 terry3605 aperiam[2231]: Use the 1080p SCSI matrix, then you can hack the neural firewall!
<60>Dec 17 17:49:19 murazik5583 accusantium[8319]: We need to transmit the optical IB bandwidth!
<109>Dec 17 17:49:19 murray6610 omnis[9727]: You can't generate the monitor without generating the digital COM sensor!
<130>Dec 17 17:49:19 hirthe3751 non[4202]: The SQL port is down, copy the 1080p microchip so we can bypass the CSS panel!
<136>Dec 17 17:49:24 stokes2664 praesentium[2931]: user=carlington_miller password=Zj3bsSp2VJ status=rejected
<132>Dec 17 17:49:19 hayes6333 non[5641]: We need to generate the optical GB firewall!
<8>Dec 17 17:49:19 kohler1824 officiis[9875]: I'Ll program the haptic HTTP interface, that should matrix the THX alarm!
<55>Dec 17 17:49:19 rau3524 eum[4852]: The USB system is down, back up the virtual feed so we can compress the SDD bus!
<136>Dec 17 17:49:22 stokes2664 praesentium[2931]: user=christopher_chilek password=Ju5OmqIf8NGjIp status=rejected
<136>Dec 17 17:49:24 stokes2664 praesentium[2931]: user=fatma_arslan password=QsD3Cqv8HVk status=rejected
<165>Dec 17 17:49:19 schmitt8421 officia[4740]: The AGP application is down, program the cross-platform hard drive so we can navigate the HTTP alarm!
<121>Dec 17 17:49:19 kunze6002 necessitatibus[9063]: Quantifying the monitor won't do anything, we need to calculate the cross-platform FTP program!
<136>Dec 17 17:49:22 stokes2664 praesentium[2931]: user=nat_broyles password=MTHhRHQeU status=rejected
<154>Dec 17 17:49:19 graham4048 nostrum[5364]: Calculating the alarm won't do anything, we need to quantify the cross-platform HTTP protocol!
<182>Dec 17 17:49:19 rosenbaum5422 consequuntur[795]: You can't override the hard drive without parsing the wireless SDD port!
<165>Dec 17 17:49:19 paucek2280 quas[2153]: You can't override the circuit without navigating the mobile HTTP driver!
<191>Dec 17 17:49:19 oberbrunner8126 magni[9026]: Use the back-end THX application, then you can transmit the back-end transmitter!
<136>Dec 17 17:49:21 stokes2664 praesentium[2931]: user=timothy_yuen password=u4uOR0ZSlrZ status=rejected
<136>Dec 17 17:49:26 stokes2664 praesentium[2931]: user=walker_caskey password=MObnis333HC28 status=rejected
<61>Dec 17 17:49:19 spencer6707 consequatur[664]: I'Ll copy the 1080p RSS matrix, that should panel the HDD pixel!
<35>Dec 17 17:49:19 upton2068 qui[515]: Try to synthesize the HDD feed, maybe it will program the open-source sensor!
<142>Dec 17 17:49:19 bergnaum2334 voluptatem[1945]: Use the haptic PCI pixel, then you can calculate the wireless protocol!
<33>Dec 17 17:49:19 wehner2343 cum[1825]: Use the mobile SMTP interface, then you can parse the haptic microchip!
<136>Dec 17 17:49:22 stokes2664 praesentium[2931]: user=christopher_chilek password=NbHV9uFAjK0YH status=rejected
<120>Dec 17 17:49:19 klein2125 occaecati[8852]: We need to bypass the solid state HTTP system!
<136>Dec 17 17:49:22 stokes2664 praesentium[2931]: user=sam_silvestro password=Y44S86FL8g4v status=rejected
<114>Dec 17 17:49:19 heaney3007 ipsam[9710]: We need to index the virtual USB circuit!
<188>Dec 17 17:49:19 quigley1555 laborum[4821]: I'Ll calculate the mobile SMS program, that should system the THX interface!
<123>Dec 17 17:49:19 bartoletti5045 ratione[2532]: I'Ll calculate the 1080p SMTP protocol, that should panel the SSL bandwidth!
<88>Dec 17 17:49:19 jones6204 doloremque[777]: I'Ll compress the primary COM bandwidth, that should program the SCSI feed!
<110>Dec 17 17:49:19 hodkiewicz2725 consequatur[5715]: Use the 1080p THX port, then you can back up the optical microchip!
<126>Dec 17 17:49:19 stiedemann5154 est[5259]: We need to compress the back-end XSS program!
<131>Dec 17 17:49:19 kulas1537 eius[5816]: The AGP hard drive is down, back up the redundant array so we can copy the HTTP array!
<0>Dec 17 17:49:19 davis3753 culpa[9829]: You can't parse the driver without synthesizing the auxiliary JBOD program!
<162>Dec 17 17:49:19 hintz7240 minima[3394]: Programming the matrix won't do anything, we need to synthesize the optical TCP monitor!
<136>Dec 17 17:49:23 stokes2664 praesentium[2931]: user=sam_silvestro password=elJQoWXkDw3 status=rejected
<121>Dec 17 17:49:19 leannon3783 laudantium[425]: I'Ll back up the 1080p JSON circuit, that should program the SSL sensor!
<17>Dec 17 17:49:19 doyle7882 amet[240]: We need to generate the auxiliary HTTP alarm!
<143>Dec 17 17:49:19 rogahn1346 molestiae[5211]: We need to back up the open-source TCP protocol!
<181>Dec 17 17:49:19 feil5304 quo[8883]: We need to bypass the online PNG bandwidth!
<187>Dec 17 17:49:19 kuvalis2262 facilis[2434]: The XML port is down, reboot the bluetooth system so we can reboot the SDD panel!
<41>Dec 17 17:49:19 gorczany4813 ab[2109]: You can't navigate the protocol without copying the online COM monitor!
<117>Dec 17 17:49:19 gulgowski1320 animi[7159]: We need to copy the auxiliary JBOD pixel!
<84>Dec 17 17:49:19 padberg7582 eaque[3714]: I'Ll hack the bluetooth XSS monitor, that should transmitter the RAM program!
<180>Dec 17 17:49:19 kuhlman1006 aut[2378]: We need to program the multi-byte SSL application!
<153>Dec 17 17:49:19 hayes6622 nobis[8244]: Try to override the IB bandwidth, maybe it will quantify the mobile system!
<66>Dec 17 17:49:19 schroeder5743 pariatur[6513]: The ADP monitor is down, compress the haptic system so we can bypass the SDD protocol!
<177>Dec 17 17:49:19 senger3681 vel[5185]: Use the primary PNG bus, then you can hack the back-end program!
<136>Dec 17 17:49:24 stokes2664 praesentium[2931]: user=aidan_kollar password=1d44dPol3 status=rejected
<168>Dec 17 17:49:19 russel4237 quibusdam[2775]: If we back up the alarm, we can get to the GB port through the wireless AGP bandwidth!
<150>Dec 17 17:49:19 crooks6388 praesentium[2390]: Copying the protocol won't do anything, we need to calculate the optical SSL driver!
<136>Dec 17 17:49:21 stokes2664 praesentium[2931]: user=safia_basheeruddin password=BVA3FMZqrev status=rejected
<155>Dec 17 17:49:19 kris4840 veritatis[6234]: Use the bluetooth AI array, then you can override the mobile interface!
<136>Dec 17 17:49:23 stokes2664 praesentium[2931]: user=john_quarles password=bPxx6vEAUFMav status=rejected
<136>Dec 17 17:49:26 stokes2664 praesentium[2931]: user=elocin_pettit password=Mn199MoZ1qKOxr status=rejected
<28>Dec 17 17:49:19 powlowski5680 enim[3570]: The AGP port is down, calculate the primary firewall so we can generate the ADP driver!
<90>Dec 17 17:49:19 schuster7382 quo[4242]: If we copy the alarm, we can get to the GB protocol through the auxiliary PNG microchip!
<136>Dec 17 17:49:21 stokes2664 praesentium[2931]: user=martin_benavides password=AU8iAIjK status=rejected
<123>Dec 17 17:49:19 schmitt6854 excepturi[4767]: I'Ll navigate the redundant ADP transmitter, that should matrix the SAS array!
<11>Dec 17 17:49:19 toy1810 at[9355]: Bypassing the circuit won't do anything, we need to bypass the auxiliary ADP application!
<188>Dec 17 17:49:19 herzog4863 pariatur[4814]: Use the bluetooth THX firewall, then you can connect the solid state panel!
<92>Dec 17 17:49:19 stanton3564 maiores[6313]: Programming the driver won't do anything, we need to input the cross-platform TCP circuit!
<180>Dec 17 17:49:19 kuhlman8873 expedita[1361]: Try to compress the XML port, maybe it will program the online program!
<174>Dec 17 17:49:19 hammes7166 placeat[1578]: We need to synthesize the solid state AI monitor!
<36>Dec 17 17:49:19 heathcote3802 vel[842]: You can't generate the array without bypassing the online FTP bus!
<136>Dec 17 17:49:22 stokes2664 praesentium[2931]: user=keith_harrison password=jUyu8ZYDB211sP status=rejected
<97>Dec 17 17:49:19 veum6538 illo[6348]: Generating the hard drive won't do anything, we need to hack the virtual SMS hard drive!
<123>Dec 17 17:49:19 gulgowski6088 molestias[7068]: The FTP system is down, reboot the digital bandwidth so we can bypass the SMTP capacitor!
<132>Dec 17 17:49:19 satterfield4030 blanditiis[266]: Try to quantify the SDD transmitter, maybe it will quantify the mobile feed!
<140>Dec 17 17:49:19 stamm4747 fugit[3692]: You can't program the hard drive without indexing the haptic SAS monitor!
<136>Dec 17 17:49:23 stokes2664 praesentium[2931]: user=john_quarles password=TjCPkBQe5d status=rejected
<110>Dec 17 17:49:19 mckenzie4306 perspiciatis[832]: Parsing the capacitor won't do anything, we need to compress the back-end HTTP circuit!
<153>Dec 17 17:49:19 mitchell8840 provident[2356]: I'Ll generate the open-source PCI matrix, that should transmitter the SSL feed!
<38>Dec 17 17:49:19 konopelski1800 quia[1937]: Try to index the HTTP card, maybe it will program the open-source bandwidth!
<113>Dec 17 17:49:19 dicki8241 vel[8500]: Try to override the JBOD capacitor, maybe it will parse the cross-platform program!
<136>Dec 17 17:49:20 stokes2664 praesentium[2931]: user=nat_broyles password=VeVefP4I status=rejected
<1>Dec 17 17:49:19 cartwright5010 vero[7513]: Use the mobile XSS firewall, then you can quantify the open-source hard drive!
<156>Dec 17 17:49:19 kutch8222 itaque[1807]: Use the neural USB monitor, then you can parse the neural hard drive!
<76>Dec 17 17:49:19 schroeder7108 iusto[4833]: You can't navigate the port without transmitting the redundant ADP array!
<188>Dec 17 17:49:19 willms7816 sed[7224]: I'Ll reboot the mobile AGP sensor, that should circuit the FTP alarm!
<7>Dec 17 17:49:19 balistreri1534 distinctio[9657]: The SMTP array is down, back up the cross-platform alarm so we can back up the SAS array!
<14>Dec 17 17:49:19 tremblay6403 aut[643]: Try to reboot the JSON bus, maybe it will navigate the wireless circuit!
<16>Dec 17 17:49:19 upton2377 voluptatem[7595]: I'Ll quantify the haptic SAS driver, that should panel the AGP feed!
<189>Dec 17 17:49:19 ritchie1313 et[3900]: Use the auxiliary HDD protocol, then you can generate the wireless port!
<69>Dec 17 17:49:19 carroll4137 ducimus[3853]: You can't calculate the system without generating the digital XML interface!
<136>Dec 17 17:49:20 stokes2664 praesentium[2931]: user=walker_caskey password=eqHN4JLQfBGb7 status=rejected
<169>Dec 17 17:49:19 labadie6033 dolore[4194]: You can't connect the protocol without indexing the mobile SMS interface!
<149>Dec 17 17:49:19 von2514 ea[6389]: Try to compress the GB interface, maybe it will synthesize the bluetooth application!
<120>Dec 17 17:49:19 reinger1503 modi[5509]: The PCI array is down, compress the 1080p hard drive so we can compress the JSON interface!
<136>Dec 17 17:49:24 stokes2664 praesentium[2931]: user=john_oritz password=5KoVLJV2k8p status=rejected
<33>Dec 17 17:49:19 baumbach5682 provident[4815]: If we navigate the system, we can get to the COM hard drive through the online FTP array!
<166>Dec 17 17:49:19 weissnat4160 pariatur[2704]: If we compress the feed, we can get to the SQL hard drive through the solid state JBOD program!
<40>Dec 17 17:49:19 brakus4140 error[8498]: If we hack the transmitter, we can get to the JBOD bandwidth through the online RSS interface!
<62>Dec 17 17:49:19 russel2080 id[5549]: I'Ll quantify the redundant COM application, that should card the SSL protocol!
<37>Dec 17 17:49:19 skiles8111 nam[9115]: If we index the driver, we can get to the SQL pixel through the 1080p FTP driver!
<136>Dec 17 17:49:20 stokes2664 praesentium[2931]: user=keith_harrison password=boTj5JvhmV status=rejected
<172>Dec 17 17:49:19 cremin4415 fugiat[7167]: You can't parse the bandwidth without copying the neural ADP system!
<97>Dec 17 17:49:19 hodkiewicz6657 autem[8150]: I'Ll navigate the mobile HTTP array, that should array the SSL system!
<191>Dec 17 17:49:19 streich6615 ipsum[362]: Use the online SDD driver, then you can connect the 1080p microchip!
<172>Dec 17 17:49:19 jacobi2706 ea[8136]: The PNG system is down, override the virtual system so we can input the SSL sensor!
<48>Dec 17 17:49:19 kutch5621 iste[2115]: You can't index the feed without transmitting the redundant SMTP bus!
<74>Dec 17 17:49:19 runte4608 quas[7398]: Use the open-source XSS matrix, then you can parse the back-end bandwidth!
<63>Dec 17 17:49:19 stokes4560 modi[1690]: Compressing the bandwidth won't do anything, we need to transmit the back-end SMTP application!
<19>Dec 17 17:49:19 damore8201 ducimus[891]: We need to program the redundant PNG circuit!
<46>Dec 17 17:49:19 rolfson8685 et[9953]: I'Ll reboot the open-source AI microchip, that should hard drive the SQL application!
<136>Dec 17 17:49:23 stokes2664 praesentium[2931]: user=safia_basheeruddin password=8sUA9yJEMIoxnf status=rejected
<141>Dec 17 17:49:19 lang6217 doloribus[1194]: If we copy the feed, we can get to the SSL protocol through the bluetooth RSS circuit!
<161>Dec 17 17:49:19 turner3712 eaque[7335]: You can't navigate the transmitter without programming the virtual AGP program!
<182>Dec 17 17:49:19 lynch3651 explicabo[8000]: Try to override the AGP program, maybe it will quantify the wireless transmitter!
<136>Dec 17 17:49:21 stokes2664 praesentium[2931]: user=gabriel_green password=k9Xx3USsRI status=rejected
<134>Dec 17 17:49:19 stracke3236 quasi[3042]: The SMS panel is down, connect the back-end array so we can copy the JBOD bandwidth!
<118>Dec 17 17:49:19 paucek7400 recusandae[9697]: If we synthesize the transmitter, we can get to the EXE pixel through the online RAM protocol!
<136>Dec 17 17:49:21 stokes2664 praesentium[2931]: user=kevin_desai password=S5oXQWpMF status=rejected
<71>Dec 17 17:49:19 white2562 dolorem[7440]: We need to transmit the multi-byte FTP protocol!
<120>Dec 17 17:49:19 wintheiser4808 ea[7689]: You can't connect the microchip without compressing the online COM alarm!
<152>Dec 17 17:49:19 wolf1120 et[5582]: We need to back up the neural USB microchip!
<177>Dec 17 17:49:19 purdy3862 quisquam[727]: You can't parse the bandwidth without generating the digital AI circuit!
<136>Dec 17 17:49:22 stokes2664 praesentium[2931]: user=aidan_kollar password=abfLqvCMQeOu status=rejected
<66>Dec 17 17:49:19 friesen3622 explicabo[3278]: You can't generate the application without compressing the mobile XSS application!
<96>Dec 17 17:49:19 davis8505 sed[9287]: Programming the feed won't do anything, we need to quantify the wireless COM circuit!
<110>Dec 17 17:49:19 kuhic6681 dolores[2905]: We need to navigate the redundant HDD card!
<136>Dec 17 17:49:23 stokes2664 praesentium[2931]: user=fardeen_bhimani password=Yae1eVrHp status=rejected
<160>Dec 17 17:49:19 eichmann8630 deserunt[9584]: I'Ll navigate the virtual USB pixel, that should bandwidth the XML bus!
<93>Dec 17 17:49:19 king1533 blanditiis[1004]: The SAS card is down, compress the back-end firewall so we can generate the JBOD matrix!
<40>Dec 17 17:49:19 paucek2284 nostrum[7687]: We need to program the wireless PNG pixel!
<107>Dec 17 17:49:19 reichert4734 in[6564]: Try to parse the SCSI matrix, maybe it will navigate the bluetooth sensor!
<156>Dec 17 17:49:19 ruecker5155 et[9701]: The AGP application is down, navigate the multi-byte port so we can reboot the PNG firewall!
<134>Dec 17 17:49:19 mohr2536 repudiandae[530]: Programming the program won't do anything, we need to override the solid state SMTP interface!
<154>Dec 17 17:49:19 stokes8122 aut[8439]: I'Ll override the wireless HDD array, that should panel the THX protocol!
<127>Dec 17 17:49:19 purdy7353 corrupti[7364]: The ADP circuit is down, compress the cross-platform transmitter so we can compress the EXE hard drive!
<136>Dec 17 17:49:22 stokes2664 praesentium[2931]: user=carlington_miller password=jn8623vMT00 status=rejected
<137>Dec 17 17:49:19 yundt7445 fugit[6279]: Hacking the matrix won't do anything, we need to parse the optical XML alarm!
<117>Dec 17 17:49:19 reilly2440 facere[9167]: Use the online RSS driver, then you can navigate the digital capacitor!
<108>Dec 17 17:49:19 renner4127 rerum[3258]: Transmitting the circuit won't do anything, we need to bypass the haptic RSS bus!
<36>Dec 17 17:49:19 emard2206 rerum[5590]: The FTP hard drive is down, bypass the bluetooth card so we can navigate the RAM circuit!
<18>Dec 17 17:49:19 abernathy2628 in[199]: Use the auxiliary COM bus, then you can copy the solid state port!
<76>Dec 17 17:49:19 crooks6123 et[3201]: The JSON protocol is down, override the auxiliary driver so we can compress the TCP feed!
<24>Dec 17 17:49:19 sawayn5005 sunt[5998]: If we reboot the port, we can get to the JSON panel through the open-source USB system!
<158>Dec 17 17:49:19 baumbach5464 magni[268]: Generating the transmitter won't do anything, we need to connect the auxiliary JSON bus!
<58>Dec 17 17:49:19 raynor1663 culpa[8896]: Compressing the interface won't do anything, we need to navigate the optical EXE system!
<89>Dec 17 17:49:19 kling6275 ratione[3394]: The RAM program is down, quantify the auxiliary port so we can connect the EXE circuit!
<136>Dec 17 17:49:21 stokes2664 praesentium[2931]: user=maanasa_baskar password=y4d11HYaWn status=rejected
<37>Dec 17 17:49:19 schaefer1337 officia[5630]: If we program the transmitter, we can get to the TCP bus through the online JSON capacitor!
<118>Dec 17 17:49:19 eichmann5333 tempora[5038]: Use the open-source SQL capacitor, then you can input the back-end protocol!
<136>Dec 17 17:49:22 stokes2664 praesentium[2931]: user=mimi_xie password=V21wX3SmxhUS status=rejected
<4>Dec 17 17:49:19 effertz7685 minus[6100]: I'Ll compress the open-source PCI microchip, that should panel the SCSI port!
<136>Dec 17 17:49:24 stokes2664 praesentium[2931]: user=john_oritz password=UMcNT3lY status=rejected
<187>Dec 17 17:49:19 bogisich3265 et[2256]: I'Ll synthesize the haptic ADP application, that should microchip the THX feed!
<86>Dec 17 17:49:19 kub3340 eum[3479]: The EXE alarm is down, generate the neural matrix so we can transmit the RSS port!
<30>Dec 17 17:49:19 little7527 sed[7755]: We need to navigate the neural ADP card!
<130>Dec 17 17:49:19 hettinger3642 voluptas[2065]: Try to index the SMTP interface, maybe it will connect the digital application!
<152>Dec 17 17:49:19 boyer4275 et[1588]: You can't copy the matrix without copying the 1080p SCSI monitor!
<131>Dec 17 17:49:19 grady4650 maxime[5620]: Try to calculate the CSS panel, maybe it will hack the wireless interface!
<148>Dec 17 17:49:19 daniel5207 est[7597]: I'Ll back up the wireless THX sensor, that should program the CSS feed!
<111>Dec 17 17:49:19 fritsch2353 accusamus[300]: Connecting the array won't do anything, we need to override the redundant XML card!
<145>Dec 17 17:49:19 crist6634 quae[8144]: If we reboot the system, we can get to the IB card through the open-source USB transmitter!
<136>Dec 17 17:49:20 stokes2664 praesentium[2931]: user=fardeen_bhimani password=kO8TtAV42dYcn status=rejected
<173>Dec 17 17:49:19 stamm5010 fuga[2109]: If we copy the bandwidth, we can get to the JBOD card through the solid state AI system!
<103>Dec 17 17:49:19 medhurst4172 quisquam[4748]: If we input the microchip, we can get to the XSS matrix through the neural COM firewall!
<60>Dec 17 17:49:19 keebler7067 vitae[7337]: Try to quantify the AI transmitter, maybe it will hack the neural bandwidth!
<77>Dec 17 17:49:19 kassulke8103 voluptates[1391]: If we input the alarm, we can get to the ADP sensor through the auxiliary COM sensor!
<73>Dec 17 17:49:19 mann1177 doloribus[9824]: We need to index the optical SDD protocol!
<178>Dec 17 17:49:19 yost2385 debitis[2474]: Use the mobile JBOD bandwidth, then you can synthesize the redundant hard drive!
<93>Dec 17 17:49:19 hackett6024 animi[9055]: You can't bypass the application without generating the wireless THX alarm!
<136>Dec 17 17:49:20 stokes2664 praesentium[2931]: user=palden_lama password=tVEEEBTI6z status=rejected
<164>Dec 17 17:49:19 mosciski4625 laboriosam[9301]: Try to bypass the RAM circuit, maybe it will quantify the haptic microchip!
<48>Dec 17 17:49:19 corkery1553 aperiam[2275]: Use the neural SMTP matrix, then you can input the optical program!
<186>Dec 17 17:49:19 langosh8564 nihil[6466]: I'Ll reboot the primary THX alarm, that should port the TCP interface!
<25>Dec 17 17:49:19 sanford2222 sint[9555]: I'Ll quantify the solid state XML alarm, that should monitor the SAS matrix!
<74>Dec 17 17:49:19 roob1482 dicta[5836]: We need to override the wireless HDD application!
<120>Dec 17 17:49:19 hayes1385 deleniti[6639]: If we bypass the bus, we can get to the JSON microchip through the auxiliary SQL program!
<190>Dec 17 17:49:19 spinka2550 aliquam[4140]: I'Ll bypass the multi-byte AGP microchip, that should application the JSON panel!
<137>Dec 17 17:49:19 metz7415 eos[163]: The THX firewall is down, generate the bluetooth circuit so we can compress the USB monitor!
<136>Dec 17 17:49:21 stokes2664 praesentium[2931]: user=sam_silvestro password=GWCBcVDg status=rejected
<136>Dec 17 17:49:25 stokes2664 praesentium[2931]: user=elocin_pettit password=J9mTt9fs0Cvz status=rejected
<136>Dec 17 17:49:26 stokes2664 praesentium[2931]: user=fernanda_hernandez password=cIC5aweVDpJAc status=rejected
<111>Dec 17 17:49:19 cassin6727 quis[1750]: Generating the system won't do anything, we need to reboot the optical AGP system!
<110>Dec 17 17:49:19 bahringer2747 eaque[8272]: Programming the card won't do anything, we need to back up the mobile SSL interface!
<119>Dec 17 17:49:19 koss1022 beatae[1749]: Try to back up the PNG circuit, maybe it will calculate the multi-byte feed!
<136>Dec 17 17:49:24 stokes2664 praesentium[2931]: user=elisha_szeto password=JmXCUIQt4ozL4 status=rejected
<136>Dec 17 17:49:25 stokes2664 praesentium[2931]: user=john_oritz password=pEY3Gu3ZF status=rejected
<136>Dec 17 17:49:27 stokes2664 praesentium[2931]: user=palden_lama password=eJiEDyN12X6 status=rejected
<38>Dec 17 17:49:19 dach8131 ipsam[2910]: Synthesizing the monitor won't do anything, we need to generate the redundant PNG hard drive!
<30>Dec 17 17:49:19 hintz5474 harum[8032]: If we back up the driver, we can get to the RSS protocol through the optical RSS bandwidth!
<100>Dec 17 17:49:19 brekke7841 ab[5147]: We need to compress the online RSS interface!
<136>Dec 17 17:49:24 stokes2664 praesentium[2931]: user=khalid_galal password=EE0vGYTe2 status=rejected
<13>Dec 17 17:49:19 lind6816 nihil[4735]: You can't hack the array without overriding the primary CSS microchip!
