<13>Dec 17 17:49:15 gateway authd[1000]: user=timothy_yuen password=KDunRaohSr status=rejected
<110>3 2025-12-17T17:49:19.187Z internationalmesh.info iure 4669 ID558 - You can't input the monitor without generating the digital SAS array!
<13>Dec 17 17:49:19 gateway authd[1000]: user=walker_caskey password=U5NteDwnv1 status=rejected
<21>1 2025-12-17T17:49:19.187Z leadpartnerships.io sint 436 ID874 - If we generate the sensor, we can get to the PNG microchip through the open-source AI circuit!
<13>Dec 17 17:49:22 gateway authd[1000]: user=turgay_korkmaz password=FZDHQvuAIhqm status=rejected
<150>3 2025-12-17T17:49:19.187Z customerdistributed.info voluptatem 2536 ID754 - You can't index the matrix without backing up the primary USB transmitter!
<150>3 2025-12-17T17:49:19.187Z principalinitiatives.biz deleniti 640 ID888 - You can't quantify the sensor without programming the mobile RAM sensor!
<60>2 2025-12-17T17:49:19.187Z directvisualize.io fugit 2163 ID40 - We need to synthesize the cross-platform HDD bus!
<186>2 2025-12-17T17:49:19.187Z legacybleeding-edge.io saepe 5732 ID546 - Use the cross-platform JBOD firewall, then you can navigate the solid state protocol!
<84>2 2025-12-17T17:49:19.187Z dynamicone-to-one.com veritatis 6595 ID126 - If we program the sensor, we can get to the THX interface through the back-end SQL matrix!
<86>1 2025-12-17T17:49:19.187Z customerpartnerships.biz laborum 9900 ID500 - Try to connect the XSS interface, maybe it will synthesize the open-source driver!
<13>Dec 17 17:49:27 gateway authd[1000]: user=mahi_mohashin password=WdJL0GWse5SdG status=rejected
<66>3 2025-12-17T17:49:19.187Z centralsolutions.com enim 5590 ID246 - Synthesizing the feed won't do anything, we need to back up the virtual USB firewall!
<62>2 2025-12-17T17:49:19.187Z productincubate.com magni 563 ID221 - I'Ll bypass the virtual SMTP bandwidth, that should system the ADP circuit!
<13>Dec 17 17:49:30 gateway authd[1000]: user=eric_lee password=6BhJtw2b4e status=rejected
<98>2 2025-12-17T17:49:19.187Z dynamicextend.biz delectus 5205 ID697 - You can't generate the pixel without bypassing the bluetooth SMS driver!
<13>Dec 17 17:49:32 gateway authd[1000]: user=elisha_szeto password=5rSpVwFK6IwEx status=rejected
<187>2 2025-12-17T17:49:19.187Z forwardbricks-and-clicks.biz quaerat 8075 ID825 - Try to program the SMTP port, maybe it will quantify the multi-byte firewall!
<39>3 2025-12-17T17:49:19.187Z internalvisionary.biz aperiam 3485 ID740 - If we override the card, we can get to the SMS protocol through the open-source SAS hard drive!
<15>2 2025-12-17T17:49:19.187Z dynamicseize.com voluptates 8576 ID289 - If we reboot the panel, we can get to the SMS bus through the wireless JBOD system!
<13>Dec 17 17:49:34 gateway authd[1000]: user=arnon_kenny password=1dhiOcC1E29D status=rejected
<13>Dec 17 17:49:35 gateway authd[1000]: user=sam_silvestro password=dSff1pbEOCjmN status=rejected
<122>1 2025-12-17T17:49:19.187Z investordrive.name dolorem 6977 ID758 - The SMTP card is down, copy the neural transmitter so we can quantify the XML circuit!
<25>2 2025-12-17T17:49:19.187Z forwardsyndicate.net nulla 9600 ID170 - We need to hack the solid state ADP bus!
<13>Dec 17 17:49:37 gateway authd[1000]: user=fardeen_bhimani password=QvJXlRkFe status=rejected
<13>Dec 17 17:49:41 gateway authd[1000]: user=rajendra_boppana password=D3f3kbelOa3j status=rejected
<184>2 2025-12-17T17:49:19.187Z dynamicnetworks.io impedit 3790 ID724 - Try to parse the HDD array, maybe it will hack the 1080p matrix!
<93>3 2025-12-17T17:49:19.187Z regionale-commerce.info voluptas 8899 ID720 - I'Ll synthesize the virtual AI microchip, that should array the PNG card!
<13>Dec 17 17:49:46 gateway authd[1000]: user=sam_silvestro password=5ypTL3wF2XEqr status=rejected
<133>3 2025-12-17T17:49:19.187Z seniorsyndicate.com veritatis 2396 ID131 - You can't calculate the bandwidth without copying the mobile FTP transmitter!
<13>Dec 17 17:49:50 gateway authd[1000]: user=rajendra_boppana password=Z4TFidqIAq6Ky status=rejected
<13>Dec 17 17:49:54 gateway authd[1000]: user=turgay_korkmaz password=aO7WNmvjt6 status=rejected
<13>Dec 17 17:49:55 gateway authd[1000]: user=judith_infante password=mKyCIJ8rR1DVQj status=rejected
<58>2 2025-12-17T17:49:19.187Z investorsynergies.biz minima 5329 ID610 - We need to navigate the back-end SMTP microchip!
<27>3 2025-12-17T17:49:19.187Z forwardstrategize.org nihil 7278 ID82 - If we override the transmitter, we can get to the SAS system through the multi-byte RSS array!
<176>3 2025-12-17T17:49:19.187Z internationalintuitive.name nihil 637 ID617 - If we reboot the panel, we can get to the AI microchip through the mobile PCI port!
<108>1 2025-12-17T17:49:19.187Z customercultivate.org nisi 1156 ID924 - Use the haptic CSS feed, then you can parse the 1080p panel!
<1>1 2025-12-17T17:49:19.187Z principalcollaborative.org aut 1695 ID734 - Use the 1080p COM hard drive, then you can calculate the redundant microchip!
<99>2 2025-12-17T17:49:19.187Z internalclicks-and-mortar.biz temporibus 6716 ID749 - If we synthesize the card, we can get to the RAM bus through the solid state SQL bandwidth!
<63>3 2025-12-17T17:49:19.187Z forwardinnovate.net debitis 7952 ID68 - Use the wireless XSS bus, then you can generate the auxiliary sensor!
<13>Dec 17 17:50:00 gateway authd[1000]: user=drew_osborn password=bv1wRbbp5 status=rejected
<7>2 2025-12-17T17:49:19.187Z internalcollaborative.net quas 6515 ID116 - We need to calculate the mobile HDD capacitor!
<13>Dec 17 17:50:03 gateway authd[1000]: user=curran_hill password=FDll5sJu8PIr5 status=rejected
<138>3 2025-12-17T17:49:19.187Z dynamicenterprise.io ut 1711 ID733 - I'Ll calculate the cross-platform SAS bandwidth, that should bus the TCP feed!
<125>1 2025-12-17T17:49:19.187Z internalubiquitous.net provident 2156 ID65 - We need to compress the cross-platform SCSI microchip!
<96>1 2025-12-17T17:49:19.187Z legacyvisionary.net explicabo 127 ID965 - I'Ll copy the digital SMS sensor, that should firewall the JBOD hard drive!
<56>3 2025-12-17T17:49:19.187Z principalone-to-one.io commodi 7021 ID729 - I'Ll override the auxiliary HDD protocol, that should circuit the RAM bandwidth!
<78>3 2025-12-17T17:49:19.187Z centralexperiences.net omnis 988 ID184 - I'Ll synthesize the auxiliary RAM microchip, that should interface the SCSI alarm!
<13>Dec 17 17:50:08 gateway authd[1000]: user=oliver_krauss password=VMrESIG0k status=rejected
<65>3 2025-12-17T17:49:19.187Z customermagnetic.com consequatur 4393 ID479 - Generating the firewall won't do anything, we need to program the 1080p FTP panel!
<63>3 2025-12-17T17:49:19.187Z seniore-enable.io voluptas 7756 ID289 - The ADP protocol is down, index the solid state microchip so we can generate the ADP sensor!
<13>Dec 17 17:50:13 gateway authd[1000]: user=elocin_pettit password=ckMrTWc9 status=rejected
<170>1 2025-12-17T17:49:19.187Z directparadigms.org iste 1389 ID993 - You can't transmit the array without programming the digital EXE program!
<157>2 2025-12-17T17:49:19.187Z investorinnovate.biz dolor 5513 ID345 - I'Ll override the auxiliary THX port, that should transmitter the CSS system!
<88>2 2025-12-17T17:49:19.187Z dynamicusers.biz dolorem 4742 ID51 - If we synthesize the matrix, we can get to the PCI monitor through the neural SMTP circuit!
<79>3 2025-12-17T17:49:19.187Z productextend.info beatae 5359 ID93 - You can't compress the system without overriding the back-end XSS pixel!
<123>2 2025-12-17T17:49:19.187Z forwardubiquitous.net dolores 425 ID421 - If we bypass the alarm, we can get to the AGP interface through the neural FTP interface!
<13>Dec 17 17:50:16 gateway authd[1000]: user=christopher_chilek password=xY1kjoi4RSf status=rejected
<129>2 2025-12-17T17:49:19.187Z producte-enable.biz sequi 8010 ID548 - I'Ll index the bluetooth SAS panel, that should firewall the THX microchip!
<77>3 2025-12-17T17:49:19.187Z internaldrive.com impedit 5235 ID562 - Use the haptic JSON capacitor, then you can parse the redundant system!
<78>1 2025-12-17T17:49:19.187Z principalmaximize.net modi 4144 ID602 - Connecting the alarm won't do anything, we need to compress the neural XML program!
<127>1 2025-12-17T17:49:19.187Z regionalorchestrate.net sequi 5398 ID583 - Use the solid state HTTP circuit, then you can generate the solid state firewall!
<179>3 2025-12-17T17:49:19.187Z dynamicweb-enabled.org rerum 5973 ID321 - You can't connect the pixel without parsing the wireless IB port!
<54>3 2025-12-17T17:49:19.187Z dynamicviral.biz iste 4448 ID956 - I'Ll input the cross-platform TCP array, that should monitor the SAS alarm!
<146>1 2025-12-17T17:49:19.187Z forwardinitiatives.com tenetur 6196 ID683 - I'Ll copy the primary JBOD card, that should monitor the SMS microchip!
<176>2 2025-12-17T17:49:19.187Z humanwireless.info eligendi 6069 ID756 - Indexing the transmitter won't do anything, we need to reboot the optical CSS matrix!
<115>2 2025-12-17T17:49:19.187Z investorend-to-end.com voluptas 9902 ID470 - We need to synthesize the auxiliary HDD bandwidth!
<67>1 2025-12-17T17:49:19.187Z dynamicsexy.name ut 2050 ID573 - You can't connect the port without transmitting the digital XML circuit!
<13>Dec 17 17:50:21 gateway authd[1000]: user=matthew_gibson_lopez password=CAWWtgGCG1 status=rejected
<24>3 2025-12-17T17:49:19.187Z chiefenvisioneer.net est 6871 ID258 - I'Ll hack the redundant IB transmitter, that should bandwidth the AI capacitor!
<13>Dec 17 17:50:25 gateway authd[1000]: user=palden_lama password=LXytHKvNP status=rejected
<13>Dec 17 17:50:29 gateway authd[1000]: user=will_dedominico password=IzWxoihbBQh status=rejected
<138>1 2025-12-17T17:49:19.187Z centraldeliverables.io illum 4883 ID344 - Use the bluetooth TCP system, then you can reboot the digital card!
<38>2 2025-12-17T17:49:19.187Z customerweb-readiness.com fugiat 60 ID942 - You can't program the microchip without navigating the back-end SDD array!
<4>2 2025-12-17T17:49:19.187Z dynamicsupply-chains.biz recusandae 3307 ID387 - Try to back up the PNG program, maybe it will back up the digital circuit!
<5>1 2025-12-17T17:49:19.187Z principalinfrastructures.io illo 5753 ID204 - Try to back up the AGP bandwidth, maybe it will input the primary sensor!
<135>3 2025-12-17T17:49:19.187Z globaltarget.com doloribus 6704 ID271 - You can't program the circuit without copying the virtual SCSI sensor!
<169>2 2025-12-17T17:49:19.187Z districtopen-source.io id 1310 ID262 - The EXE bus is down, connect the online program so we can quantify the RSS port!
<167>1 2025-12-17T17:49:19.187Z customerchannels.info repellat 708 ID623 - We need to bypass the back-end COM hard drive!
<13>Dec 17 17:50:34 gateway authd[1000]: user=joaquin password=b8tH0PNwhT status=rejected
<13>Dec 17 17:50:37 gateway authd[1000]: user=hailey_muniz password=JYVLR2eqKW status=rejected
<13>Dec 17 17:50:41 gateway authd[1000]: user=eric_lee password=PAxinOYB status=rejected
<172>2 2025-12-17T17:49:19.187Z centralextensible.biz enim 8779 ID476 - You can't navigate the application without compressing the neural EXE protocol!
<159>3 2025-12-17T17:49:19.187Z productengage.name iure 4163 ID707 - You can't reboot the application without programming the primary PCI panel!
<107>1 2025-12-17T17:49:19.187Z nationalscale.net alias 2399 ID714 - Use the auxiliary XSS bus, then you can parse the open-source transmitter!
<24>2 2025-12-17T17:49:19.187Z districtcompelling.name aut 4544 ID22 - Connecting the monitor won't do anything, we need to override the primary JSON protocol!
<81>1 2025-12-17T17:49:19.187Z seniorusers.info voluptas 804 ID336 - I'Ll navigate the optical TCP driver, that should program the SQL transmitter!
<145>1 2025-12-17T17:49:19.187Z dynamice-commerce.net doloribus 7169 ID581 - Use the digital TCP bus, then you can hack the haptic port!
<111>1 2025-12-17T17:49:19.187Z corporaterelationships.io quam 9838 ID931 - I'Ll parse the neural JSON driver, that should port the SCSI card!
<97>2 2025-12-17T17:49:19.187Z seniorcontent.name eveniet 8110 ID410 - You can't calculate the driver without overriding the digital SMTP alarm!
<23>3 2025-12-17T17:49:19.187Z chiefglobal.net doloremque 3290 ID682 - Try to navigate the GB port, maybe it will synthesize the auxiliary interface!
<150>1 2025-12-17T17:49:19.187Z districtb2c.name et 8467 ID143 - If we parse the program, we can get to the USB alarm through the neural SMTP monitor!
<139>1 2025-12-17T17:49:19.187Z principalb2b.io porro 6111 ID706 - If we transmit the circuit, we can get to the AI firewall through the auxiliary THX matrix!
<13>Dec 17 17:50:45 gateway authd[1000]: user=arnon_kenny password=sPJawp9I7K status=rejected
<13>Dec 17 17:50:48 gateway authd[1000]: user=dyshana_torres_rivera password=ZkPx0YF8um status=rejected
<96>1 2025-12-17T17:49:19.187Z chiefsyndicate.info placeat 4704 ID426 - You can't program the sensor without bypassing the primary RSS firewall!
<49>2 2025-12-17T17:49:19.187Z chiefe-markets.io quis 7258 ID645 - Use the virtual HTTP driver, then you can index the back-end transmitter!
<187>1 2025-12-17T17:49:19.187Z forwardvisualize.io totam 756 ID184 - We need to synthesize the wireless THX feed!
<20>3 2025-12-17T17:49:19.187Z districtexpedite.info quia 3820 ID12 - Try to connect the HDD sensor, maybe it will parse the open-source monitor!
<164>1 2025-12-17T17:49:19.187Z nationaldeliver.com ea 2882 ID850 - Try to program the RSS alarm, maybe it will parse the 1080p program!
<13>Dec 17 17:50:49 gateway authd[1000]: user=hailey_muniz password=S45nFOpk8hYA status=rejected
<89>3 2025-12-17T17:49:19.187Z humanwhiteboard.io repudiandae 427 ID480 - Compressing the microchip won't do anything, we need to input the mobile PCI monitor!
<83>2 2025-12-17T17:49:19.187Z internalglobal.com rerum 8818 ID467 - We need to program the open-source ADP sensor!
<13>Dec 17 17:50:51 gateway authd[1000]: user=john_oritz password=2AYicwIYvB status=rejected
<120>2 2025-12-17T17:49:19.187Z directe-business.com aut 7470 ID674 - I'Ll program the 1080p RSS transmitter, that should alarm the XML transmitter!
<148>1 2025-12-17T17:49:19.187Z productvortals.name dolore 4790 ID459 - I'Ll navigate the digital AI monitor, that should transmitter the FTP matrix!
<13>Dec 17 17:50:56 gateway authd[1000]: user=sam_silvestro password=aSiGNZ1MMgn status=rejected
<119>2 2025-12-17T17:49:19.187Z globaltransparent.com quisquam 727 ID828 - If we navigate the system, we can get to the JSON card through the wireless FTP array!
<174>1 2025-12-17T17:49:19.187Z internationalcross-platform.net est 3249 ID798 - Try to bypass the XSS microchip, maybe it will generate the back-end alarm!
<66>2 2025-12-17T17:49:19.187Z internalclicks-and-mortar.com sit 7756 ID996 - We need to navigate the virtual XSS sensor!
<64>1 2025-12-17T17:49:19.187Z internationalmission-critical.io ex 1844 ID713 - If we connect the transmitter, we can get to the IB interface through the bluetooth SCSI capacitor!
<13>Dec 17 17:51:01 gateway authd[1000]: user=murtuza_jadliwala password=vgLjipLlrzuCvB status=rejected
<96>1 2025-12-17T17:49:19.187Z chiefbleeding-edge.org quis 8598 ID967 - Try to index the GB interface, maybe it will parse the back-end array!
<13>Dec 17 17:51:04 gateway authd[1000]: user=john_quarles password=xy9IzhHzf2Klg8 status=rejected
<13>Dec 17 17:51:09 gateway authd[1000]: user=martin_benavides password=Js2bRSjFuem5D status=rejected
<39>1 2025-12-17T17:49:19.187Z dynamicexploit.org rerum 3443 ID934 - The SSL port is down, transmit the auxiliary monitor so we can quantify the SDD circuit!
<13>Dec 17 17:51:10 gateway authd[1000]: user=walker_caskey password=X6e9jWF6L4k status=rejected
<186>1 2025-12-17T17:49:19.187Z seniorintuitive.info dolorum 2434 ID882 - Overriding the program won't do anything, we need to navigate the 1080p AGP feed!
<13>Dec 17 17:51:11 gateway authd[1000]: user=mimi_xie password=NgUm4c2kaY6hU status=rejected
<13>Dec 17 17:51:13 gateway authd[1000]: user=christopher_chilek password=xAM8qUOAsJCV status=rejected
<103>2 2025-12-17T17:49:19.187Z humanportals.org distinctio 2565 ID470 - The XML bandwidth is down, compress the auxiliary pixel so we can quantify the XSS capacitor!
<10>3 2025-12-17T17:49:19.187Z dynamicmatrix.net ratione 4928 ID254 - Try to bypass the JSON program, maybe it will override the 1080p feed!
<173>2 2025-12-17T17:49:19.187Z internalone-to-one.com reprehenderit 8345 ID113 - The XSS monitor is down, input the cross-platform firewall so we can quantify the SAS protocol!
<80>3 2025-12-17T17:49:19.187Z customertransparent.biz ut 6898 ID571 - Bypassing the protocol won't do anything, we need to navigate the digital USB array!
<79>3 2025-12-17T17:49:19.187Z districtturn-key.net ut 2851 ID933 - Hacking the application won't do anything, we need to connect the wireless SDD feed!
<118>1 2025-12-17T17:49:19.187Z investorintegrate.com et 7934 ID633 - You can't connect the system without calculating the redundant AGP array!
<45>3 2025-12-17T17:49:19.187Z customermetrics.name ab 9497 ID912 - Try to hack the RAM card, maybe it will transmit the 1080p hard drive!
<13>Dec 17 17:51:15 gateway authd[1000]: user=martin_benavides password=vbXWZf2chQuL status=rejected
<13>Dec 17 17:51:17 gateway authd[1000]: user=rajendra_boppana password=J6P797ejkVb4 status=rejected
<13>Dec 17 17:51:22 gateway authd[1000]: user=zakharias_joseph password=mx5Bs1E5VPW3 status=rejected
<118>2 2025-12-17T17:49:19.187Z corporateschemas.info aut 1507 ID464 - We need to bypass the wireless IB system!
<132>3 2025-12-17T17:49:19.187Z chiefubiquitous.net veritatis 3375 ID813 - You can't bypass the driver without generating the cross-platform ADP interface!
<13>Dec 17 17:51:27 gateway authd[1000]: user=walker_caskey password=RbDTLn6sQ9 status=rejected
<13>Dec 17 17:51:30 gateway authd[1000]: user=zakharias_joseph password=JnWLIOiOldifH status=rejected
<46>2 2025-12-17T17:49:19.187Z globalinfomediaries.biz in 4637 ID237 - Copying the bandwidth won't do anything, we need to back up the multi-byte CSS monitor!
<130>2 2025-12-17T17:49:19.187Z corporatestreamline.org eius 2754 ID813 - Try to quantify the TCP monitor, maybe it will back up the digital program!
<12>3 2025-12-17T17:49:19.187Z dynamicmaximize.io voluptatem 674 ID734 - The THX matrix is down, hack the auxiliary program so we can hack the JSON port!
<13>Dec 17 17:51:31 gateway authd[1000]: user=turgay_korkmaz password=4WZCQsgN status=rejected
<13>Dec 17 17:51:33 gateway authd[1000]: user=joaquin password=V9r4YEigbuDdzj status=rejected
<13>Dec 17 17:51:37 gateway authd[1000]: user=elisha_szeto password=GlC0OOHO status=rejected
<155>2 2025-12-17T17:49:19.187Z chiefoptimize.com enim 2842 ID853 - The EXE sensor is down, override the solid state card so we can override the AGP program!
<127>1 2025-12-17T17:49:19.187Z globaldeliver.name cupiditate 7380 ID794 - I'Ll back up the back-end HTTP panel, that should bandwidth the PNG pixel!
<155>2 2025-12-17T17:49:19.187Z globalbleeding-edge.biz voluptate 4199 ID593 - The XML sensor is down, hack the cross-platform port so we can copy the RSS pixel!
<41>2 2025-12-17T17:49:19.187Z chiefengage.com est 1364 ID852 - Indexing the circuit won't do anything, we need to hack the solid state SCSI system!
<125>3 2025-12-17T17:49:19.187Z legacygranular.io accusamus 4058 ID154 - Synthesizing the bus won't do anything, we need to generate the open-source HDD panel!
<13>Dec 17 17:51:38 gateway authd[1000]: user=john_heaps password=j75dFwePIRCGj status=rejected
<180>1 2025-12-17T17:49:19.187Z regionalcustomized.name corrupti 2286 ID611 - We need to connect the wireless JSON port!
<13>Dec 17 17:51:39 gateway authd[1000]: user=john_quarles password=924Z2FR3HC status=rejected
<13>Dec 17 17:51:41 gateway authd[1000]: user=fardeen_bhimani password=lhlOqdFDVHg status=rejected
<67>3 2025-12-17T17:49:19.187Z leadgrow.biz consequatur 939 ID832 - If we transmit the port, we can get to the SDD pixel through the bluetooth SSL card!
<109>1 2025-12-17T17:49:19.187Z forwardpartnerships.info et 9581 ID704 - Navigating the sensor won't do anything, we need to calculate the multi-byte PNG bandwidth!
<27>2 2025-12-17T17:49:19.187Z forwardfrictionless.net quia 7502 ID779 - Hacking the sensor won't do anything, we need to navigate the solid state SMTP capacitor!
<60>2 2025-12-17T17:49:19.187Z principal24/7.org voluptatum 1597 ID987 - If we transmit the capacitor, we can get to the JSON hard drive through the cross-platform SQL feed!
<187>3 2025-12-17T17:49:19.187Z customercross-media.name reprehenderit 6165 ID418 - We need to override the open-source SSL firewall!
<13>Dec 17 17:51:43 gateway authd[1000]: user=hailey_muniz password=qt413I385KTp status=rejected
<98>1 2025-12-17T17:49:19.187Z regionalmethodologies.net quisquam 9992 ID385 - If we calculate the panel, we can get to the SMS card through the open-source GB hard drive!
<156>1 2025-12-17T17:49:19.187Z dynamicexpedite.name qui 8689 ID710 - We need to navigate the wireless SCSI bandwidth!
<90>3 2025-12-17T17:49:19.187Z internalb2b.org ab 2498 ID765 - You can't calculate the program without overriding the multi-byte COM transmitter!
<13>Dec 17 17:51:47 gateway authd[1000]: user=martin_benavides password=3kwm5qe1Yd7vFL status=rejected
<184>1 2025-12-17T17:49:19.187Z productempower.io temporibus 6704 ID904 - If we hack the interface, we can get to the GB capacitor through the 1080p AI card!
<80>1 2025-12-17T17:49:19.187Z chiefroi.org amet 9033 ID692 - Overriding the array won't do anything, we need to input the back-end SMTP matrix!
<123>3 2025-12-17T17:49:19.187Z customerleading-edge.com ullam 166 ID182 - We need to input the mobile RAM bandwidth!
<13>Dec 17 17:51:52 gateway authd[1000]: user=mimi_xie password=c4BCnzEUcYKBm status=rejected
<101>3 2025-12-17T17:49:19.187Z legacyvisionary.name veritatis 1100 ID214 - Use the wireless HTTP hard drive, then you can reboot the primary matrix!
<13>Dec 17 17:51:56 gateway authd[1000]: user=eric_lee password=1Z1ypHuU status=rejected
<107>3 2025-12-17T17:49:19.187Z globalinnovative.io vel 5849 ID740 - You can't parse the bus without navigating the neural HDD sensor!
<121>1 2025-12-17T17:49:19.187Z chiefsupply-chains.org eum 610 ID602 - If we compress the matrix, we can get to the AGP application through the neural TCP pixel!
<146>2 2025-12-17T17:49:19.187Z districttransparent.name omnis 971 ID571 - Indexing the card won't do anything, we need to navigate the online AI system!
<117>1 2025-12-17T17:49:19.187Z districtbleeding-edge.biz debitis 1854 ID46 - You can't parse the monitor without connecting the virtual XML alarm!
<13>Dec 17 17:51:57 gateway authd[1000]: user=john_oritz password=ZVjSFwvqxXIND status=rejected
<38>1 2025-12-17T17:49:19.187Z customerengage.com assumenda 4382 ID835 - I'Ll bypass the primary TCP application, that should monitor the GB capacitor!
<133>1 2025-12-17T17:49:19.187Z seniorvisualize.biz dignissimos 1565 ID656 - You can't navigate the sensor without backing up the neural COM system!
<51>1 2025-12-17T17:49:19.187Z chiefdeploy.name incidunt 4542 ID927 - Compressing the transmitter won't do anything, we need to quantify the wireless CSS bus!
<95>2 2025-12-17T17:49:19.187Z corporatee-services.name similique 2876 ID119 - Use the 1080p JSON sensor, then you can navigate the wireless capacitor!
<31>3 2025-12-17T17:49:19.187Z corporateeyeballs.biz qui 6993 ID822 - I'Ll calculate the open-source SMTP array, that should pixel the HTTP driver!
<117>1 2025-12-17T17:49:19.187Z globaldrive.info qui 504 ID9 - Generating the transmitter won't do anything, we need to program the neural XML monitor!
<42>2 2025-12-17T17:49:19.187Z globale-commerce.info molestias 8933 ID413 - Overriding the bus won't do anything, we need to hack the redundant PCI program!
<159>3 2025-12-17T17:49:19.187Z internationalglobal.io molestiae 3616 ID682 - Use the digital AI port, then you can generate the open-source interface!
<32>2 2025-12-17T17:49:19.187Z legacyengage.info eos 8719 ID608 - If we navigate the microchip, we can get to the EXE bandwidth through the primary THX feed!
<107>1 2025-12-17T17:49:19.187Z dynamicrelationships.info molestias 7831 ID85 - Use the open-source HTTP circuit, then you can synthesize the back-end microchip!
<168>3 2025-12-17T17:49:19.187Z leadseamless.name quasi 1348 ID233 - You can't generate the array without copying the digital SQL bus!
<13>Dec 17 17:52:02 gateway authd[1000]: user=john_heaps password=H4FpaxL6ExdF status=rejected
<6>1 2025-12-17T17:49:19.187Z nationalapplications.io commodi 4129 ID677 - We need to synthesize the wireless SCSI monitor!
<13>Dec 17 17:52:07 gateway authd[1000]: user=will_dedominico password=0sm1ulb3of status=rejected
<38>2 2025-12-17T17:49:19.187Z principalfront-end.com eligendi 8322 ID198 - We need to generate the solid state SAS transmitter!
<13>Dec 17 17:52:10 gateway authd[1000]: user=oliver_krauss password=spPZSiI6zNZ status=rejected
<54>2 2025-12-17T17:49:19.187Z leadseamless.biz aperiam 1142 ID326 - Copying the program won't do anything, we need to synthesize the open-source AGP alarm!
<30>2 2025-12-17T17:49:19.187Z internationalenvisioneer.name corporis 3846 ID616 - You can't override the interface without indexing the mobile SMS card!
<13>Dec 17 17:52:13 gateway authd[1000]: user=dyshana_torres_rivera password=ybZ1sVbq77hpUP status=rejected
<13>Dec 17 17:52:18 gateway authd[1000]: user=mahi_mohashin password=qZbLaHCLD status=rejected
<143>2 2025-12-17T17:49:19.187Z seniorenable.io officia 7559 ID553 - Try to bypass the TCP bus, maybe it will bypass the back-end transmitter!
<58>2 2025-12-17T17:49:19.187Z forwardimpactful.org est 8249 ID622 - The SSL microchip is down, parse the solid state panel so we can generate the GB circuit!
<59>1 2025-12-17T17:49:19.187Z legacyrich.io et 6149 ID556 - Overriding the protocol won't do anything, we need to override the mobile GB firewall!
<3>1 2025-12-17T17:49:19.187Z forwardmission-critical.biz odit 2542 ID956 - You can't calculate the monitor without indexing the mobile EXE port!
<91>3 2025-12-17T17:49:19.187Z directtransform.net rerum 2432 ID658 - Try to synthesize the COM interface, maybe it will reboot the redundant array!
<42>3 2025-12-17T17:49:19.187Z nationalcutting-edge.name illum 3517 ID57 - If we reboot the program, we can get to the JSON system through the virtual USB panel!
<178>3 2025-12-17T17:49:19.187Z productnext-generation.biz sed 6418 ID39 - The XML alarm is down, index the auxiliary circuit so we can parse the COM microchip!
<87>1 2025-12-17T17:49:19.187Z internationalsticky.io odio 8126 ID859 - Use the multi-byte SAS protocol, then you can copy the virtual feed!
<13>Dec 17 17:52:22 gateway authd[1000]: user=christopher_chilek password=iInjtmg5WKl4 status=rejected
<44>1 2025-12-17T17:49:19.187Z corporateexpedite.biz et 333 ID74 - Backing up the card won't do anything, we need to connect the wireless GB interface!
<13>Dec 17 17:52:24 gateway authd[1000]: user=drew_osborn password=Qgk5bsn4 status=rejected
<164>2 2025-12-17T17:49:19.187Z principalniches.io et 8863 ID923 - I'Ll hack the digital SMS alarm, that should array the ADP system!
<13>Dec 17 17:52:26 gateway authd[1000]: user=palden_lama password=f7VpWmhzZ status=rejected
<189>3 2025-12-17T17:49:19.187Z legacysexy.io voluptatum 3217 ID893 - We need to override the open-source ADP card!
<78>2 2025-12-17T17:49:19.187Z centralplug-and-play.name et 991 ID602 - We need to copy the optical CSS bandwidth!
<181>3 2025-12-17T17:49:19.187Z legacy24/365.io eos 1679 ID182 - The XML application is down, hack the online driver so we can compress the SMS program!
<168>2 2025-12-17T17:49:19.187Z districte-enable.io iste 4282 ID908 - I'Ll reboot the neural PCI matrix, that should firewall the CSS panel!
<167>2 2025-12-17T17:49:19.187Z futuresystems.info id 4099 ID948 - Use the cross-platform SCSI alarm, then you can back up the multi-byte hard drive!
<14>2 2025-12-17T17:49:19.187Z productportals.org et 4829 ID741 - We need to synthesize the auxiliary SQL monitor!
<111>1 2025-12-17T17:49:19.187Z regionalnetworks.net vel 9246 ID348 - Generating the system won't do anything, we need to compress the mobile IB hard drive!
<107>3 2025-12-17T17:49:19.187Z corporatee-services.org laboriosam 3703 ID970 - I'Ll generate the neural AGP monitor, that should port the GB protocol!
<99>2 2025-12-17T17:49:19.187Z nationalmethodologies.org qui 7150 ID572 - We need to connect the multi-byte HTTP driver!
<153>1 2025-12-17T17:49:19.187Z productworld-class.org consectetur 879 ID140 - If we calculate the port, we can get to the COM microchip through the 1080p XSS interface!
<13>Dec 17 17:52:27 gateway authd[1000]: user=arnon_kenny password=VMqFjNEnCi status=rejected
<13>Dec 17 17:52:31 gateway authd[1000]: user=dyshana_torres_rivera password=V52yZYw6rzVC85 status=rejected
<47>2 2025-12-17T17:49:19.187Z districtrobust.com enim 268 ID646 - We need to connect the redundant THX program!
<61>3 2025-12-17T17:49:19.187Z regionalexploit.name iste 634 ID9 - The PCI microchip is down, bypass the primary pixel so we can compress the AI matrix!
<23>1 2025-12-17T17:49:19.187Z customercustomized.com rerum 3984 ID90 - Use the solid state USB sensor, then you can transmit the wireless alarm!
<23>2 2025-12-17T17:49:19.187Z seniorroi.com pariatur 7506 ID581 - I'Ll input the open-source XSS card, that should alarm the AI protocol!
<152>2 2025-12-17T17:49:19.187Z districtmatrix.info dolores 5648 ID310 - Use the 1080p IB application, then you can hack the open-source application!
<189>3 2025-12-17T17:49:19.187Z forwarditerate.com laborum 242 ID353 - The PCI panel is down, generate the neural system so we can copy the RSS firewall!
<105>3 2025-12-17T17:49:19.187Z districtcustomized.org vel 9109 ID723 - Use the redundant TCP bus, then you can input the auxiliary panel!
<6>3 2025-12-17T17:49:19.187Z investorinteractive.name quia 8386 ID48 - Try to back up the IB circuit, maybe it will back up the open-source monitor!
<13>Dec 17 17:52:34 gateway authd[1000]: user=zakharias_joseph password=cycpc5OWY status=rejected
<13>Dec 17 17:52:39 gateway authd[1000]: user=elocin_pettit password=jR7bWn6UdNRYNx status=rejected
<13>Dec 17 17:52:42 gateway authd[1000]: user=oliver_krauss password=wLG8EGZ6YQAwJb status=rejected
<30>3 2025-12-17T17:49:19.187Z chiefsynergize.com quaerat 4997 ID495 - Synthesizing the sensor won't do anything, we need to hack the neural AGP interface!
<13>Dec 17 17:52:46 gateway authd[1000]: user=murtuza_jadliwala password=E3Mw4J0LyNj status=rejected
<13>Dec 17 17:52:49 gateway authd[1000]: user=timothy_yuen password=HZGyeDYoNJsX status=rejected
<5>1 2025-12-17T17:49:19.187Z legacyholistic.name quisquam 3977 ID580 - If we bypass the application, we can get to the RSS transmitter through the auxiliary AI interface!
<13>Dec 17 17:52:54 gateway authd[1000]: user=mahi_mohashin password=MIjT1TDb status=rejected
<94>2 2025-12-17T17:49:19.187Z seniorvisualize.org possimus 1224 ID377 - You can't synthesize the card without parsing the multi-byte IB panel!
<42>1 2025-12-17T17:49:19.187Z internationalback-end.io cupiditate 4994 ID771 - Try to bypass the TCP circuit, maybe it will compress the primary hard drive!
<99>3 2025-12-17T17:49:19.187Z chiefe-enable.info alias 1754 ID978 - We need to back up the optical XSS application!
<2>3 2025-12-17T17:49:19.187Z dynamicinnovative.io officia 9313 ID488 - We need to parse the digital SAS interface!
<14>1 2025-12-17T17:49:19.187Z globalvirtual.org voluptatem 8046 ID524 - If we connect the bandwidth, we can get to the CSS bandwidth through the solid state GB feed!
<11>3 2025-12-17T17:49:19.187Z dynamicmesh.org corporis 6552 ID619 - If we compress the monitor, we can get to the COM matrix through the open-source SAS application!
<185>2 2025-12-17T17:49:19.187Z dynamicexploit.org debitis 3680 ID232 - If we hack the card, we can get to the JBOD microchip through the neural SCSI feed!
<85>1 2025-12-17T17:49:19.187Z customerinnovative.name minus 3864 ID145 - We need to connect the wireless RSS monitor!
<13>Dec 17 17:52:55 gateway authd[1000]: user=judith_infante password=KfVNoObLH9p4ZL status=rejected
<56>1 2025-12-17T17:49:19.187Z districtmindshare.biz sint 9742 ID925 - The HDD port is down, calculate the digital port so we can synthesize the SDD alarm!
<49>1 2025-12-17T17:49:19.187Z principalrich.io consectetur 8767 ID474 - You can't generate the panel without parsing the digital THX program!
<13>Dec 17 17:52:59 gateway authd[1000]: user=joaquin password=maryRccldh status=rejected
<30>1 2025-12-17T17:49:19.187Z internationalvirtual.io eos 1921 ID1 - The SAS circuit is down, reboot the digital monitor so we can reboot the SAS capacitor!
<18>1 2025-12-17T17:49:19.187Z customerengage.org laborum 5165 ID575 - If we parse the card, we can get to the SDD program through the multi-byte JSON array!
<40>1 2025-12-17T17:49:19.187Z legacye-markets.net ab 3017 ID927 - We need to parse the neural SSL sensor!
<26>1 2025-12-17T17:49:19.187Z internationalcommunities.net sunt 7755 ID229 - You can't synthesize the alarm without connecting the bluetooth RSS interface!
<93>2 2025-12-17T17:49:19.187Z regionalstrategize.io doloribus 3634 ID710 - You can't input the port without connecting the neural GB firewall!
<13>Dec 17 17:53:02 gateway authd[1000]: user=murtuza_jadliwala password=N0boQNOGFCCClI status=rejected
<13>Dec 17 17:53:06 gateway authd[1000]: user=palden_lama password=CMKH4b9GoWl status=rejected
<13>Dec 17 17:53:10 gateway authd[1000]: user=fardeen_bhimani password=Ec0G2CnvB2 status=rejected
<7>2 2025-12-17T17:49:19.187Z customerinfomediaries.com sunt 8330 ID949 - Backing up the application won't do anything, we need to program the optical RAM bus!
<25>1 2025-12-17T17:49:19.187Z forwardusers.biz officia 7504 ID605 - You can't transmit the microchip without bypassing the digital HTTP microchip!
<101>2 2025-12-17T17:49:19.187Z leadutilize.biz impedit 5868 ID730 - I'Ll override the solid state XSS hard drive, that should port the XSS circuit!
<186>1 2025-12-17T17:49:19.187Z directdeliver.net ea 1114 ID933 - You can't override the matrix without copying the virtual SQL program!
<31>2 2025-12-17T17:49:19.187Z dynamicdeploy.info error 4275 ID757 - Use the haptic HTTP system, then you can reboot the bluetooth array!
<46>3 2025-12-17T17:49:19.187Z seniorfront-end.net ut 3057 ID920 - Try to index the THX microchip, maybe it will back up the optical feed!
<35>1 2025-12-17T17:49:19.187Z dynamicbenchmark.com ducimus 2517 ID866 - If we parse the firewall, we can get to the HTTP port through the multi-byte CSS monitor!
<103>1 2025-12-17T17:49:19.187Z principalmethodologies.io in 6813 ID560 - You can't parse the monitor without overriding the auxiliary FTP interface!
<13>Dec 17 17:53:12 gateway authd[1000]: user=william_chen password=vdcXxGtjSV2 status=rejected
<35>1 2025-12-17T17:49:19.187Z directcross-media.com omnis 7677 ID548 - Try to index the PCI circuit, maybe it will back up the cross-platform array!
<86>3 2025-12-17T17:49:19.187Z chiefrich.com distinctio 9045 ID304 - I'Ll override the open-source PCI bandwidth, that should panel the AGP firewall!
<11>1 2025-12-17T17:49:19.187Z forwardinitiatives.net veritatis 6934 ID846 - The SCSI card is down, program the haptic firewall so we can input the ADP array!
<13>Dec 17 17:53:13 gateway authd[1000]: user=john_quarles password=g6z4tbeGIw6 status=rejected
<30>2 2025-12-17T17:49:19.187Z humanweb-enabled.info ullam 8615 ID410 - If we program the alarm, we can get to the PNG pixel through the online COM hard drive!
<133>3 2025-12-17T17:49:19.187Z corporatesticky.info voluptate 7685 ID399 - Try to compress the GB card, maybe it will back up the haptic card!
<13>Dec 17 17:53:16 gateway authd[1000]: user=elisha_szeto password=6T14eemxP0HU status=rejected
<112>2 2025-12-17T17:49:19.187Z forwardclicks-and-mortar.net rerum 2720 ID930 - The FTP microchip is down, connect the optical program so we can compress the SSL transmitter!
<79>2 2025-12-17T17:49:19.187Z chiefdistributed.io repellat 5740 ID398 - I'Ll copy the multi-byte HDD port, that should bus the SDD system!
<1>3 2025-12-17T17:49:19.187Z globalsyndicate.biz et 6570 ID308 - If we copy the bandwidth, we can get to the RSS card through the multi-byte GB alarm!
<13>Dec 17 17:53:20 gateway authd[1000]: user=matthew_gibson_lopez password=4TLh6Or8F status=rejected
<136>2 2025-12-17T17:49:19.187Z investorseize.net aspernatur 5352 ID873 - Use the virtual JSON transmitter, then you can generate the bluetooth array!
<71>1 2025-12-17T17:49:19.187Z directproductize.org inventore 6152 ID893 - Backing up the array won't do anything, we need to parse the cross-platform USB sensor!
<113>1 2025-12-17T17:49:19.187Z humaninfrastructures.net quis 5870 ID479 - Try to program the AI card, maybe it will bypass the open-source protocol!
<12>1 2025-12-17T17:49:19.187Z dynamicstreamline.info vel 7745 ID426 - I'Ll transmit the redundant HTTP firewall, that should bus the GB system!
<13>Dec 17 17:53:25 gateway authd[1000]: user=drew_osborn password=zolwzvNlWvq7 status=rejected
<152>2 2025-12-17T17:49:19.187Z internationalcustomized.info quia 8901 ID60 - Backing up the driver won't do anything, we need to generate the redundant SMS sensor!
<121>3 2025-12-17T17:49:19.187Z legacye-commerce.name et 9468 ID954 - We need to navigate the virtual AGP firewall!
<76>3 2025-12-17T17:49:19.187Z directmindshare.biz voluptatem 4483 ID618 - If we connect the port, we can get to the XSS system through the digital HDD protocol!
<13>Dec 17 17:53:29 gateway authd[1000]: user=curran_hill password=EmbITOUCMfzsX status=rejected
<16>1 2025-12-17T17:49:19.187Z corporateintegrated.biz alias 8424 ID742 - We need to quantify the digital SAS application!
<168>2 2025-12-17T17:49:19.187Z corporateseamless.info non 2182 ID211 - We need to input the solid state CSS feed!
<144>1 2025-12-17T17:49:19.187Z humanrelationships.org aspernatur 1380 ID468 - Compressing the card won't do anything, we need to parse the primary AGP microchip!
<49>3 2025-12-17T17:49:19.187Z futureembrace.org dicta 8912 ID5 - The JSON bus is down, transmit the optical transmitter so we can program the AI monitor!
<153>2 2025-12-17T17:49:19.187Z customerdisintermediate.com adipisci 1556 ID347 - Hacking the monitor won't do anything, we need to transmit the optical SMS application!
<45>3 2025-12-17T17:49:19.187Z internalubiquitous.com dolores 8606 ID869 - I'Ll navigate the open-source SMTP microchip, that should circuit the ADP card!
<13>Dec 17 17:53:33 gateway authd[1000]: user=judith_infante password=CVOjJ889m status=rejected
<33>1 2025-12-17T17:49:19.187Z seniorintuitive.org quis 4988 ID40 - You can't index the monitor without compressing the haptic THX array!
<62>3 2025-12-17T17:49:19.187Z dynamicincubate.com eveniet 325 ID759 - The PCI capacitor is down, compress the solid state sensor so we can bypass the SCSI microchip!
<39>2 2025-12-17T17:49:19.187Z seniorsynthesize.io atque 3 ID327 - Transmitting the system won't do anything, we need to synthesize the wireless XSS circuit!
<174>3 2025-12-17T17:49:19.187Z districtsynergize.biz totam 9675 ID591 - If we compress the system, we can get to the RSS bandwidth through the online CSS pixel!
<55>3 2025-12-17T17:49:19.187Z chieftransition.io tenetur 9295 ID960 - If we bypass the sensor, we can get to the FTP firewall through the primary ADP port!
<122>3 2025-12-17T17:49:19.187Z leadchannels.org repellat 7616 ID367 - Try to quantify the ADP system, maybe it will input the multi-byte protocol!
<13>Dec 17 17:53:37 gateway authd[1000]: user=elocin_pettit password=NCjQ1HD4 status=rejected
<87>1 2025-12-17T17:49:19.187Z leadreinvent.com provident 8338 ID689 - We need to navigate the wireless ADP hard drive!
<123>2 2025-12-17T17:49:19.187Z chiefout-of-the-box.name soluta 68 ID258 - The XSS sensor is down, hack the redundant driver so we can bypass the CSS card!
<50>3 2025-12-17T17:49:19.187Z customerworld-class.info explicabo 2797 ID200 - Try to generate the ADP transmitter, maybe it will reboot the primary port!
<5>3 2025-12-17T17:49:19.187Z investorfrictionless.name dignissimos 5472 ID48 - Use the virtual TCP circuit, then you can navigate the digital circuit!
<44>2 2025-12-17T17:49:19.187Z internationalvisualize.io reiciendis 3871 ID634 - The SCSI capacitor is down, parse the optical port so we can program the HTTP panel!
<13>Dec 17 17:53:39 gateway authd[1000]: user=timothy_yuen password=nVdVjos0zAW1a status=rejected
<171>2 2025-12-17T17:49:19.187Z futurereinvent.io vel 8488 ID408 - You can't back up the sensor without hacking the back-end GB panel!
<13>Dec 17 17:53:44 gateway authd[1000]: user=william_chen password=EIUo3GbA2OCX7 status=rejected
<13>Dec 17 17:53:48 gateway authd[1000]: user=william_chen password=0OFhfW080jF status=rejected
<2>3 2025-12-17T17:49:19.187Z directparadigms.name et 4462 ID366 - The HDD monitor is down, input the solid state matrix so we can hack the SMS microchip!
<152>3 2025-12-17T17:49:19.187Z globalrepurpose.info voluptatem 6883 ID188 - The SMS circuit is down, reboot the 1080p driver so we can connect the IB firewall!
<164>1 2025-12-17T17:49:19.187Z customerback-end.io iusto 1437 ID551 - The COM card is down, reboot the virtual sensor so we can bypass the CSS card!
<121>2 2025-12-17T17:49:19.187Z globalsynergize.net harum 8167 ID914 - If we synthesize the application, we can get to the HDD application through the redundant SMTP protocol!
<82>1 2025-12-17T17:49:19.187Z corporateinnovative.name rerum 2989 ID401 - Indexing the application won't do anything, we need to override the open-source TCP port!
<13>Dec 17 17:53:50 gateway authd[1000]: user=john_heaps password=pB1n5bMNy status=rejected
<13>Dec 17 17:53:55 gateway authd[1000]: user=john_oritz password=BEDnpZx58Sv61 status=rejected
<162>2 2025-12-17T17:49:19.187Z chiefcompelling.biz sit 5949 ID375 - You can't compress the feed without generating the wireless HTTP port!
<13>Dec 17 17:53:58 gateway authd[1000]: user=will_dedominico password=SwiGYHWr5 status=rejected
<165>3 2025-12-17T17:49:19.187Z directstreamline.info est 5577 ID51 - The SDD transmitter is down, compress the redundant system so we can connect the SMTP protocol!
<174>3 2025-12-17T17:49:19.187Z dynamicback-end.name provident 6851 ID507 - If we program the alarm, we can get to the JSON interface through the wireless FTP capacitor!
<82>1 2025-12-17T17:49:19.187Z humanwireless.com qui 2140 ID463 - Synthesizing the application won't do anything, we need to connect the primary JBOD feed!
<4>2 2025-12-17T17:49:19.187Z directarchitect.org ipsum 5004 ID68 - The HTTP port is down, override the neural capacitor so we can quantify the HDD alarm!
<114>1 2025-12-17T17:49:19.187Z investorincentivize.name molestiae 2549 ID588 - Use the online HTTP application, then you can synthesize the multi-byte protocol!
<113>1 2025-12-17T17:49:19.187Z districtmarkets.name praesentium 221 ID40 - I'Ll copy the wireless IB pixel, that should microchip the JSON program!
<13>Dec 17 17:53:59 gateway authd[1000]: user=curran_hill password=qDb1orRqkhY5fw status=rejected
<176>1 2025-12-17T17:49:19.187Z regionalleverage.com ad 9060 ID490 - The SMS firewall is down, override the 1080p panel so we can compress the XML program!
<13>Dec 17 17:54:02 gateway authd[1000]: user=mimi_xie password=oWMz1KoESTk status=rejected
<33>2 2025-12-17T17:49:19.187Z dynamicrecontextualize.io officiis 2943 ID367 - Try to synthesize the ADP hard drive, maybe it will override the optical alarm!
<142>2 2025-12-17T17:49:19.187Z seniore-business.info ut 7290 ID682 - I'Ll synthesize the wireless USB alarm, that should pixel the RAM bandwidth!
<141>2 2025-12-17T17:49:19.187Z globalrelationships.io culpa 5774 ID786 - Try to quantify the AGP driver, maybe it will transmit the multi-byte bus!
<13>Dec 17 17:54:04 gateway authd[1000]: user=matthew_gibson_lopez password=xYlBqYNoD status=rejected
<127>1 2025-12-17T17:49:19.187Z forwardvertical.com nisi 8784 ID885 - Quantifying the protocol won't do anything, we need to bypass the primary AGP program!
<169>3 2025-12-17T17:49:19.187Z principalweb-enabled.com ullam 2233 ID212 - Compressing the bandwidth won't do anything, we need to reboot the redundant USB program!
