<92>Dec 17 17:49:19 towne1571 omnis[7797]: You can't synthesize the firewall without bypassing the wireless AGP alarm!
<133>Dec 17 17:49:19 ratke5872 ut[9709]: Generating the bandwidth won't do anything, we need to compress the digital JSON sensor!
<89>Dec 17 17:49:19 tremblay1462 in[9726]: I'Ll navigate the neural SMTP firewall, that should card the THX matrix!
<11>Dec 17 17:49:19 hoppe3118 nihil[4248]: The XML transmitter is down, transmit the neural system so we can synthesize the SAS bandwidth!
<92>Dec 17 17:49:20 towne1571 omnis[7797]: user=joshua_silva password=isnKvy3aFCC5CM status=rejected
<126>Dec 17 17:49:19 carter1001 aut[8671]: I'Ll back up the virtual SAS monitor, that should application the SCSI array!
<92>Dec 17 17:49:20 towne1571 omnis[7797]: user=samantha_vivanco password=3k6E7y9Jk status=rejected
<157>Dec 17 17:49:19 pfeffer4878 repellendus[4473]: You can't generate the capacitor without bypassing the virtual USB system!
<37>Dec 17 17:49:19 bednar4202 repellendus[4081]: The SAS sensor is down, program the 1080p alarm so we can back up the EXE system!
<147>Dec 17 17:49:19 bradtke4182 soluta[6251]: You can't quantify the driver without synthesizing the solid state XML microchip!
<139>Dec 17 17:49:19 nienow3035 voluptatibus[591]: Try to input the RSS card, maybe it will back up the wireless microchip!
<92>Dec 17 17:49:22 towne1571 omnis[7797]: user=palden_lama password=eXzT5EiEtTp1 status=rejected
<92>Dec 17 17:49:26 towne1571 omnis[7797]: user=daniel_ruiz password=pwUP5pkYjS status=rejected
<100>Dec 17 17:49:19 ruecker4366 sunt[7837]: Use the neural CSS pixel, then you can quantify the primary port!
<92>Dec 17 17:49:22 towne1571 omnis[7797]: user=jacqueline_arias password=RvGKP2yJL8VWAG status=rejected
<18>Dec 17 17:49:19 green7683 velit[6563]: I'Ll quantify the online RSS microchip, that should interface the PNG card!
<92>Dec 17 17:49:24 towne1571 omnis[7797]: user=john_oritz password=C13AU9DBmL status=rejected
<78>Dec 17 17:49:19 morissette6844 qui[4435]: The HTTP protocol is down, generate the auxiliary application so we can connect the JBOD microchip!
<11>Dec 17 17:49:19 rohan1057 velit[8785]: I'Ll input the neural SMS alarm, that should application the TCP capacitor!
<80>Dec 17 17:49:19 powlowski5640 est[1620]: Try to program the SCSI hard drive, maybe it will index the wireless protocol!
<58>Dec 17 17:49:19 schultz5021 eos[2219]: You can't input the hard drive without calculating the wireless USB firewall!
<188>Dec 17 17:49:19 lang8146 autem[9783]: I'Ll synthesize the primary RAM capacitor, that should protocol the GB application!
<67>Dec 17 17:49:19 hoppe7861 numquam[674]: You can't navigate the pixel without programming the haptic USB matrix!
<115>Dec 17 17:49:19 feest5550 id[4043]: You can't override the array without overriding the neural SMTP panel!
<145>Dec 17 17:49:19 kessler3537 rerum[8927]: The AI interface is down, quantify the wireless monitor so we can copy the RSS array!
<170>Dec 17 17:49:19 rempel7037 et[1498]: I'Ll generate the auxiliary CSS hard drive, that should matrix the XSS bandwidth!
<138>Dec 17 17:49:19 rutherford2845 odio[7322]: We need to synthesize the multi-byte AGP program!
<103>Dec 17 17:49:19 turner1154 odit[5073]: If we input the capacitor, we can get to the GB alarm through the 1080p XML monitor!
<169>Dec 17 17:49:19 deckow6226 voluptatum[1341]: The AGP alarm is down, back up the 1080p capacitor so we can connect the FTP protocol!
<90>Dec 17 17:49:19 satterfield7564 nostrum[5400]: Parsing the transmitter won't do anything, we need to index the auxiliary AGP monitor!
<52>Dec 17 17:49:19 jakubowski4330 sunt[1067]: We need to input the redundant HTTP panel!
<178>Dec 17 17:49:19 wehner3344 velit[1907]: You can't copy the alarm without generating the back-end SMTP transmitter!
<5>Dec 17 17:49:19 howell5352 eligendi[7216]: If we navigate the sensor, we can get to the CSS firewall through the cross-platform IB port!
<20>Dec 17 17:49:19 bauch5643 accusamus[8042]: The FTP panel is down, reboot the neural microchip so we can compress the SSL firewall!
<166>Dec 17 17:49:19 wisoky7616 est[902]: Parsing the bandwidth won't do anything, we need to input the optical CSS monitor!
<92>Dec 17 17:49:24 towne1571 omnis[7797]: user=hondo_limon password=U27W8lRpg status=rejected
<92>Dec 17 17:49:29 towne1571 omnis[7797]: user=phillip_menard password=6lXQtrSXGwC9F status=rejected
<125>Dec 17 17:49:19 runolfsdottir7320 soluta[4802]: You can't calculate the card without overriding the optical SMS sensor!
<1>Dec 17 17:49:19 grady5105 ipsam[6835]: Indexing the bus won't do anything, we need to transmit the 1080p SAS system!
<92>Dec 17 17:49:21 towne1571 omnis[7797]: user=rajendra_boppana password=RUvfBNVbxvn6 status=rejected
<83>Dec 17 17:49:19 brakus2718 sequi[3720]: You can't compress the program without navigating the digital FTP pixel!
<106>Dec 17 17:49:19 rutherford1521 nemo[3694]: If we bypass the matrix, we can get to the JBOD protocol through the optical SAS driver!
<180>Dec 17 17:49:19 hessel5530 eligendi[5609]: We need to back up the wireless THX system!
<76>Dec 17 17:49:19 kassulke6086 est[912]: I'Ll compress the 1080p RAM monitor, that should bandwidth the FTP card!
<21>Dec 17 17:49:19 grant8888 quia[9106]: Try to back up the XML alarm, maybe it will connect the wireless feed!
<90>Dec 17 17:49:19 mertz4876 praesentium[6923]: We need to calculate the online AI program!
<164>Dec 17 17:49:19 emard8038 aut[3658]: If we synthesize the alarm, we can get to the RSS sensor through the neural SQL transmitter!
<37>Dec 17 17:49:19 hermann2622 necessitatibus[823]: The HTTP bus is down, index the redundant feed so we can input the RSS firewall!
<92>Dec 17 17:49:24 towne1571 omnis[7797]: user=hailey_muniz password=1s5HKhHaO7zT status=rejected
<92>Dec 17 17:49:26 towne1571 omnis[7797]: user=joaquin password=yO2Am8x8NZJv status=rejected
<142>Dec 17 17:49:19 denesik1624 voluptatum[7151]: The FTP bus is down, generate the virtual alarm so we can parse the TCP circuit!
<92>Dec 17 17:49:22 towne1571 omnis[7797]: user=john_oritz password=935ief1TMcl status=rejected
<91>Dec 17 17:49:19 maggio7468 veritatis[7531]: If we index the monitor, we can get to the AGP hard drive through the multi-byte AI firewall!
<92>Dec 17 17:49:23 towne1571 omnis[7797]: user=nat_broyles password=LLgYiqHjtdwqg status=rejected
<18>Dec 17 17:49:19 schulist6510 laborum[9403]: You can't reboot the transmitter without overriding the solid state RSS port!
<154>Dec 17 17:49:19 fritsch5881 voluptatem[18]: I'Ll back up the wireless EXE monitor, that should interface the SQL driver!
<128>Dec 17 17:49:19 paucek6500 similique[1931]: Try to hack the USB panel, maybe it will parse the optical application!
<45>Dec 17 17:49:19 simonis2846 nisi[4821]: Try to quantify the THX microchip, maybe it will generate the redundant matrix!
<11>Dec 17 17:49:19 champlin6670 iure[8501]: We need to index the virtual SAS matrix!
<92>Dec 17 17:49:24 towne1571 omnis[7797]: user=walker_caskey password=d7DBxlVfVv status=rejected
<35>Dec 17 17:49:19 deckow2262 maxime[630]: Programming the program won't do anything, we need to compress the neural XML alarm!
<94>Dec 17 17:49:19 bergstrom3432 ut[4326]: If we bypass the program, we can get to the COM protocol through the digital XML interface!
<99>Dec 17 17:49:19 sanford6663 magni[8599]: Indexing the capacitor won't do anything, we need to index the optical AGP bandwidth!
<67>Dec 17 17:49:19 grimes8086 aut[1166]: Try to index the IB interface, maybe it will copy the back-end panel!
<165>Dec 17 17:49:19 torp8503 facilis[3756]: Navigating the port won't do anything, we need to parse the wireless FTP matrix!
<70>Dec 17 17:49:19 nitzsche4137 optio[200]: We need to reboot the bluetooth SDD monitor!
<40>Dec 17 17:49:19 labadie7453 minima[2584]: Try to input the PCI system, maybe it will quantify the 1080p sensor!
<128>Dec 17 17:49:19 hudson3368 vel[8413]: I'Ll transmit the mobile PCI hard drive, that should bus the GB system!
<150>Dec 17 17:49:19 okuneva6286 distinctio[9349]: If we calculate the feed, we can get to the AI program through the neural HDD panel!
<53>Dec 17 17:49:19 kuhic4611 nulla[2327]: We need to generate the optical CSS transmitter!
<40>Dec 17 17:49:19 stanton6226 et[9476]: I'Ll input the mobile PNG bus, that should monitor the CSS transmitter!
<120>Dec 17 17:49:19 volkman7053 id[9204]: Use the open-source AI hard drive, then you can hack the 1080p matrix!
<4>Dec 17 17:49:19 brown7376 harum[1727]: You can't parse the feed without bypassing the mobile SSL hard drive!
<50>Dec 17 17:49:19 lueilwitz6151 est[9337]: Use the haptic FTP protocol, then you can program the auxiliary array!
<90>Dec 17 17:49:19 runte1872 nisi[8049]: The AI matrix is down, copy the online port so we can program the SDD array!
<56>Dec 17 17:49:19 howe4853 similique[6775]: Try to input the COM pixel, maybe it will bypass the online port!
<83>Dec 17 17:49:19 parisian5436 dignissimos[4538]: I'Ll input the auxiliary RSS application, that should alarm the THX port!
<92>Dec 17 17:49:20 towne1571 omnis[7797]: user=mimi_xie password=LOaekYnxWTaMSz status=rejected
<92>Dec 17 17:49:21 towne1571 omnis[7797]: user=martin_benavides password=58ogt43F status=rejected
<92>Dec 17 17:49:23 towne1571 omnis[7797]: user=will_dedominico password=90FzE6s9see status=rejected
<14>Dec 17 17:49:19 brekke3728 deleniti[5944]: Use the primary TCP interface, then you can parse the optical card!
<92>Dec 17 17:49:20 towne1571 omnis[7797]: user=gregory_white password=xBZiP9S9zJE status=rejected
<58>Dec 17 17:49:19 koch5610 sit[7325]: We need to connect the multi-byte XML array!
<173>Dec 17 17:49:19 kutch1376 atque[4368]: We need to back up the multi-byte RAM matrix!
<92>Dec 17 17:49:23 towne1571 omnis[7797]: user=elisha_szeto password=JEbqkdJD2F1X status=rejected
<92>Dec 17 17:49:26 towne1571 omnis[7797]: user=arnon_kenny password=k7czWkSy9 status=rejected
<92>Dec 17 17:49:30 towne1571 omnis[7797]: user=nat_broyles password=64kQCsWTFNU status=rejected
<80>Dec 17 17:49:19 ward6274 qui[4952]: I'Ll quantify the cross-platform SQL program, that should bus the RAM card!
<92>Dec 17 17:49:20 towne1571 omnis[7797]: user=drew_osborn password=EjquIDBRb status=rejected
<86>Dec 17 17:49:19 donnelly2561 voluptatem[2308]: I'Ll back up the virtual JSON capacitor, that should program the SAS card!
<113>Dec 17 17:49:19 beahan1162 soluta[588]: We need to generate the optical SSL program!
<92>Dec 17 17:49:24 towne1571 omnis[7797]: user=oliver_krauss password=1p9lQ73l952ORN status=rejected
<19>Dec 17 17:49:19 jerde1368 ullam[8093]: I'Ll reboot the solid state RAM application, that should array the XSS monitor!
<26>Dec 17 17:49:19 wiegand5681 ipsa[7001]: If we compress the transmitter, we can get to the ADP hard drive through the digital TCP program!
<156>Dec 17 17:49:19 hirthe5768 ipsam[4958]: The CSS port is down, quantify the mobile program so we can program the AI circuit!
<147>Dec 17 17:49:19 douglas7281 enim[9128]: Try to parse the SMS port, maybe it will connect the virtual pixel!
<111>Dec 17 17:49:19 jewess7700 dignissimos[3608]: The SCSI bandwidth is down, copy the open-source driver so we can copy the HTTP firewall!
<92>Dec 17 17:49:23 towne1571 omnis[7797]: user=samantha_vivanco password=JfwUsuKW2gA8 status=rejected
<125>Dec 17 17:49:19 schinner6535 velit[4182]: If we reboot the capacitor, we can get to the ADP bandwidth through the neural CSS system!
<148>Dec 17 17:49:19 ward7853 aut[8311]: Try to parse the COM microchip, maybe it will navigate the mobile bus!
<172>Dec 17 17:49:19 feest1634 quasi[145]: We need to copy the cross-platform TCP panel!
<86>Dec 17 17:49:19 gislason6235 voluptate[2922]: I'Ll hack the auxiliary ADP feed, that should program the SCSI sensor!
<32>Dec 17 17:49:19 jerde8735 ipsa[4473]: We need to generate the open-source IB bandwidth!
<92>Dec 17 17:49:23 towne1571 omnis[7797]: user=will_dedominico password=3OFzbeyLh status=rejected
<105>Dec 17 17:49:19 hackett4135 sed[7993]: I'Ll hack the digital RAM port, that should pixel the XSS port!
<92>Dec 17 17:49:21 towne1571 omnis[7797]: user=zakharias_joseph password=QNVhonwiSdTFQ status=rejected
<92>Dec 17 17:49:22 towne1571 omnis[7797]: user=jacqueline_arias password=cPGasnOOTQMsT status=rejected
<157>Dec 17 17:49:19 bergstrom7758 inventore[5232]: Use the multi-byte USB matrix, then you can bypass the solid state sensor!
<33>Dec 17 17:49:19 waelchi8147 explicabo[1698]: If we program the pixel, we can get to the FTP panel through the multi-byte XSS firewall!
<70>Dec 17 17:49:19 koch5085 mollitia[7343]: We need to generate the digital TCP monitor!
<31>Dec 17 17:49:19 farrell2222 quod[4018]: I'Ll connect the optical AI feed, that should monitor the XML card!
<40>Dec 17 17:49:19 schoen6344 nihil[3780]: Use the cross-platform TCP firewall, then you can compress the optical feed!
<155>Dec 17 17:49:19 koepp2585 dicta[2061]: If we navigate the bandwidth, we can get to the PCI bus through the redundant SAS program!
<128>Dec 17 17:49:19 gleason1223 illum[2369]: Try to bypass the THX bandwidth, maybe it will reboot the haptic driver!
<137>Dec 17 17:49:19 eichmann4145 et[9258]: The JBOD transmitter is down, generate the haptic bandwidth so we can hack the ADP port!
<34>Dec 17 17:49:19 hammes4305 sed[9816]: You can't generate the panel without generating the primary SMS application!
<54>Dec 17 17:49:19 gerlach7837 architecto[8137]: We need to navigate the online XML capacitor!
<90>Dec 17 17:49:19 quigley1433 alias[4924]: Backing up the circuit won't do anything, we need to hack the wireless SQL circuit!
<5>Dec 17 17:49:19 zboncak3627 veniam[8585]: The EXE array is down, copy the redundant driver so we can input the HDD application!
<92>Dec 17 17:49:24 towne1571 omnis[7797]: user=walker_caskey password=ECb1BBs1NI status=rejected
<60>Dec 17 17:49:19 reichert2451 doloremque[19]: Copying the port won't do anything, we need to hack the online THX circuit!
<36>Dec 17 17:49:19 konopelski7462 quis[9879]: You can't back up the application without programming the optical RAM sensor!
<92>Dec 17 17:49:24 towne1571 omnis[7797]: user=phillip_menard password=TucZiMdb8QLt status=rejected
<78>Dec 17 17:49:19 flatley6702 qui[9959]: I'Ll index the primary AGP array, that should interface the XML hard drive!
<92>Dec 17 17:49:20 towne1571 omnis[7797]: user=palden_lama password=Gpepe7yes status=rejected
<88>Dec 17 17:49:19 hansen5678 asperiores[4376]: We need to quantify the neural IB card!
<83>Dec 17 17:49:19 haag6003 voluptatem[255]: You can't compress the port without parsing the virtual SSL firewall!
<136>Dec 17 17:49:19 kirlin7700 laborum[6313]: I'Ll generate the haptic TCP hard drive, that should feed the SMS application!
<92>Dec 17 17:49:22 towne1571 omnis[7797]: user=john_quarles password=qLdbEocfXmf status=rejected
<92>Dec 17 17:49:23 towne1571 omnis[7797]: user=vian_chen password=zdSW7ZOGEE status=rejected
<191>Dec 17 17:49:19 conn5672 et[9006]: If we back up the alarm, we can get to the XML protocol through the primary PCI bus!
<92>Dec 17 17:49:23 towne1571 omnis[7797]: user=murtuza_jadliwala password=jKRPkZIXnocke status=rejected
<86>Dec 17 17:49:19 wiza3463 quisquam[8508]: You can't connect the microchip without generating the open-source EXE program!
<120>Dec 17 17:49:19 ziemann7350 quo[8937]: You can't reboot the application without synthesizing the back-end GB feed!
<161>Dec 17 17:49:19 jerde7164 id[4079]: Parsing the card won't do anything, we need to quantify the bluetooth COM microchip!
<77>Dec 17 17:49:19 ferry5824 qui[5957]: Use the haptic SMTP transmitter, then you can reboot the optical program!
<144>Dec 17 17:49:19 lakin4812 iure[8552]: The PCI capacitor is down, navigate the 1080p hard drive so we can calculate the SMS sensor!
<92>Dec 17 17:49:23 towne1571 omnis[7797]: user=tonya password=fSs8viuuzZdH status=rejected
<92>Dec 17 17:49:25 towne1571 omnis[7797]: user=palden_lama password=YDgDmBd5MCSdB5 status=rejected
<66>Dec 17 17:49:19 murray1071 maxime[5141]: We need to transmit the bluetooth USB matrix!
<119>Dec 17 17:49:19 purdy8258 rerum[3911]: We need to back up the wireless RSS bandwidth!
<39>Dec 17 17:49:19 watsica6288 asperiores[7367]: The COM transmitter is down, copy the mobile circuit so we can generate the RSS matrix!
<92>Dec 17 17:49:24 towne1571 omnis[7797]: user=mimi_xie password=VIHmNJzq status=rejected
<186>Dec 17 17:49:19 hodkiewicz2878 dolor[8090]: Bypassing the sensor won't do anything, we need to input the open-source HDD microchip!
<155>Dec 17 17:49:19 friesen3832 rem[1728]: Use the wireless SMS driver, then you can compress the open-source port!
<92>Dec 17 17:49:20 towne1571 omnis[7797]: user=hondo_limon password=j8IQl4OMNOJH status=rejected
<121>Dec 17 17:49:19 luettgen6224 rerum[3410]: We need to override the digital JBOD feed!
<66>Dec 17 17:49:19 harvey8560 culpa[3915]: You can't override the panel without hacking the 1080p SSL application!
<92>Dec 17 17:49:22 towne1571 omnis[7797]: user=dyshana_torres_rivera password=p0zSBWNI status=rejected
<174>Dec 17 17:49:19 christiansen8644 libero[3065]: I'Ll quantify the optical IB feed, that should application the JSON firewall!
<29>Dec 17 17:49:19 rippin3250 rerum[3756]: Try to back up the USB pixel, maybe it will quantify the auxiliary alarm!
<53>Dec 17 17:49:19 hagenes8612 cumque[1804]: Try to override the SMTP array, maybe it will compress the solid state capacitor!
<89>Dec 17 17:49:19 gleason6504 similique[3070]: You can't compress the firewall without indexing the cross-platform PCI protocol!
<54>Dec 17 17:49:19 sanford3540 laborum[9944]: If we hack the circuit, we can get to the HDD feed through the open-source COM alarm!
<95>Dec 17 17:49:19 raynor4160 magni[7246]: You can't synthesize the microchip without generating the wireless JBOD application!
<41>Dec 17 17:49:19 wiegand8157 doloremque[3157]: Use the cross-platform JSON array, then you can synthesize the 1080p circuit!
<123>Dec 17 17:49:19 armstrong6878 nostrum[5727]: If we bypass the program, we can get to the JBOD program through the online RAM monitor!
<92>Dec 17 17:49:21 towne1571 omnis[7797]: user=zakharias_joseph password=hmBaT4YKOUB6p status=rejected
<88>Dec 17 17:49:19 schneider1257 minus[3260]: I'Ll quantify the open-source XSS application, that should feed the SQL application!
<154>Dec 17 17:49:19 schamberger4407 similique[6002]: Try to connect the PNG port, maybe it will program the online port!
<22>Dec 17 17:49:19 langworth6261 eaque[5345]: I'Ll input the redundant GB capacitor, that should transmitter the PCI driver!
<37>Dec 17 17:49:19 hodkiewicz4141 est[586]: Try to hack the PNG interface, maybe it will calculate the open-source alarm!
<152>Dec 17 17:49:19 bode4156 id[8845]: Generating the port won't do anything, we need to override the online RSS firewall!
<96>Dec 17 17:49:19 heller3012 vel[6981]: If we program the array, we can get to the AI port through the open-source CSS transmitter!
<14>Dec 17 17:49:19 torphy4372 suscipit[7700]: We need to hack the bluetooth ADP system!
<91>Dec 17 17:49:19 langworth4165 ut[4096]: Copying the bandwidth won't do anything, we need to synthesize the auxiliary USB port!
<131>Dec 17 17:49:19 homenick8168 placeat[2667]: Overriding the program won't do anything, we need to program the auxiliary HTTP protocol!
<45>Dec 17 17:49:19 baumbach2647 consequatur[1293]: The RSS card is down, hack the solid state feed so we can back up the AI feed!
<54>Dec 17 17:49:19 bosco3516 dolorem[9526]: We need to navigate the virtual SQL bus!
<94>Dec 17 17:49:19 raynor3717 deserunt[8031]: The EXE firewall is down, input the wireless program so we can connect the SAS alarm!
<92>Dec 17 17:49:21 towne1571 omnis[7797]: user=joaquin password=dtGHD2Vmwx8cCh status=rejected
<116>Dec 17 17:49:19 moore5822 inventore[7492]: We need to quantify the primary SMTP interface!
<162>Dec 17 17:49:19 kuhic4757 sequi[4057]: If we transmit the capacitor, we can get to the IB card through the primary HTTP protocol!
<89>Dec 17 17:49:19 mcglynn2182 explicabo[2482]: If we synthesize the matrix, we can get to the FTP matrix through the bluetooth ADP pixel!
<144>Dec 17 17:49:19 watsica8357 ratione[9091]: The SCSI feed is down, transmit the back-end bandwidth so we can back up the SCSI alarm!
<92>Dec 17 17:49:24 towne1571 omnis[7797]: user=martin_benavides password=ypr4WmjPR status=rejected
<13>Dec 17 17:49:19 feeney1626 possimus[2532]: Try to compress the HDD pixel, maybe it will parse the neural port!
<152>Dec 17 17:49:19 cassin5834 blanditiis[5759]: Use the wireless SDD port, then you can bypass the 1080p program!
<161>Dec 17 17:49:19 lowe8101 dolor[2092]: Use the mobile SQL firewall, then you can copy the redundant alarm!
<67>Dec 17 17:49:19 dach7765 repudiandae[7558]: The IB monitor is down, quantify the online transmitter so we can program the TCP program!
<92>Dec 17 17:49:22 towne1571 omnis[7797]: user=rajendra_boppana password=7wcslUxYhgOmeS status=rejected
<92>Dec 17 17:49:23 towne1571 omnis[7797]: user=elisha_szeto password=s4kjK2tl status=rejected
<46>Dec 17 17:49:19 bahringer6370 atque[2456]: I'Ll reboot the optical CSS program, that should interface the AI transmitter!
<149>Dec 17 17:49:19 blanda5741 tempore[1774]: Programming the array won't do anything, we need to input the online TCP microchip!
<92>Dec 17 17:49:20 towne1571 omnis[7797]: user=dyshana_torres_rivera password=mNhuGiOmSC status=rejected
<121>Dec 17 17:49:19 bernhard1663 accusantium[2282]: You can't connect the interface without programming the online JBOD port!
<161>Dec 17 17:49:19 dicki1206 quam[6681]: I'Ll back up the redundant PCI interface, that should driver the SMTP matrix!
<7>Dec 17 17:49:19 weimann7430 quia[9848]: Programming the transmitter won't do anything, we need to back up the primary COM sensor!
<50>Dec 17 17:49:19 conn8126 possimus[4749]: Try to calculate the RAM bandwidth, maybe it will index the bluetooth card!
<35>Dec 17 17:49:19 strosin6070 incidunt[4642]: The PNG sensor is down, transmit the back-end interface so we can copy the SAS monitor!
<6>Dec 17 17:49:19 kris2475 rerum[8371]: Connecting the interface won't do anything, we need to compress the mobile AI protocol!
<99>Dec 17 17:49:19 keebler6857 earum[5713]: Use the multi-byte CSS bandwidth, then you can connect the redundant firewall!
<92>Dec 17 17:49:20 towne1571 omnis[7797]: user=gregory_white password=86EV3tNw status=rejected
<22>Dec 17 17:49:19 jones3811 corrupti[3065]: We need to generate the neural GB matrix!
<10>Dec 17 17:49:19 oreilly7056 laborum[8005]: If we parse the firewall, we can get to the SDD pixel through the cross-platform THX interface!
<142>Dec 17 17:49:19 donnelly4776 repellat[7850]: The EXE alarm is down, override the mobile feed so we can copy the EXE system!
<136>Dec 17 17:49:19 wiegand5312 in[8084]: You can't bypass the card without synthesizing the haptic SMS capacitor!
<155>Dec 17 17:49:19 shields3375 consequatur[7427]: If we override the matrix, we can get to the SMTP matrix through the haptic COM microchip!
<182>Dec 17 17:49:19 berge8023 soluta[7762]: You can't copy the sensor without parsing the digital AGP driver!
<21>Dec 17 17:49:19 kulas2408 et[9738]: Use the cross-platform JBOD system, then you can hack the wireless port!
<92>Dec 17 17:49:23 towne1571 omnis[7797]: user=hondo_limon password=xAQ1wbk8c6 status=rejected
<92>Dec 17 17:49:24 towne1571 omnis[7797]: user=drew_osborn password=2l0bAZlRGkwFr status=rejected
<7>Dec 17 17:49:19 kuhn4652 voluptate[4391]: The CSS microchip is down, copy the open-source protocol so we can index the AI pixel!
<55>Dec 17 17:49:19 wehner1514 quo[2719]: Use the open-source XML card, then you can override the redundant feed!
<92>Dec 17 17:49:21 towne1571 omnis[7797]: user=john_quarles password=1EDBYDU8 status=rejected
<12>Dec 17 17:49:19 hayes2422 est[6889]: The XSS alarm is down, back up the mobile transmitter so we can compress the HDD interface!
<40>Dec 17 17:49:19 hettinger7311 mollitia[6398]: The XSS bandwidth is down, connect the mobile microchip so we can connect the TCP matrix!
<44>Dec 17 17:49:19 upton2332 incidunt[6190]: We need to transmit the 1080p SSL port!
<38>Dec 17 17:49:19 welch2170 culpa[9919]: Try to program the HDD driver, maybe it will navigate the cross-platform protocol!
<153>Dec 17 17:49:19 aufderhar6144 nam[2680]: Try to generate the GB feed, maybe it will generate the neural bandwidth!
<92>Dec 17 17:49:21 towne1571 omnis[7797]: user=tonya password=o1pQJg6bR status=rejected
<140>Dec 17 17:49:19 rosenbaum7347 nulla[862]: Use the wireless IB monitor, then you can back up the back-end bandwidth!
<133>Dec 17 17:49:19 quitzon7106 beatae[8045]: The XML interface is down, bypass the optical alarm so we can input the AI panel!
<170>Dec 17 17:49:19 mckenzie6088 aspernatur[1148]: You can't connect the port without calculating the back-end RSS program!
<13>Dec 17 17:49:19 gleichner5416 velit[5677]: You can't generate the feed without compressing the haptic TCP application!
<92>Dec 17 17:49:24 towne1571 omnis[7797]: user=nat_broyles password=uWkZZl5iGLaGk3 status=rejected
<75>Dec 17 17:49:19 aufderhar7074 unde[3918]: Synthesizing the array won't do anything, we need to index the back-end SDD interface!
<78>Dec 17 17:49:19 christiansen8308 provident[6391]: The PCI bus is down, program the haptic interface so we can copy the TCP monitor!
<70>Dec 17 17:49:19 stehr4458 molestias[6421]: I'Ll index the multi-byte SMS monitor, that should microchip the THX capacitor!
<92>Dec 17 17:49:20 towne1571 omnis[7797]: user=khalid_galal password=3j0PvJv0yOJ status=rejected
<0>Dec 17 17:49:19 kohler3026 dolores[5457]: I'Ll generate the redundant RSS bandwidth, that should driver the XSS matrix!
<174>Dec 17 17:49:19 pouros3480 quia[2943]: You can't compress the port without hacking the optical FTP bus!
<38>Dec 17 17:49:19 cole1073 id[1536]: Try to compress the SMTP feed, maybe it will index the solid state panel!
<176>Dec 17 17:49:19 spinka3784 placeat[3924]: I'Ll reboot the primary SSL port, that should system the RAM bandwidth!
<91>Dec 17 17:49:19 torphy4143 expedita[1135]: Transmitting the card won't do anything, we need to quantify the cross-platform SQL monitor!
<164>Dec 17 17:49:19 dach1117 officia[252]: Try to parse the SDD feed, maybe it will hack the mobile circuit!
<158>Dec 17 17:49:19 keebler3302 quos[3336]: Use the haptic RAM hard drive, then you can synthesize the solid state hard drive!
<92>Dec 17 17:49:21 towne1571 omnis[7797]: user=elisha_szeto password=8RnDUsd9XbFK status=rejected
<5>Dec 17 17:49:19 kshlerin1845 ut[7635]: Try to connect the PCI hard drive, maybe it will navigate the redundant interface!
<101>Dec 17 17:49:19 runolfsdottir3127 ut[2786]: Use the digital EXE card, then you can parse the online program!
<92>Dec 17 17:49:21 towne1571 omnis[7797]: user=oliver_krauss password=2Htea9msZ status=rejected
<92>Dec 17 17:49:22 towne1571 omnis[7797]: user=hailey_muniz password=f3WrhFXbo status=rejected
<138>Dec 17 17:49:19 anderson1031 tempora[2284]: The IB protocol is down, copy the primary card so we can bypass the SCSI hard drive!
<50>Dec 17 17:49:19 wisozk6083 non[5040]: I'Ll reboot the neural SCSI circuit, that should bus the USB capacitor!
<162>Dec 17 17:49:19 lindgren2684 est[2817]: I'Ll calculate the redundant THX sensor, that should monitor the PNG application!
<6>Dec 17 17:49:19 abernathy5444 eligendi[7071]: Try to synthesize the CSS hard drive, maybe it will compress the multi-byte application!
<132>Dec 17 17:49:19 beatty7031 sunt[131]: We need to compress the neural EXE card!
<92>Dec 17 17:49:23 towne1571 omnis[7797]: user=jacqueline_arias password=ohCbcFQGogZn status=rejected
<56>Dec 17 17:49:19 nader8507 dignissimos[5710]: If we quantify the matrix, we can get to the HDD program through the neural AI bandwidth!
<175>Dec 17 17:49:19 gulgowski8516 quaerat[9897]: We need to override the solid state SSL interface!
<136>Dec 17 17:49:19 konopelski6085 et[2570]: The PNG sensor is down, override the neural array so we can connect the HDD monitor!
<92>Dec 17 17:49:20 towne1571 omnis[7797]: user=murtuza_jadliwala password=TtI3IksY status=rejected
<99>Dec 17 17:49:19 kessler2127 aut[8366]: If we reboot the program, we can get to the JBOD bus through the primary PNG firewall!
<162>Dec 17 17:49:19 glover4454 facere[1840]: We need to connect the optical COM feed!
<168>Dec 17 17:49:19 mraz4714 nostrum[9137]: The SCSI protocol is down, copy the bluetooth bandwidth so we can parse the THX transmitter!
<35>Dec 17 17:49:19 goodwin5182 nihil[4954]: The PCI interface is down, back up the auxiliary protocol so we can reboot the AGP hard drive!
<1>Dec 17 17:49:19 bruen3251 ipsam[7341]: I'Ll back up the solid state AGP bandwidth, that should application the IB port!
<21>Dec 17 17:49:19 hettinger4407 accusamus[9227]: You can't transmit the card without connecting the cross-platform SQL circuit!
<92>Dec 17 17:49:21 towne1571 omnis[7797]: user=daniel_ruiz password=oPHOHDjLVjNhb status=rejected
<162>Dec 17 17:49:19 boyle7018 omnis[3863]: The GB sensor is down, navigate the multi-byte monitor so we can copy the AGP array!
<92>Dec 17 17:49:21 towne1571 omnis[7797]: user=drew_osborn password=0qowE8nhnoGM status=rejected
<114>Dec 17 17:49:19 johns5146 repellat[95]: Calculating the transmitter won't do anything, we need to program the virtual XSS protocol!
<92>Dec 17 17:49:20 towne1571 omnis[7797]: user=john_oritz password=jTUeWv08 status=rejected
<82>Dec 17 17:49:19 trantow1807 cumque[3852]: The SCSI panel is down, transmit the back-end system so we can transmit the XML port!
<20>Dec 17 17:49:19 west7587 sit[5431]: We need to connect the multi-byte JBOD monitor!
<173>Dec 17 17:49:19 gorczany3836 nobis[6438]: You can't synthesize the feed without copying the 1080p CSS card!
<92>Dec 17 17:49:24 towne1571 omnis[7797]: user=blessy password=CL2XU57GzUcXbx status=rejected
<139>Dec 17 17:49:19 legros7822 deserunt[4905]: Parsing the bandwidth won't do anything, we need to index the online HDD pixel!
<8>Dec 17 17:49:19 bernier4416 maxime[4188]: If we navigate the interface, we can get to the THX circuit through the cross-platform SCSI microchip!
<92>Dec 17 17:49:23 towne1571 omnis[7797]: user=will_dedominico password=Jd8mI0I8sacP2I status=rejected
<5>Dec 17 17:49:19 yundt1117 et[4170]: The IB firewall is down, copy the back-end monitor so we can reboot the ADP firewall!
<43>Dec 17 17:49:19 rosenbaum3523 nobis[503]: Try to parse the AI matrix, maybe it will synthesize the optical panel!
<35>Dec 17 17:49:19 zulauf1203 rerum[8093]: We need to hack the multi-byte ADP pixel!
<186>Dec 17 17:49:19 okuneva7658 a[880]: You can't index the program without generating the auxiliary ADP sensor!
<85>Dec 17 17:49:19 douglas5082 atque[8287]: I'Ll reboot the cross-platform HTTP bandwidth, that should driver the JBOD capacitor!
<92>Dec 17 17:49:24 towne1571 omnis[7797]: user=vian_chen password=dLE53ByA8nkHV status=rejected
<92>Dec 17 17:49:26 towne1571 omnis[7797]: user=hailey_muniz password=DbxP1Hg1R5YENd status=rejected
<56>Dec 17 17:49:19 kuvalis8175 praesentium[8689]: If we bypass the sensor, we can get to the HTTP sensor through the virtual HTTP bandwidth!
<33>Dec 17 17:49:19 zemlak5571 architecto[3849]: Use the back-end XML card, then you can calculate the digital matrix!
<130>Dec 17 17:49:19 abbott5028 et[3487]: Quantifying the interface won't do anything, we need to navigate the primary HDD hard drive!
<92>Dec 17 17:49:21 towne1571 omnis[7797]: user=rajendra_boppana password=SQWQQGXd status=rejected
<81>Dec 17 17:49:19 purdy2813 animi[1314]: You can't compress the alarm without navigating the optical SAS matrix!
<14>Dec 17 17:49:19 swift2616 fugit[8597]: Use the auxiliary XSS microchip, then you can input the online circuit!
<92>Dec 17 17:49:20 towne1571 omnis[7797]: user=elocin_pettit password=AftPmz1R8PfA status=rejected
<1>Dec 17 17:49:19 emard3567 voluptate[3103]: Use the haptic XSS feed, then you can generate the 1080p sensor!
<20>Dec 17 17:49:19 mcdermott4864 qui[7049]: The USB driver is down, index the 1080p matrix so we can bypass the SMS driver!
<92>Dec 17 17:49:23 towne1571 omnis[7797]: user=john_quarles password=MBUTs4jTCDVg status=rejected
<165>Dec 17 17:49:19 stracke3066 sed[2493]: I'Ll bypass the digital XML interface, that should system the RAM firewall!
<23>Dec 17 17:49:19 stamm3270 non[722]: The XSS monitor is down, back up the solid state bandwidth so we can navigate the TCP alarm!
<77>Dec 17 17:49:19 hartmann7471 quaerat[2810]: Try to navigate the IB firewall, maybe it will override the bluetooth bus!
<7>Dec 17 17:49:19 jaskolski2353 excepturi[3496]: If we input the bandwidth, we can get to the RSS capacitor through the solid state GB feed!
<134>Dec 17 17:49:19 kuhic2364 voluptas[3623]: You can't copy the program without indexing the haptic HDD system!
<92>Dec 17 17:49:22 towne1571 omnis[7797]: user=murtuza_jadliwala password=VwqueuBvgpJqD status=rejected
<45>Dec 17 17:49:19 heidenreich8751 aut[3431]: The USB panel is down, override the open-source application so we can reboot the AGP hard drive!
<79>Dec 17 17:49:19 parisian1458 ut[7463]: Programming the firewall won't do anything, we need to connect the open-source AGP card!
<92>Dec 17 17:49:21 towne1571 omnis[7797]: user=martin_benavides password=WXJdaPjfdMT1L status=rejected
<92>Dec 17 17:49:24 towne1571 omnis[7797]: user=zakharias_joseph password=CFjkttuLe20BXu status=rejected
<137>Dec 17 17:49:19 hilpert5583 sunt[5581]: Use the haptic EXE panel, then you can program the digital alarm!
<92>Dec 17 17:49:21 towne1571 omnis[7797]: user=arnon_kenny password=neMGeX9tE7T status=rejected
<15>Dec 17 17:49:19 hammes4437 fugit[9269]: Try to synthesize the PNG transmitter, maybe it will compress the optical monitor!
<65>Dec 17 17:49:19 ullrich8104 quaerat[2953]: Use the digital JSON array, then you can hack the haptic panel!
<70>Dec 17 17:49:19 little8184 iste[1340]: Use the primary XSS hard drive, then you can program the back-end circuit!
<131>Dec 17 17:49:19 kshlerin3227 et[8531]: Use the mobile SMTP interface, then you can calculate the optical hard drive!
<92>Dec 17 17:49:20 towne1571 omnis[7797]: user=joshua_silva password=EAnNk8E5lpuWwI status=rejected
<181>Dec 17 17:49:19 koepp7711 modi[898]: You can't override the bandwidth without bypassing the haptic HTTP driver!
<145>Dec 17 17:49:19 lesch3612 consequatur[186]: I'Ll generate the cross-platform ADP matrix, that should panel the PCI application!
<95>Dec 17 17:49:19 koch8132 nostrum[7557]: We need to transmit the multi-byte SAS panel!
<140>Dec 17 17:49:19 rau6427 in[896]: You can't hack the bandwidth without bypassing the primary GB feed!
<20>Dec 17 17:49:19 turner5171 magni[8735]: Try to generate the SSL program, maybe it will reboot the haptic system!
<164>Dec 17 17:49:19 ernser6428 facere[2695]: Try to navigate the AGP port, maybe it will synthesize the wireless port!
<3>Dec 17 17:49:19 hodkiewicz6448 ullam[3585]: You can't input the driver without generating the redundant SCSI pixel!
<92>Dec 17 17:49:23 towne1571 omnis[7797]: user=phillip_menard password=MP5KFa8H status=rejected
<92>Dec 17 17:49:25 towne1571 omnis[7797]: user=joshua_silva password=hRBe8XGnZ02LAQ status=rejected
<140>Dec 17 17:49:19 bauch3686 sit[2998]: The CSS program is down, generate the solid state pixel so we can program the HTTP matrix!
<92>Dec 17 17:49:21 towne1571 omnis[7797]: user=arnon_kenny password=JnnCeJEjZGRMo status=rejected
<82>Dec 17 17:49:19 kshlerin6164 et[4133]: If we calculate the feed, we can get to the HTTP bandwidth through the back-end GB feed!
<57>Dec 17 17:49:19 hamill1446 cupiditate[5396]: The SDD panel is down, connect the mobile application so we can copy the HTTP driver!
<65>Dec 17 17:49:19 carroll8213 dolores[9836]: If we navigate the alarm, we can get to the JSON microchip through the redundant FTP application!
<27>Dec 17 17:49:19 crooks7470 quod[2393]: The ADP hard drive is down, synthesize the wireless firewall so we can back up the SDD program!
<92>Dec 17 17:49:21 towne1571 omnis[7797]: user=blessy password=05rKhpj7i0zF status=rejected
<171>Dec 17 17:49:19 hauck6613 quidem[6360]: The USB circuit is down, index the optical protocol so we can compress the HDD alarm!
<98>Dec 17 17:49:19 miller8783 id[1862]: If we index the array, we can get to the JSON bandwidth through the bluetooth GB interface!
<172>Dec 17 17:49:19 king6188 molestias[797]: We need to hack the multi-byte IB matrix!
<92>Dec 17 17:49:23 towne1571 omnis[7797]: user=khalid_galal password=mo3IUh3b status=rejected
<157>Dec 17 17:49:19 mccullough3714 repellat[5313]: Try to override the PCI alarm, maybe it will connect the open-source driver!
<185>Dec 17 17:49:19 huel3150 aut[5464]: I'Ll program the primary TCP panel, that should bus the GB alarm!
<106>Dec 17 17:49:19 bartell6446 molestias[2787]: I'Ll compress the online HTTP array, that should array the RSS driver!
<144>Dec 17 17:49:19 ondricka5064 deserunt[6823]: I'Ll synthesize the virtual PNG matrix, that should system the SQL matrix!
<74>Dec 17 17:49:19 beer6840 ea[7169]: The SCSI port is down, program the auxiliary alarm so we can navigate the PCI feed!
<164>Dec 17 17:49:19 mcclure6513 delectus[4864]: Try to back up the USB pixel, maybe it will connect the online firewall!
<164>Dec 17 17:49:19 fay4850 in[5787]: You can't calculate the program without calculating the open-source SMTP system!
<188>Dec 17 17:49:19 lakin3438 doloribus[9344]: The SMS alarm is down, program the optical pixel so we can synthesize the SMS interface!
<106>Dec 17 17:49:19 greenfelder4517 ducimus[187]: You can't bypass the interface without navigating the haptic EXE hard drive!
<7>Dec 17 17:49:19 oberbrunner6675 qui[5695]: I'Ll generate the primary SMS port, that should application the THX alarm!
<92>Dec 17 17:49:22 towne1571 omnis[7797]: user=elocin_pettit password=uNs4gQj0x3fS status=rejected
<190>Dec 17 17:49:19 kreiger7684 qui[418]: We need to program the neural AGP interface!
<149>Dec 17 17:49:19 schroeder5184 molestias[8333]: Try to transmit the SAS microchip, maybe it will index the back-end bandwidth!
<92>Dec 17 17:49:21 towne1571 omnis[7797]: user=daniel_ruiz password=7wHYGUFAFDsCzU status=rejected
<13>Dec 17 17:49:19 hamill6763 eos[4903]: I'Ll override the open-source AGP program, that should driver the SSL capacitor!
<117>Dec 17 17:49:19 mills8388 ut[3298]: You can't copy the hard drive without connecting the haptic USB capacitor!
<42>Dec 17 17:49:19 armstrong7544 at[2011]: Use the bluetooth RAM monitor, then you can navigate the open-source program!
<25>Dec 17 17:49:19 lubowitz3803 et[8599]: You can't reboot the capacitor without indexing the multi-byte SDD circuit!
<92>Dec 17 17:49:20 towne1571 omnis[7797]: user=elocin_pettit password=e0T0n8UPI status=rejected
<127>Dec 17 17:49:19 runolfsson2126 doloribus[7963]: I'Ll reboot the open-source XML array, that should alarm the ADP circuit!
<169>Dec 17 17:49:19 ankunding8714 et[1854]: Use the auxiliary EXE alarm, then you can override the online interface!
<137>Dec 17 17:49:19 nolan2453 quas[9910]: Indexing the feed won't do anything, we need to connect the redundant RSS sensor!
<124>Dec 17 17:49:19 connelly5811 excepturi[6168]: The EXE protocol is down, copy the mobile circuit so we can copy the SQL bandwidth!
<109>Dec 17 17:49:19 walter2082 ipsum[3297]: I'Ll index the redundant SAS feed, that should array the CSS application!
<92>Dec 17 17:49:24 towne1571 omnis[7797]: user=dyshana_torres_rivera password=Edkl4mLv7RMD status=rejected
<71>Dec 17 17:49:19 sporer4812 quos[6517]: Try to input the PNG monitor, maybe it will hack the solid state capacitor!
<89>Dec 17 17:49:19 ledner1867 similique[695]: Overriding the microchip won't do anything, we need to transmit the cross-platform HDD program!
<92>Dec 17 17:49:24 towne1571 omnis[7797]: user=khalid_galal password=1HjN2tJRX5pb status=rejected
<102>Dec 17 17:49:19 stanton1610 libero[4405]: If we program the bus, we can get to the RSS alarm through the back-end TCP feed!
<92>Dec 17 17:49:23 towne1571 omnis[7797]: user=samantha_vivanco password=X0RiJ7uaa status=rejected
<133>Dec 17 17:49:19 powlowski4711 iste[142]: If we override the firewall, we can get to the AGP firewall through the mobile JSON matrix!
<103>Dec 17 17:49:19 windler6672 quibusdam[4608]: I'Ll navigate the auxiliary USB microchip, that should matrix the IB bus!
<92>Dec 17 17:49:24 towne1571 omnis[7797]: user=tonya password=ih4csYfX8I status=rejected
<92>Dec 17 17:49:27 towne1571 omnis[7797]: user=gregory_white password=hmLMo6j2bLCI status=rejected
<89>Dec 17 17:49:19 will4185 voluptatibus[5787]: Try to index the SMS driver, maybe it will copy the haptic panel!
<120>Dec 17 17:49:19 harris3341 voluptatum[8982]: If we synthesize the alarm, we can get to the SDD feed through the open-source COM application!
<92>Dec 17 17:49:23 towne1571 omnis[7797]: user=vian_chen password=F47Y9LVByAk0LN status=rejected
<50>Dec 17 17:49:19 powlowski6524 voluptatem[9557]: I'Ll index the primary SAS feed, that should firewall the SQL hard drive!
<92>Dec 17 17:49:24 towne1571 omnis[7797]: user=blessy password=nWjsWkLDUR6y status=rejected
<53>Dec 17 17:49:19 legros7740 dolor[1871]: Try to compress the XSS monitor, maybe it will hack the open-source capacitor!
<31>Dec 17 17:49:19 blick4550 animi[571]: The HTTP protocol is down, calculate the 1080p array so we can bypass the SAS panel!
<92>Dec 17 17:49:20 towne1571 omnis[7797]: user=mimi_xie password=LRafftTm2 status=rejected
<149>Dec 17 17:49:19 mohr2623 vitae[4904]: If we hack the program, we can get to the SSL card through the optical TCP driver!
<172>Dec 17 17:49:19 russel6454 est[7648]: If we parse the panel, we can get to the FTP alarm through the wireless SQL system!
<62>Dec 17 17:49:19 koelpin2888 ipsam[1236]: Try to calculate the PCI matrix, maybe it will back up the haptic transmitter!
<158>Dec 17 17:49:19 eichmann3602 earum[6297]: If we hack the driver, we can get to the COM bus through the optical SSL circuit!
<179>Dec 17 17:49:19 erdman2066 est[60]: Try to input the CSS sensor, maybe it will bypass the bluetooth card!
<91>Dec 17 17:49:19 upton2680 nisi[5005]: Use the haptic SAS array, then you can input the cross-platform hard drive!
<12>Dec 17 17:49:19 hettinger5276 quidem[1310]: If we index the panel, we can get to the JSON driver through the back-end SAS system!
<39>Dec 17 17:49:19 metz3531 modi[2072]: If we calculate the application, we can get to the PNG feed through the neural XSS capacitor!
<136>Dec 17 17:49:19 feil8401 ut[3227]: You can't override the sensor without parsing the cross-platform RSS hard drive!
<92>Dec 17 17:49:21 towne1571 omnis[7797]: user=oliver_krauss password=QG7j2EFZotD status=rejected
<92>Dec 17 17:49:23 towne1571 omnis[7797]: user=joaquin password=ez8vHLvZ5a status=rejected
<85>Dec 17 17:49:19 jakubowski7808 magnam[9241]: Quantifying the card won't do anything, we need to copy the 1080p CSS monitor!
<147>Dec 17 17:49:19 thiel5544 alias[4802]: The USB panel is down, back up the multi-byte port so we can synthesize the AI array!
<141>Dec 17 17:49:19 durgan8418 distinctio[8331]: Try to parse the HTTP card, maybe it will hack the wireless interface!
<159>Dec 17 17:49:19 prosacco7015 voluptatem[1684]: The USB capacitor is down, synthesize the bluetooth system so we can transmit the EXE array!
<1>Dec 17 17:49:19 monahan7181 nesciunt[5718]: I'Ll hack the redundant AI port, that should driver the AGP transmitter!
<165>Dec 17 17:49:19 bruen7566 a[9893]: We need to copy the digital COM program!
<65>Dec 17 17:49:19 runte6832 fugiat[4555]: You can't reboot the sensor without backing up the mobile XSS program!
<39>Dec 17 17:49:19 stoltenberg4150 recusandae[4616]: Try to copy the SMS card, maybe it will quantify the haptic driver!
<55>Dec 17 17:49:19 langosh1730 eos[3051]: I'Ll connect the haptic RSS card, that should matrix the GB port!
<162>Dec 17 17:49:19 cartwright2501 aperiam[7689]: If we quantify the firewall, we can get to the JBOD firewall through the multi-byte XML pixel!
<92>Dec 17 17:49:20 towne1571 omnis[7797]: user=walker_caskey password=NpfCR2b1lLVhR status=rejected
<34>Dec 17 17:49:19 sporer8367 beatae[7821]: If we copy the program, we can get to the SQL circuit through the cross-platform SQL feed!
<5>Dec 17 17:49:19 pouros2068 totam[9269]: You can't quantify the array without indexing the mobile SDD interface!
