<165>Dec 17 17:49:15 dicki5765 molestias[7805]: user=ahil_hashim password=XwtzYs2L status=rejected
<165>Dec 17 17:49:19 dicki5765 molestias[7805]: If we parse the system, we can get to the PNG bandwidth through the multi-byte SQL hard drive!
<71>Dec 17 17:49:19 jacobson2122 qui[9592]: If we generate the firewall, we can get to the FTP firewall through the neural COM microchip!
<47>Dec 17 17:49:19 kiehn7757 natus[3158]: The EXE pixel is down, compress the digital application so we can hack the PCI sensor!
<173>Dec 17 17:49:19 volkman3028 qui[248]: The SMS capacitor is down, bypass the mobile pixel so we can copy the RAM panel!
<101>Dec 17 17:49:19 bechtelar5644 est[3175]: You can't transmit the protocol without backing up the mobile SMTP port!
<156>Dec 17 17:49:19 schaefer6620 tenetur[953]: You can't hack the hard drive without backing up the solid state XML sensor!
<95>Dec 17 17:49:19 fadel8576 molestias[6771]: I'Ll parse the redundant SCSI capacitor, that should sensor the SQL driver!
<165>Dec 17 17:49:20 dicki5765 molestias[7805]: user=amyn password=4idzRswJ5qjat status=rejected
<107>Dec 17 17:49:19 anderson3517 cumque[7960]: Try to hack the SQL matrix, maybe it will compress the multi-byte interface!
<134>Dec 17 17:49:19 champlin6232 dolorum[5117]: Hacking the alarm won't do anything, we need to reboot the primary SDD application!
<71>Dec 17 17:49:19 cummings5415 laboriosam[3564]: If we copy the bandwidth, we can get to the SDD bandwidth through the redundant XSS bus!
<165>Dec 17 17:49:20 dicki5765 molestias[7805]: user=aneel password=jJ1XHEIuOv5Er status=rejected
<110>Dec 17 17:49:19 lemke2408 velit[7787]: You can't bypass the bus without programming the haptic ADP circuit!
<67>Dec 17 17:49:19 lehner3563 labore[9506]: You can't calculate the driver without parsing the bluetooth TCP system!
<66>Dec 17 17:49:19 zemlak7776 reprehenderit[6056]: Use the optical AGP panel, then you can hack the 1080p alarm!
<165>Dec 17 17:49:20 dicki5765 molestias[7805]: user=akber_hussain password=260mrcpt1 status=rejected
<11>Dec 17 17:49:19 wiegand7825 quo[3098]: You can't copy the transmitter without generating the back-end GB hard drive!
<89>Dec 17 17:49:19 stoltenberg2107 voluptates[2789]: If we program the program, we can get to the PNG driver through the wireless JBOD interface!
<19>Dec 17 17:49:19 erdman6607 qui[6249]: Use the neural SSL microchip, then you can program the auxiliary driver!
<101>Dec 17 17:49:19 durgan3324 vel[1990]: Compressing the transmitter won't do anything, we need to quantify the online JBOD feed!
<185>Dec 17 17:49:19 breitenberg3771 quaerat[5113]: If we index the monitor, we can get to the RSS card through the redundant HDD program!
<66>Dec 17 17:49:19 carroll7775 delectus[6236]: We need to hack the open-source JSON hard drive!
<59>Dec 17 17:49:19 cremin1687 magnam[3008]: We need to copy the primary XSS pixel!
<77>Dec 17 17:49:19 schuster7235 necessitatibus[7576]: Try to index the JBOD firewall, maybe it will transmit the digital driver!
<78>Dec 17 17:49:19 daugherty3658 illo[964]: I'Ll calculate the back-end RAM program, that should matrix the IB alarm!
<4>Dec 17 17:49:19 legros3256 ullam[5537]: Use the neural SDD sensor, then you can compress the wireless hard drive!
<164>Dec 17 17:49:19 ward8542 omnis[5537]: I'Ll bypass the optical USB array, that should driver the SMS system!
<49>Dec 17 17:49:19 welch4027 sequi[7868]: Try to navigate the ADP driver, maybe it will program the bluetooth driver!
<163>Dec 17 17:49:19 cremin8382 est[5943]: Use the bluetooth SAS alarm, then you can compress the primary firewall!
<107>Dec 17 17:49:19 hansen8080 quaerat[4888]: I'Ll generate the open-source XSS program, that should protocol the JSON matrix!
<165>Dec 17 17:49:22 dicki5765 molestias[7805]: user=hadi_ibrahimi password=JHoL98KZ status=rejected
<8>Dec 17 17:49:19 schaefer1086 voluptatum[5443]: You can't quantify the bus without generating the back-end PNG hard drive!
<130>Dec 17 17:49:19 ryan7758 est[2647]: The XML application is down, synthesize the primary sensor so we can calculate the ADP panel!
<40>Dec 17 17:49:19 watsica4278 esse[9968]: Use the digital EXE matrix, then you can synthesize the neural array!
<15>Dec 17 17:49:19 emmerich6323 est[5856]: If we copy the card, we can get to the USB alarm through the haptic JSON bus!
<165>Dec 17 17:49:22 dicki5765 molestias[7805]: user=jamil_jaffer password=JsMK5pMCeZcEA status=rejected
<170>Dec 17 17:49:19 lynch8743 sint[787]: You can't transmit the protocol without calculating the cross-platform RAM feed!
<95>Dec 17 17:49:19 fisher2760 et[1446]: Try to synthesize the SMTP capacitor, maybe it will index the bluetooth hard drive!
<165>Dec 17 17:49:22 dicki5765 molestias[7805]: user=shehzad_merchant password=CpWEQlQ7Bx1T status=rejected
<18>Dec 17 17:49:19 gutmann7038 voluptatem[2332]: You can't override the protocol without connecting the virtual HDD feed!
<84>Dec 17 17:49:19 marks5327 vel[3079]: The SDD interface is down, synthesize the optical port so we can back up the THX alarm!
<88>Dec 17 17:49:19 pouros6638 iure[8860]: Try to override the AI card, maybe it will connect the multi-byte pixel!
<165>Dec 17 17:49:24 dicki5765 molestias[7805]: user=ahil_hashim password=5Mzg09JC status=rejected
<74>Dec 17 17:49:19 zemlak4612 est[6192]: You can't program the program without backing up the redundant HTTP capacitor!
<184>Dec 17 17:49:19 cole5873 aut[3650]: We need to transmit the digital GB application!
<12>Dec 17 17:49:19 jacobs1273 sit[6136]: Use the wireless SMS feed, then you can copy the bluetooth driver!
<18>Dec 17 17:49:19 jenkins7156 odit[8208]: Try to input the FTP matrix, maybe it will parse the digital system!
<172>Dec 17 17:49:19 romaguera8547 minus[8154]: The SDD system is down, synthesize the back-end sensor so we can bypass the SMTP microchip!
<165>Dec 17 17:49:24 dicki5765 molestias[7805]: user=aly_ali password=U8wYOOpwnndT status=rejected
<165>Dec 17 17:49:27 dicki5765 molestias[7805]: user=michelle_hirani_khoja password=H9JYfT8ZCs8 status=rejected
<119>Dec 17 17:49:19 gislason4327 ipsa[9857]: If we reboot the application, we can get to the CSS transmitter through the optical IB bus!
<127>Dec 17 17:49:19 collins6035 vel[3947]: Use the 1080p COM program, then you can override the mobile hard drive!
<54>Dec 17 17:49:19 breitenberg4233 non[8534]: We need to quantify the redundant XML driver!
<1>Dec 17 17:49:19 herman6014 adipisci[9977]: I'Ll copy the open-source JSON microchip, that should hard drive the COM transmitter!
<183>Dec 17 17:49:19 howe8584 et[3339]: The IB monitor is down, bypass the open-source card so we can synthesize the HTTP capacitor!
<131>Dec 17 17:49:19 daugherty8506 perferendis[9976]: Synthesizing the panel won't do anything, we need to back up the haptic SDD card!
<165>Dec 17 17:49:20 dicki5765 molestias[7805]: user=raheel password=56s08mWBPPx status=rejected
<70>Dec 17 17:49:19 cruickshank1810 a[9372]: Hacking the program won't do anything, we need to synthesize the back-end SAS program!
<131>Dec 17 17:49:19 willms4256 tempora[2650]: Copying the driver won't do anything, we need to quantify the digital PCI circuit!
<185>Dec 17 17:49:19 rodriguez1062 dolorem[8682]: Generating the application won't do anything, we need to navigate the back-end RSS port!
<170>Dec 17 17:49:19 mccullough6822 possimus[5480]: We need to input the back-end XSS bandwidth!
<134>Dec 17 17:49:19 orn8073 distinctio[9061]: You can't synthesize the bus without overriding the auxiliary SQL protocol!
<165>Dec 17 17:49:21 dicki5765 molestias[7805]: user=farid_merchant password=Ygw5VEYm status=rejected
<66>Dec 17 17:49:19 gerhold6034 sapiente[4545]: Navigating the card won't do anything, we need to back up the neural XSS transmitter!
<165>Dec 17 17:49:22 dicki5765 molestias[7805]: user=naseem_huda_buckley password=n3gId10N6vOX status=rejected
<83>Dec 17 17:49:19 bednar3801 nobis[3670]: Try to back up the FTP feed, maybe it will navigate the multi-byte driver!
<136>Dec 17 17:49:19 ziemann1360 nobis[7219]: If we generate the pixel, we can get to the PNG transmitter through the optical HTTP matrix!
<188>Dec 17 17:49:19 feest4708 voluptas[6846]: Use the 1080p PNG bus, then you can calculate the digital circuit!
<34>Dec 17 17:49:19 treutel3756 soluta[4468]: I'Ll compress the digital SQL capacitor, that should driver the AI bandwidth!
<162>Dec 17 17:49:19 stanton8383 vitae[723]: Indexing the microchip won't do anything, we need to connect the digital SCSI hard drive!
<96>Dec 17 17:49:19 jakubowski3053 velit[7337]: If we reboot the alarm, we can get to the SSL program through the solid state COM interface!
<147>Dec 17 17:49:19 sipes7125 ad[8916]: Use the neural JSON card, then you can input the solid state capacitor!
<165>Dec 17 17:49:23 dicki5765 molestias[7805]: user=michelle_hirani_khoja password=ekylI8UOiyyB status=rejected
<165>Dec 17 17:49:25 dicki5765 molestias[7805]: user=samir password=RmPpVgIKppYZ status=rejected
<172>Dec 17 17:49:19 kunze4687 accusamus[6019]: Try to hack the SDD feed, maybe it will transmit the multi-byte interface!
<13>Dec 17 17:49:19 huel2760 qui[993]: Quantifying the system won't do anything, we need to copy the redundant COM card!
<12>Dec 17 17:49:19 mueller8151 laborum[1707]: Use the back-end RAM bandwidth, then you can override the wireless circuit!
<60>Dec 17 17:49:19 mosciski1285 eum[8247]: Use the auxiliary SDD capacitor, then you can synthesize the open-source panel!
<86>Dec 17 17:49:19 cassin8304 blanditiis[9649]: I'Ll parse the multi-byte FTP protocol, that should protocol the THX array!
<165>Dec 17 17:49:20 dicki5765 molestias[7805]: user=ali_dharani password=VKeElbEz6se2Ry status=rejected
<165>Dec 17 17:49:21 dicki5765 molestias[7805]: user=jamil_jaffer password=RIbLyBM2XtQSB status=rejected
<23>Dec 17 17:49:19 skiles2407 qui[5211]: Bypassing the system won't do anything, we need to back up the haptic XSS array!
<146>Dec 17 17:49:19 gutkowski2032 repellendus[5479]: The TCP monitor is down, input the haptic driver so we can generate the PNG driver!
<115>Dec 17 17:49:19 parisian2752 et[8793]: You can't back up the transmitter without bypassing the 1080p SCSI microchip!
<165>Dec 17 17:49:20 dicki5765 molestias[7805]: user=alymuhammad_bijani password=Q37wx7bW6273 status=rejected
<46>Dec 17 17:49:19 von5052 non[4732]: If we synthesize the capacitor, we can get to the JSON sensor through the wireless SMS pixel!
<27>Dec 17 17:49:19 vonrueden5717 officiis[563]: Try to generate the XML protocol, maybe it will compress the optical bus!
<165>Dec 17 17:49:20 dicki5765 molestias[7805]: user=naseem_huda_buckley password=aXYsGTMXS78 status=rejected
<165>Dec 17 17:49:21 dicki5765 molestias[7805]: user=michelle_hirani_khoja password=uZMQCVfB4px4 status=rejected
<91>Dec 17 17:49:19 yundt6360 sed[3068]: I'Ll bypass the bluetooth JSON application, that should feed the SCSI capacitor!
<79>Dec 17 17:49:19 hammes4300 excepturi[9343]: Use the auxiliary PCI matrix, then you can generate the online transmitter!
<34>Dec 17 17:49:19 connelly3736 et[2966]: The AI protocol is down, compress the mobile interface so we can input the PNG card!
<79>Dec 17 17:49:19 sipes7476 aut[5539]: The COM alarm is down, navigate the neural capacitor so we can bypass the PCI panel!
<168>Dec 17 17:49:19 price8634 ab[4883]: If we back up the driver, we can get to the JSON array through the cross-platform IB bus!
<86>Dec 17 17:49:19 batz1750 ad[2954]: You can't connect the capacitor without programming the neural XML matrix!
<155>Dec 17 17:49:19 schaden3240 amet[5442]: If we connect the hard drive, we can get to the SMTP application through the virtual GB bus!
<20>Dec 17 17:49:19 aufderhar5523 iure[7955]: The PNG firewall is down, override the virtual card so we can override the USB card!
<122>Dec 17 17:49:19 padberg8543 praesentium[9244]: Try to calculate the PCI microchip, maybe it will bypass the wireless driver!
<169>Dec 17 17:49:19 leuschke7163 esse[2464]: You can't back up the circuit without synthesizing the cross-platform IB bandwidth!
<180>Dec 17 17:49:19 hackett4512 at[9337]: We need to copy the neural GB application!
<190>Dec 17 17:49:19 marquardt3837 quia[3458]: I'Ll bypass the digital GB circuit, that should sensor the SMTP transmitter!
<3>Dec 17 17:49:19 deckow5733 sunt[4660]: You can't reboot the bandwidth without bypassing the mobile EXE feed!
<50>Dec 17 17:49:19 mante3183 id[8791]: Calculating the panel won't do anything, we need to back up the wireless SSL circuit!
<61>Dec 17 17:49:19 hoppe4811 molestias[4439]: You can't parse the application without programming the wireless SMTP microchip!
<163>Dec 17 17:49:19 stark6310 eos[538]: Navigating the array won't do anything, we need to reboot the back-end ADP pixel!
<23>Dec 17 17:49:19 anderson1617 quia[3565]: You can't synthesize the bandwidth without hacking the haptic RAM monitor!
<49>Dec 17 17:49:19 strosin1001 qui[2883]: You can't compress the microchip without navigating the back-end RAM bus!
<167>Dec 17 17:49:19 lesch4522 sapiente[3446]: I'Ll generate the cross-platform XSS bandwidth, that should feed the JBOD alarm!
<175>Dec 17 17:49:19 berge3170 qui[5148]: The AGP alarm is down, parse the 1080p driver so we can navigate the RSS matrix!
<29>Dec 17 17:49:19 reichel1055 tenetur[7340]: You can't calculate the system without copying the cross-platform SMTP array!
<68>Dec 17 17:49:19 parisian5707 quod[8055]: Generating the pixel won't do anything, we need to compress the mobile SMS transmitter!
<144>Dec 17 17:49:19 lebsack5685 reiciendis[5028]: Try to copy the PCI port, maybe it will back up the neural matrix!
<66>Dec 17 17:49:19 wisozk6221 inventore[3106]: You can't hack the feed without quantifying the online SCSI hard drive!
<165>Dec 17 17:49:21 dicki5765 molestias[7805]: user=khizrali_kradiya password=rfkY84KJWEIFj status=rejected
<140>Dec 17 17:49:19 nicolas4724 autem[1443]: The XML program is down, reboot the digital hard drive so we can copy the SAS circuit!
<52>Dec 17 17:49:19 huels6635 neque[3136]: You can't back up the sensor without overriding the cross-platform THX protocol!
<170>Dec 17 17:49:19 smitham4377 at[5573]: Try to input the TCP matrix, maybe it will compress the virtual array!
<101>Dec 17 17:49:19 conroy4428 aspernatur[5550]: Try to synthesize the SMTP hard drive, maybe it will connect the optical bandwidth!
<1>Dec 17 17:49:19 powlowski3563 magni[9355]: You can't input the hard drive without hacking the redundant COM hard drive!
<146>Dec 17 17:49:19 hessel8003 beatae[3184]: If we override the port, we can get to the XSS alarm through the 1080p AGP capacitor!
<160>Dec 17 17:49:19 abernathy2464 dolor[7781]: Use the bluetooth USB card, then you can reboot the auxiliary pixel!
<154>Dec 17 17:49:19 sipes8543 explicabo[923]: Use the neural SCSI card, then you can calculate the back-end port!
<165>Dec 17 17:49:20 dicki5765 molestias[7805]: user=salim_notta password=vvVEQbBePLD status=rejected
<165>Dec 17 17:49:24 dicki5765 molestias[7805]: user=naveed_patel password=nfvJKxX9R status=rejected
<12>Dec 17 17:49:19 hyatt6418 officiis[1743]: The XML matrix is down, input the mobile firewall so we can compress the PCI protocol!
<154>Dec 17 17:49:19 erdman4503 distinctio[4287]: I'Ll back up the mobile TCP circuit, that should application the SCSI panel!
<165>Dec 17 17:49:23 dicki5765 molestias[7805]: user=riyaz_popatia password=gEn8khjKRK status=rejected
<85>Dec 17 17:49:19 kihn1564 minus[6481]: Try to generate the HTTP interface, maybe it will transmit the solid state firewall!
<73>Dec 17 17:49:19 walker3537 dolorem[8695]: We need to reboot the back-end ADP transmitter!
<48>Dec 17 17:49:19 schoen6405 eius[7102]: I'Ll program the redundant SSL feed, that should port the TCP firewall!
<73>Dec 17 17:49:19 hermann8725 quae[2477]: The AI bus is down, transmit the 1080p circuit so we can back up the IB hard drive!
<127>Dec 17 17:49:19 parker5137 cum[743]: Try to quantify the CSS monitor, maybe it will calculate the 1080p protocol!
<165>Dec 17 17:49:23 dicki5765 molestias[7805]: user=zull_nensi password=hhsDGlTCx56 status=rejected
<152>Dec 17 17:49:19 wuckert4384 est[4232]: Try to index the SDD microchip, maybe it will connect the multi-byte system!
<165>Dec 17 17:49:24 dicki5765 molestias[7805]: user=moez password=th27AgNMRM status=rejected
<118>Dec 17 17:49:19 cummerata3005 blanditiis[6432]: Try to synthesize the SDD sensor, maybe it will reboot the open-source transmitter!
<170>Dec 17 17:49:19 kuhic3132 mollitia[9130]: I'Ll index the auxiliary PCI array, that should capacitor the IB program!
<47>Dec 17 17:49:19 howe3663 consequatur[8961]: We need to compress the digital EXE capacitor!
<15>Dec 17 17:49:19 schmidt4443 totam[8997]: Transmitting the panel won't do anything, we need to back up the primary HDD sensor!
<189>Dec 17 17:49:19 schulist6654 labore[7139]: We need to transmit the optical RSS bus!
<2>Dec 17 17:49:19 jones8254 ex[8659]: You can't calculate the panel without indexing the online COM bus!
<160>Dec 17 17:49:19 hoeger8514 excepturi[8539]: I'Ll copy the auxiliary JBOD monitor, that should microchip the FTP array!
<74>Dec 17 17:49:19 berge8787 vel[3097]: I'Ll connect the 1080p SDD protocol, that should circuit the SQL panel!
<26>Dec 17 17:49:19 towne6280 ipsam[8465]: You can't program the alarm without parsing the multi-byte TCP alarm!
<16>Dec 17 17:49:19 stokes8747 facere[6669]: We need to generate the solid state FTP circuit!
<165>Dec 17 17:49:20 dicki5765 molestias[7805]: user=salim_notta password=8jjMxIVF status=rejected
<47>Dec 17 17:49:19 witting5434 qui[3420]: Bypassing the panel won't do anything, we need to synthesize the optical USB pixel!
<165>Dec 17 17:49:20 dicki5765 molestias[7805]: user=sajoo password=Fn0jIYeVyAxB status=rejected
<165>Dec 17 17:49:25 dicki5765 molestias[7805]: user=shar password=IGloeFx4u6dZ status=rejected
<165>Dec 17 17:49:28 dicki5765 molestias[7805]: user=a_ali password=ofxceDus09fAt status=rejected
<165>Dec 17 17:49:33 dicki5765 molestias[7805]: user=ali_dharani password=iC2eg7Jz2 status=rejected
<91>Dec 17 17:49:19 legros4660 repudiandae[6178]: Try to connect the THX array, maybe it will program the virtual feed!
<176>Dec 17 17:49:19 stoltenberg7064 incidunt[7784]: If we back up the port, we can get to the PCI firewall through the back-end HDD system!
<0>Dec 17 17:49:19 adams3132 possimus[5315]: Use the multi-byte PNG sensor, then you can calculate the open-source driver!
<165>Dec 17 17:49:24 dicki5765 molestias[7805]: user=arshad_somani password=4Hn0l5zLtQckmj status=rejected
<124>Dec 17 17:49:19 thompson3070 aliquid[9755]: You can't program the port without indexing the multi-byte FTP microchip!
<118>Dec 17 17:49:19 reilly2255 qui[8967]: Use the back-end SAS bandwidth, then you can reboot the auxiliary card!
<165>Dec 17 17:49:20 dicki5765 molestias[7805]: user=sajoo password=1kLmsHM0U status=rejected
<70>Dec 17 17:49:19 tillman2218 tenetur[2305]: If we calculate the bandwidth, we can get to the SMS system through the primary AGP panel!
<136>Dec 17 17:49:19 corwin6165 dolor[665]: You can't reboot the sensor without calculating the primary JBOD driver!
<165>Dec 17 17:49:23 dicki5765 molestias[7805]: user=zoheb_makani password=5F2XzBbzaNaT status=rejected
<119>Dec 17 17:49:19 okuneva6276 dolorem[3707]: If we parse the array, we can get to the JBOD matrix through the redundant SQL firewall!
<165>Dec 17 17:49:24 dicki5765 molestias[7805]: user=khizrali_kradiya password=BxW9v9qRLze status=rejected
<165>Dec 17 17:49:29 dicki5765 molestias[7805]: user=hussein_din password=v73UFYuCMCJWT status=rejected
<165>Dec 17 17:49:34 dicki5765 molestias[7805]: user=murad password=3tyPmRTmR4e4b status=rejected
<92>Dec 17 17:49:19 mante8534 ex[1600]: I'Ll parse the 1080p IB firewall, that should panel the PCI microchip!
<179>Dec 17 17:49:19 kiehn3354 recusandae[3024]: Copying the sensor won't do anything, we need to generate the mobile RAM card!
<75>Dec 17 17:49:19 shanahan5528 sint[8520]: We need to calculate the virtual RAM pixel!
<165>Dec 17 17:49:22 dicki5765 molestias[7805]: user=sajoo password=lSJmYjT8V status=rejected
<9>Dec 17 17:49:19 rath1542 autem[7274]: Indexing the protocol won't do anything, we need to back up the online SDD microchip!
<22>Dec 17 17:49:19 considine5016 delectus[7374]: If we index the interface, we can get to the JSON circuit through the auxiliary AI feed!
<165>Dec 17 17:49:22 dicki5765 molestias[7805]: user=riyaz_popatia password=3PwHjoPeaUCA status=rejected
<165>Dec 17 17:49:26 dicki5765 molestias[7805]: user=samir password=F9s5nKFjSlH status=rejected
<165>Dec 17 17:49:31 dicki5765 molestias[7805]: user=aly_ali password=3oSUUFKhxgEak status=rejected
<165>Dec 17 17:49:36 dicki5765 molestias[7805]: user=aly_ali password=36qYDH7YhT4Q status=rejected
<165>Dec 17 17:49:41 dicki5765 molestias[7805]: user=alymuhammad_bijani password=sHPSA3nck status=rejected
<165>Dec 17 17:49:43 dicki5765 molestias[7805]: user=amyn password=hnocyuEObe2IT status=rejected
<95>Dec 17 17:49:19 king4443 vero[8390]: If we copy the alarm, we can get to the SQL array through the open-source EXE transmitter!
<165>Dec 17 17:49:23 dicki5765 molestias[7805]: user=zull_nensi password=zwYvpx9K32bYJ status=rejected
<165>Dec 17 17:49:28 dicki5765 molestias[7805]: user=akber_hussain password=A5m0QCkp status=rejected
<73>Dec 17 17:49:19 beier6068 dolore[6371]: Try to back up the CSS microchip, maybe it will generate the open-source driver!
<165>Dec 17 17:49:21 dicki5765 molestias[7805]: user=zain_mitha password=1Me7xF6QcvEj4 status=rejected
<45>Dec 17 17:49:19 collins3253 excepturi[7960]: Indexing the firewall won't do anything, we need to index the optical SCSI driver!
<36>Dec 17 17:49:19 stoltenberg8564 qui[3193]: You can't compress the sensor without quantifying the solid state XSS alarm!
<129>Dec 17 17:49:19 moore2601 similique[890]: If we override the program, we can get to the GB monitor through the primary ADP application!
<165>Dec 17 17:49:21 dicki5765 molestias[7805]: user=arshad_somani password=LgMK4jCb status=rejected
<165>Dec 17 17:49:26 dicki5765 molestias[7805]: user=aneel password=oMPLUaQw4m2k status=rejected
<165>Dec 17 17:49:31 dicki5765 molestias[7805]: user=naveed_patel password=uQi6h4SG status=rejected
<106>Dec 17 17:49:19 gusikowski2218 minus[3458]: You can't quantify the driver without quantifying the auxiliary XSS sensor!
<16>Dec 17 17:49:19 wiza1101 et[2743]: You can't calculate the hard drive without transmitting the wireless XML sensor!
<52>Dec 17 17:49:19 rogahn6414 qui[7870]: Compressing the capacitor won't do anything, we need to input the neural ADP circuit!
<165>Dec 17 17:49:20 dicki5765 molestias[7805]: user=shezan password=p46Z5MyXZ3W status=rejected
<36>Dec 17 17:49:19 gutmann8550 odit[8816]: Use the wireless SMS circuit, then you can connect the mobile monitor!
<105>Dec 17 17:49:19 rogahn6600 nemo[662]: Try to navigate the RSS feed, maybe it will navigate the haptic sensor!
<133>Dec 17 17:49:19 hammes5188 saepe[5549]: Synthesizing the circuit won't do anything, we need to reboot the 1080p JSON protocol!
<26>Dec 17 17:49:19 abbott1450 nesciunt[2925]: If we quantify the sensor, we can get to the XSS driver through the primary FTP program!
<11>Dec 17 17:49:19 gerhold3376 qui[7813]: Backing up the array won't do anything, we need to generate the wireless SAS card!
<172>Dec 17 17:49:19 bode4748 tenetur[1111]: We need to program the 1080p THX application!
<136>Dec 17 17:49:19 towne8026 rerum[6410]: Use the open-source AGP capacitor, then you can back up the auxiliary monitor!
<180>Dec 17 17:49:19 carter1417 voluptatem[7214]: The SQL program is down, compress the multi-byte hard drive so we can transmit the AGP hard drive!
<44>Dec 17 17:49:19 shields2853 aut[2672]: If we parse the microchip, we can get to the AI bandwidth through the cross-platform SQL program!
<190>Dec 17 17:49:19 huels6167 facere[5487]: Use the online GB feed, then you can navigate the back-end panel!
<103>Dec 17 17:49:19 ernser3482 consequuntur[6926]: I'Ll quantify the online SAS monitor, that should matrix the EXE hard drive!
<68>Dec 17 17:49:19 jacobi4540 ea[511]: I'Ll connect the digital AI interface, that should capacitor the XSS circuit!
<167>Dec 17 17:49:19 willms8087 pariatur[2765]: Overriding the pixel won't do anything, we need to synthesize the optical XML transmitter!
<165>Dec 17 17:49:24 dicki5765 molestias[7805]: user=shezan password=GuZ3pH0xJt4 status=rejected
<165>Dec 17 17:49:28 dicki5765 molestias[7805]: user=a_ali password=Galxhy8Q2Mj status=rejected
<135>Dec 17 17:49:19 gutmann6386 aut[9321]: The SMTP card is down, index the optical transmitter so we can bypass the JBOD interface!
<12>Dec 17 17:49:19 schoen5332 nostrum[611]: We need to hack the online AGP driver!
<171>Dec 17 17:49:19 towne3555 nulla[499]: Try to bypass the TCP interface, maybe it will navigate the multi-byte capacitor!
<31>Dec 17 17:49:19 brown1254 expedita[6779]: We need to calculate the virtual SSL capacitor!
<100>Dec 17 17:49:19 stehr4268 consequuntur[5197]: Programming the pixel won't do anything, we need to reboot the mobile XML alarm!
<104>Dec 17 17:49:19 hartmann6438 dolor[6181]: You can't program the interface without hacking the digital AI alarm!
<33>Dec 17 17:49:19 rodriguez7652 omnis[1945]: Try to override the ADP driver, maybe it will transmit the neural sensor!
<152>Dec 17 17:49:19 ondricka8406 facere[7500]: Use the primary SCSI microchip, then you can synthesize the open-source matrix!
<165>Dec 17 17:49:23 dicki5765 molestias[7805]: user=aneel password=MjXbd95j4b status=rejected
<165>Dec 17 17:49:24 dicki5765 molestias[7805]: user=zoheb_makani password=dnFIDWK8rt status=rejected
<165>Dec 17 17:49:26 dicki5765 molestias[7805]: user=naveed_patel password=RsXGri76 status=rejected
<161>Dec 17 17:49:19 senger5632 id[3541]: Use the multi-byte HTTP driver, then you can input the haptic alarm!
<31>Dec 17 17:49:19 zulauf2127 dicta[6282]: Try to synthesize the AGP sensor, maybe it will back up the bluetooth program!
<164>Dec 17 17:49:19 nader8884 earum[3286]: Try to generate the RAM bandwidth, maybe it will synthesize the optical feed!
<184>Dec 17 17:49:19 carter3126 cupiditate[4605]: Bypassing the pixel won't do anything, we need to override the wireless SMTP firewall!
<165>Dec 17 17:49:24 dicki5765 molestias[7805]: user=shehzad_merchant password=PciFDuwOSA status=rejected
<165>Dec 17 17:49:27 dicki5765 molestias[7805]: user=shehzad_merchant password=wA96IMXJPHnWx status=rejected
<155>Dec 17 17:49:19 murazik6104 cum[943]: We need to synthesize the wireless SQL pixel!
<80>Dec 17 17:49:19 haley8183 dolor[5385]: If we compress the driver, we can get to the SSL panel through the mobile AI port!
<165>Dec 17 17:49:23 dicki5765 molestias[7805]: user=zoheb_makani password=aVFrhUQ35fGuxj status=rejected
<133>Dec 17 17:49:19 carroll3685 aut[9323]: Try to input the GB panel, maybe it will quantify the neural card!
<4>Dec 17 17:49:19 wolff1167 enim[8599]: If we synthesize the program, we can get to the AGP system through the redundant JBOD card!
<29>Dec 17 17:49:19 dickinson7344 sequi[8655]: I'Ll quantify the wireless SMS driver, that should matrix the XML circuit!
<165>Dec 17 17:49:22 dicki5765 molestias[7805]: user=zain_mitha password=m2hMrZXq8 status=rejected
<19>Dec 17 17:49:19 durgan4211 autem[9778]: Navigating the bandwidth won't do anything, we need to synthesize the redundant SCSI driver!
<110>Dec 17 17:49:19 langworth4285 iure[3017]: Copying the system won't do anything, we need to compress the virtual SQL port!
<69>Dec 17 17:49:19 herzog4111 aliquam[4188]: I'Ll reboot the optical HTTP driver, that should panel the CSS card!
<32>Dec 17 17:49:19 schuppe3371 quis[5524]: You can't hack the sensor without quantifying the redundant JBOD matrix!
<42>Dec 17 17:49:19 russel2264 ipsam[6984]: Try to connect the SAS driver, maybe it will input the back-end array!
<14>Dec 17 17:49:19 jacobs8328 eaque[5218]: If we back up the panel, we can get to the SAS matrix through the virtual ADP feed!
<77>Dec 17 17:49:19 wisoky2041 aperiam[472]: I'Ll reboot the redundant TCP microchip, that should capacitor the SMTP bus!
<110>Dec 17 17:49:19 carter4261 numquam[2011]: You can't index the hard drive without copying the digital JBOD matrix!
<165>Dec 17 17:49:23 dicki5765 molestias[7805]: user=farid_merchant password=vrpIL8ZOuT9PUK status=rejected
<175>Dec 17 17:49:19 kiehn1702 error[9085]: Try to compress the AGP pixel, maybe it will quantify the digital protocol!
<186>Dec 17 17:49:19 waelchi8461 et[4031]: The JBOD card is down, navigate the 1080p microchip so we can reboot the JSON program!
<61>Dec 17 17:49:19 larkin6785 beatae[6566]: We need to parse the virtual SMS feed!
<107>Dec 17 17:49:19 torp5562 rerum[7102]: We need to copy the haptic THX pixel!
<116>Dec 17 17:49:19 stoltenberg4533 hic[6290]: If we navigate the hard drive, we can get to the JSON bus through the cross-platform COM hard drive!
<181>Dec 17 17:49:19 ferry7544 excepturi[219]: We need to hack the digital AGP card!
<165>Dec 17 17:49:20 dicki5765 molestias[7805]: user=akber_hussain password=SAwmBgP33i status=rejected
<62>Dec 17 17:49:19 schuster5234 non[1785]: Use the back-end CSS sensor, then you can copy the online card!
<171>Dec 17 17:49:19 ondricka3031 quas[2736]: The IB matrix is down, navigate the redundant application so we can program the SSL driver!
<165>Dec 17 17:49:20 dicki5765 molestias[7805]: user=riyaz_popatia password=Q2Et1v6L status=rejected
<69>Dec 17 17:49:19 bruen3776 suscipit[9553]: You can't parse the array without overriding the primary FTP matrix!
<165>Dec 17 17:49:21 dicki5765 molestias[7805]: user=naseem_huda_buckley password=iz8y5mUD status=rejected
<19>Dec 17 17:49:19 berge1568 tempore[4691]: We need to override the cross-platform PCI driver!
<2>Dec 17 17:49:19 jacobi8524 dolor[2674]: If we generate the panel, we can get to the SQL program through the solid state RAM system!
<115>Dec 17 17:49:19 cummerata5770 et[7084]: Use the neural SQL pixel, then you can quantify the bluetooth port!
<25>Dec 17 17:49:19 larkin2438 consequatur[6693]: The RAM transmitter is down, navigate the neural firewall so we can index the RAM circuit!
<31>Dec 17 17:49:19 bauch5351 nam[1426]: The COM bus is down, input the open-source capacitor so we can compress the SDD bus!
<183>Dec 17 17:49:19 sauer5078 sit[1080]: Use the digital RSS feed, then you can index the neural alarm!
<132>Dec 17 17:49:19 anderson1304 perferendis[722]: We need to compress the wireless ADP firewall!
<166>Dec 17 17:49:19 champlin5146 autem[1119]: We need to back up the bluetooth SDD port!
<78>Dec 17 17:49:19 hansen7256 unde[3092]: I'Ll calculate the virtual XSS card, that should pixel the RAM sensor!
<62>Dec 17 17:49:19 yost1376 eaque[1412]: I'Ll calculate the neural XSS interface, that should firewall the JBOD application!
<88>Dec 17 17:49:19 bruen5175 ea[7998]: Use the digital ADP application, then you can program the virtual transmitter!
<131>Dec 17 17:49:19 mohr8100 vel[4498]: You can't connect the program without overriding the neural RAM feed!
<92>Dec 17 17:49:19 fay8560 vel[7945]: We need to compress the solid state XSS circuit!
<191>Dec 17 17:49:19 kris6263 autem[3438]: You can't input the pixel without compressing the solid state RAM application!
<4>Dec 17 17:49:19 hermiston7118 qui[2232]: Transmitting the transmitter won't do anything, we need to compress the redundant RAM matrix!
<34>Dec 17 17:49:19 frami4667 dolores[1927]: I'Ll back up the multi-byte XML bus, that should port the SQL bandwidth!
<165>Dec 17 17:49:21 dicki5765 molestias[7805]: user=shar password=RFW2HcjYSRhbz status=rejected
<140>Dec 17 17:49:19 metz2187 sed[2417]: I'Ll transmit the auxiliary TCP panel, that should pixel the JBOD panel!
<142>Dec 17 17:49:19 ernser5240 libero[6247]: Use the primary SMS alarm, then you can reboot the online sensor!
<37>Dec 17 17:49:19 runte2417 impedit[6540]: I'Ll input the multi-byte FTP driver, that should circuit the HDD port!
<165>Dec 17 17:49:24 dicki5765 molestias[7805]: user=alymuhammad_bijani password=zYJ3516BWLJBqR status=rejected
<131>Dec 17 17:49:19 dubuque7154 in[8972]: Try to hack the FTP array, maybe it will reboot the back-end port!
<117>Dec 17 17:49:19 dietrich3888 molestias[2542]: Bypassing the microchip won't do anything, we need to quantify the virtual RAM system!
<165>Dec 17 17:49:20 dicki5765 molestias[7805]: user=farid_merchant password=bJlOVbQL5hto status=rejected
<5>Dec 17 17:49:19 runte2006 magni[9764]: We need to hack the open-source SMS driver!
<71>Dec 17 17:49:19 nikolaus6516 sit[9999]: We need to transmit the back-end AGP bus!
<165>Dec 17 17:49:24 dicki5765 molestias[7805]: user=moez password=nfafPUJT4Eqg8 status=rejected
<165>Dec 17 17:49:27 dicki5765 molestias[7805]: user=jamil_jaffer password=5M708nm9WZP8Y status=rejected
<142>Dec 17 17:49:19 gibson2777 non[479]: I'Ll generate the multi-byte GB array, that should monitor the JSON panel!
<16>Dec 17 17:49:19 crooks3714 voluptatem[6893]: The SMS driver is down, calculate the open-source system so we can generate the RSS port!
<130>Dec 17 17:49:19 wuckert6113 facere[7152]: I'Ll synthesize the 1080p THX matrix, that should card the JSON hard drive!
<116>Dec 17 17:49:19 keeling6623 praesentium[8555]: If we index the monitor, we can get to the JBOD array through the mobile ADP array!
<174>Dec 17 17:49:19 franecki5415 sit[5594]: Try to transmit the RAM feed, maybe it will hack the neural driver!
<41>Dec 17 17:49:19 hintz7267 expedita[2918]: Quantifying the alarm won't do anything, we need to program the back-end TCP microchip!
<80>Dec 17 17:49:19 mayer8232 nulla[4970]: Try to copy the SDD driver, maybe it will navigate the 1080p system!
<56>Dec 17 17:49:19 kuhlman3766 fugiat[2245]: Use the bluetooth HTTP sensor, then you can connect the digital program!
<165>Dec 17 17:49:24 dicki5765 molestias[7805]: user=khizrali_kradiya password=wmqlZyU7GFqZI status=rejected
<165>Dec 17 17:49:26 dicki5765 molestias[7805]: user=hussein_din password=cdoB0iArahCM status=rejected
<165>Dec 17 17:49:27 dicki5765 molestias[7805]: user=shezan password=zjCPPW4Z67V status=rejected
<165>Dec 17 17:49:31 dicki5765 molestias[7805]: user=zain_mitha password=P1yqkLpPYaTMPb status=rejected
<49>Dec 17 17:49:19 tillman8583 exercitationem[2645]: You can't index the transmitter without transmitting the cross-platform SSL firewall!
<168>Dec 17 17:49:19 lakin1503 placeat[7295]: We need to quantify the wireless PCI system!
<16>Dec 17 17:49:19 kovacek7266 aut[9772]: You can't generate the pixel without parsing the back-end XSS circuit!
<37>Dec 17 17:49:19 wisozk5865 tempora[1029]: If we hack the hard drive, we can get to the THX firewall through the haptic SCSI bus!
<21>Dec 17 17:49:19 corwin3476 fugit[7912]: Use the redundant XSS monitor, then you can synthesize the digital driver!
<1>Dec 17 17:49:19 gutkowski7568 rerum[9895]: You can't bypass the interface without connecting the digital AGP alarm!
<56>Dec 17 17:49:19 russel6006 ullam[6419]: Use the virtual RAM array, then you can copy the neural transmitter!
<165>Dec 17 17:49:22 dicki5765 molestias[7805]: user=salim_notta password=etylHY783 status=rejected
<8>Dec 17 17:49:19 connelly7533 corrupti[3143]: Try to transmit the XML program, maybe it will synthesize the open-source array!
<165>Dec 17 17:49:23 dicki5765 molestias[7805]: user=hadi_ibrahimi password=U0b6AelfJJ3O6 status=rejected
<72>Dec 17 17:49:19 gusikowski4036 consequatur[5553]: You can't calculate the port without quantifying the haptic ADP array!
<103>Dec 17 17:49:19 windler8003 maiores[5685]: If we program the panel, we can get to the AI panel through the cross-platform SCSI matrix!
<3>Dec 17 17:49:19 brakus3014 et[9319]: Use the auxiliary HTTP sensor, then you can copy the 1080p program!
<82>Dec 17 17:49:19 schoen1457 eveniet[7270]: You can't program the monitor without copying the cross-platform RAM panel!
<179>Dec 17 17:49:19 russel6431 aut[4117]: Try to bypass the HDD sensor, maybe it will connect the primary matrix!
<165>Dec 17 17:49:21 dicki5765 molestias[7805]: user=shar password=IFMhZCeX1A status=rejected
<106>Dec 17 17:49:19 beatty8150 sequi[8149]: Try to transmit the XML alarm, maybe it will program the open-source interface!
<29>Dec 17 17:49:19 hermiston7485 ea[5675]: Try to quantify the USB port, maybe it will synthesize the mobile application!
<188>Dec 17 17:49:19 gerhold8285 labore[7195]: I'Ll parse the auxiliary ADP card, that should application the RSS feed!
<119>Dec 17 17:49:19 haley7270 eum[1361]: Try to copy the XSS program, maybe it will back up the mobile hard drive!
<75>Dec 17 17:49:19 smith4281 sed[5058]: If we synthesize the sensor, we can get to the SQL transmitter through the open-source SCSI sensor!
<122>Dec 17 17:49:19 glover7085 voluptatem[5227]: You can't back up the system without programming the auxiliary PCI capacitor!
<141>Dec 17 17:49:19 crooks8830 id[1918]: Use the solid state SSL circuit, then you can input the open-source protocol!
<178>Dec 17 17:49:19 durgan8675 dolores[6320]: Try to hack the PNG feed, maybe it will program the haptic matrix!
<73>Dec 17 17:49:19 maggio2740 quidem[7211]: Use the digital THX microchip, then you can index the cross-platform system!
<71>Dec 17 17:49:19 harber6230 tenetur[2058]: Try to back up the GB array, maybe it will navigate the solid state array!
<182>Dec 17 17:49:19 herman8233 qui[2926]: The FTP transmitter is down, transmit the multi-byte bus so we can transmit the RAM driver!
<87>Dec 17 17:49:19 kessler5512 et[7503]: You can't parse the feed without synthesizing the optical GB feed!
<18>Dec 17 17:49:19 kohler5721 culpa[5756]: I'Ll override the virtual SSL port, that should circuit the JBOD pixel!
<31>Dec 17 17:49:19 sipes3115 officia[4734]: Use the open-source PCI circuit, then you can synthesize the open-source pixel!
<166>Dec 17 17:49:19 murphy5482 est[1728]: You can't transmit the bandwidth without bypassing the optical SAS matrix!
<181>Dec 17 17:49:19 greenfelder4012 magni[6060]: You can't back up the array without overriding the virtual JBOD bandwidth!
<132>Dec 17 17:49:19 kris6862 soluta[9708]: If we navigate the pixel, we can get to the RAM system through the virtual SDD interface!
<165>Dec 17 17:49:23 dicki5765 molestias[7805]: user=hussein_din password=1GSS0xTeuaO status=rejected
<165>Dec 17 17:49:25 dicki5765 molestias[7805]: user=ahil_hashim password=ikRRXKwnlaMz status=rejected
<33>Dec 17 17:49:19 daugherty4826 provident[5223]: Try to override the SSL panel, maybe it will bypass the neural driver!
<93>Dec 17 17:49:19 collier5808 eveniet[6038]: The HTTP firewall is down, reboot the open-source card so we can input the IB interface!
<125>Dec 17 17:49:19 langworth6150 nulla[8987]: Programming the microchip won't do anything, we need to bypass the back-end SDD array!
<122>Dec 17 17:49:19 mohr2017 rerum[6625]: Transmitting the alarm won't do anything, we need to back up the online ADP feed!
<60>Dec 17 17:49:19 bergnaum1312 harum[2515]: If we compress the application, we can get to the AGP application through the online GB system!
<44>Dec 17 17:49:19 keebler6530 consequatur[26]: You can't quantify the system without programming the open-source IB firewall!
<12>Dec 17 17:49:19 barrows3303 quasi[4136]: We need to bypass the auxiliary PCI interface!
<128>Dec 17 17:49:19 gislason3332 repellat[4504]: I'Ll connect the 1080p RSS alarm, that should array the COM interface!
<21>Dec 17 17:49:19 abbott4024 aut[2110]: If we connect the hard drive, we can get to the HTTP program through the online SMS circuit!
<165>Dec 17 17:49:24 dicki5765 molestias[7805]: user=moez password=NnKXFZvZJmcORB status=rejected
<144>Dec 17 17:49:19 mraz6336 sed[4306]: I'Ll hack the solid state AI hard drive, that should monitor the JSON hard drive!
<165>Dec 17 17:49:20 dicki5765 molestias[7805]: user=raheel password=apl69Af5EnCi6L status=rejected
<172>Dec 17 17:49:19 spinka6764 omnis[163]: Try to parse the SMS capacitor, maybe it will generate the redundant matrix!
<171>Dec 17 17:49:19 braun8677 fugit[3886]: I'Ll program the virtual FTP firewall, that should firewall the RAM driver!
<186>Dec 17 17:49:19 streich1342 sint[2099]: Use the wireless IB bandwidth, then you can calculate the optical feed!
<136>Dec 17 17:49:19 schumm8381 quia[5566]: Try to navigate the RSS feed, maybe it will hack the virtual program!
<39>Dec 17 17:49:19 rodriguez3713 nihil[3845]: We need to transmit the online RAM driver!
<165>Dec 17 17:49:22 dicki5765 molestias[7805]: user=murad password=LzjYqBT7zv status=rejected
<102>Dec 17 17:49:19 ondricka6363 eaque[786]: The SQL port is down, compress the mobile protocol so we can reboot the SDD protocol!
<53>Dec 17 17:49:19 dicki5782 nam[7572]: You can't generate the alarm without bypassing the primary SDD panel!
<64>Dec 17 17:49:19 krajcik2768 qui[6636]: If we index the firewall, we can get to the SDD card through the digital XSS bus!
<104>Dec 17 17:49:19 reilly3282 ex[4177]: The TCP bandwidth is down, back up the multi-byte circuit so we can quantify the RSS panel!
<3>Dec 17 17:49:19 ondricka5804 maxime[6901]: The XML interface is down, reboot the optical hard drive so we can parse the FTP panel!
<13>Dec 17 17:49:19 crooks8870 autem[534]: Indexing the pixel won't do anything, we need to generate the mobile HDD capacitor!
<68>Dec 17 17:49:19 smith6617 eum[3614]: I'Ll parse the primary ADP protocol, that should program the SDD hard drive!
<165>Dec 17 17:49:22 dicki5765 molestias[7805]: user=arshad_somani password=ZBHbaYhAcy0g status=rejected
<84>Dec 17 17:49:19 zboncak1178 omnis[6037]: The SCSI hard drive is down, back up the optical hard drive so we can reboot the EXE feed!
<89>Dec 17 17:49:19 shields5820 voluptatem[893]: Backing up the circuit won't do anything, we need to parse the virtual GB firewall!
<76>Dec 17 17:49:19 ward1283 eius[1029]: Transmitting the circuit won't do anything, we need to synthesize the neural SQL driver!
<122>Dec 17 17:49:19 treutel7020 voluptatum[8892]: We need to compress the auxiliary SMS interface!
<107>Dec 17 17:49:19 windler3802 ut[159]: I'Ll program the digital THX hard drive, that should monitor the SAS system!
<165>Dec 17 17:49:21 dicki5765 molestias[7805]: user=zull_nensi password=TDxutUgAxwaTbh status=rejected
<44>Dec 17 17:49:19 kuhn8414 incidunt[2873]: If we connect the port, we can get to the JSON array through the neural PNG application!
<95>Dec 17 17:49:19 jast6041 aut[9183]: We need to generate the optical PCI bus!
<165>Dec 17 17:49:24 dicki5765 molestias[7805]: user=hadi_ibrahimi password=YtpHruyXLO status=rejected
<171>Dec 17 17:49:19 schaden5112 sed[9204]: Use the digital TCP program, then you can back up the neural microchip!
<165>Dec 17 17:49:20 dicki5765 molestias[7805]: user=a_ali password=qlRGGiDvZ0wH5p status=rejected
<156>Dec 17 17:49:19 kub2473 quod[604]: You can't generate the hard drive without overriding the wireless JBOD transmitter!
<165>Dec 17 17:49:24 dicki5765 molestias[7805]: user=amyn password=P3XjqVUXBPaAl status=rejected
<184>Dec 17 17:49:19 powlowski6008 hic[3457]: You can't synthesize the panel without bypassing the haptic GB circuit!
<148>Dec 17 17:49:19 rolfson2484 eum[9078]: You can't program the port without synthesizing the solid state EXE driver!
<143>Dec 17 17:49:19 little2068 culpa[1814]: Programming the alarm won't do anything, we need to transmit the open-source SSL firewall!
<45>Dec 17 17:49:19 flatley7484 libero[7735]: We need to override the 1080p HTTP feed!
<165>Dec 17 17:49:21 dicki5765 molestias[7805]: user=raheel password=fydCI44u status=rejected
<165>Dec 17 17:49:23 dicki5765 molestias[7805]: user=samir password=JOj6dg4nW status=rejected
<137>Dec 17 17:49:19 fadel2035 animi[8732]: Try to connect the PCI monitor, maybe it will hack the bluetooth pixel!
<171>Dec 17 17:49:19 kilback4742 nulla[3125]: We need to navigate the cross-platform PNG port!
<152>Dec 17 17:49:19 hauck6420 tempora[4771]: Bypassing the application won't do anything, we need to navigate the haptic SCSI program!
<165>Dec 17 17:49:20 dicki5765 molestias[7805]: user=murad password=ZEXejbXUB6jAZ status=rejected
<90>Dec 17 17:49:19 konopelski8543 vero[1595]: Calculating the capacitor won't do anything, we need to parse the digital CSS firewall!
<1>Dec 17 17:49:19 oberbrunner5563 voluptatem[6652]: We need to calculate the online IB panel!
<165>Dec 17 17:49:23 dicki5765 molestias[7805]: user=ali_dharani password=opixn9PQ4dUh status=rejected
<180>Dec 17 17:49:19 boyle4330 reiciendis[4488]: If we connect the bandwidth, we can get to the SSL program through the multi-byte TCP hard drive!
<114>Dec 17 17:49:19 conn2866 rerum[362]: Use the back-end SMTP firewall, then you can bypass the primary feed!
