<22>3 2025-12-17T17:49:19.241Z customerinnovative.io sint 7734 ID102 - Use the mobile GB hard drive, then you can back up the online bandwidth!
<12>1 2025-12-17T17:49:19.241Z internalenvisioneer.org consequatur 2886 ID189 - If we hack the panel, we can get to the EXE card through the mobile TCP protocol!
<122>1 2025-12-17T17:49:19.241Z nationalempower.org quo 7442 ID79 - The SAS protocol is down, hack the wireless alarm so we can override the RAM protocol!
<22>3 2025-12-17T17:49:19.241Z districtsynergize.name dolores 5535 ID303 - The SAS system is down, transmit the online bandwidth so we can program the SQL monitor!
<13>Dec 17 17:49:13 gateway authd[1000]: user=keith_harrison password=yRivza3ltlF status=rejected
<88>2 2025-12-17T17:49:19.241Z corporatevisualize.com suscipit 3885 ID650 - I'Ll copy the back-end XML port, that should program the THX alarm!
<78>2 2025-12-17T17:49:19.241Z dynamicsexy.biz est 2682 ID170 - Try to input the RAM protocol, maybe it will override the online transmitter!
<13>Dec 17 17:49:17 gateway authd[1000]: user=daniel_ruiz password=B1eulNpSNgS5Ja status=rejected
<141>2 2025-12-17T17:49:19.241Z productfacilitate.io rem 4060 ID73 - You can't calculate the transmitter without bypassing the redundant SMS circuit!
<13>Dec 17 17:49:19 gateway authd[1000]: user=daniel_ruiz password=1jWI3viEKLF status=rejected
<76>1 2025-12-17T17:49:19.241Z directenterprise.info enim 7961 ID106 - We need to parse the cross-platform RSS matrix!
<139>1 2025-12-17T17:49:19.241Z leadb2c.info vel 3872 ID925 - The CSS card is down, parse the virtual firewall so we can generate the PNG hard drive!
<13>Dec 17 17:49:24 gateway authd[1000]: user=elocin_pettit password=a9RPd9s3V status=rejected
<85>2 2025-12-17T17:49:19.241Z investorsyndicate.net quia 3990 ID870 - You can't override the port without parsing the auxiliary USB monitor!
<189>2 2025-12-17T17:49:19.241Z legacyefficient.biz aut 1521 ID883 - We need to input the primary AI microchip!
<112>3 2025-12-17T17:49:19.241Z forwardniches.org ratione 4251 ID749 - Try to calculate the EXE card, maybe it will quantify the wireless array!
<61>3 2025-12-17T17:49:19.241Z productvortals.info asperiores 5004 ID467 - Copying the circuit won't do anything, we need to calculate the cross-platform PCI sensor!
<13>Dec 17 17:49:28 gateway authd[1000]: user=keith_harrison password=t9pcE6NbPnssY status=rejected
<13>Dec 17 17:49:31 gateway authd[1000]: user=turgay_korkmaz password=gweR3qpLatd status=rejected
<155>2 2025-12-17T17:49:19.241Z legacyrobust.biz explicabo 748 ID948 - The COM feed is down, parse the cross-platform pixel so we can compress the SCSI alarm!
<163>2 2025-12-17T17:49:19.241Z productmindshare.io quaerat 6443 ID512 - Compressing the protocol won't do anything, we need to hack the haptic PNG sensor!
<137>1 2025-12-17T17:49:19.241Z legacymetrics.io aperiam 2957 ID703 - The COM firewall is down, compress the multi-byte driver so we can calculate the SSL feed!
<99>3 2025-12-17T17:49:19.241Z centraldot-com.biz reiciendis 8262 ID654 - I'Ll transmit the auxiliary USB protocol, that should sensor the THX firewall!
<133>3 2025-12-17T17:49:19.241Z producte-business.io qui 2081 ID390 - Try to program the SSL array, maybe it will index the cross-platform alarm!
<79>1 2025-12-17T17:49:19.241Z nationaliterate.info hic 547 ID654 - We need to copy the auxiliary COM transmitter!
<1>1 2025-12-17T17:49:19.241Z productbest-of-breed.biz eius 7485 ID252 - If we reboot the capacitor, we can get to the JSON port through the 1080p JSON monitor!
<80>2 2025-12-17T17:49:19.241Z globalinfomediaries.com ut 5616 ID957 - Use the auxiliary RAM capacitor, then you can quantify the cross-platform alarm!
<13>Dec 17 17:49:35 gateway authd[1000]: user=will_dedominico password=7dWjlO885 status=rejected
<13>Dec 17 17:49:37 gateway authd[1000]: user=martin_benavides password=u6QC8ru1h status=rejected
<13>Dec 17 17:49:42 gateway authd[1000]: user=gregory_white password=VNeneC64c status=rejected
<18>3 2025-12-17T17:49:19.241Z centralarchitect.com quis 1289 ID699 - Parsing the card won't do anything, we need to compress the primary PCI program!
<155>2 2025-12-17T17:49:19.241Z customerrobust.name rerum 9936 ID750 - The FTP pixel is down, transmit the 1080p program so we can reboot the THX pixel!
<13>Dec 17 17:49:43 gateway authd[1000]: user=daniel_ruiz password=ZXSiBpXxu0 status=rejected
<45>2 2025-12-17T17:49:19.241Z customertransition.com ut 7436 ID878 - Use the multi-byte SQL monitor, then you can connect the optical feed!
<9>3 2025-12-17T17:49:19.241Z futureusers.org et 5224 ID113 - Try to hack the RAM interface, maybe it will compress the redundant matrix!
<105>1 2025-12-17T17:49:19.241Z seniorincentivize.com nemo 5291 ID436 - I'Ll bypass the auxiliary IB interface, that should sensor the AI card!
<170>1 2025-12-17T17:49:19.241Z futurenetworks.net enim 2303 ID58 - Try to reboot the EXE bus, maybe it will parse the virtual program!
<182>1 2025-12-17T17:49:19.241Z nationalinterfaces.info perspiciatis 8005 ID129 - Try to quantify the GB array, maybe it will copy the neural bandwidth!
<171>3 2025-12-17T17:49:19.241Z humanbricks-and-clicks.info cum 8518 ID919 - If we input the system, we can get to the TCP transmitter through the optical PCI firewall!
<57>1 2025-12-17T17:49:19.241Z dynamicturn-key.org accusamus 1132 ID893 - Try to index the SMS system, maybe it will parse the 1080p card!
<13>Dec 17 17:49:47 gateway authd[1000]: user=maanasa_baskar password=ouRSjoZ7iicz status=rejected
<137>1 2025-12-17T17:49:19.241Z centrale-business.name quis 6138 ID519 - If we compress the system, we can get to the AI feed through the optical JSON interface!
<101>1 2025-12-17T17:49:19.241Z forwarde-enable.net doloremque 3094 ID489 - Use the haptic RSS card, then you can back up the cross-platform hard drive!
<28>3 2025-12-17T17:49:19.241Z internationalengineer.io labore 5191 ID313 - The PCI feed is down, parse the redundant alarm so we can quantify the CSS application!
<63>3 2025-12-17T17:49:19.241Z globalintegrate.info quae 995 ID653 - Programming the protocol won't do anything, we need to program the neural TCP panel!
<13>Dec 17 17:49:52 gateway authd[1000]: user=dyshana_torres_rivera password=BWae89x7c status=rejected
<13>Dec 17 17:49:57 gateway authd[1000]: user=kevin_desai password=ooo9bBTb7sGYSD status=rejected
<42>3 2025-12-17T17:49:19.241Z nationalportals.io et 1440 ID278 - We need to program the multi-byte TCP alarm!
<13>Dec 17 17:50:02 gateway authd[1000]: user=rajkumar_banoth password=FGJxdOel1oOMQ status=rejected
<44>3 2025-12-17T17:49:19.241Z corporate24/365.io ut 9300 ID873 - I'Ll generate the multi-byte EXE pixel, that should driver the IB program!
<13>Dec 17 17:50:06 gateway authd[1000]: user=will_dedominico password=EOa96sPsm status=rejected
<110>3 2025-12-17T17:49:19.241Z customermarkets.biz aut 4472 ID782 - Try to override the PCI panel, maybe it will override the online port!
<83>3 2025-12-17T17:49:19.241Z internationalsexy.name eos 8206 ID182 - The PNG bus is down, synthesize the haptic alarm so we can navigate the IB transmitter!
<130>1 2025-12-17T17:49:19.241Z regionale-business.com eos 4389 ID80 - Overriding the interface won't do anything, we need to override the virtual HTTP alarm!
<142>3 2025-12-17T17:49:19.241Z dynamicwhiteboard.org impedit 3241 ID979 - Try to navigate the PCI alarm, maybe it will bypass the 1080p protocol!
<13>Dec 17 17:50:07 gateway authd[1000]: user=eric_lee password=ZLoenovcnCV status=rejected
<127>1 2025-12-17T17:49:19.241Z productdynamic.net ad 2970 ID433 - The THX firewall is down, bypass the wireless transmitter so we can copy the JSON port!
<30>1 2025-12-17T17:49:19.241Z corporatemarkets.biz dolores 2471 ID652 - The SMTP feed is down, program the virtual interface so we can index the FTP driver!
<13>Dec 17 17:50:12 gateway authd[1000]: user=oliver_krauss password=yIiOOddT status=rejected
<36>1 2025-12-17T17:49:19.241Z internationalrecontextualize.net alias 7603 ID755 - Try to compress the PCI hard drive, maybe it will parse the online system!
<62>3 2025-12-17T17:49:19.241Z leadrecontextualize.com placeat 6198 ID463 - Use the virtual PCI monitor, then you can parse the digital firewall!
<126>1 2025-12-17T17:49:19.241Z futureintegrate.net explicabo 4724 ID261 - Use the solid state HDD array, then you can index the solid state firewall!
<166>3 2025-12-17T17:49:19.241Z directrecontextualize.io ut 1835 ID932 - I'Ll connect the bluetooth COM panel, that should matrix the SSL hard drive!
<18>1 2025-12-17T17:49:19.241Z corporateubiquitous.name quidem 5351 ID189 - Try to calculate the FTP bandwidth, maybe it will synthesize the solid state feed!
<13>Dec 17 17:50:15 gateway authd[1000]: user=vian_chen password=FkMBFruW98U status=rejected
<44>3 2025-12-17T17:49:19.241Z nationaldynamic.info nulla 65 ID683 - If we connect the protocol, we can get to the HDD array through the solid state AGP interface!
<13>Dec 17 17:50:20 gateway authd[1000]: user=rajkumar_banoth password=kEyVfccQubIhp status=rejected
<107>1 2025-12-17T17:49:19.241Z internale-services.io voluptatibus 4009 ID650 - We need to index the neural PCI bus!
<166>2 2025-12-17T17:49:19.241Z principalplatforms.com aut 7271 ID818 - I'Ll synthesize the solid state RSS circuit, that should pixel the XSS program!
<134>3 2025-12-17T17:49:19.241Z corporatemethodologies.info qui 4725 ID274 - Try to override the FTP bus, maybe it will transmit the neural hard drive!
<13>Dec 17 17:50:21 gateway authd[1000]: user=maanasa_baskar password=lAsqg8Em2Pgfqk status=rejected
<183>3 2025-12-17T17:49:19.241Z humanrich.info et 8889 ID512 - You can't compress the alarm without indexing the digital ADP interface!
<148>3 2025-12-17T17:49:19.241Z principalwhiteboard.name natus 9274 ID121 - We need to compress the digital RSS microchip!
<175>2 2025-12-17T17:49:19.241Z internalstrategize.io ut 6417 ID52 - You can't transmit the monitor without hacking the multi-byte XSS array!
<80>2 2025-12-17T17:49:19.241Z centralplug-and-play.net quo 6627 ID278 - The SSL feed is down, navigate the digital microchip so we can navigate the HTTP interface!
<68>1 2025-12-17T17:49:19.241Z productmindshare.org voluptatem 5296 ID930 - You can't bypass the bus without generating the wireless COM pixel!
<13>Dec 17 17:50:22 gateway authd[1000]: user=vian_chen password=ml83xqHWMBL status=rejected
<62>3 2025-12-17T17:49:19.241Z principalreinvent.biz facere 7776 ID647 - We need to transmit the wireless TCP card!
<13>Dec 17 17:50:24 gateway authd[1000]: user=gregory_white password=MyJgDKCwk3 status=rejected
<13>Dec 17 17:50:28 gateway authd[1000]: user=john_quarles password=7WwSxDN1fNy0 status=rejected
<190>3 2025-12-17T17:49:19.241Z leadcross-media.org repellat 4206 ID351 - You can't input the panel without indexing the neural RSS transmitter!
<13>Dec 17 17:50:30 gateway authd[1000]: user=hondo_limon password=vntn5VxX1B status=rejected
<176>1 2025-12-17T17:49:19.241Z regionalcross-platform.biz praesentium 5419 ID793 - If we copy the program, we can get to the IB capacitor through the optical THX port!
<131>3 2025-12-17T17:49:19.241Z nationalpartnerships.io labore 1199 ID806 - I'Ll calculate the haptic EXE bus, that should array the HTTP driver!
<13>Dec 17 17:50:31 gateway authd[1000]: user=blessy password=pCAK8OZili4aI status=rejected
<13>Dec 17 17:50:36 gateway authd[1000]: user=fernanda_hernandez password=m2Ul0wDpnXd status=rejected
<13>Dec 17 17:50:37 gateway authd[1000]: user=tonya password=IXiu1fgBV4j status=rejected
<13>Dec 17 17:50:40 gateway authd[1000]: user=murtuza_jadliwala password=XtvMiYMSozk status=rejected
<185>3 2025-12-17T17:49:19.241Z seniormethodologies.name quaerat 746 ID675 - Try to quantify the HDD interface, maybe it will reboot the primary microchip!
<131>1 2025-12-17T17:49:19.241Z internationalout-of-the-box.net non 6631 ID700 - Try to input the SDD system, maybe it will bypass the virtual hard drive!
<125>1 2025-12-17T17:49:19.241Z districtincubate.biz ad 9543 ID344 - If we program the bandwidth, we can get to the SCSI protocol through the optical EXE firewall!
<105>3 2025-12-17T17:49:19.241Z productrevolutionize.net tempora 6790 ID897 - The RSS application is down, parse the virtual card so we can hack the SQL program!
<186>2 2025-12-17T17:49:19.241Z seniorweb-enabled.io modi 5899 ID788 - You can't generate the feed without generating the redundant SAS sensor!
<168>3 2025-12-17T17:49:19.241Z districtarchitectures.io unde 8525 ID129 - If we transmit the panel, we can get to the XML microchip through the mobile XML driver!
<60>3 2025-12-17T17:49:19.241Z corporatesticky.name et 4790 ID135 - If we copy the array, we can get to the SAS port through the back-end RAM feed!
<13>Dec 17 17:50:45 gateway authd[1000]: user=blessy password=FnnpBZ7UYFMdm status=rejected
<122>2 2025-12-17T17:49:19.241Z seniorroi.net exercitationem 9355 ID972 - I'Ll transmit the virtual XML card, that should sensor the SAS array!
<160>2 2025-12-17T17:49:19.241Z forwardscale.biz laudantium 6578 ID875 - The JBOD array is down, generate the cross-platform bandwidth so we can bypass the JSON bandwidth!
<59>3 2025-12-17T17:49:19.241Z customerinnovate.name est 4358 ID617 - If we synthesize the system, we can get to the AI application through the auxiliary FTP alarm!
<13>Dec 17 17:50:48 gateway authd[1000]: user=drew_osborn password=Hv1B07CTvnVv status=rejected
<190>2 2025-12-17T17:49:19.241Z internalrecontextualize.biz quia 6444 ID398 - Transmitting the program won't do anything, we need to generate the virtual SMS driver!
<69>3 2025-12-17T17:49:19.241Z humantransition.biz incidunt 8225 ID481 - You can't parse the card without backing up the redundant IB hard drive!
<14>1 2025-12-17T17:49:19.241Z internaldrive.name incidunt 7769 ID607 - Try to reboot the RAM protocol, maybe it will override the wireless hard drive!
<38>2 2025-12-17T17:49:19.241Z leadbricks-and-clicks.biz molestias 9768 ID615 - Use the primary SQL feed, then you can back up the online bus!
<13>Dec 17 17:50:53 gateway authd[1000]: user=eric_lee password=JaxiVAO7Vnm status=rejected
<13>Dec 17 17:50:54 gateway authd[1000]: user=keith_harrison password=jd76Ume6kxLLF status=rejected
<168>3 2025-12-17T17:49:19.241Z chiefrepurpose.net rerum 9042 ID79 - Overriding the application won't do anything, we need to generate the back-end ADP application!
<99>1 2025-12-17T17:49:19.241Z corporatecommunities.io distinctio 7946 ID410 - Calculating the pixel won't do anything, we need to generate the back-end SQL sensor!
<175>1 2025-12-17T17:49:19.241Z chiefvertical.biz nihil 4651 ID949 - Use the virtual XSS hard drive, then you can transmit the cross-platform panel!
<157>1 2025-12-17T17:49:19.241Z corporatesexy.org nobis 513 ID44 - Try to generate the THX monitor, maybe it will input the redundant card!
<13>Dec 17 17:50:58 gateway authd[1000]: user=blessy password=rwFdgB5RSNi status=rejected
<32>2 2025-12-17T17:49:19.241Z customerb2b.name omnis 8667 ID466 - You can't input the circuit without calculating the cross-platform JBOD bus!
<73>2 2025-12-17T17:49:19.241Z legacyincentivize.net autem 7575 ID41 - The THX program is down, override the mobile program so we can connect the USB program!
<13>Dec 17 17:51:02 gateway authd[1000]: user=fatma_arslan password=ajMG8BDzNU status=rejected
<161>2 2025-12-17T17:49:19.241Z chiefcross-platform.biz sunt 6229 ID443 - If we override the firewall, we can get to the COM system through the virtual CSS firewall!
<13>Dec 17 17:51:07 gateway authd[1000]: user=john_quarles password=C995cPWpS9zU status=rejected
<123>1 2025-12-17T17:49:19.241Z nationalmethodologies.org maiores 5086 ID192 - The SCSI array is down, compress the optical port so we can copy the SCSI pixel!
<30>2 2025-12-17T17:49:19.241Z humanfunctionalities.org similique 7094 ID744 - The HDD application is down, bypass the mobile protocol so we can navigate the PNG pixel!
<13>Dec 17 17:51:08 gateway authd[1000]: user=dyshana_torres_rivera password=u9KnbvmPST status=rejected
<13>Dec 17 17:51:11 gateway authd[1000]: user=gabriel_green password=hXp1e6sq631CG status=rejected
<13>Dec 17 17:51:14 gateway authd[1000]: user=xiaoyin_wang password=J7NNSQsgh2bDF status=rejected
<13>Dec 17 17:51:17 gateway authd[1000]: user=xiaoyin_wang password=OQnzjEucYY status=rejected
<40>3 2025-12-17T17:49:19.241Z futuretechnologies.org voluptatem 5722 ID521 - Indexing the protocol won't do anything, we need to calculate the online AGP feed!
<13>Dec 17 17:51:18 gateway authd[1000]: user=drew_osborn password=bNc4zWhJNr status=rejected
<106>2 2025-12-17T17:49:19.241Z investorniches.org et 2900 ID456 - You can't synthesize the transmitter without hacking the digital USB microchip!
<82>3 2025-12-17T17:49:19.241Z nationalkiller.name a 1912 ID485 - Use the mobile GB microchip, then you can index the online sensor!
<6>2 2025-12-17T17:49:19.241Z internalsynthesize.biz aspernatur 8432 ID294 - The RSS bandwidth is down, generate the auxiliary alarm so we can reboot the COM card!
<122>2 2025-12-17T17:49:19.241Z corporatedeliverables.org est 5505 ID489 - You can't input the alarm without compressing the 1080p ADP capacitor!
<53>1 2025-12-17T17:49:19.241Z forwardoptimize.name omnis 4807 ID930 - I'Ll parse the virtual RSS alarm, that should card the RSS circuit!
<54>3 2025-12-17T17:49:19.241Z seniorcross-media.info amet 8119 ID211 - I'Ll program the bluetooth SDD array, that should panel the XML system!
<156>2 2025-12-17T17:49:19.241Z regionalback-end.info in 2795 ID196 - If we program the firewall, we can get to the PNG transmitter through the haptic AGP array!
<13>Dec 17 17:51:23 gateway authd[1000]: user=carlington_miller password=CgDhd8vL status=rejected
<75>3 2025-12-17T17:49:19.241Z corporateout-of-the-box.net dicta 7358 ID197 - If we back up the application, we can get to the PNG feed through the haptic HDD system!
<174>3 2025-12-17T17:49:19.241Z humanfront-end.name nisi 7598 ID702 - If we quantify the sensor, we can get to the AGP monitor through the mobile FTP array!
<13>Dec 17 17:51:25 gateway authd[1000]: user=fernanda_hernandez password=ZGXjSdg64 status=rejected
<138>1 2025-12-17T17:49:19.241Z futurevisionary.com dolore 5383 ID634 - I'Ll calculate the virtual SCSI transmitter, that should port the XML program!
<13>Dec 17 17:51:28 gateway authd[1000]: user=gabriel_green password=7Ajkrw90V status=rejected
<60>1 2025-12-17T17:49:19.241Z humanusers.biz commodi 2004 ID861 - We need to transmit the mobile IB interface!
<82>1 2025-12-17T17:49:19.241Z legacymaximize.org reprehenderit 3760 ID109 - I'Ll input the 1080p AGP feed, that should monitor the PNG matrix!
<65>3 2025-12-17T17:49:19.241Z dynamicinfrastructures.name et 7493 ID497 - We need to synthesize the multi-byte XML circuit!
<142>2 2025-12-17T17:49:19.241Z humancustomized.net tenetur 120 ID551 - I'Ll quantify the auxiliary RSS pixel, that should alarm the EXE hard drive!
<13>Dec 17 17:51:31 gateway authd[1000]: user=tonya password=xxBfHY21LVn status=rejected
<122>2 2025-12-17T17:49:19.241Z legacydeliver.info nam 5419 ID52 - Try to index the ADP application, maybe it will back up the neural circuit!
<113>3 2025-12-17T17:49:19.241Z centralmaximize.io quam 7337 ID794 - Calculating the port won't do anything, we need to calculate the cross-platform XSS circuit!
<52>1 2025-12-17T17:49:19.241Z forwardbricks-and-clicks.info rem 8973 ID305 - Use the back-end SCSI driver, then you can program the solid state hard drive!
<57>1 2025-12-17T17:49:19.241Z customernext-generation.net tempore 8975 ID370 - You can't copy the firewall without navigating the virtual SMS application!
<84>2 2025-12-17T17:49:19.241Z customerworld-class.info quasi 5665 ID914 - You can't synthesize the application without programming the multi-byte JBOD bandwidth!
<13>Dec 17 17:51:35 gateway authd[1000]: user=carlington_miller password=O9bLQ3CwBRYME status=rejected
<13>Dec 17 17:51:37 gateway authd[1000]: user=martin_benavides password=joCXnb4AH23D status=rejected
<41>3 2025-12-17T17:49:19.241Z forwardturn-key.name officiis 3609 ID23 - Synthesizing the monitor won't do anything, we need to reboot the redundant SQL application!
<42>1 2025-12-17T17:49:19.241Z regionalintegrate.net quibusdam 3499 ID935 - We need to connect the virtual CSS panel!
<13>Dec 17 17:51:39 gateway authd[1000]: user=william_chen password=szWcz7xOWZfw5 status=rejected
<131>2 2025-12-17T17:49:19.241Z customerinnovate.net minima 8523 ID628 - I'Ll hack the wireless JBOD bandwidth, that should card the SSL circuit!
<61>3 2025-12-17T17:49:19.241Z globalrobust.net et 5122 ID698 - Quantifying the bandwidth won't do anything, we need to copy the solid state COM transmitter!
<185>1 2025-12-17T17:49:19.241Z directrich.biz atque 9148 ID167 - Try to reboot the HTTP bandwidth, maybe it will copy the digital capacitor!
<13>Dec 17 17:51:44 gateway authd[1000]: user=fatma_arslan password=9teyr5SImIGFE status=rejected
<186>1 2025-12-17T17:49:19.241Z investorengage.com blanditiis 2560 ID100 - Use the cross-platform USB program, then you can copy the haptic firewall!
<53>2 2025-12-17T17:49:19.241Z internationaloptimize.org aspernatur 2458 ID436 - Use the cross-platform PCI monitor, then you can calculate the wireless panel!
<13>Dec 17 17:51:48 gateway authd[1000]: user=william_chen password=TtZJq9sMdU2w3i status=rejected
<132>1 2025-12-17T17:49:19.241Z leadone-to-one.name velit 5056 ID283 - If we calculate the sensor, we can get to the FTP bus through the mobile HTTP circuit!
<13>Dec 17 17:51:51 gateway authd[1000]: user=murtuza_jadliwala password=dCZlBlUEzP status=rejected
<121>3 2025-12-17T17:49:19.241Z centralchannels.org impedit 6708 ID229 - You can't input the microchip without connecting the online COM interface!
<99>1 2025-12-17T17:49:19.241Z principalmaximize.biz natus 6803 ID558 - Try to back up the SAS feed, maybe it will synthesize the solid state capacitor!
<13>Dec 17 17:51:53 gateway authd[1000]: user=curran_hill password=DINCF92t6x status=rejected
<87>1 2025-12-17T17:49:19.241Z humanfunctionalities.org consequatur 5708 ID653 - Use the neural SQL alarm, then you can parse the optical firewall!
<178>2 2025-12-17T17:49:19.241Z districtopen-source.name corporis 763 ID648 - You can't program the card without overriding the haptic SAS monitor!
<157>2 2025-12-17T17:49:19.241Z customerinnovative.net necessitatibus 6835 ID169 - You can't index the port without compressing the 1080p XSS capacitor!
<65>2 2025-12-17T17:49:19.241Z investorwireless.info vero 7815 ID17 - We need to hack the redundant THX port!
<37>2 2025-12-17T17:49:19.241Z corporatebrand.biz ipsam 8759 ID666 - You can't generate the transmitter without connecting the haptic EXE monitor!
<185>1 2025-12-17T17:49:19.241Z investoraction-items.biz perspiciatis 2585 ID256 - Parsing the bandwidth won't do anything, we need to back up the wireless SQL program!
<65>2 2025-12-17T17:49:19.241Z regionalmission-critical.com doloribus 9689 ID286 - We need to synthesize the redundant AI matrix!
<101>1 2025-12-17T17:49:19.241Z principalmorph.com suscipit 6615 ID376 - I'Ll override the redundant JBOD transmitter, that should card the SMTP matrix!
<124>2 2025-12-17T17:49:19.241Z productinfomediaries.io natus 6456 ID426 - Use the neural SDD application, then you can generate the wireless port!
<88>3 2025-12-17T17:49:19.241Z regionalturn-key.com cum 8396 ID246 - If we generate the driver, we can get to the SMTP circuit through the back-end SAS capacitor!
<13>Dec 17 17:51:57 gateway authd[1000]: user=oliver_krauss password=RTb0A3G11jHWY status=rejected
<13>Dec 17 17:52:01 gateway authd[1000]: user=christopher_chilek password=TgXDkMBPe4S status=rejected
<13>Dec 17 17:52:05 gateway authd[1000]: user=samuel_stone password=O44MkLDR status=rejected
<101>2 2025-12-17T17:49:19.241Z futurefunctionalities.io similique 4436 ID193 - If we input the microchip, we can get to the EXE pixel through the online JSON bus!
<162>3 2025-12-17T17:49:19.241Z globale-enable.net voluptatem 1146 ID623 - Try to hack the FTP matrix, maybe it will reboot the cross-platform port!
<13>Dec 17 17:52:08 gateway authd[1000]: user=turgay_korkmaz password=dXjDAw4ne status=rejected
<44>3 2025-12-17T17:49:19.241Z forwardmaximize.net et 3815 ID172 - You can't copy the system without copying the wireless SDD bus!
<13>Dec 17 17:52:12 gateway authd[1000]: user=will_dedominico password=QWdwBU3Y status=rejected
<13>Dec 17 17:52:15 gateway authd[1000]: user=elocin_pettit password=NtvEoWwip status=rejected
<55>1 2025-12-17T17:49:19.241Z dynamicstreamline.io soluta 5981 ID301 - Try to hack the SCSI matrix, maybe it will index the bluetooth circuit!
<80>3 2025-12-17T17:49:19.241Z nationaltechnologies.io harum 8462 ID423 - If we transmit the transmitter, we can get to the XML feed through the multi-byte SMS monitor!
<92>1 2025-12-17T17:49:19.241Z centralenterprise.info atque 8416 ID24 - The IB monitor is down, index the neural panel so we can parse the ADP sensor!
<13>Dec 17 17:52:20 gateway authd[1000]: user=xiaoyin_wang password=CekiSsnihfol status=rejected
<13>Dec 17 17:52:25 gateway authd[1000]: user=john_heaps password=cvkQDN7di2JZEB status=rejected
<65>2 2025-12-17T17:49:19.241Z legacyreal-time.biz at 8940 ID374 - Try to quantify the HTTP card, maybe it will copy the optical capacitor!
<157>3 2025-12-17T17:49:19.241Z futurestreamline.com commodi 5814 ID995 - Compressing the hard drive won't do anything, we need to program the neural SSL system!
<81>2 2025-12-17T17:49:19.241Z directreal-time.biz aut 1464 ID123 - We need to back up the bluetooth AI card!
<148>2 2025-12-17T17:49:19.241Z chiefmethodologies.org atque 1429 ID60 - If we program the transmitter, we can get to the CSS microchip through the 1080p EXE bandwidth!
<98>2 2025-12-17T17:49:19.241Z globalarchitect.com similique 6548 ID674 - Hacking the driver won't do anything, we need to program the online JSON hard drive!
<153>2 2025-12-17T17:49:19.241Z futurerepurpose.net aliquam 1411 ID168 - Try to parse the ADP circuit, maybe it will quantify the back-end monitor!
<41>3 2025-12-17T17:49:19.241Z productvirtual.org iusto 7114 ID362 - Use the open-source RSS feed, then you can calculate the solid state monitor!
<13>Dec 17 17:52:30 gateway authd[1000]: user=gregory_white password=zEjzHJxXZuYxtq status=rejected
<13>Dec 17 17:52:31 gateway authd[1000]: user=carlington_miller password=I5rjdqlQM status=rejected
<13>Dec 17 17:52:32 gateway authd[1000]: user=curran_hill password=Jx4xT42XikGDO status=rejected
<133>2 2025-12-17T17:49:19.241Z internationalmetrics.com ut 648 ID577 - Use the back-end JSON capacitor, then you can parse the open-source pixel!
<114>1 2025-12-17T17:49:19.241Z leadend-to-end.biz id 6458 ID924 - If we reboot the system, we can get to the HTTP hard drive through the online JSON protocol!
<13>Dec 17 17:52:34 gateway authd[1000]: user=samuel_stone password=rKxEmTY8nf4oZ9 status=rejected
<61>1 2025-12-17T17:49:19.241Z regionalfrictionless.biz omnis 2383 ID565 - You can't connect the program without backing up the back-end SDD circuit!
<133>3 2025-12-17T17:49:19.241Z legacymorph.name sequi 615 ID82 - The ADP bus is down, connect the optical alarm so we can calculate the USB application!
<13>Dec 17 17:52:37 gateway authd[1000]: user=curran_hill password=TYGsWg8yPZDW status=rejected
<13>Dec 17 17:52:40 gateway authd[1000]: user=rajkumar_banoth password=1CLnN8h9eei status=rejected
<27>2 2025-12-17T17:49:19.241Z dynamicutilize.biz sed 7695 ID182 - You can't copy the matrix without calculating the bluetooth SAS application!
<116>1 2025-12-17T17:49:19.241Z forwardbleeding-edge.com voluptate 87 ID522 - If we input the panel, we can get to the SDD array through the virtual SMTP panel!
<82>1 2025-12-17T17:49:19.241Z productmesh.name dicta 1801 ID312 - I'Ll hack the virtual FTP alarm, that should program the EXE driver!
<59>2 2025-12-17T17:49:19.241Z internal24/7.biz quos 1431 ID686 - If we synthesize the feed, we can get to the SSL transmitter through the haptic SMTP transmitter!
<13>Dec 17 17:52:43 gateway authd[1000]: user=christopher_chilek password=dFmyERsmjE status=rejected
<176>2 2025-12-17T17:49:19.241Z leadclicks-and-mortar.name iste 6643 ID944 - Bypassing the card won't do anything, we need to reboot the bluetooth SCSI application!
<128>3 2025-12-17T17:49:19.241Z globalgranular.biz sunt 1989 ID823 - The ADP firewall is down, hack the digital feed so we can navigate the HDD transmitter!
<116>2 2025-12-17T17:49:19.241Z seniortechnologies.net alias 2826 ID846 - Try to program the XSS hard drive, maybe it will hack the neural bandwidth!
<10>2 2025-12-17T17:49:19.241Z principalstrategize.net placeat 2884 ID948 - Try to back up the XSS sensor, maybe it will input the cross-platform bandwidth!
<40>2 2025-12-17T17:49:19.241Z legacydeploy.name repellendus 4221 ID529 - Use the wireless SAS capacitor, then you can compress the virtual card!
<21>2 2025-12-17T17:49:19.241Z regionalweb-readiness.org sint 2018 ID55 - We need to index the optical SQL alarm!
<13>Dec 17 17:52:48 gateway authd[1000]: user=vian_chen password=6bDbiZ9S9 status=rejected
<186>2 2025-12-17T17:49:19.241Z leadback-end.org et 7662 ID535 - Use the multi-byte COM pixel, then you can connect the mobile transmitter!
<42>2 2025-12-17T17:49:19.241Z regionaldeploy.com qui 5527 ID998 - Parsing the card won't do anything, we need to copy the mobile THX transmitter!
<52>3 2025-12-17T17:49:19.241Z forwarde-enable.net reprehenderit 3960 ID859 - If we connect the interface, we can get to the SQL driver through the 1080p PCI panel!
<13>Dec 17 17:52:52 gateway authd[1000]: user=turgay_korkmaz password=j8DqO6s0781 status=rejected
<12>3 2025-12-17T17:49:19.241Z nationalscalable.name molestiae 6590 ID534 - We need to program the neural IB matrix!
<76>1 2025-12-17T17:49:19.241Z districtinfomediaries.net voluptate 7621 ID323 - Use the haptic HDD program, then you can input the haptic panel!
<48>1 2025-12-17T17:49:19.241Z dynamictechnologies.name qui 8737 ID765 - You can't connect the panel without calculating the open-source EXE capacitor!
<13>Dec 17 17:52:55 gateway authd[1000]: user=maanasa_baskar password=NocqURCWpAzYwM status=rejected
<148>1 2025-12-17T17:49:19.241Z nationalfrictionless.com mollitia 9111 ID395 - I'Ll compress the multi-byte JSON circuit, that should transmitter the SDD microchip!
<97>3 2025-12-17T17:49:19.241Z dynamiceyeballs.org voluptatibus 9530 ID162 - If we program the monitor, we can get to the XML microchip through the optical USB hard drive!
<182>2 2025-12-17T17:49:19.241Z nationalintegrate.name odio 9118 ID71 - I'Ll quantify the digital AI sensor, that should alarm the SDD program!
<13>3 2025-12-17T17:49:19.241Z districtfrictionless.com atque 2131 ID683 - You can't navigate the driver without navigating the optical SSL pixel!
<119>3 2025-12-17T17:49:19.241Z internationalrepurpose.biz temporibus 507 ID687 - Parsing the sensor won't do anything, we need to parse the mobile ADP bus!
<86>1 2025-12-17T17:49:19.241Z dynamicinterfaces.org maiores 4969 ID407 - The PNG protocol is down, quantify the wireless feed so we can reboot the HDD bus!
<13>Dec 17 17:52:59 gateway authd[1000]: user=fatma_arslan password=uCBA6i7co status=rejected
<6>1 2025-12-17T17:49:19.241Z productbrand.org et 1572 ID462 - If we navigate the panel, we can get to the GB circuit through the primary CSS interface!
<127>2 2025-12-17T17:49:19.241Z centralcross-media.org veniam 7680 ID389 - If we navigate the matrix, we can get to the PCI array through the mobile SMTP pixel!
<22>1 2025-12-17T17:49:19.241Z leade-commerce.io laudantium 803 ID233 - Navigating the sensor won't do anything, we need to generate the back-end SSL protocol!
<53>2 2025-12-17T17:49:19.241Z globalseize.io id 9956 ID96 - Use the haptic CSS capacitor, then you can parse the neural firewall!
<115>2 2025-12-17T17:49:19.241Z customervalue-added.biz quaerat 838 ID178 - Use the neural XSS interface, then you can index the optical transmitter!
<134>1 2025-12-17T17:49:19.241Z productniches.info ea 7059 ID11 - You can't override the protocol without quantifying the virtual FTP feed!
<175>2 2025-12-17T17:49:19.241Z centralstrategize.info iusto 4135 ID851 - Bypassing the system won't do anything, we need to copy the optical PNG monitor!
<13>Dec 17 17:53:04 gateway authd[1000]: user=drew_osborn password=dwSo4Q71zhTw9 status=rejected
<57>1 2025-12-17T17:49:19.241Z forwardvisionary.net ipsum 9795 ID111 - The GB hard drive is down, back up the redundant sensor so we can quantify the XSS program!
<93>1 2025-12-17T17:49:19.241Z investorcommunities.com corrupti 2090 ID20 - We need to index the multi-byte SMTP feed!
<13>3 2025-12-17T17:49:19.241Z dynamictarget.org et 3008 ID251 - If we synthesize the circuit, we can get to the ADP feed through the virtual HDD port!
<64>1 2025-12-17T17:49:19.241Z directdisintermediate.org facilis 7763 ID514 - Programming the circuit won't do anything, we need to quantify the multi-byte HTTP microchip!
<27>2 2025-12-17T17:49:19.241Z productreintermediate.org incidunt 384 ID499 - You can't calculate the circuit without transmitting the back-end SSL capacitor!
<148>3 2025-12-17T17:49:19.241Z investorexperiences.org quas 8229 ID83 - The COM program is down, hack the 1080p circuit so we can program the THX firewall!
<109>2 2025-12-17T17:49:19.241Z nationalsolutions.net consequatur 5534 ID459 - If we calculate the monitor, we can get to the RSS array through the auxiliary SSL system!
<125>3 2025-12-17T17:49:19.241Z internalviral.com accusantium 1559 ID385 - We need to reboot the cross-platform TCP port!
<138>3 2025-12-17T17:49:19.241Z principalapplications.io nobis 314 ID237 - I'Ll generate the primary HDD interface, that should bandwidth the XSS bandwidth!
<13>Dec 17 17:53:07 gateway authd[1000]: user=fernanda_hernandez password=sEqJkpEBlA status=rejected
<144>1 2025-12-17T17:49:19.241Z leadinfomediaries.io sint 9851 ID875 - Use the cross-platform FTP protocol, then you can reboot the wireless microchip!
<13>Dec 17 17:53:11 gateway authd[1000]: user=samuel_stone password=g6i4iaEFT status=rejected
<23>1 2025-12-17T17:49:19.241Z districtvalue-added.org et 4834 ID908 - Use the digital IB interface, then you can calculate the solid state bus!
<165>1 2025-12-17T17:49:19.241Z dynamicpartnerships.net deserunt 2428 ID395 - Bypassing the interface won't do anything, we need to generate the neural PCI panel!
<13>Dec 17 17:53:16 gateway authd[1000]: user=kevin_desai password=uaPReyd5V8TfTs status=rejected
<61>2 2025-12-17T17:49:19.241Z productapplications.io esse 660 ID281 - Connecting the firewall won't do anything, we need to copy the multi-byte SMS capacitor!
<157>2 2025-12-17T17:49:19.241Z investorintegrate.name ut 6443 ID57 - Compressing the driver won't do anything, we need to transmit the back-end JSON bandwidth!
<13>Dec 17 17:53:18 gateway authd[1000]: user=murtuza_jadliwala password=imk3kKyZL5 status=rejected
<103>2 2025-12-17T17:49:19.241Z dynamicreal-time.net a 1275 ID905 - The TCP interface is down, quantify the cross-platform feed so we can bypass the JBOD hard drive!
<13>Dec 17 17:53:23 gateway authd[1000]: user=kevin_desai password=oU9Mxb9uWmHZgV status=rejected
<13>Dec 17 17:53:28 gateway authd[1000]: user=hondo_limon password=H4K9d1Ln8ayXoW status=rejected
<127>1 2025-12-17T17:49:19.241Z investorcontent.org aspernatur 7645 ID293 - The SMS sensor is down, program the open-source firewall so we can back up the AI card!
<111>1 2025-12-17T17:49:19.241Z humanevolve.biz aut 5992 ID476 - We need to generate the optical AGP pixel!
<117>1 2025-12-17T17:49:19.241Z internationalengineer.biz sit 4257 ID564 - We need to compress the auxiliary SCSI bus!
<68>3 2025-12-17T17:49:19.241Z directarchitect.info sint 9030 ID59 - If we transmit the pixel, we can get to the TCP driver through the optical ADP port!
<68>1 2025-12-17T17:49:19.241Z internalturn-key.biz possimus 5624 ID414 - I'Ll parse the auxiliary XSS driver, that should alarm the JBOD protocol!
<131>1 2025-12-17T17:49:19.241Z internationale-markets.info fuga 3202 ID127 - Overriding the driver won't do anything, we need to quantify the auxiliary HTTP alarm!
<13>Dec 17 17:53:32 gateway authd[1000]: user=martin_benavides password=asodHFMgbIHEGa status=rejected
<124>1 2025-12-17T17:49:19.241Z nationalplug-and-play.biz magnam 5042 ID309 - If we transmit the port, we can get to the RAM microchip through the optical USB capacitor!
<117>1 2025-12-17T17:49:19.241Z forwardgrow.com eos 338 ID262 - Use the online PNG circuit, then you can bypass the wireless bandwidth!
<92>1 2025-12-17T17:49:19.241Z centralsynthesize.info optio 8961 ID645 - Use the haptic HTTP protocol, then you can synthesize the bluetooth protocol!
<35>3 2025-12-17T17:49:19.241Z internationalextensible.com eligendi 5535 ID131 - I'Ll reboot the 1080p SDD matrix, that should pixel the RAM matrix!
<88>2 2025-12-17T17:49:19.241Z dynamicincubate.info aut 355 ID116 - Try to reboot the RSS array, maybe it will quantify the virtual interface!
<67>1 2025-12-17T17:49:19.241Z dynamicend-to-end.info sint 8998 ID156 - The ADP feed is down, compress the online transmitter so we can parse the USB feed!
<162>2 2025-12-17T17:49:19.241Z leade-services.name harum 2955 ID389 - We need to transmit the wireless IB bandwidth!
<148>1 2025-12-17T17:49:19.241Z productenhance.name sit 4825 ID954 - If we back up the feed, we can get to the PCI sensor through the neural THX microchip!
<120>1 2025-12-17T17:49:19.241Z directexpedite.net praesentium 4339 ID489 - Use the online JBOD firewall, then you can compress the virtual transmitter!
<129>2 2025-12-17T17:49:19.241Z internalsystems.name deserunt 7181 ID33 - I'Ll input the multi-byte SAS capacitor, that should protocol the THX hard drive!
<50>2 2025-12-17T17:49:19.241Z principalcustomized.biz harum 7860 ID986 - The SDD driver is down, copy the mobile card so we can transmit the XSS bandwidth!
<124>3 2025-12-17T17:49:19.241Z dynamicenvisioneer.biz alias 553 ID367 - The COM sensor is down, connect the primary program so we can synthesize the XML bandwidth!
<83>2 2025-12-17T17:49:19.241Z regionalworld-class.net possimus 3688 ID466 - You can't synthesize the capacitor without calculating the haptic HTTP matrix!
<184>1 2025-12-17T17:49:19.241Z globalsynergize.net est 2546 ID640 - We need to bypass the mobile EXE bus!
<119>3 2025-12-17T17:49:19.241Z humanweb-enabled.com cumque 887 ID50 - Copying the pixel won't do anything, we need to index the multi-byte USB bus!
<170>3 2025-12-17T17:49:19.241Z investor24/7.com quia 1309 ID719 - The SMS sensor is down, compress the neural microchip so we can program the TCP transmitter!
<29>3 2025-12-17T17:49:19.241Z principalincubate.info sequi 8890 ID946 - The THX transmitter is down, transmit the cross-platform monitor so we can index the FTP bus!
<49>1 2025-12-17T17:49:19.241Z chiefviral.biz dolorem 4181 ID775 - Try to input the ADP alarm, maybe it will reboot the optical firewall!
<13>Dec 17 17:53:36 gateway authd[1000]: user=william_chen password=uCOIAEBZfSWE0 status=rejected
<13>Dec 17 17:53:41 gateway authd[1000]: user=dyshana_torres_rivera password=MrwiB1knOhJH status=rejected
<107>3 2025-12-17T17:49:19.241Z internationalincentivize.net in 6755 ID847 - Try to transmit the SSL capacitor, maybe it will program the cross-platform array!
<102>2 2025-12-17T17:49:19.241Z regionalengineer.org aut 42 ID320 - I'Ll override the virtual HTTP microchip, that should sensor the PCI protocol!
<96>1 2025-12-17T17:49:19.241Z dynamicvortals.name deserunt 3121 ID531 - If we synthesize the capacitor, we can get to the THX bus through the mobile PNG matrix!
<13>Dec 17 17:53:43 gateway authd[1000]: user=john_quarles password=vC1LGuMq8q0mK status=rejected
<4>1 2025-12-17T17:49:19.241Z humanscale.info quibusdam 5306 ID389 - Indexing the driver won't do anything, we need to override the redundant SAS driver!
<17>1 2025-12-17T17:49:19.241Z internalextend.info voluptate 6045 ID636 - Transmitting the system won't do anything, we need to bypass the virtual SCSI array!
<13>Dec 17 17:53:48 gateway authd[1000]: user=eric_lee password=tkaxOYAp6lDgD status=rejected
<35>2 2025-12-17T17:49:19.241Z districttransparent.io voluptas 9904 ID926 - You can't index the program without synthesizing the online ADP firewall!
<163>3 2025-12-17T17:49:19.241Z principaldeliverables.com eos 8943 ID815 - Try to copy the SMS pixel, maybe it will reboot the cross-platform hard drive!
<179>1 2025-12-17T17:49:19.241Z chiefmission-critical.biz qui 9605 ID636 - Navigating the hard drive won't do anything, we need to navigate the primary AGP pixel!
<57>3 2025-12-17T17:49:19.241Z humanmethodologies.info sint 2432 ID480 - You can't transmit the interface without transmitting the mobile SMS program!
<84>2 2025-12-17T17:49:19.241Z regionalglobal.info et 4680 ID572 - Try to bypass the EXE card, maybe it will reboot the neural hard drive!
<102>1 2025-12-17T17:49:19.241Z customerseamless.io sit 4556 ID994 - Compressing the pixel won't do anything, we need to bypass the auxiliary PCI sensor!
<17>1 2025-12-17T17:49:19.241Z regionalscale.info dolor 1133 ID137 - You can't compress the driver without transmitting the primary SDD matrix!
<13>Dec 17 17:53:50 gateway authd[1000]: user=christopher_chilek password=Ec5MIVOcXXu1OC status=rejected
<35>2 2025-12-17T17:49:19.241Z directinnovate.io vero 3002 ID359 - You can't program the interface without compressing the primary SSL sensor!
<129>1 2025-12-17T17:49:19.241Z internalpartnerships.net et 8994 ID489 - You can't compress the interface without synthesizing the redundant SAS pixel!
<169>1 2025-12-17T17:49:19.241Z humanscale.name aut 7655 ID577 - Try to synthesize the TCP pixel, maybe it will override the back-end array!
<13>Dec 17 17:53:53 gateway authd[1000]: user=oliver_krauss password=rZpeBCfczKgaf status=rejected
<48>2 2025-12-17T17:49:19.241Z leadrecontextualize.net itaque 8921 ID834 - You can't input the panel without navigating the haptic SMTP system!
<13>Dec 17 17:53:54 gateway authd[1000]: user=tonya password=en9rcEgdIUDGDq status=rejected
<74>3 2025-12-17T17:49:19.241Z humanclicks-and-mortar.com aperiam 1588 ID375 - You can't index the hard drive without overriding the redundant SDD transmitter!
<13>Dec 17 17:53:57 gateway authd[1000]: user=john_heaps password=AxAM6ufImy status=rejected
<13>Dec 17 17:54:00 gateway authd[1000]: user=hondo_limon password=zafZzK6gLBmZw status=rejected
<143>2 2025-12-17T17:49:19.241Z internationalenterprise.name libero 7663 ID40 - Try to calculate the CSS card, maybe it will index the cross-platform protocol!
<117>3 2025-12-17T17:49:19.241Z productniches.name totam 6552 ID895 - Try to parse the SCSI bus, maybe it will reboot the multi-byte array!
<131>3 2025-12-17T17:49:19.241Z districtcross-platform.net est 7033 ID25 - The JBOD card is down, parse the online bus so we can input the AI port!
<167>2 2025-12-17T17:49:19.241Z dynamicengineer.net sit 8740 ID253 - You can't index the system without quantifying the redundant HTTP card!
<13>Dec 17 17:54:05 gateway authd[1000]: user=elocin_pettit password=b8527hmuX status=rejected
<133>3 2025-12-17T17:49:19.241Z leadcompelling.com et 7170 ID601 - We need to generate the cross-platform PCI feed!
<93>1 2025-12-17T17:49:19.241Z nationalmonetize.info deserunt 1249 ID78 - We need to program the optical EXE monitor!
<13>Dec 17 17:54:07 gateway authd[1000]: user=john_heaps password=cdfKPIMAbJLDvt status=rejected
<13>Dec 17 17:54:08 gateway authd[1000]: user=gabriel_green password=OmnuzvpU55 status=rejected
<96>2 2025-12-17T17:49:19.241Z dynamicengage.biz culpa 3761 ID700 - The GB microchip is down, compress the 1080p card so we can synthesize the JSON panel!
<89>3 2025-12-17T17:49:19.241Z internalmatrix.net assumenda 5334 ID441 - Use the primary USB program, then you can index the multi-byte panel!
<45>1 2025-12-17T17:49:19.241Z nationalout-of-the-box.com odit 5482 ID408 - You can't generate the bus without transmitting the neural SDD system!
<59>3 2025-12-17T17:49:19.241Z internalrevolutionary.org iure 1589 ID458 - If we input the interface, we can get to the RAM transmitter through the multi-byte THX firewall!
<133>3 2025-12-17T17:49:19.241Z futureusers.net voluptatibus 6223 ID436 - I'Ll bypass the mobile JSON bus, that should protocol the COM feed!
