<149>1 2025-12-17T17:49:18.821Z internalkiller.name velit 1708 ID974 - We need to override the online RAM system!
<129>1 2025-12-17T17:49:18.821Z investorplatforms.net et 1203 ID510 - You can't reboot the bus without copying the optical AI firewall!
<87>3 2025-12-17T17:49:18.821Z forwardinteractive.io rerum 9304 ID404 - Try to override the SMS pixel, maybe it will bypass the online matrix!
<63>1 2025-12-17T17:49:18.821Z districtevolve.io in 7765 ID854 - If we override the pixel, we can get to the SMTP alarm through the solid state SMTP card!
<136>1 2025-12-17T17:49:18.821Z internationalwhiteboard.net laborum 6649 ID795 - Try to synthesize the SQL matrix, maybe it will transmit the online sensor!
<137>1 2025-12-17T17:49:18.821Z internaleyeballs.com fugiat 8093 ID110 - Try to back up the AGP array, maybe it will synthesize the redundant program!
<112>3 2025-12-17T17:49:18.821Z corporateenterprise.info occaecati 2111 ID469 - We need to synthesize the online SQL hard drive!
<184>1 2025-12-17T17:49:18.821Z internalleverage.name et 5912 ID415 - Try to synthesize the JSON microchip, maybe it will generate the auxiliary array!
<5>3 2025-12-17T17:49:18.821Z futureorchestrate.biz non 3470 ID484 - We need to calculate the wireless AI transmitter!
<149>1 2025-12-17T17:49:15Z internalkiller.name velit 1708 ID974 - user=raheel password=12opgpz1 status=invalid
<88>1 2025-12-17T17:49:18.821Z nationalpartnerships.name dolores 7846 ID401 - I'Ll copy the 1080p AGP capacitor, that should panel the PNG monitor!
<123>1 2025-12-17T17:49:18.821Z humanredefine.io praesentium 7103 ID797 - Try to index the JSON interface, maybe it will reboot the primary port!
<76>1 2025-12-17T17:49:18.821Z investorfrictionless.biz molestiae 2142 ID795 - Try to copy the HDD protocol, maybe it will input the cross-platform monitor!
<159>3 2025-12-17T17:49:18.821Z internalfront-end.com dolorem 901 ID837 - If we input the application, we can get to the AI system through the digital JBOD protocol!
<149>1 2025-12-17T17:49:19Z internalkiller.name velit 1708 ID974 - user=asif password=zjaEYtercH9bz status=invalid
<14>1 2025-12-17T17:49:18.821Z forwardexperiences.net fuga 1777 ID71 - If we back up the application, we can get to the SMS array through the auxiliary IB hard drive!
<149>1 2025-12-17T17:49:22Z internalkiller.name velit 1708 ID974 - user=farez_vadsaria password=mCCRKXciC3h status=invalid
<149>1 2025-12-17T17:49:26Z internalkiller.name velit 1708 ID974 - user=aly_ali password=qJaz2eFiHX status=invalid
<17>2 2025-12-17T17:49:18.821Z humanseize.com explicabo 8907 ID279 - Transmitting the application won't do anything, we need to input the back-end AGP system!
<149>1 2025-12-17T17:49:28Z internalkiller.name velit 1708 ID974 - user=saira_jiwani password=cGF4WlyO1pTA status=invalid
<149>1 2025-12-17T17:49:30Z internalkiller.name velit 1708 ID974 - user=amin_jaffer password=Xr6BdK6SRb status=invalid
<65>2 2025-12-17T17:49:18.821Z corporateenable.name minima 3026 ID670 - If we bypass the feed, we can get to the ADP driver through the haptic SAS protocol!
<132>1 2025-12-17T17:49:18.821Z humanleading-edge.io et 4578 ID720 - We need to override the online SMS port!
<147>3 2025-12-17T17:49:18.821Z forwardfront-end.com est 790 ID467 - You can't navigate the bandwidth without connecting the solid state PNG driver!
<26>2 2025-12-17T17:49:18.821Z forwardleading-edge.io qui 4383 ID800 - Try to calculate the TCP sensor, maybe it will reboot the haptic program!
<66>2 2025-12-17T17:49:18.821Z regionalorchestrate.io sequi 867 ID771 - Use the back-end SCSI application, then you can connect the back-end protocol!
<71>2 2025-12-17T17:49:18.821Z chiefcultivate.net expedita 5178 ID145 - The TCP interface is down, generate the back-end alarm so we can override the SDD card!
<149>1 2025-12-17T17:49:35Z internalkiller.name velit 1708 ID974 - user=saira_jiwani password=J516QfusZ status=invalid
<81>1 2025-12-17T17:49:18.821Z principale-enable.net repudiandae 1872 ID47 - If we reboot the application, we can get to the GB array through the primary PNG circuit!
<82>2 2025-12-17T17:49:18.821Z centralbricks-and-clicks.biz et 9318 ID395 - You can't index the application without copying the neural SDD sensor!
<29>3 2025-12-17T17:49:18.821Z centraldisintermediate.biz officiis 9066 ID875 - Try to bypass the FTP monitor, maybe it will synthesize the neural card!
<91>3 2025-12-17T17:49:18.821Z productmethodologies.org accusamus 8117 ID68 - Try to calculate the SMTP array, maybe it will index the optical panel!
<149>1 2025-12-17T17:49:38Z internalkiller.name velit 1708 ID974 - user=iliyan_momin password=dJiISXGVwbZuIl status=invalid
<23>1 2025-12-17T17:49:18.821Z dynamicwhiteboard.biz vitae 6742 ID184 - Use the redundant GB hard drive, then you can index the back-end panel!
<149>1 2025-12-17T17:49:39Z internalkiller.name velit 1708 ID974 - user=saurabh password=RBcUq7TSfBz3m status=invalid
<67>2 2025-12-17T17:49:18.821Z leadinteractive.io amet 8104 ID803 - If we transmit the firewall, we can get to the HTTP bus through the bluetooth XML sensor!
<67>1 2025-12-17T17:49:18.821Z nationalrecontextualize.biz dolores 4591 ID712 - I'Ll index the solid state JSON firewall, that should matrix the EXE protocol!
<149>1 2025-12-17T17:49:44Z internalkiller.name velit 1708 ID974 - user=zain_mitha password=j2BuV1p31I6diM status=invalid
<41>1 2025-12-17T17:49:18.821Z leade-markets.info facilis 6763 ID736 - We need to copy the mobile SSL capacitor!
<149>1 2025-12-17T17:49:49Z internalkiller.name velit 1708 ID974 - user=amyn password=JeA0P6k1 status=invalid
<95>3 2025-12-17T17:49:18.821Z districtmethodologies.com voluptas 1173 ID628 - Use the online PCI panel, then you can program the multi-byte program!
<149>1 2025-12-17T17:49:50Z internalkiller.name velit 1708 ID974 - user=murad password=eVTAsVXuS status=invalid
<133>3 2025-12-17T17:49:18.821Z legacyinterfaces.com quis 4679 ID905 - We need to connect the bluetooth SQL microchip!
<149>1 2025-12-17T17:49:53Z internalkiller.name velit 1708 ID974 - user=zain_mitha password=fFD6YT1LN status=invalid
<98>3 2025-12-17T17:49:18.821Z internalbest-of-breed.com aut 7231 ID260 - Use the solid state HTTP array, then you can parse the wireless monitor!
<186>1 2025-12-17T17:49:18.821Z principale-services.biz odio 2942 ID881 - We need to input the cross-platform SCSI sensor!
<149>1 2025-12-17T17:49:57Z internalkiller.name velit 1708 ID974 - user=anita_karim password=AZxOa72B5g25 status=invalid
<169>1 2025-12-17T17:49:18.821Z directrecontextualize.name enim 2599 ID85 - Try to synthesize the AI microchip, maybe it will hack the cross-platform driver!
<60>2 2025-12-17T17:49:18.821Z customerproactive.biz dolor 1607 ID521 - We need to compress the open-source SMS monitor!
<185>2 2025-12-17T17:49:18.821Z directcustomized.org rerum 9403 ID707 - Use the digital COM sensor, then you can navigate the neural bus!
<126>2 2025-12-17T17:49:18.821Z seniorfrictionless.net dignissimos 1425 ID811 - We need to copy the wireless TCP bus!
<175>1 2025-12-17T17:49:18.821Z leadsyndicate.com rem 3496 ID711 - The SAS program is down, override the neural circuit so we can bypass the RAM panel!
<56>1 2025-12-17T17:49:18.821Z dynamicsynthesize.org dolores 1145 ID251 - Use the digital CSS monitor, then you can synthesize the 1080p bus!
<73>2 2025-12-17T17:49:18.821Z centralbrand.org molestiae 5995 ID70 - You can't input the port without backing up the 1080p JSON capacitor!
<149>1 2025-12-17T17:50:00Z internalkiller.name velit 1708 ID974 - user=jamil_jaffer password=hXz29dnezM status=invalid
<60>2 2025-12-17T17:49:18.821Z districte-enable.biz eos 1276 ID402 - The SMTP application is down, navigate the virtual application so we can parse the SQL panel!
<59>1 2025-12-17T17:49:18.821Z productarchitectures.info quis 4712 ID394 - You can't input the firewall without bypassing the online SAS protocol!
<173>1 2025-12-17T17:49:18.821Z directrevolutionary.com sed 8566 ID683 - Quantifying the array won't do anything, we need to hack the haptic RAM sensor!
<97>2 2025-12-17T17:49:18.821Z regionale-services.biz voluptatem 8251 ID24 - Try to transmit the SSL program, maybe it will index the auxiliary panel!
<149>1 2025-12-17T17:50:05Z internalkiller.name velit 1708 ID974 - user=marriam_shah password=Iq370J4zNiNSD status=invalid
<25>3 2025-12-17T17:49:18.821Z humanb2b.io quae 2492 ID488 - We need to calculate the haptic SQL circuit!
<145>2 2025-12-17T17:49:18.821Z corporateenable.io incidunt 6942 ID338 - Navigating the capacitor won't do anything, we need to override the online AGP alarm!
<149>1 2025-12-17T17:50:08Z internalkiller.name velit 1708 ID974 - user=jamil_jaffer password=ySSrtsPpX status=invalid
<83>3 2025-12-17T17:49:18.821Z centralexpedite.org sequi 7159 ID942 - I'Ll reboot the haptic SAS feed, that should driver the XSS bus!
<31>1 2025-12-17T17:49:18.821Z investorgenerate.com soluta 3884 ID746 - Use the open-source XSS protocol, then you can back up the optical sensor!
<149>1 2025-12-17T17:50:09Z internalkiller.name velit 1708 ID974 - user=akber_hussain password=38D4J5GI status=invalid
<114>2 2025-12-17T17:49:18.821Z nationalenterprise.net enim 616 ID467 - The TCP matrix is down, synthesize the open-source bus so we can generate the RAM hard drive!
<149>1 2025-12-17T17:50:14Z internalkiller.name velit 1708 ID974 - user=arwa password=OcXYgW6B4 status=invalid
<149>1 2025-12-17T17:50:19Z internalkiller.name velit 1708 ID974 - user=hussein_din password=1lIQGqM4 status=invalid
<6>3 2025-12-17T17:49:18.821Z productwhiteboard.io autem 632 ID958 - We need to compress the neural USB firewall!
<32>3 2025-12-17T17:49:18.821Z nationalempower.com nihil 4900 ID133 - You can't quantify the hard drive without connecting the open-source HDD matrix!
<21>1 2025-12-17T17:49:18.821Z dynamictarget.name voluptas 4595 ID833 - Use the digital SAS microchip, then you can generate the mobile matrix!
<95>3 2025-12-17T17:49:18.821Z futureone-to-one.info est 5798 ID200 - Indexing the monitor won't do anything, we need to index the mobile ADP matrix!
<65>2 2025-12-17T17:49:18.821Z internalmindshare.org libero 4272 ID817 - Use the solid state SQL monitor, then you can hack the cross-platform matrix!
<149>1 2025-12-17T17:49:18.821Z corporatetechnologies.org ipsum 296 ID717 - Try to copy the THX circuit, maybe it will back up the open-source application!
<149>1 2025-12-17T17:50:23Z internalkiller.name velit 1708 ID974 - user=aly_ali password=qzkKGfXC status=invalid
<87>1 2025-12-17T17:49:18.821Z corporatebrand.info et 3186 ID314 - Use the 1080p JSON circuit, then you can back up the optical bandwidth!
<149>1 2025-12-17T17:50:28Z internalkiller.name velit 1708 ID974 - user=asad password=upEofaRbD status=invalid
<37>2 2025-12-17T17:49:18.821Z chiefbleeding-edge.name non 9305 ID697 - Connecting the hard drive won't do anything, we need to bypass the optical HTTP card!
<105>1 2025-12-17T17:49:18.821Z chiefvortals.biz commodi 9196 ID303 - We need to transmit the solid state HTTP matrix!
<81>3 2025-12-17T17:49:18.821Z districtapplications.info ipsam 4316 ID244 - You can't synthesize the transmitter without overriding the redundant PNG alarm!
<149>1 2025-12-17T17:50:33Z internalkiller.name velit 1708 ID974 - user=amin_jaffer password=u2lphja1 status=invalid
<178>3 2025-12-17T17:49:18.821Z seniorrecontextualize.biz minima 6511 ID742 - You can't input the port without synthesizing the open-source TCP card!
<118>1 2025-12-17T17:49:18.821Z humanseize.io temporibus 119 ID746 - I'Ll quantify the neural SQL application, that should card the XSS program!
<97>3 2025-12-17T17:49:18.821Z globalwhiteboard.net voluptas 905 ID632 - I'Ll copy the solid state SSL monitor, that should capacitor the SMTP feed!
<149>1 2025-12-17T17:50:36Z internalkiller.name velit 1708 ID974 - user=marriam_shah password=XlvpTB85x0 status=invalid
<22>3 2025-12-17T17:49:18.821Z leadmarkets.net eos 5373 ID911 - Programming the system won't do anything, we need to override the digital IB sensor!
<149>1 2025-12-17T17:50:37Z internalkiller.name velit 1708 ID974 - user=shar password=OhZ53llDI2 status=invalid
<76>2 2025-12-17T17:49:18.821Z futureweb-readiness.com nihil 3224 ID213 - You can't navigate the program without bypassing the digital JBOD microchip!
<33>3 2025-12-17T17:49:18.821Z principaleyeballs.name sit 4674 ID354 - I'Ll transmit the redundant SMTP bandwidth, that should interface the AI circuit!
<153>1 2025-12-17T17:49:18.821Z regionalstrategize.name voluptate 3727 ID748 - You can't bypass the alarm without calculating the bluetooth USB matrix!
<17>3 2025-12-17T17:49:18.821Z directimplement.net voluptatem 1505 ID828 - I'Ll reboot the mobile AGP feed, that should program the JBOD bus!
<149>1 2025-12-17T17:50:41Z internalkiller.name velit 1708 ID974 - user=asad password=97nx95uvQM2 status=invalid
<20>3 2025-12-17T17:49:18.821Z seniore-enable.org consequatur 9980 ID155 - Transmitting the protocol won't do anything, we need to transmit the optical IB monitor!
<149>1 2025-12-17T17:50:42Z internalkiller.name velit 1708 ID974 - user=asif password=zj2SDDJmc status=invalid
<107>1 2025-12-17T17:49:18.821Z forwardportals.io quia 162 ID486 - If we transmit the alarm, we can get to the SMS system through the virtual TCP capacitor!
<82>2 2025-12-17T17:49:18.821Z chiefbricks-and-clicks.org blanditiis 6836 ID160 - Try to connect the PCI bandwidth, maybe it will copy the digital feed!
<99>1 2025-12-17T17:49:18.821Z nationalout-of-the-box.name dolorem 3304 ID208 - Use the bluetooth AGP bus, then you can compress the auxiliary monitor!
<151>3 2025-12-17T17:49:18.821Z principalenable.biz est 9388 ID300 - If we copy the system, we can get to the AGP driver through the optical XSS system!
<59>3 2025-12-17T17:49:18.821Z seniore-enable.name cupiditate 6791 ID814 - If we reboot the driver, we can get to the THX circuit through the redundant IB microchip!
<146>1 2025-12-17T17:49:18.821Z forwardinfrastructures.io saepe 9711 ID707 - Try to generate the XML circuit, maybe it will back up the bluetooth protocol!
<188>3 2025-12-17T17:49:18.821Z directimpactful.org excepturi 2829 ID825 - Try to connect the RAM capacitor, maybe it will parse the auxiliary driver!
<149>1 2025-12-17T17:50:46Z internalkiller.name velit 1708 ID974 - user=murad password=snmKBBy5dT status=invalid
<45>2 2025-12-17T17:49:18.821Z chiefempower.org eius 1613 ID196 - Try to input the EXE transmitter, maybe it will program the redundant program!
<28>2 2025-12-17T17:49:18.821Z corporatedeliverables.org explicabo 8 ID228 - The RAM panel is down, program the auxiliary hard drive so we can compress the SCSI program!
<20>2 2025-12-17T17:49:18.821Z dynamicvortals.info est 853 ID166 - You can't quantify the microchip without compressing the multi-byte AGP driver!
<110>3 2025-12-17T17:49:18.821Z productvalue-added.biz earum 902 ID701 - Navigating the application won't do anything, we need to navigate the mobile SSL pixel!
<168>1 2025-12-17T17:49:18.821Z dynamicmission-critical.io eos 4456 ID77 - Try to input the PNG circuit, maybe it will parse the digital capacitor!
<79>1 2025-12-17T17:49:18.821Z internationaltransition.org est 948 ID380 - The SSL alarm is down, input the back-end alarm so we can hack the JSON circuit!
<149>1 2025-12-17T17:50:50Z internalkiller.name velit 1708 ID974 - user=a_ali password=r994OTIIqAA status=invalid
<1>3 2025-12-17T17:49:18.821Z principalcustomized.biz a 5565 ID988 - Try to bypass the AGP feed, maybe it will override the neural panel!
<149>1 2025-12-17T17:50:51Z internalkiller.name velit 1708 ID974 - user=aly_ali password=wFOYbCOzoEZ status=invalid
<80>1 2025-12-17T17:49:18.821Z internalintegrate.info eaque 4861 ID88 - Navigating the driver won't do anything, we need to navigate the auxiliary PNG protocol!
<177>3 2025-12-17T17:49:18.821Z futureinteractive.io in 6828 ID521 - Try to input the COM port, maybe it will synthesize the cross-platform driver!
<101>1 2025-12-17T17:49:18.821Z futureplatforms.io tempora 3971 ID114 - The CSS bandwidth is down, quantify the solid state array so we can parse the JBOD monitor!
<124>1 2025-12-17T17:49:18.821Z corporatetechnologies.io eius 9396 ID884 - We need to index the digital USB circuit!
<179>3 2025-12-17T17:49:18.821Z legacye-business.biz corporis 9273 ID343 - We need to index the wireless PNG capacitor!
<112>2 2025-12-17T17:49:18.821Z customerubiquitous.com officiis 9396 ID421 - Use the neural SSL monitor, then you can hack the back-end port!
<56>1 2025-12-17T17:49:18.821Z principalmaximize.io molestiae 7824 ID727 - Try to copy the THX system, maybe it will override the mobile monitor!
<112>3 2025-12-17T17:49:18.821Z chiefsynthesize.com ab 7961 ID702 - If we synthesize the system, we can get to the SMS firewall through the primary ADP transmitter!
<185>3 2025-12-17T17:49:18.821Z regionaluser-centric.com consequatur 2298 ID228 - The SSL system is down, hack the wireless monitor so we can synthesize the SMS system!
<162>1 2025-12-17T17:49:18.821Z directredefine.biz saepe 5076 ID958 - Use the primary JBOD pixel, then you can compress the 1080p driver!
<19>3 2025-12-17T17:49:18.821Z dynamicscale.biz delectus 3179 ID782 - We need to hack the open-source EXE monitor!
<144>1 2025-12-17T17:49:18.821Z centralparadigms.biz enim 2429 ID160 - Try to synthesize the SSL feed, maybe it will override the 1080p sensor!
<149>1 2025-12-17T17:50:54Z internalkiller.name velit 1708 ID974 - user=iliyan_momin password=HGPv1lgXmMeRiZ status=invalid
<149>1 2025-12-17T17:50:56Z internalkiller.name velit 1708 ID974 - user=murad password=hX2qzcI1b status=invalid
<63>2 2025-12-17T17:49:18.821Z customerbandwidth.com laboriosam 6725 ID526 - The RSS protocol is down, reboot the open-source card so we can copy the HDD card!
<0>3 2025-12-17T17:49:18.821Z investorenvisioneer.name libero 4840 ID789 - If we generate the matrix, we can get to the SDD program through the primary JBOD matrix!
<49>1 2025-12-17T17:49:18.821Z seniorconvergence.com rerum 8947 ID853 - The SCSI card is down, input the digital monitor so we can quantify the SMTP firewall!
<149>1 2025-12-17T17:50:58Z internalkiller.name velit 1708 ID974 - user=farez_vadsaria password=CiMTQ8K7rk2cam status=invalid
<149>1 2025-12-17T17:51:01Z internalkiller.name velit 1708 ID974 - user=shezan password=m9dXTrJyur150 status=invalid
<42>3 2025-12-17T17:49:18.821Z dynamicrecontextualize.name ab 8487 ID74 - I'Ll back up the cross-platform SMTP sensor, that should sensor the TCP hard drive!
<110>2 2025-12-17T17:49:18.821Z directproactive.info impedit 7851 ID202 - The XSS circuit is down, back up the solid state pixel so we can override the ADP panel!
<172>2 2025-12-17T17:49:18.821Z seniormatrix.io qui 7125 ID881 - I'Ll input the cross-platform PCI card, that should pixel the RAM bus!
<149>1 2025-12-17T17:51:03Z internalkiller.name velit 1708 ID974 - user=iliyan_momin password=U9Zdqml4NDiRJE status=invalid
<128>2 2025-12-17T17:49:18.821Z customercultivate.org itaque 1269 ID829 - If we reboot the monitor, we can get to the SMS system through the back-end RAM microchip!
<109>3 2025-12-17T17:49:18.821Z leadsynergize.org id 2824 ID881 - We need to input the multi-byte RSS program!
<149>1 2025-12-17T17:51:08Z internalkiller.name velit 1708 ID974 - user=salim_notta password=yWxFbUW5ixP status=invalid
<107>3 2025-12-17T17:49:18.821Z forwardsynergies.io accusamus 7655 ID541 - Try to connect the COM feed, maybe it will connect the primary sensor!
<82>3 2025-12-17T17:49:18.821Z principalbleeding-edge.name id 9251 ID580 - We need to reboot the open-source SCSI system!
<57>2 2025-12-17T17:49:18.821Z humanvertical.net qui 3484 ID262 - You can't quantify the array without copying the redundant XML program!
<149>1 2025-12-17T17:51:09Z internalkiller.name velit 1708 ID974 - user=rozi password=p1FgUFcWNLHM0 status=invalid
<31>1 2025-12-17T17:49:18.821Z dynamicparadigms.io libero 6802 ID344 - Try to calculate the SAS array, maybe it will calculate the haptic application!
<149>1 2025-12-17T17:51:11Z internalkiller.name velit 1708 ID974 - user=noah_ladak password=HqW9Mi26 status=invalid
<49>2 2025-12-17T17:49:18.821Z globalengineer.biz sunt 3149 ID905 - We need to hack the mobile JBOD port!
<154>3 2025-12-17T17:49:18.821Z regionale-business.name vero 4239 ID955 - I'Ll synthesize the mobile EXE bandwidth, that should program the FTP port!
<63>3 2025-12-17T17:49:18.821Z futureinnovative.net sed 542 ID862 - Use the redundant AI feed, then you can generate the haptic pixel!
<143>2 2025-12-17T17:49:18.821Z globalinterfaces.com molestiae 6917 ID309 - Quantifying the application won't do anything, we need to calculate the neural FTP microchip!
<149>1 2025-12-17T17:51:16Z internalkiller.name velit 1708 ID974 - user=murad_kajani password=BwxdyPZk status=invalid
<149>1 2025-12-17T17:51:18Z internalkiller.name velit 1708 ID974 - user=jamil_jaffer password=ubaYJEafEZ33 status=invalid
<22>2 2025-12-17T17:49:18.821Z dynamicdeliver.com repellendus 3512 ID153 - The XML panel is down, generate the redundant panel so we can index the PCI pixel!
<152>3 2025-12-17T17:49:18.821Z dynamicportals.com provident 6262 ID265 - We need to reboot the redundant CSS microchip!
<70>2 2025-12-17T17:49:18.821Z dynamicwhiteboard.name repellat 5254 ID864 - We need to generate the primary HTTP transmitter!
<89>2 2025-12-17T17:49:18.821Z futurestreamline.net sint 9590 ID126 - Try to transmit the COM panel, maybe it will override the neural bus!
<39>1 2025-12-17T17:49:18.821Z principalturn-key.net delectus 4926 ID455 - Copying the feed won't do anything, we need to override the online RAM hard drive!
<187>3 2025-12-17T17:49:18.821Z investorout-of-the-box.net earum 4309 ID458 - Use the digital USB protocol, then you can transmit the cross-platform hard drive!
<100>2 2025-12-17T17:49:18.821Z legacyschemas.io numquam 5073 ID716 - Try to navigate the SSL monitor, maybe it will navigate the primary application!
<149>1 2025-12-17T17:51:21Z internalkiller.name velit 1708 ID974 - user=zanir password=ZSxlEdsNklI1Z status=invalid
<116>1 2025-12-17T17:49:18.821Z forwardvisualize.net sunt 1457 ID129 - Quantifying the panel won't do anything, we need to hack the wireless GB monitor!
<149>1 2025-12-17T17:51:26Z internalkiller.name velit 1708 ID974 - user=arwa password=0xTQ21nd85e8O status=invalid
<24>1 2025-12-17T17:49:18.821Z dynamicfunctionalities.info voluptatibus 8354 ID794 - If we bypass the feed, we can get to the HTTP system through the solid state PNG bus!
<149>1 2025-12-17T17:51:29Z internalkiller.name velit 1708 ID974 - user=zoheb_makani password=44YRQFYyPQ6u9 status=invalid
<3>2 2025-12-17T17:49:18.821Z national24/7.info dolores 8089 ID802 - You can't back up the monitor without calculating the haptic SMS bandwidth!
<165>2 2025-12-17T17:49:18.821Z futurecontent.info perferendis 6825 ID901 - You can't copy the application without backing up the solid state SAS protocol!
<9>3 2025-12-17T17:49:18.821Z regionalefficient.info temporibus 3379 ID136 - If we quantify the panel, we can get to the XML system through the solid state IB protocol!
<26>2 2025-12-17T17:49:18.821Z productextensible.name velit 3360 ID274 - The GB system is down, generate the digital microchip so we can hack the SMTP circuit!
<13>1 2025-12-17T17:49:18.821Z internalintegrate.net et 7831 ID139 - We need to copy the redundant THX feed!
<149>1 2025-12-17T17:51:34Z internalkiller.name velit 1708 ID974 - user=asad password=0Zk2zoW5uzMMT status=invalid
<149>1 2025-12-17T17:51:38Z internalkiller.name velit 1708 ID974 - user=farez_vadsaria password=GqgzNdh3xy status=invalid
<97>1 2025-12-17T17:49:18.821Z districtdisintermediate.io doloribus 5989 ID489 - We need to navigate the bluetooth COM card!
<188>2 2025-12-17T17:49:18.821Z corporatewhiteboard.info laboriosam 9002 ID327 - You can't calculate the monitor without overriding the cross-platform SQL system!
<149>1 2025-12-17T17:51:42Z internalkiller.name velit 1708 ID974 - user=saurabh password=hUQdXe21DM5ysm status=invalid
<149>1 2025-12-17T17:51:46Z internalkiller.name velit 1708 ID974 - user=murad_kajani password=wMTjhDSS3Q2c status=invalid
<144>1 2025-12-17T17:49:18.821Z investormarkets.org saepe 5190 ID449 - Use the bluetooth TCP circuit, then you can index the cross-platform interface!
<149>1 2025-12-17T17:51:49Z internalkiller.name velit 1708 ID974 - user=manisha_hirani password=iKjJ7jrpnF status=invalid
<107>1 2025-12-17T17:49:18.821Z globalviral.net error 43 ID635 - We need to copy the open-source FTP port!
<147>3 2025-12-17T17:49:18.821Z internalarchitect.io possimus 4548 ID630 - Backing up the port won't do anything, we need to generate the multi-byte AI interface!
<25>3 2025-12-17T17:49:18.821Z dynamicdrive.io neque 457 ID733 - We need to override the haptic SMS circuit!
<149>1 2025-12-17T17:51:51Z internalkiller.name velit 1708 ID974 - user=zanir password=m6mAHMZBr status=invalid
<93>2 2025-12-17T17:49:18.821Z corporateweb services.com deserunt 2861 ID567 - The COM circuit is down, synthesize the online hard drive so we can back up the RAM bus!
<95>3 2025-12-17T17:49:18.821Z dynamicconvergence.biz tenetur 8143 ID261 - I'Ll synthesize the 1080p THX firewall, that should interface the SQL monitor!
<7>3 2025-12-17T17:49:18.821Z internalweb services.info aut 6425 ID110 - I'Ll generate the virtual SMS program, that should alarm the THX alarm!
<8>2 2025-12-17T17:49:18.821Z leadleverage.org reiciendis 2779 ID424 - We need to override the auxiliary IB application!
<31>3 2025-12-17T17:49:18.821Z futuredynamic.com et 1667 ID13 - You can't back up the pixel without calculating the back-end USB interface!
<86>2 2025-12-17T17:49:18.821Z internalfunctionalities.org ut 891 ID415 - If we reboot the port, we can get to the AGP card through the redundant SMS card!
<149>1 2025-12-17T17:51:55Z internalkiller.name velit 1708 ID974 - user=saurabh password=W116idLzpe3 status=invalid
<149>1 2025-12-17T17:51:56Z internalkiller.name velit 1708 ID974 - user=asif password=ll3JtWzx7u status=invalid
<126>1 2025-12-17T17:49:18.821Z directscalable.com sapiente 3530 ID425 - Use the primary JSON bandwidth, then you can synthesize the digital transmitter!
<152>1 2025-12-17T17:49:18.821Z dynamicexperiences.name velit 6545 ID67 - If we program the microchip, we can get to the TCP matrix through the open-source SMS matrix!
<18>2 2025-12-17T17:49:18.821Z centralcutting-edge.net quaerat 5837 ID271 - I'Ll bypass the bluetooth TCP application, that should system the SMTP card!
<4>1 2025-12-17T17:49:18.821Z nationalcutting-edge.com enim 4371 ID353 - If we calculate the bandwidth, we can get to the JSON application through the multi-byte FTP transmitter!
<5>1 2025-12-17T17:49:18.821Z humanleverage.biz eius 4718 ID522 - We need to bypass the cross-platform AGP interface!
<8>3 2025-12-17T17:49:18.821Z senior24/365.net delectus 1886 ID739 - If we hack the port, we can get to the EXE matrix through the bluetooth SMTP array!
<149>1 2025-12-17T17:51:59Z internalkiller.name velit 1708 ID974 - user=a_ali password=ylIwKWa5UsC status=invalid
<149>2 2025-12-17T17:49:18.821Z nationalnetworks.io quo 3263 ID203 - Try to compress the XML firewall, maybe it will reboot the multi-byte bandwidth!
<167>1 2025-12-17T17:49:18.821Z forwarddeploy.net rerum 7789 ID387 - Try to parse the FTP pixel, maybe it will hack the neural array!
<38>2 2025-12-17T17:49:18.821Z directinfrastructures.biz quisquam 8859 ID165 - If we program the driver, we can get to the JBOD monitor through the redundant THX interface!
<46>3 2025-12-17T17:49:18.821Z legacysynergistic.name ipsum 5391 ID384 - We need to parse the back-end THX program!
<188>3 2025-12-17T17:49:18.821Z productpartnerships.info recusandae 7221 ID597 - Try to synthesize the XSS alarm, maybe it will transmit the virtual pixel!
<149>1 2025-12-17T17:52:04Z internalkiller.name velit 1708 ID974 - user=zoheb_makani password=NPMFVm7dNV status=invalid
<101>1 2025-12-17T17:49:18.821Z dynamicglobal.org neque 9130 ID175 - I'Ll program the auxiliary SMS transmitter, that should feed the ADP pixel!
<80>2 2025-12-17T17:49:18.821Z directclicks-and-mortar.net blanditiis 1739 ID950 - Use the haptic JSON circuit, then you can index the auxiliary protocol!
<124>3 2025-12-17T17:49:18.821Z humansyndicate.org tenetur 8629 ID580 - I'Ll hack the mobile GB application, that should sensor the JSON hard drive!
<77>3 2025-12-17T17:49:18.821Z dynamicempower.name est 5405 ID869 - We need to compress the cross-platform HDD driver!
<87>2 2025-12-17T17:49:18.821Z productbleeding-edge.io occaecati 6120 ID515 - You can't index the port without hacking the cross-platform SMTP firewall!
<149>1 2025-12-17T17:52:06Z internalkiller.name velit 1708 ID974 - user=riyaz_popatia password=6CVZ3F56eNTi8 status=invalid
<62>3 2025-12-17T17:49:18.821Z districtturn-key.net qui 205 ID494 - If we reboot the monitor, we can get to the USB capacitor through the haptic EXE card!
<22>2 2025-12-17T17:49:18.821Z humanmatrix.io dolorem 6852 ID289 - Try to back up the IB application, maybe it will quantify the optical microchip!
<110>3 2025-12-17T17:49:18.821Z legacy24/365.org culpa 8302 ID4 - If we index the bus, we can get to the XSS driver through the open-source TCP array!
<97>2 2025-12-17T17:49:18.821Z chiefharness.io culpa 336 ID237 - Bypassing the pixel won't do anything, we need to connect the digital SDD capacitor!
<101>3 2025-12-17T17:49:18.821Z globalembrace.net dolor 7584 ID201 - You can't quantify the sensor without indexing the haptic SCSI pixel!
<82>3 2025-12-17T17:49:18.821Z investorgenerate.name sunt 4192 ID240 - Try to compress the PCI circuit, maybe it will input the redundant bus!
<83>1 2025-12-17T17:49:18.821Z dynamicefficient.com maxime 6842 ID680 - If we navigate the array, we can get to the AI interface through the open-source FTP application!
<149>1 2025-12-17T17:52:09Z internalkiller.name velit 1708 ID974 - user=naseem_huda_buckley password=eCuOdtfeYTQ status=invalid
<108>1 2025-12-17T17:49:18.821Z corporatemonetize.info neque 2269 ID648 - Parsing the feed won't do anything, we need to compress the digital RSS application!
<73>3 2025-12-17T17:49:18.821Z productkiller.info in 8607 ID793 - The SQL system is down, transmit the cross-platform microchip so we can reboot the ADP feed!
<44>3 2025-12-17T17:49:18.821Z seniortransparent.com error 8353 ID798 - Try to synthesize the RAM bandwidth, maybe it will compress the haptic microchip!
<149>1 2025-12-17T17:52:10Z internalkiller.name velit 1708 ID974 - user=rozi password=m1DCPoNCeH status=invalid
<149>1 2025-12-17T17:52:11Z internalkiller.name velit 1708 ID974 - user=amyn password=DoahO534glGA status=invalid
<12>2 2025-12-17T17:49:18.821Z leadwhiteboard.io eum 5162 ID628 - Use the cross-platform THX sensor, then you can calculate the optical firewall!
<18>1 2025-12-17T17:49:18.821Z leadsynergies.io consequatur 7181 ID415 - You can't index the hard drive without backing up the back-end FTP pixel!
<149>1 2025-12-17T17:52:13Z internalkiller.name velit 1708 ID974 - user=shar password=eDpzwA7gqPmFe1 status=invalid
<149>1 2025-12-17T17:52:16Z internalkiller.name velit 1708 ID974 - user=arwa password=n9TJmmnA4k4D status=invalid
<149>2 2025-12-17T17:49:18.821Z nationaltransition.biz eveniet 8809 ID368 - The GB program is down, synthesize the online panel so we can override the ADP matrix!
<17>1 2025-12-17T17:49:18.821Z dynamicmodels.io unde 3755 ID649 - I'Ll compress the solid state JBOD panel, that should alarm the HTTP pixel!
<37>1 2025-12-17T17:49:18.821Z internationalfront-end.org pariatur 7307 ID907 - If we parse the alarm, we can get to the SMTP interface through the cross-platform SCSI driver!
<149>1 2025-12-17T17:52:19Z internalkiller.name velit 1708 ID974 - user=zoheb_makani password=Z7RhAmpzY status=invalid
<174>3 2025-12-17T17:49:18.821Z forwardbleeding-edge.name ut 6035 ID525 - Try to bypass the HDD driver, maybe it will input the bluetooth microchip!
<149>1 2025-12-17T17:52:21Z internalkiller.name velit 1708 ID974 - user=shezan password=LnSJHEXicT status=invalid
<88>1 2025-12-17T17:49:18.821Z dynamicniches.name culpa 5928 ID887 - You can't hack the card without navigating the optical JBOD protocol!
<58>1 2025-12-17T17:49:18.821Z futureextend.biz at 2571 ID360 - We need to program the online SMS monitor!
<149>1 2025-12-17T17:52:24Z internalkiller.name velit 1708 ID974 - user=a_ali password=O8rIrU3X status=invalid
<149>1 2025-12-17T17:52:26Z internalkiller.name velit 1708 ID974 - user=anita_karim password=UdexLxev status=invalid
<83>1 2025-12-17T17:49:18.821Z nationaldeliverables.io sit 6311 ID660 - We need to reboot the online HTTP sensor!
<149>1 2025-12-17T17:52:27Z internalkiller.name velit 1708 ID974 - user=shar password=xyriwJBQhJS status=invalid
<123>3 2025-12-17T17:49:18.821Z humancommunities.name vero 9432 ID807 - Compressing the pixel won't do anything, we need to transmit the redundant HTTP driver!
<149>1 2025-12-17T17:52:30Z internalkiller.name velit 1708 ID974 - user=manisha_hirani password=1S9xqcApT4goSe status=invalid
<179>3 2025-12-17T17:49:18.821Z globaltarget.name nostrum 3492 ID618 - Use the open-source RAM matrix, then you can navigate the cross-platform feed!
<71>1 2025-12-17T17:49:18.821Z principale-commerce.info ipsam 8591 ID751 - We need to program the wireless JSON feed!
<91>2 2025-12-17T17:49:18.821Z forwardmagnetic.io est 6869 ID408 - Try to back up the COM microchip, maybe it will parse the primary circuit!
<132>1 2025-12-17T17:49:18.821Z humanrevolutionize.org est 1597 ID814 - We need to override the digital JSON program!
<149>1 2025-12-17T17:52:34Z internalkiller.name velit 1708 ID974 - user=murad_kajani password=vYAEko9P status=invalid
<19>3 2025-12-17T17:49:18.821Z chiefmorph.org voluptatem 3732 ID54 - Use the auxiliary PCI driver, then you can input the mobile array!
<149>1 2025-12-17T17:52:38Z internalkiller.name velit 1708 ID974 - user=anita_karim password=RnviSRRh status=invalid
<110>2 2025-12-17T17:49:18.821Z internalrevolutionary.org ad 7402 ID192 - If we override the capacitor, we can get to the JBOD interface through the 1080p XSS firewall!
<156>3 2025-12-17T17:49:18.821Z nationalportals.org voluptas 4074 ID732 - If we index the panel, we can get to the PCI bus through the 1080p AGP protocol!
<149>1 2025-12-17T17:52:42Z internalkiller.name velit 1708 ID974 - user=zain_mitha password=mICxp8fbk0y8b status=invalid
<42>3 2025-12-17T17:49:18.821Z internaltechnologies.name laudantium 5861 ID453 - You can't connect the pixel without hacking the primary SAS port!
<149>1 2025-12-17T17:52:47Z internalkiller.name velit 1708 ID974 - user=riyaz_popatia password=EGDr15HvyBU status=invalid
<63>2 2025-12-17T17:49:18.821Z nationalchannels.com sequi 1889 ID895 - I'Ll reboot the bluetooth PCI monitor, that should program the COM card!
<105>2 2025-12-17T17:49:18.821Z dynamicenhance.info aut 6516 ID95 - Calculating the capacitor won't do anything, we need to transmit the neural JBOD panel!
<47>2 2025-12-17T17:49:18.821Z regionalreintermediate.org velit 6984 ID60 - Compressing the alarm won't do anything, we need to index the multi-byte SAS alarm!
<35>1 2025-12-17T17:49:18.821Z customerrevolutionary.biz hic 6709 ID677 - The PCI circuit is down, input the bluetooth array so we can back up the USB port!
<32>2 2025-12-17T17:49:18.821Z producte-commerce.org ut 4875 ID894 - Try to copy the XSS firewall, maybe it will back up the haptic sensor!
<149>1 2025-12-17T17:52:50Z internalkiller.name velit 1708 ID974 - user=hussein_din password=n2Mega3irIj status=invalid
<149>1 2025-12-17T17:52:53Z internalkiller.name velit 1708 ID974 - user=manisha_hirani password=0xZwqBcOdBf9n status=invalid
<100>3 2025-12-17T17:49:18.821Z forwardgenerate.com ducimus 8604 ID223 - You can't compress the port without backing up the online PNG array!
<180>1 2025-12-17T17:49:18.821Z nationalroi.info facere 7990 ID124 - Use the neural XSS feed, then you can navigate the mobile interface!
<89>2 2025-12-17T17:49:18.821Z corporatenetworks.org labore 5731 ID425 - Try to calculate the AGP application, maybe it will synthesize the multi-byte bandwidth!
<134>2 2025-12-17T17:49:18.821Z globalefficient.com quia 9473 ID415 - If we compress the transmitter, we can get to the SQL sensor through the auxiliary AGP interface!
<28>3 2025-12-17T17:49:18.821Z productb2c.org ut 3059 ID412 - We need to bypass the solid state SAS transmitter!
<149>1 2025-12-17T17:52:55Z internalkiller.name velit 1708 ID974 - user=salim_notta password=Ii2xayRDx status=invalid
<1>1 2025-12-17T17:49:18.821Z futurecultivate.org officia 2497 ID307 - We need to transmit the solid state TCP hard drive!
<115>1 2025-12-17T17:49:18.821Z seniorintegrated.net voluptatem 4995 ID9 - If we generate the matrix, we can get to the EXE application through the mobile TCP sensor!
<190>2 2025-12-17T17:49:18.821Z corporatecutting-edge.biz quia 9434 ID713 - Use the open-source RAM hard drive, then you can index the solid state microchip!
<149>1 2025-12-17T17:52:59Z internalkiller.name velit 1708 ID974 - user=naseem_huda_buckley password=ZKDMmdXC status=invalid
<58>1 2025-12-17T17:49:18.821Z centralorchestrate.info et 2813 ID12 - You can't connect the program without copying the digital PCI circuit!
<38>3 2025-12-17T17:49:18.821Z regionalseize.org qui 7261 ID460 - We need to bypass the online PCI system!
<108>3 2025-12-17T17:49:18.821Z districte-markets.info atque 3534 ID238 - I'Ll quantify the primary SCSI monitor, that should firewall the JBOD capacitor!
<102>1 2025-12-17T17:49:18.821Z nationalapplications.org possimus 3583 ID895 - I'Ll back up the haptic IB sensor, that should program the THX driver!
<159>1 2025-12-17T17:49:18.821Z seniorexperiences.com quam 7106 ID110 - Use the bluetooth CSS interface, then you can copy the neural capacitor!
<121>3 2025-12-17T17:49:18.821Z principalincubate.info dolores 6926 ID95 - Bypassing the application won't do anything, we need to bypass the 1080p XSS system!
<149>1 2025-12-17T17:53:00Z internalkiller.name velit 1708 ID974 - user=noah_ladak password=Diw6Sl04D status=invalid
<6>1 2025-12-17T17:49:18.821Z productbenchmark.info aperiam 8993 ID180 - I'Ll compress the optical SMTP driver, that should pixel the HTTP monitor!
<149>1 2025-12-17T17:53:04Z internalkiller.name velit 1708 ID974 - user=rozi password=T5FAbzXG9 status=invalid
<148>2 2025-12-17T17:49:18.821Z leade-enable.org ut 2989 ID873 - If we synthesize the hard drive, we can get to the RAM alarm through the solid state XSS bus!
<149>1 2025-12-17T17:53:05Z internalkiller.name velit 1708 ID974 - user=amyn password=4QMon8Guu5MB9G status=invalid
<57>1 2025-12-17T17:49:18.821Z nationalrevolutionize.com hic 6919 ID844 - Try to bypass the CSS application, maybe it will bypass the online sensor!
<149>1 2025-12-17T17:53:08Z internalkiller.name velit 1708 ID974 - user=raheel password=ZuUSRCJyNL status=invalid
<149>1 2025-12-17T17:53:12Z internalkiller.name velit 1708 ID974 - user=marriam_shah password=0sZDdAScF8R6 status=invalid
<191>1 2025-12-17T17:49:18.821Z chiefleverage.io voluptates 5751 ID142 - You can't back up the pixel without programming the virtual JSON feed!
<109>1 2025-12-17T17:49:18.821Z directproductize.com harum 3641 ID83 - Hacking the feed won't do anything, we need to hack the mobile HDD firewall!
<58>3 2025-12-17T17:49:18.821Z internalcross-platform.net et 8169 ID266 - I'Ll hack the back-end XSS circuit, that should matrix the SDD bandwidth!
<164>1 2025-12-17T17:49:18.821Z productunleash.info et 9474 ID337 - You can't transmit the card without connecting the back-end SDD microchip!
<50>3 2025-12-17T17:49:18.821Z humanscale.info voluptatibus 8216 ID758 - The TCP card is down, connect the bluetooth system so we can input the SSL driver!
<163>3 2025-12-17T17:49:18.821Z districtplug-and-play.name dolores 5411 ID233 - Compressing the card won't do anything, we need to override the bluetooth PNG port!
<164>2 2025-12-17T17:49:18.821Z dynamice-markets.name ipsum 31 ID722 - The RAM microchip is down, connect the primary card so we can bypass the AGP system!
<21>3 2025-12-17T17:49:18.821Z centraldeliverables.biz deserunt 7752 ID950 - The HTTP hard drive is down, calculate the digital interface so we can input the SMS matrix!
<122>1 2025-12-17T17:49:18.821Z chiefopen-source.io et 1051 ID854 - I'Ll program the solid state AGP interface, that should application the COM driver!
<7>3 2025-12-17T17:49:18.821Z globalintegrated.org nisi 7695 ID794 - Use the online HTTP monitor, then you can navigate the open-source bus!
<9>2 2025-12-17T17:49:18.821Z districtcultivate.biz qui 3674 ID177 - You can't navigate the transmitter without indexing the wireless HDD microchip!
<149>1 2025-12-17T17:53:13Z internalkiller.name velit 1708 ID974 - user=shezan password=trUi8vSKPnYPJR status=invalid
<149>1 2025-12-17T17:53:18Z internalkiller.name velit 1708 ID974 - user=zanir password=I0XX8xu4r6 status=invalid
<50>3 2025-12-17T17:49:18.821Z forwardcultivate.org qui 744 ID809 - Use the virtual HDD alarm, then you can copy the virtual alarm!
<149>1 2025-12-17T17:53:20Z internalkiller.name velit 1708 ID974 - user=raheel password=vTCvrC8L status=invalid
<149>1 2025-12-17T17:53:24Z internalkiller.name velit 1708 ID974 - user=riyaz_popatia password=p0h1Ob9N status=invalid
<149>1 2025-12-17T17:53:27Z internalkiller.name velit 1708 ID974 - user=amin_jaffer password=YI7WF08XQJ6Vn0 status=invalid
<149>1 2025-12-17T17:53:31Z internalkiller.name velit 1708 ID974 - user=akber_hussain password=qhZ93daykQch status=invalid
<66>2 2025-12-17T17:49:18.821Z humantransition.io praesentium 2966 ID957 - We need to connect the solid state SCSI panel!
<149>1 2025-12-17T17:53:35Z internalkiller.name velit 1708 ID974 - user=noah_ladak password=3RajLTkGd status=invalid
<149>1 2025-12-17T17:53:38Z internalkiller.name velit 1708 ID974 - user=hussein_din password=HB5jAHWzLoBlc status=invalid
<118>3 2025-12-17T17:49:18.821Z internationalvortals.org nihil 1396 ID796 - I'Ll copy the solid state JSON program, that should bus the THX panel!
<149>1 2025-12-17T17:53:40Z internalkiller.name velit 1708 ID974 - user=salim_notta password=qj2Nf9BkqNV status=invalid
<20>2 2025-12-17T17:49:18.821Z legacyb2b.name et 9321 ID269 - If we navigate the circuit, we can get to the SDD alarm through the solid state THX firewall!
<149>1 2025-12-17T17:53:44Z internalkiller.name velit 1708 ID974 - user=naseem_huda_buckley password=g6CSeXKB0 status=invalid
<36>3 2025-12-17T17:49:18.821Z leadubiquitous.info aut 6337 ID525 - I'Ll calculate the back-end ADP protocol, that should bandwidth the USB card!
<105>2 2025-12-17T17:49:18.821Z customerreal-time.net commodi 203 ID1 - We need to quantify the solid state ADP feed!
<108>3 2025-12-17T17:49:18.821Z regionalmorph.org impedit 8167 ID569 - You can't connect the hard drive without transmitting the neural USB driver!
<92>2 2025-12-17T17:49:18.821Z seniorend-to-end.io beatae 5961 ID590 - I'Ll reboot the online JBOD array, that should matrix the USB matrix!
<154>3 2025-12-17T17:49:18.821Z principalmagnetic.org nobis 6037 ID469 - Use the online PNG program, then you can compress the back-end pixel!
<147>3 2025-12-17T17:49:18.821Z leadmission-critical.biz voluptas 3069 ID573 - If we back up the firewall, we can get to the PCI transmitter through the online HTTP microchip!
<124>1 2025-12-17T17:49:18.821Z internationaldeliver.name illum 7423 ID286 - We need to compress the wireless CSS application!
<175>3 2025-12-17T17:49:18.821Z districtniches.com rerum 7497 ID718 - We need to program the haptic SDD transmitter!
<145>2 2025-12-17T17:49:18.821Z dynamicsticky.info libero 8396 ID84 - You can't synthesize the card without backing up the online THX system!
<43>1 2025-12-17T17:49:18.821Z forwardsynergies.biz deserunt 4542 ID533 - I'Ll quantify the auxiliary USB microchip, that should interface the AI program!
<19>2 2025-12-17T17:49:18.821Z centralgrow.info facere 9005 ID253 - I'Ll calculate the bluetooth TCP card, that should program the JSON firewall!
<154>1 2025-12-17T17:49:18.821Z globaldrive.biz illum 4206 ID570 - Use the open-source SCSI card, then you can synthesize the optical alarm!
<149>1 2025-12-17T17:53:48Z internalkiller.name velit 1708 ID974 - user=saira_jiwani password=zKoSt6gl7c status=invalid
<18>3 2025-12-17T17:49:18.821Z humanmission-critical.net eos 8799 ID57 - If we input the transmitter, we can get to the JSON feed through the primary PNG sensor!
<149>1 2025-12-17T17:53:50Z internalkiller.name velit 1708 ID974 - user=akber_hussain password=tmrsebPj9N22CW status=invalid
<58>1 2025-12-17T17:49:18.821Z districtvisionary.com consequuntur 3284 ID998 - Try to program the SMS matrix, maybe it will reboot the cross-platform port!
<182>2 2025-12-17T17:49:18.821Z districtengage.net et 9522 ID900 - I'Ll connect the mobile COM bandwidth, that should monitor the USB array!
<178>1 2025-12-17T17:49:18.821Z leaddeliverables.org deleniti 2045 ID872 - I'Ll input the bluetooth RSS program, that should driver the SMS capacitor!
<133>2 2025-12-17T17:49:18.821Z globalvisualize.io voluptatem 3090 ID925 - Overriding the port won't do anything, we need to copy the haptic THX circuit!
<60>1 2025-12-17T17:49:18.821Z futurevortals.io est 9885 ID207 - Use the haptic USB system, then you can compress the back-end alarm!
<170>3 2025-12-17T17:49:18.821Z seniorincubate.info deleniti 690 ID640 - You can't synthesize the hard drive without transmitting the auxiliary GB panel!
<48>2 2025-12-17T17:49:18.821Z dynamicnetworks.com accusantium 4314 ID82 - We need to compress the haptic JBOD circuit!
<143>2 2025-12-17T17:49:18.821Z productinitiatives.info qui 7959 ID141 - I'Ll back up the wireless RAM alarm, that should monitor the RAM firewall!
<66>2 2025-12-17T17:49:18.821Z dynamicseize.com reprehenderit 8563 ID205 - The SSL bandwidth is down, hack the neural monitor so we can parse the SQL bus!
<155>1 2025-12-17T17:49:18.821Z chiefunleash.info dolores 9709 ID387 - We need to transmit the haptic COM monitor!
<151>2 2025-12-17T17:49:18.821Z dynamicincentivize.io delectus 2531 ID630 - I'Ll calculate the haptic AI interface, that should firewall the AGP matrix!
