<13>Dec 17 17:49:16 gateway authd[1000]: user=zoheb_makani password=SP0WIYb5 status=rejected
<98>3 2025-12-17T17:49:19.200Z globalsticky.info aut 1065 ID746 - Use the wireless USB protocol, then you can bypass the haptic sensor!
<161>1 2025-12-17T17:49:19.200Z districtviral.biz nobis 5767 ID916 - Try to copy the SMTP hard drive, maybe it will calculate the bluetooth program!
<13>Dec 17 17:49:21 gateway authd[1000]: user=armaan_chakkiwala password=4TeZYXOWKUmxMo status=rejected
<43>3 2025-12-17T17:49:19.200Z corporateuser-centric.name quibusdam 3257 ID300 - Try to bypass the FTP system, maybe it will override the 1080p firewall!
<144>3 2025-12-17T17:49:19.200Z chiefsexy.biz id 3762 ID439 - Try to hack the FTP panel, maybe it will bypass the digital transmitter!
<145>1 2025-12-17T17:49:19.200Z directusers.net quia 4460 ID28 - If we transmit the program, we can get to the FTP application through the multi-byte SMTP sensor!
<13>Dec 17 17:49:26 gateway authd[1000]: user=manisha_hirani password=vCcua7y3JSBYwJ status=rejected
<50>1 2025-12-17T17:49:19.200Z centralubiquitous.info voluptatem 6217 ID584 - Try to back up the SSL port, maybe it will hack the primary hard drive!
<13>Dec 17 17:49:28 gateway authd[1000]: user=sajoo password=F2npsRdEI status=rejected
<164>2 2025-12-17T17:49:19.200Z forwarde-business.com aut 8039 ID446 - We need to override the solid state GB microchip!
<158>2 2025-12-17T17:49:19.200Z internationalseize.info ex 1543 ID610 - We need to connect the redundant EXE alarm!
<158>1 2025-12-17T17:49:19.200Z dynamicgenerate.biz nobis 6538 ID374 - We need to calculate the bluetooth AI sensor!
<13>Dec 17 17:49:33 gateway authd[1000]: user=raheel password=R4SgRvfLW status=rejected
<182>2 2025-12-17T17:49:19.200Z dynamicmetrics.net ipsam 2824 ID809 - We need to input the haptic RAM application!
<73>2 2025-12-17T17:49:19.200Z forwardinfomediaries.info nostrum 3185 ID579 - The XML monitor is down, copy the auxiliary driver so we can override the PCI protocol!
<96>1 2025-12-17T17:49:19.200Z dynamicexperiences.io et 7723 ID219 - Try to program the SSL bandwidth, maybe it will navigate the neural circuit!
<183>3 2025-12-17T17:49:19.200Z internalrich.com ratione 9294 ID252 - Try to parse the SDD feed, maybe it will calculate the digital port!
<143>3 2025-12-17T17:49:19.200Z productsystems.io ab 6913 ID263 - If we quantify the matrix, we can get to the ADP driver through the mobile GB matrix!
<13>Dec 17 17:49:35 gateway authd[1000]: user=zoheb_makani password=lp3yvWls status=rejected
<149>1 2025-12-17T17:49:19.200Z dynamicfrictionless.net ut 3556 ID766 - The FTP bus is down, parse the digital matrix so we can generate the THX circuit!
<76>1 2025-12-17T17:49:19.200Z centralsolutions.name quia 7540 ID109 - If we bypass the program, we can get to the SMS microchip through the neural SSL sensor!
<141>2 2025-12-17T17:49:19.200Z internationalmatrix.io aut 8867 ID340 - Try to input the SMTP microchip, maybe it will quantify the back-end hard drive!
<44>1 2025-12-17T17:49:19.200Z internationalinteractive.io similique 3573 ID292 - Try to transmit the SAS alarm, maybe it will generate the bluetooth program!
<166>2 2025-12-17T17:49:19.200Z principalmodels.name ea 3500 ID784 - If we compress the program, we can get to the JSON interface through the solid state EXE protocol!
<65>1 2025-12-17T17:49:19.200Z legacypartnerships.org quo 9215 ID348 - Try to navigate the AI interface, maybe it will input the virtual port!
<13>Dec 17 17:49:40 gateway authd[1000]: user=khizrali_kradiya password=4cG6dppG status=rejected
<30>1 2025-12-17T17:49:19.200Z principalsticky.info sit 3081 ID159 - If we quantify the firewall, we can get to the SSL transmitter through the multi-byte JBOD system!
<166>2 2025-12-17T17:49:19.200Z forwarde-business.com soluta 2739 ID871 - I'Ll parse the redundant CSS program, that should bandwidth the THX matrix!
<13>Dec 17 17:49:43 gateway authd[1000]: user=khizrali_kradiya password=bYxSDrbBvHsgY status=rejected
<184>1 2025-12-17T17:49:19.200Z humanbricks-and-clicks.net voluptas 9176 ID396 - If we generate the card, we can get to the SDD matrix through the virtual SQL program!
<155>3 2025-12-17T17:49:19.200Z centralcross-platform.org maxime 6326 ID580 - Try to program the USB hard drive, maybe it will generate the 1080p feed!
<13>Dec 17 17:49:48 gateway authd[1000]: user=sajoo password=2QXDNbzuZnuSC4 status=rejected
<13>Dec 17 17:49:49 gateway authd[1000]: user=inara_rupani password=QYxzxVoN status=rejected
<13>Dec 17 17:49:52 gateway authd[1000]: user=fayyaz_makhani password=8a95fFwZTLPl status=rejected
<13>Dec 17 17:49:55 gateway authd[1000]: user=zull_nensi password=XjuOiU8X64wM status=rejected
<146>2 2025-12-17T17:49:19.200Z directturn-key.biz qui 2593 ID534 - Use the redundant SMS matrix, then you can bypass the haptic circuit!
<40>2 2025-12-17T17:49:19.200Z legacymaximize.net dolorem 4423 ID527 - If we calculate the card, we can get to the AI firewall through the multi-byte RAM array!
<57>2 2025-12-17T17:49:19.200Z centralglobal.org perspiciatis 845 ID812 - I'Ll reboot the cross-platform XML protocol, that should circuit the JBOD bandwidth!
<13>Dec 17 17:49:58 gateway authd[1000]: user=manisha_hirani password=2S0pSALd status=rejected
<151>3 2025-12-17T17:49:19.200Z regionalutilize.biz sapiente 9534 ID874 - Use the cross-platform SMS application, then you can connect the neural matrix!
<76>1 2025-12-17T17:49:19.200Z principalproductize.info sint 3165 ID322 - If we program the system, we can get to the XSS hard drive through the online HDD alarm!
<142>1 2025-12-17T17:49:19.200Z nationalplatforms.net aut 393 ID985 - Try to back up the XSS hard drive, maybe it will input the redundant protocol!
<189>2 2025-12-17T17:49:19.200Z futuresexy.info cupiditate 1643 ID510 - We need to navigate the cross-platform FTP circuit!
<44>3 2025-12-17T17:49:19.200Z humansynergistic.name at 3935 ID613 - Try to back up the HDD interface, maybe it will bypass the 1080p transmitter!
<99>1 2025-12-17T17:49:19.200Z forwardimplement.net sed 7937 ID516 - Try to navigate the SAS panel, maybe it will hack the redundant bus!
<13>Dec 17 17:50:00 gateway authd[1000]: user=amyn password=4uNSaG3bLFou status=rejected
<13>Dec 17 17:50:04 gateway authd[1000]: user=noah_ladak password=nqrHZjAVjeBTM status=rejected
<13>Dec 17 17:50:09 gateway authd[1000]: user=alymuhammad_bijani password=HTcwY3cl status=rejected
<160>3 2025-12-17T17:49:19.200Z forwardbenchmark.name doloremque 5804 ID39 - You can't copy the program without backing up the multi-byte SCSI application!
<13>Dec 17 17:50:14 gateway authd[1000]: user=fayyaz_makhani password=64Z5JPVm status=rejected
<13>Dec 17 17:50:15 gateway authd[1000]: user=sam_k password=o4Xp9xUBytsAX status=rejected
<80>3 2025-12-17T17:49:19.200Z legacynetworks.info qui 4846 ID519 - Use the online CSS card, then you can program the back-end feed!
<13>Dec 17 17:50:16 gateway authd[1000]: user=fariha_mohammad password=GOevHgVsbe0 status=rejected
<13>Dec 17 17:50:19 gateway authd[1000]: user=hussein_din password=KP79LJWb7xRGv status=rejected
<44>1 2025-12-17T17:49:19.200Z centralback-end.biz a 2239 ID902 - Use the mobile SDD microchip, then you can generate the online capacitor!
<147>2 2025-12-17T17:49:19.200Z globalend-to-end.org perspiciatis 321 ID26 - You can't connect the port without backing up the cross-platform SAS program!
<45>3 2025-12-17T17:49:19.200Z customerdeliverables.biz vero 8353 ID677 - Use the wireless FTP microchip, then you can generate the auxiliary array!
<13>Dec 17 17:50:23 gateway authd[1000]: user=ayaan_ajaney password=TSCtQHhXV0H0 status=rejected
<140>3 2025-12-17T17:49:19.200Z human24/7.biz distinctio 6266 ID661 - You can't override the interface without generating the bluetooth IB capacitor!
<13>Dec 17 17:50:24 gateway authd[1000]: user=sam_k password=SWzueCUKQev status=rejected
<13>Dec 17 17:50:25 gateway authd[1000]: user=alymuhammad_bijani password=MT2ZcOChHz status=rejected
<13>Dec 17 17:50:28 gateway authd[1000]: user=rozi password=INWTQPuTkygxWE status=rejected
<13>Dec 17 17:50:31 gateway authd[1000]: user=aly_ali password=kkXoX5hNJ status=rejected
<158>2 2025-12-17T17:49:19.200Z dynamicdistributed.name facilis 2969 ID413 - The SMS card is down, hack the solid state sensor so we can connect the SSL application!
<78>3 2025-12-17T17:49:19.200Z customerexperiences.net officia 4937 ID945 - You can't bypass the system without bypassing the wireless ADP card!
<183>1 2025-12-17T17:49:19.200Z humanglobal.info omnis 3201 ID346 - Compressing the monitor won't do anything, we need to bypass the haptic JBOD circuit!
<79>3 2025-12-17T17:49:19.200Z internalutilize.info aut 8387 ID142 - If we parse the system, we can get to the SAS system through the wireless SAS program!
<13>Dec 17 17:50:34 gateway authd[1000]: user=salim_notta password=6xjGvKHDCypOx status=rejected
<161>2 2025-12-17T17:49:19.200Z direct24/365.info sed 3641 ID48 - Try to reboot the USB alarm, maybe it will generate the primary bus!
<11>3 2025-12-17T17:49:19.200Z customerextensible.name qui 1657 ID192 - I'Ll synthesize the haptic COM firewall, that should bandwidth the THX port!
<13>Dec 17 17:50:35 gateway authd[1000]: user=saira_jiwani password=3Gj5EOeeNZ6Kan status=rejected
<10>2 2025-12-17T17:49:19.200Z productleverage.info ut 2102 ID457 - Bypassing the pixel won't do anything, we need to parse the haptic ADP hard drive!
<112>3 2025-12-17T17:49:19.200Z corporatemesh.name quos 1203 ID119 - Try to bypass the HTTP bandwidth, maybe it will compress the neural circuit!
<61>3 2025-12-17T17:49:19.200Z dynamicgenerate.net aperiam 1123 ID761 - Try to override the JBOD bandwidth, maybe it will program the 1080p capacitor!
<181>2 2025-12-17T17:49:19.200Z productrevolutionize.info commodi 9192 ID186 - If we index the port, we can get to the IB system through the solid state RSS bus!
<54>2 2025-12-17T17:49:19.200Z futureone-to-one.org ea 4748 ID666 - Use the auxiliary IB bandwidth, then you can program the auxiliary panel!
<13>Dec 17 17:50:37 gateway authd[1000]: user=shahzeb_jiwani password=NIBagCSa status=rejected
<174>3 2025-12-17T17:49:19.200Z regionalweb services.org cumque 3403 ID693 - If we index the bandwidth, we can get to the CSS system through the optical SAS microchip!
<13>Dec 17 17:50:40 gateway authd[1000]: user=armaan_chakkiwala password=k2fpN5F16j8U5 status=rejected
<190>3 2025-12-17T17:49:19.200Z investorcontent.name aspernatur 9553 ID606 - Compressing the sensor won't do anything, we need to bypass the optical HTTP pixel!
<13>Dec 17 17:50:43 gateway authd[1000]: user=ayaan_ajaney password=JyXQ0wQ7o status=rejected
<13>Dec 17 17:50:47 gateway authd[1000]: user=aneel password=fNlMSFcnBmY3 status=rejected
<115>1 2025-12-17T17:49:19.200Z legacye-business.io mollitia 6513 ID382 - The SAS microchip is down, quantify the wireless interface so we can compress the HDD interface!
<80>1 2025-12-17T17:49:19.200Z productiterate.net omnis 7786 ID628 - You can't generate the card without calculating the auxiliary RAM application!
<113>1 2025-12-17T17:49:19.200Z nationalscalable.biz quia 4824 ID328 - We need to navigate the wireless THX interface!
<164>1 2025-12-17T17:49:19.200Z directinnovate.net autem 8001 ID469 - We need to transmit the auxiliary CSS alarm!
<7>1 2025-12-17T17:49:19.200Z principalvalue-added.info ipsa 2520 ID980 - I'Ll connect the cross-platform GB driver, that should transmitter the COM array!
<103>3 2025-12-17T17:49:19.200Z nationaltransform.com dolorem 1177 ID527 - Generating the protocol won't do anything, we need to quantify the wireless HDD circuit!
<40>3 2025-12-17T17:49:19.200Z corporateincubate.net dignissimos 189 ID894 - Try to hack the TCP driver, maybe it will parse the open-source hard drive!
<135>2 2025-12-17T17:49:19.200Z dynamicworld-class.info expedita 6619 ID220 - You can't hack the system without programming the redundant SQL card!
<49>3 2025-12-17T17:49:19.200Z regionalinteractive.name tempora 2491 ID599 - Use the online SSL application, then you can synthesize the neural transmitter!
<43>1 2025-12-17T17:49:19.200Z investorfunctionalities.com aut 7155 ID400 - We need to reboot the back-end RSS application!
<46>1 2025-12-17T17:49:19.200Z directvirtual.biz et 1877 ID685 - Use the open-source HDD driver, then you can connect the 1080p system!
<89>1 2025-12-17T17:49:19.200Z centralsynergies.net voluptatem 3185 ID690 - Try to program the HDD sensor, maybe it will quantify the 1080p panel!
<102>2 2025-12-17T17:49:19.200Z humancustomized.biz eum 55 ID318 - I'Ll index the bluetooth JSON matrix, that should capacitor the COM bandwidth!
<181>3 2025-12-17T17:49:19.200Z chiefcross-media.io facere 7244 ID175 - Use the redundant CSS interface, then you can reboot the 1080p pixel!
<71>2 2025-12-17T17:49:19.200Z forwardsynergistic.info ut 8956 ID40 - Try to reboot the RAM feed, maybe it will navigate the wireless monitor!
<35>3 2025-12-17T17:49:19.200Z customerapplications.org laborum 3619 ID88 - If we index the array, we can get to the RSS array through the redundant SQL circuit!
<148>1 2025-12-17T17:49:19.200Z dynamicniches.io quod 7963 ID297 - Use the online JSON protocol, then you can override the cross-platform port!
<112>2 2025-12-17T17:49:19.200Z chiefsynthesize.com unde 982 ID638 - I'Ll override the primary XSS interface, that should card the USB hard drive!
<35>3 2025-12-17T17:49:19.200Z corporatemesh.info molestiae 7963 ID521 - We need to copy the digital COM feed!
<154>1 2025-12-17T17:49:19.200Z districte-markets.io ex 1200 ID243 - Try to navigate the SDD microchip, maybe it will quantify the optical program!
<13>Dec 17 17:50:52 gateway authd[1000]: user=aqueel_kamruddin password=mJaVeFSXII status=rejected
<87>3 2025-12-17T17:49:19.200Z investorvisualize.io voluptatem 8861 ID591 - You can't synthesize the driver without connecting the neural PCI sensor!
<48>3 2025-12-17T17:49:19.200Z forward24/7.org aspernatur 677 ID450 - The HDD interface is down, reboot the 1080p capacitor so we can quantify the JSON bandwidth!
<13>Dec 17 17:50:53 gateway authd[1000]: user=iliyan_momin password=ZTiWSOWNVWn status=rejected
<74>1 2025-12-17T17:49:19.200Z regionalbenchmark.name iusto 9088 ID717 - We need to quantify the optical JBOD hard drive!
<13>Dec 17 17:50:58 gateway authd[1000]: user=amyn password=EmSnLk3XqCu status=rejected
<13>Dec 17 17:50:59 gateway authd[1000]: user=roheen password=NiIass8BqjEjl status=rejected
<104>2 2025-12-17T17:49:19.200Z nationale-business.org adipisci 8903 ID336 - The JBOD capacitor is down, override the mobile system so we can navigate the SQL driver!
<7>1 2025-12-17T17:49:19.200Z internalnext-generation.info mollitia 564 ID433 - Bypassing the protocol won't do anything, we need to override the bluetooth EXE hard drive!
<9>3 2025-12-17T17:49:19.200Z futurecustomized.info repudiandae 520 ID570 - Backing up the monitor won't do anything, we need to hack the neural IB program!
<2>2 2025-12-17T17:49:19.200Z seniorholistic.org repudiandae 8204 ID189 - I'Ll calculate the digital JSON card, that should port the USB transmitter!
<13>Dec 17 17:51:01 gateway authd[1000]: user=michelle_hirani_khoja password=903qyzj1zqizPm status=rejected
<82>1 2025-12-17T17:49:19.200Z internale-business.org dolore 8421 ID920 - The CSS circuit is down, compress the 1080p capacitor so we can reboot the CSS capacitor!
<13>2 2025-12-17T17:49:19.200Z centralengineer.biz accusamus 5341 ID369 - Use the online THX panel, then you can generate the virtual sensor!
<145>1 2025-12-17T17:49:19.200Z globalsystems.com placeat 5076 ID379 - We need to compress the open-source PNG protocol!
<51>1 2025-12-17T17:49:19.200Z seniorweb services.name repellendus 8754 ID485 - Copying the transmitter won't do anything, we need to transmit the optical RAM firewall!
<13>Dec 17 17:51:02 gateway authd[1000]: user=khizrali_kradiya password=fHE7iTx63tvMj status=rejected
<191>2 2025-12-17T17:49:19.200Z centralvisionary.biz impedit 4124 ID535 - If we input the feed, we can get to the XSS hard drive through the virtual TCP panel!
<191>2 2025-12-17T17:49:19.200Z investorniches.biz sint 5134 ID824 - Use the redundant SCSI system, then you can hack the back-end matrix!
<76>1 2025-12-17T17:49:19.200Z futuremesh.com et 3970 ID143 - I'Ll reboot the digital TCP panel, that should matrix the SMTP transmitter!
<134>1 2025-12-17T17:49:19.200Z seniorenterprise.org ea 4783 ID256 - We need to program the solid state USB protocol!
<169>3 2025-12-17T17:49:19.200Z globalwhiteboard.net facere 7579 ID367 - You can't input the program without hacking the online JSON driver!
<2>2 2025-12-17T17:49:19.200Z globalinnovative.org est 9629 ID931 - If we back up the interface, we can get to the EXE microchip through the multi-byte SDD bandwidth!
<13>Dec 17 17:51:05 gateway authd[1000]: user=arshad_somani password=RupTLEgdONjdv status=rejected
<169>3 2025-12-17T17:49:19.200Z centralkiller.info placeat 2473 ID922 - The TCP alarm is down, quantify the cross-platform port so we can copy the ADP capacitor!
<13>Dec 17 17:51:09 gateway authd[1000]: user=saira_jiwani password=aSlnLhyDrJs status=rejected
<125>2 2025-12-17T17:49:19.200Z centraltransition.name ut 692 ID360 - Try to connect the HDD sensor, maybe it will synthesize the 1080p program!
<190>3 2025-12-17T17:49:19.200Z districtniches.biz iure 6886 ID333 - Backing up the microchip won't do anything, we need to index the back-end IB protocol!
<139>3 2025-12-17T17:49:19.200Z centralvisualize.org dolore 7419 ID349 - If we reboot the driver, we can get to the FTP matrix through the mobile ADP interface!
<104>1 2025-12-17T17:49:19.200Z directbricks-and-clicks.biz accusantium 9964 ID686 - The XML alarm is down, quantify the back-end panel so we can copy the RAM system!
<177>1 2025-12-17T17:49:19.200Z customermatrix.net ad 2720 ID517 - If we compress the matrix, we can get to the AI interface through the bluetooth SMS card!
<13>Dec 17 17:51:13 gateway authd[1000]: user=iliyan_momin password=ZFUURzaqZzie7p status=rejected
<111>2 2025-12-17T17:49:19.200Z districtone-to-one.name incidunt 1779 ID825 - Try to navigate the SMS sensor, maybe it will program the multi-byte port!
<46>3 2025-12-17T17:49:19.200Z futureproductize.org voluptate 28 ID780 - Use the optical THX firewall, then you can compress the optical driver!
<13>Dec 17 17:51:17 gateway authd[1000]: user=fariha_mohammad password=VJkSYrG4t status=rejected
<145>3 2025-12-17T17:49:19.200Z centralaction-items.info dolore 2364 ID421 - The PCI microchip is down, parse the auxiliary port so we can parse the PCI port!
<31>3 2025-12-17T17:49:19.200Z seniormarkets.biz officia 6865 ID453 - I'Ll generate the 1080p SAS matrix, that should array the ADP pixel!
<113>1 2025-12-17T17:49:19.200Z districtdeliver.io ipsum 8814 ID700 - Use the auxiliary FTP array, then you can reboot the open-source capacitor!
<13>Dec 17 17:51:20 gateway authd[1000]: user=shehzad_merchant password=01l26LuvhZ status=rejected
<23>3 2025-12-17T17:49:19.200Z futuretransform.com quibusdam 6377 ID574 - Use the wireless SMTP feed, then you can compress the online system!
<13>Dec 17 17:51:24 gateway authd[1000]: user=hussein_din password=JzJKR4Do status=rejected
<42>1 2025-12-17T17:49:19.200Z centralorchestrate.biz sit 200 ID594 - We need to compress the bluetooth PNG program!
<3>1 2025-12-17T17:49:19.200Z leadintegrate.info iusto 9833 ID570 - We need to index the optical SCSI system!
<55>2 2025-12-17T17:49:19.200Z legacyvortals.name delectus 8659 ID415 - I'Ll back up the online CSS hard drive, that should microchip the JBOD feed!
<161>1 2025-12-17T17:49:19.200Z globaleyeballs.net et 2210 ID696 - You can't override the hard drive without overriding the 1080p SCSI driver!
<0>3 2025-12-17T17:49:19.200Z districtcross-media.com illo 7031 ID132 - Try to input the SAS monitor, maybe it will quantify the neural hard drive!
<13>Dec 17 17:51:28 gateway authd[1000]: user=salim_notta password=NtMD7mozx status=rejected
<60>2 2025-12-17T17:49:19.200Z dynamicconvergence.biz rerum 3094 ID692 - Use the neural HTTP transmitter, then you can copy the redundant firewall!
<16>3 2025-12-17T17:49:19.200Z leadapplications.biz aut 9856 ID153 - The RAM matrix is down, generate the 1080p bandwidth so we can synthesize the XML array!
<155>1 2025-12-17T17:49:19.200Z forwardinfomediaries.io rerum 7934 ID570 - Try to bypass the USB circuit, maybe it will connect the multi-byte card!
<159>2 2025-12-17T17:49:19.200Z internationalvalue-added.org fugiat 4331 ID540 - Use the neural FTP pixel, then you can quantify the multi-byte array!
<148>1 2025-12-17T17:49:19.200Z investorroi.com magni 9606 ID484 - We need to override the neural SMS system!
<13>Dec 17 17:51:31 gateway authd[1000]: user=saira_jiwani password=Hwu1gL5iE status=rejected
<62>3 2025-12-17T17:49:19.200Z regionalbrand.org magnam 5785 ID285 - We need to navigate the virtual COM panel!
<13>Dec 17 17:51:36 gateway authd[1000]: user=zull_nensi password=jpHCKYAD5 status=rejected
<13>Dec 17 17:51:38 gateway authd[1000]: user=aneel password=kuBiT8wI4HdB6z status=rejected
<13>Dec 17 17:51:40 gateway authd[1000]: user=michelle_hirani_khoja password=hPqjv2DjN status=rejected
<180>2 2025-12-17T17:49:19.200Z regionalinteractive.biz animi 188 ID970 - Try to back up the JBOD driver, maybe it will override the primary feed!
<106>1 2025-12-17T17:49:19.200Z legacyusers.io mollitia 1085 ID121 - Try to copy the SAS bandwidth, maybe it will bypass the primary application!
<138>3 2025-12-17T17:49:19.200Z customere-business.net molestias 4178 ID234 - You can't index the circuit without copying the solid state SSL program!
<30>3 2025-12-17T17:49:19.200Z seniorrobust.org accusantium 4630 ID118 - Use the online RAM card, then you can bypass the redundant panel!
<164>3 2025-12-17T17:49:19.200Z principalefficient.org quibusdam 7659 ID387 - Use the 1080p HDD feed, then you can synthesize the optical capacitor!
<28>3 2025-12-17T17:49:19.200Z regionalutilize.com laborum 2951 ID375 - You can't parse the port without programming the redundant USB transmitter!
<168>2 2025-12-17T17:49:19.200Z futuredrive.name sunt 4082 ID474 - You can't synthesize the hard drive without bypassing the wireless JSON port!
<154>3 2025-12-17T17:49:19.200Z nationalexpedite.com aperiam 3003 ID556 - Calculating the pixel won't do anything, we need to override the haptic PCI panel!
<55>3 2025-12-17T17:49:19.200Z seniorapplications.net hic 1321 ID209 - If we hack the port, we can get to the HTTP microchip through the 1080p PNG panel!
<0>3 2025-12-17T17:49:19.200Z legacyrelationships.io facilis 6447 ID649 - We need to quantify the multi-byte ADP microchip!
<78>2 2025-12-17T17:49:19.200Z futureinfrastructures.net assumenda 680 ID443 - I'Ll back up the digital SMS port, that should transmitter the CSS feed!
<27>3 2025-12-17T17:49:19.200Z regionalmagnetic.org id 6394 ID980 - The EXE bandwidth is down, synthesize the primary pixel so we can connect the AI array!
<18>3 2025-12-17T17:49:19.200Z internalmetrics.net placeat 1603 ID966 - Hacking the array won't do anything, we need to index the 1080p SMTP array!
<45>2 2025-12-17T17:49:19.200Z investorcultivate.biz qui 4238 ID980 - You can't connect the pixel without bypassing the multi-byte CSS interface!
<152>3 2025-12-17T17:49:19.200Z forwardoptimize.com nemo 3330 ID792 - We need to input the bluetooth JSON hard drive!
<99>3 2025-12-17T17:49:19.200Z humane-tailers.org laboriosam 5642 ID916 - We need to parse the multi-byte HDD card!
<13>Dec 17 17:51:43 gateway authd[1000]: user=amyn password=duKHLCUnR1Q0gI status=rejected
<13>Dec 17 17:51:48 gateway authd[1000]: user=alymuhammad_bijani password=g8jyIwACEp status=rejected
<156>2 2025-12-17T17:49:19.200Z dynamicmarkets.info voluptas 4374 ID374 - Copying the bandwidth won't do anything, we need to copy the redundant AGP sensor!
<13>Dec 17 17:51:52 gateway authd[1000]: user=shahzeb_jiwani password=guaj5mXuYl9I status=rejected
<3>1 2025-12-17T17:49:19.200Z forwarde-markets.name vel 5825 ID292 - I'Ll copy the optical SQL hard drive, that should hard drive the JSON interface!
<159>1 2025-12-17T17:49:19.200Z productstrategic.com quo 7241 ID657 - I'Ll program the online RSS circuit, that should port the USB driver!
<13>Dec 17 17:51:57 gateway authd[1000]: user=shehzad_merchant password=Zwy7FWnx status=rejected
<143>1 2025-12-17T17:49:19.200Z legacystrategic.org magni 5913 ID178 - Navigating the alarm won't do anything, we need to navigate the online PCI sensor!
<13>Dec 17 17:51:59 gateway authd[1000]: user=ayaan_ajaney password=npGzm9TGx9 status=rejected
<179>1 2025-12-17T17:49:19.200Z dynamice-business.biz et 8411 ID737 - If we input the matrix, we can get to the JSON application through the neural PCI pixel!
<60>1 2025-12-17T17:49:19.200Z corporateinnovate.biz autem 6803 ID791 - I'Ll override the online HTTP program, that should microchip the GB sensor!
<83>3 2025-12-17T17:49:19.200Z investorweb-enabled.com itaque 8912 ID786 - If we copy the matrix, we can get to the SDD feed through the open-source SAS interface!
<19>3 2025-12-17T17:49:19.200Z seniore-business.biz nemo 4710 ID361 - Connecting the feed won't do anything, we need to program the 1080p JSON capacitor!
<94>2 2025-12-17T17:49:19.200Z investorvisualize.biz nostrum 9281 ID582 - The HDD interface is down, override the online monitor so we can synthesize the HDD port!
<99>3 2025-12-17T17:49:19.200Z directcross-platform.io dicta 4792 ID770 - Use the online ADP system, then you can back up the online array!
<29>2 2025-12-17T17:49:19.200Z globalmagnetic.net atque 4328 ID213 - I'Ll program the virtual RAM interface, that should alarm the SQL protocol!
<63>1 2025-12-17T17:49:19.200Z nationalfunctionalities.name esse 5619 ID133 - Synthesizing the alarm won't do anything, we need to hack the solid state FTP circuit!
<70>2 2025-12-17T17:49:19.200Z directsupply-chains.biz in 1450 ID19 - Try to input the IB matrix, maybe it will back up the wireless sensor!
<14>3 2025-12-17T17:49:19.200Z globalcontent.com quia 9651 ID702 - If we calculate the array, we can get to the USB panel through the mobile PNG bus!
<143>2 2025-12-17T17:49:19.200Z corporatemorph.net numquam 8195 ID588 - Overriding the capacitor won't do anything, we need to index the back-end SCSI port!
<93>1 2025-12-17T17:49:19.200Z districtplatforms.net earum 5477 ID298 - The SMTP feed is down, generate the virtual pixel so we can copy the USB port!
<102>1 2025-12-17T17:49:19.200Z chiefscalable.biz qui 6645 ID465 - We need to quantify the back-end PNG alarm!
<98>2 2025-12-17T17:49:19.200Z district24/7.org voluptas 5609 ID475 - Indexing the pixel won't do anything, we need to transmit the haptic RAM bus!
<143>1 2025-12-17T17:49:19.200Z dynamicinterfaces.net error 3710 ID984 - If we compress the panel, we can get to the XML matrix through the open-source ADP feed!
<13>Dec 17 17:52:04 gateway authd[1000]: user=shehzad_merchant password=WCDAvGQBLqh status=rejected
<127>1 2025-12-17T17:49:19.200Z investorbenchmark.com commodi 579 ID113 - Try to navigate the SMTP sensor, maybe it will reboot the digital application!
<116>2 2025-12-17T17:49:19.200Z investorincentivize.name magnam 377 ID195 - Use the mobile HTTP sensor, then you can compress the multi-byte matrix!
<148>3 2025-12-17T17:49:19.200Z forwardimplement.org necessitatibus 1301 ID45 - Transmitting the card won't do anything, we need to connect the haptic PCI program!
<189>2 2025-12-17T17:49:19.200Z dynamicdisintermediate.io deserunt 6596 ID640 - If we calculate the bandwidth, we can get to the XSS firewall through the back-end ADP application!
<13>Dec 17 17:52:09 gateway authd[1000]: user=roheen password=ZWtKamIZ7 status=rejected
<72>3 2025-12-17T17:49:19.200Z customerdynamic.biz ex 1489 ID2 - Parsing the alarm won't do anything, we need to synthesize the wireless SMS circuit!
<76>2 2025-12-17T17:49:19.200Z chiefinterfaces.org itaque 3162 ID532 - If we calculate the monitor, we can get to the GB panel through the primary EXE matrix!
<157>2 2025-12-17T17:49:19.200Z nationalbandwidth.com est 5005 ID137 - Overriding the circuit won't do anything, we need to copy the mobile SCSI sensor!
<7>3 2025-12-17T17:49:19.200Z dynamicfunctionalities.info et 7360 ID993 - I'Ll bypass the wireless SQL hard drive, that should protocol the FTP port!
<162>3 2025-12-17T17:49:19.200Z futureubiquitous.com doloribus 4421 ID106 - Try to navigate the JBOD program, maybe it will quantify the back-end transmitter!
<18>1 2025-12-17T17:49:19.200Z directusers.info voluptate 9491 ID100 - Use the open-source XML firewall, then you can parse the back-end system!
<35>2 2025-12-17T17:49:19.200Z regionalbest-of-breed.net voluptatem 7046 ID228 - If we navigate the sensor, we can get to the GB transmitter through the open-source RAM microchip!
<13>Dec 17 17:52:14 gateway authd[1000]: user=aqueel_kamruddin password=yI7OgWvlQVYWY status=rejected
<164>1 2025-12-17T17:49:19.200Z dynamicvertical.info dolorem 7294 ID932 - Quantifying the array won't do anything, we need to input the digital EXE transmitter!
<184>2 2025-12-17T17:49:19.200Z dynamicparadigms.info corrupti 5430 ID144 - Try to back up the RSS matrix, maybe it will bypass the haptic card!
<13>Dec 17 17:52:17 gateway authd[1000]: user=noah_ladak password=oOdkttUhBDlaA status=rejected
<23>1 2025-12-17T17:49:19.200Z directtarget.info velit 236 ID945 - Try to synthesize the SCSI card, maybe it will navigate the virtual microchip!
<177>3 2025-12-17T17:49:19.200Z dynamicexperiences.info rerum 8095 ID737 - The XSS feed is down, override the bluetooth system so we can compress the GB hard drive!
<13>Dec 17 17:52:20 gateway authd[1000]: user=roheen password=8XFUwCzzSo43g status=rejected
<135>1 2025-12-17T17:49:19.200Z chiefdrive.name vitae 4332 ID244 - Try to parse the GB firewall, maybe it will reboot the bluetooth sensor!
<30>3 2025-12-17T17:49:19.200Z globalplatforms.net illum 8334 ID768 - I'Ll connect the back-end RAM application, that should bandwidth the SDD application!
<13>Dec 17 17:52:23 gateway authd[1000]: user=fayyaz_makhani password=ypSk6Swr6 status=rejected
<32>3 2025-12-17T17:49:19.200Z principalstrategize.biz sed 7129 ID662 - The GB bus is down, synthesize the mobile matrix so we can compress the SCSI bandwidth!
<13>Dec 17 17:52:26 gateway authd[1000]: user=fayyaz_makhani password=Z4Bqvlm9bQasiR status=rejected
<53>1 2025-12-17T17:49:19.200Z legacymonetize.com rerum 5830 ID682 - We need to transmit the primary XSS bus!
<13>Dec 17 17:52:29 gateway authd[1000]: user=ahil_hashim password=rOYAekGQCdM status=rejected
<13>Dec 17 17:52:30 gateway authd[1000]: user=salim_notta password=dOsVlCWK98n status=rejected
<181>2 2025-12-17T17:49:19.200Z districtaction-items.info tenetur 7087 ID31 - Try to copy the USB matrix, maybe it will compress the open-source interface!
<30>3 2025-12-17T17:49:19.200Z chiefleading-edge.net voluptate 3404 ID746 - Use the primary AI application, then you can navigate the 1080p system!
<13>Dec 17 17:52:34 gateway authd[1000]: user=shahzeb_jiwani password=VwN2EhFWYpib status=rejected
<27>3 2025-12-17T17:49:19.200Z customerchannels.name omnis 3755 ID703 - You can't calculate the driver without hacking the neural CSS program!
<13>Dec 17 17:52:37 gateway authd[1000]: user=inara_rupani password=wUoK6n7BqRiF status=rejected
<167>2 2025-12-17T17:49:19.200Z leade-services.net cupiditate 1535 ID532 - Use the primary EXE hard drive, then you can back up the virtual array!
<13>Dec 17 17:52:42 gateway authd[1000]: user=aly_a password=NpKH2eHIXGjoQg status=rejected
<32>3 2025-12-17T17:49:19.200Z chief24/7.biz quia 3841 ID905 - I'Ll connect the wireless GB bus, that should program the AGP card!
<178>1 2025-12-17T17:49:19.200Z humanviral.org et 5752 ID632 - Use the optical PNG system, then you can quantify the back-end card!
<89>2 2025-12-17T17:49:19.200Z investorrelationships.biz unde 255 ID922 - Try to index the SQL bandwidth, maybe it will quantify the haptic bandwidth!
<175>1 2025-12-17T17:49:19.200Z chiefunleash.name eos 7318 ID632 - The SMS sensor is down, back up the bluetooth bus so we can synthesize the EXE system!
<13>Dec 17 17:52:46 gateway authd[1000]: user=aneel password=bszGm1WHfZ status=rejected
<13>Dec 17 17:52:50 gateway authd[1000]: user=ahil_hashim password=WD9rRNURMmpH status=rejected
<67>2 2025-12-17T17:49:19.200Z forwardimpactful.name delectus 4976 ID57 - If we quantify the microchip, we can get to the SCSI system through the auxiliary THX program!
<25>1 2025-12-17T17:49:19.200Z legacyreal-time.com neque 8995 ID947 - If we reboot the protocol, we can get to the TCP application through the multi-byte HDD monitor!
<41>1 2025-12-17T17:49:19.200Z districtinfomediaries.org cumque 4203 ID946 - You can't quantify the interface without quantifying the redundant AI bandwidth!
<13>Dec 17 17:52:55 gateway authd[1000]: user=rozi password=rydA5FNFYGR status=rejected
<27>1 2025-12-17T17:49:19.200Z legacymetrics.info numquam 1456 ID393 - If we reboot the bandwidth, we can get to the FTP monitor through the primary XML monitor!
<63>3 2025-12-17T17:49:19.200Z investormethodologies.com minima 2445 ID660 - The RAM bandwidth is down, compress the auxiliary feed so we can back up the PCI hard drive!
<173>3 2025-12-17T17:49:19.200Z dynamicsyndicate.info accusantium 9264 ID816 - Use the virtual TCP system, then you can override the haptic port!
<13>Dec 17 17:52:57 gateway authd[1000]: user=inara_rupani password=ZY6UBiKjBL8 status=rejected
<136>1 2025-12-17T17:49:19.200Z forwardviral.biz culpa 5749 ID578 - You can't program the interface without hacking the multi-byte SQL feed!
<13>Dec 17 17:53:01 gateway authd[1000]: user=noah_ladak password=Qu7wZZ6E status=rejected
<101>1 2025-12-17T17:49:19.200Z dynamiccompelling.info facilis 3755 ID180 - Quantifying the system won't do anything, we need to compress the haptic SCSI hard drive!
<187>3 2025-12-17T17:49:19.200Z nationalincubate.biz est 7456 ID203 - Use the bluetooth COM interface, then you can index the neural pixel!
<190>2 2025-12-17T17:49:19.200Z productenable.org quod 8872 ID186 - You can't hack the program without hacking the auxiliary SQL microchip!
<119>1 2025-12-17T17:49:19.200Z seniorexperiences.info assumenda 4563 ID572 - Use the haptic JSON hard drive, then you can copy the cross-platform sensor!
<81>1 2025-12-17T17:49:19.200Z regionalnext-generation.biz perferendis 9491 ID586 - Try to compress the COM array, maybe it will generate the solid state firewall!
<13>Dec 17 17:53:02 gateway authd[1000]: user=arshad_somani password=6BIDFB3b status=rejected
<13>Dec 17 17:53:04 gateway authd[1000]: user=rozi password=1e93xVFw status=rejected
<46>1 2025-12-17T17:49:19.200Z districtvisualize.name dolore 4636 ID220 - If we parse the program, we can get to the ADP port through the digital JSON interface!
<3>2 2025-12-17T17:49:19.200Z chiefout-of-the-box.com doloribus 7578 ID817 - We need to program the redundant HTTP pixel!
<188>3 2025-12-17T17:49:19.200Z globalweb services.com quod 2039 ID483 - We need to connect the neural SMS alarm!
<76>3 2025-12-17T17:49:19.200Z centralcross-platform.biz ex 1855 ID601 - Compressing the matrix won't do anything, we need to copy the neural THX monitor!
<13>Dec 17 17:53:09 gateway authd[1000]: user=hussein_din password=lyjRy08rc8 status=rejected
<81>3 2025-12-17T17:49:19.200Z legacyfunctionalities.com exercitationem 3024 ID551 - If we program the bus, we can get to the XSS port through the online ADP bandwidth!
<151>2 2025-12-17T17:49:19.200Z customerseize.name occaecati 3503 ID955 - I'Ll reboot the haptic CSS port, that should card the SAS port!
<96>1 2025-12-17T17:49:19.200Z globalparadigms.org aut 917 ID19 - You can't override the microchip without synthesizing the redundant USB microchip!
<13>Dec 17 17:53:10 gateway authd[1000]: user=raheel password=8xO4vUuYqWu status=rejected
<20>1 2025-12-17T17:49:19.200Z directextend.biz expedita 6381 ID901 - If we quantify the driver, we can get to the THX monitor through the haptic AI panel!
<105>2 2025-12-17T17:49:19.200Z seniordynamic.org similique 8632 ID971 - Navigating the microchip won't do anything, we need to quantify the neural JBOD interface!
<147>1 2025-12-17T17:49:19.200Z seniore-business.net sed 1189 ID123 - Indexing the bus won't do anything, we need to back up the haptic XSS monitor!
<136>3 2025-12-17T17:49:19.200Z seniore-markets.io ipsam 6660 ID758 - I'Ll index the back-end XSS driver, that should sensor the AGP program!
<13>Dec 17 17:53:11 gateway authd[1000]: user=raheel password=H3NrqhMwRpfAoi status=rejected
<129>1 2025-12-17T17:49:19.200Z directsynergistic.biz nostrum 661 ID368 - The SAS protocol is down, override the wireless alarm so we can navigate the IB panel!
<13>Dec 17 17:53:13 gateway authd[1000]: user=aqueel_kamruddin password=S6UP9hhiKzc status=rejected
<13>Dec 17 17:53:14 gateway authd[1000]: user=aly_a password=1cQxrUtx status=rejected
<13>Dec 17 17:53:17 gateway authd[1000]: user=iliyan_momin password=1MlP46dXz status=rejected
<107>1 2025-12-17T17:49:19.200Z producte-business.org quaerat 395 ID205 - You can't navigate the hard drive without overriding the mobile SDD program!
<45>2 2025-12-17T17:49:19.200Z investore-services.io aut 2168 ID644 - Overriding the circuit won't do anything, we need to index the neural PCI monitor!
<139>3 2025-12-17T17:49:19.200Z centralopen-source.io distinctio 2851 ID896 - Generating the alarm won't do anything, we need to compress the auxiliary XSS bus!
<13>Dec 17 17:53:18 gateway authd[1000]: user=michelle_hirani_khoja password=xaj0uKkv status=rejected
<135>3 2025-12-17T17:49:19.200Z humanmatrix.name doloremque 834 ID488 - Try to generate the THX program, maybe it will bypass the neural capacitor!
<13>Dec 17 17:53:21 gateway authd[1000]: user=aly_ali password=9sQMNONJ status=rejected
<146>2 2025-12-17T17:49:19.200Z internalcompelling.com explicabo 7671 ID647 - The JSON card is down, copy the 1080p program so we can calculate the RSS alarm!
<55>1 2025-12-17T17:49:19.200Z forwardglobal.org eum 4077 ID877 - Try to reboot the RSS card, maybe it will copy the wireless circuit!
<129>3 2025-12-17T17:49:19.200Z internationalviral.net esse 5007 ID225 - I'Ll override the back-end RSS system, that should application the XSS capacitor!
<13>Dec 17 17:53:26 gateway authd[1000]: user=zull_nensi password=FYSKbRpVpLdoxi status=rejected
<150>2 2025-12-17T17:49:19.200Z corporatestrategize.biz provident 39 ID700 - If we index the feed, we can get to the USB alarm through the primary SSL monitor!
<13>Dec 17 17:53:31 gateway authd[1000]: user=aly_ali password=1VeCCi7pw status=rejected
<13>Dec 17 17:53:32 gateway authd[1000]: user=ahil_hashim password=V03BcnvYelUe3 status=rejected
<124>1 2025-12-17T17:49:19.200Z regionalgenerate.org saepe 3936 ID295 - Use the 1080p FTP application, then you can copy the optical card!
<124>3 2025-12-17T17:49:19.200Z directscale.org expedita 9296 ID125 - You can't back up the system without calculating the back-end XSS circuit!
<65>1 2025-12-17T17:49:19.200Z seniorclicks-and-mortar.info et 2500 ID784 - Indexing the capacitor won't do anything, we need to transmit the online COM system!
<43>2 2025-12-17T17:49:19.200Z internaldynamic.com dolorem 5127 ID976 - The ADP pixel is down, parse the redundant firewall so we can synthesize the CSS transmitter!
<84>3 2025-12-17T17:49:19.200Z dynamicdeploy.io sit 4293 ID540 - If we navigate the monitor, we can get to the COM card through the neural JSON program!
<135>1 2025-12-17T17:49:19.200Z customerseamless.info iste 5407 ID109 - You can't parse the sensor without copying the multi-byte HDD card!
<13>Dec 17 17:53:35 gateway authd[1000]: user=arshad_somani password=xSxyuT6MDcV8N status=rejected
<66>2 2025-12-17T17:49:19.200Z centralleading-edge.com et 389 ID799 - Use the wireless RSS firewall, then you can generate the neural system!
<173>1 2025-12-17T17:49:19.200Z dynamicgranular.info quis 9437 ID149 - I'Ll quantify the optical GB protocol, that should driver the SAS circuit!
<73>1 2025-12-17T17:49:19.200Z internationalholistic.org delectus 2037 ID24 - I'Ll synthesize the bluetooth XSS capacitor, that should capacitor the SSL array!
<84>2 2025-12-17T17:49:19.200Z corporatemethodologies.org mollitia 4862 ID831 - You can't bypass the array without navigating the open-source JSON interface!
<13>Dec 17 17:53:36 gateway authd[1000]: user=armaan_chakkiwala password=Au4ZLhGTNOtZN status=rejected
<62>3 2025-12-17T17:49:19.200Z centralb2b.org soluta 4639 ID634 - I'Ll parse the solid state SMS circuit, that should application the PNG feed!
<0>3 2025-12-17T17:49:19.200Z regionalmarkets.net quia 8043 ID601 - Programming the array won't do anything, we need to bypass the multi-byte RAM hard drive!
<180>2 2025-12-17T17:49:19.200Z globalback-end.name non 653 ID74 - The RAM program is down, generate the open-source monitor so we can generate the GB protocol!
<176>1 2025-12-17T17:49:19.200Z chiefwhiteboard.biz nulla 4137 ID461 - I'Ll navigate the 1080p XSS monitor, that should application the FTP bandwidth!
<13>Dec 17 17:53:39 gateway authd[1000]: user=aly_a password=ENhHRiSxpM1f status=rejected
<13>Dec 17 17:53:42 gateway authd[1000]: user=fariha_mohammad password=cBoj2EzS6qjzv status=rejected
<33>1 2025-12-17T17:49:19.200Z dynamicend-to-end.name labore 774 ID971 - If we synthesize the interface, we can get to the COM circuit through the cross-platform AI program!
<171>3 2025-12-17T17:49:19.200Z forwardbandwidth.org quae 1066 ID846 - If we hack the bandwidth, we can get to the SMTP feed through the digital PCI feed!
<89>1 2025-12-17T17:49:19.200Z dynamicdot-com.net atque 5276 ID213 - If we index the alarm, we can get to the GB bandwidth through the solid state JBOD application!
<185>2 2025-12-17T17:49:19.200Z humaninnovate.biz voluptates 4558 ID28 - Overriding the system won't do anything, we need to back up the wireless XML monitor!
<6>1 2025-12-17T17:49:19.200Z leadpartnerships.biz expedita 5404 ID117 - If we compress the transmitter, we can get to the JSON circuit through the redundant XML circuit!
<91>3 2025-12-17T17:49:19.200Z customerplug-and-play.info vel 4345 ID855 - You can't calculate the alarm without synthesizing the auxiliary XSS port!
<61>3 2025-12-17T17:49:19.200Z internalinterfaces.net a 1709 ID836 - I'Ll navigate the primary RSS capacitor, that should driver the XML program!
<114>2 2025-12-17T17:49:19.200Z centralredefine.name minima 108 ID49 - If we reboot the panel, we can get to the SMS bus through the optical RSS card!
<109>3 2025-12-17T17:49:19.200Z producte-business.net aut 1421 ID172 - Parsing the circuit won't do anything, we need to quantify the haptic TCP hard drive!
<87>2 2025-12-17T17:49:19.200Z centraluser-centric.info qui 1106 ID463 - I'Ll back up the 1080p JBOD alarm, that should pixel the THX firewall!
<142>2 2025-12-17T17:49:19.200Z dynamice-business.com ullam 9851 ID8 - If we compress the port, we can get to the THX panel through the 1080p HDD matrix!
<13>Dec 17 17:53:47 gateway authd[1000]: user=sajoo password=b7bSEmy5QOo status=rejected
<13>Dec 17 17:53:51 gateway authd[1000]: user=manisha_hirani password=nuoi0w8cO0dTA status=rejected
<1>3 2025-12-17T17:49:19.200Z internalmaximize.org aut 3440 ID972 - I'Ll copy the auxiliary AI bus, that should monitor the PNG port!
<39>1 2025-12-17T17:49:19.200Z principaldynamic.info voluptas 3214 ID367 - Programming the application won't do anything, we need to input the bluetooth USB capacitor!
<103>3 2025-12-17T17:49:19.200Z legacyplug-and-play.org eum 6771 ID953 - If we program the card, we can get to the TCP firewall through the redundant AI interface!
<18>3 2025-12-17T17:49:19.200Z corporatemindshare.name necessitatibus 406 ID424 - You can't navigate the capacitor without overriding the optical PNG alarm!
<118>2 2025-12-17T17:49:19.200Z investorbest-of-breed.io et 9044 ID534 - Use the neural PCI protocol, then you can index the redundant driver!
<96>3 2025-12-17T17:49:19.200Z forwardcutting-edge.net vitae 3534 ID875 - The SDD sensor is down, compress the online microchip so we can override the RAM sensor!
<13>Dec 17 17:53:54 gateway authd[1000]: user=zoheb_makani password=J9fxT9qm3imI status=rejected
<13>Dec 17 17:53:55 gateway authd[1000]: user=sam_k password=hvnhIJ39qKc status=rejected
