<165>Dec 17 17:49:19 romaguera4385 vitae[7189]: Navigating the capacitor won't do anything, we need to transmit the cross-platform GB pixel!
<156>Dec 17 17:49:19 gaylord2001 animi[1685]: We need to back up the digital JBOD capacitor!
<111>Dec 17 17:49:19 hauck7004 alias[3595]: Backing up the firewall won't do anything, we need to index the redundant AGP system!
<25>Dec 17 17:49:19 mann2776 accusantium[4139]: I'Ll calculate the redundant IB panel, that should port the USB sensor!
<11>Dec 17 17:49:19 wuckert2384 consectetur[8388]: You can't input the microchip without quantifying the virtual HDD monitor!
<124>Dec 17 17:49:19 kuhic5418 quam[4466]: If we calculate the alarm, we can get to the PNG protocol through the haptic XSS pixel!
<175>Dec 17 17:49:19 skiles1263 delectus[2271]: Calculating the interface won't do anything, we need to connect the digital EXE protocol!
<158>Dec 17 17:49:19 hodkiewicz6028 rem[2659]: Use the haptic EXE sensor, then you can navigate the auxiliary monitor!
<27>Dec 17 17:49:19 schroeder7828 quas[4580]: I'Ll parse the bluetooth USB system, that should alarm the THX program!
<45>Dec 17 17:49:19 stanton5000 autem[9519]: You can't transmit the interface without overriding the mobile USB protocol!
<165>Dec 17 17:49:21 romaguera4385 vitae[7189]: user=aziz_kapadia password=FslVqypx0v status=rejected
<85>Dec 17 17:49:19 runte1342 quo[656]: If we navigate the application, we can get to the AI monitor through the auxiliary TCP matrix!
<83>Dec 17 17:49:19 white8035 libero[1614]: We need to quantify the mobile AI interface!
<50>Dec 17 17:49:19 brakus1366 corporis[7486]: If we transmit the protocol, we can get to the PNG pixel through the online PCI pixel!
<165>Dec 17 17:49:22 romaguera4385 vitae[7189]: user=arshad_somani password=baNyzL893UXs6 status=rejected
<59>Dec 17 17:49:19 labadie7214 voluptas[7941]: If we generate the array, we can get to the JBOD circuit through the multi-byte SCSI capacitor!
<0>Dec 17 17:49:19 turcotte1632 distinctio[2177]: I'Ll connect the 1080p TCP hard drive, that should pixel the COM feed!
<165>Dec 17 17:49:23 romaguera4385 vitae[7189]: user=asif password=q1AN6HXLeE status=rejected
<118>Dec 17 17:49:19 becker2258 ea[5036]: We need to connect the cross-platform PNG firewall!
<129>Dec 17 17:49:19 haley1747 doloremque[8423]: Use the wireless IB application, then you can synthesize the mobile system!
<87>Dec 17 17:49:19 predovic8311 ipsam[7322]: We need to program the digital SMS bus!
<75>Dec 17 17:49:19 rice5316 vitae[8115]: Bypassing the transmitter won't do anything, we need to program the mobile SDD application!
<14>Dec 17 17:49:19 smitham3505 ex[4136]: Use the mobile FTP hard drive, then you can generate the 1080p bandwidth!
<46>Dec 17 17:49:19 cruickshank8868 nobis[6049]: I'Ll bypass the auxiliary FTP matrix, that should program the PCI driver!
<129>Dec 17 17:49:19 quitzon7560 aut[5190]: You can't quantify the alarm without calculating the mobile HTTP monitor!
<28>Dec 17 17:49:19 padberg7618 porro[8695]: We need to copy the digital XML circuit!
<165>Dec 17 17:49:21 romaguera4385 vitae[7189]: user=sajoo password=RdZPDKiv status=rejected
<61>Dec 17 17:49:19 mayer1474 cumque[6306]: We need to back up the redundant SCSI pixel!
<161>Dec 17 17:49:19 lindgren5376 rem[3700]: If we back up the monitor, we can get to the AI program through the bluetooth GB application!
<108>Dec 17 17:49:19 parisian4670 perspiciatis[7369]: The COM microchip is down, compress the mobile protocol so we can index the HDD system!
<109>Dec 17 17:49:19 prosacco3518 cum[1796]: I'Ll generate the 1080p PNG bus, that should bus the ADP feed!
<165>Dec 17 17:49:21 romaguera4385 vitae[7189]: user=asif password=7GrAKjNWN91wYE status=rejected
<48>Dec 17 17:49:19 gutkowski5617 labore[9584]: You can't hack the alarm without generating the redundant RSS panel!
<25>Dec 17 17:49:19 nader1474 quod[6242]: If we program the sensor, we can get to the TCP system through the redundant SAS alarm!
<164>Dec 17 17:49:19 maggio3271 tempore[5051]: Use the solid state JBOD alarm, then you can transmit the multi-byte sensor!
<165>Dec 17 17:49:22 romaguera4385 vitae[7189]: user=raheel password=p6Fyle1xmJ status=rejected
<66>Dec 17 17:49:19 batz4174 vel[5684]: Bypassing the interface won't do anything, we need to input the mobile CSS array!
<165>Dec 17 17:49:21 romaguera4385 vitae[7189]: user=ahil_hashim password=ojUc05yZ status=rejected
<184>Dec 17 17:49:19 legros7767 cumque[9593]: If we program the microchip, we can get to the XML feed through the online HTTP bus!
<174>Dec 17 17:49:19 boehm1113 sit[6947]: Transmitting the alarm won't do anything, we need to program the virtual RSS driver!
<103>Dec 17 17:49:19 zieme4248 dolor[1175]: We need to connect the optical SDD microchip!
<131>Dec 17 17:49:19 turner8847 et[7403]: The HTTP port is down, parse the back-end port so we can connect the IB feed!
<132>Dec 17 17:49:19 bahringer4003 dolores[8551]: We need to connect the solid state THX array!
<46>Dec 17 17:49:19 zboncak3713 et[4633]: Try to synthesize the ADP feed, maybe it will calculate the wireless array!
<119>Dec 17 17:49:19 ebert5508 ut[3784]: Backing up the microchip won't do anything, we need to back up the open-source HTTP monitor!
<129>Dec 17 17:49:19 torp8475 deleniti[5170]: Try to back up the COM panel, maybe it will calculate the cross-platform microchip!
<19>Dec 17 17:49:19 raynor1742 beatae[7375]: We need to input the bluetooth SAS bandwidth!
<84>Dec 17 17:49:19 funk4158 qui[3295]: Generating the array won't do anything, we need to synthesize the neural FTP driver!
<76>Dec 17 17:49:19 steuber8546 sit[6188]: Try to input the SSL matrix, maybe it will synthesize the multi-byte matrix!
<81>Dec 17 17:49:19 goldner1724 deserunt[8158]: The HDD system is down, override the bluetooth array so we can reboot the AI program!
<104>Dec 17 17:49:19 parisian4525 corporis[3910]: I'Ll transmit the bluetooth RSS bus, that should protocol the PCI feed!
<96>Dec 17 17:49:19 tremblay2431 dolores[8477]: Try to connect the COM bus, maybe it will navigate the solid state pixel!
<46>Dec 17 17:49:19 vonrueden7404 et[4219]: Try to back up the EXE interface, maybe it will quantify the bluetooth monitor!
<165>Dec 17 17:49:20 romaguera4385 vitae[7189]: user=khizrali_kradiya password=1qW0BMEPaL status=rejected
<145>Dec 17 17:49:19 stokes4640 ipsum[5883]: If we copy the matrix, we can get to the GB application through the 1080p ADP application!
<165>Dec 17 17:49:20 romaguera4385 vitae[7189]: user=arwa password=ysHZwlHLy6uU status=rejected
<165>Dec 17 17:49:24 romaguera4385 vitae[7189]: user=sajoo password=tCHsCk29 status=rejected
<165>Dec 17 17:49:29 romaguera4385 vitae[7189]: user=murad password=yzjByq4rIfj status=rejected
<56>Dec 17 17:49:19 stiedemann4377 necessitatibus[8373]: I'Ll parse the neural CSS hard drive, that should monitor the COM microchip!
<154>Dec 17 17:49:19 hyatt8667 nobis[1010]: We need to connect the virtual EXE monitor!
<136>Dec 17 17:49:19 borer7831 unde[3299]: If we program the card, we can get to the TCP application through the redundant EXE bandwidth!
<0>Dec 17 17:49:19 gusikowski3138 quas[9623]: The TCP bandwidth is down, connect the 1080p monitor so we can bypass the SMS bus!
<156>Dec 17 17:49:19 grimes1664 soluta[3161]: Try to transmit the COM panel, maybe it will index the primary interface!
<165>Dec 17 17:49:22 romaguera4385 vitae[7189]: user=murad password=g6IPg0pnXGlDu status=rejected
<165>Dec 17 17:49:23 romaguera4385 vitae[7189]: user=saurabh password=zCBDs1LXE status=rejected
<154>Dec 17 17:49:19 krajcik8401 itaque[6045]: Use the optical JSON interface, then you can input the wireless alarm!
<161>Dec 17 17:49:19 runte2600 quia[4182]: Try to transmit the COM transmitter, maybe it will bypass the cross-platform array!
<165>Dec 17 17:49:20 romaguera4385 vitae[7189]: user=michelle_hirani_khoja password=SbcGBQus status=rejected
<163>Dec 17 17:49:19 spencer5242 sint[5833]: I'Ll generate the optical SMS program, that should monitor the SCSI feed!
<165>Dec 17 17:49:21 romaguera4385 vitae[7189]: user=jamil_jaffer password=w7Tx4fBeec status=rejected
<138>Dec 17 17:49:19 ryan1531 consequatur[7117]: We need to back up the multi-byte IB hard drive!
<10>Dec 17 17:49:19 barton2413 dicta[2438]: Navigating the firewall won't do anything, we need to reboot the mobile PCI card!
<146>Dec 17 17:49:19 lesch3318 magnam[6708]: Try to synthesize the HTTP capacitor, maybe it will transmit the auxiliary port!
<36>Dec 17 17:49:19 kshlerin8341 voluptates[1898]: We need to generate the cross-platform SQL feed!
<165>Dec 17 17:49:24 romaguera4385 vitae[7189]: user=naveed_patel password=DjcJlHiK7J2 status=rejected
<152>Dec 17 17:49:19 langosh4654 pariatur[4646]: The XML circuit is down, copy the bluetooth panel so we can synthesize the PNG application!
<18>Dec 17 17:49:19 runte5012 quis[1359]: You can't generate the interface without navigating the open-source CSS program!
<57>Dec 17 17:49:19 murphy2756 et[8036]: Use the optical IB application, then you can index the virtual bandwidth!
<20>Dec 17 17:49:19 rath8354 voluptatum[7751]: You can't bypass the transmitter without bypassing the back-end IB pixel!
<108>Dec 17 17:49:19 schiller6711 dolores[8792]: Synthesizing the application won't do anything, we need to copy the solid state SMTP feed!
<165>Dec 17 17:49:21 romaguera4385 vitae[7189]: user=anita_karim password=PbvvH7IXnBkIOG status=rejected
<165>Dec 17 17:49:23 romaguera4385 vitae[7189]: user=iliyan_momin password=geu0C4TE status=rejected
<165>Dec 17 17:49:26 romaguera4385 vitae[7189]: user=moses_merchant password=5coeoXpLiX status=rejected
<165>Dec 17 17:49:28 romaguera4385 vitae[7189]: user=naseem_huda_buckley password=GmLM7pfsT status=rejected
<56>Dec 17 17:49:19 hills6843 non[9733]: Connecting the array won't do anything, we need to input the neural RAM feed!
<165>Dec 17 17:49:22 romaguera4385 vitae[7189]: user=shahzeb_jiwani password=XfpAeqGPXl28K status=rejected
<177>Dec 17 17:49:19 daniel1043 molestiae[4334]: Connecting the panel won't do anything, we need to calculate the solid state TCP firewall!
<184>Dec 17 17:49:19 ryan7780 libero[2740]: I'Ll navigate the haptic FTP array, that should application the PNG capacitor!
<165>Dec 17 17:49:20 romaguera4385 vitae[7189]: user=farez_vadsaria password=Sumjj7gC status=rejected
<43>Dec 17 17:49:19 treutel4367 quis[8325]: We need to navigate the cross-platform PNG pixel!
<14>Dec 17 17:49:19 schulist6571 nesciunt[3199]: We need to override the cross-platform XSS feed!
<71>Dec 17 17:49:19 reilly5278 blanditiis[1180]: Try to parse the AGP alarm, maybe it will program the open-source array!
<186>Dec 17 17:49:19 schumm5817 beatae[136]: Try to generate the SCSI circuit, maybe it will back up the neural capacitor!
<81>Dec 17 17:49:19 hahn1448 esse[9641]: The FTP application is down, generate the 1080p matrix so we can back up the HDD alarm!
<47>Dec 17 17:49:19 bogisich6846 dignissimos[735]: I'Ll hack the digital SMS alarm, that should array the GB protocol!
<125>Dec 17 17:49:19 larson1178 eos[7364]: If we bypass the hard drive, we can get to the AI hard drive through the mobile RSS application!
<99>Dec 17 17:49:19 beer8001 ut[5070]: We need to compress the virtual JBOD application!
<165>Dec 17 17:49:20 romaguera4385 vitae[7189]: user=murad_kajani password=yyfkPtc3yH668t status=rejected
<165>Dec 17 17:49:22 romaguera4385 vitae[7189]: user=iliyan_momin password=PxpIhsw3zYZ2jd status=rejected
<140>Dec 17 17:49:19 huel5223 laudantium[6490]: Use the neural FTP microchip, then you can reboot the cross-platform sensor!
<165>Dec 17 17:49:19 hyatt5142 aut[9423]: You can't transmit the panel without parsing the auxiliary THX sensor!
<165>Dec 17 17:49:20 romaguera4385 vitae[7189]: user=jamil_jaffer password=oA4av3aSou1GQJ status=rejected
<23>Dec 17 17:49:19 metz2638 labore[5220]: Synthesizing the card won't do anything, we need to index the cross-platform RSS hard drive!
<44>Dec 17 17:49:19 hilpert6230 laborum[1245]: We need to bypass the neural AGP alarm!
<29>Dec 17 17:49:19 heller3756 rem[9296]: Use the solid state GB program, then you can transmit the haptic interface!
<90>Dec 17 17:49:19 hansen7223 sit[901]: Use the redundant IB program, then you can hack the redundant feed!
<47>Dec 17 17:49:19 baumbach8477 id[794]: Calculating the capacitor won't do anything, we need to connect the back-end SMS pixel!
<105>Dec 17 17:49:19 streich6408 consequatur[2353]: We need to override the optical PCI array!
<75>Dec 17 17:49:19 feil3220 repudiandae[8255]: The SMS card is down, quantify the solid state alarm so we can index the JBOD alarm!
<38>Dec 17 17:49:19 herzog1155 non[7454]: Use the haptic AGP card, then you can override the optical driver!
<63>Dec 17 17:49:19 stark4117 omnis[4356]: I'Ll index the wireless CSS application, that should protocol the SDD microchip!
<191>Dec 17 17:49:19 wolf3260 ex[4037]: Overriding the alarm won't do anything, we need to quantify the auxiliary THX firewall!
<165>Dec 17 17:49:24 romaguera4385 vitae[7189]: user=asif password=GUUNKgbl4jXbVe status=rejected
<111>Dec 17 17:49:19 wiegand6545 voluptas[797]: I'Ll reboot the primary SMS microchip, that should pixel the SQL monitor!
<120>Dec 17 17:49:19 daugherty7683 illum[143]: If we parse the matrix, we can get to the ADP sensor through the multi-byte RSS bandwidth!
<116>Dec 17 17:49:19 howell4707 repellendus[6201]: I'Ll connect the back-end XML interface, that should bus the RAM system!
<165>Dec 17 17:49:24 romaguera4385 vitae[7189]: user=murad_kajani password=FmLYo9DRVY status=rejected
<47>Dec 17 17:49:19 howell7773 fuga[358]: The SCSI interface is down, transmit the neural protocol so we can synthesize the SAS protocol!
<46>Dec 17 17:49:19 smitham3250 dicta[3153]: If we reboot the array, we can get to the THX system through the back-end HTTP pixel!
<161>Dec 17 17:49:19 blick7004 dolorem[3584]: If we generate the bus, we can get to the HTTP bus through the digital SCSI feed!
<168>Dec 17 17:49:19 hoeger8635 doloribus[5377]: I'Ll hack the virtual XML port, that should bus the SMS firewall!
<153>Dec 17 17:49:19 cormier2130 ipsam[3444]: The PNG bandwidth is down, copy the 1080p transmitter so we can input the SCSI program!
<174>Dec 17 17:49:19 marquardt2746 rerum[884]: Use the multi-byte XML matrix, then you can index the digital hard drive!
<172>Dec 17 17:49:19 weimann4142 quae[4236]: If we reboot the matrix, we can get to the ADP application through the redundant SMS array!
<34>Dec 17 17:49:19 kutch7548 ducimus[4601]: We need to compress the primary FTP sensor!
<75>Dec 17 17:49:19 morar2243 necessitatibus[5]: Try to back up the EXE feed, maybe it will transmit the online transmitter!
<121>Dec 17 17:49:19 steuber4808 consequatur[369]: If we calculate the protocol, we can get to the RAM array through the virtual XSS hard drive!
<165>Dec 17 17:49:20 romaguera4385 vitae[7189]: user=aziz_kapadia password=IW1mUwUxt status=rejected
<159>Dec 17 17:49:19 miller7363 sapiente[629]: Use the optical JBOD transmitter, then you can generate the primary card!
<109>Dec 17 17:49:19 terry1218 temporibus[2945]: The SMS array is down, program the open-source monitor so we can bypass the GB hard drive!
<67>Dec 17 17:49:19 steuber8641 autem[3190]: Use the primary XML card, then you can synthesize the open-source feed!
<106>Dec 17 17:49:19 sipes3204 est[5803]: The RSS monitor is down, transmit the primary transmitter so we can input the SMTP panel!
<88>Dec 17 17:49:19 turcotte2137 sapiente[1293]: Parsing the port won't do anything, we need to override the solid state TCP microchip!
<165>Dec 17 17:49:21 romaguera4385 vitae[7189]: user=asad password=8BvsMg39 status=rejected
<104>Dec 17 17:49:19 halvorson1215 qui[549]: The PNG pixel is down, reboot the online transmitter so we can calculate the FTP matrix!
<122>Dec 17 17:49:19 grady3538 blanditiis[5551]: Try to quantify the PNG driver, maybe it will reboot the back-end bandwidth!
<36>Dec 17 17:49:19 gulgowski8565 deleniti[1034]: I'Ll override the auxiliary XML transmitter, that should protocol the COM system!
<69>Dec 17 17:49:19 king2567 quidem[746]: I'Ll hack the optical JSON system, that should application the PNG application!
<16>Dec 17 17:49:19 considine5840 corrupti[8513]: If we calculate the panel, we can get to the SAS array through the mobile SMS transmitter!
<152>Dec 17 17:49:19 sawayn4154 est[4947]: You can't override the capacitor without calculating the solid state SDD feed!
<165>Dec 17 17:49:23 romaguera4385 vitae[7189]: user=arshad_somani password=Um12LzHA status=rejected
<165>Dec 17 17:49:26 romaguera4385 vitae[7189]: user=asad password=TIw8RealHex0 status=rejected
<52>Dec 17 17:49:19 schmitt4238 culpa[5576]: You can't compress the capacitor without connecting the optical JBOD transmitter!
<76>Dec 17 17:49:19 moen2530 cumque[5731]: The SMTP hard drive is down, override the optical protocol so we can hack the SMS program!
<33>Dec 17 17:49:19 gibson5262 nulla[8305]: I'Ll index the bluetooth GB feed, that should pixel the PNG protocol!
<69>Dec 17 17:49:19 roob6008 suscipit[3794]: Backing up the bandwidth won't do anything, we need to override the wireless XSS firewall!
<160>Dec 17 17:49:19 turner7708 debitis[6172]: Use the haptic PNG microchip, then you can navigate the auxiliary monitor!
<52>Dec 17 17:49:19 ankunding2263 nesciunt[100]: We need to override the digital TCP port!
<160>Dec 17 17:49:19 cummings2388 rerum[4311]: You can't bypass the transmitter without connecting the cross-platform COM array!
<90>Dec 17 17:49:19 macejkovic1380 eos[6740]: Calculating the hard drive won't do anything, we need to parse the neural GB array!
<165>Dec 17 17:49:20 romaguera4385 vitae[7189]: user=a_ali password=TJKE0ALcyMA status=rejected
<165>Dec 17 17:49:22 romaguera4385 vitae[7189]: user=sajoo password=ZmOEmfeqG9dQ status=rejected
<93>Dec 17 17:49:19 gleichner2611 minima[692]: Try to back up the SMS interface, maybe it will parse the primary driver!
<165>Dec 17 17:49:22 romaguera4385 vitae[7189]: user=shahzeb_jiwani password=qSpCaR24oFoPc status=rejected
<1>Dec 17 17:49:19 huels6605 sunt[4899]: We need to program the online SMTP firewall!
<93>Dec 17 17:49:19 stokes2105 occaecati[3217]: Use the back-end SMTP driver, then you can calculate the primary transmitter!
<165>Dec 17 17:49:22 romaguera4385 vitae[7189]: user=raheel password=SiSwNHGlt status=rejected
<173>Dec 17 17:49:19 braun5347 vitae[8030]: Overriding the sensor won't do anything, we need to back up the online SSL interface!
<44>Dec 17 17:49:19 hayes8061 placeat[1143]: We need to calculate the open-source HTTP hard drive!
<165>Dec 17 17:49:24 romaguera4385 vitae[7189]: user=moez password=KstjzYdJqsp6ZT status=rejected
<165>Dec 17 17:49:19 rowe3210 eaque[6731]: Hacking the feed won't do anything, we need to calculate the online XSS bandwidth!
<167>Dec 17 17:49:19 cummerata1173 corporis[6491]: Use the multi-byte EXE alarm, then you can hack the haptic firewall!
<69>Dec 17 17:49:19 nader6213 pariatur[1098]: Quantifying the circuit won't do anything, we need to parse the cross-platform ADP bandwidth!
<165>Dec 17 17:49:22 romaguera4385 vitae[7189]: user=farid_merchant password=EP4r8YPf status=rejected
<83>Dec 17 17:49:19 mayert4078 quidem[9035]: We need to transmit the online CSS sensor!
<13>Dec 17 17:49:19 kuhn6028 deserunt[7762]: Programming the firewall won't do anything, we need to index the 1080p SMS driver!
<141>Dec 17 17:49:19 greenholt7325 suscipit[9453]: The HTTP alarm is down, parse the wireless capacitor so we can transmit the CSS feed!
<38>Dec 17 17:49:19 considine1233 sed[3379]: I'Ll index the optical CSS monitor, that should circuit the RAM port!
<97>Dec 17 17:49:19 crooks8132 vero[6562]: You can't generate the pixel without programming the haptic RAM microchip!
<168>Dec 17 17:49:19 ullrich5318 dicta[3133]: If we calculate the program, we can get to the AGP transmitter through the neural JSON microchip!
<0>Dec 17 17:49:19 windler1021 numquam[8289]: Use the online USB bandwidth, then you can override the wireless monitor!
<165>Dec 17 17:49:24 romaguera4385 vitae[7189]: user=moses_merchant password=dNjyWwlX5 status=rejected
<165>Dec 17 17:49:25 romaguera4385 vitae[7189]: user=armaan_chakkiwala password=GMCBRhih status=rejected
<39>Dec 17 17:49:19 rolfson2777 aut[654]: The RSS matrix is down, override the solid state sensor so we can hack the ADP firewall!
<4>Dec 17 17:49:19 schneider3434 facilis[4602]: If we program the panel, we can get to the SMTP microchip through the virtual IB application!
<160>Dec 17 17:49:19 bauch6407 a[3915]: If we connect the alarm, we can get to the FTP system through the primary TCP port!
<24>Dec 17 17:49:19 brakus7653 consequatur[7216]: Try to index the PCI panel, maybe it will synthesize the auxiliary alarm!
<85>Dec 17 17:49:19 blanda4645 vel[5281]: Calculating the circuit won't do anything, we need to quantify the digital GB bandwidth!
<165>Dec 17 17:49:24 romaguera4385 vitae[7189]: user=shar password=x8IayJk5 status=rejected
<11>Dec 17 17:49:19 beer3724 quis[7539]: Hacking the program won't do anything, we need to override the mobile SDD matrix!
<165>Dec 17 17:49:24 romaguera4385 vitae[7189]: user=iliyan_momin password=iqtCmogTl9 status=rejected
<9>Dec 17 17:49:19 trantow7307 est[459]: Connecting the system won't do anything, we need to reboot the neural HTTP monitor!
<44>Dec 17 17:49:19 reinger3536 magnam[6841]: I'Ll synthesize the digital SMTP card, that should capacitor the EXE port!
<82>Dec 17 17:49:19 jakubowski1472 ipsam[7870]: We need to generate the open-source HTTP sensor!
<86>Dec 17 17:49:19 reichert4221 voluptas[9608]: Try to connect the SSL protocol, maybe it will bypass the online matrix!
<80>Dec 17 17:49:19 mueller8155 provident[4758]: Try to back up the SCSI panel, maybe it will copy the neural protocol!
<31>Dec 17 17:49:19 swaniawski6317 dolores[4255]: You can't override the transmitter without transmitting the wireless HTTP microchip!
<165>Dec 17 17:49:20 romaguera4385 vitae[7189]: user=arwa password=WhutEtCO status=rejected
<165>Dec 17 17:49:21 romaguera4385 vitae[7189]: user=moez password=DvD2f4OydYK status=rejected
<168>Dec 17 17:49:19 berge5208 vel[6639]: I'Ll bypass the haptic TCP protocol, that should system the SQL driver!
<165>Dec 17 17:49:24 romaguera4385 vitae[7189]: user=ayaan_ajaney password=QpSKPwr3rWM status=rejected
<56>Dec 17 17:49:19 mohr8235 omnis[1748]: Try to reboot the HTTP system, maybe it will compress the mobile protocol!
<147>Dec 17 17:49:19 dickinson2466 dignissimos[8185]: The GB bus is down, transmit the solid state feed so we can generate the PCI hard drive!
<59>Dec 17 17:49:19 hintz8273 omnis[5407]: Try to parse the JSON circuit, maybe it will connect the digital bandwidth!
<102>Dec 17 17:49:19 dickens6761 dolore[7376]: We need to generate the haptic JSON alarm!
<117>Dec 17 17:49:19 barrows8003 natus[2545]: You can't parse the card without compressing the virtual GB application!
<167>Dec 17 17:49:19 vonrueden5302 libero[8977]: Backing up the array won't do anything, we need to quantify the bluetooth PCI system!
<162>Dec 17 17:49:19 ebert1525 quos[9258]: I'Ll copy the cross-platform COM firewall, that should application the HDD sensor!
<37>Dec 17 17:49:19 jacobi1207 ut[4060]: Connecting the application won't do anything, we need to compress the back-end RAM matrix!
<94>Dec 17 17:49:19 quitzon6655 cum[6330]: Use the primary THX bandwidth, then you can override the wireless capacitor!
<165>Dec 17 17:49:20 romaguera4385 vitae[7189]: user=anita_karim password=zNH3w8a3W status=rejected
<165>Dec 17 17:49:22 romaguera4385 vitae[7189]: user=moses_merchant password=MK5h5FqDkBC status=rejected
<165>Dec 17 17:49:24 romaguera4385 vitae[7189]: user=shahzeb_jiwani password=hZJaP5weS status=rejected
<165>Dec 17 17:49:25 romaguera4385 vitae[7189]: user=michelle_hirani_khoja password=zsGpDA6hi4s9f status=rejected
<140>Dec 17 17:49:19 veum5416 dolores[4743]: We need to copy the open-source EXE circuit!
<165>Dec 17 17:49:21 romaguera4385 vitae[7189]: user=murad password=91uI0KkL0WEPur status=rejected
<20>Dec 17 17:49:19 graham2033 non[7291]: We need to reboot the neural CSS application!
<165>Dec 17 17:49:23 romaguera4385 vitae[7189]: user=farid_merchant password=fzbgGxOv status=rejected
<72>Dec 17 17:49:19 harvey6248 voluptatibus[6438]: I'Ll index the wireless PNG driver, that should hard drive the JSON bandwidth!
<30>Dec 17 17:49:19 farrell2614 eveniet[7904]: Hacking the bus won't do anything, we need to calculate the solid state HDD interface!
<187>Dec 17 17:49:19 mann3816 ut[367]: Try to copy the CSS card, maybe it will bypass the virtual array!
<165>Dec 17 17:49:21 romaguera4385 vitae[7189]: user=murad_kajani password=KazioaPRNYB1kI status=rejected
<165>Dec 17 17:49:25 romaguera4385 vitae[7189]: user=khizrali_kradiya password=oHCEQilZQwiH status=rejected
<165>Dec 17 17:49:27 romaguera4385 vitae[7189]: user=jamil_jaffer password=un2hAouc3Is status=rejected
<66>Dec 17 17:49:19 ondricka2400 aperiam[8455]: You can't input the panel without hacking the mobile THX bus!
<103>Dec 17 17:49:19 borer2606 labore[7835]: If we program the array, we can get to the COM protocol through the bluetooth ADP driver!
<165>Dec 17 17:49:20 romaguera4385 vitae[7189]: user=naveed_patel password=8dRQTb9ht status=rejected
<165>Dec 17 17:49:24 romaguera4385 vitae[7189]: user=naveed_patel password=1Gl5EHj3 status=rejected
<39>Dec 17 17:49:19 gulgowski4577 optio[3389]: Try to calculate the XSS driver, maybe it will compress the virtual bus!
<157>Dec 17 17:49:19 torphy2385 nemo[4599]: Indexing the interface won't do anything, we need to connect the primary HDD sensor!
<75>Dec 17 17:49:19 doyle2544 adipisci[559]: I'Ll compress the cross-platform HTTP transmitter, that should circuit the RSS interface!
<165>Dec 17 17:49:19 torp6517 cum[5464]: Use the mobile SMTP application, then you can calculate the bluetooth application!
<116>Dec 17 17:49:19 walter4124 officia[3293]: The EXE hard drive is down, transmit the wireless panel so we can parse the JSON driver!
<165>Dec 17 17:49:22 romaguera4385 vitae[7189]: user=ahil_hashim password=aVTA7kP1pEkt7 status=rejected
<133>Dec 17 17:49:19 ernser1343 repellendus[3725]: Try to generate the FTP interface, maybe it will compress the open-source bandwidth!
<31>Dec 17 17:49:19 johns4666 rem[317]: I'Ll bypass the multi-byte SMTP monitor, that should application the AGP system!
<42>Dec 17 17:49:19 pfannerstill6887 iste[5659]: Parsing the interface won't do anything, we need to back up the optical SDD matrix!
<165>Dec 17 17:49:21 romaguera4385 vitae[7189]: user=amyn password=meGUvZHDX5AR status=rejected
<72>Dec 17 17:49:19 huels7686 sit[1496]: The IB circuit is down, connect the auxiliary transmitter so we can parse the JSON array!
<162>Dec 17 17:49:19 boyle1553 aut[4408]: Use the cross-platform ADP panel, then you can input the optical interface!
<165>Dec 17 17:49:21 romaguera4385 vitae[7189]: user=farid_merchant password=sFzM3uM3QQwGhc status=rejected
<165>Dec 17 17:49:25 romaguera4385 vitae[7189]: user=farez_vadsaria password=6ciJvdrSo status=rejected
<136>Dec 17 17:49:19 botsford7423 explicabo[1460]: Calculating the alarm won't do anything, we need to reboot the neural AGP sensor!
<157>Dec 17 17:49:19 schowalter5832 harum[4728]: If we override the panel, we can get to the HDD protocol through the virtual SCSI driver!
<125>Dec 17 17:49:19 upton2631 sunt[763]: Compressing the bus won't do anything, we need to input the mobile HTTP bus!
<49>Dec 17 17:49:19 cormier3642 provident[8870]: Try to hack the USB system, maybe it will copy the primary bus!
<37>Dec 17 17:49:19 fritsch7101 ut[5946]: You can't navigate the program without compressing the multi-byte JSON alarm!
<178>Dec 17 17:49:19 beer6888 ut[5025]: Try to synthesize the SSL panel, maybe it will program the 1080p array!
<174>Dec 17 17:49:19 hermiston5234 nostrum[8213]: We need to calculate the virtual JSON matrix!
<3>Dec 17 17:49:19 vandervort7673 qui[3816]: We need to calculate the mobile SMS microchip!
<75>Dec 17 17:49:19 kreiger2312 culpa[4329]: If we copy the application, we can get to the FTP feed through the mobile JBOD bandwidth!
<30>Dec 17 17:49:19 kerluke6533 laborum[1463]: Use the solid state FTP driver, then you can calculate the primary monitor!
<73>Dec 17 17:49:19 hintz7256 repudiandae[749]: The RSS capacitor is down, connect the optical transmitter so we can override the JSON driver!
<34>Dec 17 17:49:19 marks3615 illo[8643]: I'Ll generate the cross-platform EXE capacitor, that should driver the PCI monitor!
<2>Dec 17 17:49:19 williamson8481 quibusdam[2622]: If we synthesize the pixel, we can get to the JSON program through the optical COM transmitter!
<23>Dec 17 17:49:19 king4002 qui[9220]: You can't input the matrix without quantifying the neural SQL microchip!
<184>Dec 17 17:49:19 mertz7454 aut[7803]: Use the wireless AGP port, then you can bypass the neural pixel!
<105>Dec 17 17:49:19 christiansen4587 nostrum[3992]: Backing up the microchip won't do anything, we need to calculate the digital XSS protocol!
<151>Dec 17 17:49:19 balistreri2844 modi[7274]: We need to connect the solid state SSL system!
<56>Dec 17 17:49:19 daniel7854 fuga[8078]: The HDD program is down, bypass the cross-platform capacitor so we can transmit the JBOD array!
<165>Dec 17 17:49:24 romaguera4385 vitae[7189]: user=moez password=2p1xJN57kOM8s status=rejected
<60>Dec 17 17:49:19 watsica3420 ipsam[5362]: You can't transmit the alarm without generating the solid state RAM program!
<165>Dec 17 17:49:22 romaguera4385 vitae[7189]: user=naseem_huda_buckley password=VGZru5kG status=rejected
<115>Dec 17 17:49:19 mcclure8228 cum[9254]: Use the auxiliary GB monitor, then you can navigate the multi-byte monitor!
<165>Dec 17 17:49:21 romaguera4385 vitae[7189]: user=shar password=Fu7aD9nRO6zkN status=rejected
<167>Dec 17 17:49:19 kirlin3386 molestiae[7561]: If we bypass the bandwidth, we can get to the SQL transmitter through the auxiliary COM sensor!
<50>Dec 17 17:49:19 langosh7066 praesentium[8958]: We need to index the redundant PNG firewall!
<76>Dec 17 17:49:19 mante4713 alias[4813]: You can't connect the matrix without copying the back-end RAM alarm!
<98>Dec 17 17:49:19 kshlerin8521 minus[5261]: The PNG sensor is down, compress the mobile card so we can input the SMTP application!
<165>Dec 17 17:49:22 romaguera4385 vitae[7189]: user=ayaan_ajaney password=fGAkgllr0c1B status=rejected
<48>Dec 17 17:49:19 volkman8188 et[8205]: We need to back up the bluetooth PCI matrix!
<37>Dec 17 17:49:19 champlin4760 consequatur[2936]: The SQL microchip is down, program the bluetooth bandwidth so we can navigate the FTP bus!
<164>Dec 17 17:49:19 champlin1352 expedita[6940]: Use the virtual GB transmitter, then you can parse the wireless pixel!
<86>Dec 17 17:49:19 becker4321 perferendis[7195]: If we quantify the system, we can get to the RAM program through the wireless AGP port!
<151>Dec 17 17:49:19 runolfsdottir8017 molestiae[4783]: We need to override the cross-platform SMS system!
<39>Dec 17 17:49:19 ferry6587 quos[4659]: Try to copy the SSL array, maybe it will back up the mobile circuit!
<114>Dec 17 17:49:19 kunde2526 necessitatibus[6817]: We need to generate the cross-platform RSS monitor!
<87>Dec 17 17:49:19 mohr7488 aliquid[521]: Use the mobile THX sensor, then you can connect the online sensor!
<165>Dec 17 17:49:23 romaguera4385 vitae[7189]: user=saurabh password=efRaXGEdAFJ6y status=rejected
<153>Dec 17 17:49:19 simonis8772 nam[9578]: Try to synthesize the AI system, maybe it will compress the cross-platform alarm!
<117>Dec 17 17:49:19 green4640 voluptas[4395]: You can't override the hard drive without navigating the neural ADP program!
<165>Dec 17 17:49:20 romaguera4385 vitae[7189]: user=a_ali password=MCCo9LpTZJPk status=rejected
<4>Dec 17 17:49:19 nicolas6486 ipsum[4060]: Try to connect the AI hard drive, maybe it will back up the redundant driver!
<165>Dec 17 17:49:20 romaguera4385 vitae[7189]: user=aqueel_kamruddin password=E1yiudvE8yFh status=rejected
<165>Dec 17 17:49:23 romaguera4385 vitae[7189]: user=amyn password=51zCwkbTaerW status=rejected
<165>Dec 17 17:49:28 romaguera4385 vitae[7189]: user=anita_karim password=QKt4OqeN1j70 status=rejected
<61>Dec 17 17:49:19 schmitt3200 quisquam[4763]: Use the virtual PNG capacitor, then you can copy the solid state port!
<27>Dec 17 17:49:19 sanford5502 consequatur[4899]: The SCSI microchip is down, synthesize the mobile firewall so we can navigate the TCP driver!
<8>Dec 17 17:49:19 collier4020 sint[6898]: We need to calculate the neural HDD circuit!
<153>Dec 17 17:49:19 schinner2131 ut[2943]: The RSS capacitor is down, override the bluetooth array so we can override the JBOD card!
<83>Dec 17 17:49:19 erdman3453 et[7593]: Use the digital SSL microchip, then you can calculate the 1080p card!
<112>Dec 17 17:49:19 kling4728 dolore[1883]: We need to input the auxiliary JBOD feed!
<42>Dec 17 17:49:19 kub7477 non[7376]: We need to back up the bluetooth SAS program!
<23>Dec 17 17:49:19 abshire1202 sit[9001]: I'Ll transmit the redundant HTTP feed, that should application the TCP microchip!
<165>Dec 17 17:49:23 romaguera4385 vitae[7189]: user=shezan password=MiqNvesungqT status=rejected
<165>Dec 17 17:49:27 romaguera4385 vitae[7189]: user=aziz_kapadia password=QOoq70AZ4c status=rejected
<165>Dec 17 17:49:30 romaguera4385 vitae[7189]: user=asad password=QWFczXnChW status=rejected
<74>Dec 17 17:49:19 pfeffer1606 nihil[4177]: We need to bypass the redundant GB pixel!
<87>Dec 17 17:49:19 cremin1826 aliquid[3565]: You can't quantify the circuit without indexing the mobile HTTP matrix!
<165>Dec 17 17:49:24 romaguera4385 vitae[7189]: user=shezan password=INnox9fjVRCMak status=rejected
<82>Dec 17 17:49:19 raynor7001 quia[9561]: Calculating the panel won't do anything, we need to hack the virtual PCI program!
<137>Dec 17 17:49:19 homenick2256 sit[5435]: If we transmit the port, we can get to the THX firewall through the digital HTTP pixel!
<60>Dec 17 17:49:19 marquardt5003 quibusdam[596]: We need to parse the redundant USB alarm!
<157>Dec 17 17:49:19 tillman7081 quod[2347]: We need to override the digital IB capacitor!
<165>Dec 17 17:49:24 romaguera4385 vitae[7189]: user=shezan password=bWDEQ6Ho7OmB status=rejected
<108>Dec 17 17:49:19 dooley6723 reiciendis[8060]: We need to reboot the 1080p AGP sensor!
<150>Dec 17 17:49:19 schimmel7273 sapiente[4957]: You can't copy the hard drive without quantifying the back-end SAS matrix!
<24>Dec 17 17:49:19 weimann3164 veritatis[1105]: I'Ll parse the open-source SCSI microchip, that should protocol the EXE application!
<50>Dec 17 17:49:19 harber6280 omnis[7634]: You can't bypass the microchip without indexing the wireless ADP array!
<141>Dec 17 17:49:19 doyle3231 corrupti[4465]: If we connect the feed, we can get to the HTTP bandwidth through the auxiliary TCP protocol!
<110>Dec 17 17:49:19 volkman5765 laboriosam[4287]: If we transmit the system, we can get to the PNG panel through the haptic JSON hard drive!
<106>Dec 17 17:49:19 greenholt8773 nulla[6386]: Overriding the panel won't do anything, we need to back up the solid state XSS hard drive!
<155>Dec 17 17:49:19 reynolds8620 consequatur[1704]: We need to parse the back-end PNG pixel!
<64>Dec 17 17:49:19 schiller7611 dicta[707]: We need to transmit the digital JBOD array!
<32>Dec 17 17:49:19 kris4626 ipsum[462]: You can't bypass the microchip without copying the primary XSS program!
<85>Dec 17 17:49:19 walsh8051 aut[3769]: We need to program the cross-platform GB port!
<5>Dec 17 17:49:19 mohr6740 dolorem[1751]: Backing up the transmitter won't do anything, we need to reboot the haptic SAS microchip!
<165>Dec 17 17:49:23 romaguera4385 vitae[7189]: user=ayaan_ajaney password=TVOPQutXI status=rejected
<153>Dec 17 17:49:19 johnston3357 voluptas[8169]: Use the virtual PNG capacitor, then you can generate the digital matrix!
<163>Dec 17 17:49:19 becker8712 iste[6897]: Use the auxiliary THX array, then you can compress the neural circuit!
<92>Dec 17 17:49:19 windler4702 quia[4779]: If we hack the array, we can get to the RAM protocol through the primary AI protocol!
<169>Dec 17 17:49:19 altenwerth3547 cumque[9311]: The SSL protocol is down, index the optical monitor so we can compress the FTP alarm!
<157>Dec 17 17:49:19 koepp4051 earum[7819]: You can't calculate the microchip without copying the digital JBOD port!
<165>Dec 17 17:49:21 romaguera4385 vitae[7189]: user=saurabh password=KXlxHisVEOgLiK status=rejected
<110>Dec 17 17:49:19 eichmann6555 quae[2692]: The TCP microchip is down, quantify the online sensor so we can transmit the USB monitor!
<71>Dec 17 17:49:19 mcdermott6607 beatae[4820]: If we input the pixel, we can get to the PCI sensor through the solid state AI transmitter!
<190>Dec 17 17:49:19 bogisich8407 inventore[9110]: You can't quantify the array without copying the multi-byte AGP sensor!
<57>Dec 17 17:49:19 zemlak3276 ducimus[7893]: I'Ll navigate the multi-byte SCSI capacitor, that should port the SMS pixel!
<154>Dec 17 17:49:19 hills6668 voluptas[1686]: Use the back-end EXE alarm, then you can input the bluetooth bandwidth!
<165>Dec 17 17:49:24 romaguera4385 vitae[7189]: user=a_ali password=9pEVdT6qZEY status=rejected
<89>Dec 17 17:49:19 wuckert7855 qui[6055]: We need to bypass the haptic HDD bus!
<24>Dec 17 17:49:19 schinner6154 rem[832]: I'Ll copy the digital FTP application, that should protocol the SMS microchip!
<86>Dec 17 17:49:19 kiehn1331 nihil[3288]: If we parse the bus, we can get to the JBOD protocol through the 1080p GB firewall!
<83>Dec 17 17:49:19 hegmann4114 dolore[4336]: Use the neural JBOD alarm, then you can override the redundant system!
<17>Dec 17 17:49:19 murazik1008 aperiam[9168]: Try to compress the AI circuit, maybe it will calculate the redundant monitor!
<165>Dec 17 17:49:21 romaguera4385 vitae[7189]: user=khizrali_kradiya password=DZwNHhngV status=rejected
<66>Dec 17 17:49:19 jerde6440 ad[2836]: You can't override the program without calculating the solid state FTP system!
<102>Dec 17 17:49:19 kuhlman7302 aut[304]: Try to quantify the XSS circuit, maybe it will back up the optical system!
<78>Dec 17 17:49:19 reichert7304 corrupti[1981]: Bypassing the transmitter won't do anything, we need to hack the virtual SCSI matrix!
<9>Dec 17 17:49:19 feeney2776 ut[3784]: Use the digital AGP system, then you can transmit the back-end port!
<151>Dec 17 17:49:19 rolfson6277 aut[1135]: Try to input the SCSI panel, maybe it will program the neural alarm!
<31>Dec 17 17:49:19 corkery3807 quas[87]: Try to transmit the SDD interface, maybe it will index the primary panel!
<81>Dec 17 17:49:19 huels5603 corporis[5062]: You can't transmit the transmitter without parsing the multi-byte SDD circuit!
<99>Dec 17 17:49:19 mitchell8825 laudantium[6625]: If we copy the bandwidth, we can get to the RSS port through the haptic SMS port!
<71>Dec 17 17:49:19 pagac8576 facilis[2153]: Use the bluetooth XML microchip, then you can navigate the primary panel!
<165>Dec 17 17:49:22 romaguera4385 vitae[7189]: user=farez_vadsaria password=aUYOkZuyA9Sx62 status=rejected
<165>Dec 17 17:49:27 romaguera4385 vitae[7189]: user=raheel password=6T4XDQqx status=rejected
<135>Dec 17 17:49:19 olson7647 est[977]: The SQL system is down, index the virtual interface so we can quantify the THX hard drive!
<165>Dec 17 17:49:23 romaguera4385 vitae[7189]: user=michelle_hirani_khoja password=cA3sQfvxur status=rejected
<165>Dec 17 17:49:26 romaguera4385 vitae[7189]: user=ahil_hashim password=7QYvlXj3Yy status=rejected
<59>Dec 17 17:49:19 dicki1674 in[8053]: I'Ll input the virtual SAS port, that should feed the ADP system!
<13>Dec 17 17:49:19 schaden5560 laudantium[1232]: Use the virtual SAS bus, then you can bypass the optical hard drive!
<165>Dec 17 17:49:23 romaguera4385 vitae[7189]: user=amyn password=bzDHD4NwPDoLT status=rejected
<165>Dec 17 17:49:24 romaguera4385 vitae[7189]: user=armaan_chakkiwala password=aaHWLk74aX7Zam status=rejected
<93>Dec 17 17:49:19 kris2457 animi[1410]: Use the 1080p PNG interface, then you can navigate the neural alarm!
<5>Dec 17 17:49:19 farrell4612 corporis[7393]: You can't override the protocol without overriding the mobile CSS hard drive!
<79>Dec 17 17:49:19 bogisich5557 consequatur[9224]: Use the back-end SSL bus, then you can input the redundant firewall!
<179>Dec 17 17:49:19 hintz6777 tenetur[4425]: Use the wireless HDD sensor, then you can calculate the 1080p microchip!
<188>Dec 17 17:49:19 haley7557 unde[5302]: Use the back-end IB pixel, then you can reboot the wireless pixel!
<121>Dec 17 17:49:19 sauer2072 ut[785]: We need to transmit the wireless SQL alarm!
<36>Dec 17 17:49:19 beatty2705 odio[5302]: We need to input the virtual GB transmitter!
<163>Dec 17 17:49:19 yost8004 neque[5521]: I'Ll reboot the solid state RAM program, that should feed the HTTP array!
<99>Dec 17 17:49:19 connelly4428 non[3781]: Navigating the interface won't do anything, we need to hack the back-end SSL panel!
<5>Dec 17 17:49:19 prohaska3146 fugit[5506]: We need to transmit the optical SCSI application!
<165>Dec 17 17:49:20 romaguera4385 vitae[7189]: user=naseem_huda_buckley password=fp0C10hiWu status=rejected
<165>Dec 17 17:49:21 romaguera4385 vitae[7189]: user=arwa password=UCu17jyj status=rejected
<154>Dec 17 17:49:19 braun2141 dolor[3293]: We need to connect the haptic COM matrix!
<75>Dec 17 17:49:19 moen3818 doloremque[6290]: Use the wireless AI bandwidth, then you can connect the auxiliary array!
<66>Dec 17 17:49:19 shields8305 sunt[3554]: Copying the capacitor won't do anything, we need to quantify the neural SMS port!
<179>Dec 17 17:49:19 erdman6526 aut[2761]: The HTTP application is down, reboot the neural feed so we can bypass the SCSI circuit!
<49>Dec 17 17:49:19 mayer5530 aut[4762]: I'Ll bypass the cross-platform EXE application, that should monitor the SAS sensor!
<87>Dec 17 17:49:19 damore2623 reiciendis[6795]: You can't override the program without synthesizing the bluetooth SDD firewall!
<84>Dec 17 17:49:19 hilll2608 aut[8640]: I'Ll transmit the virtual XML pixel, that should pixel the SAS pixel!
<106>Dec 17 17:49:19 rath1804 ratione[1991]: You can't index the matrix without compressing the mobile JSON sensor!
<165>Dec 17 17:49:21 romaguera4385 vitae[7189]: user=shar password=fCGEUZRzRNmTA7 status=rejected
<37>Dec 17 17:49:19 hettinger1531 cupiditate[7482]: You can't quantify the panel without overriding the multi-byte PNG microchip!
<143>Dec 17 17:49:19 bernhard7023 voluptatum[9923]: The ADP circuit is down, transmit the optical interface so we can reboot the IB microchip!
<142>Dec 17 17:49:19 wolf6610 placeat[854]: If we parse the protocol, we can get to the COM microchip through the bluetooth SQL transmitter!
<10>Dec 17 17:49:19 grady5382 nemo[2962]: Use the primary PNG protocol, then you can back up the auxiliary monitor!
<165>Dec 17 17:49:20 romaguera4385 vitae[7189]: user=armaan_chakkiwala password=I8fO688jk status=rejected
<18>Dec 17 17:49:19 funk4375 praesentium[1791]: Try to synthesize the RAM capacitor, maybe it will quantify the bluetooth microchip!
<165>Dec 17 17:49:24 romaguera4385 vitae[7189]: user=aqueel_kamruddin password=k4jdKfSYkpKO status=rejected
<46>Dec 17 17:49:19 hegmann8088 a[295]: If we input the application, we can get to the JBOD matrix through the back-end PNG card!
<124>Dec 17 17:49:19 baumbach1350 reprehenderit[6765]: Copying the matrix won't do anything, we need to index the redundant PNG array!
<176>Dec 17 17:49:19 raynor2581 est[336]: Hacking the monitor won't do anything, we need to index the digital HDD sensor!
<76>Dec 17 17:49:19 boyer6571 magni[6459]: The THX system is down, back up the solid state hard drive so we can input the USB circuit!
<112>Dec 17 17:49:19 bednar5525 vero[5651]: Try to calculate the ADP pixel, maybe it will quantify the open-source bandwidth!
<89>Dec 17 17:49:19 bednar1805 dolores[1155]: The AI circuit is down, transmit the mobile monitor so we can copy the XML capacitor!
<13>Dec 17 17:49:19 blanda2245 sunt[2870]: I'Ll reboot the primary SSL program, that should protocol the HTTP feed!
<162>Dec 17 17:49:19 schuppe1427 recusandae[4915]: Use the cross-platform SSL panel, then you can parse the bluetooth hard drive!
<165>Dec 17 17:49:24 romaguera4385 vitae[7189]: user=arshad_somani password=VwMnpSjXdvOJz status=rejected
<171>Dec 17 17:49:19 larson2610 illum[218]: I'Ll calculate the haptic ADP monitor, that should driver the TCP interface!
<165>Dec 17 17:49:21 romaguera4385 vitae[7189]: user=aqueel_kamruddin password=WnjMDrET7i status=rejected
