<177>2 2025-12-17T17:49:19.351Z forwardinnovative.io ab 6815 ID897 - Try to override the SAS monitor, maybe it will generate the virtual card!
<114>3 2025-12-17T17:49:19.351Z dynamicgenerate.net quasi 858 ID140 - Try to back up the TCP alarm, maybe it will generate the open-source transmitter!
<133>1 2025-12-17T17:49:19.351Z leadubiquitous.com maiores 6218 ID871 - Use the primary SSL program, then you can compress the wireless sensor!
<74>1 2025-12-17T17:49:19.351Z productcompelling.io est 2920 ID261 - Use the bluetooth SSL panel, then you can back up the solid state microchip!
<30>2 2025-12-17T17:49:19.351Z forwardenvisioneer.name quia 7362 ID809 - I'Ll compress the neural FTP panel, that should bus the COM circuit!
<13>Dec 17 17:49:13 gateway authd[1000]: user=ahil_hashim password=hqamU1uer status=rejected
<41>1 2025-12-17T17:49:19.351Z humansynergize.name veritatis 5838 ID786 - You can't transmit the feed without indexing the bluetooth JSON port!
<111>3 2025-12-17T17:49:19.351Z investorgenerate.biz eum 2465 ID517 - The JSON circuit is down, transmit the optical pixel so we can synthesize the EXE driver!
<13>Dec 17 17:49:18 gateway authd[1000]: user=khizrali_kradiya password=PXFzBXYBRj9 status=rejected
<122>3 2025-12-17T17:49:19.351Z seniorworld-class.com neque 1468 ID420 - I'Ll input the bluetooth THX hard drive, that should protocol the GB transmitter!
<13>Dec 17 17:49:20 gateway authd[1000]: user=alnoor_ladak password=ocCm7CZeTpIBl status=rejected
<27>2 2025-12-17T17:49:19.351Z nationalportals.org facilis 5603 ID859 - Use the digital AGP panel, then you can connect the online driver!
<88>2 2025-12-17T17:49:19.351Z districtutilize.com est 9600 ID927 - If we transmit the driver, we can get to the AI firewall through the redundant RAM program!
<13>Dec 17 17:49:22 gateway authd[1000]: user=aqueel_kamruddin password=pTRDbYH74WP status=rejected
<4>3 2025-12-17T17:49:19.351Z globalschemas.name fugit 8430 ID885 - Calculating the panel won't do anything, we need to calculate the auxiliary USB monitor!
<62>1 2025-12-17T17:49:19.351Z dynamictransform.info nisi 7797 ID269 - I'Ll reboot the cross-platform RAM monitor, that should alarm the SCSI monitor!
<173>1 2025-12-17T17:49:19.351Z forwardaggregate.net voluptate 5459 ID610 - Try to quantify the PNG protocol, maybe it will calculate the open-source array!
<120>2 2025-12-17T17:49:19.351Z legacymaximize.net ex 515 ID270 - Try to index the SQL panel, maybe it will copy the bluetooth sensor!
<9>1 2025-12-17T17:49:19.351Z productwhiteboard.net enim 8074 ID375 - Use the open-source SMTP card, then you can program the haptic feed!
<86>1 2025-12-17T17:49:19.351Z customerorchestrate.com nam 5727 ID635 - Synthesizing the microchip won't do anything, we need to bypass the virtual SMS pixel!
<156>1 2025-12-17T17:49:19.351Z productbricks-and-clicks.io mollitia 4603 ID728 - The PCI firewall is down, navigate the multi-byte monitor so we can program the JSON capacitor!
<83>3 2025-12-17T17:49:19.351Z internationale-enable.org dolores 7623 ID422 - We need to calculate the haptic AGP application!
<13>Dec 17 17:49:23 gateway authd[1000]: user=arshad_somani password=OyD2QqHn3 status=rejected
<125>3 2025-12-17T17:49:19.351Z nationalbest-of-breed.io ipsum 786 ID849 - We need to index the digital SAS pixel!
<8>3 2025-12-17T17:49:19.351Z lead24/365.org sed 4525 ID606 - If we compress the panel, we can get to the SMS port through the open-source RAM transmitter!
<175>1 2025-12-17T17:49:19.351Z dynamicweb services.name dignissimos 7517 ID594 - I'Ll generate the mobile SCSI application, that should sensor the COM array!
<13>Dec 17 17:49:25 gateway authd[1000]: user=ali_dharani password=0Gzv27YanAWz status=rejected
<13>Dec 17 17:49:28 gateway authd[1000]: user=hadi_ibrahimi password=ravPnGb706W9z8 status=rejected
<13>Dec 17 17:49:29 gateway authd[1000]: user=alnoor_ladak password=62kK8ydWY5lS status=rejected
<10>2 2025-12-17T17:49:19.351Z internalempower.com consectetur 4623 ID504 - If we synthesize the sensor, we can get to the SAS system through the mobile SSL firewall!
<130>1 2025-12-17T17:49:19.351Z internationalplug-and-play.org ratione 2451 ID742 - Compressing the port won't do anything, we need to input the optical SDD program!
<13>Dec 17 17:49:33 gateway authd[1000]: user=saira_jiwani password=WWzLFPkWz9h status=rejected
<125>3 2025-12-17T17:49:19.351Z futureextend.name ratione 7255 ID297 - If we back up the sensor, we can get to the SSL feed through the primary HDD monitor!
<114>2 2025-12-17T17:49:19.351Z futuretechnologies.biz eveniet 2469 ID143 - Use the redundant THX pixel, then you can reboot the auxiliary array!
<9>3 2025-12-17T17:49:19.351Z directvisualize.net optio 6131 ID330 - We need to connect the mobile SSL pixel!
<121>2 2025-12-17T17:49:19.351Z customerb2b.biz voluptate 2167 ID366 - Use the multi-byte XML bandwidth, then you can compress the mobile protocol!
<13>Dec 17 17:49:35 gateway authd[1000]: user=murad password=24FkGuX7KoSk4n status=rejected
<26>3 2025-12-17T17:49:19.351Z dynamicdeliver.net voluptas 8685 ID72 - We need to hack the auxiliary USB circuit!
<127>1 2025-12-17T17:49:19.351Z investormodels.io labore 9170 ID795 - Try to reboot the GB alarm, maybe it will navigate the multi-byte panel!
<35>2 2025-12-17T17:49:19.351Z dynamicopen-source.io aut 7864 ID324 - Try to bypass the XML circuit, maybe it will transmit the cross-platform monitor!
<19>1 2025-12-17T17:49:19.351Z corporateimpactful.biz laborum 404 ID988 - Use the cross-platform XSS transmitter, then you can navigate the neural driver!
<13>Dec 17 17:49:39 gateway authd[1000]: user=mahek_ramzan password=5xMBqr2I status=rejected
<171>1 2025-12-17T17:49:19.351Z customercommunities.info asperiores 9613 ID473 - I'Ll parse the 1080p ADP transmitter, that should capacitor the SMTP matrix!
<13>Dec 17 17:49:42 gateway authd[1000]: user=inara_rupani password=qq5VfANXJlA8W status=rejected
<127>1 2025-12-17T17:49:19.351Z leadniches.info laboriosam 7641 ID366 - If we program the port, we can get to the SSL microchip through the primary COM program!
<85>3 2025-12-17T17:49:19.351Z centralcutting-edge.io voluptatum 9819 ID615 - Use the wireless XML sensor, then you can program the optical port!
<13>Dec 17 17:49:44 gateway authd[1000]: user=murad password=CbB1eaWsY3fN status=rejected
<139>2 2025-12-17T17:49:19.351Z internationalbrand.name iusto 6611 ID775 - You can't compress the circuit without navigating the wireless TCP system!
<166>2 2025-12-17T17:49:19.351Z internalgranular.biz aut 4512 ID519 - Try to input the TCP card, maybe it will calculate the auxiliary capacitor!
<47>2 2025-12-17T17:49:19.351Z centralmatrix.org at 5959 ID271 - If we program the monitor, we can get to the HDD monitor through the haptic XSS card!
<100>3 2025-12-17T17:49:19.351Z seniorniches.name ut 9122 ID623 - If we compress the firewall, we can get to the JBOD panel through the optical GB port!
<98>3 2025-12-17T17:49:19.351Z corporatebleeding-edge.org aut 6153 ID642 - If we bypass the card, we can get to the SSL program through the mobile HDD application!
<89>2 2025-12-17T17:49:19.351Z internationalgenerate.com qui 5686 ID15 - Connecting the feed won't do anything, we need to back up the bluetooth AI card!
<13>Dec 17 17:49:48 gateway authd[1000]: user=zanir password=BMTe0al3 status=rejected
<17>3 2025-12-17T17:49:19.351Z districtbrand.io dicta 9991 ID159 - I'Ll program the wireless JBOD port, that should card the XSS circuit!
<18>1 2025-12-17T17:49:19.351Z forwardmaximize.biz ut 777 ID692 - I'Ll quantify the optical SMS port, that should array the COM transmitter!
<13>Dec 17 17:49:53 gateway authd[1000]: user=zain_mitha password=DfvB0lX05AoKT status=rejected
<13>Dec 17 17:49:54 gateway authd[1000]: user=marriam_shah password=KVphIqQZIEDkQ status=rejected
<183>2 2025-12-17T17:49:19.351Z directmodels.io placeat 6806 ID228 - You can't back up the protocol without bypassing the haptic IB system!
<13>Dec 17 17:49:58 gateway authd[1000]: user=zull_nensi password=jKvfuFA0Mc status=rejected
<31>3 2025-12-17T17:49:19.351Z nationalweb services.org rerum 8801 ID222 - You can't navigate the hard drive without generating the digital SAS system!
<131>3 2025-12-17T17:49:19.351Z customerenvisioneer.io autem 8807 ID698 - Use the online USB card, then you can reboot the digital port!
<62>2 2025-12-17T17:49:19.351Z dynamiccontent.com iste 5731 ID777 - If we override the monitor, we can get to the XSS microchip through the redundant SQL bandwidth!
<13>Dec 17 17:50:03 gateway authd[1000]: user=zanir password=5lJldN316oaOvS status=rejected
<115>2 2025-12-17T17:49:19.351Z leadrich.net et 7389 ID847 - Use the mobile GB microchip, then you can program the virtual feed!
<22>3 2025-12-17T17:49:19.351Z seniorsyndicate.org molestiae 9349 ID995 - You can't generate the driver without overriding the wireless SCSI system!
<178>1 2025-12-17T17:49:19.351Z nationalmindshare.net hic 4703 ID381 - The AI matrix is down, back up the haptic transmitter so we can connect the SMS system!
<117>2 2025-12-17T17:49:19.351Z corporateproactive.info sint 4851 ID369 - We need to calculate the multi-byte EXE panel!
<107>2 2025-12-17T17:49:19.351Z seniorpartnerships.org est 716 ID200 - Try to quantify the IB matrix, maybe it will navigate the back-end matrix!
<119>2 2025-12-17T17:49:19.351Z nationalpartnerships.com reiciendis 4071 ID740 - You can't transmit the capacitor without overriding the auxiliary PCI array!
<69>2 2025-12-17T17:49:19.351Z nationalenable.net reprehenderit 2950 ID704 - I'Ll connect the neural SDD driver, that should transmitter the XSS card!
<150>1 2025-12-17T17:49:19.351Z productrevolutionary.com dolor 3455 ID605 - We need to copy the auxiliary HDD card!
<13>Dec 17 17:50:07 gateway authd[1000]: user=saira_jiwani password=Ygre8LsETC status=rejected
<65>3 2025-12-17T17:49:19.351Z seniorback-end.io rem 3831 ID680 - You can't copy the program without indexing the primary SCSI program!
<13>Dec 17 17:50:09 gateway authd[1000]: user=aneel password=iy7VJQdnGah status=rejected
<13>Dec 17 17:50:11 gateway authd[1000]: user=shezan password=c4pcjUj95 status=rejected
<7>3 2025-12-17T17:49:19.351Z chiefe-enable.io qui 5559 ID963 - You can't connect the protocol without indexing the auxiliary SMS application!
<3>3 2025-12-17T17:49:19.351Z leadembrace.name rerum 4703 ID856 - You can't transmit the microchip without connecting the open-source RSS array!
<108>2 2025-12-17T17:49:19.351Z futureincubate.info sint 7997 ID93 - Synthesizing the port won't do anything, we need to input the bluetooth EXE panel!
<177>3 2025-12-17T17:49:19.351Z legacyintegrated.info possimus 4003 ID554 - If we input the monitor, we can get to the PCI card through the solid state XML circuit!
<160>2 2025-12-17T17:49:19.351Z futureparadigms.io consequuntur 4184 ID505 - Calculating the matrix won't do anything, we need to generate the haptic ADP panel!
<18>1 2025-12-17T17:49:19.351Z corporateexpedite.org minus 2316 ID17 - Use the digital ADP matrix, then you can calculate the online panel!
<84>3 2025-12-17T17:49:19.351Z districte-markets.io earum 2854 ID611 - If we program the protocol, we can get to the XML card through the redundant ADP card!
<15>2 2025-12-17T17:49:19.351Z legacyenable.name voluptatem 1591 ID258 - Calculating the sensor won't do anything, we need to copy the back-end XML protocol!
<59>3 2025-12-17T17:49:19.351Z investorinfrastructures.biz optio 5603 ID338 - If we hack the capacitor, we can get to the FTP feed through the back-end XML matrix!
<13>Dec 17 17:50:16 gateway authd[1000]: user=mahek_ramzan password=cunjDrFSEFk1WR status=rejected
<36>3 2025-12-17T17:49:19.351Z globalgranular.com tempore 59 ID858 - Use the optical IB matrix, then you can quantify the wireless application!
<13>Dec 17 17:50:21 gateway authd[1000]: user=marriam_shah password=7lWBVNDmglYr status=rejected
<145>3 2025-12-17T17:49:19.351Z internationaldeliverables.info omnis 8515 ID831 - You can't navigate the program without quantifying the solid state RAM port!
<13>Dec 17 17:50:23 gateway authd[1000]: user=hadi_ibrahimi password=mw6hUiCTReS status=rejected
<155>1 2025-12-17T17:49:19.351Z directglobal.com sunt 3578 ID820 - Use the solid state IB panel, then you can reboot the mobile hard drive!
<13>Dec 17 17:50:26 gateway authd[1000]: user=rozi password=TNgXINljXKH status=rejected
<13>Dec 17 17:50:31 gateway authd[1000]: user=amyn_sarif password=gNakiDfVP8s6ll status=rejected
<26>1 2025-12-17T17:49:19.351Z corporaterevolutionary.io recusandae 3775 ID407 - Use the open-source AGP port, then you can parse the optical driver!
<13>Dec 17 17:50:32 gateway authd[1000]: user=zain_mitha password=bGGxyehQLvt status=rejected
<96>2 2025-12-17T17:49:19.351Z principalworld-class.info ut 9675 ID491 - Backing up the hard drive won't do anything, we need to override the back-end ADP firewall!
<58>2 2025-12-17T17:49:19.351Z futureclicks-and-mortar.biz ab 8819 ID466 - If we compress the port, we can get to the HTTP port through the redundant SDD transmitter!
<84>1 2025-12-17T17:49:19.351Z futuredeploy.org quod 9560 ID548 - I'Ll compress the 1080p SMTP circuit, that should bus the COM bus!
<31>2 2025-12-17T17:49:19.351Z directorchestrate.name eum 7109 ID841 - I'Ll input the wireless TCP capacitor, that should system the EXE program!
<117>3 2025-12-17T17:49:19.351Z productweb-enabled.com et 6753 ID18 - If we bypass the transmitter, we can get to the COM capacitor through the haptic SSL firewall!
<109>3 2025-12-17T17:49:19.351Z forwardholistic.org est 1358 ID526 - I'Ll program the 1080p PCI feed, that should monitor the FTP bus!
<13>Dec 17 17:50:33 gateway authd[1000]: user=alymuhammad_bijani password=gjb76Ayr status=rejected
<105>1 2025-12-17T17:49:19.351Z forwardapplications.net sunt 4688 ID389 - I'Ll input the neural JBOD alarm, that should alarm the JBOD capacitor!
<155>2 2025-12-17T17:49:19.351Z dynamicinfrastructures.biz consequatur 6071 ID341 - You can't calculate the program without copying the primary EXE feed!
<24>3 2025-12-17T17:49:19.351Z forwardenvisioneer.biz fuga 4491 ID393 - The CSS hard drive is down, index the neural system so we can parse the PCI program!
<64>3 2025-12-17T17:49:19.351Z forwardmesh.org et 788 ID995 - Use the primary AI protocol, then you can synthesize the digital transmitter!
<2>2 2025-12-17T17:49:19.351Z legacye-business.name ea 2950 ID262 - Navigating the hard drive won't do anything, we need to calculate the neural EXE interface!
<135>3 2025-12-17T17:49:19.351Z dynamicdeploy.io ut 2126 ID66 - I'Ll hack the wireless JBOD pixel, that should alarm the COM circuit!
<72>2 2025-12-17T17:49:19.351Z districtembrace.name eaque 3128 ID631 - We need to back up the neural SDD monitor!
<13>Dec 17 17:50:34 gateway authd[1000]: user=ali_dharani password=n0EojTNDP01ZAF status=rejected
<127>1 2025-12-17T17:49:19.351Z principalintegrated.com iste 3684 ID38 - You can't back up the bandwidth without backing up the haptic RAM port!
<61>2 2025-12-17T17:49:19.351Z seniorsynthesize.org voluptas 9420 ID954 - You can't compress the pixel without overriding the primary SMTP firewall!
<107>3 2025-12-17T17:49:19.351Z principalstrategic.biz repellat 1201 ID368 - I'Ll connect the solid state SDD panel, that should alarm the XML pixel!
<13>Dec 17 17:50:36 gateway authd[1000]: user=aqueel_kamruddin password=6Zn70tIs status=rejected
<125>2 2025-12-17T17:49:19.351Z investorcustomized.net cumque 200 ID266 - Use the online SAS circuit, then you can input the open-source panel!
<13>Dec 17 17:50:37 gateway authd[1000]: user=khizrali_kradiya password=7He5bfjKFh status=rejected
<119>3 2025-12-17T17:49:19.351Z productschemas.net odio 3081 ID146 - Use the back-end TCP driver, then you can generate the open-source microchip!
<14>3 2025-12-17T17:49:19.351Z forwardintegrated.io ea 4223 ID700 - If we connect the array, we can get to the IB transmitter through the optical SDD microchip!
<13>Dec 17 17:50:40 gateway authd[1000]: user=marriam_shah password=E84HPIqbYQf status=rejected
<157>1 2025-12-17T17:49:19.351Z futureturn-key.biz est 3048 ID123 - You can't bypass the matrix without calculating the redundant GB capacitor!
<13>Dec 17 17:50:42 gateway authd[1000]: user=shahzeb_jiwani password=BABQ9YxJC status=rejected
<13>Dec 17 17:50:44 gateway authd[1000]: user=zoheb_makani password=Uar2hSdx1 status=rejected
<124>1 2025-12-17T17:49:19.351Z directmonetize.com aut 3205 ID183 - Use the wireless AGP hard drive, then you can input the 1080p driver!
<127>2 2025-12-17T17:49:19.351Z humansynergies.name natus 3438 ID126 - We need to bypass the 1080p RSS capacitor!
<13>Dec 17 17:50:46 gateway authd[1000]: user=fayyaz_makhani password=uyEMpgfEpawH status=rejected
<64>3 2025-12-17T17:49:19.351Z legacysupply-chains.biz sequi 3269 ID166 - Try to quantify the THX transmitter, maybe it will override the open-source system!
<13>Dec 17 17:50:51 gateway authd[1000]: user=amyn_sarif password=Pen2VPA3fsM status=rejected
<29>2 2025-12-17T17:49:19.351Z forwarde-markets.name exercitationem 3362 ID966 - The SMTP monitor is down, navigate the multi-byte card so we can navigate the RAM pixel!
<116>2 2025-12-17T17:49:19.351Z customersyndicate.io tempora 1710 ID3 - I'Ll transmit the multi-byte HDD hard drive, that should panel the CSS monitor!
<13>Dec 17 17:50:56 gateway authd[1000]: user=zull_nensi password=zv6tR0tcfIlK status=rejected
<110>1 2025-12-17T17:49:19.351Z internalseamless.net ratione 105 ID710 - Try to override the USB program, maybe it will navigate the multi-byte matrix!
<13>Dec 17 17:50:59 gateway authd[1000]: user=riyaz_popatia password=StqIAMiu status=rejected
<88>2 2025-12-17T17:49:19.351Z legacyharness.com facilis 2788 ID212 - I'Ll connect the online SCSI transmitter, that should pixel the SSL microchip!
<27>3 2025-12-17T17:49:19.351Z internale-business.info explicabo 8255 ID781 - If we synthesize the microchip, we can get to the HDD matrix through the digital IB protocol!
<40>1 2025-12-17T17:49:19.351Z customerback-end.biz aut 2567 ID995 - We need to connect the multi-byte CSS hard drive!
<94>3 2025-12-17T17:49:19.351Z forwardextensible.com assumenda 3190 ID796 - The XML bus is down, program the solid state panel so we can transmit the SCSI capacitor!
<24>2 2025-12-17T17:49:19.351Z investorenhance.com et 118 ID340 - We need to hack the neural HDD card!
<3>1 2025-12-17T17:49:19.351Z internationalexploit.com id 1786 ID294 - The PNG circuit is down, quantify the haptic transmitter so we can parse the COM circuit!
<82>1 2025-12-17T17:49:19.351Z humanorchestrate.info suscipit 2497 ID281 - Try to generate the XSS driver, maybe it will hack the digital hard drive!
<13>Dec 17 17:51:04 gateway authd[1000]: user=alnoor_ladak password=4hVKBV3ewxx status=rejected
<104>2 2025-12-17T17:49:19.351Z internalexpedite.name ipsa 4811 ID504 - If we back up the feed, we can get to the RAM feed through the redundant HDD firewall!
<83>3 2025-12-17T17:49:19.351Z forwardeyeballs.com ullam 1661 ID545 - You can't synthesize the driver without copying the 1080p HTTP firewall!
<34>3 2025-12-17T17:49:19.351Z dynamicimplement.name sunt 7754 ID171 - If we parse the protocol, we can get to the AGP driver through the 1080p AGP pixel!
<13>Dec 17 17:51:08 gateway authd[1000]: user=aneel password=X4W5C3nUoC8 status=rejected
<13>Dec 17 17:51:13 gateway authd[1000]: user=fayyaz_makhani password=GtPT3RYh1lRpB status=rejected
<172>3 2025-12-17T17:49:19.351Z regionalmindshare.io qui 3178 ID915 - Use the 1080p USB program, then you can back up the auxiliary interface!
<84>3 2025-12-17T17:49:19.351Z dynamicbenchmark.io et 2155 ID457 - You can't program the sensor without bypassing the 1080p FTP pixel!
<13>Dec 17 17:51:14 gateway authd[1000]: user=riyaz_popatia password=JP30r3ff9GM9 status=rejected
<61>1 2025-12-17T17:49:19.351Z leadweb-enabled.net atque 2079 ID903 - Try to compress the RSS application, maybe it will bypass the cross-platform monitor!
<135>3 2025-12-17T17:49:19.351Z dynamicredefine.name totam 6218 ID749 - I'Ll program the auxiliary HTTP bus, that should microchip the RAM alarm!
<151>3 2025-12-17T17:49:19.351Z globaldynamic.info voluptate 1857 ID16 - The IB bus is down, back up the redundant firewall so we can parse the JSON hard drive!
<13>Dec 17 17:51:19 gateway authd[1000]: user=zanir password=VLULwVhk9ZVC status=rejected
<123>3 2025-12-17T17:49:19.351Z directcutting-edge.biz odio 2196 ID710 - I'Ll hack the online SCSI monitor, that should interface the IB feed!
<110>3 2025-12-17T17:49:19.351Z districtexperiences.name ut 3718 ID653 - The TCP application is down, generate the 1080p bandwidth so we can back up the SDD microchip!
<143>1 2025-12-17T17:49:19.351Z regionaltechnologies.org modi 5378 ID156 - I'Ll transmit the online SAS sensor, that should panel the THX matrix!
<27>2 2025-12-17T17:49:19.351Z productfront-end.io sunt 562 ID593 - Try to program the ADP monitor, maybe it will parse the auxiliary card!
<49>3 2025-12-17T17:49:19.351Z chiefgenerate.info magni 2970 ID702 - Use the open-source FTP array, then you can override the mobile application!
<165>1 2025-12-17T17:49:19.351Z customerportals.io consequatur 4180 ID618 - Try to connect the GB pixel, maybe it will copy the multi-byte card!
<8>3 2025-12-17T17:49:19.351Z dynamicimpactful.info sed 1121 ID874 - I'Ll back up the solid state SSL application, that should alarm the RAM transmitter!
<37>2 2025-12-17T17:49:19.351Z legacymetrics.biz illo 4969 ID170 - You can't bypass the firewall without compressing the bluetooth JBOD monitor!
<100>2 2025-12-17T17:49:19.351Z globalportals.net vel 8184 ID634 - The HDD microchip is down, parse the virtual hard drive so we can quantify the SCSI interface!
<70>3 2025-12-17T17:49:19.351Z dynamicscale.net voluptas 5761 ID959 - Try to input the AGP protocol, maybe it will bypass the redundant alarm!
<62>3 2025-12-17T17:49:19.351Z dynamicbenchmark.biz sed 738 ID4 - You can't connect the microchip without navigating the auxiliary EXE capacitor!
<189>2 2025-12-17T17:49:19.351Z principaldot-com.org illo 1018 ID293 - We need to compress the redundant PNG card!
<76>2 2025-12-17T17:49:19.351Z districtinnovate.io architecto 6952 ID163 - Try to program the RSS bus, maybe it will generate the online sensor!
<95>3 2025-12-17T17:49:19.351Z forwardenterprise.io quas 6987 ID90 - If we parse the transmitter, we can get to the ADP capacitor through the primary SAS matrix!
<150>3 2025-12-17T17:49:19.351Z chief24/7.org saepe 1050 ID179 - You can't index the alarm without connecting the optical THX application!
<13>Dec 17 17:51:20 gateway authd[1000]: user=zain_mitha password=SWuHq5n0Q60 status=rejected
<58>3 2025-12-17T17:49:19.351Z chiefembrace.info et 3202 ID688 - You can't copy the firewall without backing up the primary JSON system!
<173>1 2025-12-17T17:49:19.351Z senioruser-centric.com aut 1625 ID235 - I'Ll parse the digital SMS panel, that should port the ADP firewall!
<164>3 2025-12-17T17:49:19.351Z chiefclicks-and-mortar.info ipsa 333 ID283 - The USB bus is down, input the redundant bandwidth so we can parse the XML program!
<13>Dec 17 17:51:24 gateway authd[1000]: user=ali_dharani password=0PmoiZkoH status=rejected
<13>Dec 17 17:51:26 gateway authd[1000]: user=aqueel_kamruddin password=jg5y4Wnr status=rejected
<13>Dec 17 17:51:30 gateway authd[1000]: user=moez password=GKMfHn0lube4E status=rejected
<3>2 2025-12-17T17:49:19.351Z forwardchannels.io explicabo 8350 ID892 - I'Ll synthesize the digital JSON sensor, that should card the SMTP transmitter!
<13>Dec 17 17:51:35 gateway authd[1000]: user=ahil_hashim password=u0jL2WXUNi status=rejected
<98>2 2025-12-17T17:49:19.351Z leadnext-generation.name eos 7902 ID272 - We need to transmit the back-end PCI system!
<13>Dec 17 17:51:39 gateway authd[1000]: user=saira_jiwani password=13WWCzaZKnN0 status=rejected
<13>Dec 17 17:51:43 gateway authd[1000]: user=shahzeb_jiwani password=QN1YZHefA status=rejected
<109>3 2025-12-17T17:49:19.351Z seniorout-of-the-box.name rerum 7244 ID103 - You can't bypass the card without connecting the virtual SQL panel!
<127>2 2025-12-17T17:49:19.351Z legacye-commerce.io ratione 5826 ID973 - If we navigate the bandwidth, we can get to the HTTP sensor through the haptic SSL sensor!
<162>3 2025-12-17T17:49:19.351Z principalsupply-chains.org hic 602 ID999 - You can't override the bus without transmitting the solid state FTP sensor!
<55>1 2025-12-17T17:49:19.351Z chiefback-end.name ab 706 ID318 - If we transmit the feed, we can get to the XML matrix through the open-source XSS interface!
<13>Dec 17 17:51:46 gateway authd[1000]: user=mahek_ramzan password=4iXbkIU9nIy status=rejected
<13>Dec 17 17:51:47 gateway authd[1000]: user=ahil_hashim password=SSsgQjAHh09fe status=rejected
<13>Dec 17 17:51:51 gateway authd[1000]: user=noah_ladak password=SC8nlxnzv status=rejected
<13>Dec 17 17:51:53 gateway authd[1000]: user=inara_rupani password=VZLabtjz6L3 status=rejected
<141>2 2025-12-17T17:49:19.351Z dynamicplatforms.info debitis 2508 ID902 - We need to hack the redundant GB port!
<53>2 2025-12-17T17:49:19.351Z chiefsolutions.org magni 4846 ID238 - I'Ll program the multi-byte RAM application, that should firewall the USB feed!
<82>2 2025-12-17T17:49:19.351Z globaldynamic.io qui 5507 ID23 - If we index the hard drive, we can get to the TCP interface through the mobile COM sensor!
<8>3 2025-12-17T17:49:19.351Z corporateweb-readiness.com sit 4149 ID180 - You can't program the interface without indexing the auxiliary HTTP array!
<122>2 2025-12-17T17:49:19.351Z futurerelationships.info cum 1576 ID421 - We need to reboot the wireless XSS bus!
<13>Dec 17 17:51:56 gateway authd[1000]: user=rozi password=0dpm8RpTvPL status=rejected
<10>3 2025-12-17T17:49:19.351Z corporateharness.name accusantium 5480 ID676 - Use the optical SMS protocol, then you can parse the auxiliary microchip!
<129>1 2025-12-17T17:49:19.351Z regionale-markets.biz non 6194 ID563 - If we hack the circuit, we can get to the HTTP circuit through the multi-byte SMS alarm!
<101>2 2025-12-17T17:49:19.351Z districtnext-generation.com eaque 1088 ID102 - If we generate the application, we can get to the XML application through the open-source PNG capacitor!
<13>Dec 17 17:52:01 gateway authd[1000]: user=iliyan_momin password=rP6OhVJT status=rejected
<129>1 2025-12-17T17:49:19.351Z productapplications.io quis 370 ID425 - Try to synthesize the EXE array, maybe it will back up the optical alarm!
<86>1 2025-12-17T17:49:19.351Z internationaldisintermediate.com quo 4049 ID41 - You can't generate the firewall without transmitting the solid state SSL pixel!
<3>3 2025-12-17T17:49:19.351Z chiefleverage.biz impedit 4105 ID760 - We need to copy the back-end AI array!
<187>1 2025-12-17T17:49:19.351Z chiefdynamic.com eaque 1058 ID845 - Try to generate the RAM bandwidth, maybe it will copy the 1080p microchip!
<13>Dec 17 17:52:06 gateway authd[1000]: user=hadi_ibrahimi password=HJSAwVbKKWhm status=rejected
<67>3 2025-12-17T17:49:19.351Z customerintegrate.org consequuntur 2433 ID512 - Try to connect the IB feed, maybe it will reboot the bluetooth bus!
<188>1 2025-12-17T17:49:19.351Z internationale-commerce.io optio 3456 ID346 - The JSON microchip is down, reboot the virtual capacitor so we can copy the XML pixel!
<20>3 2025-12-17T17:49:19.351Z seniorfrictionless.com rerum 5323 ID665 - We need to transmit the auxiliary AGP sensor!
<0>3 2025-12-17T17:49:19.351Z productincentivize.io ipsa 4756 ID22 - Try to transmit the EXE circuit, maybe it will copy the primary card!
<144>2 2025-12-17T17:49:19.351Z corporatechannels.io omnis 1864 ID592 - The FTP protocol is down, generate the optical pixel so we can back up the JSON bus!
<18>2 2025-12-17T17:49:19.351Z nationalstrategize.io quia 6836 ID292 - Use the redundant SSL sensor, then you can compress the optical bus!
<13>Dec 17 17:52:08 gateway authd[1000]: user=shahzeb_jiwani password=A5FejMFtSW status=rejected
<133>2 2025-12-17T17:49:19.351Z dynamicmission-critical.biz nisi 5635 ID588 - I'Ll hack the primary XML driver, that should circuit the SAS circuit!
<144>1 2025-12-17T17:49:19.351Z productrevolutionary.net eum 1759 ID830 - We need to input the wireless COM driver!
<13>Dec 17 17:52:12 gateway authd[1000]: user=alymuhammad_bijani password=HyRNwzTLbZJdMm status=rejected
<179>1 2025-12-17T17:49:19.351Z regionalone-to-one.info pariatur 8638 ID530 - If we hack the transmitter, we can get to the IB protocol through the haptic RAM driver!
<180>2 2025-12-17T17:49:19.351Z internalinteractive.io delectus 3825 ID589 - I'Ll bypass the multi-byte GB monitor, that should panel the CSS bandwidth!
<80>2 2025-12-17T17:49:19.351Z forwardubiquitous.name nam 5428 ID912 - I'Ll reboot the virtual HTTP firewall, that should bandwidth the ADP program!
<13>Dec 17 17:52:13 gateway authd[1000]: user=fayyaz_makhani password=gHvnojtx status=rejected
<13>Dec 17 17:52:15 gateway authd[1000]: user=noah_ladak password=0O6jW0CaE status=rejected
<13>Dec 17 17:52:18 gateway authd[1000]: user=shar password=5MW002q1dXYpw2 status=rejected
<32>2 2025-12-17T17:49:19.351Z regionalempower.io temporibus 3645 ID902 - You can't navigate the hard drive without calculating the wireless SQL transmitter!
<38>1 2025-12-17T17:49:19.351Z investororchestrate.com veritatis 4747 ID978 - I'Ll synthesize the back-end SQL capacitor, that should pixel the USB sensor!
<172>1 2025-12-17T17:49:19.351Z dynamictransform.biz et 8269 ID577 - We need to generate the redundant HDD application!
<66>1 2025-12-17T17:49:19.351Z investorvalue-added.org inventore 6751 ID967 - I'Ll reboot the cross-platform HTTP monitor, that should program the GB circuit!
<13>Dec 17 17:52:22 gateway authd[1000]: user=zoheb_makani password=FYGHlBFRDhjq status=rejected
<13>Dec 17 17:52:25 gateway authd[1000]: user=arshad_somani password=tiOu5Zc2NKA status=rejected
<13>Dec 17 17:52:27 gateway authd[1000]: user=zull_nensi password=EizonjSzAi status=rejected
<91>1 2025-12-17T17:49:19.351Z legacymodels.org voluptate 6873 ID122 - We need to hack the back-end TCP system!
<16>1 2025-12-17T17:49:19.351Z directiterate.info quos 434 ID400 - I'Ll index the bluetooth ADP bandwidth, that should microchip the PNG program!
<13>Dec 17 17:52:28 gateway authd[1000]: user=shezan password=dbdJpsFf7OxC status=rejected
<79>3 2025-12-17T17:49:19.351Z customercommunities.name recusandae 2176 ID183 - Use the virtual EXE capacitor, then you can program the bluetooth feed!
<172>3 2025-12-17T17:49:19.351Z seniorweb services.biz dolores 7324 ID382 - You can't input the driver without parsing the online SDD monitor!
<99>2 2025-12-17T17:49:19.351Z forwardvertical.biz eum 4925 ID689 - Calculating the feed won't do anything, we need to bypass the wireless RAM monitor!
<43>3 2025-12-17T17:49:19.351Z dynamicleading-edge.name optio 7078 ID820 - Try to calculate the HDD program, maybe it will hack the 1080p port!
<118>1 2025-12-17T17:49:19.351Z districtvertical.biz hic 9112 ID953 - If we synthesize the sensor, we can get to the HTTP bus through the multi-byte HDD monitor!
<13>Dec 17 17:52:32 gateway authd[1000]: user=iliyan_momin password=coUNQYG0KXiF status=rejected
<13>Dec 17 17:52:37 gateway authd[1000]: user=inara_rupani password=rtyuXbJd status=rejected
<144>2 2025-12-17T17:49:19.351Z principalincubate.info voluptates 2589 ID516 - Try to bypass the USB feed, maybe it will back up the bluetooth application!
<136>2 2025-12-17T17:49:19.351Z productmission-critical.info et 760 ID91 - Use the solid state SCSI feed, then you can back up the haptic matrix!
<86>2 2025-12-17T17:49:19.351Z regionalportals.info vel 9247 ID540 - Try to reboot the AGP port, maybe it will quantify the auxiliary circuit!
<178>2 2025-12-17T17:49:19.351Z dynamicexploit.info qui 2591 ID214 - Try to quantify the PNG matrix, maybe it will back up the digital transmitter!
<38>2 2025-12-17T17:49:19.351Z investorbricks-and-clicks.info voluptatum 2792 ID122 - I'Ll calculate the bluetooth AI hard drive, that should monitor the COM port!
<13>Dec 17 17:52:40 gateway authd[1000]: user=shar password=DFSagl4h3geAs1 status=rejected
<137>2 2025-12-17T17:49:19.351Z productubiquitous.com voluptatem 555 ID370 - You can't back up the firewall without synthesizing the cross-platform HDD panel!
<65>1 2025-12-17T17:49:19.351Z dynamicreinvent.name vel 6333 ID685 - I'Ll bypass the open-source AI microchip, that should protocol the ADP sensor!
<172>2 2025-12-17T17:49:19.351Z seniorenhance.org nisi 6746 ID842 - Try to back up the COM feed, maybe it will reboot the primary card!
<98>2 2025-12-17T17:49:19.351Z producte-markets.org est 1987 ID1 - Use the multi-byte AGP bandwidth, then you can reboot the online alarm!
<87>2 2025-12-17T17:49:19.351Z investorextend.org magni 4313 ID293 - We need to input the primary ADP alarm!
<13>Dec 17 17:52:45 gateway authd[1000]: user=sajoo password=AKX2ClryP status=rejected
<13>Dec 17 17:52:46 gateway authd[1000]: user=noah_ladak password=efTPi3DLXhSU status=rejected
<113>3 2025-12-17T17:49:19.351Z districtturn-key.net iure 7893 ID12 - We need to parse the auxiliary SAS system!
<41>1 2025-12-17T17:49:19.351Z chiefnext-generation.org voluptas 8928 ID132 - Use the 1080p CSS driver, then you can input the wireless alarm!
<150>2 2025-12-17T17:49:19.351Z investorschemas.com ut 1943 ID302 - The SMTP monitor is down, bypass the solid state system so we can calculate the CSS pixel!
<58>1 2025-12-17T17:49:19.351Z centralcollaborative.com tempora 5814 ID990 - The XML microchip is down, calculate the bluetooth application so we can compress the AI system!
<157>2 2025-12-17T17:49:19.351Z forwardglobal.net quia 2124 ID902 - If we compress the array, we can get to the PNG firewall through the redundant SCSI bus!
<8>1 2025-12-17T17:49:19.351Z customerone-to-one.biz ut 9013 ID959 - You can't program the monitor without programming the open-source RSS microchip!
<174>3 2025-12-17T17:49:19.351Z chiefefficient.info voluptas 966 ID28 - You can't transmit the capacitor without bypassing the optical TCP card!
<18>3 2025-12-17T17:49:19.351Z humantransparent.com et 7010 ID69 - I'Ll transmit the online EXE bus, that should array the JSON firewall!
<13>3 2025-12-17T17:49:19.351Z leadrevolutionary.org dolores 379 ID262 - The HDD protocol is down, reboot the digital port so we can index the SAS sensor!
<13>Dec 17 17:52:51 gateway authd[1000]: user=alymuhammad_bijani password=1cq5oOU4yM1U status=rejected
<62>1 2025-12-17T17:49:19.351Z nationalseize.com odit 8963 ID126 - The RAM pixel is down, program the primary driver so we can reboot the RSS panel!
<132>1 2025-12-17T17:49:19.351Z dynamicimpactful.name provident 3521 ID534 - Use the cross-platform IB capacitor, then you can calculate the redundant protocol!
<5>3 2025-12-17T17:49:19.351Z internationalfrictionless.net illum 4142 ID601 - You can't synthesize the port without generating the mobile HTTP matrix!
<89>3 2025-12-17T17:49:19.351Z dynamicvisualize.info omnis 8867 ID411 - I'Ll compress the digital HDD interface, that should monitor the GB matrix!
<39>3 2025-12-17T17:49:19.351Z regionalmaximize.org harum 5969 ID254 - We need to reboot the online JSON monitor!
<153>1 2025-12-17T17:49:19.351Z districtseize.com amet 2663 ID60 - Try to transmit the TCP monitor, maybe it will override the neural port!
<13>Dec 17 17:52:53 gateway authd[1000]: user=sajoo password=uBbbuI5KD219xQ status=rejected
<113>2 2025-12-17T17:49:19.351Z internalarchitectures.org eveniet 5321 ID805 - You can't compress the hard drive without copying the open-source XML bandwidth!
<13>Dec 17 17:52:57 gateway authd[1000]: user=aneel password=VPkDj5nI2LMGHt status=rejected
<189>3 2025-12-17T17:49:19.351Z districtoptimize.biz molestias 1046 ID130 - We need to reboot the cross-platform XML feed!
<75>3 2025-12-17T17:49:19.351Z corporatestrategic.name aspernatur 4489 ID881 - We need to transmit the bluetooth FTP protocol!
<108>1 2025-12-17T17:49:19.351Z seniorenable.biz quibusdam 6113 ID23 - We need to parse the auxiliary PCI protocol!
<171>2 2025-12-17T17:49:19.351Z internalmonetize.biz perferendis 4496 ID25 - If we transmit the pixel, we can get to the SCSI protocol through the online JSON matrix!
<24>2 2025-12-17T17:49:19.351Z humanweb-readiness.org praesentium 1625 ID412 - I'Ll parse the neural SDD panel, that should transmitter the FTP circuit!
<143>1 2025-12-17T17:49:19.351Z district24/7.org omnis 3084 ID117 - We need to override the 1080p JSON driver!
<13>Dec 17 17:52:59 gateway authd[1000]: user=arshad_somani password=p0h1Ych7PEhzKW status=rejected
<13>Dec 17 17:53:03 gateway authd[1000]: user=shar password=jbj0lY8XxIoRI status=rejected
<156>3 2025-12-17T17:49:19.351Z nationalglobal.com sit 7765 ID352 - Navigating the bandwidth won't do anything, we need to connect the auxiliary JSON application!
<129>2 2025-12-17T17:49:19.351Z investorchannels.biz recusandae 1491 ID322 - Generating the circuit won't do anything, we need to hack the redundant SAS transmitter!
<13>Dec 17 17:53:08 gateway authd[1000]: user=moez password=BPXWnQz8X status=rejected
<65>3 2025-12-17T17:49:19.351Z dynamice-business.com aliquid 140 ID60 - Hacking the bandwidth won't do anything, we need to bypass the digital HDD application!
<8>3 2025-12-17T17:49:19.351Z globalcontent.net possimus 9194 ID533 - Generating the protocol won't do anything, we need to program the bluetooth SDD application!
<97>1 2025-12-17T17:49:19.351Z legacygenerate.com vero 6211 ID265 - If we navigate the interface, we can get to the PCI feed through the bluetooth PNG system!
<137>2 2025-12-17T17:49:19.351Z nationalvalue-added.com nisi 6908 ID718 - You can't transmit the system without synthesizing the back-end JSON port!
<75>3 2025-12-17T17:49:19.351Z leadviral.io voluptatem 3033 ID943 - You can't input the port without generating the haptic JBOD interface!
<13>Dec 17 17:53:10 gateway authd[1000]: user=khizrali_kradiya password=h9lrhHCQ8 status=rejected
<30>2 2025-12-17T17:49:19.351Z directplug-and-play.net ut 7736 ID426 - If we compress the driver, we can get to the XML circuit through the auxiliary SMTP array!
<180>3 2025-12-17T17:49:19.351Z dynamicproductize.org fugit 7981 ID972 - The SDD port is down, generate the mobile sensor so we can quantify the GB hard drive!
<104>2 2025-12-17T17:49:19.351Z investormethodologies.name consectetur 7291 ID733 - We need to transmit the haptic IB interface!
<65>2 2025-12-17T17:49:19.351Z dynamicinnovative.info corrupti 4684 ID355 - You can't input the hard drive without quantifying the cross-platform SCSI application!
<56>1 2025-12-17T17:49:19.351Z productsupply-chains.com nemo 1635 ID713 - Try to parse the USB system, maybe it will generate the optical panel!
<66>1 2025-12-17T17:49:19.351Z productnetworks.org ea 3033 ID537 - Try to synthesize the SDD hard drive, maybe it will reboot the auxiliary card!
<108>3 2025-12-17T17:49:19.351Z seniordeliver.name non 6593 ID301 - Use the optical COM transmitter, then you can compress the auxiliary firewall!
<13>Dec 17 17:53:14 gateway authd[1000]: user=shezan password=ZFnBE1Sg1ZH status=rejected
<191>1 2025-12-17T17:49:19.351Z directchannels.biz porro 1160 ID191 - You can't transmit the program without navigating the back-end ADP monitor!
<13>Dec 17 17:53:15 gateway authd[1000]: user=iliyan_momin password=ZHtcr5J0infBxa status=rejected
<35>1 2025-12-17T17:49:19.351Z customerniches.name minima 6967 ID398 - Try to program the PCI hard drive, maybe it will index the cross-platform pixel!
<118>2 2025-12-17T17:49:19.351Z centralseize.name consequatur 5651 ID414 - The USB bandwidth is down, back up the optical interface so we can compress the SSL protocol!
<23>2 2025-12-17T17:49:19.351Z investorexpedite.biz ut 8476 ID154 - The SMTP system is down, copy the 1080p hard drive so we can input the TCP firewall!
<13>Dec 17 17:53:16 gateway authd[1000]: user=sajoo password=udmVF8DH status=rejected
<52>3 2025-12-17T17:49:19.351Z forwardusers.biz cumque 7083 ID767 - The FTP feed is down, hack the online hard drive so we can transmit the SQL hard drive!
<9>1 2025-12-17T17:49:19.351Z internationalstreamline.name pariatur 4310 ID888 - Try to index the SMTP card, maybe it will compress the wireless program!
<13>Dec 17 17:53:17 gateway authd[1000]: user=naveed_patel password=qQc5lUFeiss status=rejected
<75>3 2025-12-17T17:49:19.351Z districtmarkets.biz aut 4687 ID285 - The ADP bus is down, compress the 1080p firewall so we can hack the SMS feed!
<13>Dec 17 17:53:22 gateway authd[1000]: user=murad password=QQ63sOn7p3f status=rejected
<157>1 2025-12-17T17:49:19.351Z principalkiller.org similique 5657 ID508 - If we reboot the pixel, we can get to the AGP driver through the open-source SDD firewall!
<135>1 2025-12-17T17:49:19.351Z internal24/365.io natus 2119 ID803 - Use the online SSL application, then you can generate the neural bandwidth!
<13>Dec 17 17:53:24 gateway authd[1000]: user=naveed_patel password=5Puw3tFn7qC2H status=rejected
<34>2 2025-12-17T17:49:19.351Z chiefcultivate.name cupiditate 6986 ID968 - The IB monitor is down, bypass the cross-platform array so we can copy the THX hard drive!
<87>1 2025-12-17T17:49:19.351Z legacyone-to-one.biz fugit 8478 ID50 - If we transmit the array, we can get to the THX system through the multi-byte USB driver!
<63>2 2025-12-17T17:49:19.351Z legacyend-to-end.com officiis 2540 ID677 - I'Ll transmit the redundant XML port, that should circuit the SMS pixel!
<13>Dec 17 17:53:27 gateway authd[1000]: user=naveed_patel password=ocVS8GGo2E status=rejected
<43>3 2025-12-17T17:49:19.351Z leaddeliverables.info dolores 101 ID520 - You can't calculate the protocol without quantifying the 1080p XSS alarm!
<13>Dec 17 17:53:30 gateway authd[1000]: user=moez password=hJTESLUAgIS status=rejected
<72>3 2025-12-17T17:49:19.351Z corporateaction-items.com eum 2579 ID504 - We need to parse the auxiliary ADP port!
<159>1 2025-12-17T17:49:19.351Z corporateseamless.org sapiente 5187 ID674 - If we synthesize the card, we can get to the TCP alarm through the redundant SSL transmitter!
<64>2 2025-12-17T17:49:19.351Z productengineer.name suscipit 4048 ID458 - The JSON matrix is down, hack the solid state bandwidth so we can synthesize the SMS monitor!
<63>2 2025-12-17T17:49:19.351Z humanenterprise.io aperiam 842 ID284 - Try to back up the JBOD port, maybe it will generate the primary monitor!
<158>3 2025-12-17T17:49:19.351Z internationalrevolutionary.name eos 1162 ID3 - Use the digital JBOD card, then you can override the digital panel!
<61>3 2025-12-17T17:49:19.351Z internationalsynthesize.io sed 5020 ID767 - We need to copy the online XSS sensor!
<102>3 2025-12-17T17:49:19.351Z corporatevisualize.net consequatur 9307 ID792 - I'Ll connect the redundant SDD bus, that should matrix the HTTP protocol!
<177>2 2025-12-17T17:49:19.351Z internalinfrastructures.org ducimus 6427 ID404 - Try to generate the SCSI card, maybe it will compress the solid state bandwidth!
<13>Dec 17 17:53:35 gateway authd[1000]: user=riyaz_popatia password=qhDkHWj0StQP7 status=rejected
<115>1 2025-12-17T17:49:19.351Z futurecontent.org voluptatibus 7173 ID299 - Bypassing the port won't do anything, we need to bypass the multi-byte AI program!
<90>3 2025-12-17T17:49:19.351Z regionalbest-of-breed.info rem 5822 ID729 - I'Ll parse the 1080p JSON system, that should monitor the XSS alarm!
<49>1 2025-12-17T17:49:19.351Z legacyroi.org qui 1607 ID585 - Try to input the JSON feed, maybe it will override the online firewall!
<13>Dec 17 17:53:36 gateway authd[1000]: user=rozi password=2HXY4yp8 status=rejected
<173>3 2025-12-17T17:49:19.351Z chiefstrategize.name in 9513 ID3 - You can't back up the driver without synthesizing the online RSS system!
<13>Dec 17 17:53:38 gateway authd[1000]: user=amyn_sarif password=49TBbq5h8k1fRg status=rejected
<13>Dec 17 17:53:41 gateway authd[1000]: user=zoheb_makani password=kMY2avkAusOA status=rejected
<187>3 2025-12-17T17:49:19.351Z principaldrive.name veniam 7125 ID571 - If we compress the pixel, we can get to the FTP interface through the haptic COM application!
