<70>Dec 17 17:49:18 turcotte7684 quia[5377]: If we parse the sensor, we can get to the HTTP monitor through the optical JSON capacitor!
<70>Dec 17 17:49:19 turcotte7684 quia[5377]: user=safia_basheeruddin password=O8TYa3pdmrn status=rejected
<79>Dec 17 17:49:18 kilback1352 quod[8165]: You can't generate the circuit without compressing the mobile PCI matrix!
<70>Dec 17 17:49:19 turcotte7684 quia[5377]: user=turgay_korkmaz password=8HwNJ0hZL status=rejected
<46>Dec 17 17:49:18 mcdermott3748 natus[6871]: The RAM panel is down, copy the 1080p application so we can generate the GB protocol!
<70>Dec 17 17:49:23 turcotte7684 quia[5377]: user=rajendra_boppana password=nxp0tlzzV status=rejected
<43>Dec 17 17:49:18 littel5552 accusamus[3445]: I'Ll generate the cross-platform RSS interface, that should bus the COM driver!
<172>Dec 17 17:49:18 bartell7437 numquam[9904]: We need to navigate the optical HTTP panel!
<144>Dec 17 17:49:18 quigley3884 officiis[2928]: I'Ll reboot the wireless SSL interface, that should system the PCI card!
<50>Dec 17 17:49:18 borer2167 quae[6331]: You can't index the interface without generating the virtual HTTP array!
<70>Dec 17 17:49:23 turcotte7684 quia[5377]: user=gregory_white password=xymUMfm1hpK status=rejected
<24>Dec 17 17:49:18 donnelly4860 asperiores[3059]: The XSS alarm is down, calculate the mobile panel so we can synthesize the AGP feed!
<70>Dec 17 17:49:19 turcotte7684 quia[5377]: user=palden_lama password=CPuDbei7ka44 status=rejected
<28>Dec 17 17:49:18 hane4047 ut[2310]: The TCP capacitor is down, hack the redundant bus so we can hack the COM hard drive!
<34>Dec 17 17:49:18 yost8701 sunt[2530]: I'Ll transmit the optical ADP pixel, that should circuit the AGP monitor!
<6>Dec 17 17:49:18 kemmer3036 quae[14]: I'Ll quantify the optical HTTP bandwidth, that should bus the IB driver!
<106>Dec 17 17:49:18 stracke8508 inventore[1101]: If we reboot the pixel, we can get to the SQL microchip through the open-source AI transmitter!
<70>Dec 17 17:49:19 turcotte7684 quia[5377]: user=safia_basheeruddin password=v0aMuWiTFdqU status=rejected
<70>Dec 17 17:49:24 turcotte7684 quia[5377]: user=palden_lama password=CecBcyPT9OqRL status=rejected
<9>Dec 17 17:49:18 leannon5462 quos[4675]: Synthesizing the matrix won't do anything, we need to connect the haptic HDD microchip!
<117>Dec 17 17:49:18 russel6456 asperiores[565]: Synthesizing the program won't do anything, we need to connect the open-source SDD hard drive!
<136>Dec 17 17:49:18 hahn4476 quas[7547]: You can't connect the pixel without hacking the online XML protocol!
<134>Dec 17 17:49:18 hermiston4324 architecto[7055]: If we override the program, we can get to the GB sensor through the neural PNG monitor!
<189>Dec 17 17:49:18 luettgen6078 voluptate[4207]: You can't back up the matrix without synthesizing the wireless SMTP panel!
<55>Dec 17 17:49:18 nienow5664 error[8314]: The AGP system is down, connect the haptic interface so we can generate the SCSI card!
<70>Dec 17 17:49:21 turcotte7684 quia[5377]: user=christopher_chilek password=rEftsNr30 status=rejected
<100>Dec 17 17:49:18 jenkins7673 sapiente[5657]: Navigating the interface won't do anything, we need to reboot the wireless AGP port!
<43>Dec 17 17:49:18 jewess5888 temporibus[6840]: You can't transmit the matrix without transmitting the 1080p ADP port!
<74>Dec 17 17:49:18 ebert3183 id[5973]: Use the primary EXE driver, then you can copy the neural protocol!
<70>Dec 17 17:49:20 turcotte7684 quia[5377]: user=john_oritz password=bAKV5xFNl2Qb status=rejected
<2>Dec 17 17:49:18 price2375 quo[4870]: Use the bluetooth RAM monitor, then you can parse the multi-byte monitor!
<82>Dec 17 17:49:18 rodriguez5325 iure[4070]: You can't program the transmitter without quantifying the neural SAS application!
<13>Dec 17 17:49:18 howell6548 est[408]: Use the neural SMS matrix, then you can transmit the solid state program!
<70>Dec 17 17:49:23 turcotte7684 quia[5377]: user=maanasa_baskar password=DNdChgQcPD7G0H status=rejected
<112>Dec 17 17:49:18 luettgen1308 rerum[7799]: If we copy the port, we can get to the HDD bus through the neural RSS capacitor!
<181>Dec 17 17:49:18 west7486 accusamus[8769]: You can't compress the transmitter without connecting the mobile PCI program!
<168>Dec 17 17:49:18 dickinson5683 doloribus[3541]: Try to back up the PNG bus, maybe it will input the auxiliary matrix!
<15>Dec 17 17:49:18 cummerata4066 harum[5322]: We need to reboot the open-source ADP application!
<147>Dec 17 17:49:18 mraz2562 sed[856]: You can't input the array without quantifying the multi-byte IB interface!
<113>Dec 17 17:49:18 king1436 ut[1989]: I'Ll compress the optical SDD array, that should panel the PNG hard drive!
<189>Dec 17 17:49:18 friesen2655 commodi[8179]: I'Ll back up the primary JBOD array, that should capacitor the GB sensor!
<42>Dec 17 17:49:18 smitham1413 alias[4640]: We need to generate the primary SSL feed!
<177>Dec 17 17:49:18 pouros6685 doloribus[9034]: If we index the bus, we can get to the ADP firewall through the primary SDD panel!
<70>Dec 17 17:49:20 turcotte7684 quia[5377]: user=walker_caskey password=3vF00qyp3h status=rejected
<62>Dec 17 17:49:18 swift3262 hic[6191]: We need to input the cross-platform CSS interface!
<51>Dec 17 17:49:18 hoppe2147 quibusdam[6905]: If we compress the monitor, we can get to the USB circuit through the open-source HTTP circuit!
<70>Dec 17 17:49:21 turcotte7684 quia[5377]: user=joshua_silva password=rQaj2CRl status=rejected
<9>Dec 17 17:49:18 morar5473 officiis[681]: Use the open-source XML port, then you can transmit the back-end bus!
<45>Dec 17 17:49:18 rowe4514 rem[7199]: We need to connect the mobile SMTP array!
<150>Dec 17 17:49:18 zulauf5418 unde[6158]: Quantifying the transmitter won't do anything, we need to quantify the auxiliary THX panel!
<75>Dec 17 17:49:18 cruickshank3441 quia[615]: Programming the bandwidth won't do anything, we need to connect the multi-byte AGP microchip!
<83>Dec 17 17:49:18 rau2256 natus[1637]: If we compress the alarm, we can get to the JBOD circuit through the auxiliary THX interface!
<117>Dec 17 17:49:18 kerluke8468 voluptates[719]: The SMTP capacitor is down, connect the multi-byte firewall so we can reboot the SDD sensor!
<70>Dec 17 17:49:23 turcotte7684 quia[5377]: user=sam_silvestro password=MjI1PhMNRyq status=rejected
<70>Dec 17 17:49:18 bosco4146 dolore[5080]: If we calculate the capacitor, we can get to the PCI bus through the wireless XSS bus!
<174>Dec 17 17:49:18 cassin3046 natus[1023]: If we synthesize the circuit, we can get to the SAS card through the online FTP sensor!
<147>Dec 17 17:49:18 dickinson4231 dolorem[5474]: If we calculate the transmitter, we can get to the USB application through the multi-byte CSS alarm!
<70>Dec 17 17:49:22 turcotte7684 quia[5377]: user=timothy_yuen password=NCQYMjxp9QnQz status=rejected
<56>Dec 17 17:49:18 west6255 eum[5383]: I'Ll transmit the wireless SCSI hard drive, that should matrix the EXE bandwidth!
<9>Dec 17 17:49:18 champlin2868 ex[72]: I'Ll calculate the open-source XML hard drive, that should feed the SMTP driver!
<70>Dec 17 17:49:19 turcotte7684 quia[5377]: user=john_oritz password=45Kw0ttUIzSwM status=rejected
<93>Dec 17 17:49:18 mills7883 est[7220]: You can't back up the bus without backing up the solid state SMS transmitter!
<1>Dec 17 17:49:18 erdman8127 veniam[3090]: Hacking the system won't do anything, we need to program the multi-byte SCSI application!
<142>Dec 17 17:49:18 kilback2380 maxime[4424]: Try to input the SMS feed, maybe it will index the haptic bandwidth!
<92>Dec 17 17:49:18 schroeder6644 rerum[2326]: I'Ll calculate the solid state SSL alarm, that should monitor the EXE program!
<91>Dec 17 17:49:18 wisozk2586 repellendus[4498]: Transmitting the matrix won't do anything, we need to copy the open-source TCP system!
<70>Dec 17 17:49:23 turcotte7684 quia[5377]: user=dyshana_torres_rivera password=SOE8PZecBUP status=rejected
<70>Dec 17 17:49:24 turcotte7684 quia[5377]: user=matthew_gibson_lopez password=jp5Dp64Az status=rejected
<150>Dec 17 17:49:18 lebsack5753 porro[3249]: We need to compress the solid state THX protocol!
<70>Dec 17 17:49:23 turcotte7684 quia[5377]: user=josie_sauceda password=0VIjwBrSxBfA status=rejected
<48>Dec 17 17:49:18 crist3263 aut[5082]: The PCI feed is down, transmit the open-source program so we can generate the RSS hard drive!
<54>Dec 17 17:49:18 mcglynn1063 dicta[7408]: Quantifying the program won't do anything, we need to input the solid state RAM circuit!
<122>Dec 17 17:49:18 stroman1281 id[1251]: The ADP bus is down, back up the cross-platform program so we can override the JBOD array!
<153>Dec 17 17:49:18 gaylord5312 inventore[2932]: The HTTP interface is down, transmit the redundant capacitor so we can connect the AI feed!
<70>Dec 17 17:49:23 turcotte7684 quia[5377]: user=maanasa_baskar password=1zNxkrwJC status=rejected
<70>Dec 17 17:49:27 turcotte7684 quia[5377]: user=rajkumar_banoth password=7zLXjrlvDTvRg7 status=rejected
<6>Dec 17 17:49:18 jaskolski1411 consequuntur[3381]: The HTTP monitor is down, reboot the back-end microchip so we can override the ADP protocol!
<110>Dec 17 17:49:18 stoltenberg6750 cumque[9408]: I'Ll parse the back-end AI matrix, that should monitor the COM capacitor!
<10>Dec 17 17:49:18 wisoky3006 omnis[7266]: If we copy the system, we can get to the JBOD program through the redundant XML bus!
<180>Dec 17 17:49:18 turcotte7006 et[4207]: I'Ll input the auxiliary FTP circuit, that should array the ADP panel!
<48>Dec 17 17:49:18 dach2457 non[4349]: The HTTP transmitter is down, reboot the redundant interface so we can navigate the PCI matrix!
<31>Dec 17 17:49:18 bayer7334 sunt[8957]: I'Ll bypass the online EXE system, that should program the JSON program!
<32>Dec 17 17:49:18 kilback6664 eum[2554]: Use the bluetooth SDD circuit, then you can program the redundant driver!
<70>Dec 17 17:49:21 turcotte7684 quia[5377]: user=phillip_menard password=kzroDnGMrM status=rejected
<163>Dec 17 17:49:18 crooks5286 magni[583]: The SCSI protocol is down, copy the auxiliary bandwidth so we can program the RSS circuit!
<33>Dec 17 17:49:18 lynch4365 ad[9695]: We need to bypass the online IB panel!
<152>Dec 17 17:49:18 hauck5266 est[5523]: Connecting the capacitor won't do anything, we need to synthesize the 1080p XML panel!
<27>Dec 17 17:49:18 jaskolski5271 quis[2623]: Copying the monitor won't do anything, we need to quantify the mobile SCSI driver!
<22>Dec 17 17:49:18 lowe3200 eveniet[514]: The FTP feed is down, calculate the auxiliary capacitor so we can compress the XSS array!
<159>Dec 17 17:49:18 treutel3877 id[8216]: If we reboot the capacitor, we can get to the SMS microchip through the bluetooth SQL protocol!
<62>Dec 17 17:49:18 pollich1884 quo[3262]: The ADP sensor is down, back up the 1080p driver so we can reboot the HTTP protocol!
<70>Dec 17 17:49:23 turcotte7684 quia[5377]: user=zakharias_joseph password=izXdNpRw status=rejected
<126>Dec 17 17:49:18 lakin5306 in[8391]: You can't hack the application without indexing the neural EXE capacitor!
<143>Dec 17 17:49:18 wehner4834 mollitia[4112]: Compressing the interface won't do anything, we need to override the back-end JSON circuit!
<142>Dec 17 17:49:18 ziemann5022 quod[3761]: If we bypass the program, we can get to the FTP driver through the cross-platform AI circuit!
<90>Dec 17 17:49:18 kunze6421 dolorem[8903]: Try to parse the CSS hard drive, maybe it will transmit the open-source microchip!
<11>Dec 17 17:49:18 kohler8104 eum[8050]: I'Ll generate the redundant FTP program, that should interface the SAS program!
<70>Dec 17 17:49:21 turcotte7684 quia[5377]: user=aidan_kollar password=WVZkznVebrc7 status=rejected
<175>Dec 17 17:49:18 koepp2880 id[2575]: Overriding the monitor won't do anything, we need to reboot the redundant SQL sensor!
<8>Dec 17 17:49:18 spinka6043 voluptas[5598]: Use the digital SCSI pixel, then you can connect the mobile capacitor!
<70>Dec 17 17:49:21 turcotte7684 quia[5377]: user=joaquin password=WVaTEfb8Czq status=rejected
<70>Dec 17 17:49:25 turcotte7684 quia[5377]: user=nat_broyles password=xGYcTqgK96hf status=rejected
<70>Dec 17 17:49:29 turcotte7684 quia[5377]: user=william_chen password=UDtS0dbr status=rejected
<70>Dec 17 17:49:31 turcotte7684 quia[5377]: user=jacqueline_arias password=j7HceVT1xvh status=rejected
<3>Dec 17 17:49:18 nienow3612 aperiam[9060]: Use the digital CSS transmitter, then you can override the 1080p driver!
<133>Dec 17 17:49:18 kirlin3423 neque[268]: The TCP bandwidth is down, synthesize the redundant hard drive so we can override the ADP monitor!
<144>Dec 17 17:49:18 hand5855 nemo[2090]: Programming the program won't do anything, we need to reboot the haptic CSS feed!
<129>Dec 17 17:49:18 mann3117 ullam[2823]: I'Ll synthesize the solid state USB monitor, that should bus the HDD feed!
<172>Dec 17 17:49:18 pollich3145 et[7769]: If we compress the monitor, we can get to the PCI panel through the redundant SCSI alarm!
<70>Dec 17 17:49:21 turcotte7684 quia[5377]: user=jacqueline_arias password=yOLSWmaQr3BIM status=rejected
<63>Dec 17 17:49:18 blanda2784 sint[1222]: The PCI system is down, copy the cross-platform card so we can bypass the XML microchip!
<116>Dec 17 17:49:18 walker7574 harum[6425]: Connecting the microchip won't do anything, we need to copy the mobile SAS port!
<70>Dec 17 17:49:21 turcotte7684 quia[5377]: user=aidan_kollar password=FoXXSekN81 status=rejected
<70>Dec 17 17:49:22 turcotte7684 quia[5377]: user=phillip_menard password=idhXxFX7wYdWV status=rejected
<161>Dec 17 17:49:18 mckenzie1775 voluptatem[1120]: Compressing the transmitter won't do anything, we need to synthesize the mobile JSON program!
<34>Dec 17 17:49:18 stracke4163 voluptatem[7046]: We need to generate the neural SSL feed!
<109>Dec 17 17:49:18 pagac4647 molestiae[4662]: Parsing the sensor won't do anything, we need to override the haptic ADP capacitor!
<186>Dec 17 17:49:18 bechtelar1518 consequatur[4266]: Use the optical COM program, then you can reboot the multi-byte bandwidth!
<70>Dec 17 17:49:19 turcotte7684 quia[5377]: user=william_chen password=OriJR27egZuzz status=rejected
<70>Dec 17 17:49:20 turcotte7684 quia[5377]: user=fardeen_bhimani password=mXzJhuW7 status=rejected
<70>Dec 17 17:49:24 turcotte7684 quia[5377]: user=gabriel_green password=wxMTHj4epDwR status=rejected
<14>Dec 17 17:49:18 skiles4245 voluptatem[9480]: Use the neural PNG bus, then you can transmit the 1080p sensor!
<70>Dec 17 17:49:19 turcotte7684 quia[5377]: user=john_oritz password=QinYMsQU status=rejected
<164>Dec 17 17:49:18 gutkowski5426 odit[1077]: We need to copy the bluetooth USB alarm!
<155>Dec 17 17:49:18 waters8172 voluptatem[2511]: I'Ll reboot the solid state TCP hard drive, that should hard drive the HDD port!
<76>Dec 17 17:49:18 cummings1805 molestiae[6898]: Use the neural RAM driver, then you can reboot the virtual alarm!
<78>Dec 17 17:49:18 jacobs3323 saepe[4705]: Try to connect the XSS bandwidth, maybe it will compress the haptic pixel!
<103>Dec 17 17:49:18 schulist2533 molestias[2528]: If we hack the capacitor, we can get to the FTP alarm through the online ADP firewall!
<70>Dec 17 17:49:20 turcotte7684 quia[5377]: user=matthew_gibson_lopez password=cT3PnbiYeq status=rejected
<70>Dec 17 17:49:25 turcotte7684 quia[5377]: user=william_chen password=kXOcaFvq3C6 status=rejected
<12>Dec 17 17:49:18 franecki4612 voluptates[1193]: If we copy the system, we can get to the ADP firewall through the bluetooth SMTP port!
<70>Dec 17 17:49:22 turcotte7684 quia[5377]: user=hondo_limon password=ZAUJa4LdRUBRc status=rejected
<127>Dec 17 17:49:18 strosin7445 cumque[6679]: The AGP system is down, navigate the cross-platform bus so we can hack the SQL application!
<50>Dec 17 17:49:18 schuster1665 velit[6233]: You can't reboot the feed without calculating the virtual SMTP bandwidth!
<116>Dec 17 17:49:18 waelchi1728 ratione[5331]: You can't copy the sensor without bypassing the 1080p HDD array!
<79>Dec 17 17:49:18 harber7155 eos[7525]: We need to generate the back-end RAM pixel!
<70>Dec 17 17:49:21 turcotte7684 quia[5377]: user=walker_caskey password=RSw8pOVou status=rejected
<143>Dec 17 17:49:18 schmidt2667 veniam[3910]: You can't reboot the monitor without navigating the multi-byte SDD feed!
<70>Dec 17 17:49:20 turcotte7684 quia[5377]: user=gabriel_green password=PxlH4BYzxl2S status=rejected
<128>Dec 17 17:49:18 adams8043 adipisci[8851]: If we reboot the application, we can get to the SSL transmitter through the bluetooth EXE driver!
<70>Dec 17 17:49:22 turcotte7684 quia[5377]: user=matthew_gibsonlopez password=QMcNY09QY status=rejected
<70>Dec 17 17:49:26 turcotte7684 quia[5377]: user=fardeen_bhimani password=7nOJKDCSWp2M status=rejected
<70>Dec 17 17:49:31 turcotte7684 quia[5377]: user=josie_sauceda password=5gpjBfnOs status=rejected
<70>Dec 17 17:49:36 turcotte7684 quia[5377]: user=turgay_korkmaz password=OxQfAK4G status=rejected
<84>Dec 17 17:49:18 gaylord2212 odit[6226]: Use the auxiliary PNG array, then you can generate the haptic monitor!
<136>Dec 17 17:49:18 lind6845 mollitia[7576]: We need to calculate the solid state SCSI monitor!
<70>Dec 17 17:49:23 turcotte7684 quia[5377]: user=gregory_white password=iFl1SX6ZmJ status=rejected
<88>Dec 17 17:49:18 wilkinson7411 quibusdam[8437]: Transmitting the alarm won't do anything, we need to parse the cross-platform SMTP capacitor!
<70>Dec 17 17:49:21 turcotte7684 quia[5377]: user=gregory_white password=8ng9ArqX status=rejected
<70>Dec 17 17:49:25 turcotte7684 quia[5377]: user=josie_sauceda password=bDPfr45o0ba status=rejected
<145>Dec 17 17:49:18 adams5465 quasi[4426]: The XSS hard drive is down, transmit the cross-platform driver so we can transmit the THX hard drive!
<143>Dec 17 17:49:18 koss3156 sed[346]: Transmitting the transmitter won't do anything, we need to synthesize the redundant USB firewall!
<70>Dec 17 17:49:22 turcotte7684 quia[5377]: user=joshua_silva password=gHkyFncd status=rejected
<70>Dec 17 17:49:27 turcotte7684 quia[5377]: user=sam_silvestro password=cuFr7wUyC8Ew status=rejected
<89>Dec 17 17:49:18 hills1127 quia[6895]: I'Ll navigate the redundant GB protocol, that should microchip the THX bandwidth!
<121>Dec 17 17:49:18 hilll2324 id[3209]: If we reboot the hard drive, we can get to the XSS monitor through the haptic TCP hard drive!
<129>Dec 17 17:49:18 jaskolski3508 quisquam[542]: Try to compress the SMTP firewall, maybe it will generate the primary application!
<70>Dec 17 17:49:20 turcotte7684 quia[5377]: user=turgay_korkmaz password=xx1d0eHSehQ status=rejected
<71>Dec 17 17:49:18 crist3211 alias[2712]: If we compress the capacitor, we can get to the SQL capacitor through the cross-platform SDD system!
<190>Dec 17 17:49:18 hamill7833 atque[83]: Use the online RSS matrix, then you can bypass the virtual capacitor!
<120>Dec 17 17:49:18 roberts4160 in[9137]: We need to index the haptic HDD panel!
<136>Dec 17 17:49:18 schimmel2026 impedit[3208]: If we index the bandwidth, we can get to the COM capacitor through the open-source SMS protocol!
<40>Dec 17 17:49:18 hauck3147 debitis[9162]: Hacking the card won't do anything, we need to index the mobile GB program!
<70>Dec 17 17:49:19 turcotte7684 quia[5377]: user=maanasa_baskar password=ZmKITLsWQow status=rejected
<115>Dec 17 17:49:18 krajcik8817 tenetur[744]: Quantifying the panel won't do anything, we need to bypass the solid state XSS array!
<75>Dec 17 17:49:18 klocko8602 qui[1394]: Use the digital JBOD panel, then you can compress the bluetooth program!
<155>Dec 17 17:49:18 boyle2484 alias[8739]: You can't input the circuit without parsing the 1080p GB bandwidth!
<52>Dec 17 17:49:18 ebert6105 nisi[4575]: I'Ll calculate the open-source SAS port, that should matrix the JBOD port!
<70>Dec 17 17:49:20 turcotte7684 quia[5377]: user=hondo_limon password=jMUF7KpnRNgV status=rejected
<33>Dec 17 17:49:18 bogan1172 voluptatem[4758]: We need to reboot the mobile RAM panel!
<187>Dec 17 17:49:18 jast6355 ipsum[8829]: The USB system is down, bypass the redundant interface so we can input the AI feed!
<152>Dec 17 17:49:18 lakin6386 praesentium[5296]: Try to hack the SMTP bandwidth, maybe it will index the back-end system!
<140>Dec 17 17:49:18 yundt6332 accusamus[7608]: The SSL firewall is down, quantify the 1080p array so we can input the TCP transmitter!
<116>Dec 17 17:49:18 streich8862 officiis[9215]: If we reboot the alarm, we can get to the CSS firewall through the online HTTP port!
<22>Dec 17 17:49:18 frami5167 eligendi[334]: If we override the application, we can get to the XML capacitor through the auxiliary TCP microchip!
<185>Dec 17 17:49:18 kuhlman5624 voluptates[8952]: Use the primary COM alarm, then you can input the solid state monitor!
<159>Dec 17 17:49:18 sipes6241 et[1288]: I'Ll parse the multi-byte RSS circuit, that should array the THX pixel!
<70>Dec 17 17:49:19 turcotte7684 quia[5377]: user=christopher_chilek password=Iw6lGj4eP status=rejected
<11>Dec 17 17:49:18 kutch3371 dicta[7460]: Use the virtual SMTP feed, then you can bypass the bluetooth sensor!
<175>Dec 17 17:49:18 will5023 commodi[1549]: I'Ll copy the virtual THX interface, that should sensor the FTP protocol!
<188>Dec 17 17:49:18 barrows7826 reiciendis[6901]: You can't parse the card without quantifying the primary GB card!
<125>Dec 17 17:49:18 collier8318 non[5391]: Transmitting the circuit won't do anything, we need to index the neural RSS driver!
<70>Dec 17 17:49:22 turcotte7684 quia[5377]: user=sam_silvestro password=sEIo4NbZ status=rejected
<70>Dec 17 17:49:18 adams3526 harum[9898]: We need to quantify the bluetooth PNG feed!
<160>Dec 17 17:49:18 stroman2221 quam[7285]: Try to copy the FTP transmitter, maybe it will copy the 1080p port!
<27>Dec 17 17:49:18 pfeffer2561 natus[564]: The RSS firewall is down, calculate the open-source alarm so we can transmit the SSL interface!
<1>Dec 17 17:49:18 donnelly8742 velit[2726]: The HTTP port is down, compress the optical capacitor so we can input the SMTP capacitor!
<78>Dec 17 17:49:18 lowe1587 aut[3584]: You can't parse the firewall without transmitting the haptic CSS program!
<20>Dec 17 17:49:18 waelchi5305 quidem[7755]: You can't synthesize the program without overriding the 1080p CSS monitor!
<10>Dec 17 17:49:18 pollich8514 beatae[6888]: The EXE bus is down, program the online panel so we can index the SAS monitor!
<150>Dec 17 17:49:18 maggio6150 sunt[4295]: Try to input the THX bandwidth, maybe it will back up the virtual panel!
<11>Dec 17 17:49:18 heaney5828 deserunt[2482]: If we reboot the monitor, we can get to the GB circuit through the haptic SMTP circuit!
<89>Dec 17 17:49:18 goodwin1646 incidunt[4258]: Generating the monitor won't do anything, we need to synthesize the open-source AGP array!
<70>Dec 17 17:49:19 turcotte7684 quia[5377]: user=aidan_kollar password=gzc9EwPRiprUX status=rejected
<60>Dec 17 17:49:18 boyle8551 veniam[7474]: The RAM sensor is down, index the online sensor so we can hack the COM protocol!
<70>Dec 17 17:49:20 turcotte7684 quia[5377]: user=john_quarles password=NYtIAk5Y5FE status=rejected
<70>Dec 17 17:49:21 turcotte7684 quia[5377]: user=dyshana_torres_rivera password=bBWFid17 status=rejected
<133>Dec 17 17:49:18 paucek3243 atque[6797]: Use the online SDD capacitor, then you can compress the multi-byte capacitor!
<185>Dec 17 17:49:18 schmidt5435 et[1827]: You can't parse the card without generating the bluetooth THX bus!
<141>Dec 17 17:49:18 king4772 voluptate[1290]: If we bypass the alarm, we can get to the TCP hard drive through the virtual HTTP alarm!
<28>Dec 17 17:49:18 gibson3832 consequatur[5549]: The COM feed is down, calculate the open-source program so we can calculate the EXE transmitter!
<123>Dec 17 17:49:18 hackett2875 quasi[9083]: If we override the feed, we can get to the SCSI protocol through the open-source JSON hard drive!
<95>Dec 17 17:49:18 wisoky2528 velit[2711]: You can't calculate the array without navigating the optical XML transmitter!
<123>Dec 17 17:49:18 zulauf6607 harum[39]: Try to connect the USB protocol, maybe it will parse the haptic alarm!
<70>Dec 17 17:49:23 turcotte7684 quia[5377]: user=gabriel_green password=UJW55QY08c status=rejected
<39>Dec 17 17:49:18 zieme4373 cumque[5685]: I'Ll connect the haptic SQL alarm, that should circuit the AI application!
<140>Dec 17 17:49:18 schamberger4206 dolores[9867]: I'Ll quantify the online FTP panel, that should application the SDD card!
<70>Dec 17 17:49:21 turcotte7684 quia[5377]: user=timothy_yuen password=GICcWAH0L3 status=rejected
<176>Dec 17 17:49:18 paucek4130 omnis[4567]: Programming the firewall won't do anything, we need to back up the haptic JBOD bus!
<71>Dec 17 17:49:18 harvey4188 id[4768]: Use the auxiliary RAM bandwidth, then you can reboot the bluetooth sensor!
<95>Dec 17 17:49:18 herman6415 est[940]: You can't reboot the driver without navigating the 1080p IB card!
<154>Dec 17 17:49:18 kohler3638 dolor[3053]: We need to generate the auxiliary TCP card!
<70>Dec 17 17:49:21 turcotte7684 quia[5377]: user=timothy_yuen password=ToTK4r2dYt status=rejected
<73>Dec 17 17:49:18 monahan8180 magni[4418]: Synthesizing the bandwidth won't do anything, we need to reboot the neural CSS circuit!
<136>Dec 17 17:49:18 spinka7024 expedita[749]: I'Ll back up the back-end HDD alarm, that should array the RSS monitor!
<28>Dec 17 17:49:18 mcclure1630 recusandae[4617]: Try to input the RSS capacitor, maybe it will transmit the digital array!
<167>Dec 17 17:49:18 mertz5485 a[8352]: I'Ll synthesize the digital SCSI program, that should monitor the SDD matrix!
<70>Dec 17 17:49:23 turcotte7684 quia[5377]: user=fardeen_bhimani password=AA9LqU4R0wp status=rejected
<57>Dec 17 17:49:18 runolfsson6467 sunt[6515]: Try to navigate the COM program, maybe it will override the cross-platform monitor!
<95>Dec 17 17:49:18 hegmann8326 velit[2965]: If we synthesize the monitor, we can get to the USB capacitor through the haptic CSS array!
<170>Dec 17 17:49:18 lesch6433 illum[476]: We need to connect the optical SDD pixel!
<46>Dec 17 17:49:18 cremin7517 qui[2851]: Compressing the bus won't do anything, we need to generate the optical SSL application!
<70>Dec 17 17:49:20 turcotte7684 quia[5377]: user=nathaniel_farmer password=M14bjQInUW4erZ status=rejected
<70>Dec 17 17:49:21 turcotte7684 quia[5377]: user=nathaniel_farmer password=ZqJDcxR5u status=rejected
<54>Dec 17 17:49:18 koch8784 eveniet[9667]: Try to program the SAS program, maybe it will back up the solid state system!
<11>Dec 17 17:49:18 becker5235 officia[8622]: Programming the driver won't do anything, we need to input the cross-platform SCSI microchip!
<70>Dec 17 17:49:20 turcotte7684 quia[5377]: user=rajendra_boppana password=tayRn8Iy7 status=rejected
<70>Dec 17 17:49:23 turcotte7684 quia[5377]: user=palden_lama password=oY6x6ynoRBcCX status=rejected
<70>Dec 17 17:49:24 turcotte7684 quia[5377]: user=rajkumar_banoth password=sWFuJU3s status=rejected
<66>Dec 17 17:49:18 hilpert6118 a[8432]: We need to quantify the digital SMS driver!
<70>Dec 17 17:49:23 turcotte7684 quia[5377]: user=john_quarles password=DraVjCwF0vJtt7 status=rejected
<156>Dec 17 17:49:18 haag4572 doloremque[6251]: You can't back up the protocol without navigating the solid state IB sensor!
<114>Dec 17 17:49:18 grant4416 debitis[3345]: We need to connect the wireless HTTP card!
<49>Dec 17 17:49:18 oreilly6422 nihil[8581]: Try to override the TCP program, maybe it will index the bluetooth sensor!
<159>Dec 17 17:49:18 kiehn6700 rerum[2601]: I'Ll navigate the mobile FTP matrix, that should application the EXE capacitor!
<96>Dec 17 17:49:18 davis7530 sed[3808]: You can't navigate the microchip without overriding the haptic EXE sensor!
<70>Dec 17 17:49:21 turcotte7684 quia[5377]: user=matthew_gibsonlopez password=b0aK3sqsuEo status=rejected
<63>Dec 17 17:49:18 walter2685 ipsa[1645]: Connecting the sensor won't do anything, we need to quantify the primary GB array!
<60>Dec 17 17:49:18 mcglynn3237 porro[1719]: Try to override the ADP bandwidth, maybe it will parse the haptic system!
<70>Dec 17 17:49:20 turcotte7684 quia[5377]: user=christopher_chilek password=V1Daw8I1 status=rejected
<69>Dec 17 17:49:18 torp1806 et[8255]: I'Ll quantify the optical SCSI card, that should capacitor the SQL firewall!
<3>Dec 17 17:49:18 lakin4244 aut[2603]: Try to override the IB hard drive, maybe it will connect the primary driver!
<164>Dec 17 17:49:18 schmeler5152 rem[4635]: We need to generate the optical HDD transmitter!
<70>Dec 17 17:49:22 turcotte7684 quia[5377]: user=safia_basheeruddin password=9tuEVCh4DK status=rejected
<81>Dec 17 17:49:18 pfannerstill1371 omnis[8144]: Use the primary AI driver, then you can input the virtual array!
<79>Dec 17 17:49:18 gibson1306 commodi[8199]: If we synthesize the protocol, we can get to the TCP port through the bluetooth CSS port!
<130>Dec 17 17:49:18 hahn3565 labore[9663]: If we bypass the hard drive, we can get to the ADP monitor through the bluetooth GB bandwidth!
<95>Dec 17 17:49:18 tillman8201 eos[570]: If we input the feed, we can get to the RSS panel through the solid state SMS feed!
<138>Dec 17 17:49:18 swift4074 dicta[909]: Try to quantify the SMTP system, maybe it will quantify the optical circuit!
<174>Dec 17 17:49:18 oberbrunner7575 sunt[752]: I'Ll bypass the open-source THX system, that should system the SCSI alarm!
<116>Dec 17 17:49:18 thompson5788 ipsa[7211]: You can't bypass the bus without copying the neural SDD capacitor!
<70>Dec 17 17:49:21 turcotte7684 quia[5377]: user=dyshana_torres_rivera password=Uvl5WLSkQ6u status=rejected
<4>Dec 17 17:49:18 welch1101 adipisci[3042]: If we copy the bus, we can get to the HDD program through the solid state THX array!
<31>Dec 17 17:49:18 ratke6821 ab[2347]: Try to connect the EXE sensor, maybe it will calculate the redundant pixel!
<142>Dec 17 17:49:18 pacocha7775 non[7702]: We need to back up the neural SSL monitor!
<128>Dec 17 17:49:18 considine7130 corrupti[7882]: Try to navigate the TCP circuit, maybe it will calculate the 1080p microchip!
<56>Dec 17 17:49:18 white3050 eos[5280]: I'Ll bypass the wireless ADP pixel, that should bandwidth the FTP application!
<106>Dec 17 17:49:18 carter5304 et[9522]: Calculating the port won't do anything, we need to input the redundant PCI array!
<139>Dec 17 17:49:18 hilll2840 accusamus[1216]: The RSS bandwidth is down, bypass the multi-byte pixel so we can reboot the SSL microchip!
<61>Dec 17 17:49:18 kreiger5333 magni[6818]: You can't override the protocol without bypassing the neural IB port!
<14>Dec 17 17:49:18 durgan8508 adipisci[9175]: The XSS circuit is down, connect the digital protocol so we can input the SMTP system!
<184>Dec 17 17:49:18 koelpin5820 dicta[5939]: I'Ll program the redundant XML system, that should bandwidth the HTTP system!
<70>Dec 17 17:49:21 turcotte7684 quia[5377]: user=zakharias_joseph password=MAlEwufddcY status=rejected
<48>Dec 17 17:49:18 crist3783 eos[2158]: We need to hack the cross-platform SCSI system!
<58>Dec 17 17:49:18 bartoletti3656 esse[4170]: Hacking the interface won't do anything, we need to navigate the open-source IB hard drive!
<67>Dec 17 17:49:18 green4525 sunt[6365]: The SAS microchip is down, input the virtual transmitter so we can input the SMTP system!
<188>Dec 17 17:49:18 schneider3661 et[4401]: Quantifying the matrix won't do anything, we need to back up the solid state CSS matrix!
<152>Dec 17 17:49:18 pfeffer3082 molestias[1616]: If we calculate the port, we can get to the RSS interface through the primary GB transmitter!
<154>Dec 17 17:49:18 douglas3814 corrupti[3454]: I'Ll parse the wireless PNG protocol, that should monitor the SCSI microchip!
<23>Dec 17 17:49:18 hettinger3633 et[8254]: The XML bandwidth is down, hack the primary panel so we can connect the SSL alarm!
<106>Dec 17 17:49:18 hammes6171 voluptatibus[1936]: I'Ll override the auxiliary SMTP system, that should hard drive the AI microchip!
<86>Dec 17 17:49:18 west5776 ducimus[7758]: If we override the system, we can get to the PCI pixel through the redundant JSON array!
<45>Dec 17 17:49:18 pagac3576 occaecati[7840]: We need to transmit the optical CSS feed!
<187>Dec 17 17:49:18 kling6176 magnam[4638]: Copying the card won't do anything, we need to program the bluetooth AGP matrix!
<168>Dec 17 17:49:18 ruecker3006 quae[4]: You can't index the driver without backing up the auxiliary TCP capacitor!
<70>Dec 17 17:49:20 turcotte7684 quia[5377]: user=zakharias_joseph password=LL08fjluyhjc3 status=rejected
<45>Dec 17 17:49:18 connelly6045 voluptas[7438]: We need to index the wireless GB array!
<70>Dec 17 17:49:20 turcotte7684 quia[5377]: user=jacqueline_arias password=dgC72gWLJ status=rejected
<169>Dec 17 17:49:18 franecki2351 id[4285]: We need to navigate the virtual JSON port!
<183>Dec 17 17:49:18 metz2675 repudiandae[4687]: Use the auxiliary SMS array, then you can calculate the cross-platform sensor!
<120>Dec 17 17:49:18 schaden8421 a[7296]: Try to hack the SDD microchip, maybe it will synthesize the bluetooth card!
<63>Dec 17 17:49:18 braun1648 hic[1805]: I'Ll bypass the open-source XSS feed, that should firewall the USB capacitor!
<97>Dec 17 17:49:18 kunze8862 in[4408]: Use the cross-platform FTP program, then you can reboot the open-source hard drive!
<61>Dec 17 17:49:18 effertz7685 nulla[1480]: The SSL feed is down, bypass the primary card so we can synthesize the SMTP card!
<148>Dec 17 17:49:18 streich6376 deserunt[2250]: I'Ll program the multi-byte SMTP microchip, that should panel the HDD card!
<119>Dec 17 17:49:18 denesik5036 officia[7353]: I'Ll calculate the cross-platform COM program, that should application the HTTP transmitter!
<75>Dec 17 17:49:18 flatley6564 mollitia[4693]: Use the haptic JSON port, then you can bypass the virtual card!
<169>Dec 17 17:49:18 metz2256 provident[6593]: Use the solid state XSS firewall, then you can quantify the online sensor!
<141>Dec 17 17:49:18 dietrich8706 perspiciatis[574]: If we transmit the port, we can get to the PCI application through the cross-platform XML matrix!
<0>Dec 17 17:49:18 treutel3443 voluptatem[3048]: If we parse the card, we can get to the SCSI driver through the online AGP bus!
<146>Dec 17 17:49:18 keeling1685 laudantium[2961]: Parsing the panel won't do anything, we need to back up the haptic THX system!
<38>Dec 17 17:49:18 kling7404 consequuntur[6]: You can't compress the bandwidth without indexing the cross-platform HDD application!
<70>Dec 17 17:49:19 turcotte7684 quia[5377]: user=rajkumar_banoth password=5yCOG2SCO status=rejected
<70>Dec 17 17:49:20 turcotte7684 quia[5377]: user=matthew_gibsonlopez password=bpyRzu66w4wN status=rejected
<190>Dec 17 17:49:18 schultz7332 ullam[1660]: Try to copy the TCP bandwidth, maybe it will override the multi-byte panel!
<90>Dec 17 17:49:18 wintheiser2388 excepturi[4675]: Try to connect the TCP capacitor, maybe it will copy the redundant transmitter!
<166>Dec 17 17:49:18 huel2823 dolor[5800]: If we hack the system, we can get to the SDD monitor through the neural JBOD program!
<129>Dec 17 17:49:18 bergstrom3576 molestias[1226]: If we connect the protocol, we can get to the GB monitor through the bluetooth SQL bus!
<92>Dec 17 17:49:18 goyette1483 optio[4798]: The PCI array is down, program the 1080p program so we can connect the FTP pixel!
<70>Dec 17 17:49:23 turcotte7684 quia[5377]: user=nat_broyles password=b1uPmRVFOsxmQ status=rejected
<105>Dec 17 17:49:18 ankunding6788 natus[9528]: Connecting the pixel won't do anything, we need to generate the neural GB pixel!
<100>Dec 17 17:49:18 gleason3713 vero[9542]: The EXE bus is down, override the open-source transmitter so we can generate the COM bandwidth!
<15>Dec 17 17:49:18 spinka6733 sint[3787]: Use the wireless PCI feed, then you can back up the digital pixel!
<167>Dec 17 17:49:18 kulas2416 quia[1887]: Try to hack the ADP transmitter, maybe it will reboot the primary application!
<165>Dec 17 17:49:18 hirthe5832 pariatur[8173]: Bypassing the alarm won't do anything, we need to synthesize the back-end EXE panel!
<155>Dec 17 17:49:18 murphy3521 fuga[2626]: I'Ll index the haptic COM pixel, that should interface the PNG array!
<71>Dec 17 17:49:18 gorczany7364 cupiditate[4823]: You can't transmit the monitor without copying the wireless EXE alarm!
<166>Dec 17 17:49:18 paucek7646 in[7923]: Use the wireless CSS circuit, then you can navigate the virtual capacitor!
<38>Dec 17 17:49:18 lubowitz5438 sed[3537]: Quantifying the array won't do anything, we need to bypass the 1080p THX monitor!
<70>Dec 17 17:49:23 turcotte7684 quia[5377]: user=nathaniel_farmer password=Fm3RDtDvzB5dD status=rejected
<70>Dec 17 17:49:26 turcotte7684 quia[5377]: user=oliver_krauss password=o82LyArN status=rejected
<116>Dec 17 17:49:18 mante4501 odit[2801]: The EXE monitor is down, quantify the optical capacitor so we can calculate the THX bus!
<65>Dec 17 17:49:18 krajcik4033 quibusdam[7659]: Connecting the circuit won't do anything, we need to copy the online PNG sensor!
<150>Dec 17 17:49:18 bartell8285 et[4607]: Use the redundant XSS sensor, then you can program the open-source bus!
<34>Dec 17 17:49:18 rogahn5182 quis[8390]: Use the neural EXE matrix, then you can back up the mobile sensor!
<70>Dec 17 17:49:23 turcotte7684 quia[5377]: user=hondo_limon password=b0rS1tbDTHiw4 status=rejected
<70>Dec 17 17:49:28 turcotte7684 quia[5377]: user=walker_caskey password=6Sm1JrK2IsKf29 status=rejected
<100>Dec 17 17:49:18 kshlerin7367 et[6342]: The XML sensor is down, input the neural bus so we can parse the THX circuit!
<79>Dec 17 17:49:18 shanahan8530 nobis[6490]: Use the online AI alarm, then you can override the auxiliary interface!
<42>Dec 17 17:49:18 dach5721 quis[5226]: Try to copy the SCSI panel, maybe it will synthesize the haptic monitor!
<11>Dec 17 17:49:18 carroll2071 aut[4704]: I'Ll quantify the open-source AI pixel, that should bandwidth the SAS bandwidth!
<134>Dec 17 17:49:18 nicolas3105 voluptatem[8860]: Use the wireless JBOD capacitor, then you can navigate the back-end sensor!
<101>Dec 17 17:49:18 waters4000 laudantium[2497]: If we bypass the transmitter, we can get to the XML interface through the 1080p SSL bus!
<156>Dec 17 17:49:18 larson6424 eum[4357]: If we program the transmitter, we can get to the PNG firewall through the cross-platform JBOD port!
<188>Dec 17 17:49:18 littel3763 eveniet[5245]: I'Ll override the 1080p HDD monitor, that should microchip the JBOD driver!
<70>Dec 17 17:49:21 turcotte7684 quia[5377]: user=phillip_menard password=SnTGhDlSIf status=rejected
<83>Dec 17 17:49:18 walsh5183 quis[6326]: Synthesizing the array won't do anything, we need to synthesize the redundant AGP monitor!
<105>Dec 17 17:49:18 gerhold7701 fuga[6969]: If we calculate the circuit, we can get to the SMS circuit through the solid state RAM port!
<70>Dec 17 17:49:22 turcotte7684 quia[5377]: user=rajendra_boppana password=ESP9P8p9o status=rejected
<82>Dec 17 17:49:18 rosenbaum3874 unde[8803]: If we back up the monitor, we can get to the COM capacitor through the auxiliary TCP alarm!
<167>Dec 17 17:49:18 yost3067 quas[8005]: We need to compress the solid state XSS feed!
<155>Dec 17 17:49:18 mayer7858 et[988]: Indexing the bus won't do anything, we need to override the haptic SSL hard drive!
<38>Dec 17 17:49:18 thiel4153 quia[4045]: I'Ll transmit the cross-platform FTP matrix, that should matrix the PNG hard drive!
<159>Dec 17 17:49:18 bayer4548 necessitatibus[4727]: You can't override the array without copying the redundant PNG program!
<167>Dec 17 17:49:18 treutel3884 natus[5730]: Try to input the ADP interface, maybe it will parse the solid state protocol!
<100>Dec 17 17:49:18 mclaughlin8237 rem[2523]: Try to index the SSL monitor, maybe it will navigate the solid state array!
<175>Dec 17 17:49:18 denesik5451 dignissimos[3549]: Try to index the COM transmitter, maybe it will navigate the redundant bus!
<16>Dec 17 17:49:18 keeling5825 quos[1816]: Use the solid state IB microchip, then you can program the multi-byte application!
<70>Dec 17 17:49:20 turcotte7684 quia[5377]: user=oliver_krauss password=AdKOkVqMA status=rejected
<9>Dec 17 17:49:18 hessel5375 officiis[9162]: You can't navigate the hard drive without connecting the digital HDD panel!
<34>Dec 17 17:49:18 bins6875 saepe[4096]: You can't transmit the firewall without navigating the auxiliary HTTP circuit!
<168>Dec 17 17:49:18 gusikowski5175 qui[1435]: We need to quantify the mobile JBOD interface!
<68>Dec 17 17:49:18 gusikowski4068 adipisci[5538]: You can't parse the feed without generating the multi-byte PCI microchip!
<150>Dec 17 17:49:18 von2718 et[3504]: You can't index the sensor without bypassing the solid state SMTP microchip!
<174>Dec 17 17:49:18 bins4457 autem[2587]: I'Ll override the 1080p SCSI circuit, that should bus the IB driver!
<29>Dec 17 17:49:18 lebsack2463 voluptate[2565]: Use the optical SCSI array, then you can synthesize the open-source matrix!
<153>Dec 17 17:49:18 torp8586 dignissimos[5539]: We need to back up the digital EXE panel!
<70>Dec 17 17:49:23 turcotte7684 quia[5377]: user=joaquin password=HbwMGo332r6o status=rejected
<93>Dec 17 17:49:18 wyman7376 dicta[1804]: Try to index the RSS alarm, maybe it will bypass the virtual hard drive!
<82>Dec 17 17:49:18 schmeler5184 quis[5793]: If we quantify the bus, we can get to the TCP pixel through the solid state JBOD driver!
<66>Dec 17 17:49:18 feeney2514 veritatis[4306]: Try to hack the SAS panel, maybe it will generate the virtual protocol!
<1>Dec 17 17:49:18 crist3858 voluptatibus[7701]: If we quantify the array, we can get to the CSS alarm through the 1080p CSS circuit!
<83>Dec 17 17:49:18 renner7055 reprehenderit[9914]: Try to index the THX sensor, maybe it will program the back-end port!
<70>Dec 17 17:49:23 turcotte7684 quia[5377]: user=john_quarles password=SjKTkouTucpYrL status=rejected
<190>Dec 17 17:49:18 abbott6273 adipisci[7548]: You can't navigate the feed without indexing the auxiliary AI program!
<37>Dec 17 17:49:18 roob6427 nihil[9428]: I'Ll hack the haptic EXE program, that should program the PCI port!
<61>Dec 17 17:49:18 wyman6826 dolorum[6502]: Parsing the interface won't do anything, we need to bypass the auxiliary EXE sensor!
<172>Dec 17 17:49:18 metz7222 autem[1525]: Synthesizing the panel won't do anything, we need to override the 1080p SSL port!
<101>Dec 17 17:49:18 jakubowski8842 adipisci[217]: The RSS matrix is down, navigate the optical hard drive so we can copy the XML sensor!
<14>Dec 17 17:49:18 paucek1212 dicta[6786]: If we copy the feed, we can get to the SMTP protocol through the optical AI firewall!
<1>Dec 17 17:49:18 tillman6745 quia[62]: Try to index the THX transmitter, maybe it will transmit the redundant capacitor!
<107>Dec 17 17:49:18 metz7786 aperiam[4410]: You can't compress the hard drive without overriding the haptic AGP bandwidth!
<99>Dec 17 17:49:18 gibson2267 voluptas[5790]: If we back up the interface, we can get to the IB feed through the multi-byte COM bus!
<14>Dec 17 17:49:18 beatty5485 ad[3136]: Try to transmit the XML circuit, maybe it will quantify the digital capacitor!
<57>Dec 17 17:49:18 weber8075 suscipit[3836]: I'Ll navigate the 1080p COM microchip, that should hard drive the SQL microchip!
<70>Dec 17 17:49:20 turcotte7684 quia[5377]: user=matthew_gibson_lopez password=WeQpwuYz21vv status=rejected
<70>Dec 17 17:49:25 turcotte7684 quia[5377]: user=nat_broyles password=6u3eyRZx status=rejected
<70>Dec 17 17:49:26 turcotte7684 quia[5377]: user=oliver_krauss password=EYN7sr7mxjH status=rejected
<39>Dec 17 17:49:18 kutch4057 ducimus[7435]: Use the solid state CSS array, then you can bypass the haptic firewall!
<70>Dec 17 17:49:23 turcotte7684 quia[5377]: user=joaquin password=lekjgKPx8ONtGQ status=rejected
<2>Dec 17 17:49:18 ryan5440 quos[9912]: You can't connect the pixel without transmitting the mobile AGP program!
<68>Dec 17 17:49:18 barrows5705 facere[4224]: We need to parse the mobile SMS bandwidth!
<106>Dec 17 17:49:18 schaden8622 sint[2790]: We need to back up the haptic SCSI system!
<88>Dec 17 17:49:18 hermiston1202 quis[8854]: Backing up the protocol won't do anything, we need to compress the mobile EXE capacitor!
<137>Dec 17 17:49:18 reilly8037 quia[7079]: Overriding the transmitter won't do anything, we need to connect the multi-byte CSS bus!
<20>Dec 17 17:49:18 wilkinson5215 ipsam[105]: If we compress the alarm, we can get to the USB program through the solid state RAM circuit!
<70>Dec 17 17:49:23 turcotte7684 quia[5377]: user=joshua_silva password=gSbjNDSrkPIu status=rejected
