<152>1 2025-12-17T17:49:19.306Z forwardmindshare.io nostrum 2222 ID252 - I'Ll calculate the multi-byte XSS matrix, that should driver the ADP transmitter!
<52>2 2025-12-17T17:49:19.306Z chiefinnovate.info aut 6765 ID736 - Try to synthesize the SMTP application, maybe it will override the redundant driver!
<157>1 2025-12-17T17:49:19.306Z customerextensible.biz et 7116 ID880 - I'Ll parse the digital JSON system, that should monitor the HTTP interface!
<78>2 2025-12-17T17:49:19.306Z customerrepurpose.org suscipit 4618 ID277 - Use the open-source RSS hard drive, then you can quantify the online array!
<75>2 2025-12-17T17:49:19.306Z nationalinterfaces.io fugit 275 ID941 - If we input the application, we can get to the AGP protocol through the back-end RSS alarm!
<169>3 2025-12-17T17:49:19.306Z corporateinterfaces.biz consectetur 11 ID339 - You can't calculate the array without copying the wireless SDD card!
<45>3 2025-12-17T17:49:19.306Z productconvergence.io rerum 4939 ID286 - Try to copy the USB program, maybe it will quantify the wireless hard drive!
<178>2 2025-12-17T17:49:19.306Z customerubiquitous.biz nihil 5901 ID706 - You can't input the sensor without copying the wireless IB program!
<156>3 2025-12-17T17:49:19.306Z dynamicplatforms.org odio 4387 ID72 - If we input the port, we can get to the CSS transmitter through the redundant RSS circuit!
<2>2 2025-12-17T17:49:19.306Z forwardinteractive.io molestiae 7887 ID621 - Use the redundant SCSI microchip, then you can input the haptic capacitor!
<152>1 2025-12-17T17:49:14Z forwardmindshare.io nostrum 2222 ID252 - user=timothy_yuen password=A5NuMR7ru status=invalid
<47>2 2025-12-17T17:49:19.306Z corporateback-end.info dolorum 5274 ID86 - I'Ll synthesize the optical SMS system, that should system the SSL firewall!
<89>2 2025-12-17T17:49:19.306Z productharness.com quis 331 ID299 - Use the cross-platform SCSI card, then you can reboot the cross-platform bandwidth!
<136>1 2025-12-17T17:49:19.306Z leadevolve.info natus 7388 ID682 - You can't transmit the protocol without generating the solid state THX application!
<152>1 2025-12-17T17:49:19Z forwardmindshare.io nostrum 2222 ID252 - user=rajkumar_banoth password=SB2T3DCoT status=invalid
<152>1 2025-12-17T17:49:22Z forwardmindshare.io nostrum 2222 ID252 - user=drew_osborn password=ptwkjPMzM4M status=invalid
<152>1 2025-12-17T17:49:25Z forwardmindshare.io nostrum 2222 ID252 - user=blessy password=e5lgQ08kE0bCoQ status=invalid
<17>2 2025-12-17T17:49:19.306Z centralsticky.info sint 3388 ID628 - If we index the microchip, we can get to the THX feed through the solid state THX card!
<152>1 2025-12-17T17:49:30Z forwardmindshare.io nostrum 2222 ID252 - user=eric_lee password=31QPuJEBKZdqu status=invalid
<43>2 2025-12-17T17:49:19.306Z humanvisualize.net magnam 958 ID423 - You can't program the monitor without programming the solid state CSS application!
<152>1 2025-12-17T17:49:33Z forwardmindshare.io nostrum 2222 ID252 - user=john_heaps password=CJE2UWr7LeHBoB status=invalid
<67>3 2025-12-17T17:49:19.306Z principalmorph.org asperiores 9845 ID60 - If we override the matrix, we can get to the EXE array through the back-end THX sensor!
<42>2 2025-12-17T17:49:19.306Z regionalbleeding-edge.net laudantium 1796 ID56 - I'Ll transmit the multi-byte SMTP matrix, that should interface the GB application!
<168>3 2025-12-17T17:49:19.306Z internationaldeliver.info suscipit 5125 ID901 - I'Ll back up the bluetooth RAM driver, that should card the JBOD program!
<130>1 2025-12-17T17:49:19.306Z regionalenvisioneer.org odit 3690 ID718 - Use the mobile USB hard drive, then you can synthesize the back-end system!
<177>1 2025-12-17T17:49:19.306Z investorembrace.io et 2603 ID119 - We need to program the primary XML program!
<152>1 2025-12-17T17:49:38Z forwardmindshare.io nostrum 2222 ID252 - user=daniel_ruiz password=MDZ07BCI2 status=invalid
<53>1 2025-12-17T17:49:19.306Z seniorcollaborative.com magni 6435 ID883 - You can't program the panel without transmitting the cross-platform SDD application!
<152>1 2025-12-17T17:49:41Z forwardmindshare.io nostrum 2222 ID252 - user=eric_lee password=rRw58CxAbzWIz status=invalid
<152>1 2025-12-17T17:49:42Z forwardmindshare.io nostrum 2222 ID252 - user=joshua_silva password=uxLqGD7hSYu9YS status=invalid
<88>2 2025-12-17T17:49:19.306Z internationalparadigms.net esse 9918 ID985 - Navigating the program won't do anything, we need to copy the optical USB capacitor!
<108>3 2025-12-17T17:49:19.306Z legacyb2b.com ut 2721 ID449 - Hacking the application won't do anything, we need to quantify the open-source SMS pixel!
<39>1 2025-12-17T17:49:19.306Z seniornetworks.net et 7171 ID499 - We need to bypass the optical TCP port!
<55>2 2025-12-17T17:49:19.306Z investorusers.com ratione 4157 ID228 - Compressing the protocol won't do anything, we need to quantify the open-source HDD hard drive!
<80>2 2025-12-17T17:49:19.306Z districtinfomediaries.info aperiam 1002 ID737 - We need to connect the virtual SMS matrix!
<155>1 2025-12-17T17:49:19.306Z forwardinnovate.name ipsa 7853 ID702 - The PCI panel is down, parse the solid state microchip so we can index the XML feed!
<176>1 2025-12-17T17:49:19.306Z humanrecontextualize.biz facilis 170 ID672 - We need to parse the wireless SAS pixel!
<152>1 2025-12-17T17:49:43Z forwardmindshare.io nostrum 2222 ID252 - user=mahi_mohashin password=lZGO9ZCSa0o6 status=invalid
<97>2 2025-12-17T17:49:19.306Z regionalschemas.io impedit 9864 ID105 - We need to index the solid state HTTP transmitter!
<152>1 2025-12-17T17:49:47Z forwardmindshare.io nostrum 2222 ID252 - user=matthew_gibsonlopez password=SDcdhgJ77RIl status=invalid
<152>1 2025-12-17T17:49:48Z forwardmindshare.io nostrum 2222 ID252 - user=dyshana_torres_rivera password=hlGllA8c5Z status=invalid
<113>1 2025-12-17T17:49:19.306Z productcustomized.net earum 1909 ID115 - The PNG port is down, calculate the cross-platform bus so we can generate the SDD firewall!
<166>1 2025-12-17T17:49:19.306Z corporatescale.name nihil 4085 ID202 - The SSL microchip is down, program the auxiliary transmitter so we can override the SQL protocol!
<174>3 2025-12-17T17:49:19.306Z forwardmonetize.name fugiat 305 ID323 - Use the back-end SMS interface, then you can connect the multi-byte interface!
<58>3 2025-12-17T17:49:19.306Z chiefwhiteboard.info iusto 5733 ID589 - You can't hack the matrix without generating the optical SMTP feed!
<27>1 2025-12-17T17:49:19.306Z forwardinnovative.io error 4832 ID436 - You can't override the circuit without hacking the online SMTP microchip!
<173>3 2025-12-17T17:49:19.306Z regionalend-to-end.io dolorem 5371 ID490 - Use the neural AGP bus, then you can override the digital pixel!
<152>1 2025-12-17T17:49:53Z forwardmindshare.io nostrum 2222 ID252 - user=rajendra_boppana password=m1bRzDBOEO3avy status=invalid
<152>1 2025-12-17T17:49:56Z forwardmindshare.io nostrum 2222 ID252 - user=kevin_desai password=Fq7m5WgvLXkOiy status=invalid
<152>1 2025-12-17T17:49:59Z forwardmindshare.io nostrum 2222 ID252 - user=curran_hill password=gfv60eSo6dYcP status=invalid
<152>1 2025-12-17T17:50:04Z forwardmindshare.io nostrum 2222 ID252 - user=hondo_limon password=qj1fujzaaX status=invalid
<152>1 2025-12-17T17:50:05Z forwardmindshare.io nostrum 2222 ID252 - user=dyshana_torres_rivera password=Fqxs0O3ibbf status=invalid
<152>1 2025-12-17T17:50:07Z forwardmindshare.io nostrum 2222 ID252 - user=isabella_bartolomeo password=zFeEnhwRlMw1 status=invalid
<31>3 2025-12-17T17:49:19.306Z chiefengage.net enim 110 ID366 - The JBOD feed is down, calculate the haptic bandwidth so we can copy the FTP alarm!
<159>2 2025-12-17T17:49:19.306Z legacyniches.org quasi 1630 ID574 - You can't parse the protocol without generating the virtual SAS bus!
<114>2 2025-12-17T17:49:19.306Z dynamicextend.org laudantium 2407 ID669 - I'Ll parse the multi-byte IB transmitter, that should bus the PNG protocol!
<183>3 2025-12-17T17:49:19.306Z futurefacilitate.name et 2373 ID18 - You can't compress the circuit without connecting the redundant XML port!
<86>1 2025-12-17T17:49:19.306Z productintegrate.net omnis 4932 ID541 - Use the wireless HTTP program, then you can transmit the primary panel!
<169>3 2025-12-17T17:49:19.306Z directinterfaces.net ducimus 5598 ID975 - The AGP application is down, back up the auxiliary interface so we can navigate the RAM matrix!
<149>3 2025-12-17T17:49:19.306Z customerfacilitate.name et 1414 ID520 - The XML capacitor is down, compress the primary firewall so we can calculate the EXE transmitter!
<2>2 2025-12-17T17:49:19.306Z districtvortals.io est 9298 ID174 - Use the bluetooth PNG application, then you can hack the wireless hard drive!
<189>1 2025-12-17T17:49:19.306Z districtgenerate.io et 457 ID912 - Use the primary RSS protocol, then you can parse the 1080p system!
<125>3 2025-12-17T17:49:19.306Z futureweb-enabled.biz ad 536 ID135 - If we program the port, we can get to the RAM array through the bluetooth PNG panel!
<152>1 2025-12-17T17:50:11Z forwardmindshare.io nostrum 2222 ID252 - user=gabriel_green password=nmsS8kCM8 status=invalid
<98>1 2025-12-17T17:49:19.306Z humanclicks-and-mortar.io voluptatum 8943 ID888 - I'Ll copy the 1080p EXE microchip, that should pixel the HTTP feed!
<152>1 2025-12-17T17:50:16Z forwardmindshare.io nostrum 2222 ID252 - user=eric_lee password=TNyTSOyXV0jT status=invalid
<40>3 2025-12-17T17:49:19.306Z futurearchitect.info veritatis 4906 ID922 - Try to quantify the HTTP capacitor, maybe it will bypass the auxiliary application!
<122>2 2025-12-17T17:49:19.306Z legacye-markets.io sed 9064 ID197 - Try to calculate the GB bus, maybe it will reboot the multi-byte circuit!
<152>1 2025-12-17T17:50:20Z forwardmindshare.io nostrum 2222 ID252 - user=john_oritz password=BaHKjSnjnZ1z status=invalid
<54>2 2025-12-17T17:49:19.306Z humanrecontextualize.org quas 7546 ID309 - Use the virtual JSON capacitor, then you can generate the 1080p array!
<97>3 2025-12-17T17:49:19.306Z forwardleverage.com quibusdam 3168 ID722 - The FTP pixel is down, hack the back-end microchip so we can calculate the GB transmitter!
<100>1 2025-12-17T17:49:19.306Z legacysynthesize.biz reprehenderit 6447 ID103 - You can't input the array without hacking the wireless PCI monitor!
<79>1 2025-12-17T17:49:19.306Z internationalweb-readiness.name cum 3711 ID862 - The SDD application is down, hack the back-end program so we can calculate the TCP program!
<14>3 2025-12-17T17:49:19.306Z futureb2b.biz tempora 989 ID220 - You can't connect the card without programming the solid state USB matrix!
<100>3 2025-12-17T17:49:19.306Z globale-business.biz est 3401 ID997 - Try to program the SSL alarm, maybe it will compress the back-end transmitter!
<152>1 2025-12-17T17:50:21Z forwardmindshare.io nostrum 2222 ID252 - user=john_oritz password=7eJATeGIw3 status=invalid
<152>1 2025-12-17T17:50:26Z forwardmindshare.io nostrum 2222 ID252 - user=mimi_xie password=nalP6I2hC status=invalid
<152>1 2025-12-17T17:50:29Z forwardmindshare.io nostrum 2222 ID252 - user=mimi_xie password=Pv1pRDiOCnD6a1 status=invalid
<129>2 2025-12-17T17:49:19.306Z forwardinterfaces.net adipisci 8619 ID705 - The PCI firewall is down, input the wireless matrix so we can synthesize the SAS monitor!
<152>1 2025-12-17T17:50:33Z forwardmindshare.io nostrum 2222 ID252 - user=mahi_mohashin password=xkdhbHUj status=invalid
<191>3 2025-12-17T17:49:19.306Z districtend-to-end.biz iusto 1936 ID928 - Synthesizing the card won't do anything, we need to override the cross-platform ADP capacitor!
<152>1 2025-12-17T17:50:38Z forwardmindshare.io nostrum 2222 ID252 - user=maanasa_baskar password=MFdocOrBykDg status=invalid
<93>2 2025-12-17T17:49:19.306Z chiefbleeding-edge.com perferendis 5991 ID179 - If we input the card, we can get to the JSON panel through the solid state PCI card!
<30>1 2025-12-17T17:49:19.306Z dynamicarchitect.net ea 4446 ID539 - If we copy the matrix, we can get to the HTTP microchip through the mobile AI capacitor!
<68>3 2025-12-17T17:49:19.306Z corporateproactive.com sunt 5829 ID409 - I'Ll input the online USB program, that should port the JBOD alarm!
<109>2 2025-12-17T17:49:19.306Z corporateincubate.com omnis 9042 ID489 - Try to back up the SMTP pixel, maybe it will index the primary feed!
<152>1 2025-12-17T17:50:42Z forwardmindshare.io nostrum 2222 ID252 - user=matthew_gibson_lopez password=AhvFccyInPAtr status=invalid
<23>1 2025-12-17T17:49:19.306Z centralsupply-chains.org ut 6559 ID888 - We need to copy the mobile JBOD system!
<105>1 2025-12-17T17:49:19.306Z centralreintermediate.com inventore 6540 ID224 - Calculating the array won't do anything, we need to copy the digital EXE system!
<128>3 2025-12-17T17:49:19.306Z leadoptimize.biz qui 3744 ID304 - I'Ll generate the wireless PCI pixel, that should driver the SMTP transmitter!
<144>2 2025-12-17T17:49:19.306Z centraliterate.biz odit 6871 ID613 - If we index the sensor, we can get to the XSS driver through the back-end PCI capacitor!
<152>1 2025-12-17T17:50:44Z forwardmindshare.io nostrum 2222 ID252 - user=kevin_desai password=jiP7YG5NVzkaO status=invalid
<111>2 2025-12-17T17:49:19.306Z legacyworld-class.com qui 9069 ID626 - The XSS port is down, calculate the virtual panel so we can connect the SDD panel!
<152>1 2025-12-17T17:50:46Z forwardmindshare.io nostrum 2222 ID252 - user=rajendra_boppana password=gri0YIGjs9yQ status=invalid
<37>3 2025-12-17T17:49:19.306Z humanfrictionless.net rerum 1722 ID621 - Use the 1080p AI pixel, then you can back up the cross-platform bandwidth!
<187>3 2025-12-17T17:49:19.306Z nationalrecontextualize.io enim 6034 ID245 - We need to quantify the solid state SMS transmitter!
<113>2 2025-12-17T17:49:19.306Z customerfunctionalities.org dolorem 1550 ID256 - The PCI program is down, navigate the virtual panel so we can hack the TCP interface!
<152>1 2025-12-17T17:50:48Z forwardmindshare.io nostrum 2222 ID252 - user=samuel_stone password=JZOWA9RuH3B status=invalid
<138>1 2025-12-17T17:49:19.306Z nationaliterate.name consequuntur 6096 ID278 - I'Ll copy the haptic PCI panel, that should capacitor the EXE bus!
<152>1 2025-12-17T17:50:52Z forwardmindshare.io nostrum 2222 ID252 - user=elocin_pettit password=U1MWVEpgt status=invalid
<152>1 2025-12-17T17:50:53Z forwardmindshare.io nostrum 2222 ID252 - user=john_quarles password=ym5bHu7I7HDqh status=invalid
<147>3 2025-12-17T17:49:19.306Z legacyinnovate.name qui 5952 ID576 - We need to override the cross-platform ADP feed!
<156>1 2025-12-17T17:49:19.306Z centralenable.io nam 1906 ID569 - If we override the alarm, we can get to the CSS matrix through the primary JBOD feed!
<165>3 2025-12-17T17:49:19.306Z customerharness.io sed 4904 ID240 - We need to compress the virtual GB alarm!
<49>3 2025-12-17T17:49:19.306Z futurestrategize.io cum 2528 ID460 - The AGP microchip is down, index the wireless system so we can override the GB alarm!
<16>3 2025-12-17T17:49:19.306Z chieftarget.biz corrupti 9131 ID412 - We need to program the digital AI interface!
<178>1 2025-12-17T17:49:19.306Z internalcollaborative.net mollitia 8684 ID940 - I'Ll compress the redundant XML feed, that should alarm the RSS port!
<152>1 2025-12-17T17:50:54Z forwardmindshare.io nostrum 2222 ID252 - user=mahi_mohashin password=y1xN6StJS06 status=invalid
<184>1 2025-12-17T17:49:19.306Z dynamicevolve.name qui 8119 ID851 - Programming the transmitter won't do anything, we need to program the online PNG alarm!
<111>2 2025-12-17T17:49:19.306Z chiefsystems.com vitae 1615 ID185 - We need to compress the wireless USB driver!
<53>2 2025-12-17T17:49:19.306Z internalunleash.io soluta 4584 ID232 - We need to hack the multi-byte SMTP alarm!
<170>2 2025-12-17T17:49:19.306Z regionalwhiteboard.net voluptatibus 3857 ID891 - Try to hack the XSS application, maybe it will program the primary alarm!
<22>3 2025-12-17T17:49:19.306Z dynamicrecontextualize.info possimus 7233 ID990 - If we back up the firewall, we can get to the CSS protocol through the neural JSON application!
<154>1 2025-12-17T17:49:19.306Z chiefnetworks.info et 8726 ID336 - The USB matrix is down, program the auxiliary interface so we can hack the SDD panel!
<11>1 2025-12-17T17:49:19.306Z centralenable.io necessitatibus 1784 ID845 - The TCP transmitter is down, quantify the mobile transmitter so we can navigate the AI program!
<191>3 2025-12-17T17:49:19.306Z internalinnovate.info animi 5750 ID164 - I'Ll bypass the virtual RSS transmitter, that should circuit the IB array!
<139>3 2025-12-17T17:49:19.306Z customeriterate.info sed 2632 ID349 - I'Ll hack the redundant SDD capacitor, that should feed the EXE bus!
<35>2 2025-12-17T17:49:19.306Z dynamicdynamic.net consequatur 8939 ID221 - I'Ll copy the primary ADP transmitter, that should panel the USB card!
<152>1 2025-12-17T17:50:56Z forwardmindshare.io nostrum 2222 ID252 - user=matthew_gibsonlopez password=tRqd4dwxKfjyCa status=invalid
<126>3 2025-12-17T17:49:19.306Z regionalexperiences.org voluptate 3939 ID2 - The JBOD application is down, reboot the online matrix so we can generate the FTP system!
<121>1 2025-12-17T17:49:19.306Z centralbleeding-edge.com blanditiis 3411 ID907 - Bypassing the hard drive won't do anything, we need to quantify the multi-byte GB program!
<113>3 2025-12-17T17:49:19.306Z leaddot-com.com sint 1495 ID528 - If we calculate the capacitor, we can get to the XSS circuit through the multi-byte SCSI port!
<98>3 2025-12-17T17:49:19.306Z customergrow.io molestiae 536 ID93 - If we hack the protocol, we can get to the GB matrix through the back-end COM monitor!
<8>1 2025-12-17T17:49:19.306Z productiterate.net porro 8741 ID925 - Use the neural RAM transmitter, then you can compress the open-source hard drive!
<92>2 2025-12-17T17:49:19.306Z dynamicvisualize.info sunt 4030 ID5 - Copying the port won't do anything, we need to override the haptic USB sensor!
<5>3 2025-12-17T17:49:19.306Z regionalreinvent.name distinctio 6695 ID298 - If we hack the panel, we can get to the HTTP transmitter through the mobile JSON capacitor!
<152>1 2025-12-17T17:51:01Z forwardmindshare.io nostrum 2222 ID252 - user=josie_sauceda password=7KoWzzpP7 status=invalid
<152>1 2025-12-17T17:51:03Z forwardmindshare.io nostrum 2222 ID252 - user=curran_hill password=niN94uR7 status=invalid
<118>1 2025-12-17T17:49:19.306Z directbrand.name ut 6728 ID291 - We need to hack the haptic XML transmitter!
<137>3 2025-12-17T17:49:19.306Z nationalinterfaces.name illum 8049 ID458 - Compressing the matrix won't do anything, we need to quantify the cross-platform SAS port!
<22>3 2025-12-17T17:49:19.306Z internationalredefine.org voluptas 4433 ID947 - Try to bypass the COM capacitor, maybe it will connect the solid state card!
<187>1 2025-12-17T17:49:19.306Z customerenable.name velit 7360 ID890 - Try to connect the JSON transmitter, maybe it will compress the cross-platform card!
<170>2 2025-12-17T17:49:19.306Z centralmaximize.biz quae 751 ID867 - The SMTP bus is down, override the haptic bandwidth so we can quantify the USB protocol!
<152>1 2025-12-17T17:51:07Z forwardmindshare.io nostrum 2222 ID252 - user=rajendra_boppana password=PtKphXGK3K8 status=invalid
<152>1 2025-12-17T17:51:11Z forwardmindshare.io nostrum 2222 ID252 - user=blessy password=y30ArDJKORxz status=invalid
<143>3 2025-12-17T17:49:19.306Z humanstreamline.com ducimus 1351 ID210 - I'Ll index the bluetooth SMS circuit, that should circuit the SSL monitor!
<152>1 2025-12-17T17:51:12Z forwardmindshare.io nostrum 2222 ID252 - user=john_heaps password=T5lasQXYnbzv4N status=invalid
<28>2 2025-12-17T17:49:19.306Z directintegrated.net rem 6088 ID74 - We need to generate the digital RAM circuit!
<152>1 2025-12-17T17:51:17Z forwardmindshare.io nostrum 2222 ID252 - user=hondo_limon password=rGlpkIsOcA status=invalid
<100>2 2025-12-17T17:49:19.306Z leadgenerate.org iure 6467 ID195 - If we reboot the transmitter, we can get to the XML firewall through the online PCI application!
<100>3 2025-12-17T17:49:19.306Z humanrich.org et 7061 ID235 - Try to connect the AGP monitor, maybe it will navigate the online card!
<23>2 2025-12-17T17:49:19.306Z leadsynergies.com quae 1303 ID951 - Use the primary RAM monitor, then you can copy the open-source feed!
<177>2 2025-12-17T17:49:19.306Z customernetworks.name sit 4738 ID437 - I'Ll back up the mobile THX interface, that should application the CSS firewall!
<45>2 2025-12-17T17:49:19.306Z productreinvent.com architecto 6030 ID236 - If we input the hard drive, we can get to the XML matrix through the online JBOD driver!
<131>1 2025-12-17T17:49:19.306Z customerextensible.org dolor 24 ID225 - We need to parse the wireless XML transmitter!
<70>1 2025-12-17T17:49:19.306Z humaninnovate.info et 115 ID644 - I'Ll connect the wireless SMTP panel, that should application the XSS bandwidth!
<56>2 2025-12-17T17:49:19.306Z futurerevolutionize.name temporibus 8481 ID309 - You can't hack the firewall without generating the primary USB capacitor!
<115>1 2025-12-17T17:49:19.306Z dynamicsystems.name cupiditate 8070 ID56 - Try to parse the PNG microchip, maybe it will override the multi-byte circuit!
<120>3 2025-12-17T17:49:19.306Z leadoptimize.com totam 684 ID140 - We need to connect the back-end TCP hard drive!
<152>1 2025-12-17T17:51:22Z forwardmindshare.io nostrum 2222 ID252 - user=william_chen password=gd36U9uL8ZE5q status=invalid
<132>3 2025-12-17T17:49:19.306Z nationalstreamline.info pariatur 1918 ID55 - Try to program the SMS system, maybe it will back up the wireless matrix!
<191>2 2025-12-17T17:49:19.306Z leadmaximize.com repellat 6692 ID724 - Synthesizing the transmitter won't do anything, we need to index the back-end RAM pixel!
<16>2 2025-12-17T17:49:19.306Z corporatesynergies.name voluptatem 1880 ID287 - Try to hack the FTP port, maybe it will bypass the solid state hard drive!
<18>1 2025-12-17T17:49:19.306Z futureiterate.info fugiat 4525 ID196 - Use the bluetooth SDD microchip, then you can copy the mobile driver!
<21>1 2025-12-17T17:49:19.306Z directinfrastructures.biz a 8006 ID212 - If we back up the driver, we can get to the PCI feed through the auxiliary HTTP bandwidth!
<43>3 2025-12-17T17:49:19.306Z nationalgenerate.net et 9216 ID133 - You can't index the panel without overriding the online JSON alarm!
<152>1 2025-12-17T17:51:23Z forwardmindshare.io nostrum 2222 ID252 - user=drew_osborn password=LviDlX57 status=invalid
<153>3 2025-12-17T17:49:19.306Z centralcultivate.info impedit 6690 ID945 - The AI sensor is down, bypass the neural hard drive so we can back up the SSL alarm!
<129>3 2025-12-17T17:49:19.306Z dynamicmaximize.net quidem 9462 ID683 - If we generate the port, we can get to the SCSI sensor through the back-end JBOD sensor!
<89>3 2025-12-17T17:49:19.306Z corporateinteractive.biz voluptates 3877 ID123 - Compressing the protocol won't do anything, we need to synthesize the back-end JBOD bus!
<169>1 2025-12-17T17:49:19.306Z nationale-tailers.net alias 4507 ID717 - You can't index the driver without hacking the optical SCSI alarm!
<160>3 2025-12-17T17:49:19.306Z directe-commerce.name illum 8650 ID586 - We need to generate the 1080p RAM circuit!
<38>1 2025-12-17T17:49:19.306Z humanstrategize.com saepe 2989 ID877 - You can't synthesize the transmitter without programming the mobile XSS monitor!
<22>2 2025-12-17T17:49:19.306Z seniorinfrastructures.com sequi 9439 ID917 - If we quantify the port, we can get to the IB transmitter through the bluetooth RSS card!
<156>1 2025-12-17T17:49:19.306Z futureimplement.name est 2521 ID323 - The JSON pixel is down, index the neural bus so we can navigate the SCSI program!
<152>1 2025-12-17T17:51:24Z forwardmindshare.io nostrum 2222 ID252 - user=elocin_pettit password=vY0ZZhawS status=invalid
<152>1 2025-12-17T17:51:28Z forwardmindshare.io nostrum 2222 ID252 - user=gabriel_green password=hYhBaqK4hg3w status=invalid
<70>3 2025-12-17T17:49:19.306Z internationalmatrix.biz ipsum 3294 ID626 - Try to program the SSL feed, maybe it will copy the haptic circuit!
<179>1 2025-12-17T17:49:19.306Z nationalevolve.io vitae 8862 ID683 - Try to reboot the JBOD monitor, maybe it will synthesize the 1080p monitor!
<152>1 2025-12-17T17:51:30Z forwardmindshare.io nostrum 2222 ID252 - user=daniel_ruiz password=Wzoq414tOpE status=invalid
<24>2 2025-12-17T17:49:19.306Z directdot-com.name et 6116 ID649 - The PNG application is down, input the wireless bandwidth so we can input the THX panel!
<70>1 2025-12-17T17:49:19.306Z legacystrategize.info et 7801 ID909 - Generating the application won't do anything, we need to index the cross-platform SQL matrix!
<152>1 2025-12-17T17:51:32Z forwardmindshare.io nostrum 2222 ID252 - user=maanasa_baskar password=6rwAomU6A status=invalid
<152>1 2025-12-17T17:51:33Z forwardmindshare.io nostrum 2222 ID252 - user=elocin_pettit password=4SWG5pYFbub status=invalid
<152>1 2025-12-17T17:51:34Z forwardmindshare.io nostrum 2222 ID252 - user=martin_benavides password=1ViSTy0OG status=invalid
<165>1 2025-12-17T17:49:19.306Z regionalb2c.info veritatis 9948 ID993 - If we bypass the circuit, we can get to the PCI application through the digital SAS firewall!
<167>1 2025-12-17T17:49:19.306Z leadrobust.name doloribus 2219 ID694 - I'Ll navigate the 1080p TCP panel, that should bandwidth the HDD capacitor!
<152>1 2025-12-17T17:51:37Z forwardmindshare.io nostrum 2222 ID252 - user=rajkumar_banoth password=QDM5CD5K1nApj status=invalid
<186>3 2025-12-17T17:49:19.306Z globaldynamic.biz qui 1261 ID685 - I'Ll parse the online PCI card, that should array the USB bus!
<152>1 2025-12-17T17:51:42Z forwardmindshare.io nostrum 2222 ID252 - user=john_quarles password=l0cOeNpOeWTN status=invalid
<162>1 2025-12-17T17:49:19.306Z futureglobal.net soluta 5821 ID351 - Parsing the microchip won't do anything, we need to bypass the auxiliary RAM firewall!
<133>1 2025-12-17T17:49:19.306Z districtmonetize.biz optio 3047 ID373 - Parsing the bus won't do anything, we need to back up the primary AI array!
<33>2 2025-12-17T17:49:19.306Z nationalsynergize.io quia 630 ID563 - Use the haptic ADP sensor, then you can copy the cross-platform protocol!
<177>1 2025-12-17T17:49:19.306Z dynamicsynergize.net voluptate 143 ID646 - You can't synthesize the circuit without indexing the neural SAS protocol!
<153>2 2025-12-17T17:49:19.306Z directniches.name debitis 7038 ID991 - You can't back up the feed without indexing the 1080p XML pixel!
<141>2 2025-12-17T17:49:19.306Z districtproductize.name iste 1588 ID5 - The COM alarm is down, copy the optical port so we can transmit the SMS driver!
<152>1 2025-12-17T17:51:43Z forwardmindshare.io nostrum 2222 ID252 - user=john_quarles password=658Wi2FVP4wn status=invalid
<185>3 2025-12-17T17:49:19.306Z legacyrelationships.biz perspiciatis 7546 ID686 - Transmitting the monitor won't do anything, we need to index the mobile HDD driver!
<126>3 2025-12-17T17:49:19.306Z chiefbleeding-edge.name rerum 8022 ID377 - You can't input the firewall without overriding the bluetooth USB hard drive!
<152>1 2025-12-17T17:51:45Z forwardmindshare.io nostrum 2222 ID252 - user=william_chen password=tRbM82lfS status=invalid
<152>1 2025-12-17T17:51:50Z forwardmindshare.io nostrum 2222 ID252 - user=martin_benavides password=YLIP6WJZNXk9 status=invalid
<152>1 2025-12-17T17:51:51Z forwardmindshare.io nostrum 2222 ID252 - user=hailey_muniz password=eu010riIMwq1y9 status=invalid
<152>1 2025-12-17T17:51:56Z forwardmindshare.io nostrum 2222 ID252 - user=isabella_bartolomeo password=26hYVPxzfZ status=invalid
<152>1 2025-12-17T17:52:00Z forwardmindshare.io nostrum 2222 ID252 - user=john_oritz password=RLEcipCrH6uE0v status=invalid
<53>2 2025-12-17T17:49:19.306Z dynamicstrategic.name et 7920 ID642 - I'Ll synthesize the online COM circuit, that should array the PNG feed!
<152>1 2025-12-17T17:52:03Z forwardmindshare.io nostrum 2222 ID252 - user=tonya password=tRliTs7bTB4IyG status=invalid
<114>2 2025-12-17T17:49:19.306Z dynamicdisintermediate.net qui 8916 ID32 - We need to generate the auxiliary IB pixel!
<173>2 2025-12-17T17:49:19.306Z leadb2b.com et 1580 ID753 - Parsing the transmitter won't do anything, we need to navigate the online HDD microchip!
<34>1 2025-12-17T17:49:19.306Z nationalmesh.net nihil 9682 ID645 - Try to connect the THX pixel, maybe it will hack the virtual card!
<101>3 2025-12-17T17:49:19.306Z dynamictransparent.org consequatur 9871 ID928 - Try to hack the GB capacitor, maybe it will compress the open-source firewall!
<146>2 2025-12-17T17:49:19.306Z directone-to-one.info omnis 9368 ID360 - We need to reboot the back-end SAS card!
<19>2 2025-12-17T17:49:19.306Z dynamictransform.net qui 4159 ID177 - The ADP capacitor is down, bypass the wireless transmitter so we can override the GB card!
<36>2 2025-12-17T17:49:19.306Z internalenable.biz libero 5430 ID982 - You can't calculate the monitor without copying the wireless CSS bus!
<152>1 2025-12-17T17:52:06Z forwardmindshare.io nostrum 2222 ID252 - user=daniel_ruiz password=51RZbDV54ZqL status=invalid
<7>3 2025-12-17T17:49:19.306Z futuresynergistic.info ea 6878 ID910 - You can't quantify the port without calculating the cross-platform SMTP bandwidth!
<105>3 2025-12-17T17:49:19.306Z futuresticky.com possimus 5158 ID140 - Use the cross-platform COM port, then you can bypass the mobile matrix!
<64>2 2025-12-17T17:49:19.306Z principal24/365.net id 9075 ID704 - The RAM firewall is down, connect the open-source port so we can navigate the SMS bandwidth!
<152>1 2025-12-17T17:52:07Z forwardmindshare.io nostrum 2222 ID252 - user=martin_benavides password=iESM2oZnuNn6mt status=invalid
<152>1 2025-12-17T17:52:08Z forwardmindshare.io nostrum 2222 ID252 - user=matthew_gibsonlopez password=mXYBo5M0sj6K status=invalid
<18>3 2025-12-17T17:49:19.306Z centralrepurpose.com aut 6129 ID353 - Parsing the alarm won't do anything, we need to compress the 1080p CSS bandwidth!
<85>2 2025-12-17T17:49:19.306Z customerstreamline.biz rerum 82 ID961 - Try to parse the SQL card, maybe it will transmit the mobile bandwidth!
<24>2 2025-12-17T17:49:19.306Z dynamicsystems.name tempore 8310 ID392 - If we quantify the monitor, we can get to the JBOD firewall through the cross-platform AI program!
<39>3 2025-12-17T17:49:19.306Z investormaximize.org suscipit 8598 ID900 - Use the online JSON panel, then you can compress the mobile sensor!
<152>1 2025-12-17T17:52:11Z forwardmindshare.io nostrum 2222 ID252 - user=curran_hill password=qq0Er5Ch1p4Qco status=invalid
<89>2 2025-12-17T17:49:19.306Z regionalfrictionless.info neque 3372 ID622 - You can't copy the bandwidth without compressing the open-source USB bus!
<96>1 2025-12-17T17:49:19.306Z nationalinfrastructures.com quis 659 ID65 - Use the open-source PCI firewall, then you can back up the open-source card!
<152>1 2025-12-17T17:52:14Z forwardmindshare.io nostrum 2222 ID252 - user=samuel_stone password=RRw5rSnv status=invalid
<130>2 2025-12-17T17:49:19.306Z chiefpartnerships.biz facilis 3216 ID43 - We need to reboot the online ADP program!
<26>3 2025-12-17T17:49:19.306Z internalgrow.biz eos 6595 ID944 - Try to parse the USB application, maybe it will override the neural hard drive!
<150>1 2025-12-17T17:49:19.306Z centrale-commerce.com rerum 7826 ID104 - You can't reboot the port without backing up the wireless ADP sensor!
<119>2 2025-12-17T17:49:19.306Z internalinnovative.com in 7715 ID884 - Use the cross-platform SDD bandwidth, then you can compress the haptic port!
<169>2 2025-12-17T17:49:19.306Z humanmarkets.net laborum 8162 ID498 - Use the haptic SCSI system, then you can bypass the open-source firewall!
<126>1 2025-12-17T17:49:19.306Z globalstreamline.info et 5401 ID965 - Use the optical HDD application, then you can compress the redundant feed!
<123>2 2025-12-17T17:49:19.306Z centrale-enable.biz hic 2823 ID112 - If we input the matrix, we can get to the HDD interface through the multi-byte SMS interface!
<2>1 2025-12-17T17:49:19.306Z districtbest-of-breed.com necessitatibus 3940 ID596 - If we bypass the card, we can get to the CSS panel through the neural TCP program!
<81>1 2025-12-17T17:49:19.306Z globalcutting-edge.net asperiores 648 ID404 - You can't quantify the matrix without compressing the 1080p SMS firewall!
<152>1 2025-12-17T17:52:16Z forwardmindshare.io nostrum 2222 ID252 - user=samuel_stone password=0yhOe61Jypu status=invalid
<152>1 2025-12-17T17:52:17Z forwardmindshare.io nostrum 2222 ID252 - user=kevin_desai password=wY9fqpVsYf status=invalid
<152>1 2025-12-17T17:52:19Z forwardmindshare.io nostrum 2222 ID252 - user=tonya password=dotm4dd4Zrh7f status=invalid
<107>1 2025-12-17T17:49:19.306Z globalweb services.io excepturi 105 ID730 - You can't quantify the program without quantifying the virtual SDD alarm!
<77>2 2025-12-17T17:49:19.306Z globalleading-edge.org ut 9972 ID923 - Backing up the panel won't do anything, we need to program the neural SDD panel!
<6>1 2025-12-17T17:49:19.306Z globalseamless.net quaerat 3227 ID964 - You can't reboot the port without generating the multi-byte FTP microchip!
<152>1 2025-12-17T17:52:21Z forwardmindshare.io nostrum 2222 ID252 - user=dyshana_torres_rivera password=Gw52VPMz status=invalid
<114>1 2025-12-17T17:49:19.306Z chiefdynamic.net sequi 6361 ID974 - We need to back up the neural TCP bandwidth!
<140>2 2025-12-17T17:49:19.306Z investorvisionary.com sed 97 ID700 - I'Ll back up the 1080p AGP feed, that should sensor the FTP panel!
<179>2 2025-12-17T17:49:19.306Z dynamictransparent.net voluptatem 433 ID274 - If we transmit the microchip, we can get to the COM capacitor through the primary FTP sensor!
<26>3 2025-12-17T17:49:19.306Z regionalopen-source.name in 9275 ID854 - I'Ll index the wireless CSS feed, that should array the XML panel!
<135>1 2025-12-17T17:49:19.306Z regionalcutting-edge.net est 3638 ID958 - We need to reboot the back-end JBOD pixel!
<152>1 2025-12-17T17:52:23Z forwardmindshare.io nostrum 2222 ID252 - user=gabriel_green password=zLGOH6tELhd status=invalid
<152>1 2025-12-17T17:52:26Z forwardmindshare.io nostrum 2222 ID252 - user=joshua_silva password=1P4xDYL8vaZ status=invalid
<152>1 2025-12-17T17:52:28Z forwardmindshare.io nostrum 2222 ID252 - user=ali_dogru password=QU5EYfCg12VrL status=invalid
<15>3 2025-12-17T17:49:19.306Z internalenvisioneer.net dolor 497 ID11 - Indexing the card won't do anything, we need to compress the open-source THX hard drive!
<136>3 2025-12-17T17:49:19.306Z internationalstreamline.name est 9765 ID195 - If we back up the circuit, we can get to the JSON bus through the bluetooth SSL bus!
<119>1 2025-12-17T17:49:19.306Z directaction-items.biz omnis 1449 ID54 - I'Ll index the solid state SMS monitor, that should transmitter the EXE interface!
<73>2 2025-12-17T17:49:19.306Z centralrelationships.biz at 7383 ID595 - Navigating the transmitter won't do anything, we need to program the redundant RSS circuit!
<141>1 2025-12-17T17:49:19.306Z chiefvisionary.io autem 6701 ID451 - You can't connect the application without backing up the mobile JSON feed!
<180>2 2025-12-17T17:49:19.306Z legacyweb-readiness.net quis 1450 ID93 - I'Ll index the solid state SQL monitor, that should sensor the HTTP monitor!
<161>3 2025-12-17T17:49:19.306Z humanconvergence.name molestias 184 ID821 - Use the neural THX driver, then you can hack the solid state matrix!
<144>3 2025-12-17T17:49:19.306Z corporateworld-class.org earum 5815 ID889 - Try to connect the THX monitor, maybe it will bypass the mobile panel!
<25>1 2025-12-17T17:49:19.306Z humanworld-class.org pariatur 4937 ID980 - Use the redundant PCI card, then you can program the primary driver!
<34>1 2025-12-17T17:49:19.306Z internaldeploy.info architecto 5862 ID464 - Use the primary SDD firewall, then you can bypass the multi-byte feed!
<9>2 2025-12-17T17:49:19.306Z centralrevolutionary.org quia 2240 ID290 - If we input the microchip, we can get to the SQL circuit through the neural SQL application!
<152>1 2025-12-17T17:52:30Z forwardmindshare.io nostrum 2222 ID252 - user=hailey_muniz password=14M7NojdC0 status=invalid
<152>1 2025-12-17T17:52:32Z forwardmindshare.io nostrum 2222 ID252 - user=matthew_gibson_lopez password=LVVrPYXM4 status=invalid
<82>2 2025-12-17T17:49:19.306Z nationalintegrated.io quo 3373 ID642 - Generating the port won't do anything, we need to reboot the primary ADP alarm!
<80>3 2025-12-17T17:49:19.306Z dynamiccompelling.name quis 7403 ID449 - You can't override the monitor without calculating the solid state SQL feed!
<114>2 2025-12-17T17:49:19.306Z customergrow.io enim 3669 ID403 - Programming the hard drive won't do anything, we need to connect the redundant FTP program!
<152>1 2025-12-17T17:52:36Z forwardmindshare.io nostrum 2222 ID252 - user=matthew_gibson_lopez password=IDj2RFu5XFnJlI status=invalid
<105>1 2025-12-17T17:49:19.306Z seniore-services.org est 8277 ID625 - Use the digital RAM system, then you can connect the primary protocol!
<42>2 2025-12-17T17:49:19.306Z dynamicstrategize.com minus 7859 ID671 - Connecting the bus won't do anything, we need to calculate the auxiliary EXE sensor!
<73>1 2025-12-17T17:49:19.306Z productuser-centric.org quibusdam 1189 ID280 - Navigating the program won't do anything, we need to compress the open-source IB firewall!
<56>1 2025-12-17T17:49:19.306Z regionalorchestrate.name illo 6603 ID51 - Try to navigate the SMTP driver, maybe it will hack the open-source firewall!
<95>3 2025-12-17T17:49:19.306Z dynamictarget.name corporis 6963 ID238 - I'Ll calculate the wireless PCI matrix, that should alarm the HTTP bus!
<152>1 2025-12-17T17:52:38Z forwardmindshare.io nostrum 2222 ID252 - user=william_chen password=tvrIBGHP status=invalid
<160>1 2025-12-17T17:49:19.306Z districtincubate.com quae 4905 ID176 - You can't input the hard drive without transmitting the multi-byte JSON firewall!
<152>1 2025-12-17T17:52:39Z forwardmindshare.io nostrum 2222 ID252 - user=john_heaps password=WisSdsq0C status=invalid
<34>2 2025-12-17T17:49:19.306Z humanarchitect.name sed 906 ID453 - Try to input the SMTP program, maybe it will hack the bluetooth microchip!
<101>1 2025-12-17T17:49:19.306Z dynamicvalue-added.biz excepturi 4085 ID686 - Try to quantify the CSS program, maybe it will quantify the back-end interface!
<38>1 2025-12-17T17:49:19.306Z globalexpedite.io quasi 5325 ID430 - Use the primary HTTP hard drive, then you can override the 1080p bus!
<121>3 2025-12-17T17:49:19.306Z corporateinfrastructures.info qui 2787 ID596 - Use the digital RSS bus, then you can quantify the redundant hard drive!
<143>2 2025-12-17T17:49:19.306Z chiefmethodologies.com iure 5356 ID779 - You can't navigate the array without bypassing the primary THX firewall!
<61>1 2025-12-17T17:49:19.306Z leadrecontextualize.net repellendus 5728 ID992 - I'Ll generate the open-source IB bandwidth, that should pixel the CSS card!
<16>1 2025-12-17T17:49:19.306Z chiefcustomized.net magnam 2651 ID216 - We need to synthesize the bluetooth AGP transmitter!
<17>2 2025-12-17T17:49:19.306Z leaditerate.net id 6601 ID940 - I'Ll copy the primary HTTP card, that should pixel the CSS bus!
<116>2 2025-12-17T17:49:19.306Z internalfront-end.name corrupti 2788 ID640 - Transmitting the bus won't do anything, we need to override the auxiliary PCI capacitor!
<100>2 2025-12-17T17:49:19.306Z futureleverage.net saepe 8497 ID87 - You can't generate the monitor without generating the optical SQL microchip!
<57>2 2025-12-17T17:49:19.306Z centralvirtual.name sint 2461 ID11 - The SMTP bus is down, hack the primary transmitter so we can synthesize the THX bandwidth!
<39>1 2025-12-17T17:49:19.306Z nationalgenerate.biz dicta 6954 ID51 - Try to generate the EXE driver, maybe it will program the neural driver!
<37>1 2025-12-17T17:49:19.306Z dynamicinfrastructures.info ab 2397 ID729 - Indexing the transmitter won't do anything, we need to generate the mobile SSL feed!
<170>3 2025-12-17T17:49:19.306Z districtcutting-edge.name nesciunt 6093 ID994 - If we parse the microchip, we can get to the EXE bandwidth through the redundant RSS circuit!
<154>3 2025-12-17T17:49:19.306Z globalscale.com culpa 8506 ID611 - Try to hack the SMS port, maybe it will index the solid state firewall!
<70>3 2025-12-17T17:49:19.306Z corporateusers.io eveniet 2763 ID560 - You can't input the bus without backing up the wireless EXE firewall!
<183>3 2025-12-17T17:49:19.306Z investoraggregate.org aspernatur 3782 ID530 - If we compress the transmitter, we can get to the XML application through the primary SQL array!
<140>3 2025-12-17T17:49:19.306Z forwardmorph.com corporis 5688 ID942 - Use the optical COM port, then you can quantify the virtual hard drive!
<109>1 2025-12-17T17:49:19.306Z centralproactive.name tempore 8658 ID378 - The SMS feed is down, back up the virtual application so we can generate the SQL hard drive!
<140>3 2025-12-17T17:49:19.306Z futurereal-time.biz repellendus 1892 ID876 - I'Ll parse the open-source USB matrix, that should array the PCI panel!
<152>1 2025-12-17T17:52:41Z forwardmindshare.io nostrum 2222 ID252 - user=blessy password=kwAr95VyaX4tuN status=invalid
<152>1 2025-12-17T17:52:42Z forwardmindshare.io nostrum 2222 ID252 - user=tonya password=PewNf1Dbk3 status=invalid
<26>1 2025-12-17T17:49:19.306Z dynamicinfrastructures.name possimus 7294 ID462 - I'Ll bypass the primary USB sensor, that should monitor the HDD interface!
<152>1 2025-12-17T17:52:44Z forwardmindshare.io nostrum 2222 ID252 - user=timothy_yuen password=Ri9GKm4ykbD4 status=invalid
<164>1 2025-12-17T17:49:19.306Z centralrich.io necessitatibus 634 ID86 - Try to hack the USB sensor, maybe it will synthesize the virtual microchip!
<35>2 2025-12-17T17:49:19.306Z internalcontent.name placeat 3699 ID53 - Use the auxiliary EXE array, then you can parse the virtual hard drive!
<79>3 2025-12-17T17:49:19.306Z regionalcollaborative.com aspernatur 3023 ID461 - The AI bus is down, navigate the solid state interface so we can generate the RSS panel!
<7>2 2025-12-17T17:49:19.306Z corporatereinvent.com quam 3119 ID299 - I'Ll compress the digital USB feed, that should bus the SSL interface!
<152>1 2025-12-17T17:52:49Z forwardmindshare.io nostrum 2222 ID252 - user=josie_sauceda password=DavfzKjqvoP status=invalid
<152>1 2025-12-17T17:52:51Z forwardmindshare.io nostrum 2222 ID252 - user=maanasa_baskar password=gt842cgvMnQ2O status=invalid
<189>2 2025-12-17T17:49:19.306Z regionalend-to-end.name illum 6200 ID413 - We need to program the back-end COM sensor!
<138>3 2025-12-17T17:49:19.306Z internationalbandwidth.biz debitis 8070 ID327 - Use the digital TCP hard drive, then you can compress the digital protocol!
<152>1 2025-12-17T17:52:54Z forwardmindshare.io nostrum 2222 ID252 - user=josie_sauceda password=lHGuFSXj1rYLR status=invalid
<182>2 2025-12-17T17:49:19.306Z corporatemaximize.biz voluptatem 2094 ID408 - We need to index the back-end ADP transmitter!
<38>2 2025-12-17T17:49:19.306Z leade-enable.io amet 7914 ID279 - I'Ll back up the haptic AI application, that should bandwidth the SCSI driver!
<152>1 2025-12-17T17:52:59Z forwardmindshare.io nostrum 2222 ID252 - user=timothy_yuen password=HNvsss3yivaoMy status=invalid
<71>2 2025-12-17T17:49:19.306Z seniorvortals.name in 5169 ID477 - Use the mobile HDD interface, then you can parse the virtual program!
<152>1 2025-12-17T17:53:00Z forwardmindshare.io nostrum 2222 ID252 - user=rajkumar_banoth password=0cIj9iGZH status=invalid
<81>1 2025-12-17T17:49:19.306Z investorsynergies.biz qui 9627 ID25 - Programming the bus won't do anything, we need to calculate the back-end RSS hard drive!
<17>1 2025-12-17T17:49:19.306Z chiefb2c.biz ipsa 7782 ID271 - You can't synthesize the firewall without transmitting the open-source THX capacitor!
<152>1 2025-12-17T17:53:02Z forwardmindshare.io nostrum 2222 ID252 - user=mimi_xie password=YdylozCoS1B status=invalid
<152>1 2025-12-17T17:53:06Z forwardmindshare.io nostrum 2222 ID252 - user=hondo_limon password=WAYcjSNlJW354 status=invalid
<119>3 2025-12-17T17:49:19.306Z chiefvisionary.net porro 183 ID783 - I'Ll navigate the virtual RAM bus, that should array the THX capacitor!
<124>1 2025-12-17T17:49:19.306Z seniorengage.name in 4388 ID107 - We need to back up the back-end PNG monitor!
<66>3 2025-12-17T17:49:19.306Z corporatestrategic.org nemo 5155 ID238 - The SMTP hard drive is down, index the auxiliary driver so we can input the SQL port!
<42>1 2025-12-17T17:49:19.306Z centralbleeding-edge.org consequuntur 9829 ID763 - The FTP capacitor is down, hack the 1080p interface so we can calculate the SDD program!
<152>1 2025-12-17T17:53:10Z forwardmindshare.io nostrum 2222 ID252 - user=joshua_silva password=UcgE5dB2 status=invalid
<88>1 2025-12-17T17:49:19.306Z corporatereinvent.com eos 6960 ID42 - Parsing the interface won't do anything, we need to generate the 1080p PCI port!
<145>3 2025-12-17T17:49:19.306Z legacyinterfaces.com et 9457 ID600 - The XSS matrix is down, calculate the primary application so we can navigate the XSS monitor!
<25>3 2025-12-17T17:49:19.306Z directe-markets.com fuga 6363 ID806 - We need to quantify the neural PCI program!
<152>1 2025-12-17T17:53:14Z forwardmindshare.io nostrum 2222 ID252 - user=hailey_muniz password=ZRCIQ6sMSE status=invalid
<152>1 2025-12-17T17:53:15Z forwardmindshare.io nostrum 2222 ID252 - user=drew_osborn password=EmfzubI6v5 status=invalid
<16>2 2025-12-17T17:49:19.306Z internalholistic.io distinctio 9615 ID619 - Compressing the panel won't do anything, we need to reboot the redundant JBOD panel!
<152>1 2025-12-17T17:53:16Z forwardmindshare.io nostrum 2222 ID252 - user=ali_dogru password=yb4VsSUmdsw status=invalid
<152>1 2025-12-17T17:53:17Z forwardmindshare.io nostrum 2222 ID252 - user=isabella_bartolomeo password=1PWSwhgkkFdc4 status=invalid
<120>3 2025-12-17T17:49:19.306Z chiefscale.name laudantium 9248 ID722 - We need to calculate the neural XSS driver!
<180>1 2025-12-17T17:49:19.306Z corporateeyeballs.io modi 9223 ID20 - If we override the matrix, we can get to the SQL port through the auxiliary JBOD capacitor!
<140>3 2025-12-17T17:49:19.306Z global24/365.org quibusdam 3383 ID245 - I'Ll bypass the open-source THX monitor, that should driver the AGP system!
<63>2 2025-12-17T17:49:19.306Z chiefvisionary.name est 4933 ID454 - You can't parse the bandwidth without connecting the haptic SCSI pixel!
<90>2 2025-12-17T17:49:19.306Z leadopen-source.org dolorem 8263 ID823 - We need to generate the 1080p EXE bus!
<152>1 2025-12-17T17:53:18Z forwardmindshare.io nostrum 2222 ID252 - user=ali_dogru password=QFnWLMxPIK7 status=invalid
<17>1 2025-12-17T17:49:19.306Z customerniches.org praesentium 8811 ID498 - Use the neural XSS driver, then you can generate the redundant hard drive!
