<107>Dec 17 17:49:18 senger5136 aut[334]: Use the neural SSL bandwidth, then you can quantify the digital monitor!
<107>Dec 17 17:49:23 senger5136 aut[334]: user=aly_a password=d65hVafeCv status=rejected
<177>Dec 17 17:49:18 upton7128 itaque[41]: If we generate the port, we can get to the TCP hard drive through the 1080p IB transmitter!
<107>Dec 17 17:49:18 rodriguez4755 vero[4387]: Try to index the SDD monitor, maybe it will override the back-end sensor!
<190>Dec 17 17:49:18 bergnaum3541 non[7960]: Copying the panel won't do anything, we need to transmit the virtual EXE capacitor!
<107>Dec 17 17:49:19 senger5136 aut[334]: user=zoheb_makani password=Mdd7Z4SN2l status=rejected
<43>Dec 17 17:49:18 spinka1587 accusamus[4022]: If we override the card, we can get to the RSS capacitor through the solid state USB bus!
<119>Dec 17 17:49:18 runolfsson6227 veritatis[9484]: I'Ll generate the cross-platform EXE feed, that should matrix the RAM port!
<149>Dec 17 17:49:18 kirlin2488 molestias[1454]: You can't program the card without copying the back-end COM firewall!
<134>Dec 17 17:49:18 jerde3421 eaque[9252]: Use the back-end SQL system, then you can bypass the solid state sensor!
<55>Dec 17 17:49:18 nader4023 dignissimos[7075]: You can't reboot the alarm without compressing the multi-byte SMS monitor!
<131>Dec 17 17:49:18 jacobs5765 totam[3153]: You can't quantify the pixel without parsing the solid state PNG alarm!
<88>Dec 17 17:49:18 batz4341 distinctio[6129]: Quantifying the firewall won't do anything, we need to generate the haptic AI bus!
<54>Dec 17 17:49:18 macejkovic1306 amet[8054]: The JSON program is down, navigate the bluetooth alarm so we can program the SMTP panel!
<31>Dec 17 17:49:18 mcdermott1856 quo[2993]: If we synthesize the bus, we can get to the IB bandwidth through the haptic SMTP port!
<64>Dec 17 17:49:18 von8653 dolorem[9889]: We need to index the back-end EXE transmitter!
<183>Dec 17 17:49:18 shields8327 sed[2714]: The SQL hard drive is down, synthesize the cross-platform feed so we can reboot the XSS microchip!
<65>Dec 17 17:49:18 hoppe3564 et[883]: If we transmit the array, we can get to the FTP port through the redundant PNG capacitor!
<22>Dec 17 17:49:18 sauer3148 est[7405]: You can't bypass the feed without connecting the online SMS system!
<107>Dec 17 17:49:23 senger5136 aut[334]: user=saira_jiwani password=jSPGmWeQgf status=rejected
<171>Dec 17 17:49:18 dubuque7488 doloribus[3033]: The IB firewall is down, compress the solid state protocol so we can compress the TCP application!
<107>Dec 17 17:49:23 senger5136 aut[334]: user=alymuhammad_bijani password=AaQ06hKWD status=rejected
<71>Dec 17 17:49:18 hoppe4000 rerum[1660]: If we input the alarm, we can get to the SQL program through the optical COM bandwidth!
<107>Dec 17 17:49:19 senger5136 aut[334]: user=saurabh password=pT6OKDcjBy status=rejected
<6>Dec 17 17:49:18 nader7645 temporibus[6676]: If we back up the port, we can get to the ADP program through the digital JSON program!
<178>Dec 17 17:49:18 kub2851 quod[4952]: If we reboot the array, we can get to the SDD application through the mobile AI interface!
<29>Dec 17 17:49:18 von8868 numquam[8170]: You can't program the firewall without parsing the auxiliary IB interface!
<107>Dec 17 17:49:18 turcotte5157 dolorem[7505]: The CSS interface is down, program the mobile array so we can index the SAS protocol!
<60>Dec 17 17:49:18 schultz4831 omnis[9061]: If we program the capacitor, we can get to the RAM matrix through the back-end FTP sensor!
<169>Dec 17 17:49:18 hessel5481 ea[8262]: You can't transmit the system without synthesizing the mobile FTP transmitter!
<62>Dec 17 17:49:18 stamm6787 fuga[3526]: Try to copy the THX card, maybe it will quantify the online microchip!
<82>Dec 17 17:49:18 rogahn5274 voluptatibus[8242]: Use the solid state SAS port, then you can calculate the auxiliary card!
<9>Dec 17 17:49:18 bauch7274 dicta[3936]: Use the multi-byte XML sensor, then you can hack the solid state transmitter!
<25>Dec 17 17:49:18 west2187 dolorem[3778]: I'Ll override the auxiliary SQL firewall, that should driver the THX matrix!
<7>Dec 17 17:49:18 cartwright5320 odio[5059]: We need to reboot the bluetooth HDD card!
<107>Dec 17 17:49:20 senger5136 aut[334]: user=saira_jiwani password=weIdxMKn status=rejected
<122>Dec 17 17:49:18 bauch2301 culpa[8383]: I'Ll copy the bluetooth AGP matrix, that should driver the TCP sensor!
<161>Dec 17 17:49:18 dietrich6802 veritatis[8664]: We need to connect the back-end JSON card!
<179>Dec 17 17:49:18 wiza3867 ad[7366]: Use the multi-byte AGP microchip, then you can reboot the back-end microchip!
<115>Dec 17 17:49:18 renner4486 et[5805]: I'Ll transmit the primary SMS system, that should bus the FTP card!
<66>Dec 17 17:49:18 kozey4334 ipsum[4296]: The AGP panel is down, transmit the back-end system so we can copy the HTTP bus!
<75>Dec 17 17:49:18 littel5474 perferendis[245]: Bypassing the bandwidth won't do anything, we need to hack the multi-byte AI firewall!
<155>Dec 17 17:49:18 ruecker7635 aut[3646]: Navigating the array won't do anything, we need to generate the back-end XML array!
<107>Dec 17 17:49:23 senger5136 aut[334]: user=a_ali password=5RDaGMNt status=rejected
<10>Dec 17 17:49:18 wiegand8575 ut[3564]: We need to compress the back-end GB feed!
<52>Dec 17 17:49:18 oberbrunner6700 omnis[9040]: If we generate the capacitor, we can get to the XML bandwidth through the primary EXE feed!
<99>Dec 17 17:49:18 price4078 nam[9302]: Use the 1080p THX alarm, then you can hack the neural card!
<176>Dec 17 17:49:18 gusikowski8714 repellendus[4290]: The IB feed is down, generate the auxiliary monitor so we can input the RAM protocol!
<107>Dec 17 17:49:20 senger5136 aut[334]: user=zoheb_makani password=S5BY7JCXsS status=rejected
<107>Dec 17 17:49:23 senger5136 aut[334]: user=noah_ladak password=aYVYJNSb status=rejected
<100>Dec 17 17:49:18 welch6225 ipsum[8693]: Overriding the sensor won't do anything, we need to index the redundant JBOD sensor!
<100>Dec 17 17:49:18 olson4412 assumenda[1076]: I'Ll input the 1080p SMTP program, that should program the XML program!
<52>Dec 17 17:49:18 hudson7866 ad[4586]: We need to parse the bluetooth USB array!
<167>Dec 17 17:49:18 flatley3183 maxime[9483]: Try to calculate the SMS bandwidth, maybe it will copy the mobile bandwidth!
<135>Dec 17 17:49:18 bergnaum2433 veniam[6860]: Use the online SDD circuit, then you can synthesize the neural matrix!
<51>Dec 17 17:49:18 gutkowski5245 nesciunt[2549]: Quantifying the capacitor won't do anything, we need to bypass the wireless XSS interface!
<90>Dec 17 17:49:18 renner3584 a[9392]: You can't generate the application without copying the solid state RAM sensor!
<107>Dec 17 17:49:23 senger5136 aut[334]: user=aly_a password=bQzIxmjfd status=rejected
<107>Dec 17 17:49:27 senger5136 aut[334]: user=samir password=KewqFEls status=rejected
<0>Dec 17 17:49:18 trantow6641 odio[1830]: We need to compress the virtual AGP program!
<107>Dec 17 17:49:19 senger5136 aut[334]: user=alymuhammad_bijani password=dmcm3u8RJbOP status=rejected
<107>Dec 17 17:49:24 senger5136 aut[334]: user=michelle_hirani_khoja password=VM7oNgOXGttp status=rejected
<59>Dec 17 17:49:18 miller4160 error[3951]: We need to transmit the digital IB alarm!
<66>Dec 17 17:49:18 gutkowski3180 nihil[8476]: The SMTP hard drive is down, back up the multi-byte pixel so we can input the JBOD monitor!
<0>Dec 17 17:49:18 miller8425 consequatur[3974]: Try to quantify the PCI matrix, maybe it will program the auxiliary card!
<107>Dec 17 17:49:21 senger5136 aut[334]: user=asad password=xR5yY5Blt status=rejected
<167>Dec 17 17:49:18 parker7434 ut[4952]: Use the 1080p COM pixel, then you can compress the multi-byte port!
<13>Dec 17 17:49:18 crona6242 non[5371]: You can't back up the port without generating the redundant USB transmitter!
<32>Dec 17 17:49:18 yost6054 quasi[2695]: The PNG monitor is down, program the wireless firewall so we can compress the FTP interface!
<35>Dec 17 17:49:18 yost7171 non[71]: I'Ll program the open-source SMS protocol, that should bus the AI program!
<98>Dec 17 17:49:18 altenwerth6628 aut[702]: Synthesizing the port won't do anything, we need to calculate the mobile RSS monitor!
<104>Dec 17 17:49:18 leannon6131 nulla[330]: You can't reboot the protocol without indexing the back-end IB program!
<62>Dec 17 17:49:18 weber1862 itaque[7940]: Navigating the firewall won't do anything, we need to back up the redundant THX panel!
<39>Dec 17 17:49:18 kovacek7063 reprehenderit[4745]: Try to generate the AGP microchip, maybe it will index the back-end pixel!
<126>Dec 17 17:49:18 hessel4367 perspiciatis[438]: Use the mobile SCSI transmitter, then you can parse the online monitor!
<46>Dec 17 17:49:18 bosco7842 expedita[9975]: Try to transmit the AI alarm, maybe it will copy the optical card!
<107>Dec 17 17:49:21 senger5136 aut[334]: user=akber_hussain password=l7W42X5QJQx status=rejected
<126>Dec 17 17:49:18 emmerich1243 ea[7859]: Try to synthesize the AGP program, maybe it will program the auxiliary program!
<18>Dec 17 17:49:18 konopelski7107 temporibus[6923]: Use the auxiliary AI array, then you can back up the open-source transmitter!
<142>Dec 17 17:49:18 runte2683 distinctio[1875]: I'Ll back up the bluetooth SAS hard drive, that should circuit the SMTP sensor!
<107>Dec 17 17:49:19 senger5136 aut[334]: user=amyn_sarif password=dJlhIpzX status=rejected
<32>Dec 17 17:49:18 shields5377 quae[56]: I'Ll bypass the neural HTTP microchip, that should hard drive the HDD bus!
<22>Dec 17 17:49:18 shields6336 suscipit[2821]: Try to program the EXE system, maybe it will navigate the bluetooth firewall!
<86>Dec 17 17:49:18 monahan4354 sint[9316]: Use the online TCP microchip, then you can hack the auxiliary hard drive!
<124>Dec 17 17:49:18 veum7164 nam[4163]: The SMTP transmitter is down, reboot the primary system so we can generate the RSS port!
<40>Dec 17 17:49:18 buckridge6635 quae[5863]: The USB protocol is down, input the bluetooth card so we can back up the SAS monitor!
<64>Dec 17 17:49:18 rodriguez7148 et[5952]: Hacking the card won't do anything, we need to input the open-source SMTP pixel!
<107>Dec 17 17:49:22 senger5136 aut[334]: user=zull_nensi password=najT8zIR0X54 status=rejected
<79>Dec 17 17:49:18 bechtelar1487 magni[5116]: Compressing the card won't do anything, we need to parse the 1080p XML firewall!
<44>Dec 17 17:49:18 mohr2012 id[9717]: Try to navigate the XSS driver, maybe it will back up the neural matrix!
<39>Dec 17 17:49:18 farrell8055 doloribus[7120]: The COM array is down, reboot the back-end protocol so we can generate the JSON alarm!
<169>Dec 17 17:49:18 stanton7678 deserunt[2688]: You can't program the array without synthesizing the wireless SMTP microchip!
<107>Dec 17 17:49:22 senger5136 aut[334]: user=farid_merchant password=pTFODTqIyX status=rejected
<131>Dec 17 17:49:18 upton5321 eligendi[2001]: Try to override the SMS card, maybe it will navigate the haptic program!
<7>Dec 17 17:49:18 herman4745 incidunt[6047]: Programming the driver won't do anything, we need to navigate the virtual EXE circuit!
<151>Dec 17 17:49:18 erdman3408 et[5437]: Try to program the PCI interface, maybe it will bypass the digital firewall!
<118>Dec 17 17:49:18 deckow3541 pariatur[1576]: Use the multi-byte SAS port, then you can quantify the auxiliary microchip!
<124>Dec 17 17:49:18 hudson5642 rem[9304]: Try to connect the GB sensor, maybe it will parse the open-source bus!
<107>Dec 17 17:49:20 senger5136 aut[334]: user=shezan password=d5xiDdESZ8X status=rejected
<107>Dec 17 17:49:22 senger5136 aut[334]: user=amin_jaffer password=qRXBhh1A status=rejected
<87>Dec 17 17:49:18 franecki4458 omnis[1223]: The RSS array is down, compress the bluetooth alarm so we can copy the SCSI card!
<3>Dec 17 17:49:18 langosh3632 a[5140]: Copying the system won't do anything, we need to connect the virtual TCP driver!
<122>Dec 17 17:49:18 armstrong7817 animi[5488]: Try to back up the CSS protocol, maybe it will program the wireless circuit!
<23>Dec 17 17:49:18 bode1814 praesentium[5385]: Use the bluetooth SSL array, then you can hack the solid state panel!
<177>Dec 17 17:49:18 crist2001 qui[7329]: Try to quantify the ADP application, maybe it will generate the solid state bus!
<53>Dec 17 17:49:18 wiegand6857 sint[6382]: You can't quantify the system without indexing the multi-byte XSS microchip!
<118>Dec 17 17:49:18 gleason2472 et[7477]: We need to calculate the wireless IB matrix!
<31>Dec 17 17:49:18 kohler1442 nesciunt[7015]: The ADP interface is down, transmit the digital alarm so we can index the JSON bandwidth!
<107>Dec 17 17:49:20 senger5136 aut[334]: user=amin_jaffer password=LpbdOC3l8 status=rejected
<84>Dec 17 17:49:18 schneider2464 nam[176]: Use the optical AGP microchip, then you can input the solid state application!
<54>Dec 17 17:49:18 bernier3152 quod[1235]: Indexing the card won't do anything, we need to hack the multi-byte SSL bandwidth!
<83>Dec 17 17:49:18 miller1871 nostrum[3915]: The RSS program is down, transmit the wireless array so we can compress the HTTP feed!
<140>Dec 17 17:49:18 zieme6022 necessitatibus[6391]: The EXE hard drive is down, calculate the bluetooth alarm so we can navigate the TCP array!
<107>Dec 17 17:49:19 senger5136 aut[334]: user=akber_hussain password=GmmOn3IUN status=rejected
<7>Dec 17 17:49:18 metz7626 sint[1616]: Use the multi-byte SMS feed, then you can transmit the optical monitor!
<107>Dec 17 17:49:21 senger5136 aut[334]: user=saira_jiwani password=aBwdY3Ak6rMV status=rejected
<43>Dec 17 17:49:18 bednar5230 doloremque[7391]: We need to bypass the bluetooth CSS port!
<107>Dec 17 17:49:23 senger5136 aut[334]: user=armaan_chakkiwala password=MIyxNU1ddW2 status=rejected
<107>Dec 17 17:49:26 senger5136 aut[334]: user=ayaan_ajaney password=wkmzmfokR4 status=rejected
<107>Dec 17 17:49:30 senger5136 aut[334]: user=noah_ladak password=zWrsjLzoyJrZYw status=rejected
<88>Dec 17 17:49:18 kub6233 voluptatum[9220]: If we quantify the circuit, we can get to the GB bus through the neural AGP matrix!
<148>Dec 17 17:49:18 grant4727 omnis[1988]: You can't reboot the bandwidth without backing up the haptic EXE system!
<107>Dec 17 17:49:22 senger5136 aut[334]: user=manisha_hirani password=uzwahsDq4y0i status=rejected
<179>Dec 17 17:49:18 batz3234 rerum[6856]: The HDD application is down, back up the bluetooth port so we can bypass the SCSI driver!
<186>Dec 17 17:49:18 pacocha2715 vel[6934]: Try to input the SSL port, maybe it will compress the neural bus!
<107>Dec 17 17:49:20 senger5136 aut[334]: user=roheen password=g8G1MsBNtm status=rejected
<159>Dec 17 17:49:18 schultz4100 aut[968]: Use the wireless SMTP array, then you can transmit the solid state array!
<164>Dec 17 17:49:18 lockman1046 enim[5316]: Synthesizing the driver won't do anything, we need to back up the bluetooth THX transmitter!
<28>Dec 17 17:49:18 balistreri5546 error[7691]: Use the solid state SAS system, then you can bypass the redundant interface!
<107>Dec 17 17:49:19 senger5136 aut[334]: user=saurabh password=SDZTqtBCy status=rejected
<107>Dec 17 17:49:23 senger5136 aut[334]: user=manisha_hirani password=RRJI7PbEN status=rejected
<9>Dec 17 17:49:18 aufderhar1410 culpa[6676]: We need to input the virtual JSON feed!
<151>Dec 17 17:49:18 haley3583 vitae[5407]: The AGP bus is down, synthesize the wireless port so we can navigate the PNG microchip!
<67>Dec 17 17:49:18 botsford8756 alias[6773]: Use the haptic PCI panel, then you can connect the wireless hard drive!
<94>Dec 17 17:49:18 gorczany8761 qui[4572]: We need to generate the wireless XSS bus!
<107>Dec 17 17:49:20 senger5136 aut[334]: user=aly_a password=sDXlBEP6oJJP status=rejected
<166>Dec 17 17:49:18 goyette1742 voluptatem[8149]: Try to override the SQL alarm, maybe it will quantify the back-end interface!
<34>Dec 17 17:49:18 armstrong8770 quo[5638]: If we bypass the protocol, we can get to the FTP system through the solid state PNG interface!
<111>Dec 17 17:49:18 crona7810 molestiae[8938]: We need to generate the redundant CSS monitor!
<12>Dec 17 17:49:18 gerlach3288 ipsam[1126]: The AGP system is down, program the mobile system so we can back up the AI alarm!
<113>Dec 17 17:49:18 tremblay3725 autem[8716]: We need to program the online PCI protocol!
<180>Dec 17 17:49:18 schmitt1535 quisquam[390]: We need to override the online EXE capacitor!
<163>Dec 17 17:49:18 langworth4727 numquam[7336]: The HDD alarm is down, index the multi-byte program so we can compress the SMTP circuit!
<145>Dec 17 17:49:18 kris8726 corporis[5880]: Programming the interface won't do anything, we need to program the cross-platform AI application!
<161>Dec 17 17:49:18 torp7408 aut[6335]: If we quantify the bus, we can get to the IB program through the auxiliary SMS sensor!
<107>Dec 17 17:49:19 senger5136 aut[334]: user=alnoor_ladak password=gQXrox6j status=rejected
<179>Dec 17 17:49:18 rath8788 aut[3108]: If we quantify the microchip, we can get to the GB capacitor through the solid state SMTP program!
<147>Dec 17 17:49:18 reilly8228 vitae[9596]: I'Ll navigate the auxiliary ADP interface, that should bandwidth the SMS system!
<94>Dec 17 17:49:18 bogan8441 officiis[7653]: Bypassing the transmitter won't do anything, we need to connect the cross-platform SCSI sensor!
<3>Dec 17 17:49:18 gutkowski4856 laudantium[3143]: Use the auxiliary RAM sensor, then you can calculate the cross-platform transmitter!
<57>Dec 17 17:49:18 smitham6464 amet[5800]: I'Ll transmit the digital IB capacitor, that should capacitor the FTP monitor!
<107>Dec 17 17:49:23 senger5136 aut[334]: user=amin_jaffer password=QUfgb0rgr status=rejected
<107>Dec 17 17:49:28 senger5136 aut[334]: user=zanir password=Fi9ydVpK01yc status=rejected
<57>Dec 17 17:49:18 becker5760 amet[401]: Bypassing the card won't do anything, we need to index the redundant AI bandwidth!
<104>Dec 17 17:49:18 kulas6338 blanditiis[9296]: Use the open-source GB bus, then you can connect the back-end interface!
<39>Dec 17 17:49:18 grady7038 cumque[5900]: Use the haptic XML alarm, then you can calculate the neural firewall!
<86>Dec 17 17:49:18 larson5771 aspernatur[4271]: If we hack the alarm, we can get to the COM application through the haptic SMS circuit!
<167>Dec 17 17:49:18 hoppe8421 sit[6466]: If we override the alarm, we can get to the SMS protocol through the multi-byte COM sensor!
<107>Dec 17 17:49:22 senger5136 aut[334]: user=zanir password=5awTqPsCm status=rejected
<90>Dec 17 17:49:18 marks5460 nostrum[5263]: Try to bypass the SDD transmitter, maybe it will generate the haptic microchip!
<107>Dec 17 17:49:20 senger5136 aut[334]: user=shar password=kRRkerGa1R6 status=rejected
<107>Dec 17 17:49:25 senger5136 aut[334]: user=mahek_ramzan password=v7t1odnb8YO status=rejected
<72>Dec 17 17:49:18 dibbert6315 molestiae[2234]: You can't calculate the bandwidth without hacking the open-source SSL protocol!
<90>Dec 17 17:49:18 cremin7506 iure[7624]: I'Ll calculate the 1080p JSON transmitter, that should array the FTP matrix!
<13>Dec 17 17:49:18 johnston1640 qui[1528]: Connecting the panel won't do anything, we need to connect the primary HTTP card!
<107>Dec 17 17:49:22 senger5136 aut[334]: user=asad password=S0VimhN5nkUToy status=rejected
<107>Dec 17 17:49:26 senger5136 aut[334]: user=saurabh password=rbjsw0yK status=rejected
<2>Dec 17 17:49:18 buckridge8830 qui[6235]: If we connect the port, we can get to the RAM array through the primary COM port!
<143>Dec 17 17:49:18 erdman4626 voluptatem[1028]: If we reboot the microchip, we can get to the HTTP protocol through the 1080p HTTP port!
<148>Dec 17 17:49:18 cruickshank1680 vel[5682]: We need to hack the primary USB transmitter!
<107>Dec 17 17:49:19 senger5136 aut[334]: user=armaan_chakkiwala password=4EgaSCAtjSa9Uf status=rejected
<123>Dec 17 17:49:18 flatley5331 fugit[1720]: The COM microchip is down, generate the cross-platform system so we can override the COM capacitor!
<107>Dec 17 17:49:23 senger5136 aut[334]: user=ayaan_ajaney password=FC2qvsWMvyr status=rejected
<24>Dec 17 17:49:18 towne3257 nemo[9595]: I'Ll quantify the neural SCSI array, that should circuit the SDD sensor!
<39>Dec 17 17:49:18 stark4536 dolorum[3523]: If we hack the capacitor, we can get to the EXE interface through the haptic PCI alarm!
<78>Dec 17 17:49:18 legros4745 consequatur[969]: Use the primary SSL driver, then you can input the neural bus!
<89>Dec 17 17:49:18 hermiston3441 aliquam[1946]: You can't connect the alarm without synthesizing the auxiliary SMTP monitor!
<117>Dec 17 17:49:18 kutch6331 magni[915]: You can't calculate the panel without transmitting the optical IB protocol!
<107>Dec 17 17:49:19 senger5136 aut[334]: user=samir password=fA07qal5Onykh status=rejected
<161>Dec 17 17:49:18 carroll3332 est[5655]: Connecting the pixel won't do anything, we need to back up the 1080p RSS capacitor!
<73>Dec 17 17:49:18 langosh6512 cupiditate[9680]: Try to generate the HDD program, maybe it will index the neural firewall!
<92>Dec 17 17:49:18 abernathy3655 nam[218]: If we quantify the panel, we can get to the SMTP capacitor through the wireless TCP microchip!
<8>Dec 17 17:49:18 jacobson7808 doloribus[9875]: Use the 1080p JBOD microchip, then you can bypass the back-end interface!
<107>Dec 17 17:49:20 senger5136 aut[334]: user=ayaan_ajaney password=YM25Vtcb0Xk status=rejected
<147>Dec 17 17:49:18 christiansen6133 nihil[2544]: Try to generate the SSL system, maybe it will bypass the cross-platform panel!
<43>Dec 17 17:49:18 stoltenberg7455 id[4009]: Synthesizing the sensor won't do anything, we need to hack the bluetooth GB system!
<5>Dec 17 17:49:18 spencer5101 maxime[1097]: The TCP sensor is down, quantify the online program so we can calculate the SMS bus!
<0>Dec 17 17:49:18 terry7450 est[7221]: Try to compress the JSON matrix, maybe it will index the online panel!
<37>Dec 17 17:49:18 hegmann2010 minus[1931]: If we compress the microchip, we can get to the ADP alarm through the wireless HDD firewall!
<5>Dec 17 17:49:18 purdy1417 dolorem[8873]: I'Ll navigate the 1080p TCP panel, that should application the SMTP interface!
<20>Dec 17 17:49:18 kiehn3842 repudiandae[5827]: You can't bypass the pixel without quantifying the digital JBOD bandwidth!
<80>Dec 17 17:49:18 fisher1133 minima[8530]: Backing up the driver won't do anything, we need to input the cross-platform FTP driver!
<15>Dec 17 17:49:18 denesik2835 qui[3328]: Use the redundant SSL program, then you can hack the optical bandwidth!
<75>Dec 17 17:49:18 gleichner7314 dignissimos[2659]: You can't program the interface without backing up the multi-byte HTTP card!
<174>Dec 17 17:49:18 frami4814 aperiam[5518]: We need to override the open-source JSON pixel!
<107>Dec 17 17:49:22 senger5136 aut[334]: user=manisha_hirani password=f06NxQFX9Aw status=rejected
<107>Dec 17 17:49:25 senger5136 aut[334]: user=salim_gheewalla password=hpxHowk3ok status=rejected
<90>Dec 17 17:49:18 nikolaus5127 et[4773]: You can't calculate the matrix without compressing the virtual SSL microchip!
<188>Dec 17 17:49:18 fahey5121 maxime[422]: Compressing the protocol won't do anything, we need to synthesize the digital SAS port!
<44>Dec 17 17:49:18 jewess8008 esse[2127]: Try to navigate the JSON interface, maybe it will navigate the virtual protocol!
<93>Dec 17 17:49:18 oberbrunner1535 perferendis[3478]: If we generate the firewall, we can get to the JSON interface through the redundant JSON microchip!
<120>Dec 17 17:49:18 kemmer7814 hic[252]: If we calculate the pixel, we can get to the CSS card through the cross-platform AGP monitor!
<32>Dec 17 17:49:18 glover8853 ut[5498]: Use the wireless COM system, then you can synthesize the haptic program!
<107>Dec 17 17:49:21 senger5136 aut[334]: user=salim_gheewalla password=iOPGo5RI1p status=rejected
<107>Dec 17 17:49:23 senger5136 aut[334]: user=amyn_sarif password=mtu5NB4t6a5rPg status=rejected
<42>Dec 17 17:49:18 schneider8688 voluptates[6203]: I'Ll index the cross-platform AI panel, that should monitor the USB driver!
<107>Dec 17 17:49:22 senger5136 aut[334]: user=asad password=mDTiLKfGz5m status=rejected
<125>Dec 17 17:49:18 kemmer8470 aut[5959]: We need to synthesize the bluetooth IB panel!
<54>Dec 17 17:49:18 jones6763 non[6855]: You can't navigate the microchip without parsing the wireless THX pixel!
<176>Dec 17 17:49:18 beer7223 hic[4031]: I'Ll compress the open-source RAM system, that should array the SDD sensor!
<116>Dec 17 17:49:18 keebler5317 iste[6101]: I'Ll index the multi-byte JSON capacitor, that should bandwidth the XSS feed!
<128>Dec 17 17:49:18 hahn2532 non[9755]: If we input the sensor, we can get to the RSS bus through the multi-byte SAS port!
<140>Dec 17 17:49:18 cassin4507 aut[9085]: I'Ll reboot the auxiliary PNG alarm, that should panel the AGP feed!
<88>Dec 17 17:49:18 dooley6803 sunt[1491]: We need to back up the bluetooth HDD sensor!
<119>Dec 17 17:49:18 shields4534 fugit[3776]: Programming the port won't do anything, we need to index the online JSON matrix!
<107>Dec 17 17:49:21 senger5136 aut[334]: user=naveed_patel password=642AcUx2cRRu status=rejected
<107>Dec 17 17:49:26 senger5136 aut[334]: user=shar password=dordSSog5 status=rejected
<112>Dec 17 17:49:18 ward6504 consequatur[2774]: You can't calculate the port without hacking the optical ADP port!
<188>Dec 17 17:49:18 osinski1131 sunt[4672]: Try to generate the SSL hard drive, maybe it will calculate the virtual firewall!
<22>Dec 17 17:49:18 flatley4880 ut[2006]: Try to index the EXE application, maybe it will synthesize the multi-byte port!
<173>Dec 17 17:49:18 kiehn7261 et[1404]: Try to parse the SSL microchip, maybe it will back up the online panel!
<159>Dec 17 17:49:18 heathcote1626 cupiditate[5552]: I'Ll compress the wireless JSON driver, that should panel the USB application!
<63>Dec 17 17:49:18 skiles4182 consequatur[5320]: We need to calculate the solid state THX transmitter!
<107>Dec 17 17:49:19 senger5136 aut[334]: user=zull_nensi password=enKjpz64U2r status=rejected
<107>Dec 17 17:49:24 senger5136 aut[334]: user=marriam_shah password=1iFVfz8Tu status=rejected
<137>Dec 17 17:49:18 rath2182 nostrum[7201]: Use the digital CSS circuit, then you can transmit the bluetooth panel!
<142>Dec 17 17:49:18 willms8604 nisi[5812]: I'Ll reboot the online USB sensor, that should protocol the EXE port!
<39>Dec 17 17:49:18 ondricka1550 eius[3782]: Use the redundant COM card, then you can calculate the primary matrix!
<34>Dec 17 17:49:18 gutmann5658 culpa[2150]: If we quantify the bus, we can get to the AGP program through the virtual SDD application!
<151>Dec 17 17:49:18 collins7501 accusantium[5345]: Use the wireless AI matrix, then you can generate the open-source application!
<95>Dec 17 17:49:18 cartwright7726 iure[3058]: If we navigate the bandwidth, we can get to the SQL card through the neural SAS program!
<129>Dec 17 17:49:18 kshlerin8716 iure[8525]: Use the open-source ADP feed, then you can bypass the back-end hard drive!
<102>Dec 17 17:49:18 powlowski6788 quae[9320]: Try to back up the TCP application, maybe it will generate the cross-platform array!
<107>Dec 17 17:49:22 senger5136 aut[334]: user=aneel password=x4K4DyI3BVxwR status=rejected
<107>Dec 17 17:49:18 murazik7312 architecto[8530]: I'Ll compress the virtual FTP array, that should transmitter the THX array!
<136>Dec 17 17:49:18 hoeger5205 eligendi[1872]: We need to back up the haptic HTTP panel!
<116>Dec 17 17:49:18 hansen4866 ut[4209]: If we synthesize the application, we can get to the GB interface through the redundant SAS monitor!
<83>Dec 17 17:49:18 durgan1611 est[7283]: You can't transmit the driver without quantifying the redundant FTP array!
<107>Dec 17 17:49:23 senger5136 aut[334]: user=mahek_ramzan password=5xnTK920oCls status=rejected
<76>Dec 17 17:49:18 treutel7143 vel[9775]: The XSS transmitter is down, parse the online hard drive so we can index the XSS system!
<145>Dec 17 17:49:18 jast3504 soluta[8610]: Try to calculate the SSL firewall, maybe it will parse the online protocol!
<107>Dec 17 17:49:21 senger5136 aut[334]: user=khizrali_kradiya password=J9mVsP3wxzsOc status=rejected
<107>Dec 17 17:49:26 senger5136 aut[334]: user=zanir password=yrgiIpl0 status=rejected
<22>Dec 17 17:49:18 schaefer8416 sunt[7602]: You can't transmit the circuit without connecting the online RSS bandwidth!
<35>Dec 17 17:49:18 schuppe4482 et[8134]: Try to input the PCI program, maybe it will compress the cross-platform card!
<100>Dec 17 17:49:18 abshire8244 et[2680]: You can't reboot the hard drive without calculating the back-end SDD driver!
<153>Dec 17 17:49:18 denesik6512 vero[2418]: Try to hack the SAS protocol, maybe it will parse the open-source capacitor!
<107>Dec 17 17:49:20 senger5136 aut[334]: user=farid_merchant password=v715UWIo status=rejected
<143>Dec 17 17:49:18 hahn8543 optio[1709]: We need to override the open-source GB system!
<189>Dec 17 17:49:18 trantow2118 numquam[2851]: Backing up the feed won't do anything, we need to connect the haptic SAS system!
<107>Dec 17 17:49:20 senger5136 aut[334]: user=aneel password=16fbTj4Pr status=rejected
<62>Dec 17 17:49:18 grimes7128 ratione[708]: Hacking the array won't do anything, we need to quantify the bluetooth XML system!
<146>Dec 17 17:49:18 lubowitz1018 eius[6999]: Quantifying the protocol won't do anything, we need to input the auxiliary ADP transmitter!
<62>Dec 17 17:49:18 conroy5368 nobis[5964]: Use the optical XSS monitor, then you can bypass the back-end array!
<174>Dec 17 17:49:18 thompson8328 ut[120]: I'Ll calculate the back-end EXE feed, that should matrix the AGP bandwidth!
<132>Dec 17 17:49:18 vonrueden5618 asperiores[9600]: We need to input the haptic XML application!
<179>Dec 17 17:49:18 altenwerth2604 reiciendis[6786]: I'Ll compress the neural SDD array, that should system the EXE matrix!
<107>Dec 17 17:49:22 senger5136 aut[334]: user=salim_gheewalla password=MpQ1dALDEe1 status=rejected
<172>Dec 17 17:49:18 moore1540 eius[3852]: Try to quantify the SQL application, maybe it will hack the optical hard drive!
<100>Dec 17 17:49:18 sporer8366 dolor[6870]: The SCSI port is down, compress the wireless microchip so we can connect the GB capacitor!
<110>Dec 17 17:49:18 botsford1585 repellendus[7507]: If we bypass the feed, we can get to the THX hard drive through the auxiliary XML pixel!
<22>Dec 17 17:49:18 ward7053 nemo[3891]: You can't quantify the system without parsing the open-source XSS system!
<178>Dec 17 17:49:18 schulist1008 facere[8576]: Programming the application won't do anything, we need to override the 1080p HDD alarm!
<144>Dec 17 17:49:18 mccullough3163 esse[5845]: Try to override the HDD card, maybe it will input the virtual application!
<67>Dec 17 17:49:18 wintheiser8557 quidem[9284]: Use the online THX firewall, then you can copy the back-end capacitor!
<53>Dec 17 17:49:18 stiedemann3713 modi[3634]: If we calculate the interface, we can get to the GB bus through the solid state JSON firewall!
<107>Dec 17 17:49:21 senger5136 aut[334]: user=fayyaz_makhani password=twSxnN6Ukix5DV status=rejected
<32>Dec 17 17:49:18 friesen5851 assumenda[26]: The HTTP bus is down, hack the optical bandwidth so we can copy the SAS bus!
<3>Dec 17 17:49:18 morar5548 ea[3870]: The CSS sensor is down, quantify the multi-byte driver so we can copy the ADP capacitor!
<114>Dec 17 17:49:18 auer5576 qui[672]: Use the multi-byte TCP alarm, then you can calculate the online bus!
<94>Dec 17 17:49:18 donnelly7348 et[8406]: The CSS firewall is down, copy the 1080p hard drive so we can hack the SSL port!
<107>Dec 17 17:49:21 senger5136 aut[334]: user=aneel password=OaRUQ0kPppAD6x status=rejected
<118>Dec 17 17:49:18 torphy2268 quia[9989]: Quantifying the microchip won't do anything, we need to index the cross-platform SSL capacitor!
<107>Dec 17 17:49:23 senger5136 aut[334]: user=alnoor_ladak password=S4UfMoAMAMbh status=rejected
<172>Dec 17 17:49:18 lowe2258 dolore[559]: I'Ll override the haptic HTTP array, that should card the XML circuit!
<73>Dec 17 17:49:18 heidenreich1635 facilis[1312]: We need to program the neural IB capacitor!
<107>Dec 17 17:49:21 senger5136 aut[334]: user=a_ali password=JmnaAui0YX3qPj status=rejected
<5>Dec 17 17:49:18 pfeffer8444 unde[6994]: The AGP pixel is down, bypass the auxiliary alarm so we can parse the HDD application!
<32>Dec 17 17:49:18 olson3087 repellat[3888]: The COM bus is down, transmit the redundant application so we can compress the SCSI array!
<16>Dec 17 17:49:18 kautzer5860 eos[3466]: Try to override the THX system, maybe it will input the wireless port!
<107>Dec 17 17:49:22 senger5136 aut[334]: user=zull_nensi password=N7dQDmPAF status=rejected
<108>Dec 17 17:49:18 herzog3136 et[6366]: Use the open-source PCI capacitor, then you can calculate the neural driver!
<16>Dec 17 17:49:18 greenfelder7862 est[8674]: If we program the circuit, we can get to the CSS hard drive through the redundant EXE transmitter!
<96>Dec 17 17:49:18 orn8526 ea[5101]: If we generate the circuit, we can get to the SCSI array through the bluetooth HDD program!
<128>Dec 17 17:49:18 sipes2375 maiores[6723]: Use the bluetooth EXE program, then you can quantify the cross-platform transmitter!
<124>Dec 17 17:49:18 dare6780 officiis[1766]: I'Ll calculate the solid state EXE interface, that should program the AI sensor!
<136>Dec 17 17:49:18 rutherford2013 delectus[5141]: The FTP hard drive is down, back up the optical interface so we can transmit the JSON driver!
<102>Dec 17 17:49:18 brown1078 et[9757]: I'Ll calculate the auxiliary PCI bandwidth, that should bandwidth the IB circuit!
<107>Dec 17 17:49:22 senger5136 aut[334]: user=michelle_hirani_khoja password=jhXCIf9bUd status=rejected
<107>Dec 17 17:49:25 senger5136 aut[334]: user=khizrali_kradiya password=SRz5pJyOV status=rejected
<25>Dec 17 17:49:18 brekke1067 dolore[8462]: The ADP port is down, program the online protocol so we can program the AI port!
<31>Dec 17 17:49:18 kuphal5617 nulla[9475]: Use the digital COM driver, then you can back up the cross-platform port!
<156>Dec 17 17:49:18 roob8371 alias[4543]: Connecting the firewall won't do anything, we need to quantify the cross-platform HDD application!
<180>Dec 17 17:49:18 koss2761 iusto[5278]: Use the bluetooth SSL system, then you can override the back-end feed!
<120>Dec 17 17:49:18 marks7784 provident[1621]: We need to parse the online PCI application!
<173>Dec 17 17:49:18 hagenes8725 nihil[7340]: The HTTP driver is down, hack the virtual capacitor so we can calculate the AGP matrix!
<107>Dec 17 17:49:21 senger5136 aut[334]: user=mahek_ramzan password=ZG8zUHJE0kMRmN status=rejected
<56>Dec 17 17:49:18 swaniawski7465 et[2407]: You can't transmit the capacitor without compressing the 1080p IB port!
<107>Dec 17 17:49:23 senger5136 aut[334]: user=alnoor_ladak password=DA1LTbFNzkZO status=rejected
<107>Dec 17 17:49:26 senger5136 aut[334]: user=akber_hussain password=2FJwvRIEPwP5Mz status=rejected
<149>Dec 17 17:49:18 bernier6263 amet[111]: You can't quantify the card without quantifying the virtual ADP card!
<107>Dec 17 17:49:23 senger5136 aut[334]: user=marriam_shah password=Mlpp8vEapefT2m status=rejected
<166>Dec 17 17:49:18 douglas2361 quibusdam[3124]: You can't calculate the matrix without indexing the cross-platform AI microchip!
<107>Dec 17 17:49:21 senger5136 aut[334]: user=noah_ladak password=cwKxg82AU status=rejected
<68>Dec 17 17:49:18 smitham5426 vero[1671]: Try to quantify the CSS capacitor, maybe it will parse the bluetooth sensor!
<172>Dec 17 17:49:18 pfannerstill7206 ipsa[4468]: Try to generate the HTTP application, maybe it will bypass the online alarm!
<102>Dec 17 17:49:18 feil2433 vitae[6725]: The PNG protocol is down, navigate the 1080p driver so we can back up the COM microchip!
<11>Dec 17 17:49:18 hegmann5581 eligendi[135]: Use the bluetooth TCP program, then you can synthesize the back-end feed!
<73>Dec 17 17:49:18 stracke4023 placeat[5199]: We need to back up the primary TCP card!
<107>Dec 17 17:49:23 senger5136 aut[334]: user=zoheb_makani password=X5pXxVpCwD status=rejected
<96>Dec 17 17:49:18 maggio1044 quam[8151]: If we compress the circuit, we can get to the XSS system through the cross-platform RAM program!
<150>Dec 17 17:49:18 roob2062 velit[2629]: If we reboot the bus, we can get to the AGP transmitter through the online TCP application!
<75>Dec 17 17:49:18 yost2851 facere[6996]: The THX driver is down, quantify the open-source driver so we can program the FTP firewall!
<155>Dec 17 17:49:18 flatley2014 quis[3543]: The HDD transmitter is down, program the wireless matrix so we can copy the PNG protocol!
<95>Dec 17 17:49:18 buckridge6050 eum[2148]: I'Ll navigate the open-source TCP firewall, that should sensor the THX microchip!
<125>Dec 17 17:49:18 spinka2070 aut[122]: Bypassing the program won't do anything, we need to synthesize the bluetooth EXE protocol!
<143>Dec 17 17:49:18 konopelski7711 mollitia[8056]: Indexing the hard drive won't do anything, we need to program the auxiliary XML feed!
<183>Dec 17 17:49:18 herzog5237 autem[7191]: I'Ll parse the solid state AI firewall, that should transmitter the RAM circuit!
<46>Dec 17 17:49:18 berge3266 voluptatibus[9077]: Try to input the ADP microchip, maybe it will navigate the cross-platform bus!
<20>Dec 17 17:49:18 howe2601 iste[9440]: We need to compress the neural TCP protocol!
<72>Dec 17 17:49:18 bahringer1651 nisi[9145]: Use the neural HTTP sensor, then you can compress the solid state circuit!
<160>Dec 17 17:49:18 emard3606 sit[5153]: We need to navigate the online AGP firewall!
<153>Dec 17 17:49:18 williamson8542 iusto[5361]: Backing up the bandwidth won't do anything, we need to back up the digital THX system!
<49>Dec 17 17:49:18 lehner6442 est[8277]: I'Ll hack the mobile SDD bandwidth, that should microchip the SCSI monitor!
<22>Dec 17 17:49:18 crona8751 explicabo[9795]: Copying the microchip won't do anything, we need to generate the haptic AI array!
<107>Dec 17 17:49:22 senger5136 aut[334]: user=farid_merchant password=2thN6I52mm status=rejected
<133>Dec 17 17:49:18 durgan1846 rerum[537]: Use the back-end HTTP port, then you can compress the 1080p firewall!
<9>Dec 17 17:49:18 beahan7532 nemo[4579]: Try to input the CSS port, maybe it will copy the neural program!
<94>Dec 17 17:49:18 stracke3822 itaque[4894]: You can't quantify the driver without indexing the haptic XSS microchip!
<107>Dec 17 17:49:19 senger5136 aut[334]: user=amyn_sarif password=zzVJScODLYDr status=rejected
<152>Dec 17 17:49:18 kling3174 non[2480]: The JBOD protocol is down, quantify the mobile driver so we can copy the COM matrix!
<11>Dec 17 17:49:18 aufderhar5313 dolorum[5648]: Try to compress the USB microchip, maybe it will program the cross-platform array!
<61>Dec 17 17:49:18 steuber4100 repudiandae[3511]: If we hack the protocol, we can get to the ADP feed through the optical PCI protocol!
<107>Dec 17 17:49:19 senger5136 aut[334]: user=roheen password=qbINVUz8tERqFj status=rejected
<107>Dec 17 17:49:23 senger5136 aut[334]: user=a_ali password=c6dK1nSvGN status=rejected
<151>Dec 17 17:49:18 little7815 tempora[9133]: We need to program the haptic JBOD sensor!
<107>Dec 17 17:49:19 senger5136 aut[334]: user=roheen password=a8JWcQGZThye5l status=rejected
<19>Dec 17 17:49:18 jenkins5647 rerum[5953]: We need to compress the haptic XML bandwidth!
<54>Dec 17 17:49:18 powlowski2381 quia[9032]: We need to program the wireless ADP protocol!
<93>Dec 17 17:49:18 goldner4763 adipisci[9950]: The TCP array is down, transmit the primary card so we can bypass the TCP array!
<6>Dec 17 17:49:18 wolf4472 eveniet[9854]: The AGP protocol is down, bypass the back-end hard drive so we can index the ADP protocol!
<155>Dec 17 17:49:18 simonis5082 saepe[297]: If we override the port, we can get to the SQL application through the neural RSS driver!
<154>Dec 17 17:49:18 feeney4213 omnis[9582]: Copying the hard drive won't do anything, we need to copy the primary PCI monitor!
<166>Dec 17 17:49:18 west3472 dolores[9325]: Try to hack the RSS array, maybe it will copy the auxiliary feed!
<107>Dec 17 17:49:22 senger5136 aut[334]: user=naveed_patel password=EQFYP1X4G status=rejected
<70>Dec 17 17:49:18 strosin7844 nam[8149]: Try to generate the IB program, maybe it will connect the optical bus!
<54>Dec 17 17:49:18 stokes6631 vitae[4277]: You can't connect the system without generating the primary RSS capacitor!
<133>Dec 17 17:49:18 effertz2050 praesentium[4984]: If we copy the transmitter, we can get to the IB protocol through the auxiliary RAM alarm!
<107>Dec 17 17:49:22 senger5136 aut[334]: user=shezan password=JzHLz3eAhs status=rejected
<57>Dec 17 17:49:18 jewess4322 doloribus[6067]: I'Ll hack the 1080p EXE circuit, that should card the USB bandwidth!
<186>Dec 17 17:49:18 zboncak3724 et[8397]: Backing up the protocol won't do anything, we need to navigate the open-source SSL feed!
<107>Dec 17 17:49:21 senger5136 aut[334]: user=alymuhammad_bijani password=zwH4DM4B status=rejected
<20>Dec 17 17:49:18 nienow4436 totam[5269]: You can't back up the pixel without overriding the digital SAS microchip!
<143>Dec 17 17:49:18 weissnat2002 molestiae[3000]: Use the online SCSI firewall, then you can connect the cross-platform firewall!
<107>Dec 17 17:49:19 senger5136 aut[334]: user=samir password=eBV7epOV status=rejected
<107>Dec 17 17:49:22 senger5136 aut[334]: user=khizrali_kradiya password=wvmdEFz7 status=rejected
<99>Dec 17 17:49:18 reilly7576 exercitationem[6171]: If we transmit the interface, we can get to the SMS sensor through the bluetooth FTP feed!
<179>Dec 17 17:49:18 kling4473 facere[2215]: You can't quantify the feed without copying the auxiliary TCP bandwidth!
<107>Dec 17 17:49:23 senger5136 aut[334]: user=armaan_chakkiwala password=Xc5O5rGQySI status=rejected
<167>Dec 17 17:49:18 langworth3114 et[9488]: Try to copy the RSS interface, maybe it will parse the multi-byte interface!
<107>Dec 17 17:49:23 senger5136 aut[334]: user=naveed_patel password=fy1MPviqiOUB status=rejected
<147>Dec 17 17:49:18 koelpin4125 velit[7044]: Try to quantify the PCI firewall, maybe it will calculate the online microchip!
<60>Dec 17 17:49:18 herman8586 itaque[9962]: Compressing the application won't do anything, we need to program the online SCSI capacitor!
<107>Dec 17 17:49:22 senger5136 aut[334]: user=fayyaz_makhani password=q2DxnPE7m00h9 status=rejected
<107>Dec 17 17:49:23 senger5136 aut[334]: user=marriam_shah password=KYWrPmve status=rejected
<107>Dec 17 17:49:28 senger5136 aut[334]: user=fayyaz_makhani password=N6E1vuNHXMHl status=rejected
<49>Dec 17 17:49:18 streich5524 omnis[2868]: I'Ll bypass the redundant RAM transmitter, that should hard drive the FTP program!
<176>Dec 17 17:49:18 wisozk1330 quo[4584]: Try to calculate the SQL application, maybe it will program the mobile feed!
<13>Dec 17 17:49:18 streich5710 nam[7898]: If we transmit the circuit, we can get to the COM protocol through the multi-byte EXE protocol!
<170>Dec 17 17:49:18 jacobson5645 debitis[4212]: You can't copy the pixel without parsing the neural SDD interface!
<55>Dec 17 17:49:18 trantow8833 quod[8307]: You can't program the feed without copying the cross-platform THX driver!
<107>Dec 17 17:49:21 senger5136 aut[334]: user=shezan password=sHHuljLBx status=rejected
<107>Dec 17 17:49:25 senger5136 aut[334]: user=michelle_hirani_khoja password=IXCk1JgmU2yS2I status=rejected
<155>Dec 17 17:49:18 schmidt5278 et[4535]: We need to bypass the online GB port!
<107>Dec 17 17:49:23 senger5136 aut[334]: user=shar password=eNPtIbI49onidz status=rejected
<53>Dec 17 17:49:18 yost4701 fugit[6837]: Bypassing the matrix won't do anything, we need to transmit the optical HTTP circuit!
<39>Dec 17 17:49:18 runolfsdottir5461 eos[2780]: The GB transmitter is down, generate the neural monitor so we can input the SQL feed!
<148>Dec 17 17:49:18 rice6486 in[2931]: Try to override the HDD alarm, maybe it will back up the auxiliary circuit!
<113>Dec 17 17:49:18 kuphal8313 omnis[5830]: We need to input the open-source THX monitor!
