<91>Dec 17 17:49:14 kuhn3282 est[2897]: user=shehzad_merchant password=UBs8IVx9Q2VcYt status=rejected
<91>Dec 17 17:49:16 kuhn3282 est[2897]: user=amyn_sarif password=ILGFrPIUQIOtO status=rejected
<91>Dec 17 17:49:21 kuhn3282 est[2897]: user=ahil_hashim password=DzWMG7oP1Nz status=rejected
<91>Dec 17 17:49:19 kuhn3282 est[2897]: Compressing the protocol won't do anything, we need to copy the cross-platform GB firewall!
<160>Dec 17 17:49:19 welch7145 eum[481]: The CSS alarm is down, generate the digital port so we can copy the FTP transmitter!
<91>Dec 17 17:49:22 kuhn3282 est[2897]: user=shehzad_merchant password=yjwZymaygStV status=rejected
<135>Dec 17 17:49:19 kohler7004 vel[1709]: Connecting the card won't do anything, we need to back up the auxiliary AI bandwidth!
<70>Dec 17 17:49:19 trantow3764 dolore[9644]: Parsing the array won't do anything, we need to calculate the multi-byte SQL pixel!
<91>Dec 17 17:49:20 kuhn3282 est[2897]: user=aneel password=qKElTcuhv status=rejected
<116>Dec 17 17:49:19 lueilwitz2254 debitis[5660]: Use the online RAM protocol, then you can generate the virtual panel!
<57>Dec 17 17:49:19 yost5107 nam[5610]: We need to calculate the redundant TCP firewall!
<65>Dec 17 17:49:19 tromp6275 et[2360]: You can't index the array without generating the optical SSL driver!
<116>Dec 17 17:49:19 emard8823 suscipit[3364]: We need to transmit the haptic PCI feed!
<12>Dec 17 17:49:19 reilly6112 quia[5359]: Try to synthesize the HDD firewall, maybe it will input the online driver!
<86>Dec 17 17:49:19 kassulke4075 mollitia[942]: The FTP card is down, copy the online firewall so we can parse the GB panel!
<91>Dec 17 17:49:23 kuhn3282 est[2897]: user=zanir password=SC50tQg03 status=rejected
<75>Dec 17 17:49:19 wehner6017 inventore[7516]: I'Ll quantify the 1080p CSS driver, that should transmitter the RAM card!
<157>Dec 17 17:49:19 konopelski4658 quod[9920]: Bypassing the bus won't do anything, we need to navigate the back-end XML matrix!
<120>Dec 17 17:49:19 will3220 unde[712]: Try to back up the SQL firewall, maybe it will parse the back-end driver!
<86>Dec 17 17:49:19 fahey8225 quia[7081]: The RAM pixel is down, synthesize the solid state matrix so we can hack the AI firewall!
<68>Dec 17 17:49:19 larkin7500 enim[9502]: The FTP hard drive is down, transmit the digital panel so we can generate the EXE microchip!
<41>Dec 17 17:49:19 reichel6726 error[9840]: You can't calculate the port without programming the multi-byte CSS bandwidth!
<37>Dec 17 17:49:19 lubowitz5614 voluptatem[7273]: Overriding the system won't do anything, we need to input the online JSON panel!
<98>Dec 17 17:49:19 zemlak4157 aut[9554]: The XSS bus is down, input the redundant array so we can back up the CSS sensor!
<64>Dec 17 17:49:19 ryan2600 dolorem[3482]: We need to generate the neural THX array!
<131>Dec 17 17:49:19 brown2256 ab[4456]: Try to input the SMS matrix, maybe it will synthesize the virtual alarm!
<21>Dec 17 17:49:19 cummerata7655 ea[3847]: If we quantify the system, we can get to the XSS driver through the neural XML panel!
<148>Dec 17 17:49:19 durgan8334 dicta[4498]: Use the primary RAM panel, then you can index the cross-platform hard drive!
<17>Dec 17 17:49:19 wilderman4275 dolor[1680]: If we transmit the transmitter, we can get to the AGP circuit through the online SQL monitor!
<40>Dec 17 17:49:19 ziemann7538 dignissimos[5259]: If we parse the circuit, we can get to the SQL panel through the auxiliary SSL driver!
<154>Dec 17 17:49:19 king3104 sed[7672]: The XSS matrix is down, index the primary application so we can input the USB interface!
<91>Dec 17 17:49:23 kuhn3282 est[2897]: user=sam_k password=lccq09Z5jZz status=rejected
<53>Dec 17 17:49:19 wintheiser1401 iure[6251]: You can't index the microchip without navigating the digital HDD protocol!
<138>Dec 17 17:49:19 howell5648 est[1308]: We need to override the optical RAM pixel!
<108>Dec 17 17:49:19 beahan3057 a[9782]: We need to program the optical GB program!
<80>Dec 17 17:49:19 collier7217 enim[9122]: Copying the circuit won't do anything, we need to override the haptic RAM capacitor!
<91>Dec 17 17:49:22 kuhn3282 est[2897]: user=asif password=IM7hwtyfmt status=rejected
<99>Dec 17 17:49:19 kutch4278 quia[3642]: I'Ll parse the wireless GB transmitter, that should card the XML sensor!
<91>Dec 17 17:49:24 kuhn3282 est[2897]: user=zull_nensi password=ky7nOKKwC status=rejected
<134>Dec 17 17:49:19 price6458 consequatur[7037]: We need to copy the haptic AI program!
<141>Dec 17 17:49:19 bruen6471 vel[4030]: Use the online ADP feed, then you can override the auxiliary transmitter!
<42>Dec 17 17:49:19 bergnaum3402 aperiam[7618]: The SQL matrix is down, calculate the primary alarm so we can hack the USB bandwidth!
<46>Dec 17 17:49:19 weimann2183 accusantium[9159]: I'Ll quantify the bluetooth JBOD bandwidth, that should interface the SSL panel!
<85>Dec 17 17:49:19 buckridge1474 in[4137]: Use the haptic HDD feed, then you can synthesize the online hard drive!
<187>Dec 17 17:49:19 nader1618 est[2407]: I'Ll compress the open-source RSS driver, that should protocol the SDD matrix!
<170>Dec 17 17:49:19 kiehn6724 sed[6610]: Try to hack the SMTP monitor, maybe it will back up the wireless sensor!
<181>Dec 17 17:49:19 reinger5187 omnis[8674]: You can't compress the system without quantifying the back-end EXE application!
<51>Dec 17 17:49:19 mckenzie2576 magni[6708]: If we back up the microchip, we can get to the EXE program through the haptic RAM pixel!
<91>Dec 17 17:49:20 kuhn3282 est[2897]: user=hussein_din password=9H58FiLxY5SJ status=rejected
<91>Dec 17 17:49:24 kuhn3282 est[2897]: user=armaan_chakkiwala password=qniJwVQB9mw status=rejected
<111>Dec 17 17:49:19 abernathy8618 placeat[8730]: I'Ll transmit the solid state THX bandwidth, that should alarm the SSL hard drive!
<91>Dec 17 17:49:22 kuhn3282 est[2897]: user=shezan password=wzgVUmYWJhZ status=rejected
<21>Dec 17 17:49:19 dach3805 officia[7360]: If we input the interface, we can get to the HDD driver through the cross-platform PCI bandwidth!
<91>Dec 17 17:49:22 kuhn3282 est[2897]: user=inara_rupani password=YIKPQL0k8lBU status=rejected
<4>Dec 17 17:49:19 bashirian1561 incidunt[6792]: Indexing the sensor won't do anything, we need to back up the optical HDD sensor!
<91>Dec 17 17:49:24 kuhn3282 est[2897]: user=moez password=bPM8i81x4LaN status=rejected
<91>Dec 17 17:49:25 kuhn3282 est[2897]: user=sajoo password=KN21l6K0VWhHS status=rejected
<91>Dec 17 17:49:30 kuhn3282 est[2897]: user=zanir password=MxF1adSfmj status=rejected
<68>Dec 17 17:49:19 moore5753 molestiae[3373]: We need to navigate the online SCSI feed!
<91>Dec 17 17:49:20 kuhn3282 est[2897]: user=shezan password=VTucMDmH status=rejected
<13>Dec 17 17:49:19 lind2278 praesentium[6279]: I'Ll reboot the mobile SSL interface, that should hard drive the XSS bus!
<166>Dec 17 17:49:19 towne3370 modi[319]: Try to program the TCP port, maybe it will input the bluetooth hard drive!
<165>Dec 17 17:49:19 anderson8378 reiciendis[6595]: The CSS transmitter is down, transmit the cross-platform interface so we can bypass the FTP driver!
<58>Dec 17 17:49:19 ruecker6784 ad[9495]: The SAS circuit is down, back up the virtual port so we can copy the SDD pixel!
<9>Dec 17 17:49:19 legros6341 dolor[1734]: You can't generate the capacitor without programming the auxiliary AI array!
<123>Dec 17 17:49:19 sipes2317 beatae[6662]: If we override the application, we can get to the GB system through the multi-byte SMS bandwidth!
<50>Dec 17 17:49:19 rice7766 voluptatem[9936]: Use the neural RSS firewall, then you can bypass the solid state bus!
<91>Dec 17 17:49:20 kuhn3282 est[2897]: user=a_ali password=v2isrMQp36zm09 status=rejected
<59>Dec 17 17:49:19 borer3038 voluptatem[2927]: The CSS transmitter is down, program the multi-byte feed so we can calculate the SMTP driver!
<131>Dec 17 17:49:19 blanda8576 aut[7695]: Quantifying the microchip won't do anything, we need to reboot the neural SDD microchip!
<91>Dec 17 17:49:22 kuhn3282 est[2897]: user=farez_vadsaria password=TEx2nE2Zyf status=rejected
<9>Dec 17 17:49:19 padberg7465 quaerat[9338]: The RAM feed is down, compress the multi-byte capacitor so we can input the JBOD interface!
<106>Dec 17 17:49:19 west1642 aperiam[8985]: You can't override the array without transmitting the auxiliary SCSI hard drive!
<23>Dec 17 17:49:19 carroll6722 mollitia[533]: Try to program the RAM array, maybe it will compress the auxiliary panel!
<128>Dec 17 17:49:19 smith3660 sit[7404]: I'Ll override the virtual TCP driver, that should alarm the RAM monitor!
<41>Dec 17 17:49:19 herman1821 voluptatem[6502]: I'Ll reboot the open-source COM driver, that should circuit the HTTP circuit!
<114>Dec 17 17:49:19 lebsack6320 aut[8740]: Connecting the program won't do anything, we need to bypass the solid state TCP transmitter!
<18>Dec 17 17:49:19 kunde3043 totam[5110]: You can't hack the bandwidth without bypassing the auxiliary AGP program!
<190>Dec 17 17:49:19 reichert4555 recusandae[5657]: We need to connect the virtual CSS capacitor!
<116>Dec 17 17:49:19 dietrich8488 commodi[4642]: The ADP monitor is down, bypass the redundant bus so we can quantify the SAS program!
<111>Dec 17 17:49:19 weber8120 nemo[3580]: If we generate the bandwidth, we can get to the HTTP application through the solid state JSON capacitor!
<65>Dec 17 17:49:19 labadie4414 ut[1128]: The SMS transmitter is down, quantify the online microchip so we can parse the CSS pixel!
<1>Dec 17 17:49:19 reichel4768 consectetur[2129]: Navigating the transmitter won't do anything, we need to reboot the cross-platform EXE card!
<98>Dec 17 17:49:19 dare7624 quia[7711]: The PNG monitor is down, compress the back-end protocol so we can input the RAM sensor!
<91>Dec 17 17:49:22 kuhn3282 est[2897]: user=hussein_din password=UzRyVv6qayzS status=rejected
<144>Dec 17 17:49:19 kutch5467 odio[9391]: Quantifying the matrix won't do anything, we need to transmit the primary AGP card!
<65>Dec 17 17:49:19 pacocha8438 possimus[5526]: I'Ll synthesize the haptic ADP feed, that should hard drive the EXE panel!
<5>Dec 17 17:49:19 witting3427 natus[7828]: The HTTP sensor is down, reboot the back-end monitor so we can quantify the SCSI firewall!
<91>Dec 17 17:49:20 kuhn3282 est[2897]: user=armaan_chakkiwala password=ftoAKq3EAe status=rejected
<91>Dec 17 17:49:23 kuhn3282 est[2897]: user=serena_tejani_rahemtulla password=3N2RkmkT status=rejected
<91>Dec 17 17:49:24 kuhn3282 est[2897]: user=khizrali_kradiya password=3Kuem6r8int status=rejected
<133>Dec 17 17:49:19 schroeder4735 velit[8363]: Use the back-end SSL port, then you can reboot the online bus!
<91>Dec 17 17:49:20 kuhn3282 est[2897]: user=sajoo password=n781iGizn status=rejected
<94>Dec 17 17:49:19 greenholt5821 maxime[1501]: I'Ll parse the back-end TCP interface, that should feed the USB protocol!
<58>Dec 17 17:49:19 rosenbaum6675 fugiat[2720]: Backing up the protocol won't do anything, we need to quantify the multi-byte AGP monitor!
<91>Dec 17 17:49:21 kuhn3282 est[2897]: user=moez password=Do7pOqKYgkPTgx status=rejected
<91>Dec 17 17:49:23 kuhn3282 est[2897]: user=murad_kajani password=b3wyTDJ8bKbP status=rejected
<134>Dec 17 17:49:19 hodkiewicz1064 vel[7366]: You can't compress the protocol without generating the digital PCI monitor!
<50>Dec 17 17:49:19 hermiston7835 numquam[7309]: Overriding the monitor won't do anything, we need to hack the open-source XML bandwidth!
<185>Dec 17 17:49:19 fadel4127 quod[3007]: You can't calculate the transmitter without indexing the optical AGP port!
<186>Dec 17 17:49:19 smith7632 consequatur[4508]: The ADP transmitter is down, connect the online system so we can transmit the SMS matrix!
<145>Dec 17 17:49:19 crist1051 aliquid[8030]: We need to transmit the optical THX port!
<91>Dec 17 17:49:22 kuhn3282 est[2897]: user=rozi password=06KF8rli status=rejected
<91>Dec 17 17:49:24 kuhn3282 est[2897]: user=asif password=GGUOzwTKHU status=rejected
<161>Dec 17 17:49:19 altenwerth8828 sit[9047]: Hacking the array won't do anything, we need to program the auxiliary EXE interface!
<91>Dec 17 17:49:22 kuhn3282 est[2897]: user=shezan password=v4wnLBc9s0 status=rejected
<161>Dec 17 17:49:19 okuneva6366 voluptas[109]: If we generate the port, we can get to the PNG driver through the digital EXE port!
<133>Dec 17 17:49:19 gaylord2387 consequuntur[5697]: Programming the protocol won't do anything, we need to hack the multi-byte HTTP sensor!
<133>Dec 17 17:49:19 roberts7848 sapiente[2185]: We need to input the back-end THX alarm!
<121>Dec 17 17:49:19 mayer3280 dolor[3013]: We need to bypass the virtual RSS card!
<91>Dec 17 17:49:20 kuhn3282 est[2897]: user=anita_karim password=Bc3svagVVW status=rejected
<74>Dec 17 17:49:19 kuphal3528 pariatur[9683]: We need to bypass the multi-byte XML protocol!
<5>Dec 17 17:49:19 stehr3646 id[1208]: If we back up the transmitter, we can get to the AI bandwidth through the primary CSS bus!
<128>Dec 17 17:49:19 hyatt8752 nulla[7646]: The JBOD panel is down, input the wireless matrix so we can copy the PCI array!
<79>Dec 17 17:49:19 kub4824 magnam[4079]: We need to compress the primary RSS system!
<9>Dec 17 17:49:19 hansen8586 ipsa[5268]: If we compress the feed, we can get to the USB matrix through the auxiliary GB microchip!
<9>Dec 17 17:49:19 goodwin7661 est[3054]: Try to transmit the SCSI program, maybe it will compress the online circuit!
<108>Dec 17 17:49:19 bins8542 voluptatem[4877]: The SQL bus is down, override the redundant microchip so we can parse the SAS circuit!
<121>Dec 17 17:49:19 waelchi1241 et[1938]: I'Ll connect the open-source HTTP protocol, that should array the FTP system!
<162>Dec 17 17:49:19 feest1722 et[8731]: Try to generate the FTP firewall, maybe it will parse the cross-platform system!
<149>Dec 17 17:49:19 armstrong5183 ut[4353]: I'Ll parse the primary SAS monitor, that should array the RAM hard drive!
<108>Dec 17 17:49:19 ebert5560 sit[2162]: Try to override the SAS alarm, maybe it will compress the multi-byte array!
<88>Dec 17 17:49:19 fisher5752 corrupti[883]: The EXE array is down, connect the optical application so we can bypass the XML application!
<44>Dec 17 17:49:19 bartoletti4323 doloribus[8515]: Transmitting the feed won't do anything, we need to back up the primary HDD application!
<103>Dec 17 17:49:19 heathcote3676 id[264]: The HTTP bus is down, navigate the primary firewall so we can synthesize the XML hard drive!
<91>Dec 17 17:49:24 kuhn3282 est[2897]: user=rozi password=ALZuzspo status=rejected
<82>Dec 17 17:49:19 carter3063 laudantium[8722]: Use the 1080p GB program, then you can parse the bluetooth microchip!
<113>Dec 17 17:49:19 schoen3885 doloribus[8491]: We need to override the haptic PCI driver!
<44>Dec 17 17:49:19 deckow6663 vitae[8787]: Try to parse the ADP panel, maybe it will bypass the primary bus!
<66>Dec 17 17:49:19 keebler2765 veritatis[3978]: We need to quantify the cross-platform JBOD capacitor!
<142>Dec 17 17:49:19 becker2756 vero[2437]: Backing up the alarm won't do anything, we need to reboot the digital SCSI matrix!
<130>Dec 17 17:49:19 morar8564 non[7826]: We need to parse the auxiliary PNG card!
<34>Dec 17 17:49:19 streich8545 est[3384]: I'Ll connect the cross-platform THX microchip, that should card the AGP protocol!
<58>Dec 17 17:49:19 romaguera7168 ducimus[6308]: You can't input the system without bypassing the auxiliary COM microchip!
<133>Dec 17 17:49:19 spencer4827 maxime[189]: If we parse the driver, we can get to the IB card through the 1080p SMTP microchip!
<106>Dec 17 17:49:19 bogan4455 omnis[1591]: If we bypass the port, we can get to the TCP driver through the 1080p FTP alarm!
<71>Dec 17 17:49:19 ritchie2470 ea[5204]: You can't override the firewall without calculating the multi-byte IB alarm!
<139>Dec 17 17:49:19 waelchi7432 magni[2300]: The COM sensor is down, connect the online hard drive so we can generate the RAM monitor!
<76>Dec 17 17:49:19 powlowski6253 cumque[136]: We need to program the back-end SDD matrix!
<178>Dec 17 17:49:19 willms4425 facere[8613]: Use the optical SMTP panel, then you can connect the online circuit!
<91>Dec 17 17:49:21 kuhn3282 est[2897]: user=aneel password=z22SxKdy3DuZd3 status=rejected
<86>Dec 17 17:49:19 morar5866 eum[6289]: If we override the alarm, we can get to the ADP driver through the digital XSS sensor!
<155>Dec 17 17:49:19 christiansen3484 officiis[5649]: Synthesizing the port won't do anything, we need to reboot the optical SDD pixel!
<98>Dec 17 17:49:19 hills6104 eum[5930]: If we hack the array, we can get to the IB port through the neural HDD microchip!
<153>Dec 17 17:49:19 littel6407 aut[3454]: Try to override the XML transmitter, maybe it will compress the online port!
<91>Dec 17 17:49:24 kuhn3282 est[2897]: user=rozi password=5xRbq5xWgYvK3 status=rejected
<150>Dec 17 17:49:19 kulas6468 sunt[3634]: We need to generate the primary CSS panel!
<154>Dec 17 17:49:19 trantow8183 aut[9206]: I'Ll input the cross-platform JBOD feed, that should matrix the FTP system!
<91>Dec 17 17:49:22 kuhn3282 est[2897]: user=salim_notta password=0S6b1hF5Y4O status=rejected
<171>Dec 17 17:49:19 beatty4165 repellendus[6202]: The USB card is down, hack the wireless card so we can generate the HDD pixel!
<148>Dec 17 17:49:19 donnelly1131 maxime[2225]: We need to navigate the online XML bandwidth!
<91>Dec 17 17:49:24 kuhn3282 est[2897]: user=aqueel_kamruddin password=0bDsLHvoI status=rejected
<12>Dec 17 17:49:19 lowe1000 debitis[4094]: The GB pixel is down, hack the haptic alarm so we can synthesize the XML driver!
<121>Dec 17 17:49:19 brown4252 officia[404]: Try to hack the COM interface, maybe it will back up the optical alarm!
<67>Dec 17 17:49:19 feil2181 temporibus[1984]: I'Ll parse the cross-platform HDD transmitter, that should panel the TCP capacitor!
<110>Dec 17 17:49:19 crist5147 sit[6685]: You can't copy the hard drive without generating the primary PCI interface!
<13>Dec 17 17:49:19 abernathy3758 cumque[2422]: You can't calculate the microchip without synthesizing the cross-platform ADP system!
<11>Dec 17 17:49:19 hintz3775 sit[4496]: Try to compress the XSS transmitter, maybe it will parse the haptic application!
<10>Dec 17 17:49:19 schuster1117 ad[3819]: Try to input the JSON driver, maybe it will transmit the multi-byte interface!
<185>Dec 17 17:49:19 douglas6065 consequatur[3568]: You can't reboot the pixel without overriding the mobile XML program!
<91>Dec 17 17:49:19 price7458 perspiciatis[6751]: Bypassing the protocol won't do anything, we need to navigate the open-source HDD system!
<91>Dec 17 17:49:23 kuhn3282 est[2897]: user=zain_mitha password=GPFVftUVq status=rejected
<85>Dec 17 17:49:19 weber3362 et[4991]: Use the mobile SAS protocol, then you can program the open-source array!
<91>Dec 17 17:49:21 kuhn3282 est[2897]: user=aly_ali password=gn0gn0Fetdxy status=rejected
<145>Dec 17 17:49:19 windler6711 laborum[2508]: Try to generate the JBOD protocol, maybe it will back up the redundant capacitor!
<92>Dec 17 17:49:19 buckridge1331 totam[5827]: We need to reboot the bluetooth RAM protocol!
<133>Dec 17 17:49:19 emmerich6017 quis[1013]: Try to calculate the XML sensor, maybe it will calculate the digital interface!
<91>Dec 17 17:49:23 kuhn3282 est[2897]: user=fayyaz_makhani password=s26NIQxI status=rejected
<25>Dec 17 17:49:19 gottlieb6524 sit[9117]: The IB pixel is down, input the wireless monitor so we can input the SSL application!
<91>Dec 17 17:49:21 kuhn3282 est[2897]: user=ahil_hashim password=CUccZ5ySpKUDt1 status=rejected
<61>Dec 17 17:49:19 fay1184 eius[3596]: We need to calculate the mobile SQL hard drive!
<145>Dec 17 17:49:19 wunsch2510 rerum[4345]: The GB interface is down, input the auxiliary alarm so we can compress the SMTP transmitter!
<8>Dec 17 17:49:19 abshire1155 ut[5303]: Try to generate the EXE alarm, maybe it will quantify the cross-platform feed!
<23>Dec 17 17:49:19 labadie7206 sed[6352]: I'Ll program the cross-platform SMTP alarm, that should card the FTP transmitter!
<91>Dec 17 17:49:22 kuhn3282 est[2897]: user=farid_merchant password=5yDPOqeRAyn status=rejected
<7>Dec 17 17:49:19 cremin3638 blanditiis[1882]: Navigating the circuit won't do anything, we need to copy the haptic EXE interface!
<13>Dec 17 17:49:19 collins4561 sed[711]: The TCP interface is down, index the online protocol so we can index the USB microchip!
<91>Dec 17 17:49:21 kuhn3282 est[2897]: user=a_ali password=DdIuZ723Gsp status=rejected
<104>Dec 17 17:49:19 bruen4340 quis[7492]: Use the online SDD array, then you can back up the haptic bandwidth!
<73>Dec 17 17:49:19 durgan5724 nisi[4235]: Try to hack the IB monitor, maybe it will synthesize the online panel!
<161>Dec 17 17:49:19 kautzer1177 voluptatibus[2483]: I'Ll reboot the mobile XML bus, that should bus the PNG firewall!
<97>Dec 17 17:49:19 hyatt3246 nesciunt[6074]: We need to program the optical COM feed!
<42>Dec 17 17:49:19 grimes4482 consequuntur[8848]: We need to compress the bluetooth SDD bandwidth!
<64>Dec 17 17:49:19 jones6346 soluta[5321]: We need to input the online USB transmitter!
<91>Dec 17 17:49:22 kuhn3282 est[2897]: user=aqueel_kamruddin password=AOo79aaurYt status=rejected
<89>Dec 17 17:49:19 hilll1874 ullam[6661]: If we index the microchip, we can get to the PNG program through the open-source IB capacitor!
<21>Dec 17 17:49:19 jewess2488 id[7204]: The THX firewall is down, synthesize the bluetooth system so we can program the SCSI circuit!
<127>Dec 17 17:49:19 koepp5886 sed[5562]: I'Ll copy the auxiliary XML microchip, that should monitor the COM protocol!
<21>Dec 17 17:49:19 barrows1142 illum[3887]: Connecting the application won't do anything, we need to calculate the wireless COM capacitor!
<1>Dec 17 17:49:19 luettgen7348 repudiandae[9415]: I'Ll parse the back-end PCI monitor, that should driver the SMS application!
<157>Dec 17 17:49:19 lang5017 ut[2380]: The AI firewall is down, transmit the open-source bandwidth so we can generate the IB pixel!
<91>Dec 17 17:49:21 kuhn3282 est[2897]: user=michelle_hirani_khoja password=hvDKJiLVP status=rejected
<85>Dec 17 17:49:19 welch5201 sint[5053]: You can't override the monitor without synthesizing the back-end EXE protocol!
<61>Dec 17 17:49:19 huel1876 accusamus[232]: You can't navigate the card without bypassing the online CSS transmitter!
<75>Dec 17 17:49:19 bradtke1854 dolorem[4950]: The SDD feed is down, calculate the auxiliary array so we can index the EXE array!
<136>Dec 17 17:49:19 glover5267 delectus[8477]: If we quantify the alarm, we can get to the IB array through the digital AI array!
<171>Dec 17 17:49:19 hamill5762 ea[5553]: Use the haptic PNG port, then you can quantify the redundant bandwidth!
<35>Dec 17 17:49:19 langosh7041 quaerat[5579]: Try to generate the RAM program, maybe it will quantify the 1080p bus!
<50>Dec 17 17:49:19 huel4141 laudantium[1867]: You can't input the firewall without programming the auxiliary HTTP monitor!
<182>Dec 17 17:49:19 grant7074 beatae[1622]: Try to copy the IB interface, maybe it will navigate the optical matrix!
<52>Dec 17 17:49:19 nader6738 vitae[3623]: You can't generate the panel without synthesizing the 1080p JSON alarm!
<105>Dec 17 17:49:19 rolfson4030 et[5338]: The HDD sensor is down, synthesize the auxiliary card so we can navigate the SCSI pixel!
<164>Dec 17 17:49:19 fadel4730 tempore[2486]: You can't connect the firewall without hacking the digital SAS sensor!
<91>Dec 17 17:49:20 kuhn3282 est[2897]: user=farez_vadsaria password=HYr8Ib040 status=rejected
<24>Dec 17 17:49:19 huel5048 culpa[5019]: Try to back up the EXE firewall, maybe it will parse the open-source transmitter!
<130>Dec 17 17:49:19 cronin6867 perspiciatis[7539]: Use the haptic IB circuit, then you can back up the bluetooth bus!
<65>Dec 17 17:49:19 schuster1020 alias[1036]: The SSL program is down, parse the mobile transmitter so we can program the RSS feed!
<56>Dec 17 17:49:19 bogan3550 velit[1848]: I'Ll copy the mobile CSS feed, that should microchip the FTP pixel!
<91>Dec 17 17:49:20 kuhn3282 est[2897]: user=aziz_kapadia password=127UcLs0 status=rejected
<92>Dec 17 17:49:19 rodriguez1454 porro[614]: The SDD alarm is down, copy the open-source application so we can navigate the SAS port!
<163>Dec 17 17:49:19 oberbrunner5551 perferendis[5953]: Use the mobile FTP alarm, then you can input the wireless pixel!
<91>Dec 17 17:49:22 kuhn3282 est[2897]: user=aneel password=yTueQLf42G status=rejected
<82>Dec 17 17:49:19 heaney8346 id[5741]: I'Ll calculate the mobile SMS firewall, that should capacitor the PNG panel!
<91>Dec 17 17:49:22 kuhn3282 est[2897]: user=murad_kajani password=GxM3vUwnzuAux status=rejected
<107>Dec 17 17:49:19 dietrich7731 aut[7026]: You can't connect the driver without connecting the mobile SCSI application!
<69>Dec 17 17:49:19 considine1123 ab[8135]: Use the digital CSS firewall, then you can generate the online sensor!
<2>Dec 17 17:49:19 dare5520 ex[5761]: You can't compress the application without synthesizing the mobile EXE interface!
<91>Dec 17 17:49:24 kuhn3282 est[2897]: user=farez_vadsaria password=IbzePnmC6AkW status=rejected
<113>Dec 17 17:49:19 vonrueden6156 voluptatem[404]: We need to synthesize the wireless RAM sensor!
<110>Dec 17 17:49:19 walker8583 cupiditate[399]: You can't parse the program without quantifying the back-end CSS transmitter!
<0>Dec 17 17:49:19 hagenes6016 et[8204]: We need to bypass the haptic SCSI transmitter!
<164>Dec 17 17:49:19 rowe5722 nihil[8934]: We need to connect the wireless CSS panel!
<27>Dec 17 17:49:19 nienow3856 quae[6540]: The THX port is down, quantify the optical firewall so we can override the XML hard drive!
<47>Dec 17 17:49:19 kovacek1584 quos[3928]: You can't transmit the application without generating the open-source GB sensor!
<61>Dec 17 17:49:19 grimes1663 et[6495]: Use the 1080p AGP capacitor, then you can copy the virtual monitor!
<4>Dec 17 17:49:19 jast4547 atque[2655]: The XSS bandwidth is down, copy the multi-byte system so we can connect the XSS driver!
<91>Dec 17 17:49:20 kuhn3282 est[2897]: user=salim_notta password=WRtyBiN7 status=rejected
<81>Dec 17 17:49:19 bruen7612 pariatur[9626]: Use the virtual HTTP application, then you can input the neural array!
<6>Dec 17 17:49:19 ritchie3563 fugiat[6606]: Use the haptic RAM hard drive, then you can navigate the redundant card!
<118>Dec 17 17:49:19 purdy7331 consectetur[9134]: Use the multi-byte SDD interface, then you can parse the 1080p application!
<91>Dec 17 17:49:20 kuhn3282 est[2897]: user=anita_karim password=jXXwZo1y00O status=rejected
<100>Dec 17 17:49:19 connelly3701 accusantium[3108]: Try to index the THX circuit, maybe it will copy the primary alarm!
<91>Dec 17 17:49:20 kuhn3282 est[2897]: user=zanir password=56SQibhOq status=rejected
<164>Dec 17 17:49:19 kuphal6056 deserunt[660]: You can't reboot the panel without connecting the multi-byte IB pixel!
<40>Dec 17 17:49:19 jacobi7766 autem[7221]: If we back up the driver, we can get to the SSL array through the online PCI port!
<91>Dec 17 17:49:22 kuhn3282 est[2897]: user=serena_tejani_rahemtulla password=4XuS6cplZ59OL status=rejected
<91>Dec 17 17:49:23 kuhn3282 est[2897]: user=aqueel_kamruddin password=KbQPc6H26 status=rejected
<91>Dec 17 17:49:27 kuhn3282 est[2897]: user=zain_mitha password=Z0Dh9JCBkog status=rejected
<109>Dec 17 17:49:19 leannon5828 quidem[4947]: Quantifying the hard drive won't do anything, we need to transmit the 1080p XML circuit!
<13>Dec 17 17:49:19 walter5372 placeat[6359]: We need to navigate the bluetooth THX alarm!
<135>Dec 17 17:49:19 nienow2280 cupiditate[6367]: The PCI pixel is down, parse the bluetooth interface so we can override the XML card!
<69>Dec 17 17:49:19 bechtelar4411 aut[2680]: You can't compress the firewall without calculating the multi-byte SCSI application!
<55>Dec 17 17:49:19 volkman2838 a[266]: I'Ll generate the optical SQL system, that should sensor the IB application!
<191>Dec 17 17:49:19 hodkiewicz5833 ab[5290]: We need to connect the mobile AGP transmitter!
<114>Dec 17 17:49:19 waelchi7030 impedit[8537]: Compressing the application won't do anything, we need to generate the multi-byte JSON monitor!
<91>Dec 17 17:49:22 kuhn3282 est[2897]: user=fayyaz_makhani password=ttYF7Gzs7QY status=rejected
<133>Dec 17 17:49:19 heaney7753 hic[7702]: Try to back up the FTP protocol, maybe it will index the 1080p feed!
<108>Dec 17 17:49:19 zulauf6657 aut[9253]: Try to back up the CSS protocol, maybe it will quantify the multi-byte interface!
<91>Dec 17 17:49:22 kuhn3282 est[2897]: user=sam_k password=ispcNL6kt status=rejected
<83>Dec 17 17:49:19 russel6047 harum[8199]: If we override the hard drive, we can get to the XSS hard drive through the 1080p GB bandwidth!
<91>Dec 17 17:49:24 kuhn3282 est[2897]: user=amyn_sarif password=M4ULqDr2Y40BaF status=rejected
<91>Dec 17 17:49:29 kuhn3282 est[2897]: user=moez password=07EUZ81Nh status=rejected
<117>Dec 17 17:49:19 larson8350 minus[5916]: If we navigate the bus, we can get to the TCP pixel through the cross-platform COM matrix!
<91>Dec 17 17:49:21 kuhn3282 est[2897]: user=farid_merchant password=cZlYi66i6MTWD status=rejected
<15>Dec 17 17:49:19 harris2141 sunt[9349]: You can't connect the firewall without backing up the open-source COM application!
<100>Dec 17 17:49:19 grant3734 est[309]: Try to transmit the AI protocol, maybe it will connect the optical application!
<91>Dec 17 17:49:21 kuhn3282 est[2897]: user=sajoo password=BN93EI0BDBRxqP status=rejected
<78>Dec 17 17:49:19 roberts3258 beatae[3989]: You can't index the capacitor without bypassing the online ADP pixel!
<154>Dec 17 17:49:19 okuneva8440 voluptatem[7596]: I'Ll transmit the solid state SQL protocol, that should firewall the XSS bus!
<110>Dec 17 17:49:19 skiles7874 qui[1181]: We need to program the virtual TCP port!
<91>Dec 17 17:49:21 kuhn3282 est[2897]: user=inara_rupani password=BR94bP4M1jLsn status=rejected
<91>Dec 17 17:49:23 kuhn3282 est[2897]: user=michelle_hirani_khoja password=rPdSwwcSyDh status=rejected
<91>Dec 17 17:49:24 kuhn3282 est[2897]: user=hussein_din password=GsumUp5t0ae1r status=rejected
<91>Dec 17 17:49:28 kuhn3282 est[2897]: user=inara_rupani password=2sZYd7fYiH status=rejected
<186>Dec 17 17:49:19 nader7665 ea[4064]: You can't back up the capacitor without quantifying the cross-platform HDD monitor!
<47>Dec 17 17:49:19 bahringer6054 ex[4211]: If we calculate the circuit, we can get to the EXE alarm through the mobile THX array!
<74>Dec 17 17:49:19 emard6376 dolore[5507]: Try to generate the GB transmitter, maybe it will compress the online port!
<91>Dec 17 17:49:24 kuhn3282 est[2897]: user=aly_ali password=SOyWGeKU status=rejected
<32>Dec 17 17:49:19 thiel6200 aliquid[4967]: Try to index the COM monitor, maybe it will input the digital pixel!
<13>Dec 17 17:49:19 ledner3687 ducimus[1118]: You can't program the sensor without hacking the digital COM feed!
<51>Dec 17 17:49:19 rice7864 maxime[2507]: You can't input the application without hacking the back-end TCP firewall!
<117>Dec 17 17:49:19 monahan1054 doloremque[4268]: The RAM bus is down, bypass the solid state array so we can program the SMS feed!
<91>Dec 17 17:49:24 kuhn3282 est[2897]: user=zull_nensi password=L2BrlHjr status=rejected
<91>Dec 17 17:49:27 kuhn3282 est[2897]: user=anita_karim password=bXlV3Vcr status=rejected
<62>Dec 17 17:49:19 anderson1272 et[2244]: We need to connect the 1080p TCP microchip!
<126>Dec 17 17:49:19 feil4405 voluptas[9505]: You can't index the panel without navigating the primary SAS panel!
<9>Dec 17 17:49:19 towne4865 ut[176]: Use the wireless RAM sensor, then you can hack the multi-byte capacitor!
<69>Dec 17 17:49:19 bosco3106 ut[7879]: You can't quantify the protocol without connecting the digital SMTP circuit!
<1>Dec 17 17:49:19 grimes4631 magni[1426]: Backing up the port won't do anything, we need to parse the auxiliary SCSI alarm!
<189>Dec 17 17:49:19 douglas6547 cumque[1144]: I'Ll parse the online TCP capacitor, that should interface the ADP microchip!
<50>Dec 17 17:49:19 cartwright6343 est[3296]: Overriding the microchip won't do anything, we need to reboot the bluetooth RSS alarm!
<17>Dec 17 17:49:19 kirlin5088 recusandae[5419]: Copying the panel won't do anything, we need to compress the optical XML driver!
<21>Dec 17 17:49:19 murazik5166 veniam[9591]: Try to synthesize the TCP bus, maybe it will bypass the 1080p panel!
<160>Dec 17 17:49:19 franecki3363 eos[6162]: You can't back up the protocol without hacking the 1080p CSS array!
<7>Dec 17 17:49:19 damore6546 aliquid[2083]: Try to generate the PCI driver, maybe it will input the cross-platform program!
<107>Dec 17 17:49:19 friesen6344 deleniti[5384]: The JSON bus is down, reboot the primary program so we can parse the HDD port!
<108>Dec 17 17:49:19 parker7046 et[8824]: You can't hack the alarm without overriding the 1080p HDD port!
<91>Dec 17 17:49:20 kuhn3282 est[2897]: user=salim_notta password=zZ6Lm5tShYZh status=rejected
<117>Dec 17 17:49:19 okuneva8725 tempora[4604]: The SQL card is down, copy the wireless application so we can back up the HDD interface!
<70>Dec 17 17:49:19 wiza6852 reiciendis[7389]: Use the virtual JSON protocol, then you can connect the cross-platform circuit!
<91>Dec 17 17:49:20 kuhn3282 est[2897]: user=zain_mitha password=QMBvBfOqr status=rejected
<81>Dec 17 17:49:19 ebert5328 in[7376]: I'Ll quantify the auxiliary PCI interface, that should capacitor the SMS matrix!
<158>Dec 17 17:49:19 mclaughlin8380 dolores[8472]: I'Ll compress the online TCP bus, that should microchip the EXE circuit!
<91>Dec 17 17:49:20 kuhn3282 est[2897]: user=asif password=UqtHkT0uXT status=rejected
<46>Dec 17 17:49:19 parisian8817 hic[3381]: Programming the driver won't do anything, we need to calculate the optical SAS application!
<77>Dec 17 17:49:19 osinski8035 aliquid[6684]: Quantifying the port won't do anything, we need to input the digital PNG firewall!
<91>Dec 17 17:49:22 kuhn3282 est[2897]: user=farid_merchant password=Rqll5eODY3tRJ status=rejected
<136>Dec 17 17:49:19 braun3561 in[6442]: You can't index the interface without programming the back-end CSS hard drive!
<18>Dec 17 17:49:19 reichert3620 ipsam[857]: Use the redundant SCSI feed, then you can override the optical pixel!
<112>Dec 17 17:49:19 zieme8837 rerum[1562]: You can't quantify the interface without connecting the multi-byte SCSI port!
<150>Dec 17 17:49:19 schuppe8460 totam[6380]: If we back up the program, we can get to the IB bus through the neural JBOD array!
<125>Dec 17 17:49:19 kris7132 sint[3706]: You can't parse the monitor without backing up the redundant CSS program!
<68>Dec 17 17:49:19 mitchell3421 error[9169]: Programming the interface won't do anything, we need to input the 1080p GB bus!
<110>Dec 17 17:49:19 spencer8175 velit[1859]: If we parse the bandwidth, we can get to the AGP panel through the open-source FTP microchip!
<83>Dec 17 17:49:19 schneider8617 eos[3347]: You can't generate the driver without generating the haptic USB transmitter!
<30>Dec 17 17:49:19 rice5431 quod[8237]: Hacking the monitor won't do anything, we need to copy the virtual SDD bandwidth!
<189>Dec 17 17:49:19 dubuque2624 quia[7734]: I'Ll connect the neural AGP application, that should interface the TCP driver!
<91>Dec 17 17:49:23 kuhn3282 est[2897]: user=aziz_kapadia password=CKo0JEASh status=rejected
<47>Dec 17 17:49:19 goyette1187 aliquid[4275]: You can't synthesize the pixel without navigating the neural ADP sensor!
<13>Dec 17 17:49:19 spencer8544 hic[1043]: We need to hack the auxiliary XSS firewall!
<67>Dec 17 17:49:19 boehm8408 similique[9074]: I'Ll bypass the primary PNG system, that should transmitter the CSS card!
<91>Dec 17 17:49:23 kuhn3282 est[2897]: user=michelle_hirani_khoja password=vTEz4l0aoyrBm status=rejected
<91>Dec 17 17:49:24 kuhn3282 est[2897]: user=aly_ali password=cjqAKNL37 status=rejected
<177>Dec 17 17:49:19 heathcote1484 itaque[3331]: Use the bluetooth FTP circuit, then you can index the neural bandwidth!
<137>Dec 17 17:49:19 turcotte5775 non[419]: Generating the card won't do anything, we need to compress the online ADP hard drive!
<106>Dec 17 17:49:19 ruecker5410 nesciunt[8241]: Overriding the array won't do anything, we need to quantify the digital EXE driver!
<91>Dec 17 17:49:21 kuhn3282 est[2897]: user=ahil_hashim password=4zq7mvWfjSRqqM status=rejected
<91>Dec 17 17:49:24 kuhn3282 est[2897]: user=noah_ladak password=5KifNHjFzItg status=rejected
<190>Dec 17 17:49:19 ferry2053 tempora[543]: You can't program the capacitor without parsing the wireless PCI matrix!
<107>Dec 17 17:49:19 swaniawski1772 molestiae[4953]: Navigating the bandwidth won't do anything, we need to calculate the primary PNG circuit!
<91>Dec 17 17:49:24 kuhn3282 est[2897]: user=noah_ladak password=JA0nCxq5JSF status=rejected
<69>Dec 17 17:49:19 senger3161 soluta[2851]: You can't override the transmitter without bypassing the auxiliary SCSI monitor!
<75>Dec 17 17:49:19 mills7710 distinctio[755]: Use the back-end HDD application, then you can connect the mobile interface!
<6>Dec 17 17:49:19 grant4104 at[9541]: Try to hack the RAM bandwidth, maybe it will input the optical feed!
<4>Dec 17 17:49:19 champlin8464 et[1526]: We need to connect the haptic SMTP capacitor!
<160>Dec 17 17:49:19 wiza5033 unde[5520]: Try to back up the SAS bus, maybe it will index the optical sensor!
<28>Dec 17 17:49:19 skiles5257 temporibus[4775]: Overriding the sensor won't do anything, we need to bypass the optical FTP bandwidth!
<60>Dec 17 17:49:19 schoen7064 laborum[4216]: We need to index the neural RSS capacitor!
<91>Dec 17 17:49:20 kuhn3282 est[2897]: user=shehzad_merchant password=ncUifMXzsb status=rejected
<27>Dec 17 17:49:19 miller7844 excepturi[521]: Copying the feed won't do anything, we need to transmit the open-source HTTP panel!
<91>Dec 17 17:49:23 kuhn3282 est[2897]: user=amyn_sarif password=rTfoUHTn1rP6Se status=rejected
<155>Dec 17 17:49:19 sauer4852 id[561]: You can't override the driver without bypassing the mobile RAM sensor!
<91>Dec 17 17:49:22 kuhn3282 est[2897]: user=aziz_kapadia password=qHcIl4ALb status=rejected
<91>Dec 17 17:49:27 kuhn3282 est[2897]: user=sam_k password=ukVLE6qbc status=rejected
<99>Dec 17 17:49:19 johnston6522 sunt[5141]: Use the mobile GB system, then you can calculate the wireless interface!
<57>Dec 17 17:49:19 kunze6752 rem[2906]: If we connect the pixel, we can get to the USB microchip through the digital COM firewall!
<148>Dec 17 17:49:19 cruickshank7864 aut[684]: Try to override the HDD capacitor, maybe it will back up the mobile panel!
<14>Dec 17 17:49:19 walter4748 hic[8188]: Connecting the port won't do anything, we need to reboot the 1080p PCI pixel!
<131>Dec 17 17:49:19 durgan3305 quia[8177]: We need to back up the digital RAM panel!
<57>Dec 17 17:49:19 fisher8661 omnis[4283]: If we reboot the bandwidth, we can get to the XSS feed through the bluetooth PNG application!
<23>Dec 17 17:49:19 mueller1550 non[5930]: Use the 1080p ADP interface, then you can parse the digital program!
<178>Dec 17 17:49:19 huel1230 sapiente[5480]: You can't transmit the pixel without overriding the cross-platform SCSI circuit!
<185>Dec 17 17:49:19 feeney5752 adipisci[6231]: Hacking the interface won't do anything, we need to copy the 1080p AGP transmitter!
<26>Dec 17 17:49:19 olson1723 vero[7357]: You can't quantify the card without programming the virtual AI bandwidth!
<91>Dec 17 17:49:23 kuhn3282 est[2897]: user=fayyaz_makhani password=GE1FrVFrLX9c8 status=rejected
<91>Dec 17 17:49:28 kuhn3282 est[2897]: user=noah_ladak password=4Les7JoSu3fgI status=rejected
<59>Dec 17 17:49:19 bruen1634 veritatis[5117]: The IB matrix is down, hack the auxiliary pixel so we can hack the JBOD firewall!
<191>Dec 17 17:49:19 herzog8136 laudantium[6799]: You can't copy the application without quantifying the wireless EXE panel!
<62>Dec 17 17:49:19 frami2651 dignissimos[3884]: You can't index the protocol without navigating the back-end RAM program!
<172>Dec 17 17:49:19 keeling4806 expedita[2357]: I'Ll parse the open-source GB microchip, that should pixel the RAM driver!
<58>Dec 17 17:49:19 runolfsdottir2173 molestiae[8223]: If we compress the bandwidth, we can get to the PCI system through the solid state CSS circuit!
<167>Dec 17 17:49:19 parker5873 consequuntur[4966]: You can't synthesize the system without copying the online HTTP microchip!
<91>Dec 17 17:49:19 pfeffer1170 sit[6838]: Transmitting the matrix won't do anything, we need to back up the cross-platform THX panel!
<179>Dec 17 17:49:19 rutherford6027 aut[3461]: Use the digital XML matrix, then you can compress the haptic interface!
<156>Dec 17 17:49:19 bosco2048 enim[8263]: We need to override the online RSS alarm!
<9>Dec 17 17:49:19 gusikowski4542 soluta[3156]: Use the redundant SMS capacitor, then you can hack the mobile microchip!
<91>Dec 17 17:49:23 kuhn3282 est[2897]: user=khizrali_kradiya password=VcZsLfRVc6 status=rejected
<31>Dec 17 17:49:19 monahan4430 ipsa[7552]: I'Ll reboot the multi-byte GB system, that should system the EXE microchip!
<169>Dec 17 17:49:19 kulas3724 cumque[8975]: Use the digital IB application, then you can navigate the back-end alarm!
<91>Dec 17 17:49:20 kuhn3282 est[2897]: user=armaan_chakkiwala password=YjywatpjZw3 status=rejected
<148>Dec 17 17:49:19 conroy7110 aperiam[4508]: If we input the feed, we can get to the PCI application through the neural RAM protocol!
<9>Dec 17 17:49:19 beier5700 quo[1454]: We need to quantify the haptic SMS program!
<91>Dec 17 17:49:23 kuhn3282 est[2897]: user=serena_tejani_rahemtulla password=7sTHkRGYhqTTf status=rejected
<91>Dec 17 17:49:28 kuhn3282 est[2897]: user=zull_nensi password=1vU4k6OL status=rejected
<91>Dec 17 17:49:30 kuhn3282 est[2897]: user=a_ali password=aJQUxoH2BB4 status=rejected
<100>Dec 17 17:49:19 dare2554 autem[8462]: I'Ll reboot the haptic SMTP microchip, that should alarm the SMS program!
<91>Dec 17 17:49:24 kuhn3282 est[2897]: user=murad_kajani password=291v8wy3SImbg1 status=rejected
<173>Dec 17 17:49:19 spencer4620 sed[3788]: Use the auxiliary USB capacitor, then you can reboot the bluetooth protocol!
<53>Dec 17 17:49:19 jaskolski7571 neque[4336]: I'Ll compress the cross-platform HTTP system, that should firewall the AGP protocol!
<151>Dec 17 17:49:19 stamm4306 quia[4867]: You can't compress the capacitor without synthesizing the back-end SQL pixel!
<0>Dec 17 17:49:19 reichert7820 placeat[4910]: You can't input the bandwidth without hacking the haptic GB panel!
<109>Dec 17 17:49:19 senger7856 est[8857]: If we back up the port, we can get to the FTP microchip through the cross-platform SMS alarm!
<13>Dec 17 17:49:19 schmeler3761 et[2361]: Use the bluetooth HDD program, then you can back up the multi-byte array!
<91>Dec 17 17:49:24 kuhn3282 est[2897]: user=khizrali_kradiya password=WqOybnwZdMhXN status=rejected
<44>Dec 17 17:49:19 watsica2470 autem[4767]: Try to index the IB alarm, maybe it will quantify the mobile microchip!
<113>Dec 17 17:49:19 schaden6552 quia[4836]: You can't reboot the port without synthesizing the cross-platform TCP capacitor!
<46>Dec 17 17:49:19 wisozk8066 voluptatibus[4507]: Hacking the monitor won't do anything, we need to program the digital COM hard drive!
<160>Dec 17 17:49:19 schultz6642 repellendus[6504]: Generating the array won't do anything, we need to parse the open-source GB alarm!
<65>Dec 17 17:49:19 crist2883 et[3799]: We need to override the bluetooth COM bandwidth!
<139>Dec 17 17:49:19 brakus6701 voluptates[5485]: The SMTP monitor is down, reboot the virtual feed so we can calculate the XSS hard drive!
<46>Dec 17 17:49:19 ankunding3844 doloribus[692]: We need to hack the redundant AGP hard drive!
<176>Dec 17 17:49:19 kulas5108 inventore[8922]: The GB transmitter is down, index the auxiliary interface so we can bypass the GB microchip!
