<120>3 2025-12-17T17:49:19.290Z humanenterprise.biz modi 5256 ID695 - Calculating the driver won't do anything, we need to quantify the solid state RAM capacitor!
<13>Dec 17 17:49:15 gateway authd[1000]: user=saurabh password=fXTYTNmMW3fN8 status=rejected
<9>3 2025-12-17T17:49:19.290Z humandeploy.info vero 9181 ID615 - Use the solid state SMTP panel, then you can parse the digital feed!
<13>Dec 17 17:49:17 gateway authd[1000]: user=saira_jiwani password=HJhWo8AOcMq status=rejected
<68>2 2025-12-17T17:49:19.290Z leadredefine.info sit 5511 ID501 - Use the redundant USB card, then you can hack the primary application!
<98>1 2025-12-17T17:49:19.290Z regionalportals.com qui 6398 ID396 - Navigating the program won't do anything, we need to calculate the open-source XSS sensor!
<173>3 2025-12-17T17:49:19.290Z humanengineer.biz voluptas 7733 ID743 - Use the primary COM transmitter, then you can transmit the haptic bus!
<78>3 2025-12-17T17:49:19.290Z regionalbricks-and-clicks.biz dolore 2823 ID78 - We need to compress the cross-platform XML hard drive!
<28>3 2025-12-17T17:49:19.290Z productinnovate.io qui 359 ID242 - Try to generate the TCP matrix, maybe it will back up the wireless bandwidth!
<13>Dec 17 17:49:20 gateway authd[1000]: user=anita_karim password=dGVUEtCvj status=rejected
<68>2 2025-12-17T17:49:19.290Z customerexploit.net ut 1091 ID280 - Try to back up the SMTP hard drive, maybe it will index the neural alarm!
<132>3 2025-12-17T17:49:19.290Z globalweb services.info consequatur 7956 ID579 - I'Ll back up the wireless FTP firewall, that should pixel the ADP microchip!
<151>2 2025-12-17T17:49:19.290Z principalback-end.net est 6785 ID888 - Programming the bandwidth won't do anything, we need to connect the mobile SMTP driver!
<94>1 2025-12-17T17:49:19.290Z nationalapplications.biz maxime 955 ID885 - Navigating the driver won't do anything, we need to navigate the redundant PCI matrix!
<183>3 2025-12-17T17:49:19.290Z productdot-com.info maiores 8720 ID483 - Quantifying the port won't do anything, we need to synthesize the open-source AGP interface!
<129>3 2025-12-17T17:49:19.290Z legacymorph.com tempore 5289 ID100 - You can't index the bus without overriding the optical RSS pixel!
<171>1 2025-12-17T17:49:19.290Z corporate24/365.name doloremque 8754 ID214 - You can't back up the interface without compressing the cross-platform COM microchip!
<118>2 2025-12-17T17:49:19.290Z districtkiller.biz autem 8400 ID29 - I'Ll generate the back-end CSS bandwidth, that should array the RAM interface!
<13>Dec 17 17:49:24 gateway authd[1000]: user=moses_merchant password=4fWjuWpwxT status=rejected
<13>Dec 17 17:49:27 gateway authd[1000]: user=aziz_kapadia password=Je1twSCKxIriA status=rejected
<41>3 2025-12-17T17:49:19.290Z directoptimize.name officia 7845 ID363 - Use the solid state FTP firewall, then you can bypass the haptic program!
<71>1 2025-12-17T17:49:19.290Z directstrategic.biz consequatur 9386 ID463 - The JBOD bus is down, index the redundant array so we can quantify the HTTP pixel!
<162>3 2025-12-17T17:49:19.290Z dynamicapplications.name aut 9158 ID742 - You can't connect the hard drive without generating the wireless GB monitor!
<185>1 2025-12-17T17:49:19.290Z dynamicsexy.net consequatur 7657 ID314 - Calculating the system won't do anything, we need to calculate the 1080p SMTP bus!
<115>1 2025-12-17T17:49:19.290Z investorinnovative.org soluta 6378 ID186 - You can't bypass the feed without transmitting the haptic XSS bandwidth!
<13>Dec 17 17:49:30 gateway authd[1000]: user=aly_ali password=uETeRAXNM0vv status=rejected
<50>1 2025-12-17T17:49:19.290Z forwardcross-media.info rem 4341 ID427 - I'Ll override the virtual SAS monitor, that should application the AGP bus!
<61>1 2025-12-17T17:49:19.290Z chiefsystems.net non 9013 ID917 - We need to program the auxiliary USB circuit!
<13>Dec 17 17:49:34 gateway authd[1000]: user=mahek_ramzan password=YXRNJJufp95Og status=rejected
<13>Dec 17 17:49:38 gateway authd[1000]: user=shar password=mvYXpvTyJUI8 status=rejected
<13>Dec 17 17:49:40 gateway authd[1000]: user=rozi password=Th7OyqxZ7YYta status=rejected
<187>3 2025-12-17T17:49:19.290Z productback-end.com et 6869 ID607 - If we program the alarm, we can get to the XSS transmitter through the solid state SQL application!
<13>Dec 17 17:49:42 gateway authd[1000]: user=fayyaz_makhani password=FXUTiw7tuZF7 status=rejected
<53>3 2025-12-17T17:49:19.290Z globalredefine.com maiores 7180 ID991 - I'Ll connect the 1080p GB bus, that should card the RAM panel!
<13>Dec 17 17:49:47 gateway authd[1000]: user=asif password=ZG4jyoHF status=rejected
<142>3 2025-12-17T17:49:19.290Z districtcutting-edge.net nemo 380 ID571 - You can't bypass the protocol without backing up the 1080p HTTP alarm!
<35>3 2025-12-17T17:49:19.290Z dynamicchannels.net ut 9929 ID140 - You can't copy the matrix without parsing the neural FTP card!
<128>3 2025-12-17T17:49:19.290Z districtrepurpose.net eligendi 6156 ID210 - We need to parse the open-source AI card!
<55>2 2025-12-17T17:49:19.290Z leadweb-readiness.name quasi 8512 ID783 - I'Ll synthesize the wireless PNG alarm, that should pixel the RSS bandwidth!
<167>1 2025-12-17T17:49:19.290Z investorglobal.org nemo 78 ID989 - Try to override the SDD system, maybe it will transmit the digital bandwidth!
<122>3 2025-12-17T17:49:19.290Z productimplement.com nesciunt 2861 ID621 - Try to transmit the SCSI feed, maybe it will synthesize the cross-platform transmitter!
<58>3 2025-12-17T17:49:19.290Z legacysynthesize.org molestiae 8943 ID890 - You can't synthesize the program without calculating the optical GB port!
<189>2 2025-12-17T17:49:19.290Z dynamicportals.biz et 9702 ID824 - Use the multi-byte PCI port, then you can hack the back-end circuit!
<13>Dec 17 17:49:52 gateway authd[1000]: user=saira_jiwani password=AZfaugZM status=rejected
<89>2 2025-12-17T17:49:19.290Z dynamicplug-and-play.org illo 7214 ID357 - Parsing the capacitor won't do anything, we need to program the open-source RSS panel!
<156>3 2025-12-17T17:49:19.290Z investor24/7.net blanditiis 5835 ID192 - If we back up the pixel, we can get to the COM feed through the cross-platform TCP system!
<131>3 2025-12-17T17:49:19.290Z productmagnetic.biz et 9920 ID871 - If we program the bandwidth, we can get to the PCI hard drive through the virtual RSS alarm!
<132>2 2025-12-17T17:49:19.290Z dynamicsyndicate.info quo 2647 ID827 - Calculating the application won't do anything, we need to navigate the mobile FTP port!
<167>1 2025-12-17T17:49:19.290Z dynamicseize.biz perspiciatis 6861 ID513 - The SQL system is down, input the solid state protocol so we can quantify the GB sensor!
<13>Dec 17 17:49:57 gateway authd[1000]: user=amyn_sarif password=cz5Tq83gY status=rejected
<13>Dec 17 17:50:00 gateway authd[1000]: user=rozi password=bTm1QKO8CHUTV status=rejected
<127>3 2025-12-17T17:49:19.290Z districtintuitive.com voluptas 2963 ID679 - Use the 1080p SMTP array, then you can connect the haptic bandwidth!
<146>3 2025-12-17T17:49:19.290Z principalcross-platform.name sed 9539 ID906 - Use the bluetooth SMS program, then you can override the cross-platform firewall!
<13>Dec 17 17:50:01 gateway authd[1000]: user=serena_tejani_rahemtulla password=pXRTUJeh8z8mf status=rejected
<72>2 2025-12-17T17:49:19.290Z investornext-generation.org sit 2000 ID108 - We need to connect the online XML program!
<82>1 2025-12-17T17:49:19.290Z customermaximize.biz corrupti 4435 ID990 - Use the 1080p COM transmitter, then you can compress the open-source system!
<179>3 2025-12-17T17:49:19.290Z internalrepurpose.net ea 6109 ID627 - I'Ll synthesize the digital RAM array, that should sensor the TCP matrix!
<179>3 2025-12-17T17:49:19.290Z globalinnovate.net consequatur 4979 ID536 - We need to hack the mobile PNG feed!
<31>1 2025-12-17T17:49:19.290Z internalweb-readiness.io nesciunt 7349 ID532 - You can't connect the driver without navigating the open-source PNG firewall!
<140>3 2025-12-17T17:49:19.290Z futurebest-of-breed.net est 6291 ID536 - If we reboot the hard drive, we can get to the RAM monitor through the open-source SMTP transmitter!
<13>Dec 17 17:50:04 gateway authd[1000]: user=amyn_sarif password=uIN9y6I1 status=rejected
<189>2 2025-12-17T17:49:19.290Z districtrecontextualize.io consequuntur 2652 ID500 - Generating the panel won't do anything, we need to reboot the neural THX hard drive!
<176>2 2025-12-17T17:49:19.290Z regionalmarkets.biz doloribus 4088 ID436 - Transmitting the firewall won't do anything, we need to parse the multi-byte EXE pixel!
<5>3 2025-12-17T17:49:19.290Z chiefsystems.com libero 7320 ID304 - Use the virtual SSL application, then you can override the primary bandwidth!
<155>3 2025-12-17T17:49:19.290Z dynamicbleeding-edge.info iure 2131 ID250 - You can't input the hard drive without programming the mobile XML interface!
<57>3 2025-12-17T17:49:19.290Z global24/365.biz placeat 3291 ID249 - If we quantify the system, we can get to the THX interface through the multi-byte GB capacitor!
<114>2 2025-12-17T17:49:19.290Z seniore-business.name ut 5745 ID311 - Try to hack the SCSI circuit, maybe it will quantify the redundant interface!
<180>1 2025-12-17T17:49:19.290Z principalincentivize.biz consectetur 9225 ID911 - You can't navigate the driver without backing up the neural JBOD circuit!
<155>3 2025-12-17T17:49:19.290Z forwardintegrated.io qui 3242 ID561 - Try to index the SCSI alarm, maybe it will quantify the haptic pixel!
<65>2 2025-12-17T17:49:19.290Z internalsolutions.com consectetur 5428 ID313 - Use the 1080p JSON firewall, then you can input the bluetooth hard drive!
<37>2 2025-12-17T17:49:19.290Z globaltransform.net voluptatem 4458 ID373 - We need to navigate the bluetooth SAS microchip!
<187>2 2025-12-17T17:49:19.290Z directinterfaces.com quis 9235 ID98 - The SSL alarm is down, back up the virtual alarm so we can synthesize the HDD transmitter!
<99>3 2025-12-17T17:49:19.290Z leadengineer.org cupiditate 7375 ID81 - We need to compress the redundant HDD feed!
<17>2 2025-12-17T17:49:19.290Z dynamicvertical.net accusantium 1628 ID531 - You can't hack the firewall without copying the online COM program!
<159>2 2025-12-17T17:49:19.290Z investorsynergies.biz cum 4282 ID134 - Transmitting the system won't do anything, we need to navigate the haptic SSL microchip!
<31>1 2025-12-17T17:49:19.290Z globalsupply-chains.com provident 9121 ID346 - If we transmit the alarm, we can get to the HDD interface through the solid state JBOD program!
<25>1 2025-12-17T17:49:19.290Z legacyportals.io qui 1852 ID14 - I'Ll bypass the optical XML panel, that should card the HTTP microchip!
<75>2 2025-12-17T17:49:19.290Z leadbricks-and-clicks.io praesentium 6691 ID480 - Try to override the FTP circuit, maybe it will generate the optical firewall!
<162>1 2025-12-17T17:49:19.290Z corporatenext-generation.com quis 6597 ID888 - If we connect the capacitor, we can get to the XSS system through the primary EXE panel!
<13>Dec 17 17:50:06 gateway authd[1000]: user=aly_ali password=JYt9y67vO8 status=rejected
<156>1 2025-12-17T17:49:19.290Z principaliterate.org ea 426 ID216 - Try to calculate the SCSI transmitter, maybe it will index the redundant sensor!
<13>Dec 17 17:50:10 gateway authd[1000]: user=ahil_hashim password=KWK5UL26v status=rejected
<13>Dec 17 17:50:11 gateway authd[1000]: user=amin_jaffer password=kBy8h72S status=rejected
<178>1 2025-12-17T17:49:19.290Z seniordeliver.io possimus 9538 ID416 - Use the open-source SDD card, then you can generate the bluetooth array!
<158>2 2025-12-17T17:49:19.290Z dynamicplatforms.name officiis 4543 ID992 - We need to back up the haptic JSON program!
<187>2 2025-12-17T17:49:19.290Z centralinfomediaries.net soluta 2402 ID439 - I'Ll parse the online ADP capacitor, that should capacitor the XSS array!
<13>Dec 17 17:50:16 gateway authd[1000]: user=samir password=7tcAVzuCUC status=rejected
<65>1 2025-12-17T17:49:19.290Z internationalclicks-and-mortar.biz odit 6095 ID302 - If we input the port, we can get to the SAS circuit through the digital XML bus!
<188>1 2025-12-17T17:49:19.290Z legacyweb services.net porro 8720 ID197 - Try to quantify the RAM protocol, maybe it will quantify the primary driver!
<94>1 2025-12-17T17:49:19.290Z principaldeploy.name consequatur 6412 ID588 - Try to override the FTP hard drive, maybe it will input the neural card!
<129>2 2025-12-17T17:49:19.290Z internationalarchitectures.io accusamus 6936 ID80 - We need to hack the optical RAM sensor!
<117>3 2025-12-17T17:49:19.290Z customerclicks-and-mortar.net sequi 146 ID525 - The AGP system is down, transmit the solid state bandwidth so we can index the CSS hard drive!
<152>2 2025-12-17T17:49:19.290Z leadmodels.name ipsam 3806 ID668 - You can't parse the program without indexing the virtual RAM application!
<177>2 2025-12-17T17:49:19.290Z regionalsolutions.com reiciendis 3470 ID676 - We need to transmit the cross-platform CSS sensor!
<13>Dec 17 17:50:17 gateway authd[1000]: user=noah_ladak password=gnwcFmGMFBQf status=rejected
<54>3 2025-12-17T17:49:19.290Z corporateenvisioneer.name ut 9425 ID545 - The RAM pixel is down, bypass the online circuit so we can calculate the SDD application!
<13>Dec 17 17:50:19 gateway authd[1000]: user=shezan password=yYwR4ADygT8O status=rejected
<13>Dec 17 17:50:24 gateway authd[1000]: user=zanir password=VWSXiTPsK0mG4 status=rejected
<18>1 2025-12-17T17:49:19.290Z principalintegrate.net voluptatum 3848 ID787 - Try to reboot the SQL sensor, maybe it will synthesize the multi-byte protocol!
<106>1 2025-12-17T17:49:19.290Z internationalengage.com sed 4747 ID863 - If we back up the matrix, we can get to the HDD pixel through the primary EXE system!
<122>3 2025-12-17T17:49:19.290Z districtcross-platform.name voluptatem 7562 ID487 - Copying the array won't do anything, we need to copy the virtual ADP system!
<54>2 2025-12-17T17:49:19.290Z futureeyeballs.biz voluptatem 5103 ID6 - Try to index the SMTP panel, maybe it will input the redundant matrix!
<13>Dec 17 17:50:26 gateway authd[1000]: user=shar password=NxmqeBXZcezPu status=rejected
<91>1 2025-12-17T17:49:19.290Z futurefrictionless.net aspernatur 8503 ID633 - Use the haptic CSS capacitor, then you can quantify the back-end matrix!
<7>2 2025-12-17T17:49:19.290Z internationalpartnerships.org laborum 2331 ID90 - I'Ll synthesize the haptic FTP sensor, that should sensor the SQL hard drive!
<186>1 2025-12-17T17:49:19.290Z legacyrevolutionize.biz dolorem 7764 ID358 - I'Ll quantify the optical AI array, that should bandwidth the GB firewall!
<109>1 2025-12-17T17:49:19.290Z chiefubiquitous.io quibusdam 5035 ID970 - Try to parse the CSS feed, maybe it will generate the haptic protocol!
<55>1 2025-12-17T17:49:19.290Z regionalcommunities.com laborum 8534 ID340 - The TCP system is down, transmit the solid state matrix so we can reboot the JSON system!
<7>1 2025-12-17T17:49:19.290Z nationalpartnerships.name aut 5583 ID708 - Compressing the array won't do anything, we need to navigate the haptic SAS microchip!
<13>Dec 17 17:50:29 gateway authd[1000]: user=ayaan_ajaney password=Z0gDD2Io status=rejected
<144>1 2025-12-17T17:49:19.290Z centralmonetize.org quam 7763 ID595 - Try to synthesize the RSS firewall, maybe it will transmit the redundant monitor!
<172>1 2025-12-17T17:49:19.290Z productintegrated.io impedit 514 ID528 - The XSS interface is down, bypass the digital program so we can navigate the GB bus!
<13>Dec 17 17:50:32 gateway authd[1000]: user=arshad_somani password=lXVXEesE1a status=rejected
<13>Dec 17 17:50:37 gateway authd[1000]: user=michelle_hirani_khoja password=y63PmxbU5pOR status=rejected
<151>1 2025-12-17T17:49:19.290Z dynamice-enable.name consequatur 2188 ID739 - Quantifying the circuit won't do anything, we need to override the haptic JBOD pixel!
<63>2 2025-12-17T17:49:19.290Z forwardinfomediaries.io asperiores 2680 ID834 - If we generate the bandwidth, we can get to the TCP application through the haptic FTP sensor!
<13>Dec 17 17:50:42 gateway authd[1000]: user=noah_ladak password=uEmuolFUH7dRo status=rejected
<173>2 2025-12-17T17:49:19.290Z futureharness.info a 8528 ID697 - Use the optical PCI feed, then you can connect the solid state microchip!
<148>2 2025-12-17T17:49:19.290Z globalb2c.biz ea 8130 ID14 - Use the neural SCSI application, then you can parse the open-source program!
<13>Dec 17 17:50:45 gateway authd[1000]: user=salim_gheewalla password=tmIxgyhs8uaf status=rejected
<112>2 2025-12-17T17:49:19.290Z districtcompelling.io numquam 1041 ID455 - I'Ll transmit the wireless SCSI protocol, that should bus the AGP bandwidth!
<13>Dec 17 17:50:48 gateway authd[1000]: user=fayyaz_makhani password=Ml1JCC6h status=rejected
<13>Dec 17 17:50:50 gateway authd[1000]: user=aneel password=oJNNbjXZxT8i status=rejected
<21>3 2025-12-17T17:49:19.290Z dynamicreintermediate.io perferendis 7708 ID987 - Try to connect the SMTP sensor, maybe it will hack the 1080p circuit!
<124>1 2025-12-17T17:49:19.290Z corporatemindshare.net illum 1213 ID672 - The RAM sensor is down, parse the bluetooth interface so we can override the ADP monitor!
<44>2 2025-12-17T17:49:19.290Z futurevertical.org quam 1209 ID487 - Transmitting the monitor won't do anything, we need to transmit the 1080p USB sensor!
<13>Dec 17 17:50:52 gateway authd[1000]: user=aneel password=mKQBxa9B status=rejected
<120>1 2025-12-17T17:49:19.290Z chiefmaximize.biz et 333 ID191 - We need to override the virtual SSL driver!
<13>Dec 17 17:50:57 gateway authd[1000]: user=anita_karim password=y46BlOBqUlaw status=rejected
<13>Dec 17 17:50:58 gateway authd[1000]: user=noah_ladak password=vmOFVsYgxp status=rejected
<13>Dec 17 17:51:01 gateway authd[1000]: user=zoheb_makani password=2SUSHUm0pZEBbN status=rejected
<13>Dec 17 17:51:02 gateway authd[1000]: user=asif password=ximVxQpAGE status=rejected
<46>3 2025-12-17T17:49:19.290Z directempower.io ut 7251 ID309 - The SQL firewall is down, quantify the haptic interface so we can index the XML protocol!
<186>1 2025-12-17T17:49:19.290Z dynamicbandwidth.io occaecati 4152 ID117 - I'Ll connect the virtual RAM interface, that should program the HTTP matrix!
<37>2 2025-12-17T17:49:19.290Z regionalaggregate.name labore 6261 ID861 - You can't override the application without connecting the digital SSL program!
<149>1 2025-12-17T17:49:19.290Z internationalcultivate.com porro 6994 ID655 - The HTTP matrix is down, reboot the 1080p feed so we can program the AGP driver!
<13>Dec 17 17:51:03 gateway authd[1000]: user=asif password=EgHUJVij9SqPS status=rejected
<93>3 2025-12-17T17:49:19.290Z seniornext-generation.com sint 6822 ID868 - You can't generate the alarm without copying the haptic JBOD transmitter!
<151>2 2025-12-17T17:49:19.290Z regionalbricks-and-clicks.info quibusdam 7908 ID626 - If we back up the hard drive, we can get to the SMTP bus through the 1080p PNG port!
<152>2 2025-12-17T17:49:19.290Z internalexpedite.net minus 1616 ID825 - I'Ll index the bluetooth XML capacitor, that should bus the HDD circuit!
<13>Dec 17 17:51:05 gateway authd[1000]: user=arshad_somani password=ei0ynHqH status=rejected
<84>1 2025-12-17T17:49:19.290Z investorfunctionalities.org aut 6084 ID316 - We need to override the virtual EXE array!
<97>2 2025-12-17T17:49:19.290Z nationalengage.info voluptas 2120 ID751 - You can't generate the firewall without programming the digital RSS alarm!
<161>3 2025-12-17T17:49:19.290Z senioropen-source.org est 8217 ID109 - The IB capacitor is down, connect the solid state port so we can program the COM card!
<58>3 2025-12-17T17:49:19.290Z directbest-of-breed.info modi 8518 ID372 - Use the solid state COM protocol, then you can back up the mobile circuit!
<13>Dec 17 17:51:06 gateway authd[1000]: user=jamil_jaffer password=dxYEJ9Uhng1e9 status=rejected
<27>2 2025-12-17T17:49:19.290Z humanincentivize.net magni 789 ID742 - The EXE sensor is down, program the online transmitter so we can hack the USB driver!
<7>2 2025-12-17T17:49:19.290Z globalvortals.org ipsum 8669 ID731 - If we calculate the protocol, we can get to the HDD protocol through the wireless AI sensor!
<60>3 2025-12-17T17:49:19.290Z customerrich.org aut 6005 ID107 - If we override the hard drive, we can get to the HDD alarm through the virtual SMTP program!
<167>3 2025-12-17T17:49:19.290Z dynamicdistributed.com velit 8519 ID409 - Try to synthesize the ADP application, maybe it will navigate the online program!
<13>Dec 17 17:51:10 gateway authd[1000]: user=mahek_ramzan password=Cqfhsb5ZoWZ status=rejected
<111>3 2025-12-17T17:49:19.290Z futureapplications.info voluptas 7045 ID601 - I'Ll compress the wireless RAM alarm, that should port the IB driver!
<13>Dec 17 17:51:14 gateway authd[1000]: user=aly_ali password=W9sD0s9v status=rejected
<13>Dec 17 17:51:15 gateway authd[1000]: user=jamil_jaffer password=ka48XW3Mdw3s status=rejected
<13>Dec 17 17:51:17 gateway authd[1000]: user=alymuhammad_bijani password=EoMDcbRl status=rejected
<121>1 2025-12-17T17:49:19.290Z globalopen-source.io beatae 4184 ID617 - You can't index the card without navigating the redundant SMS transmitter!
<38>1 2025-12-17T17:49:19.290Z seniorrecontextualize.net cupiditate 6432 ID877 - Use the haptic SMS microchip, then you can override the neural card!
<2>3 2025-12-17T17:49:19.290Z productincentivize.io unde 8689 ID330 - The RSS hard drive is down, reboot the primary card so we can index the PNG interface!
<62>2 2025-12-17T17:49:19.290Z productvalue-added.biz sit 5438 ID551 - If we parse the interface, we can get to the IB feed through the wireless SQL hard drive!
<13>Dec 17 17:51:22 gateway authd[1000]: user=aziz_kapadia password=LqUBKbJt1PMJ status=rejected
<68>3 2025-12-17T17:49:19.290Z dynamicintegrate.name eveniet 5604 ID285 - Try to quantify the RAM alarm, maybe it will quantify the bluetooth firewall!
<13>Dec 17 17:51:26 gateway authd[1000]: user=mahek_ramzan password=DFz70I9C status=rejected
<165>2 2025-12-17T17:49:19.290Z futurebleeding-edge.org vel 5758 ID748 - I'Ll quantify the multi-byte IB capacitor, that should bus the COM transmitter!
<57>2 2025-12-17T17:49:19.290Z futuredot-com.info nihil 5512 ID723 - Hacking the pixel won't do anything, we need to quantify the auxiliary TCP bus!
<135>3 2025-12-17T17:49:19.290Z investorchannels.io maiores 3939 ID476 - If we navigate the port, we can get to the THX transmitter through the optical XML program!
<177>2 2025-12-17T17:49:19.290Z directniches.com qui 7763 ID205 - If we override the protocol, we can get to the JBOD microchip through the bluetooth PNG port!
<13>Dec 17 17:51:28 gateway authd[1000]: user=aziz_kapadia password=ibNW5WRRLgze status=rejected
<172>2 2025-12-17T17:49:19.290Z forwarddeploy.io voluptatum 7247 ID641 - Bypassing the program won't do anything, we need to compress the 1080p SAS system!
<13>Dec 17 17:51:29 gateway authd[1000]: user=arshad_somani password=kk1p3b9bnjWP status=rejected
<84>1 2025-12-17T17:49:19.290Z internationalkiller.com repellendus 9242 ID60 - Try to compress the GB feed, maybe it will quantify the online system!
<13>Dec 17 17:51:33 gateway authd[1000]: user=hussein_din password=bSREqxQNdAV status=rejected
<69>1 2025-12-17T17:49:19.290Z legacyopen-source.org tempore 5086 ID878 - Overriding the sensor won't do anything, we need to program the primary THX matrix!
<92>1 2025-12-17T17:49:19.290Z customermethodologies.org hic 489 ID38 - Overriding the system won't do anything, we need to override the primary JBOD alarm!
<49>2 2025-12-17T17:49:19.290Z internalarchitectures.name nihil 975 ID529 - The SMS panel is down, parse the open-source pixel so we can reboot the XSS alarm!
<112>1 2025-12-17T17:49:19.290Z globalcontent.io aut 6868 ID527 - You can't navigate the bus without copying the auxiliary SAS bandwidth!
<138>1 2025-12-17T17:49:19.290Z districtkiller.net ut 9003 ID132 - Quantifying the interface won't do anything, we need to override the primary RAM pixel!
<13>Dec 17 17:51:38 gateway authd[1000]: user=zanir password=XXyxkApIgj7Iz3 status=rejected
<82>2 2025-12-17T17:49:19.290Z internalinterfaces.io et 5969 ID999 - The PCI port is down, reboot the virtual alarm so we can connect the CSS microchip!
<180>2 2025-12-17T17:49:19.290Z directopen-source.com vel 815 ID630 - We need to navigate the wireless XSS monitor!
<97>2 2025-12-17T17:49:19.290Z internalinitiatives.com aliquam 8636 ID358 - Try to synthesize the SDD bus, maybe it will copy the cross-platform array!
<110>3 2025-12-17T17:49:19.290Z dynamicusers.info quae 1158 ID504 - I'Ll quantify the virtual SQL driver, that should firewall the HTTP microchip!
<13>Dec 17 17:51:43 gateway authd[1000]: user=salim_gheewalla password=nAPI651y status=rejected
<134>3 2025-12-17T17:49:19.290Z internalweb-readiness.info voluptatem 8264 ID660 - The AI panel is down, input the solid state transmitter so we can quantify the AGP port!
<55>1 2025-12-17T17:49:19.290Z globalreinvent.io qui 595 ID214 - The XML system is down, copy the 1080p application so we can transmit the EXE microchip!
<56>3 2025-12-17T17:49:19.290Z corporate24/365.info quia 6576 ID838 - If we override the array, we can get to the AI bandwidth through the 1080p XML panel!
<113>1 2025-12-17T17:49:19.290Z globalstreamline.org incidunt 1519 ID430 - The THX program is down, calculate the online interface so we can back up the AGP transmitter!
<54>2 2025-12-17T17:49:19.290Z futureinfomediaries.net consequatur 9330 ID781 - Try to program the RSS sensor, maybe it will hack the optical sensor!
<3>1 2025-12-17T17:49:19.290Z principalweb-readiness.org est 2236 ID716 - We need to bypass the virtual USB port!
<152>3 2025-12-17T17:49:19.290Z forwardcultivate.info delectus 2468 ID648 - I'Ll generate the neural XSS panel, that should hard drive the RSS panel!
<43>2 2025-12-17T17:49:19.290Z customerenvisioneer.name et 1302 ID607 - Navigating the microchip won't do anything, we need to compress the mobile PNG card!
<145>1 2025-12-17T17:49:19.290Z investorharness.name quis 4750 ID798 - You can't compress the card without indexing the online RSS array!
<164>1 2025-12-17T17:49:19.290Z dynamicsolutions.info impedit 8129 ID169 - If we quantify the array, we can get to the SAS hard drive through the multi-byte GB bandwidth!
<11>1 2025-12-17T17:49:19.290Z customerengineer.biz eum 2637 ID68 - The JBOD circuit is down, reboot the 1080p system so we can override the SMS sensor!
<108>1 2025-12-17T17:49:19.290Z chiefdeliver.name sint 3296 ID957 - Backing up the matrix won't do anything, we need to bypass the cross-platform SAS program!
<166>3 2025-12-17T17:49:19.290Z investormorph.org aspernatur 3207 ID785 - If we override the port, we can get to the GB sensor through the open-source SSL panel!
<189>2 2025-12-17T17:49:19.290Z legacyrecontextualize.net sed 6892 ID348 - I'Ll quantify the bluetooth SAS port, that should panel the FTP transmitter!
<13>Dec 17 17:51:48 gateway authd[1000]: user=salim_gheewalla password=BYb9Sbhcmfh status=rejected
<120>3 2025-12-17T17:49:19.290Z futureparadigms.net ea 8 ID73 - We need to quantify the neural XML sensor!
<40>2 2025-12-17T17:49:19.290Z seniornext-generation.net asperiores 7815 ID959 - Use the solid state PNG system, then you can override the bluetooth bus!
<181>1 2025-12-17T17:49:19.290Z dynamicengineer.net illum 4897 ID429 - You can't override the sensor without calculating the virtual SDD bus!
<13>Dec 17 17:51:52 gateway authd[1000]: user=hussein_din password=CWbSqryo4b5F status=rejected
<122>2 2025-12-17T17:49:19.290Z regionalubiquitous.name quia 3914 ID549 - If we override the capacitor, we can get to the SMTP feed through the primary IB bus!
<26>3 2025-12-17T17:49:19.290Z legacyvisionary.biz minus 7105 ID145 - I'Ll compress the haptic EXE bandwidth, that should monitor the SQL microchip!
<58>2 2025-12-17T17:49:19.290Z principalvirtual.net alias 8599 ID71 - The ADP card is down, input the optical interface so we can parse the TCP capacitor!
<133>1 2025-12-17T17:49:19.290Z forwardmethodologies.biz quaerat 8578 ID279 - Use the solid state SDD card, then you can navigate the multi-byte bus!
<13>Dec 17 17:51:54 gateway authd[1000]: user=ayaan_ajaney password=zZXEk3CjzqcCQ9 status=rejected
<31>1 2025-12-17T17:49:19.290Z dynamicrobust.info aut 8215 ID446 - I'Ll transmit the primary JSON port, that should pixel the HDD pixel!
<179>3 2025-12-17T17:49:19.290Z globalb2b.com cumque 4338 ID722 - Programming the bus won't do anything, we need to navigate the redundant TCP microchip!
<110>1 2025-12-17T17:49:19.290Z forwardinterfaces.org magni 8313 ID846 - Try to back up the GB bus, maybe it will quantify the redundant pixel!
<140>3 2025-12-17T17:49:19.290Z forwardtransform.net quod 5063 ID536 - If we navigate the panel, we can get to the SQL driver through the haptic JSON system!
<13>Dec 17 17:51:56 gateway authd[1000]: user=shezan password=w6R5mJQb status=rejected
<167>3 2025-12-17T17:49:19.290Z internalclicks-and-mortar.com quam 3840 ID67 - I'Ll program the bluetooth FTP pixel, that should bandwidth the HTTP feed!
<10>1 2025-12-17T17:49:19.290Z globalfacilitate.biz nihil 2441 ID795 - If we reboot the port, we can get to the ADP program through the open-source CSS system!
<110>1 2025-12-17T17:49:19.290Z productevolve.com nihil 7390 ID582 - I'Ll generate the online COM matrix, that should application the JSON bus!
<60>1 2025-12-17T17:49:19.290Z investore-business.biz quibusdam 8506 ID683 - Use the neural XML transmitter, then you can hack the open-source pixel!
<13>Dec 17 17:51:57 gateway authd[1000]: user=ahil_hashim password=flJT9N56 status=rejected
<10>3 2025-12-17T17:49:19.290Z leadschemas.name repellat 4930 ID177 - If we synthesize the transmitter, we can get to the RAM circuit through the cross-platform ADP protocol!
<182>1 2025-12-17T17:49:19.290Z futuregenerate.biz omnis 7134 ID51 - Try to connect the JSON system, maybe it will program the back-end panel!
<13>Dec 17 17:51:58 gateway authd[1000]: user=alymuhammad_bijani password=KSzJPSV7 status=rejected
<120>2 2025-12-17T17:49:19.290Z nationalenvisioneer.io provident 2127 ID450 - If we override the system, we can get to the SCSI bus through the digital JBOD card!
<42>3 2025-12-17T17:49:19.290Z globalexploit.biz consequuntur 9293 ID527 - Try to quantify the PNG pixel, maybe it will program the auxiliary pixel!
<13>Dec 17 17:51:59 gateway authd[1000]: user=serena_tejani_rahemtulla password=2vwTyLtUBanY4n status=rejected
<59>3 2025-12-17T17:49:19.290Z seniorinnovate.com debitis 3944 ID257 - Use the neural CSS interface, then you can navigate the wireless bandwidth!
<21>1 2025-12-17T17:49:19.290Z dynamicinfomediaries.net amet 2494 ID830 - Use the open-source TCP program, then you can connect the 1080p circuit!
<47>3 2025-12-17T17:49:19.290Z globalweb services.name veniam 1224 ID557 - If we navigate the program, we can get to the EXE capacitor through the digital SSL protocol!
<184>2 2025-12-17T17:49:19.290Z nationaldeploy.biz dicta 9375 ID77 - If we program the alarm, we can get to the XSS circuit through the bluetooth THX alarm!
<13>Dec 17 17:52:00 gateway authd[1000]: user=alymuhammad_bijani password=ffCR6HJd status=rejected
<13>Dec 17 17:52:02 gateway authd[1000]: user=khizrali_kradiya password=fkAKV5ghWw0 status=rejected
<21>2 2025-12-17T17:49:19.290Z principalkiller.name pariatur 6762 ID967 - We need to quantify the bluetooth PNG monitor!
<100>3 2025-12-17T17:49:19.290Z productscalable.io qui 3989 ID677 - I'Ll copy the open-source GB sensor, that should feed the JBOD matrix!
<13>Dec 17 17:52:05 gateway authd[1000]: user=jamil_jaffer password=WQoIzFija status=rejected
<155>2 2025-12-17T17:49:19.290Z nationalrich.name facilis 9233 ID407 - Try to quantify the PNG port, maybe it will calculate the auxiliary array!
<121>2 2025-12-17T17:49:19.290Z nationaldot-com.biz sit 2154 ID153 - Use the 1080p HDD transmitter, then you can input the open-source firewall!
<175>3 2025-12-17T17:49:19.290Z internalreinvent.name quam 7146 ID152 - If we calculate the application, we can get to the SQL monitor through the bluetooth SSL application!
<13>Dec 17 17:52:08 gateway authd[1000]: user=khizrali_kradiya password=QCPY2Xtjkl status=rejected
<50>1 2025-12-17T17:49:19.290Z nationalinteractive.name sed 1651 ID689 - The PCI pixel is down, generate the digital pixel so we can parse the SMTP application!
<35>2 2025-12-17T17:49:19.290Z dynamictarget.biz reiciendis 4110 ID865 - Try to back up the HTTP microchip, maybe it will compress the haptic program!
<13>Dec 17 17:52:11 gateway authd[1000]: user=khizrali_kradiya password=oKoucCWj status=rejected
<13>Dec 17 17:52:15 gateway authd[1000]: user=amin_jaffer password=8aoGrA6rWJ6a status=rejected
<150>3 2025-12-17T17:49:19.290Z forwardexpedite.biz ut 36 ID756 - Use the redundant GB system, then you can bypass the cross-platform circuit!
<78>2 2025-12-17T17:49:19.290Z directmodels.biz odio 1565 ID388 - I'Ll generate the virtual RAM protocol, that should hard drive the SMTP feed!
<175>1 2025-12-17T17:49:19.290Z regionalstreamline.biz commodi 2868 ID614 - Try to quantify the SSL protocol, maybe it will calculate the wireless microchip!
<94>3 2025-12-17T17:49:19.290Z internaldeliver.org at 9653 ID92 - You can't synthesize the pixel without compressing the redundant PNG panel!
<107>2 2025-12-17T17:49:19.290Z principalclicks-and-mortar.name asperiores 2527 ID224 - You can't copy the matrix without compressing the back-end XML firewall!
<86>1 2025-12-17T17:49:19.290Z regionalinnovative.name voluptas 3130 ID742 - Overriding the protocol won't do anything, we need to reboot the digital CSS feed!
<179>3 2025-12-17T17:49:19.290Z futuresynergies.net omnis 7447 ID791 - Hacking the port won't do anything, we need to back up the wireless CSS port!
<13>Dec 17 17:52:18 gateway authd[1000]: user=saurabh password=n03cl2vzyp status=rejected
<13>Dec 17 17:52:23 gateway authd[1000]: user=ahil_hashim password=hfXdtvB29ZS status=rejected
<13>Dec 17 17:52:26 gateway authd[1000]: user=aqueel_kamruddin password=TmKIVTvEu status=rejected
<155>1 2025-12-17T17:49:19.290Z nationale-markets.io sed 8731 ID136 - Use the back-end SSL bandwidth, then you can copy the online alarm!
<89>3 2025-12-17T17:49:19.290Z nationalback-end.net quis 6912 ID125 - The ADP bandwidth is down, hack the haptic bandwidth so we can calculate the PCI panel!
<0>2 2025-12-17T17:49:19.290Z humanempower.name placeat 2318 ID514 - If we synthesize the program, we can get to the HTTP alarm through the haptic SDD circuit!
<123>1 2025-12-17T17:49:19.290Z regionalrevolutionize.info assumenda 8340 ID286 - If we transmit the alarm, we can get to the AI port through the solid state SAS interface!
<16>2 2025-12-17T17:49:19.290Z centralcollaborative.io quaerat 4419 ID667 - We need to hack the online SQL bus!
<92>2 2025-12-17T17:49:19.290Z nationalsynergies.biz illum 8728 ID858 - If we input the sensor, we can get to the EXE transmitter through the back-end SQL matrix!
<41>1 2025-12-17T17:49:19.290Z customerplatforms.name molestiae 6229 ID58 - Try to back up the HDD monitor, maybe it will back up the solid state driver!
<107>1 2025-12-17T17:49:19.290Z districtdynamic.io repellat 9864 ID322 - You can't synthesize the capacitor without navigating the virtual COM protocol!
<62>2 2025-12-17T17:49:19.290Z directeyeballs.info ut 4154 ID395 - Try to calculate the SAS port, maybe it will copy the auxiliary card!
<13>Dec 17 17:52:31 gateway authd[1000]: user=hussein_din password=hNEnjvQy7M6at5 status=rejected
<148>2 2025-12-17T17:49:19.290Z directvalue-added.name repudiandae 7026 ID207 - You can't navigate the firewall without transmitting the digital SDD monitor!
<13>Dec 17 17:52:36 gateway authd[1000]: user=anita_karim password=DPAQputNksa status=rejected
<4>2 2025-12-17T17:49:19.290Z seniorrecontextualize.biz veniam 9948 ID978 - Hacking the driver won't do anything, we need to back up the cross-platform AGP driver!
<13>Dec 17 17:52:39 gateway authd[1000]: user=zoheb_makani password=DhhCtHzKV4 status=rejected
<173>3 2025-12-17T17:49:19.290Z regionalglobal.biz at 3531 ID482 - We need to program the open-source PCI card!
<13>Dec 17 17:52:41 gateway authd[1000]: user=saira_jiwani password=jCC2aaXelo11 status=rejected
<180>1 2025-12-17T17:49:19.290Z principalcross-media.io nobis 5802 ID448 - Try to input the EXE interface, maybe it will copy the optical matrix!
<113>1 2025-12-17T17:49:19.290Z customercross-media.biz ea 2491 ID445 - You can't hack the hard drive without bypassing the bluetooth SDD driver!
<115>3 2025-12-17T17:49:19.290Z productorchestrate.info voluptas 3754 ID785 - Try to back up the HDD bandwidth, maybe it will synthesize the solid state panel!
<13>Dec 17 17:52:42 gateway authd[1000]: user=samir password=2ovpFkrxEVad status=rejected
<18>1 2025-12-17T17:49:19.290Z districtutilize.org unde 1280 ID229 - You can't copy the feed without parsing the back-end IB bandwidth!
<71>3 2025-12-17T17:49:19.290Z principalcommunities.org in 1124 ID855 - I'Ll connect the back-end TCP array, that should program the XSS feed!
<13>Dec 17 17:52:43 gateway authd[1000]: user=michelle_hirani_khoja password=RhvdFF0PDhLAn status=rejected
<40>2 2025-12-17T17:49:19.290Z internalback-end.biz vitae 8798 ID498 - Use the digital PNG sensor, then you can generate the digital array!
<13>Dec 17 17:52:46 gateway authd[1000]: user=rozi password=kjUnVbyx0m status=rejected
<74>3 2025-12-17T17:49:19.290Z dynamicnext-generation.biz officia 1615 ID76 - You can't reboot the microchip without hacking the wireless AI circuit!
<13>Dec 17 17:52:49 gateway authd[1000]: user=serena_tejani_rahemtulla password=AbNqjDyY status=rejected
<13>Dec 17 17:52:50 gateway authd[1000]: user=moses_merchant password=D6OLaL24J21D8 status=rejected
<97>3 2025-12-17T17:49:19.290Z internalbricks-and-clicks.net quisquam 3405 ID99 - The AI firewall is down, reboot the virtual microchip so we can program the SSL protocol!
<172>1 2025-12-17T17:49:19.290Z legacyengineer.org cum 2484 ID473 - Copying the protocol won't do anything, we need to copy the haptic THX program!
<133>2 2025-12-17T17:49:19.290Z dynamicdrive.biz quaerat 5465 ID502 - Use the redundant SMTP panel, then you can program the haptic card!
<101>2 2025-12-17T17:49:19.290Z customerintegrated.biz sapiente 8354 ID74 - The SSL card is down, back up the mobile application so we can generate the JSON card!
<13>Dec 17 17:52:52 gateway authd[1000]: user=saurabh password=KV3PbAzd status=rejected
<13>Dec 17 17:52:55 gateway authd[1000]: user=shezan password=RsEpmnduq status=rejected
<13>Dec 17 17:53:00 gateway authd[1000]: user=fayyaz_makhani password=kjU0y9GU status=rejected
<62>2 2025-12-17T17:49:19.290Z customerintuitive.biz velit 1881 ID815 - Use the wireless CSS system, then you can back up the haptic sensor!
<177>2 2025-12-17T17:49:19.290Z humane-business.org nemo 2763 ID836 - We need to bypass the redundant THX bandwidth!
<89>2 2025-12-17T17:49:19.290Z directextensible.io et 9886 ID677 - Try to index the SQL system, maybe it will compress the digital port!
<13>Dec 17 17:53:03 gateway authd[1000]: user=amyn_sarif password=l6qP6vp3eWz status=rejected
<162>2 2025-12-17T17:49:19.290Z regionalroi.com est 9837 ID442 - Try to transmit the SSL card, maybe it will index the mobile capacitor!
<5>2 2025-12-17T17:49:19.290Z legacymindshare.info voluptate 9953 ID490 - I'Ll quantify the bluetooth SMTP port, that should microchip the AI pixel!
<165>2 2025-12-17T17:49:19.290Z humandynamic.net non 2111 ID989 - Try to copy the HDD card, maybe it will transmit the neural card!
<120>1 2025-12-17T17:49:19.290Z globalglobal.com deleniti 7438 ID900 - Try to quantify the HTTP hard drive, maybe it will back up the 1080p hard drive!
<13>Dec 17 17:53:05 gateway authd[1000]: user=michelle_hirani_khoja password=kiLbsDfP status=rejected
<20>1 2025-12-17T17:49:19.290Z legacygranular.io aut 8416 ID442 - I'Ll transmit the online THX sensor, that should monitor the PNG feed!
<121>3 2025-12-17T17:49:19.290Z principalmonetize.biz dicta 298 ID364 - Use the online AGP array, then you can generate the 1080p sensor!
<65>1 2025-12-17T17:49:19.290Z corporatedeliver.biz doloremque 9177 ID375 - If we override the card, we can get to the SSL application through the haptic AGP port!
<13>Dec 17 17:53:08 gateway authd[1000]: user=shar password=0BAHUmL8KaU status=rejected
<41>1 2025-12-17T17:49:19.290Z principalrecontextualize.biz ut 9241 ID334 - You can't transmit the program without synthesizing the cross-platform SMTP interface!
<104>1 2025-12-17T17:49:19.290Z regionalreintermediate.com autem 4309 ID742 - You can't parse the interface without calculating the virtual SMS application!
<44>3 2025-12-17T17:49:19.290Z corporatetransform.info qui 3977 ID96 - We need to bypass the haptic RSS array!
<51>2 2025-12-17T17:49:19.290Z forwarditerate.net culpa 1873 ID739 - I'Ll bypass the bluetooth USB protocol, that should card the AGP bus!
<72>3 2025-12-17T17:49:19.290Z internationalbleeding-edge.biz voluptatem 7977 ID421 - I'Ll navigate the primary FTP monitor, that should alarm the RSS hard drive!
<13>Dec 17 17:53:10 gateway authd[1000]: user=zanir password=Lsqq1hCj status=rejected
<67>3 2025-12-17T17:49:19.290Z investorcontent.info velit 1965 ID214 - The RSS panel is down, hack the multi-byte protocol so we can hack the SDD protocol!
<151>3 2025-12-17T17:49:19.290Z corporateengineer.net nihil 563 ID878 - We need to reboot the multi-byte SDD hard drive!
<129>1 2025-12-17T17:49:19.290Z seniorholistic.org beatae 7084 ID562 - We need to generate the digital FTP microchip!
<24>1 2025-12-17T17:49:19.290Z principalstreamline.io voluptatem 3309 ID570 - Hacking the port won't do anything, we need to reboot the virtual IB panel!
<181>3 2025-12-17T17:49:19.290Z futureplug-and-play.org cumque 1982 ID520 - If we transmit the driver, we can get to the SMTP application through the 1080p HTTP application!
<82>1 2025-12-17T17:49:19.290Z globalsystems.info voluptas 2685 ID108 - We need to parse the open-source SAS bandwidth!
<168>2 2025-12-17T17:49:19.290Z regionalclicks-and-mortar.biz nobis 508 ID1000 - Calculating the capacitor won't do anything, we need to compress the haptic FTP application!
<13>Dec 17 17:53:12 gateway authd[1000]: user=moses_merchant password=ZviZl007RuLuT9 status=rejected
<157>3 2025-12-17T17:49:19.290Z regionalvertical.io modi 442 ID640 - We need to quantify the solid state COM firewall!
<151>1 2025-12-17T17:49:19.290Z producte-business.biz ea 2105 ID854 - We need to calculate the primary THX panel!
<32>2 2025-12-17T17:49:19.290Z globalopen-source.com dolores 4944 ID890 - Parsing the pixel won't do anything, we need to navigate the neural USB capacitor!
<13>Dec 17 17:53:16 gateway authd[1000]: user=aneel password=WIa1jwL0kMK3u status=rejected
<13>Dec 17 17:53:19 gateway authd[1000]: user=samir password=IQILQypp9 status=rejected
<13>Dec 17 17:53:20 gateway authd[1000]: user=zoheb_makani password=prqDLEDg status=rejected
<13>Dec 17 17:53:21 gateway authd[1000]: user=aqueel_kamruddin password=5mTUyJB6YHX99a status=rejected
<13>Dec 17 17:53:23 gateway authd[1000]: user=aqueel_kamruddin password=w9jHNPDRO status=rejected
<167>3 2025-12-17T17:49:19.290Z regionalopen-source.info commodi 5150 ID957 - If we override the firewall, we can get to the XML microchip through the bluetooth AI firewall!
<13>Dec 17 17:53:25 gateway authd[1000]: user=amin_jaffer password=uK0bnUhDJgNiiE status=rejected
<136>1 2025-12-17T17:49:19.290Z customerstreamline.com distinctio 5057 ID187 - We need to compress the 1080p SSL matrix!
<78>3 2025-12-17T17:49:19.290Z forwardmagnetic.biz cupiditate 7789 ID273 - You can't override the system without calculating the multi-byte AI bandwidth!
<15>2 2025-12-17T17:49:19.290Z directmarkets.io suscipit 2982 ID807 - Try to back up the JBOD pixel, maybe it will program the 1080p capacitor!
<13>Dec 17 17:53:26 gateway authd[1000]: user=ayaan_ajaney password=5xaHZDgfv status=rejected
<44>3 2025-12-17T17:49:19.290Z regionalwhiteboard.org vero 7481 ID798 - We need to reboot the haptic FTP circuit!
