<45>1 2025-12-17T17:49:19.132Z internalrecontextualize.info deserunt 797 ID72 - Use the mobile AGP driver, then you can parse the cross-platform hard drive!
<12>3 2025-12-17T17:49:19.132Z legacyintegrated.net inventore 505 ID112 - Quantifying the matrix won't do anything, we need to back up the cross-platform SCSI matrix!
<115>1 2025-12-17T17:49:19.132Z internationalfront-end.name corporis 8124 ID71 - The AGP transmitter is down, calculate the solid state microchip so we can generate the SAS firewall!
<45>1 2025-12-17T17:49:15Z internalrecontextualize.info deserunt 797 ID72 - user=khizrali_kradiya password=4n9wCKKIpwlH status=invalid
<47>2 2025-12-17T17:49:19.132Z seniorvalue-added.com autem 3954 ID12 - Bypassing the driver won't do anything, we need to input the back-end XML firewall!
<152>2 2025-12-17T17:49:19.132Z principalbrand.net voluptatem 6107 ID819 - I'Ll generate the haptic RAM bandwidth, that should bus the TCP feed!
<10>3 2025-12-17T17:49:19.132Z directfunctionalities.io ducimus 3019 ID728 - Backing up the feed won't do anything, we need to override the digital TCP protocol!
<45>1 2025-12-17T17:49:19Z internalrecontextualize.info deserunt 797 ID72 - user=noah_ladak password=qtZwSzi4G2oDRS status=invalid
<157>2 2025-12-17T17:49:19.132Z investorgenerate.biz itaque 3109 ID172 - If we program the circuit, we can get to the JSON microchip through the optical PNG bus!
<13>2 2025-12-17T17:49:19.132Z dynamicdrive.info officiis 5985 ID803 - We need to compress the solid state GB alarm!
<187>2 2025-12-17T17:49:19.132Z internationalextensible.io sequi 4501 ID770 - If we connect the microchip, we can get to the SQL system through the mobile COM hard drive!
<92>2 2025-12-17T17:49:19.132Z internalbest-of-breed.io aperiam 7715 ID863 - You can't calculate the microchip without overriding the online TCP firewall!
<89>1 2025-12-17T17:49:19.132Z globalcompelling.info magni 5106 ID180 - Navigating the capacitor won't do anything, we need to connect the redundant SMS alarm!
<122>2 2025-12-17T17:49:19.132Z dynamicsynergistic.net sint 4522 ID749 - You can't input the microchip without backing up the mobile RAM pixel!
<81>3 2025-12-17T17:49:19.132Z customerevolve.org rerum 190 ID944 - Hacking the microchip won't do anything, we need to compress the digital SQL panel!
<131>3 2025-12-17T17:49:19.132Z leadnext-generation.biz aut 4372 ID646 - We need to copy the online SAS program!
<95>3 2025-12-17T17:49:19.132Z forwardmethodologies.net asperiores 5992 ID856 - If we generate the system, we can get to the AGP microchip through the haptic SAS application!
<52>1 2025-12-17T17:49:19.132Z humanportals.biz eos 3700 ID994 - You can't transmit the card without parsing the optical THX application!
<16>3 2025-12-17T17:49:19.132Z internalvortals.biz laudantium 1270 ID20 - You can't transmit the microchip without synthesizing the 1080p JBOD sensor!
<99>1 2025-12-17T17:49:19.132Z productwhiteboard.biz laboriosam 9748 ID373 - If we transmit the firewall, we can get to the SAS bandwidth through the digital JBOD circuit!
<49>3 2025-12-17T17:49:19.132Z customeraggregate.net inventore 5516 ID747 - We need to program the digital HTTP microchip!
<147>2 2025-12-17T17:49:19.132Z futuregranular.org vitae 8561 ID320 - Bypassing the array won't do anything, we need to input the digital JSON application!
<36>3 2025-12-17T17:49:19.132Z futuredisintermediate.net laudantium 5425 ID885 - The PCI interface is down, transmit the neural capacitor so we can compress the PCI protocol!
<45>1 2025-12-17T17:49:24Z internalrecontextualize.info deserunt 797 ID72 - user=michelle_hirani_khoja password=FnRo7M6u9C status=invalid
<45>1 2025-12-17T17:49:26Z internalrecontextualize.info deserunt 797 ID72 - user=akber_hussain password=s4YDaZIPO5EQ status=invalid
<189>2 2025-12-17T17:49:19.132Z internalimpactful.name sit 189 ID339 - Try to transmit the RAM pixel, maybe it will synthesize the bluetooth bandwidth!
<19>1 2025-12-17T17:49:19.132Z regionalschemas.com ipsum 7839 ID2 - You can't input the hard drive without programming the primary SMS alarm!
<98>2 2025-12-17T17:49:19.132Z nationaltransition.org est 9842 ID973 - If we navigate the system, we can get to the JSON hard drive through the multi-byte RSS microchip!
<45>1 2025-12-17T17:49:31Z internalrecontextualize.info deserunt 797 ID72 - user=zain_mitha password=65cAAKUm3n status=invalid
<17>3 2025-12-17T17:49:19.132Z productmodels.org quo 252 ID478 - Try to index the SMTP pixel, maybe it will navigate the neural program!
<133>1 2025-12-17T17:49:19.132Z centralconvergence.net commodi 307 ID143 - The USB panel is down, connect the neural bandwidth so we can override the GB firewall!
<174>2 2025-12-17T17:49:19.132Z internationalclicks-and-mortar.org illo 9405 ID100 - Try to navigate the ADP bandwidth, maybe it will override the solid state array!
<21>1 2025-12-17T17:49:19.132Z dynamicarchitectures.biz autem 1348 ID796 - You can't transmit the sensor without bypassing the auxiliary SMTP feed!
<189>3 2025-12-17T17:49:19.132Z regionaldeliver.name reprehenderit 5721 ID951 - I'Ll copy the primary PCI circuit, that should pixel the EXE monitor!
<45>1 2025-12-17T17:49:35Z internalrecontextualize.info deserunt 797 ID72 - user=serena_tejani_rahemtulla password=5PaMkNoB status=invalid
<7>2 2025-12-17T17:49:19.132Z productmorph.io veritatis 8497 ID170 - Use the haptic ADP application, then you can reboot the online program!
<8>2 2025-12-17T17:49:19.132Z investoroptimize.io numquam 7586 ID337 - Overriding the bus won't do anything, we need to hack the virtual ADP card!
<45>1 2025-12-17T17:49:38Z internalrecontextualize.info deserunt 797 ID72 - user=zanir password=SJwr2NmtRa status=invalid
<45>1 2025-12-17T17:49:43Z internalrecontextualize.info deserunt 797 ID72 - user=saira_jiwani password=5MU1Rf7d5fmNz status=invalid
<45>1 2025-12-17T17:49:45Z internalrecontextualize.info deserunt 797 ID72 - user=asad password=reasjudBuj status=invalid
<45>1 2025-12-17T17:49:46Z internalrecontextualize.info deserunt 797 ID72 - user=aqueel_kamruddin password=YMKCc0s0d1t status=invalid
<45>1 2025-12-17T17:49:51Z internalrecontextualize.info deserunt 797 ID72 - user=salim_gheewalla password=MYHIsKgUxATmX0 status=invalid
<66>1 2025-12-17T17:49:19.132Z chiefcollaborative.info quos 7723 ID472 - Use the optical SQL system, then you can compress the optical feed!
<182>3 2025-12-17T17:49:19.132Z dynamicefficient.name eius 738 ID723 - Try to back up the JBOD transmitter, maybe it will connect the open-source protocol!
<76>2 2025-12-17T17:49:19.132Z regionaldisintermediate.name quam 6433 ID514 - Use the auxiliary SQL application, then you can calculate the back-end alarm!
<96>1 2025-12-17T17:49:19.132Z corporatebandwidth.com et 4850 ID907 - Parsing the pixel won't do anything, we need to program the redundant SQL capacitor!
<158>2 2025-12-17T17:49:19.132Z productbandwidth.biz numquam 3740 ID266 - If we bypass the bus, we can get to the HDD bus through the digital SMS system!
<45>1 2025-12-17T17:49:53Z internalrecontextualize.info deserunt 797 ID72 - user=murad_kajani password=Llsjjriz4lk0O status=invalid
<54>3 2025-12-17T17:49:19.132Z globalinnovative.info necessitatibus 540 ID697 - The USB sensor is down, override the solid state hard drive so we can transmit the COM firewall!
<156>3 2025-12-17T17:49:19.132Z internaldeliverables.net iusto 1258 ID418 - Parsing the hard drive won't do anything, we need to override the multi-byte THX circuit!
<101>1 2025-12-17T17:49:19.132Z legacyunleash.biz ad 4375 ID368 - You can't parse the pixel without backing up the digital SSL driver!
<35>2 2025-12-17T17:49:19.132Z customersolutions.net debitis 289 ID7 - If we program the transmitter, we can get to the SMTP matrix through the wireless EXE interface!
<157>1 2025-12-17T17:49:19.132Z principalvisionary.info voluptatum 3722 ID670 - I'Ll program the optical SDD alarm, that should panel the USB firewall!
<161>1 2025-12-17T17:49:19.132Z principalcultivate.com non 5845 ID88 - You can't input the firewall without overriding the redundant AI circuit!
<45>1 2025-12-17T17:49:56Z internalrecontextualize.info deserunt 797 ID72 - user=serena_tejani_rahemtulla password=0eNX0dH1Gm8oA status=invalid
<45>1 2025-12-17T17:50:00Z internalrecontextualize.info deserunt 797 ID72 - user=alymuhammad_bijani password=wk4fzBWBtGGL status=invalid
<39>1 2025-12-17T17:49:19.132Z investorgranular.org iure 9350 ID135 - The FTP system is down, quantify the virtual sensor so we can index the AGP port!
<20>2 2025-12-17T17:49:19.132Z leadcross-media.org aut 6422 ID650 - Try to quantify the PCI array, maybe it will copy the multi-byte interface!
<114>3 2025-12-17T17:49:19.132Z dynamic24/365.biz sit 7079 ID443 - The SSL hard drive is down, bypass the online feed so we can navigate the JSON system!
<173>2 2025-12-17T17:49:19.132Z directstreamline.name vel 3108 ID956 - I'Ll compress the auxiliary JSON card, that should pixel the AGP sensor!
<138>3 2025-12-17T17:49:19.132Z humanintuitive.net ut 2943 ID582 - You can't quantify the monitor without quantifying the open-source SQL matrix!
<41>3 2025-12-17T17:49:19.132Z corporatebrand.name voluptatem 2841 ID617 - We need to parse the 1080p AI monitor!
<27>2 2025-12-17T17:49:19.132Z humanstreamline.org ut 7286 ID85 - I'Ll synthesize the back-end SSL capacitor, that should firewall the JBOD sensor!
<45>1 2025-12-17T17:50:02Z internalrecontextualize.info deserunt 797 ID72 - user=salim_gheewalla password=TOacMHjP status=invalid
<45>1 2025-12-17T17:50:04Z internalrecontextualize.info deserunt 797 ID72 - user=zull_nensi password=6J3vcrwujG status=invalid
<12>1 2025-12-17T17:49:19.132Z directbleeding-edge.name odit 2624 ID294 - Use the 1080p AGP port, then you can bypass the optical panel!
<45>1 2025-12-17T17:50:08Z internalrecontextualize.info deserunt 797 ID72 - user=zanir password=QYidKEQsrMm status=invalid
<45>1 2025-12-17T17:50:12Z internalrecontextualize.info deserunt 797 ID72 - user=jamil_jaffer password=ZPNXXCzfv263 status=invalid
<82>2 2025-12-17T17:49:19.132Z internationalglobal.com non 9635 ID298 - We need to navigate the open-source JBOD port!
<99>1 2025-12-17T17:49:19.132Z humancompelling.io ea 8825 ID587 - Transmitting the port won't do anything, we need to override the haptic SQL feed!
<47>1 2025-12-17T17:49:19.132Z forwardsynergistic.info similique 7459 ID936 - We need to calculate the back-end AGP system!
<45>1 2025-12-17T17:50:14Z internalrecontextualize.info deserunt 797 ID72 - user=noah_ladak password=r2biTKMq29kx status=invalid
<160>3 2025-12-17T17:49:19.132Z globalreal-time.com rerum 8074 ID350 - Hacking the application won't do anything, we need to transmit the digital RAM monitor!
<63>1 2025-12-17T17:49:19.132Z chiefleading-edge.net ut 9668 ID803 - I'Ll synthesize the 1080p GB monitor, that should monitor the IB sensor!
<45>1 2025-12-17T17:50:19Z internalrecontextualize.info deserunt 797 ID72 - user=amyn password=ItX5wNTwdr8WL status=invalid
<97>2 2025-12-17T17:49:19.132Z productglobal.com praesentium 7882 ID905 - Try to calculate the SSL driver, maybe it will bypass the wireless interface!
<143>3 2025-12-17T17:49:19.132Z principalimplement.info neque 9291 ID557 - Indexing the application won't do anything, we need to bypass the back-end THX application!
<71>2 2025-12-17T17:49:19.132Z leadwireless.io quia 6389 ID681 - Try to bypass the XML monitor, maybe it will compress the cross-platform pixel!
<87>1 2025-12-17T17:49:19.132Z centralreal-time.name expedita 7620 ID38 - The COM protocol is down, synthesize the back-end monitor so we can quantify the THX hard drive!
<105>2 2025-12-17T17:49:19.132Z seniorapplications.info expedita 7865 ID618 - I'Ll compress the optical TCP driver, that should driver the HDD bus!
<45>1 2025-12-17T17:50:20Z internalrecontextualize.info deserunt 797 ID72 - user=raheel password=XsAjWPkSM status=invalid
<45>1 2025-12-17T17:50:24Z internalrecontextualize.info deserunt 797 ID72 - user=alymuhammad_bijani password=xMcCybK4lmxt status=invalid
<100>3 2025-12-17T17:49:19.132Z dynamicmission-critical.org vel 3331 ID699 - You can't calculate the application without connecting the 1080p AGP program!
<99>3 2025-12-17T17:49:19.132Z dynamicseize.info qui 9279 ID49 - Use the back-end GB panel, then you can generate the wireless pixel!
<15>3 2025-12-17T17:49:19.132Z centralseamless.net dolor 499 ID724 - We need to input the 1080p IB transmitter!
<151>1 2025-12-17T17:49:19.132Z directweb services.io dolorem 7574 ID41 - Try to input the JSON alarm, maybe it will override the haptic driver!
<122>2 2025-12-17T17:49:19.132Z investorexperiences.info nisi 6801 ID808 - Transmitting the interface won't do anything, we need to back up the wireless TCP array!
<45>1 2025-12-17T17:50:28Z internalrecontextualize.info deserunt 797 ID72 - user=serena_tejani_rahemtulla password=8GppHCp0T8Z status=invalid
<168>2 2025-12-17T17:49:19.132Z principalplatforms.net beatae 4870 ID732 - Try to synthesize the SMTP application, maybe it will parse the online array!
<79>2 2025-12-17T17:49:19.132Z seniortransform.name consequatur 8653 ID228 - You can't synthesize the array without synthesizing the open-source EXE sensor!
<59>2 2025-12-17T17:49:19.132Z directinfomediaries.info quia 5482 ID932 - The IB matrix is down, calculate the haptic hard drive so we can transmit the FTP array!
<67>3 2025-12-17T17:49:19.132Z centralmesh.net et 127 ID156 - Use the back-end PCI port, then you can compress the virtual bandwidth!
<157>3 2025-12-17T17:49:19.132Z directchannels.com vero 4861 ID212 - Use the online AGP pixel, then you can bypass the auxiliary bandwidth!
<39>2 2025-12-17T17:49:19.132Z leadsupply-chains.name consequuntur 8081 ID415 - You can't input the array without overriding the primary COM monitor!
<64>1 2025-12-17T17:49:19.132Z districtglobal.biz est 5154 ID392 - The THX sensor is down, back up the open-source matrix so we can connect the SMS bus!
<174>1 2025-12-17T17:49:19.132Z investorintuitive.net omnis 5331 ID1000 - We need to hack the virtual RAM array!
<0>3 2025-12-17T17:49:19.132Z futureoptimize.org nihil 1262 ID371 - Transmitting the feed won't do anything, we need to program the virtual TCP capacitor!
<9>2 2025-12-17T17:49:19.132Z principal24/365.io aut 1642 ID12 - Use the cross-platform JBOD panel, then you can bypass the primary driver!
<66>1 2025-12-17T17:49:19.132Z producteyeballs.info modi 8181 ID781 - Copying the array won't do anything, we need to program the solid state XML circuit!
<147>3 2025-12-17T17:49:19.132Z directtransparent.name maxime 6669 ID291 - We need to calculate the back-end SQL capacitor!
<169>2 2025-12-17T17:49:19.132Z forwardbest-of-breed.net quasi 1579 ID571 - The GB monitor is down, copy the bluetooth panel so we can bypass the RAM matrix!
<45>1 2025-12-17T17:50:32Z internalrecontextualize.info deserunt 797 ID72 - user=fayyaz_makhani password=Q9QU0jXLQdZyAQ status=invalid
<45>1 2025-12-17T17:50:37Z internalrecontextualize.info deserunt 797 ID72 - user=sajoo password=zGw5U4EkyJGdF status=invalid
<118>2 2025-12-17T17:49:19.132Z futurerecontextualize.io est 5643 ID302 - Use the open-source XML bandwidth, then you can program the neural protocol!
<45>1 2025-12-17T17:50:38Z internalrecontextualize.info deserunt 797 ID72 - user=ali_dharani password=gQtLx0z4s status=invalid
<59>2 2025-12-17T17:49:19.132Z leadempower.org voluptatem 8303 ID684 - Use the solid state AGP feed, then you can reboot the redundant microchip!
<174>2 2025-12-17T17:49:19.132Z nationalstreamline.info maiores 9555 ID964 - You can't back up the transmitter without parsing the bluetooth THX card!
<23>2 2025-12-17T17:49:19.132Z centralgranular.name est 6977 ID76 - Navigating the feed won't do anything, we need to hack the bluetooth JSON capacitor!
<79>2 2025-12-17T17:49:19.132Z dynamicarchitect.net explicabo 2821 ID564 - If we hack the bus, we can get to the XML application through the online XML transmitter!
<100>1 2025-12-17T17:49:19.132Z customerconvergence.org non 9950 ID118 - Try to synthesize the RSS bus, maybe it will synthesize the solid state alarm!
<184>2 2025-12-17T17:49:19.132Z dynamicmagnetic.name occaecati 5923 ID374 - The AGP port is down, compress the digital microchip so we can calculate the SSL microchip!
<45>1 2025-12-17T17:50:41Z internalrecontextualize.info deserunt 797 ID72 - user=salim_gheewalla password=BbMCCwcd status=invalid
<45>1 2025-12-17T17:50:44Z internalrecontextualize.info deserunt 797 ID72 - user=zoheb_makani password=4vOE76NCC8X status=invalid
<42>2 2025-12-17T17:49:19.132Z dynamicb2c.io sint 6769 ID250 - Try to calculate the CSS interface, maybe it will copy the neural driver!
<128>2 2025-12-17T17:49:19.132Z corporateleverage.name occaecati 6657 ID580 - The COM transmitter is down, calculate the mobile microchip so we can synthesize the SSL firewall!
<45>1 2025-12-17T17:50:46Z internalrecontextualize.info deserunt 797 ID72 - user=murad_kajani password=Kl6PHf7j status=invalid
<138>1 2025-12-17T17:49:19.132Z legacyincentivize.com est 9529 ID150 - Use the cross-platform SMTP bus, then you can transmit the bluetooth interface!
<119>2 2025-12-17T17:49:19.132Z nationalcommunities.biz aliquam 2712 ID498 - The SAS hard drive is down, compress the bluetooth port so we can program the SSL monitor!
<5>2 2025-12-17T17:49:19.132Z regionalsynergistic.name nihil 5676 ID774 - You can't synthesize the transmitter without copying the 1080p COM interface!
<136>2 2025-12-17T17:49:19.132Z futuremarkets.com quasi 7045 ID679 - The RSS application is down, generate the online capacitor so we can compress the XSS sensor!
<164>2 2025-12-17T17:49:19.132Z chiefinfomediaries.org necessitatibus 3590 ID990 - If we index the port, we can get to the CSS firewall through the digital USB capacitor!
<101>3 2025-12-17T17:49:19.132Z principalbenchmark.name doloremque 3552 ID243 - You can't calculate the sensor without connecting the auxiliary HTTP capacitor!
<45>1 2025-12-17T17:50:49Z internalrecontextualize.info deserunt 797 ID72 - user=raheel password=iqqdwqtVf status=invalid
<33>3 2025-12-17T17:49:19.132Z dynamicwireless.name temporibus 9164 ID575 - Try to bypass the TCP alarm, maybe it will hack the redundant alarm!
<92>1 2025-12-17T17:49:19.132Z futuregenerate.info debitis 6364 ID186 - Quantifying the capacitor won't do anything, we need to back up the online SAS interface!
<45>1 2025-12-17T17:50:51Z internalrecontextualize.info deserunt 797 ID72 - user=zain_mitha password=ME9XvgDPLhcxq status=invalid
<45>1 2025-12-17T17:50:53Z internalrecontextualize.info deserunt 797 ID72 - user=rozi password=P99hyOIGtw status=invalid
<63>1 2025-12-17T17:49:19.132Z dynamicinteractive.net atque 588 ID731 - I'Ll reboot the auxiliary GB panel, that should program the AI driver!
<113>3 2025-12-17T17:49:19.132Z seniorinfomediaries.io sit 8929 ID263 - Use the mobile SDD application, then you can synthesize the online card!
<29>1 2025-12-17T17:49:19.132Z producttechnologies.biz ut 7960 ID174 - Try to copy the HTTP sensor, maybe it will input the solid state matrix!
<184>2 2025-12-17T17:49:19.132Z globalarchitect.com quam 3921 ID528 - The THX firewall is down, index the online microchip so we can navigate the TCP pixel!
<73>3 2025-12-17T17:49:19.132Z legacyvisualize.net ea 9464 ID139 - I'Ll generate the back-end SDD matrix, that should array the SDD card!
<89>1 2025-12-17T17:49:19.132Z productb2b.biz ipsum 5020 ID243 - You can't back up the bus without bypassing the redundant FTP matrix!
<84>1 2025-12-17T17:49:19.132Z principalrecontextualize.com et 1582 ID193 - Bypassing the driver won't do anything, we need to quantify the auxiliary AI firewall!
<178>3 2025-12-17T17:49:19.132Z customerbleeding-edge.name quis 3180 ID697 - The FTP microchip is down, connect the auxiliary array so we can copy the IB firewall!
<85>1 2025-12-17T17:49:19.132Z districtdeliverables.info aut 1870 ID753 - If we synthesize the system, we can get to the SDD interface through the digital PCI firewall!
<153>1 2025-12-17T17:49:19.132Z districtdisintermediate.biz aut 5173 ID825 - You can't copy the pixel without overriding the cross-platform PCI card!
<45>1 2025-12-17T17:50:58Z internalrecontextualize.info deserunt 797 ID72 - user=sajoo password=mMqjTfxjYI status=invalid
<45>1 2025-12-17T17:51:03Z internalrecontextualize.info deserunt 797 ID72 - user=michelle_hirani_khoja password=ruXulAf5Ksx status=invalid
<45>1 2025-12-17T17:51:05Z internalrecontextualize.info deserunt 797 ID72 - user=alymuhammad_bijani password=pLhkpU1GoY status=invalid
<29>3 2025-12-17T17:49:19.132Z directscale.net reiciendis 2820 ID756 - Use the solid state HDD bandwidth, then you can index the primary monitor!
<187>3 2025-12-17T17:49:19.132Z globalend-to-end.net id 2154 ID559 - The SSL pixel is down, index the open-source bandwidth so we can navigate the FTP driver!
<27>3 2025-12-17T17:49:19.132Z leadsynergistic.name cupiditate 3604 ID497 - Connecting the feed won't do anything, we need to calculate the open-source RAM microchip!
<79>1 2025-12-17T17:49:19.132Z internationalroi.org qui 3936 ID500 - Use the auxiliary SQL panel, then you can bypass the wireless panel!
<45>1 2025-12-17T17:51:07Z internalrecontextualize.info deserunt 797 ID72 - user=hadi_ibrahimi password=cBNpO3fG7sjcqi status=invalid
<28>2 2025-12-17T17:49:19.132Z legacyreintermediate.com aut 4342 ID653 - Use the mobile ADP panel, then you can reboot the digital microchip!
<96>2 2025-12-17T17:49:19.132Z futuretransition.name quas 703 ID53 - If we override the firewall, we can get to the SCSI matrix through the haptic SAS interface!
<53>1 2025-12-17T17:49:19.132Z legacyinitiatives.com repellendus 8264 ID78 - We need to reboot the back-end HTTP firewall!
<20>3 2025-12-17T17:49:19.132Z centralb2b.info mollitia 4296 ID429 - I'Ll bypass the open-source SMS protocol, that should matrix the THX circuit!
<35>1 2025-12-17T17:49:19.132Z regionalfacilitate.name nam 2191 ID399 - We need to bypass the redundant IB driver!
<132>1 2025-12-17T17:49:19.132Z futurereal-time.info fugiat 9993 ID42 - Try to program the TCP firewall, maybe it will copy the solid state microchip!
<13>3 2025-12-17T17:49:19.132Z dynamicweb-readiness.io architecto 6805 ID522 - If we parse the interface, we can get to the JBOD panel through the optical RSS capacitor!
<126>2 2025-12-17T17:49:19.132Z districtdistributed.io voluptatem 1940 ID634 - Indexing the sensor won't do anything, we need to parse the back-end SCSI port!
<45>1 2025-12-17T17:51:09Z internalrecontextualize.info deserunt 797 ID72 - user=saira_jiwani password=lkupBvOZa0S status=invalid
<101>3 2025-12-17T17:49:19.132Z human24/365.name sequi 1403 ID377 - Hacking the protocol won't do anything, we need to reboot the optical PNG protocol!
<81>1 2025-12-17T17:49:19.132Z humanvortals.org omnis 2066 ID244 - The GB driver is down, connect the cross-platform capacitor so we can connect the CSS application!
<49>2 2025-12-17T17:49:19.132Z investorholistic.biz tempora 5540 ID415 - I'Ll back up the neural RAM program, that should pixel the SQL firewall!
<128>3 2025-12-17T17:49:19.132Z legacyexploit.name aut 3632 ID259 - I'Ll program the online RSS application, that should feed the PCI program!
<176>3 2025-12-17T17:49:19.132Z districtviral.name et 4426 ID239 - If we generate the alarm, we can get to the SCSI capacitor through the multi-byte HTTP array!
<157>3 2025-12-17T17:49:19.132Z direct24/7.biz nam 2333 ID837 - Overriding the alarm won't do anything, we need to program the solid state JBOD firewall!
<45>1 2025-12-17T17:51:11Z internalrecontextualize.info deserunt 797 ID72 - user=fayyaz_makhani password=JQZwjB1bf status=invalid
<26>1 2025-12-17T17:49:19.132Z nationalincubate.io qui 1240 ID324 - If we bypass the array, we can get to the JSON array through the solid state RAM port!
<142>2 2025-12-17T17:49:19.132Z chiefbrand.biz voluptatum 5733 ID734 - You can't compress the application without synthesizing the open-source HDD matrix!
<166>2 2025-12-17T17:49:19.132Z internationalwireless.name id 9138 ID673 - You can't connect the program without overriding the back-end RSS array!
<43>2 2025-12-17T17:49:19.132Z centralconvergence.name reprehenderit 5215 ID162 - You can't generate the hard drive without overriding the multi-byte CSS alarm!
<46>2 2025-12-17T17:49:19.132Z globalimplement.info accusamus 189 ID784 - The ADP capacitor is down, hack the redundant port so we can navigate the COM interface!
<82>1 2025-12-17T17:49:19.132Z dynamicsyndicate.biz qui 1453 ID811 - Try to hack the TCP bus, maybe it will reboot the back-end protocol!
<12>3 2025-12-17T17:49:19.132Z legacyinnovate.name saepe 2153 ID61 - We need to parse the digital SQL interface!
<9>2 2025-12-17T17:49:19.132Z futurestrategize.net vitae 4052 ID673 - Connecting the card won't do anything, we need to index the cross-platform IB transmitter!
<71>3 2025-12-17T17:49:19.132Z centralsupply-chains.org est 5525 ID1 - Try to navigate the HDD circuit, maybe it will bypass the solid state microchip!
<33>1 2025-12-17T17:49:19.132Z centralsynthesize.name veniam 2010 ID564 - Try to copy the AGP array, maybe it will input the online matrix!
<73>2 2025-12-17T17:49:19.132Z futureportals.net ut 2276 ID940 - I'Ll connect the haptic HDD application, that should panel the EXE feed!
<46>1 2025-12-17T17:49:19.132Z forwardseize.biz ut 4958 ID545 - Try to compress the SQL interface, maybe it will navigate the multi-byte protocol!
<100>2 2025-12-17T17:49:19.132Z centralvisualize.name non 9243 ID279 - Quantifying the protocol won't do anything, we need to program the wireless IB pixel!
<45>1 2025-12-17T17:51:14Z internalrecontextualize.info deserunt 797 ID72 - user=khizrali_kradiya password=84b7hKMKN status=invalid
<45>1 2025-12-17T17:51:16Z internalrecontextualize.info deserunt 797 ID72 - user=zull_nensi password=Xtes0lrPo status=invalid
<145>1 2025-12-17T17:49:19.132Z customerleverage.io corporis 6067 ID621 - You can't synthesize the feed without transmitting the back-end SAS card!
<45>1 2025-12-17T17:51:21Z internalrecontextualize.info deserunt 797 ID72 - user=zoheb_makani password=qeeuCYTj status=invalid
<108>2 2025-12-17T17:49:19.132Z internationalone-to-one.com sed 8292 ID152 - Try to copy the SAS matrix, maybe it will synthesize the mobile driver!
<39>1 2025-12-17T17:49:19.132Z productdistributed.org eligendi 6440 ID70 - Try to quantify the HTTP protocol, maybe it will synthesize the wireless system!
<136>3 2025-12-17T17:49:19.132Z investorroi.net et 2951 ID790 - If we hack the pixel, we can get to the GB program through the haptic SQL circuit!
<45>1 2025-12-17T17:51:22Z internalrecontextualize.info deserunt 797 ID72 - user=sajoo password=nrS7DsWjHbPHHN status=invalid
<148>3 2025-12-17T17:49:19.132Z productsyndicate.info libero 255 ID350 - I'Ll compress the digital AI driver, that should card the XML bandwidth!
<150>1 2025-12-17T17:49:19.132Z centralvortals.info ullam 3577 ID744 - We need to compress the primary XML port!
<160>3 2025-12-17T17:49:19.132Z globalstreamline.net nobis 733 ID346 - We need to override the cross-platform AI capacitor!
<65>1 2025-12-17T17:49:19.132Z forwardsystems.com reiciendis 5531 ID513 - You can't copy the bus without connecting the open-source SMTP array!
<7>3 2025-12-17T17:49:19.132Z leadrepurpose.io sequi 8962 ID86 - Try to quantify the HTTP feed, maybe it will copy the neural protocol!
<90>3 2025-12-17T17:49:19.132Z customerexploit.org aut 6855 ID246 - You can't input the driver without synthesizing the digital RSS matrix!
<108>3 2025-12-17T17:49:19.132Z leadtechnologies.info reprehenderit 4975 ID872 - I'Ll index the open-source PNG interface, that should bus the GB card!
<52>2 2025-12-17T17:49:19.132Z forwardnext-generation.net sed 3592 ID841 - You can't connect the program without bypassing the neural EXE hard drive!
<45>1 2025-12-17T17:51:25Z internalrecontextualize.info deserunt 797 ID72 - user=aqueel_kamruddin password=kF3E5bkqmO2E status=invalid
<45>1 2025-12-17T17:51:30Z internalrecontextualize.info deserunt 797 ID72 - user=aly_a password=xr10GGV2X7e2 status=invalid
<45>1 2025-12-17T17:51:32Z internalrecontextualize.info deserunt 797 ID72 - user=ali_dharani password=bGwdjBtuo status=invalid
<170>2 2025-12-17T17:49:19.132Z dynamicmorph.io est 9191 ID582 - Try to quantify the CSS microchip, maybe it will calculate the neural bandwidth!
<106>1 2025-12-17T17:49:19.132Z directexperiences.info vel 8814 ID509 - You can't parse the microchip without backing up the 1080p IB bandwidth!
<45>1 2025-12-17T17:51:34Z internalrecontextualize.info deserunt 797 ID72 - user=ayaan_ajaney password=2kQLdXFAwOt status=invalid
<81>1 2025-12-17T17:49:19.132Z customerreinvent.io excepturi 8134 ID171 - Try to back up the PNG circuit, maybe it will calculate the multi-byte array!
<45>1 2025-12-17T17:51:37Z internalrecontextualize.info deserunt 797 ID72 - user=riyaz_popatia password=hhqBGZHvxDlH7Q status=invalid
<152>3 2025-12-17T17:49:19.132Z districtleading-edge.org cum 5457 ID845 - If we calculate the interface, we can get to the JBOD port through the multi-byte AI port!
<0>1 2025-12-17T17:49:19.132Z forwardenable.info eius 3486 ID281 - You can't program the microchip without navigating the virtual SSL circuit!
<115>2 2025-12-17T17:49:19.132Z internationalout-of-the-box.io porro 1772 ID697 - I'Ll compress the optical SQL sensor, that should monitor the HTTP card!
<120>2 2025-12-17T17:49:19.132Z legacyb2b.name animi 1267 ID209 - We need to generate the neural THX firewall!
<45>1 2025-12-17T17:51:42Z internalrecontextualize.info deserunt 797 ID72 - user=riyaz_popatia password=ChhVObzkUW0f2 status=invalid
<26>2 2025-12-17T17:49:19.132Z dynamicturn-key.org aut 2823 ID622 - I'Ll compress the multi-byte THX port, that should application the AGP circuit!
<46>1 2025-12-17T17:49:19.132Z regionalmetrics.name iste 3786 ID682 - You can't quantify the interface without overriding the 1080p XSS card!
<45>1 2025-12-17T17:51:45Z internalrecontextualize.info deserunt 797 ID72 - user=amin_jaffer password=swz18m7X4Cvkhv status=invalid
<45>1 2025-12-17T17:51:47Z internalrecontextualize.info deserunt 797 ID72 - user=akber_hussain password=XEYzK4KV status=invalid
<45>1 2025-12-17T17:51:49Z internalrecontextualize.info deserunt 797 ID72 - user=akber_hussain password=tE1RPhdKR status=invalid
<184>2 2025-12-17T17:49:19.132Z humanschemas.com esse 282 ID135 - You can't input the capacitor without indexing the mobile THX firewall!
<45>1 2025-12-17T17:51:52Z internalrecontextualize.info deserunt 797 ID72 - user=hadi_ibrahimi password=mkAWnjdEirZ status=invalid
<45>1 2025-12-17T17:51:57Z internalrecontextualize.info deserunt 797 ID72 - user=ayaan_ajaney password=4tjNKIYamhJbAS status=invalid
<126>3 2025-12-17T17:49:19.132Z seniorreinvent.info qui 5903 ID283 - You can't index the alarm without hacking the back-end XSS firewall!
<109>3 2025-12-17T17:49:19.132Z regionalapplications.name aut 2303 ID423 - The SMTP bandwidth is down, synthesize the 1080p port so we can program the CSS bandwidth!
<42>3 2025-12-17T17:49:19.132Z regionaltransparent.org quia 9230 ID716 - Use the back-end SMS array, then you can hack the online system!
<34>1 2025-12-17T17:49:19.132Z directapplications.com doloribus 6034 ID714 - Quantifying the interface won't do anything, we need to transmit the primary IB capacitor!
<45>1 2025-12-17T17:51:59Z internalrecontextualize.info deserunt 797 ID72 - user=asif password=1Ta2AtNRvU5a status=invalid
<45>1 2025-12-17T17:52:02Z internalrecontextualize.info deserunt 797 ID72 - user=saurabh password=gryakqPwt status=invalid
<51>1 2025-12-17T17:49:19.132Z dynamicmarkets.io autem 986 ID823 - You can't copy the hard drive without copying the bluetooth IB pixel!
<45>1 2025-12-17T17:52:06Z internalrecontextualize.info deserunt 797 ID72 - user=khizrali_kradiya password=dfmKvFQVZ status=invalid
<45>1 2025-12-17T17:52:07Z internalrecontextualize.info deserunt 797 ID72 - user=riyaz_popatia password=IS6TnWYoNhFcXs status=invalid
<144>3 2025-12-17T17:49:19.132Z directintuitive.name magni 7328 ID948 - We need to hack the cross-platform SSL bandwidth!
<45>1 2025-12-17T17:52:08Z internalrecontextualize.info deserunt 797 ID72 - user=aly_a password=Isgo5k8zmt status=invalid
<168>3 2025-12-17T17:49:19.132Z seniormindshare.biz aut 8587 ID358 - You can't input the alarm without parsing the wireless SMS feed!
<146>3 2025-12-17T17:49:19.132Z chiefb2c.org in 6415 ID209 - Use the haptic SSL bandwidth, then you can connect the back-end card!
<45>1 2025-12-17T17:52:09Z internalrecontextualize.info deserunt 797 ID72 - user=zoheb_makani password=craE7mRSOIMez status=invalid
<25>1 2025-12-17T17:49:19.132Z humanvirtual.biz autem 196 ID61 - Try to quantify the AI driver, maybe it will connect the cross-platform port!
<6>2 2025-12-17T17:49:19.132Z leadvisualize.biz et 4467 ID431 - Use the 1080p PCI panel, then you can parse the optical bus!
<45>1 2025-12-17T17:52:13Z internalrecontextualize.info deserunt 797 ID72 - user=jamil_jaffer password=2wuY75HT status=invalid
<142>3 2025-12-17T17:49:19.132Z dynamicreintermediate.info commodi 4533 ID778 - If we navigate the system, we can get to the IB panel through the open-source JSON sensor!
<3>3 2025-12-17T17:49:19.132Z internationalrich.net impedit 9137 ID86 - We need to connect the optical XSS feed!
<45>1 2025-12-17T17:52:17Z internalrecontextualize.info deserunt 797 ID72 - user=amin_jaffer password=C0J1wNJ5M1am status=invalid
<45>1 2025-12-17T17:52:20Z internalrecontextualize.info deserunt 797 ID72 - user=zanir password=F6yVlj6OMAc2c status=invalid
<159>3 2025-12-17T17:49:19.132Z internalapplications.biz sit 4125 ID783 - We need to connect the virtual HDD port!
<45>1 2025-12-17T17:52:25Z internalrecontextualize.info deserunt 797 ID72 - user=amin_jaffer password=GHwcQDqfkPZ status=invalid
<96>1 2025-12-17T17:49:19.132Z principalb2b.name officiis 2785 ID681 - You can't reboot the feed without navigating the open-source JSON hard drive!
<144>2 2025-12-17T17:49:19.132Z globaloptimize.com distinctio 8284 ID516 - If we bypass the matrix, we can get to the IB transmitter through the open-source COM panel!
<45>1 2025-12-17T17:52:27Z internalrecontextualize.info deserunt 797 ID72 - user=hadi_ibrahimi password=romBZwxp status=invalid
<156>3 2025-12-17T17:49:19.132Z futureintegrate.io dolore 4238 ID21 - If we input the feed, we can get to the ADP capacitor through the open-source THX port!
<86>1 2025-12-17T17:49:19.132Z directsupply-chains.io reprehenderit 1536 ID583 - I'Ll program the multi-byte SDD port, that should system the GB panel!
<179>1 2025-12-17T17:49:19.132Z forwardseamless.io et 7066 ID307 - If we back up the capacitor, we can get to the RAM application through the digital SMTP application!
<182>3 2025-12-17T17:49:19.132Z dynamicengage.info non 4842 ID541 - Use the wireless THX bandwidth, then you can reboot the neural monitor!
<97>3 2025-12-17T17:49:19.132Z directarchitectures.org quam 2006 ID89 - If we quantify the firewall, we can get to the EXE capacitor through the online HDD interface!
<45>1 2025-12-17T17:52:32Z internalrecontextualize.info deserunt 797 ID72 - user=amyn password=CDk0xResMI9 status=invalid
<43>2 2025-12-17T17:49:19.132Z dynamicbleeding-edge.io et 1454 ID734 - I'Ll program the open-source JSON pixel, that should matrix the GB bandwidth!
<33>3 2025-12-17T17:49:19.132Z chiefexploit.io voluptatem 2016 ID907 - I'Ll override the optical RAM bandwidth, that should feed the HTTP panel!
<27>3 2025-12-17T17:49:19.132Z legacyaction-items.net distinctio 6745 ID674 - The SMS protocol is down, reboot the bluetooth bus so we can transmit the AGP monitor!
<31>1 2025-12-17T17:49:19.132Z internalportals.com sit 7870 ID541 - Use the solid state HTTP bus, then you can compress the optical monitor!
<45>1 2025-12-17T17:52:37Z internalrecontextualize.info deserunt 797 ID72 - user=raheel password=1VoQcMpSQi status=invalid
<45>1 2025-12-17T17:52:39Z internalrecontextualize.info deserunt 797 ID72 - user=rozi password=Emna5ZmPjvd5qj status=invalid
<46>2 2025-12-17T17:49:19.132Z dynamiccontent.net odio 9330 ID340 - We need to generate the back-end IB application!
<45>1 2025-12-17T17:52:40Z internalrecontextualize.info deserunt 797 ID72 - user=ayaan_ajaney password=H0jiSIEB6 status=invalid
<45>1 2025-12-17T17:52:45Z internalrecontextualize.info deserunt 797 ID72 - user=fayyaz_makhani password=wE3VWoIDZ status=invalid
<45>1 2025-12-17T17:52:48Z internalrecontextualize.info deserunt 797 ID72 - user=saurabh password=l4wCYjcW status=invalid
<39>1 2025-12-17T17:49:19.132Z internationalmorph.org corrupti 2919 ID784 - We need to generate the virtual JSON application!
<45>1 2025-12-17T17:52:52Z internalrecontextualize.info deserunt 797 ID72 - user=salim_notta password=1SbQJYlUjE status=invalid
<60>2 2025-12-17T17:49:19.132Z principalseamless.com ducimus 2156 ID41 - The PNG microchip is down, connect the online panel so we can override the RSS firewall!
<45>1 2025-12-17T17:52:56Z internalrecontextualize.info deserunt 797 ID72 - user=asif password=yeOBGBijQBe status=invalid
<152>3 2025-12-17T17:49:19.132Z dynamicexpedite.io impedit 2105 ID995 - Try to override the SMS application, maybe it will quantify the mobile bus!
<80>2 2025-12-17T17:49:19.132Z nationalroi.io non 3071 ID744 - If we program the driver, we can get to the SDD port through the mobile EXE array!
<175>1 2025-12-17T17:49:19.132Z nationalfacilitate.net distinctio 9384 ID537 - I'Ll input the solid state GB interface, that should circuit the SDD program!
<181>2 2025-12-17T17:49:19.132Z nationalrecontextualize.biz commodi 8618 ID606 - If we quantify the transmitter, we can get to the XSS feed through the back-end USB panel!
<124>2 2025-12-17T17:49:19.132Z principalmesh.net molestiae 8015 ID178 - We need to compress the neural SMTP capacitor!
<45>1 2025-12-17T17:53:01Z internalrecontextualize.info deserunt 797 ID72 - user=murad_kajani password=QqmV8mLDDJ status=invalid
<123>3 2025-12-17T17:49:19.132Z centralmodels.org ipsam 91 ID785 - I'Ll quantify the primary TCP firewall, that should card the FTP firewall!
<45>1 2025-12-17T17:53:06Z internalrecontextualize.info deserunt 797 ID72 - user=saira_jiwani password=xBY3RMH1 status=invalid
<10>1 2025-12-17T17:49:19.132Z internationalinfomediaries.io unde 1214 ID860 - Try to parse the SAS matrix, maybe it will calculate the wireless pixel!
<159>3 2025-12-17T17:49:19.132Z chiefsynergistic.name corporis 2338 ID356 - I'Ll generate the cross-platform PNG protocol, that should protocol the ADP matrix!
<170>2 2025-12-17T17:49:19.132Z leadkiller.io est 8363 ID478 - We need to copy the optical HTTP bandwidth!
<159>2 2025-12-17T17:49:19.132Z humanuser-centric.biz quaerat 169 ID667 - Transmitting the sensor won't do anything, we need to program the digital PCI protocol!
<169>2 2025-12-17T17:49:19.132Z globalstrategic.biz et 3017 ID495 - If we parse the bandwidth, we can get to the TCP transmitter through the multi-byte COM hard drive!
<26>3 2025-12-17T17:49:19.132Z principalback-end.io et 1898 ID258 - Overriding the protocol won't do anything, we need to generate the neural RAM application!
<45>1 2025-12-17T17:53:11Z internalrecontextualize.info deserunt 797 ID72 - user=ali_dharani password=tpPrLNDN status=invalid
<137>1 2025-12-17T17:49:19.132Z districtsystems.net nostrum 5445 ID541 - Hacking the pixel won't do anything, we need to navigate the virtual AGP driver!
<7>2 2025-12-17T17:49:19.132Z districttransparent.info et 5391 ID1000 - Use the multi-byte JSON interface, then you can calculate the bluetooth circuit!
<45>1 2025-12-17T17:53:13Z internalrecontextualize.info deserunt 797 ID72 - user=salim_notta password=ekYn32WQ9WrwA status=invalid
<121>3 2025-12-17T17:49:19.132Z customerone-to-one.biz at 4079 ID849 - Calculating the port won't do anything, we need to override the online SMTP panel!
<45>1 2025-12-17T17:53:14Z internalrecontextualize.info deserunt 797 ID72 - user=salim_notta password=gSupyKvtiCr5F9 status=invalid
<161>3 2025-12-17T17:49:19.132Z seniorparadigms.net aut 8858 ID111 - Programming the alarm won't do anything, we need to input the haptic RSS alarm!
<39>2 2025-12-17T17:49:19.132Z leaddistributed.biz inventore 8660 ID536 - Try to parse the SCSI pixel, maybe it will input the 1080p port!
<75>1 2025-12-17T17:49:19.132Z forwardb2b.org quasi 9451 ID4 - If we navigate the firewall, we can get to the SQL pixel through the solid state THX program!
<145>2 2025-12-17T17:49:19.132Z humanchannels.name et 7603 ID922 - Try to bypass the AI bandwidth, maybe it will transmit the redundant alarm!
<56>1 2025-12-17T17:49:19.132Z nationaldeliverables.com ut 8009 ID101 - Use the haptic HDD transmitter, then you can synthesize the neural array!
<146>1 2025-12-17T17:49:19.132Z seniore-business.info quas 7191 ID944 - The AGP program is down, reboot the virtual sensor so we can connect the SAS alarm!
<19>1 2025-12-17T17:49:19.132Z internationalstrategize.com distinctio 1101 ID453 - Use the online RAM driver, then you can program the online transmitter!
<45>1 2025-12-17T17:53:19Z internalrecontextualize.info deserunt 797 ID72 - user=michelle_hirani_khoja password=nypicL0KcqE8sB status=invalid
<25>3 2025-12-17T17:49:19.132Z regionalplatforms.net quasi 702 ID949 - Use the primary SCSI port, then you can calculate the haptic firewall!
<168>1 2025-12-17T17:49:19.132Z customerdot-com.biz voluptatem 2554 ID840 - We need to synthesize the auxiliary XML hard drive!
<116>1 2025-12-17T17:49:19.132Z customeriterate.net dicta 9462 ID55 - Try to compress the EXE port, maybe it will generate the haptic interface!
<138>2 2025-12-17T17:49:19.132Z dynamickiller.net quia 124 ID536 - Use the optical SAS bus, then you can index the online capacitor!
<150>3 2025-12-17T17:49:19.132Z regionalvirtual.net libero 6489 ID75 - The USB array is down, hack the multi-byte circuit so we can copy the FTP monitor!
<79>2 2025-12-17T17:49:19.132Z humanchannels.info quod 9629 ID18 - Try to program the GB bus, maybe it will quantify the digital bandwidth!
<45>1 2025-12-17T17:53:21Z internalrecontextualize.info deserunt 797 ID72 - user=amyn password=CHwEkR49H9 status=invalid
<17>1 2025-12-17T17:49:19.132Z corporatetransform.io qui 5711 ID902 - Try to index the PCI monitor, maybe it will calculate the mobile transmitter!
<167>2 2025-12-17T17:49:19.132Z internaltransparent.com odit 1690 ID575 - The XSS microchip is down, override the open-source hard drive so we can input the COM alarm!
<45>1 2025-12-17T17:53:25Z internalrecontextualize.info deserunt 797 ID72 - user=saurabh password=DA8ycCWTuRTf status=invalid
<152>1 2025-12-17T17:49:19.132Z chiefrich.net omnis 6869 ID777 - If we index the capacitor, we can get to the JBOD pixel through the primary HDD interface!
<99>3 2025-12-17T17:49:19.132Z internalproductize.biz facere 2637 ID809 - You can't copy the microchip without indexing the back-end XML matrix!
<108>3 2025-12-17T17:49:19.132Z principaleyeballs.org voluptas 3840 ID787 - The HDD hard drive is down, input the auxiliary capacitor so we can back up the SCSI microchip!
<155>2 2025-12-17T17:49:19.132Z internalrich.com laudantium 4266 ID400 - If we generate the interface, we can get to the TCP sensor through the wireless PCI pixel!
<191>1 2025-12-17T17:49:19.132Z centralunleash.name id 5517 ID750 - Indexing the alarm won't do anything, we need to connect the multi-byte SCSI hard drive!
<129>2 2025-12-17T17:49:19.132Z productmission-critical.name vel 5417 ID984 - If we connect the pixel, we can get to the PCI array through the digital AGP feed!
<178>1 2025-12-17T17:49:19.132Z corporateplatforms.net maxime 1885 ID43 - Use the virtual GB port, then you can transmit the 1080p alarm!
<29>1 2025-12-17T17:49:19.132Z nationale-services.com atque 3656 ID180 - Compressing the array won't do anything, we need to bypass the optical SSL alarm!
<6>2 2025-12-17T17:49:19.132Z centraltransform.com reprehenderit 7049 ID30 - We need to synthesize the open-source CSS bandwidth!
<93>2 2025-12-17T17:49:19.132Z directout-of-the-box.net natus 8635 ID764 - You can't generate the hard drive without synthesizing the open-source JSON bandwidth!
<60>3 2025-12-17T17:49:19.132Z directtechnologies.io quod 3299 ID521 - If we hack the sensor, we can get to the SDD circuit through the digital USB pixel!
<45>1 2025-12-17T17:53:26Z internalrecontextualize.info deserunt 797 ID72 - user=aqueel_kamruddin password=iSyF2W75 status=invalid
<122>1 2025-12-17T17:49:19.132Z leadmarkets.biz quas 5115 ID785 - The XSS firewall is down, override the digital feed so we can calculate the TCP pixel!
<62>3 2025-12-17T17:49:19.132Z internationalweb-enabled.net quas 7279 ID19 - I'Ll connect the mobile FTP microchip, that should system the HDD feed!
<45>1 2025-12-17T17:53:31Z internalrecontextualize.info deserunt 797 ID72 - user=asad password=fRyp3jTcoYd status=invalid
<107>3 2025-12-17T17:49:19.132Z dynamicapplications.io blanditiis 3801 ID392 - You can't bypass the capacitor without navigating the wireless EXE alarm!
<45>1 2025-12-17T17:53:33Z internalrecontextualize.info deserunt 797 ID72 - user=rozi password=zmK17OrqdOoJCm status=invalid
<132>1 2025-12-17T17:49:19.132Z productrevolutionize.name vero 4197 ID595 - I'Ll program the solid state TCP transmitter, that should hard drive the RAM pixel!
<178>3 2025-12-17T17:49:19.132Z leadcommunities.org hic 6727 ID780 - The SSL panel is down, synthesize the multi-byte feed so we can program the COM program!
<45>1 2025-12-17T17:53:36Z internalrecontextualize.info deserunt 797 ID72 - user=aly_a password=6D9sapzhNJ status=invalid
<45>1 2025-12-17T17:53:41Z internalrecontextualize.info deserunt 797 ID72 - user=jamil_jaffer password=niNlFRL0UDbvh status=invalid
<80>1 2025-12-17T17:49:19.132Z chiefincubate.com ut 7943 ID35 - We need to quantify the virtual SMS port!
<47>3 2025-12-17T17:49:19.132Z nationalexpedite.io illum 8560 ID48 - Try to index the COM firewall, maybe it will generate the wireless matrix!
<45>1 2025-12-17T17:53:46Z internalrecontextualize.info deserunt 797 ID72 - user=zain_mitha password=4htxDRRpgIz status=invalid
<45>1 2025-12-17T17:53:47Z internalrecontextualize.info deserunt 797 ID72 - user=zull_nensi password=G9yfq8dMZ0 status=invalid
<165>3 2025-12-17T17:49:19.132Z legacyimplement.net ut 4278 ID386 - Use the back-end RSS panel, then you can reboot the solid state firewall!
<45>1 2025-12-17T17:53:48Z internalrecontextualize.info deserunt 797 ID72 - user=noah_ladak password=avdfB6Wd0 status=invalid
<45>1 2025-12-17T17:53:53Z internalrecontextualize.info deserunt 797 ID72 - user=asif password=pzWSepGJ1EY status=invalid
<93>2 2025-12-17T17:49:19.132Z legacyenterprise.io nihil 9323 ID386 - If we transmit the port, we can get to the PCI system through the optical IB capacitor!
<45>1 2025-12-17T17:53:57Z internalrecontextualize.info deserunt 797 ID72 - user=asad password=jz4pVPSCVDQGS status=invalid
<153>2 2025-12-17T17:49:19.132Z forwardbandwidth.net eos 3738 ID611 - If we copy the hard drive, we can get to the PNG interface through the wireless PNG driver!
<130>3 2025-12-17T17:49:19.132Z leadmonetize.biz inventore 1164 ID348 - We need to back up the open-source IB protocol!
