<13>Dec 17 17:49:17 gateway authd[1000]: user=fariha_mohammad password=8hMMARJUYdkeX status=rejected
<183>3 2025-12-17T17:49:19.145Z principalbenchmark.com eos 1377 ID394 - Backing up the bandwidth won't do anything, we need to parse the multi-byte AI system!
<160>1 2025-12-17T17:49:19.145Z regionalimplement.biz assumenda 9542 ID573 - I'Ll bypass the wireless RSS driver, that should pixel the JSON driver!
<13>Dec 17 17:49:19 gateway authd[1000]: user=hussein_din password=UA3fVveDJ5 status=rejected
<117>2 2025-12-17T17:49:19.145Z internalexpedite.io cumque 1407 ID407 - I'Ll connect the cross-platform RAM hard drive, that should circuit the JBOD firewall!
<26>2 2025-12-17T17:49:19.145Z customerplatforms.info et 125 ID835 - You can't back up the protocol without parsing the wireless SMTP sensor!
<13>Dec 17 17:49:20 gateway authd[1000]: user=farid_merchant password=gTdC4nfqeBQ status=rejected
<142>1 2025-12-17T17:49:19.145Z investordrive.com consequuntur 7186 ID17 - The FTP matrix is down, hack the auxiliary pixel so we can quantify the EXE driver!
<13>Dec 17 17:49:22 gateway authd[1000]: user=saurabh password=zMrM9dT4BBFoqF status=rejected
<26>2 2025-12-17T17:49:19.145Z productefficient.io aut 3197 ID866 - If we compress the interface, we can get to the HDD capacitor through the digital SQL system!
<13>Dec 17 17:49:25 gateway authd[1000]: user=amyn_sarif password=W3MOJoZhn5tH3 status=rejected
<13>Dec 17 17:49:28 gateway authd[1000]: user=armaan_chakkiwala password=7V7Eufybx3xxvh status=rejected
<46>1 2025-12-17T17:49:19.145Z dynamicrecontextualize.net delectus 722 ID614 - If we back up the firewall, we can get to the SDD firewall through the wireless RSS transmitter!
<69>2 2025-12-17T17:49:19.145Z futureout-of-the-box.io saepe 3453 ID447 - I'Ll index the optical SAS system, that should driver the SQL capacitor!
<13>Dec 17 17:49:33 gateway authd[1000]: user=aziz_kapadia password=kbEG3MiRY status=rejected
<122>3 2025-12-17T17:49:19.145Z legacyseamless.net fuga 7705 ID741 - Try to compress the IB panel, maybe it will override the mobile system!
<13>Dec 17 17:49:34 gateway authd[1000]: user=shar password=jtQ5VC0l status=rejected
<121>2 2025-12-17T17:49:19.145Z internalinfomediaries.info quasi 9679 ID224 - Try to override the RSS sensor, maybe it will copy the optical circuit!
<64>3 2025-12-17T17:49:19.145Z nationalcommunities.biz provident 3237 ID499 - If we index the panel, we can get to the COM capacitor through the primary PNG program!
<141>3 2025-12-17T17:49:19.145Z customerenhance.biz consequatur 6718 ID709 - We need to calculate the open-source PNG protocol!
<149>3 2025-12-17T17:49:19.145Z forwardbricks-and-clicks.org et 4172 ID770 - The SAS sensor is down, compress the cross-platform application so we can bypass the CSS monitor!
<99>1 2025-12-17T17:49:19.145Z internalsystems.io est 8651 ID675 - If we reboot the alarm, we can get to the CSS panel through the solid state GB monitor!
<66>3 2025-12-17T17:49:19.145Z futuremorph.com voluptatem 8471 ID293 - You can't connect the program without generating the virtual XML transmitter!
<13>Dec 17 17:49:37 gateway authd[1000]: user=saira_jiwani password=pHyDQILfJv status=rejected
<76>1 2025-12-17T17:49:19.145Z centralinfomediaries.io eum 4555 ID474 - We need to override the 1080p JBOD feed!
<78>1 2025-12-17T17:49:19.145Z dynamicuser-centric.info provident 7564 ID619 - You can't connect the bandwidth without overriding the solid state GB circuit!
<117>2 2025-12-17T17:49:19.145Z dynamicdeploy.name ex 4203 ID261 - We need to hack the redundant CSS program!
<128>3 2025-12-17T17:49:19.145Z customerdisintermediate.info cum 6249 ID5 - I'Ll generate the primary IB array, that should system the ADP array!
<97>3 2025-12-17T17:49:19.145Z dynamicrepurpose.name officia 3815 ID543 - Programming the capacitor won't do anything, we need to synthesize the open-source THX protocol!
<13>Dec 17 17:49:41 gateway authd[1000]: user=saira_jiwani password=MBSMV7Xt0ryszt status=rejected
<13>Dec 17 17:49:42 gateway authd[1000]: user=murad_kajani password=FzUz15HcZtv status=rejected
<72>2 2025-12-17T17:49:19.145Z corporatevortals.org quis 3883 ID77 - Use the virtual AGP transmitter, then you can connect the mobile array!
<173>1 2025-12-17T17:49:19.145Z internaltarget.org nisi 8660 ID116 - Use the neural EXE driver, then you can connect the virtual bandwidth!
<89>1 2025-12-17T17:49:19.145Z seniordot-com.org id 3459 ID858 - The PCI driver is down, index the online application so we can input the AGP bandwidth!
<151>1 2025-12-17T17:49:19.145Z directharness.net cupiditate 8086 ID717 - We need to navigate the redundant XSS card!
<56>3 2025-12-17T17:49:19.145Z internationalutilize.org similique 9474 ID719 - The ADP sensor is down, compress the 1080p card so we can copy the RAM pixel!
<13>Dec 17 17:49:44 gateway authd[1000]: user=rozi password=KnsGld3k status=rejected
<134>1 2025-12-17T17:49:19.145Z globalclicks-and-mortar.name error 5604 ID131 - You can't override the alarm without programming the auxiliary IB hard drive!
<147>3 2025-12-17T17:49:19.145Z directiterate.net voluptatem 2512 ID127 - The SMTP matrix is down, synthesize the haptic system so we can quantify the SMS matrix!
<36>2 2025-12-17T17:49:19.145Z internalcutting-edge.org harum 9318 ID620 - Compressing the program won't do anything, we need to synthesize the redundant HTTP driver!
<61>2 2025-12-17T17:49:19.145Z customerkiller.com explicabo 1682 ID367 - Try to index the AI bus, maybe it will index the solid state alarm!
<13>Dec 17 17:49:46 gateway authd[1000]: user=shar password=xUhRzz6ii3bxGw status=rejected
<13>Dec 17 17:49:51 gateway authd[1000]: user=michelle_hirani_khoja password=p9sT5gFVNwjA status=rejected
<13>Dec 17 17:49:56 gateway authd[1000]: user=murad_kajani password=BezypL0r status=rejected
<152>2 2025-12-17T17:49:19.145Z internalconvergence.info iure 786 ID837 - Try to bypass the RSS alarm, maybe it will hack the back-end microchip!
<13>Dec 17 17:49:58 gateway authd[1000]: user=armaan_chakkiwala password=XcXqcnddZuv status=rejected
<190>1 2025-12-17T17:49:19.145Z corporateleading-edge.org velit 1609 ID1 - We need to navigate the back-end SSL capacitor!
<128>2 2025-12-17T17:49:19.145Z internalplug-and-play.net aperiam 2750 ID158 - Indexing the interface won't do anything, we need to bypass the bluetooth CSS matrix!
<67>1 2025-12-17T17:49:19.145Z chiefengage.io et 1273 ID111 - Quantifying the circuit won't do anything, we need to quantify the mobile JSON system!
<34>2 2025-12-17T17:49:19.145Z futureproactive.com voluptas 237 ID326 - Try to override the PNG application, maybe it will synthesize the wireless firewall!
<186>2 2025-12-17T17:49:19.145Z internaltransparent.biz maxime 8231 ID65 - Synthesizing the alarm won't do anything, we need to quantify the bluetooth XML firewall!
<13>Dec 17 17:50:01 gateway authd[1000]: user=arshad_somani password=k1JaSjde5CB4 status=rejected
<175>3 2025-12-17T17:49:19.145Z futureschemas.info aut 9415 ID592 - The COM application is down, program the haptic pixel so we can compress the THX alarm!
<115>3 2025-12-17T17:49:19.145Z nationalmagnetic.net sed 140 ID665 - We need to bypass the cross-platform XSS system!
<185>2 2025-12-17T17:49:19.145Z leadweb-readiness.net nemo 4243 ID33 - The EXE hard drive is down, generate the primary array so we can calculate the RSS transmitter!
<18>2 2025-12-17T17:49:19.145Z leadcutting-edge.info voluptatem 5260 ID104 - If we transmit the circuit, we can get to the JBOD circuit through the optical COM monitor!
<36>3 2025-12-17T17:49:19.145Z seniorpartnerships.name dolorem 103 ID515 - The SSL bandwidth is down, transmit the digital panel so we can program the XSS feed!
<162>2 2025-12-17T17:49:19.145Z forwardone-to-one.net laborum 4633 ID637 - If we hack the panel, we can get to the SMTP matrix through the haptic SQL monitor!
<126>3 2025-12-17T17:49:19.145Z seniordisintermediate.biz vel 9064 ID921 - I'Ll connect the 1080p RAM alarm, that should hard drive the RSS monitor!
<13>Dec 17 17:50:02 gateway authd[1000]: user=aziz_kapadia password=uPjpKfOVq status=rejected
<32>2 2025-12-17T17:49:19.145Z dynamicdynamic.net quos 1307 ID700 - The JBOD bus is down, reboot the 1080p bus so we can input the SAS program!
<183>1 2025-12-17T17:49:19.145Z regionalvisionary.io quae 6611 ID80 - Generating the application won't do anything, we need to quantify the mobile PCI sensor!
<77>1 2025-12-17T17:49:19.145Z directdeliverables.io quia 252 ID168 - The HTTP bandwidth is down, back up the virtual panel so we can transmit the SMTP matrix!
<61>2 2025-12-17T17:49:19.145Z regionalinnovative.net dolores 9772 ID757 - Indexing the port won't do anything, we need to connect the haptic FTP card!
<13>Dec 17 17:50:04 gateway authd[1000]: user=shehzad_merchant password=BlXkhYMj7Y2 status=rejected
<30>2 2025-12-17T17:49:19.145Z internationalbricks-and-clicks.io sit 6167 ID593 - You can't calculate the circuit without calculating the redundant AGP microchip!
<157>1 2025-12-17T17:49:19.145Z districtwhiteboard.biz velit 6248 ID381 - I'Ll bypass the multi-byte IB matrix, that should hard drive the JBOD capacitor!
<13>Dec 17 17:50:06 gateway authd[1000]: user=iliyan_momin password=nw5OP1irC6cv status=rejected
<13>Dec 17 17:50:11 gateway authd[1000]: user=hadi_ibrahimi password=mX3ZOMDe35RNwv status=rejected
<13>Dec 17 17:50:12 gateway authd[1000]: user=murad_kajani password=cn2S4NWp9BScV status=rejected
<80>1 2025-12-17T17:49:19.145Z globalbrand.net molestiae 5418 ID861 - Try to transmit the CSS bus, maybe it will hack the 1080p circuit!
<53>1 2025-12-17T17:49:19.145Z futuresynergize.org dignissimos 2985 ID549 - We need to compress the bluetooth RAM card!
<49>2 2025-12-17T17:49:19.145Z directmaximize.biz est 9 ID592 - If we navigate the microchip, we can get to the SQL system through the redundant SQL interface!
<63>2 2025-12-17T17:49:19.145Z seniorexploit.biz dolor 2592 ID945 - Indexing the application won't do anything, we need to quantify the multi-byte SQL protocol!
<10>2 2025-12-17T17:49:19.145Z leadglobal.io tempore 1221 ID418 - Try to program the RAM circuit, maybe it will hack the 1080p protocol!
<13>Dec 17 17:50:17 gateway authd[1000]: user=alnoor_ladak password=eCkFrYGG0 status=rejected
<140>2 2025-12-17T17:49:19.145Z districtcross-platform.org vero 2598 ID922 - You can't compress the firewall without overriding the open-source AGP port!
<83>3 2025-12-17T17:49:19.145Z humanincubate.io et 3010 ID528 - I'Ll calculate the online SMS monitor, that should system the EXE array!
<128>2 2025-12-17T17:49:19.145Z principalrecontextualize.com provident 2686 ID982 - Try to calculate the RSS application, maybe it will compress the optical monitor!
<122>2 2025-12-17T17:49:19.145Z chiefexperiences.name vel 1385 ID124 - I'Ll reboot the multi-byte RSS circuit, that should port the XSS interface!
<87>2 2025-12-17T17:49:19.145Z dynamicusers.org placeat 4164 ID11 - You can't calculate the panel without calculating the wireless XML array!
<13>Dec 17 17:50:18 gateway authd[1000]: user=mahek_ramzan password=qCYjoFEmpZRB status=rejected
<13>Dec 17 17:50:21 gateway authd[1000]: user=hussein_din password=mFLstkxOjb1v status=rejected
<129>2 2025-12-17T17:49:19.145Z legacyrelationships.io nulla 6813 ID290 - We need to quantify the virtual JSON bandwidth!
<13>Dec 17 17:50:24 gateway authd[1000]: user=jamil_jaffer password=f8N2CGh9COrkpA status=rejected
<173>2 2025-12-17T17:49:19.145Z directproactive.net praesentium 9679 ID357 - Use the back-end AGP microchip, then you can synthesize the back-end sensor!
<13>Dec 17 17:50:25 gateway authd[1000]: user=alnoor_ladak password=ST8OIP56qGlL4 status=rejected
<15>1 2025-12-17T17:49:19.145Z internaldynamic.info nihil 1406 ID186 - We need to calculate the solid state PNG hard drive!
<124>2 2025-12-17T17:49:19.145Z chiefmonetize.io officia 4718 ID451 - I'Ll generate the mobile SMS microchip, that should array the RAM protocol!
<18>3 2025-12-17T17:49:19.145Z seniormarkets.io qui 9132 ID964 - The COM pixel is down, back up the digital interface so we can copy the SSL port!
<144>1 2025-12-17T17:49:19.145Z principalcustomized.biz perspiciatis 844 ID597 - Use the optical JBOD monitor, then you can parse the back-end microchip!
<13>Dec 17 17:50:29 gateway authd[1000]: user=jamil_jaffer password=JN30gUleBrJYZ status=rejected
<61>2 2025-12-17T17:49:19.145Z internalextend.com ut 2299 ID563 - Use the open-source CSS transmitter, then you can navigate the primary feed!
<48>3 2025-12-17T17:49:19.145Z corporatevertical.io qui 2849 ID934 - I'Ll connect the cross-platform AI interface, that should microchip the XSS alarm!
<76>3 2025-12-17T17:49:19.145Z chieftechnologies.io tempore 4446 ID397 - Navigating the application won't do anything, we need to hack the digital GB microchip!
<105>3 2025-12-17T17:49:19.145Z productstrategic.com nihil 6171 ID636 - I'Ll parse the mobile HDD panel, that should pixel the RSS system!
<13>Dec 17 17:50:33 gateway authd[1000]: user=mahek_ramzan password=jjdRfdtxN status=rejected
<13>Dec 17 17:50:38 gateway authd[1000]: user=naseem_huda_buckley password=IvJn4qGxjPBMp status=rejected
<13>Dec 17 17:50:43 gateway authd[1000]: user=arshad_somani password=7UXeBuzmEpKEyo status=rejected
<13>Dec 17 17:50:47 gateway authd[1000]: user=aly_ali password=7zP27pvWbctDAM status=rejected
<183>1 2025-12-17T17:49:19.145Z forwardenable.org fugit 2029 ID439 - I'Ll back up the 1080p SCSI feed, that should protocol the HTTP matrix!
<126>3 2025-12-17T17:49:19.145Z nationalb2b.net repellendus 6694 ID779 - Use the online THX array, then you can compress the mobile microchip!
<167>1 2025-12-17T17:49:19.145Z productcross-platform.com odit 2521 ID179 - I'Ll calculate the solid state HTTP application, that should alarm the FTP pixel!
<132>2 2025-12-17T17:49:19.145Z productevolve.org laboriosam 3823 ID884 - I'Ll calculate the redundant JBOD capacitor, that should interface the SQL port!
<74>3 2025-12-17T17:49:19.145Z centralwhiteboard.com sunt 4604 ID998 - We need to compress the mobile CSS capacitor!
<43>3 2025-12-17T17:49:19.145Z chiefscale.org laboriosam 8378 ID241 - Generating the firewall won't do anything, we need to bypass the 1080p GB protocol!
<137>1 2025-12-17T17:49:19.145Z globalleading-edge.net dolorem 1469 ID667 - We need to generate the digital PNG matrix!
<180>2 2025-12-17T17:49:19.145Z directexpedite.biz et 5378 ID359 - Try to generate the XML alarm, maybe it will hack the virtual interface!
<57>3 2025-12-17T17:49:19.145Z centralutilize.info minus 4736 ID131 - The AGP alarm is down, hack the wireless firewall so we can program the ADP capacitor!
<13>Dec 17 17:50:50 gateway authd[1000]: user=hussein_din password=8Xzgn1oWVPuUax status=rejected
<13>Dec 17 17:50:52 gateway authd[1000]: user=shar password=HE9BdqUIpwBgS status=rejected
<157>2 2025-12-17T17:49:19.145Z globalschemas.org sit 4116 ID727 - The SDD bus is down, bypass the haptic microchip so we can back up the PNG matrix!
<111>1 2025-12-17T17:49:19.145Z directsyndicate.net nihil 5148 ID645 - Use the redundant JSON protocol, then you can compress the virtual circuit!
<157>3 2025-12-17T17:49:19.145Z futuremodels.org inventore 7644 ID419 - Use the online RSS bandwidth, then you can override the digital circuit!
<60>1 2025-12-17T17:49:19.145Z forwardreintermediate.net dolores 7970 ID638 - Use the mobile HTTP application, then you can connect the primary capacitor!
<13>Dec 17 17:50:55 gateway authd[1000]: user=hadi_ibrahimi password=1ufFhUQyfwHJSO status=rejected
<31>3 2025-12-17T17:49:19.145Z legacy24/7.net deserunt 5440 ID163 - You can't parse the matrix without indexing the primary TCP matrix!
<55>3 2025-12-17T17:49:19.145Z leadorchestrate.biz quae 109 ID636 - Use the cross-platform PCI panel, then you can override the cross-platform feed!
<13>Dec 17 17:50:57 gateway authd[1000]: user=saurabh password=j4K5KWP1ruytFo status=rejected
<90>3 2025-12-17T17:49:19.145Z corporateout-of-the-box.net provident 7623 ID625 - You can't calculate the hard drive without compressing the multi-byte PCI system!
<13>Dec 17 17:50:59 gateway authd[1000]: user=amyn_sarif password=NMOdOyD6b8aKij status=rejected
<13>Dec 17 17:51:04 gateway authd[1000]: user=sajoo password=PkOC2EqFA4micP status=rejected
<68>1 2025-12-17T17:49:19.145Z principalorchestrate.org qui 8564 ID132 - Try to connect the SDD port, maybe it will transmit the primary microchip!
<59>1 2025-12-17T17:49:19.145Z dynamicviral.biz est 818 ID844 - We need to navigate the digital XML system!
<104>3 2025-12-17T17:49:19.145Z seniorrecontextualize.info in 3083 ID911 - The JBOD matrix is down, quantify the cross-platform feed so we can synthesize the SDD panel!
<99>3 2025-12-17T17:49:19.145Z internalrelationships.io doloribus 3181 ID293 - I'Ll index the multi-byte COM feed, that should panel the SAS protocol!
<69>1 2025-12-17T17:49:19.145Z humanembrace.info exercitationem 5635 ID597 - Use the wireless HTTP port, then you can navigate the open-source pixel!
<107>2 2025-12-17T17:49:19.145Z legacyweb-enabled.name pariatur 5140 ID160 - If we bypass the card, we can get to the PCI hard drive through the virtual IB feed!
<21>1 2025-12-17T17:49:19.145Z legacyinfrastructures.biz hic 1019 ID640 - Try to copy the JSON card, maybe it will input the auxiliary system!
<49>2 2025-12-17T17:49:19.145Z directnetworks.io totam 9185 ID822 - We need to navigate the wireless TCP feed!
<66>2 2025-12-17T17:49:19.145Z principalinnovative.name ab 5982 ID41 - Use the wireless PCI capacitor, then you can calculate the primary driver!
<186>3 2025-12-17T17:49:19.145Z internationalnetworks.org sequi 6009 ID41 - Use the online COM circuit, then you can compress the 1080p array!
<155>3 2025-12-17T17:49:19.145Z seniorexpedite.name molestiae 5716 ID143 - Use the 1080p JSON pixel, then you can index the digital matrix!
<13>Dec 17 17:51:06 gateway authd[1000]: user=farid_merchant password=kpnoyiDIm2mIc status=rejected
<170>3 2025-12-17T17:49:19.145Z leadmarkets.name maxime 8633 ID215 - You can't calculate the system without synthesizing the multi-byte RSS driver!
<153>3 2025-12-17T17:49:19.145Z legacysynergize.info vel 2521 ID641 - Use the redundant XSS port, then you can back up the cross-platform capacitor!
<65>1 2025-12-17T17:49:19.145Z centralend-to-end.info ea 1069 ID828 - The HDD hard drive is down, parse the mobile alarm so we can hack the AI protocol!
<29>3 2025-12-17T17:49:19.145Z internalrepurpose.com aliquam 4219 ID782 - I'Ll navigate the haptic RAM program, that should sensor the HTTP capacitor!
<13>Dec 17 17:51:10 gateway authd[1000]: user=naveed_patel password=97ajnWlL status=rejected
<84>3 2025-12-17T17:49:19.145Z internalcollaborative.name nisi 1748 ID894 - We need to override the bluetooth GB feed!
<35>2 2025-12-17T17:49:19.145Z chiefaction-items.io provident 9757 ID978 - The TCP matrix is down, reboot the redundant card so we can synthesize the USB panel!
<49>3 2025-12-17T17:49:19.145Z districtoptimize.io soluta 1953 ID576 - If we bypass the panel, we can get to the PCI pixel through the primary SQL protocol!
<29>2 2025-12-17T17:49:19.145Z directeyeballs.org et 7178 ID993 - The AGP application is down, reboot the primary bus so we can back up the ADP sensor!
<13>Dec 17 17:51:12 gateway authd[1000]: user=ahil_hashim password=zsc9VJULF status=rejected
<83>3 2025-12-17T17:49:19.145Z legacyniches.io provident 3085 ID682 - I'Ll calculate the virtual AI program, that should sensor the AI alarm!
<167>1 2025-12-17T17:49:19.145Z futureinteractive.com id 9321 ID159 - The JBOD bus is down, reboot the bluetooth interface so we can copy the SQL port!
<9>3 2025-12-17T17:49:19.145Z leadtarget.io distinctio 3949 ID230 - I'Ll back up the digital AI array, that should array the USB interface!
<13>Dec 17 17:51:17 gateway authd[1000]: user=saira_jiwani password=u1FzDQQ2Ope65 status=rejected
<13>Dec 17 17:51:18 gateway authd[1000]: user=hadi_ibrahimi password=ZIwaH88AaWQw status=rejected
<118>3 2025-12-17T17:49:19.145Z forwardroi.net libero 1306 ID755 - I'Ll back up the haptic JBOD matrix, that should protocol the ADP capacitor!
<13>Dec 17 17:51:21 gateway authd[1000]: user=armaan_chakkiwala password=89DpMZoMJmW1H status=rejected
<143>1 2025-12-17T17:49:19.145Z leadextend.net at 9612 ID638 - I'Ll program the open-source THX monitor, that should interface the TCP array!
<47>2 2025-12-17T17:49:19.145Z corporatemodels.biz ea 5128 ID562 - If we reboot the pixel, we can get to the SQL bus through the 1080p COM alarm!
<13>Dec 17 17:51:22 gateway authd[1000]: user=naveed_patel password=VQcDMeQE03S7WU status=rejected
<45>1 2025-12-17T17:49:19.145Z globalmaximize.net tempora 504 ID350 - If we back up the transmitter, we can get to the HDD driver through the solid state HTTP pixel!
<46>1 2025-12-17T17:49:19.145Z globalimplement.org aut 980 ID387 - We need to back up the 1080p PNG program!
<13>Dec 17 17:51:25 gateway authd[1000]: user=akber_hussain password=NjqoFIFWQ9BV status=rejected
<13>Dec 17 17:51:30 gateway authd[1000]: user=michelle_hirani_khoja password=gJfSHD3qSNPo status=rejected
<109>1 2025-12-17T17:49:19.145Z internationalschemas.info rem 9947 ID498 - If we calculate the firewall, we can get to the COM panel through the open-source AGP array!
<179>2 2025-12-17T17:49:19.145Z futuredot-com.biz voluptas 5277 ID789 - I'Ll bypass the 1080p PNG panel, that should program the SAS protocol!
<85>3 2025-12-17T17:49:19.145Z customerbest-of-breed.biz aut 7252 ID900 - Try to navigate the AGP array, maybe it will copy the redundant program!
<38>2 2025-12-17T17:49:19.145Z dynamicintuitive.io voluptas 9646 ID835 - Try to quantify the RSS protocol, maybe it will calculate the neural feed!
<150>1 2025-12-17T17:49:19.145Z chiefreal-time.net consequatur 7026 ID544 - We need to reboot the wireless EXE alarm!
<35>2 2025-12-17T17:49:19.145Z principalfrictionless.net asperiores 497 ID628 - You can't parse the circuit without bypassing the optical HDD interface!
<1>3 2025-12-17T17:49:19.145Z directportals.info dolorem 4853 ID966 - If we input the protocol, we can get to the XML feed through the neural JSON application!
<64>2 2025-12-17T17:49:19.145Z leadtransform.org dolore 67 ID183 - Calculating the firewall won't do anything, we need to override the cross-platform ADP feed!
<99>1 2025-12-17T17:49:19.145Z corporateclicks-and-mortar.biz quia 1501 ID44 - Quantifying the program won't do anything, we need to compress the 1080p SSL feed!
<155>1 2025-12-17T17:49:19.145Z chiefefficient.com incidunt 8934 ID548 - I'Ll reboot the online JBOD alarm, that should capacitor the JBOD alarm!
<30>2 2025-12-17T17:49:19.145Z legacyweb-enabled.org neque 3413 ID749 - Try to reboot the COM card, maybe it will bypass the primary hard drive!
<121>1 2025-12-17T17:49:19.145Z nationalwireless.org tempore 4155 ID741 - Compressing the system won't do anything, we need to hack the auxiliary PNG transmitter!
<105>2 2025-12-17T17:49:19.145Z humantransparent.net cupiditate 8139 ID737 - I'Ll compress the solid state RAM microchip, that should application the FTP pixel!
<188>2 2025-12-17T17:49:19.145Z futuregenerate.net dolore 1772 ID340 - Navigating the application won't do anything, we need to transmit the neural RSS transmitter!
<111>2 2025-12-17T17:49:19.145Z leadsynergistic.org non 8449 ID80 - Use the wireless IB panel, then you can index the cross-platform hard drive!
<22>1 2025-12-17T17:49:19.145Z leadreinvent.biz ducimus 188 ID390 - You can't calculate the array without backing up the solid state SCSI system!
<13>Dec 17 17:51:31 gateway authd[1000]: user=zain_mitha password=LOsezjeL status=rejected
<134>1 2025-12-17T17:49:19.145Z legacytechnologies.net vel 8463 ID898 - Try to hack the USB firewall, maybe it will program the digital pixel!
<172>3 2025-12-17T17:49:19.145Z internalincubate.info ut 5040 ID604 - I'Ll quantify the redundant SMTP bus, that should firewall the SCSI program!
<52>1 2025-12-17T17:49:19.145Z humancross-platform.info qui 5421 ID849 - We need to synthesize the 1080p THX application!
<190>2 2025-12-17T17:49:19.145Z customermatrix.biz ipsa 8607 ID404 - The SQL protocol is down, compress the multi-byte protocol so we can synthesize the AI sensor!
<13>Dec 17 17:51:36 gateway authd[1000]: user=aziz_kapadia password=DkkdtEEoe status=rejected
<46>3 2025-12-17T17:49:19.145Z dynamicmindshare.net corporis 424 ID832 - We need to input the primary AI circuit!
<49>3 2025-12-17T17:49:19.145Z principalapplications.net aut 2114 ID767 - Generating the alarm won't do anything, we need to hack the multi-byte SMS bandwidth!
<13>Dec 17 17:51:39 gateway authd[1000]: user=saurabh password=b375xmjy3aJg85 status=rejected
<13>Dec 17 17:51:44 gateway authd[1000]: user=sam_k password=ZM7ZfIyo75CGzy status=rejected
<128>2 2025-12-17T17:49:19.145Z customerreinvent.org cum 3146 ID441 - Try to parse the SSL card, maybe it will hack the back-end bandwidth!
<150>2 2025-12-17T17:49:19.145Z internalaggregate.info itaque 487 ID360 - The THX matrix is down, reboot the 1080p firewall so we can quantify the HTTP circuit!
<102>3 2025-12-17T17:49:19.145Z regionalleverage.info enim 4728 ID412 - Try to synthesize the COM port, maybe it will navigate the wireless alarm!
<15>1 2025-12-17T17:49:19.145Z corporateniches.net quaerat 7284 ID635 - The JSON program is down, back up the digital bandwidth so we can navigate the XML array!
<13>Dec 17 17:51:47 gateway authd[1000]: user=sajoo password=vUR4ndLRHsr status=rejected
<13>Dec 17 17:51:52 gateway authd[1000]: user=fariha_mohammad password=N2rG6FpyFtgN status=rejected
<45>1 2025-12-17T17:49:19.145Z nationalsynergistic.name delectus 5269 ID449 - The ADP bandwidth is down, navigate the virtual protocol so we can bypass the SSL capacitor!
<13>Dec 17 17:51:53 gateway authd[1000]: user=raheel password=HtbKggANPT status=rejected
<187>2 2025-12-17T17:49:19.145Z internationalconvergence.biz illum 1312 ID906 - We need to bypass the digital COM sensor!
<49>3 2025-12-17T17:49:19.145Z investorcollaborative.name facere 3020 ID171 - Use the multi-byte SCSI transmitter, then you can connect the optical circuit!
<135>2 2025-12-17T17:49:19.145Z investorinnovative.org eum 721 ID408 - Try to generate the SCSI system, maybe it will navigate the digital monitor!
<145>1 2025-12-17T17:49:19.145Z nationalweb-enabled.name consequatur 99 ID426 - We need to back up the bluetooth SMS interface!
<43>2 2025-12-17T17:49:19.145Z internalbleeding-edge.org sint 9323 ID904 - I'Ll synthesize the redundant ADP capacitor, that should bandwidth the AI hard drive!
<27>2 2025-12-17T17:49:19.145Z globalharness.info nostrum 9682 ID721 - Use the online FTP card, then you can program the back-end protocol!
<166>3 2025-12-17T17:49:19.145Z directseamless.biz ut 9879 ID104 - Try to copy the GB pixel, maybe it will connect the back-end hard drive!
<166>1 2025-12-17T17:49:19.145Z leadvisualize.org eos 2734 ID702 - I'Ll transmit the cross-platform SMTP circuit, that should transmitter the EXE hard drive!
<13>Dec 17 17:51:58 gateway authd[1000]: user=naveed_patel password=E9BpyeWSqtBKW status=rejected
<150>1 2025-12-17T17:49:19.145Z forwardweb-enabled.org amet 4147 ID84 - I'Ll hack the bluetooth EXE hard drive, that should matrix the SDD circuit!
<90>1 2025-12-17T17:49:19.145Z futurevirtual.org quas 2411 ID721 - I'Ll program the haptic SDD microchip, that should panel the SMTP application!
<61>3 2025-12-17T17:49:19.145Z districtclicks-and-mortar.net quod 6506 ID698 - You can't back up the firewall without backing up the 1080p FTP pixel!
<13>Dec 17 17:52:02 gateway authd[1000]: user=arshad_somani password=UnZkv3t2i status=rejected
<132>3 2025-12-17T17:49:19.145Z internalmorph.name possimus 6687 ID255 - Copying the card won't do anything, we need to calculate the online JSON monitor!
<20>3 2025-12-17T17:49:19.145Z investorproductize.com vel 7463 ID604 - You can't calculate the application without calculating the virtual AGP firewall!
<60>2 2025-12-17T17:49:19.145Z customersolutions.name sit 1460 ID539 - You can't generate the protocol without navigating the back-end XML matrix!
<182>1 2025-12-17T17:49:19.145Z investorseize.com provident 7631 ID709 - I'Ll input the primary SAS panel, that should bandwidth the SAS card!
<13>Dec 17 17:52:04 gateway authd[1000]: user=farid_merchant password=89DjNcYf status=rejected
<58>2 2025-12-17T17:49:19.145Z dynamice-tailers.name vero 6455 ID184 - Use the cross-platform ADP driver, then you can navigate the mobile bus!
<92>3 2025-12-17T17:49:19.145Z directinfrastructures.net et 6700 ID364 - If we generate the driver, we can get to the USB circuit through the back-end XSS microchip!
<10>1 2025-12-17T17:49:19.145Z productproductize.info velit 7992 ID16 - We need to program the redundant CSS firewall!
<188>1 2025-12-17T17:49:19.145Z corporateimpactful.com est 9973 ID802 - Use the wireless THX port, then you can index the cross-platform bus!
<173>2 2025-12-17T17:49:19.145Z futurebleeding-edge.net eius 5782 ID908 - Try to program the JBOD hard drive, maybe it will generate the auxiliary hard drive!
<61>1 2025-12-17T17:49:19.145Z districtcompelling.io nobis 1501 ID903 - Transmitting the feed won't do anything, we need to override the mobile PCI bus!
<132>3 2025-12-17T17:49:19.145Z productstrategize.net autem 8567 ID494 - If we copy the system, we can get to the FTP system through the online PNG transmitter!
<130>1 2025-12-17T17:49:19.145Z nationalutilize.net commodi 3628 ID325 - Use the wireless HTTP application, then you can index the neural system!
<25>1 2025-12-17T17:49:19.145Z productaggregate.name voluptatem 6485 ID18 - Try to bypass the IB panel, maybe it will bypass the cross-platform firewall!
<13>Dec 17 17:52:05 gateway authd[1000]: user=raheel password=JbwhXg1dNV5xPf status=rejected
<13>Dec 17 17:52:07 gateway authd[1000]: user=fayyaz_makhani password=HP1f8G3p70pV status=rejected
<13>Dec 17 17:52:10 gateway authd[1000]: user=rozi password=i9jbOrBsifsu status=rejected
<102>3 2025-12-17T17:49:19.145Z leadwhiteboard.com totam 9259 ID280 - The EXE feed is down, quantify the primary port so we can quantify the AI feed!
<104>2 2025-12-17T17:49:19.145Z investorbest-of-breed.com non 5974 ID445 - You can't back up the feed without generating the back-end SMS interface!
<13>Dec 17 17:52:15 gateway authd[1000]: user=ahil_hashim password=8HuCI40xCVt status=rejected
<141>3 2025-12-17T17:49:19.145Z internalapplications.org deleniti 2172 ID393 - Try to compress the IB monitor, maybe it will program the open-source system!
<13>Dec 17 17:52:16 gateway authd[1000]: user=michelle_hirani_khoja password=7k6Ul4BmgBuiBO status=rejected
<173>3 2025-12-17T17:49:19.145Z dynamicproductize.io nostrum 2153 ID517 - The THX alarm is down, parse the digital array so we can program the JBOD interface!
<113>1 2025-12-17T17:49:19.145Z dynamicopen-source.io esse 3151 ID962 - Use the open-source JBOD panel, then you can compress the neural driver!
<13>Dec 17 17:52:19 gateway authd[1000]: user=zain_mitha password=azkK1F5l4mn status=rejected
<124>2 2025-12-17T17:49:19.145Z nationalmaximize.io odit 1774 ID506 - Use the haptic XML feed, then you can program the bluetooth capacitor!
<90>3 2025-12-17T17:49:19.145Z internalexploit.org voluptate 2385 ID406 - Try to program the HTTP firewall, maybe it will navigate the optical program!
<104>2 2025-12-17T17:49:19.145Z regionalvisualize.io explicabo 8341 ID805 - You can't quantify the circuit without compressing the open-source RSS alarm!
<13>Dec 17 17:52:22 gateway authd[1000]: user=fariha_mohammad password=7e0nOr9G9GdXk status=rejected
<173>2 2025-12-17T17:49:19.145Z chiefrecontextualize.biz minus 5618 ID75 - You can't hack the alarm without backing up the 1080p SMTP monitor!
<107>2 2025-12-17T17:49:19.145Z regionalreal-time.net repellendus 8737 ID3 - The EXE capacitor is down, connect the virtual pixel so we can program the TCP bus!
<13>Dec 17 17:52:23 gateway authd[1000]: user=zanir password=ySm6FlJtx5YC0 status=rejected
<122>1 2025-12-17T17:49:19.145Z seniorfront-end.name eos 9183 ID521 - The USB panel is down, copy the open-source firewall so we can quantify the JSON transmitter!
<13>Dec 17 17:52:25 gateway authd[1000]: user=jamil_jaffer password=SgHwnE0Ez status=rejected
<150>2 2025-12-17T17:49:19.145Z chief24/365.org quibusdam 6871 ID586 - Use the back-end XSS feed, then you can input the virtual array!
<1>1 2025-12-17T17:49:19.145Z globalmindshare.biz aspernatur 5889 ID584 - We need to reboot the 1080p JSON capacitor!
<37>1 2025-12-17T17:49:19.145Z corporateleading-edge.info libero 520 ID436 - If we quantify the program, we can get to the AGP application through the redundant RAM monitor!
<102>2 2025-12-17T17:49:19.145Z nationalvortals.biz vel 9523 ID921 - The IB port is down, hack the digital sensor so we can program the AGP interface!
<13>Dec 17 17:52:29 gateway authd[1000]: user=sajoo password=rh9UIauqB8 status=rejected
<13>Dec 17 17:52:32 gateway authd[1000]: user=naseem_huda_buckley password=GawiFjqMJJT2h status=rejected
<106>3 2025-12-17T17:49:19.145Z futurerelationships.net rerum 8965 ID8 - Use the mobile JSON alarm, then you can calculate the neural pixel!
<172>2 2025-12-17T17:49:19.145Z futurereintermediate.net animi 6844 ID426 - The HTTP monitor is down, transmit the mobile transmitter so we can transmit the XSS hard drive!
<13>Dec 17 17:52:33 gateway authd[1000]: user=shehzad_merchant password=xAhWbnozau status=rejected
<37>1 2025-12-17T17:49:19.145Z futuree-business.io saepe 7168 ID525 - Try to reboot the SSL bus, maybe it will generate the back-end matrix!
<77>3 2025-12-17T17:49:19.145Z corporatefrictionless.info et 4991 ID284 - Try to reboot the JSON array, maybe it will reboot the open-source system!
<71>3 2025-12-17T17:49:19.145Z centralfrictionless.name non 76 ID45 - Overriding the bandwidth won't do anything, we need to reboot the auxiliary JBOD pixel!
<96>1 2025-12-17T17:49:19.145Z internationalmatrix.biz eum 9563 ID28 - The ADP circuit is down, calculate the 1080p array so we can generate the SDD microchip!
<163>2 2025-12-17T17:49:19.145Z investorinterfaces.com omnis 2439 ID33 - The JSON sensor is down, navigate the wireless application so we can reboot the SMS alarm!
<177>1 2025-12-17T17:49:19.145Z legacyopen-source.net quam 7892 ID52 - We need to transmit the virtual RAM matrix!
<13>Dec 17 17:52:36 gateway authd[1000]: user=fayyaz_makhani password=DICyjt8MtCO3i status=rejected
<13>Dec 17 17:52:41 gateway authd[1000]: user=naseem_huda_buckley password=CBWnRNkLbrn status=rejected
<78>3 2025-12-17T17:49:19.145Z futurerecontextualize.info similique 5853 ID677 - You can't calculate the alarm without transmitting the haptic EXE application!
<13>Dec 17 17:52:46 gateway authd[1000]: user=aly_ali password=9nii2DdynfQk status=rejected
<13>Dec 17 17:52:49 gateway authd[1000]: user=mahek_ramzan password=BxJmUUSnfnK status=rejected
<13>Dec 17 17:52:52 gateway authd[1000]: user=alnoor_ladak password=LAOX9tfT5z6R status=rejected
<13>Dec 17 17:52:54 gateway authd[1000]: user=sam_k password=sgMwIbWI status=rejected
<122>2 2025-12-17T17:49:19.145Z legacyworld-class.info inventore 568 ID636 - I'Ll override the mobile AI array, that should monitor the AGP transmitter!
<68>3 2025-12-17T17:49:19.145Z internalextend.net ut 2925 ID493 - Try to copy the FTP driver, maybe it will parse the primary sensor!
<102>2 2025-12-17T17:49:19.145Z customersolutions.com ratione 13 ID439 - Connecting the array won't do anything, we need to parse the solid state SCSI matrix!
<13>Dec 17 17:52:59 gateway authd[1000]: user=amyn_sarif password=SNzQBaspQG status=rejected
<177>2 2025-12-17T17:49:19.145Z humanextend.org mollitia 289 ID976 - Try to calculate the XSS feed, maybe it will generate the virtual pixel!
<13>Dec 17 17:53:00 gateway authd[1000]: user=shehzad_merchant password=ggndT46p status=rejected
<28>2 2025-12-17T17:49:19.145Z directe-markets.biz nisi 2509 ID786 - You can't override the pixel without backing up the primary AGP microchip!
<97>2 2025-12-17T17:49:19.145Z customeruser-centric.name id 7427 ID581 - We need to connect the back-end SMTP bandwidth!
<90>3 2025-12-17T17:49:19.145Z productredefine.com est 5076 ID277 - Backing up the microchip won't do anything, we need to quantify the haptic SSL bus!
<13>Dec 17 17:53:01 gateway authd[1000]: user=rozi password=FZJmhJZVfyev status=rejected
<128>3 2025-12-17T17:49:19.145Z dynamicenterprise.com mollitia 4466 ID30 - Indexing the array won't do anything, we need to input the bluetooth SMTP interface!
<13>Dec 17 17:53:03 gateway authd[1000]: user=raheel password=KOLzoJdNR status=rejected
<65>3 2025-12-17T17:49:19.145Z investorrelationships.biz accusamus 4314 ID577 - You can't navigate the driver without navigating the haptic AI microchip!
<77>1 2025-12-17T17:49:19.145Z internationalturn-key.info dolor 7561 ID99 - We need to synthesize the redundant PNG capacitor!
<123>3 2025-12-17T17:49:19.145Z investorcustomized.io ipsa 1585 ID266 - You can't compress the monitor without hacking the multi-byte THX sensor!
<105>2 2025-12-17T17:49:19.145Z chiefbricks-and-clicks.biz deleniti 8103 ID958 - Use the 1080p XML system, then you can hack the optical microchip!
<15>3 2025-12-17T17:49:19.145Z humanb2b.biz ut 1053 ID666 - Try to calculate the SSL alarm, maybe it will synthesize the virtual driver!
<41>3 2025-12-17T17:49:19.145Z directexpedite.org natus 2635 ID562 - If we override the card, we can get to the CSS array through the digital PNG feed!
<188>1 2025-12-17T17:49:19.145Z principalmonetize.biz iure 2333 ID261 - Try to copy the SSL capacitor, maybe it will input the virtual capacitor!
<182>1 2025-12-17T17:49:19.145Z corporatemodels.io delectus 7626 ID742 - You can't input the sensor without transmitting the open-source PNG card!
<13>Dec 17 17:53:04 gateway authd[1000]: user=sam_k password=qxlOtdDeA1j status=rejected
<174>1 2025-12-17T17:49:19.145Z legacyholistic.name et 9193 ID205 - You can't program the microchip without programming the multi-byte SSL bandwidth!
<9>1 2025-12-17T17:49:19.145Z investorproductize.com amet 1673 ID542 - Backing up the pixel won't do anything, we need to hack the open-source TCP bandwidth!
<13>Dec 17 17:53:09 gateway authd[1000]: user=ahil_hashim password=EBvNXIS1A7 status=rejected
<154>1 2025-12-17T17:49:19.145Z districtholistic.net natus 6299 ID605 - The SQL feed is down, parse the cross-platform program so we can back up the COM bus!
<23>2 2025-12-17T17:49:19.145Z humannext-generation.com voluptatum 8284 ID429 - Navigating the program won't do anything, we need to transmit the wireless JSON circuit!
<135>3 2025-12-17T17:49:19.145Z customerharness.org odit 405 ID851 - Hacking the monitor won't do anything, we need to synthesize the virtual TCP application!
<169>1 2025-12-17T17:49:19.145Z dynamicinteractive.name dolores 1754 ID328 - The SQL pixel is down, program the bluetooth panel so we can override the COM hard drive!
<13>Dec 17 17:53:12 gateway authd[1000]: user=fayyaz_makhani password=QjA9buJ6JvB status=rejected
<172>2 2025-12-17T17:49:19.145Z seniorsynthesize.org aut 1186 ID533 - Hacking the feed won't do anything, we need to compress the virtual SMTP array!
<13>Dec 17 17:53:14 gateway authd[1000]: user=iliyan_momin password=K4lQubtspW status=rejected
<178>1 2025-12-17T17:49:19.145Z dynamicenvisioneer.name earum 762 ID432 - Use the open-source SCSI matrix, then you can navigate the online port!
<174>2 2025-12-17T17:49:19.145Z globaldistributed.org adipisci 6443 ID878 - Use the open-source GB transmitter, then you can parse the optical transmitter!
<81>1 2025-12-17T17:49:19.145Z seniorintuitive.org amet 3281 ID353 - The SSL sensor is down, index the cross-platform interface so we can calculate the RSS microchip!
<13>Dec 17 17:53:15 gateway authd[1000]: user=akber_hussain password=H6mGf235 status=rejected
<118>3 2025-12-17T17:49:19.145Z productmatrix.io omnis 5224 ID604 - The AI pixel is down, compress the virtual microchip so we can calculate the TCP card!
<75>3 2025-12-17T17:49:19.145Z corporateenable.biz sunt 3730 ID446 - Try to transmit the SMS system, maybe it will calculate the cross-platform microchip!
<13>Dec 17 17:53:16 gateway authd[1000]: user=zanir password=Tul60MjIM0jYeY status=rejected
<170>1 2025-12-17T17:49:19.145Z customertransparent.info qui 2622 ID814 - Try to quantify the AGP pixel, maybe it will hack the neural application!
<13>Dec 17 17:53:17 gateway authd[1000]: user=zanir password=LD7nKDYFMCMP status=rejected
<189>2 2025-12-17T17:49:19.145Z principalstrategic.org velit 545 ID167 - We need to navigate the wireless CSS feed!
<72>1 2025-12-17T17:49:19.145Z investorstrategic.io quis 3550 ID159 - Try to index the SAS bus, maybe it will generate the auxiliary interface!
<187>2 2025-12-17T17:49:19.145Z districtrecontextualize.info adipisci 408 ID125 - If we program the sensor, we can get to the GB alarm through the optical HTTP card!
<104>3 2025-12-17T17:49:19.145Z internale-commerce.info commodi 2500 ID147 - Copying the interface won't do anything, we need to generate the digital CSS bus!
<84>3 2025-12-17T17:49:19.145Z directoptimize.org itaque 8868 ID219 - The SQL system is down, bypass the online card so we can bypass the HDD alarm!
<157>3 2025-12-17T17:49:19.145Z nationalbest-of-breed.org voluptatum 6969 ID493 - The EXE array is down, reboot the redundant bus so we can program the PCI transmitter!
<13>Dec 17 17:53:18 gateway authd[1000]: user=akber_hussain password=ylEanWxcvhVQK status=rejected
<188>2 2025-12-17T17:49:19.145Z futuretransform.name quam 597 ID773 - The THX system is down, back up the neural pixel so we can reboot the AGP card!
<43>2 2025-12-17T17:49:19.145Z dynamicincentivize.name doloremque 5163 ID177 - If we transmit the bus, we can get to the THX protocol through the auxiliary SDD circuit!
<30>1 2025-12-17T17:49:19.145Z centralorchestrate.info aut 7398 ID35 - I'Ll navigate the online IB circuit, that should hard drive the COM firewall!
<181>3 2025-12-17T17:49:19.145Z internalrevolutionize.info ea 9397 ID411 - If we synthesize the interface, we can get to the HDD capacitor through the auxiliary SQL panel!
<100>1 2025-12-17T17:49:19.145Z chiefe-business.name reprehenderit 4706 ID715 - If we copy the alarm, we can get to the AI interface through the primary PNG pixel!
<64>3 2025-12-17T17:49:19.145Z productdeploy.name sint 1163 ID731 - If we reboot the array, we can get to the CSS card through the auxiliary USB program!
<137>3 2025-12-17T17:49:19.145Z investormarkets.name et 5802 ID331 - You can't input the panel without hacking the virtual SAS bus!
<18>1 2025-12-17T17:49:19.145Z internationalsolutions.org eligendi 9561 ID551 - Transmitting the firewall won't do anything, we need to compress the wireless AI sensor!
<80>1 2025-12-17T17:49:19.145Z nationalenhance.com corporis 2317 ID788 - The AGP feed is down, hack the mobile array so we can navigate the SCSI port!
<103>1 2025-12-17T17:49:19.145Z investordeploy.org nisi 3068 ID77 - Try to bypass the IB protocol, maybe it will parse the auxiliary firewall!
<13>Dec 17 17:53:20 gateway authd[1000]: user=zain_mitha password=MDcSDXyjdJx status=rejected
<9>1 2025-12-17T17:49:19.145Z customercollaborative.biz explicabo 2220 ID665 - The AI card is down, hack the back-end application so we can back up the SMS application!
<34>2 2025-12-17T17:49:19.145Z legacyout-of-the-box.net non 8288 ID285 - If we quantify the alarm, we can get to the SSL sensor through the optical HTTP system!
<1>1 2025-12-17T17:49:19.145Z globalengage.com dolor 9087 ID479 - Try to back up the AGP system, maybe it will synthesize the haptic alarm!
<13>Dec 17 17:53:22 gateway authd[1000]: user=iliyan_momin password=SmYgxjj0TGl status=rejected
<13>Dec 17 17:53:27 gateway authd[1000]: user=aly_ali password=hmjWQCPgOIci62 status=rejected
<7>1 2025-12-17T17:49:19.145Z centralkiller.net aut 3761 ID507 - The JSON alarm is down, bypass the auxiliary system so we can back up the HTTP panel!
<1>2 2025-12-17T17:49:19.145Z futureintegrate.biz sint 4877 ID469 - You can't navigate the hard drive without hacking the back-end AI bus!
<20>2 2025-12-17T17:49:19.145Z futurecontent.org molestiae 4689 ID589 - You can't override the card without calculating the back-end GB card!
