<163>Dec 17 17:49:18 kris5222 cumque[3361]: Try to back up the EXE port, maybe it will hack the redundant sensor!
<132>Dec 17 17:49:18 daugherty1321 possimus[4050]: Try to program the ADP application, maybe it will generate the optical monitor!
<163>Dec 17 17:49:23 kris5222 cumque[3361]: user=shezan password=PzPWBKQgQ status=rejected
<105>Dec 17 17:49:18 hermiston8256 magnam[2045]: The HDD bus is down, transmit the cross-platform array so we can hack the COM bandwidth!
<152>Dec 17 17:49:18 feest6364 sunt[354]: Try to connect the RAM array, maybe it will hack the multi-byte protocol!
<64>Dec 17 17:49:18 beer5345 harum[7130]: You can't override the matrix without calculating the digital TCP card!
<173>Dec 17 17:49:18 altenwerth8234 doloremque[923]: Backing up the alarm won't do anything, we need to transmit the virtual COM transmitter!
<187>Dec 17 17:49:18 quitzon5082 quia[3645]: I'Ll hack the cross-platform RAM circuit, that should card the SQL microchip!
<163>Dec 17 17:49:21 kris5222 cumque[3361]: user=hussein_din password=FiP02ZQtdUJC status=rejected
<128>Dec 17 17:49:18 abshire5180 unde[5032]: Try to reboot the SQL capacitor, maybe it will synthesize the multi-byte array!
<163>Dec 17 17:49:20 kris5222 cumque[3361]: user=murad password=00HtOjvkpLi status=rejected
<57>Dec 17 17:49:18 will6120 ut[1]: Backing up the sensor won't do anything, we need to reboot the virtual RSS bus!
<185>Dec 17 17:49:18 heller7840 voluptatem[1311]: We need to bypass the mobile SMS bus!
<49>Dec 17 17:49:18 stiedemann2753 nesciunt[8701]: Try to calculate the RAM sensor, maybe it will quantify the mobile feed!
<70>Dec 17 17:49:18 borer8677 nihil[2126]: We need to reboot the back-end JSON monitor!
<82>Dec 17 17:49:18 grimes6758 a[1317]: Compressing the system won't do anything, we need to quantify the haptic HTTP monitor!
<164>Dec 17 17:49:18 treutel1168 ex[8277]: Try to quantify the PCI transmitter, maybe it will quantify the bluetooth protocol!
<70>Dec 17 17:49:18 streich1010 iste[6180]: We need to copy the optical SMS panel!
<97>Dec 17 17:49:18 glover6402 sunt[1013]: Use the wireless SMS driver, then you can transmit the back-end transmitter!
<32>Dec 17 17:49:18 weber4708 amet[3084]: If we reboot the card, we can get to the SMS bandwidth through the open-source RSS microchip!
<49>Dec 17 17:49:18 wyman1356 ea[9636]: I'Ll connect the redundant RSS microchip, that should microchip the CSS program!
<57>Dec 17 17:49:18 kling7402 asperiores[2041]: Hacking the bus won't do anything, we need to reboot the digital SQL sensor!
<110>Dec 17 17:49:18 ortiz4283 ut[473]: Try to connect the HDD sensor, maybe it will input the optical feed!
<163>Dec 17 17:49:19 kris5222 cumque[3361]: user=fariha_mohammad password=Q8XAVkSaB status=rejected
<178>Dec 17 17:49:18 denesik1833 illum[1523]: The JBOD matrix is down, override the open-source protocol so we can calculate the HDD sensor!
<163>Dec 17 17:49:21 kris5222 cumque[3361]: user=arwa password=maZqN9KCryup status=rejected
<163>Dec 17 17:49:23 kris5222 cumque[3361]: user=shezan password=k6k0IzbU6VPD status=rejected
<131>Dec 17 17:49:18 wunsch7677 sint[3698]: I'Ll back up the bluetooth SQL port, that should sensor the RAM firewall!
<35>Dec 17 17:49:18 kovacek2632 et[4222]: If we index the transmitter, we can get to the SMTP monitor through the mobile SAS feed!
<31>Dec 17 17:49:18 gorczany6262 in[1064]: Use the auxiliary XML bus, then you can input the haptic monitor!
<163>Dec 17 17:49:20 kris5222 cumque[3361]: user=amyn password=vfRTgwtfdJN status=rejected
<127>Dec 17 17:49:18 veum6832 voluptatibus[7978]: We need to input the auxiliary EXE program!
<66>Dec 17 17:49:18 haley8616 qui[8246]: The AGP capacitor is down, transmit the primary application so we can reboot the PCI pixel!
<163>Dec 17 17:49:22 kris5222 cumque[3361]: user=hadi_ibrahimi password=6YdvpnOH4KgCpT status=rejected
<163>Dec 17 17:49:26 kris5222 cumque[3361]: user=naseem_huda_buckley password=7v1VkNkOtD3huC status=rejected
<56>Dec 17 17:49:18 kassulke7278 et[552]: We need to synthesize the primary JSON driver!
<174>Dec 17 17:49:18 mayert8364 consequuntur[9955]: Try to transmit the AI system, maybe it will generate the primary alarm!
<112>Dec 17 17:49:18 harris3053 possimus[1108]: I'Ll index the primary PCI protocol, that should port the JSON array!
<50>Dec 17 17:49:18 kuphal5046 temporibus[597]: If we program the program, we can get to the SSL alarm through the solid state SDD driver!
<188>Dec 17 17:49:18 tillman3147 corrupti[8158]: Use the neural JSON capacitor, then you can calculate the online pixel!
<5>Dec 17 17:49:18 feeney3054 repudiandae[164]: Calculating the alarm won't do anything, we need to reboot the haptic SQL system!
<13>Dec 17 17:49:18 nitzsche3061 et[5115]: I'Ll hack the wireless IB capacitor, that should driver the PCI feed!
<9>Dec 17 17:49:18 towne3613 nisi[5130]: The SMS alarm is down, navigate the solid state alarm so we can index the PCI pixel!
<95>Dec 17 17:49:18 gusikowski3436 aperiam[4294]: Try to reboot the AGP program, maybe it will navigate the open-source card!
<187>Dec 17 17:49:18 denesik3471 repudiandae[5301]: The COM protocol is down, parse the wireless transmitter so we can calculate the JSON capacitor!
<163>Dec 17 17:49:21 kris5222 cumque[3361]: user=jamil_jaffer password=YMV0ISDD1ve status=rejected
<128>Dec 17 17:49:18 littel7230 sunt[9912]: We need to navigate the bluetooth EXE application!
<102>Dec 17 17:49:18 tremblay1711 fugit[2722]: We need to override the mobile SCSI array!
<133>Dec 17 17:49:18 klein7516 a[5993]: I'Ll copy the auxiliary PCI bandwidth, that should sensor the EXE firewall!
<163>Dec 17 17:49:18 metz2607 distinctio[6301]: We need to navigate the 1080p USB circuit!
<145>Dec 17 17:49:18 emard3710 accusamus[8401]: Quantifying the card won't do anything, we need to program the open-source SAS driver!
<135>Dec 17 17:49:18 conn5531 aspernatur[4282]: We need to bypass the neural HTTP hard drive!
<190>Dec 17 17:49:18 schoen1503 perferendis[3659]: You can't index the monitor without hacking the mobile SSL protocol!
<123>Dec 17 17:49:18 cruickshank5801 modi[3700]: The JBOD pixel is down, index the multi-byte firewall so we can compress the SQL system!
<144>Dec 17 17:49:18 runte7036 asperiores[8002]: The XML circuit is down, quantify the online feed so we can hack the COM transmitter!
<84>Dec 17 17:49:18 roberts8811 inventore[5886]: If we program the pixel, we can get to the SAS card through the primary TCP firewall!
<84>Dec 17 17:49:18 senger5531 voluptas[9967]: Try to program the USB circuit, maybe it will connect the digital alarm!
<163>Dec 17 17:49:22 kris5222 cumque[3361]: user=armaan_chakkiwala password=PweBsrXVdm9SQe status=rejected
<0>Dec 17 17:49:18 cruickshank5756 deleniti[8238]: I'Ll hack the primary SAS driver, that should array the FTP system!
<146>Dec 17 17:49:18 frami2503 quo[1445]: Use the cross-platform RAM system, then you can synthesize the neural pixel!
<93>Dec 17 17:49:18 aufderhar5043 non[6550]: The HDD hard drive is down, compress the neural alarm so we can quantify the THX application!
<184>Dec 17 17:49:18 mosciski2353 ab[1496]: Use the auxiliary HDD bandwidth, then you can hack the mobile monitor!
<49>Dec 17 17:49:18 haley8340 suscipit[9785]: I'Ll override the cross-platform SDD pixel, that should alarm the SMS feed!
<46>Dec 17 17:49:18 breitenberg2067 et[9117]: I'Ll reboot the haptic EXE monitor, that should port the JSON transmitter!
<188>Dec 17 17:49:18 kub3456 et[3739]: I'Ll reboot the redundant SQL protocol, that should program the JSON feed!
<163>Dec 17 17:49:21 kris5222 cumque[3361]: user=iliyan_momin password=yl7V10cZy8C status=rejected
<122>Dec 17 17:49:18 collins6628 delectus[5721]: You can't override the application without programming the back-end JSON microchip!
<48>Dec 17 17:49:18 bernhard3456 ut[7210]: If we calculate the monitor, we can get to the SSL card through the mobile SQL monitor!
<163>Dec 17 17:49:22 kris5222 cumque[3361]: user=amyn password=QbU9uSqY9Qt status=rejected
<160>Dec 17 17:49:18 keebler5786 et[6807]: Use the wireless JSON microchip, then you can hack the back-end program!
<163>Dec 17 17:49:20 kris5222 cumque[3361]: user=salim_gheewalla password=dVxHKtYLn status=rejected
<44>Dec 17 17:49:18 west5233 et[3221]: If we copy the application, we can get to the THX feed through the optical USB array!
<55>Dec 17 17:49:18 champlin8026 ex[9383]: If we reboot the driver, we can get to the IB transmitter through the multi-byte HTTP protocol!
<66>Dec 17 17:49:18 green4875 ipsa[8118]: If we hack the capacitor, we can get to the THX system through the primary PNG transmitter!
<163>Dec 17 17:49:20 kris5222 cumque[3361]: user=fayyaz_makhani password=8fBPk0UGuRJjq status=rejected
<135>Dec 17 17:49:18 emard4217 aut[8151]: You can't navigate the card without calculating the multi-byte SCSI capacitor!
<140>Dec 17 17:49:18 wiza6654 odit[1723]: Calculating the circuit won't do anything, we need to synthesize the optical THX panel!
<20>Dec 17 17:49:18 gleichner7000 repellat[401]: You can't index the capacitor without indexing the online AGP bus!
<3>Dec 17 17:49:18 tromp2818 consequatur[3281]: We need to override the cross-platform SQL panel!
<163>Dec 17 17:49:21 kris5222 cumque[3361]: user=hussein_din password=1Xs3YfQPvrdf status=rejected
<165>Dec 17 17:49:18 simonis3811 sed[9506]: If we hack the driver, we can get to the EXE circuit through the optical RSS system!
<60>Dec 17 17:49:18 greenholt1456 natus[4406]: We need to hack the mobile JBOD hard drive!
<6>Dec 17 17:49:18 dibbert5131 dolores[1980]: If we quantify the microchip, we can get to the GB alarm through the cross-platform SSL firewall!
<95>Dec 17 17:49:18 bednar7038 ut[41]: We need to bypass the virtual PCI program!
<89>Dec 17 17:49:18 green7147 voluptatem[4981]: Use the open-source GB pixel, then you can bypass the solid state program!
<177>Dec 17 17:49:18 yost2318 ullam[8121]: You can't bypass the program without navigating the virtual SMTP bandwidth!
<163>Dec 17 17:49:21 kris5222 cumque[3361]: user=armaan_chakkiwala password=rs3fDXvx status=rejected
<2>Dec 17 17:49:18 kohler4015 consequatur[2638]: Connecting the bus won't do anything, we need to compress the optical XML card!
<163>Dec 17 17:49:19 kris5222 cumque[3361]: user=armaan_chakkiwala password=tNzYw7IXmBji status=rejected
<139>Dec 17 17:49:18 mertz3552 omnis[5764]: If we back up the bandwidth, we can get to the COM array through the virtual SDD card!
<68>Dec 17 17:49:18 bahringer5480 dicta[1428]: Use the solid state SQL bandwidth, then you can calculate the optical protocol!
<154>Dec 17 17:49:18 beatty4428 numquam[4859]: I'Ll generate the 1080p AGP monitor, that should system the SMTP microchip!
<189>Dec 17 17:49:18 romaguera1310 saepe[4460]: We need to generate the bluetooth PNG panel!
<53>Dec 17 17:49:18 bogan3577 magni[2710]: I'Ll generate the mobile ADP feed, that should monitor the EXE program!
<140>Dec 17 17:49:18 connelly1858 corrupti[4093]: I'Ll synthesize the wireless HTTP hard drive, that should matrix the AI array!
<172>Dec 17 17:49:18 douglas3215 cumque[289]: If we calculate the bandwidth, we can get to the JBOD driver through the neural GB system!
<26>Dec 17 17:49:18 lowe6125 qui[7446]: Try to navigate the PCI program, maybe it will index the solid state bus!
<163>Dec 17 17:49:20 kris5222 cumque[3361]: user=ali_dharani password=F2zb6fzakZ status=rejected
<155>Dec 17 17:49:18 feeney8757 non[845]: Navigating the card won't do anything, we need to back up the mobile PCI transmitter!
<16>Dec 17 17:49:18 bruen6201 voluptatum[4338]: Transmitting the firewall won't do anything, we need to transmit the solid state AGP card!
<12>Dec 17 17:49:18 jaskolski5533 et[5993]: Use the digital HTTP panel, then you can override the bluetooth port!
<170>Dec 17 17:49:18 wolff7742 recusandae[9998]: If we parse the monitor, we can get to the SMS hard drive through the back-end IB circuit!
<148>Dec 17 17:49:18 dibbert3646 suscipit[2408]: Try to reboot the AGP transmitter, maybe it will calculate the solid state hard drive!
<44>Dec 17 17:49:18 bruen5545 excepturi[3824]: Use the redundant FTP system, then you can program the back-end alarm!
<44>Dec 17 17:49:18 mante1653 ut[5796]: Use the optical RAM card, then you can hack the optical transmitter!
<48>Dec 17 17:49:18 beer6872 voluptas[757]: I'Ll calculate the wireless AI card, that should port the USB system!
<129>Dec 17 17:49:18 mann8300 id[3272]: The SDD array is down, override the open-source panel so we can parse the RSS array!
<55>Dec 17 17:49:18 kilback7185 consectetur[9690]: You can't synthesize the application without indexing the primary AI panel!
<140>Dec 17 17:49:18 treutel7025 exercitationem[2360]: You can't transmit the port without transmitting the primary SQL capacitor!
<172>Dec 17 17:49:18 swaniawski7444 delectus[6721]: The ADP transmitter is down, transmit the open-source port so we can generate the RSS driver!
<18>Dec 17 17:49:18 swift1830 inventore[5871]: We need to compress the digital CSS port!
<163>Dec 17 17:49:19 kris5222 cumque[3361]: user=zanir password=o1G7HiPmDQZ status=rejected
<163>Dec 17 17:49:23 kris5222 cumque[3361]: user=ali_dharani password=8gsLYYCHFDR status=rejected
<97>Dec 17 17:49:18 cassin4285 laudantium[1442]: If we override the application, we can get to the USB application through the wireless USB feed!
<52>Dec 17 17:49:18 renner8327 odio[6760]: If we hack the alarm, we can get to the SDD firewall through the open-source COM monitor!
<87>Dec 17 17:49:18 kling1451 ut[4151]: Try to generate the AGP firewall, maybe it will generate the cross-platform pixel!
<191>Dec 17 17:49:18 balistreri7605 magnam[2098]: You can't hack the sensor without connecting the optical SMS feed!
<61>Dec 17 17:49:18 hagenes4002 necessitatibus[3130]: You can't compress the capacitor without bypassing the bluetooth EXE pixel!
<109>Dec 17 17:49:18 krajcik3226 iste[6334]: Try to compress the RAM array, maybe it will compress the primary microchip!
<163>Dec 17 17:49:20 kris5222 cumque[3361]: user=murad password=AI0dsg3v status=rejected
<53>Dec 17 17:49:18 hane3275 sapiente[1567]: We need to quantify the open-source THX microchip!
<105>Dec 17 17:49:18 reichert7870 voluptate[6020]: If we bypass the firewall, we can get to the RAM application through the digital FTP feed!
<69>Dec 17 17:49:18 mccullough8645 et[7951]: You can't transmit the transmitter without parsing the redundant HTTP panel!
<13>Dec 17 17:49:18 ziemann7423 omnis[4803]: Try to synthesize the AGP monitor, maybe it will input the open-source circuit!
<18>Dec 17 17:49:18 prosacco1834 maiores[4462]: You can't navigate the transmitter without backing up the virtual SQL transmitter!
<163>Dec 17 17:49:21 kris5222 cumque[3361]: user=moez password=hR1ZbrxDhAp status=rejected
<56>Dec 17 17:49:18 jones6677 sit[5545]: If we quantify the hard drive, we can get to the AGP bandwidth through the online HTTP panel!
<92>Dec 17 17:49:18 baumbach8055 omnis[9508]: I'Ll hack the online CSS panel, that should bus the XSS bandwidth!
<124>Dec 17 17:49:18 lowe2504 perspiciatis[1370]: Use the back-end SMS matrix, then you can back up the neural system!
<57>Dec 17 17:49:18 lueilwitz8616 dolores[6582]: Programming the circuit won't do anything, we need to copy the back-end HDD alarm!
<163>Dec 17 17:49:19 kris5222 cumque[3361]: user=aziz_kapadia password=36KoEksj7 status=rejected
<92>Dec 17 17:49:18 morar3542 ut[5840]: Try to hack the JBOD circuit, maybe it will compress the open-source transmitter!
<162>Dec 17 17:49:18 fadel1725 labore[4006]: If we quantify the driver, we can get to the TCP feed through the mobile AI program!
<163>Dec 17 17:49:21 kris5222 cumque[3361]: user=aly_ali password=Y2mzIvtH status=rejected
<88>Dec 17 17:49:18 marquardt6263 suscipit[9048]: Try to connect the HDD microchip, maybe it will hack the optical bus!
<26>Dec 17 17:49:18 bahringer6528 voluptatibus[8218]: If we back up the system, we can get to the AI matrix through the back-end PNG system!
<187>Dec 17 17:49:18 cassin8473 similique[3671]: If we compress the bandwidth, we can get to the PNG card through the haptic FTP protocol!
<163>Dec 17 17:49:22 kris5222 cumque[3361]: user=fayyaz_makhani password=spLDLVbDw status=rejected
<37>Dec 17 17:49:18 rath1500 nulla[6293]: Use the mobile TCP protocol, then you can program the virtual capacitor!
<100>Dec 17 17:49:18 grimes3576 atque[3356]: We need to input the redundant TCP array!
<135>Dec 17 17:49:18 ondricka5637 sint[7408]: Compressing the sensor won't do anything, we need to connect the back-end EXE protocol!
<9>Dec 17 17:49:18 tromp2610 cum[7669]: You can't generate the capacitor without connecting the optical ADP firewall!
<163>Dec 17 17:49:19 kris5222 cumque[3361]: user=zain_mitha password=xxBruRxz0A status=rejected
<46>Dec 17 17:49:18 sporer8456 doloribus[690]: If we calculate the alarm, we can get to the SAS driver through the multi-byte HDD monitor!
<90>Dec 17 17:49:18 schuppe2824 autem[5757]: Synthesizing the firewall won't do anything, we need to index the virtual SMTP alarm!
<92>Dec 17 17:49:18 homenick5414 quibusdam[7943]: If we override the panel, we can get to the XML bus through the multi-byte CSS system!
<133>Dec 17 17:49:18 daugherty5487 quisquam[6994]: The AGP pixel is down, navigate the open-source firewall so we can quantify the COM system!
<126>Dec 17 17:49:18 green4774 velit[7778]: Use the wireless PNG panel, then you can reboot the virtual monitor!
<79>Dec 17 17:49:18 hackett3036 voluptatum[2400]: The SSL firewall is down, program the bluetooth circuit so we can copy the XSS sensor!
<48>Dec 17 17:49:18 eichmann5384 delectus[9468]: We need to input the back-end IB feed!
<71>Dec 17 17:49:18 kohler2588 ducimus[1294]: Synthesizing the protocol won't do anything, we need to override the neural CSS card!
<169>Dec 17 17:49:18 kshlerin6256 vitae[56]: If we reboot the application, we can get to the JSON circuit through the online EXE firewall!
<163>Dec 17 17:49:23 kris5222 cumque[3361]: user=asad password=tRttyp6aSciC9 status=rejected
<163>Dec 17 17:49:27 kris5222 cumque[3361]: user=sam_k password=2xetQQmDDHXK status=rejected
<163>Dec 17 17:49:28 kris5222 cumque[3361]: user=shar password=Qh0OpI5R status=rejected
<23>Dec 17 17:49:18 pfeffer2581 iure[4379]: If we synthesize the interface, we can get to the SSL system through the 1080p JBOD feed!
<29>Dec 17 17:49:18 adams8782 blanditiis[9517]: If we bypass the feed, we can get to the XML alarm through the wireless COM capacitor!
<163>Dec 17 17:49:22 kris5222 cumque[3361]: user=asad password=wgSgmfYDU0f status=rejected
<143>Dec 17 17:49:18 heaney3502 quod[8911]: You can't navigate the alarm without generating the back-end PCI array!
<13>Dec 17 17:49:18 howe8686 optio[3097]: If we program the driver, we can get to the EXE driver through the wireless PCI system!
<154>Dec 17 17:49:18 stehr1011 quia[3367]: I'Ll copy the haptic TCP driver, that should card the SSL microchip!
<163>Dec 17 17:49:19 kris5222 cumque[3361]: user=asad password=pS1uCLXIOyh status=rejected
<163>Dec 17 17:49:20 kris5222 cumque[3361]: user=farid_merchant password=YZgoxDYsZ status=rejected
<29>Dec 17 17:49:18 gutmann5435 voluptatem[6423]: Use the 1080p AI card, then you can bypass the solid state driver!
<10>Dec 17 17:49:18 baumbach3240 accusantium[6224]: Try to navigate the PCI system, maybe it will calculate the virtual port!
<71>Dec 17 17:49:18 ledner1071 aut[1610]: I'Ll calculate the wireless THX monitor, that should bandwidth the SDD array!
<105>Dec 17 17:49:18 dare3535 id[7600]: I'Ll input the virtual GB protocol, that should sensor the SCSI application!
<11>Dec 17 17:49:18 bernier7570 tenetur[5331]: I'Ll connect the cross-platform SAS bandwidth, that should matrix the SMS transmitter!
<157>Dec 17 17:49:18 grimes6011 perspiciatis[1171]: The XML circuit is down, parse the online hard drive so we can copy the TCP feed!
<4>Dec 17 17:49:18 okuneva3734 reiciendis[9874]: Try to navigate the SQL bus, maybe it will compress the 1080p panel!
<153>Dec 17 17:49:18 toy7040 deleniti[8509]: Backing up the panel won't do anything, we need to synthesize the optical COM microchip!
<111>Dec 17 17:49:18 wilderman2715 ab[8352]: If we generate the firewall, we can get to the RAM feed through the 1080p AI system!
<48>Dec 17 17:49:18 johnson2740 ullam[8984]: We need to transmit the redundant PNG sensor!
<163>Dec 17 17:49:20 kris5222 cumque[3361]: user=riyaz_popatia password=CycfRAXFpUFg status=rejected
<180>Dec 17 17:49:18 fahey7064 dolor[6975]: I'Ll calculate the haptic COM interface, that should bus the AGP array!
<163>Dec 17 17:49:19 kris5222 cumque[3361]: user=hussein_din password=lNnn6ZEG1 status=rejected
<164>Dec 17 17:49:18 kshlerin7445 a[2506]: Navigating the hard drive won't do anything, we need to back up the mobile IB sensor!
<128>Dec 17 17:49:18 jacobs1533 quibusdam[2985]: The AGP interface is down, copy the open-source interface so we can navigate the IB bandwidth!
<99>Dec 17 17:49:18 parisian2258 velit[8782]: You can't index the port without backing up the bluetooth RAM interface!
<163>Dec 17 17:49:20 kris5222 cumque[3361]: user=murad password=8WwdlJz7Cm54X status=rejected
<58>Dec 17 17:49:18 watsica4346 harum[6467]: We need to index the auxiliary SSL capacitor!
<95>Dec 17 17:49:18 stroman2405 fuga[7093]: Try to transmit the RAM circuit, maybe it will navigate the digital feed!
<25>Dec 17 17:49:18 walker1760 molestias[4268]: I'Ll quantify the 1080p EXE panel, that should hard drive the RSS program!
<2>Dec 17 17:49:18 kovacek5201 enim[3333]: If we transmit the protocol, we can get to the TCP protocol through the neural SMTP interface!
<143>Dec 17 17:49:18 feil7423 sed[8839]: Try to back up the SDD card, maybe it will back up the multi-byte protocol!
<163>Dec 17 17:49:18 little6534 repudiandae[9469]: You can't index the bus without bypassing the auxiliary SMS application!
<19>Dec 17 17:49:18 oberbrunner4871 pariatur[3074]: We need to index the back-end ADP feed!
<163>Dec 17 17:49:20 kris5222 cumque[3361]: user=amyn password=qVMk5geD status=rejected
<126>Dec 17 17:49:18 altenwerth2473 magni[8362]: Try to hack the SQL protocol, maybe it will index the wireless interface!
<160>Dec 17 17:49:18 glover5735 nesciunt[5618]: You can't quantify the pixel without copying the digital SDD bandwidth!
<107>Dec 17 17:49:18 wuckert1082 in[9036]: The EXE port is down, connect the virtual pixel so we can navigate the ADP system!
<100>Dec 17 17:49:18 durgan8247 nobis[2824]: Try to parse the AI system, maybe it will reboot the haptic monitor!
<137>Dec 17 17:49:18 emard1404 debitis[4178]: If we quantify the protocol, we can get to the SCSI matrix through the multi-byte GB application!
<96>Dec 17 17:49:18 batz1624 voluptatibus[4020]: Hacking the application won't do anything, we need to override the digital TCP alarm!
<115>Dec 17 17:49:18 huels4560 quis[6602]: Indexing the bandwidth won't do anything, we need to transmit the neural RAM monitor!
<59>Dec 17 17:49:18 hahn8125 dicta[6468]: I'Ll connect the virtual AI monitor, that should program the COM program!
<101>Dec 17 17:49:18 gorczany6601 rerum[1716]: The SSL feed is down, navigate the digital interface so we can hack the PNG capacitor!
<163>Dec 17 17:49:22 kris5222 cumque[3361]: user=riyaz_popatia password=i291nCSsrVTZ0 status=rejected
<137>Dec 17 17:49:18 witting8638 doloribus[2894]: Use the multi-byte PCI transmitter, then you can quantify the optical sensor!
<163>Dec 17 17:49:19 kris5222 cumque[3361]: user=aziz_kapadia password=NzbvuWMvOuSL status=rejected
<93>Dec 17 17:49:18 beer3441 ab[2007]: If we generate the sensor, we can get to the COM application through the 1080p CSS bus!
<163>Dec 17 17:49:22 kris5222 cumque[3361]: user=asif password=gBMvFh5u1 status=rejected
<185>Dec 17 17:49:18 mitchell2231 sit[9408]: Use the mobile XML bus, then you can bypass the optical transmitter!
<188>Dec 17 17:49:18 pfeffer6340 consequatur[4201]: You can't program the protocol without connecting the auxiliary USB hard drive!
<46>Dec 17 17:49:18 gottlieb3484 vitae[3405]: I'Ll override the primary FTP application, that should sensor the COM system!
<163>Dec 17 17:49:22 kris5222 cumque[3361]: user=iliyan_momin password=CGeiISEGL status=rejected
<157>Dec 17 17:49:18 klocko8846 maiores[6550]: Try to copy the THX driver, maybe it will back up the redundant matrix!
<124>Dec 17 17:49:18 heaney8736 corporis[9633]: If we generate the transmitter, we can get to the SAS circuit through the multi-byte SQL alarm!
<106>Dec 17 17:49:18 schimmel3305 error[1604]: Indexing the microchip won't do anything, we need to navigate the redundant XML port!
<14>Dec 17 17:49:18 murray6120 earum[4177]: We need to program the back-end THX bandwidth!
<54>Dec 17 17:49:18 collins6772 consequuntur[3632]: Copying the bandwidth won't do anything, we need to input the neural JBOD array!
<163>Dec 17 17:49:22 kris5222 cumque[3361]: user=fariha_mohammad password=YuEc8KVSauSu status=rejected
<163>Dec 17 17:49:27 kris5222 cumque[3361]: user=aziz_kapadia password=gcLmNKhkbsYzLd status=rejected
<31>Dec 17 17:49:18 bartell7765 placeat[8904]: If we calculate the feed, we can get to the PCI bandwidth through the haptic FTP port!
<41>Dec 17 17:49:18 lubowitz8101 odio[2657]: Calculating the program won't do anything, we need to generate the 1080p SSL transmitter!
<65>Dec 17 17:49:18 lakin5153 et[8190]: If we bypass the system, we can get to the JBOD monitor through the 1080p SAS feed!
<163>Dec 17 17:49:21 kris5222 cumque[3361]: user=aqueel_kamruddin password=955QVdpoV34FD status=rejected
<52>Dec 17 17:49:18 emard5633 quasi[421]: Try to connect the TCP alarm, maybe it will generate the primary bandwidth!
<104>Dec 17 17:49:18 schmidt8516 cumque[4156]: We need to transmit the 1080p TCP hard drive!
<43>Dec 17 17:49:18 ullrich6333 consectetur[4684]: Try to synthesize the COM card, maybe it will bypass the haptic card!
<95>Dec 17 17:49:18 runolfsdottir4304 et[7703]: We need to bypass the cross-platform HDD bandwidth!
<163>Dec 17 17:49:21 kris5222 cumque[3361]: user=farid_merchant password=nwbJNcfEzw status=rejected
<191>Dec 17 17:49:18 ortiz3843 quam[8861]: Try to bypass the PNG port, maybe it will quantify the cross-platform sensor!
<111>Dec 17 17:49:18 borer5353 veniam[1298]: I'Ll bypass the open-source SCSI transmitter, that should microchip the FTP system!
<25>Dec 17 17:49:18 hansen3787 deleniti[4106]: I'Ll program the haptic SMS capacitor, that should transmitter the SMTP array!
<163>Dec 17 17:49:21 kris5222 cumque[3361]: user=moses_merchant password=Qfci65L4 status=rejected
<15>Dec 17 17:49:18 mccullough1382 excepturi[7162]: We need to hack the multi-byte XSS alarm!
<48>Dec 17 17:49:18 hoppe6823 et[4157]: Navigating the system won't do anything, we need to navigate the online EXE circuit!
<88>Dec 17 17:49:18 nicolas6377 porro[4132]: Bypassing the interface won't do anything, we need to quantify the 1080p EXE hard drive!
<146>Dec 17 17:49:18 durgan6757 natus[6309]: We need to reboot the auxiliary SQL program!
<60>Dec 17 17:49:18 littel6240 illo[2421]: Use the back-end AI microchip, then you can quantify the multi-byte driver!
<95>Dec 17 17:49:18 schuster1840 doloremque[5637]: Indexing the interface won't do anything, we need to reboot the online SDD circuit!
<22>Dec 17 17:49:18 abshire4161 et[8518]: The SSL monitor is down, input the online panel so we can generate the RSS matrix!
<80>Dec 17 17:49:18 rosenbaum3223 et[6899]: The SSL protocol is down, program the haptic panel so we can reboot the THX sensor!
<163>Dec 17 17:49:20 kris5222 cumque[3361]: user=alnoor_ladak password=JEJS4dyX status=rejected
<101>Dec 17 17:49:18 farrell1556 non[3942]: I'Ll compress the primary COM monitor, that should card the GB protocol!
<91>Dec 17 17:49:18 ritchie1717 rerum[2990]: Use the digital FTP monitor, then you can transmit the mobile microchip!
<163>Dec 17 17:49:21 kris5222 cumque[3361]: user=naseem_huda_buckley password=hslTacPgp6HRK status=rejected
<140>Dec 17 17:49:18 gaylord1373 inventore[5097]: The FTP transmitter is down, index the redundant interface so we can transmit the SMTP protocol!
<119>Dec 17 17:49:18 stokes2585 consequatur[2581]: Use the open-source AI application, then you can transmit the primary bus!
<44>Dec 17 17:49:18 pfeffer5455 molestias[3111]: Try to reboot the XSS alarm, maybe it will input the neural protocol!
<5>Dec 17 17:49:18 lueilwitz3036 tempore[5439]: The ADP circuit is down, generate the primary circuit so we can bypass the RSS program!
<163>Dec 17 17:49:22 kris5222 cumque[3361]: user=moses_merchant password=YHkQXEvt6Y5Ruk status=rejected
<151>Dec 17 17:49:18 stamm1078 magni[6511]: We need to back up the online FTP bandwidth!
<160>Dec 17 17:49:18 hintz2643 nesciunt[5140]: We need to navigate the open-source SDD driver!
<155>Dec 17 17:49:18 gutkowski8707 aut[1732]: We need to hack the redundant JSON bandwidth!
<191>Dec 17 17:49:18 brekke5431 voluptatem[5082]: Use the solid state SMTP port, then you can synthesize the 1080p bandwidth!
<177>Dec 17 17:49:18 wisoky2850 ratione[5743]: Try to hack the XSS transmitter, maybe it will hack the cross-platform protocol!
<21>Dec 17 17:49:18 borer4027 hic[9778]: If we navigate the alarm, we can get to the AI capacitor through the online PNG protocol!
<177>Dec 17 17:49:18 turcotte1614 aut[7211]: If we hack the hard drive, we can get to the SCSI protocol through the auxiliary JSON monitor!
<37>Dec 17 17:49:18 murazik1180 sit[3770]: If we override the circuit, we can get to the COM bandwidth through the mobile CSS sensor!
<163>Dec 17 17:49:20 kris5222 cumque[3361]: user=farid_merchant password=vDFR4QGS status=rejected
<46>Dec 17 17:49:18 frami7713 fugit[6522]: You can't program the card without synthesizing the mobile ADP interface!
<22>Dec 17 17:49:18 leannon8647 itaque[7377]: If we index the capacitor, we can get to the CSS capacitor through the haptic USB capacitor!
<8>Dec 17 17:49:18 flatley7364 necessitatibus[1813]: I'Ll generate the bluetooth IB port, that should application the COM program!
<160>Dec 17 17:49:18 grimes8281 qui[47]: Try to hack the FTP hard drive, maybe it will transmit the haptic application!
<58>Dec 17 17:49:18 mccullough5336 saepe[3752]: The ADP system is down, navigate the haptic monitor so we can parse the PNG application!
<153>Dec 17 17:49:18 koepp7837 in[5610]: If we override the protocol, we can get to the PCI pixel through the digital PNG transmitter!
<180>Dec 17 17:49:18 homenick5885 eum[3367]: We need to back up the back-end AGP driver!
<15>Dec 17 17:49:18 streich3201 facilis[6763]: We need to connect the online THX bandwidth!
<91>Dec 17 17:49:18 robel1201 deserunt[631]: I'Ll override the primary TCP interface, that should program the COM card!
<163>Dec 17 17:49:20 kris5222 cumque[3361]: user=alnoor_ladak password=xhqiFhfKn status=rejected
<110>Dec 17 17:49:18 carter1047 aut[4448]: You can't reboot the application without indexing the neural CSS alarm!
<151>Dec 17 17:49:18 von1661 ut[1596]: We need to index the haptic JSON protocol!
<163>Dec 17 17:49:20 kris5222 cumque[3361]: user=hadi_ibrahimi password=Jh5xAdnD74 status=rejected
<106>Dec 17 17:49:18 hand2673 ducimus[643]: Compressing the capacitor won't do anything, we need to index the bluetooth SAS card!
<1>Dec 17 17:49:18 schowalter1627 officiis[5579]: I'Ll bypass the primary JBOD monitor, that should pixel the AI matrix!
<46>Dec 17 17:49:18 kulas2145 magni[7671]: I'Ll copy the virtual CSS hard drive, that should system the AI hard drive!
<163>Dec 17 17:49:19 kris5222 cumque[3361]: user=iliyan_momin password=VhkpzqgDsrTKYx status=rejected
<95>Dec 17 17:49:18 okuneva5631 maxime[2399]: The FTP microchip is down, copy the digital card so we can navigate the HDD bandwidth!
<163>Dec 17 17:49:19 kris5222 cumque[3361]: user=roheen password=T829eT2X status=rejected
<163>Dec 17 17:49:23 kris5222 cumque[3361]: user=roheen password=Ashl47kbKtNH status=rejected
<167>Dec 17 17:49:18 marquardt7620 nostrum[7327]: Try to back up the GB transmitter, maybe it will index the solid state bus!
<171>Dec 17 17:49:18 fay6732 quo[5790]: I'Ll synthesize the auxiliary SAS transmitter, that should panel the FTP matrix!
<39>Dec 17 17:49:18 schuster7125 dolore[8967]: The SMTP monitor is down, synthesize the haptic bus so we can generate the RAM firewall!
<163>Dec 17 17:49:19 kris5222 cumque[3361]: user=aqueel_kamruddin password=ymPPsh8Brm status=rejected
<158>Dec 17 17:49:18 olson7160 fuga[5281]: Try to transmit the SSL system, maybe it will back up the back-end card!
<163>Dec 17 17:49:22 kris5222 cumque[3361]: user=zain_mitha password=Mz6YnApD status=rejected
<142>Dec 17 17:49:18 spencer2042 repellendus[3693]: Try to generate the AI matrix, maybe it will bypass the redundant panel!
<163>Dec 17 17:49:22 kris5222 cumque[3361]: user=alnoor_ladak password=1FNXum891xcn status=rejected
<24>Dec 17 17:49:18 daniel3040 sit[3982]: Quantifying the pixel won't do anything, we need to index the solid state AI system!
<3>Dec 17 17:49:18 hills7681 sit[4269]: We need to compress the 1080p JSON firewall!
<138>Dec 17 17:49:18 marquardt7715 voluptates[196]: You can't reboot the panel without parsing the mobile FTP panel!
<101>Dec 17 17:49:18 shanahan3546 voluptatum[8127]: The AGP interface is down, calculate the bluetooth protocol so we can parse the PCI hard drive!
<147>Dec 17 17:49:18 predovic1354 ut[9301]: Try to compress the EXE port, maybe it will synthesize the 1080p circuit!
<105>Dec 17 17:49:18 lueilwitz8506 sed[4863]: I'Ll parse the primary USB protocol, that should hard drive the RSS microchip!
<149>Dec 17 17:49:18 botsford5112 ut[206]: You can't hack the interface without synthesizing the back-end CSS panel!
<154>Dec 17 17:49:18 mclaughlin2603 sit[7955]: Use the cross-platform XML matrix, then you can override the mobile port!
<136>Dec 17 17:49:18 stark3371 eum[4018]: You can't hack the firewall without hacking the wireless HDD capacitor!
<163>Dec 17 17:49:19 kris5222 cumque[3361]: user=aly_ali password=LclmeJv3AT status=rejected
<52>Dec 17 17:49:18 vonrueden7161 sit[3551]: We need to transmit the online XSS system!
<4>Dec 17 17:49:18 vonrueden3512 expedita[1342]: Generating the firewall won't do anything, we need to reboot the online JSON port!
<173>Dec 17 17:49:18 douglas1753 enim[8423]: We need to hack the bluetooth PNG microchip!
<69>Dec 17 17:49:18 crist7518 magni[7668]: Use the wireless JBOD microchip, then you can connect the mobile matrix!
<131>Dec 17 17:49:18 douglas3222 dignissimos[1650]: You can't connect the panel without quantifying the multi-byte HTTP feed!
<150>Dec 17 17:49:18 beer5666 animi[1502]: If we synthesize the firewall, we can get to the JBOD transmitter through the virtual XSS matrix!
<163>Dec 17 17:49:21 kris5222 cumque[3361]: user=jamil_jaffer password=cqDtzxVN9vHV status=rejected
<126>Dec 17 17:49:18 kling3584 perferendis[4393]: You can't generate the protocol without generating the open-source RSS bandwidth!
<185>Dec 17 17:49:18 boyer3104 optio[2349]: Parsing the hard drive won't do anything, we need to compress the bluetooth JSON card!
<13>Dec 17 17:49:18 upton5603 enim[9210]: If we program the program, we can get to the FTP feed through the neural SDD program!
<163>Dec 17 17:49:22 kris5222 cumque[3361]: user=ayaan_ajaney password=qLQQJ3wf9y status=rejected
<163>Dec 17 17:49:26 kris5222 cumque[3361]: user=fayyaz_makhani password=D5OZRPdhwNfElS status=rejected
<23>Dec 17 17:49:18 marvin6640 ullam[2321]: We need to generate the optical HDD protocol!
<143>Dec 17 17:49:18 turner8548 similique[8462]: I'Ll program the online SQL application, that should system the SMTP protocol!
<163>Dec 17 17:49:20 kris5222 cumque[3361]: user=sam_k password=ktXVYsDDR9BIm status=rejected
<110>Dec 17 17:49:18 blanda4756 quos[6127]: I'Ll compress the digital SSL interface, that should sensor the IB pixel!
<163>Dec 17 17:49:22 kris5222 cumque[3361]: user=shezan password=aCjzFVYnAyv status=rejected
<28>Dec 17 17:49:18 konopelski4022 ut[5990]: I'Ll synthesize the haptic COM panel, that should bus the COM hard drive!
<163>Dec 17 17:49:22 kris5222 cumque[3361]: user=asif password=VgVztJ68P82C status=rejected
<20>Dec 17 17:49:18 cummerata5305 quaerat[3952]: You can't compress the alarm without navigating the digital RAM matrix!
<28>Dec 17 17:49:18 armstrong2677 ab[8619]: We need to connect the auxiliary AGP firewall!
<163>Dec 17 17:49:18 fahey8241 provident[1168]: We need to parse the back-end JBOD firewall!
<163>Dec 17 17:49:23 kris5222 cumque[3361]: user=hadi_ibrahimi password=gHoMmYY9Co6bD status=rejected
<163>Dec 17 17:49:27 kris5222 cumque[3361]: user=arwa password=DZp5ixeCvIM status=rejected
<163>Dec 17 17:49:30 kris5222 cumque[3361]: user=shar password=uICPBJyMDlG9pY status=rejected
<163>Dec 17 17:49:33 kris5222 cumque[3361]: user=aly_ali password=w7A6ekWtUAXo status=rejected
<170>Dec 17 17:49:18 lind2102 sapiente[7082]: Use the redundant AI microchip, then you can generate the mobile transmitter!
<91>Dec 17 17:49:18 halvorson8573 natus[8109]: You can't navigate the matrix without navigating the digital IB panel!
<163>Dec 17 17:49:23 kris5222 cumque[3361]: user=moez password=qk1fecNQvtfnC status=rejected
<67>Dec 17 17:49:18 ward2482 omnis[9643]: Compressing the hard drive won't do anything, we need to connect the neural JSON transmitter!
<163>Dec 17 17:49:19 kris5222 cumque[3361]: user=ali_dharani password=J8g1ZTzJ6 status=rejected
<79>Dec 17 17:49:18 beatty5151 sapiente[8989]: You can't input the bus without backing up the digital GB feed!
<163>Dec 17 17:49:22 kris5222 cumque[3361]: user=asif password=6LcNsxdnttY status=rejected
<88>Dec 17 17:49:18 hermiston8264 et[104]: Use the bluetooth SQL protocol, then you can program the mobile circuit!
<126>Dec 17 17:49:18 gaylord6831 maiores[4498]: The SMTP microchip is down, hack the 1080p port so we can copy the SCSI driver!
<163>Dec 17 17:49:19 kris5222 cumque[3361]: user=ayaan_ajaney password=0hWU7Qe1fgF status=rejected
<9>Dec 17 17:49:18 kuhn4051 sequi[712]: If we back up the feed, we can get to the FTP monitor through the multi-byte RAM capacitor!
<163>Dec 17 17:49:20 kris5222 cumque[3361]: user=ayaan_ajaney password=J6RNWtdWmXq status=rejected
<0>Dec 17 17:49:18 gottlieb8228 suscipit[1755]: We need to quantify the 1080p IB monitor!
<163>Dec 17 17:49:23 kris5222 cumque[3361]: user=aqueel_kamruddin password=3XT36PVeaC status=rejected
<163>Dec 17 17:49:28 kris5222 cumque[3361]: user=zanir password=OQQJpQeK6 status=rejected
<32>Dec 17 17:49:18 corwin1782 dolorem[6477]: Connecting the driver won't do anything, we need to synthesize the digital RAM pixel!
<71>Dec 17 17:49:18 schultz7546 molestiae[5086]: I'Ll compress the virtual CSS program, that should driver the PCI circuit!
<163>Dec 17 17:49:23 kris5222 cumque[3361]: user=moses_merchant password=6wMwhKGgPNc status=rejected
<62>Dec 17 17:49:18 weimann4140 nobis[1035]: If we program the circuit, we can get to the SAS alarm through the multi-byte RAM transmitter!
<163>Dec 17 17:49:19 kris5222 cumque[3361]: user=roheen password=gPIdIst0yS status=rejected
<163>Dec 17 17:49:20 kris5222 cumque[3361]: user=arwa password=XhvGEQshBchrRJ status=rejected
<163>Dec 17 17:49:18 howell5270 eius[12]: If we program the capacitor, we can get to the SMTP protocol through the 1080p XSS microchip!
<163>Dec 17 17:49:21 kris5222 cumque[3361]: user=zain_mitha password=jS2PezTpJ1a status=rejected
<187>Dec 17 17:49:18 flatley6514 voluptas[7753]: Try to compress the XML card, maybe it will generate the auxiliary transmitter!
<72>Dec 17 17:49:18 kuhn8415 molestiae[8978]: Try to back up the JBOD driver, maybe it will reboot the neural alarm!
<48>Dec 17 17:49:18 batz7114 error[7960]: Use the redundant AGP pixel, then you can compress the solid state program!
<163>Dec 17 17:49:20 kris5222 cumque[3361]: user=zanir password=wKaEBoAEAtFx status=rejected
<58>Dec 17 17:49:18 reilly2510 consequatur[8657]: If we compress the sensor, we can get to the PCI circuit through the neural SMTP matrix!
<95>Dec 17 17:49:18 langosh5315 et[3503]: Use the cross-platform AGP pixel, then you can calculate the bluetooth pixel!
<128>Dec 17 17:49:18 jones6286 aut[3370]: If we navigate the alarm, we can get to the SMS hard drive through the mobile HDD hard drive!
<90>Dec 17 17:49:18 toy5064 dignissimos[9355]: Use the multi-byte SAS card, then you can index the wireless card!
<163>Dec 17 17:49:20 kris5222 cumque[3361]: user=jamil_jaffer password=VUMvQ4o1ZZuL status=rejected
<65>Dec 17 17:49:18 collier6587 eum[5872]: Use the open-source ADP monitor, then you can override the mobile array!
<163>Dec 17 17:49:23 kris5222 cumque[3361]: user=shar password=WtPaqMXV status=rejected
<26>Dec 17 17:49:18 lindgren7508 reprehenderit[8771]: Use the auxiliary HDD hard drive, then you can generate the multi-byte interface!
<89>Dec 17 17:49:18 marquardt6707 beatae[4582]: If we connect the program, we can get to the IB program through the online COM firewall!
<77>Dec 17 17:49:18 leuschke7547 aperiam[7721]: You can't copy the application without compressing the virtual SAS port!
<99>Dec 17 17:49:18 armstrong1804 ex[1303]: We need to reboot the primary SAS pixel!
<163>Dec 17 17:49:23 kris5222 cumque[3361]: user=fariha_mohammad password=FMAYfv4xAlUQt status=rejected
<163>Dec 17 17:49:26 kris5222 cumque[3361]: user=sam_k password=V4fQYM8vy status=rejected
<53>Dec 17 17:49:18 roob7835 ab[7964]: Try to reboot the XSS card, maybe it will back up the solid state sensor!
<152>Dec 17 17:49:18 mueller5242 mollitia[9247]: We need to hack the mobile SCSI program!
<144>Dec 17 17:49:18 jerde3830 sit[9805]: The AI card is down, override the optical port so we can hack the ADP program!
<24>Dec 17 17:49:18 fay2554 et[7842]: You can't hack the program without generating the cross-platform SQL microchip!
<163>Dec 17 17:49:19 kris5222 cumque[3361]: user=moez password=h8w1dVUcZseB status=rejected
<163>Dec 17 17:49:22 kris5222 cumque[3361]: user=salim_gheewalla password=fu4VdY1aoEPj11 status=rejected
<163>Dec 17 17:49:26 kris5222 cumque[3361]: user=naseem_huda_buckley password=lhgSse1t5g status=rejected
<146>Dec 17 17:49:18 eichmann5120 et[1253]: Connecting the application won't do anything, we need to bypass the solid state AI monitor!
<100>Dec 17 17:49:18 dietrich6275 soluta[2586]: Use the haptic AI firewall, then you can back up the wireless bus!
<121>Dec 17 17:49:18 quitzon1010 omnis[8497]: Hacking the application won't do anything, we need to hack the neural RAM circuit!
<65>Dec 17 17:49:18 mcglynn3401 corporis[1327]: We need to navigate the digital ADP hard drive!
<15>Dec 17 17:49:18 schuppe3548 omnis[1502]: Use the wireless SDD monitor, then you can back up the primary port!
<42>Dec 17 17:49:18 witting3370 dicta[8611]: You can't reboot the interface without indexing the back-end TCP alarm!
<94>Dec 17 17:49:18 heaney1040 illo[1714]: Overriding the alarm won't do anything, we need to override the bluetooth AGP transmitter!
<100>Dec 17 17:49:18 powlowski4376 quidem[4359]: You can't hack the matrix without copying the 1080p PCI application!
<163>Dec 17 17:49:23 kris5222 cumque[3361]: user=salim_gheewalla password=A6qQAs0Faq8lml status=rejected
<58>Dec 17 17:49:18 gaylord6572 ut[6535]: Use the solid state SMTP bandwidth, then you can back up the back-end port!
<179>Dec 17 17:49:18 nienow7088 eveniet[2991]: Connecting the driver won't do anything, we need to transmit the open-source SQL hard drive!
<175>Dec 17 17:49:18 toy2053 ratione[5505]: Try to copy the THX bus, maybe it will quantify the cross-platform hard drive!
<165>Dec 17 17:49:18 kihn3577 quam[3214]: Use the open-source JBOD firewall, then you can input the primary application!
<6>Dec 17 17:49:18 luettgen6158 est[3707]: Try to parse the PCI panel, maybe it will connect the auxiliary system!
<77>Dec 17 17:49:18 haley8226 voluptatem[8972]: Use the cross-platform JSON system, then you can parse the 1080p matrix!
<131>Dec 17 17:49:18 reilly2215 ad[1142]: If we parse the alarm, we can get to the RAM application through the haptic RAM panel!
<163>Dec 17 17:49:23 kris5222 cumque[3361]: user=riyaz_popatia password=fXFx0wnC8 status=rejected
<13>Dec 17 17:49:18 funk4840 qui[5186]: We need to hack the cross-platform USB card!
<157>Dec 17 17:49:18 jaskolski6821 libero[3391]: We need to compress the mobile SQL card!
