<150>2 2025-12-17T17:49:19.363Z internalbleeding-edge.com ullam 6711 ID965 - If we bypass the array, we can get to the EXE pixel through the cross-platform THX array!
<68>2 2025-12-17T17:49:19.363Z forwardmethodologies.org est 7393 ID777 - We need to quantify the online XML capacitor!
<172>3 2025-12-17T17:49:19.363Z nationalrobust.io qui 3123 ID910 - We need to reboot the neural SAS pixel!
<163>2 2025-12-17T17:49:19.363Z investorgenerate.info dolor 3431 ID228 - Use the back-end HTTP capacitor, then you can transmit the 1080p driver!
<117>1 2025-12-17T17:49:19.363Z nationalstreamline.name dolor 4032 ID299 - Try to program the XSS panel, maybe it will index the open-source circuit!
<36>2 2025-12-17T17:49:19.363Z chiefrevolutionary.org aut 5357 ID563 - Compressing the transmitter won't do anything, we need to generate the haptic PCI bandwidth!
<13>Dec 17 17:49:13 gateway authd[1000]: user=sajoo password=Qsnd0Rq6 status=rejected
<175>1 2025-12-17T17:49:19.363Z directexploit.biz et 6819 ID4 - I'Ll connect the back-end EXE interface, that should microchip the SMTP protocol!
<2>3 2025-12-17T17:49:19.363Z dynamicmaximize.net sit 7820 ID967 - You can't copy the protocol without compressing the neural SAS monitor!
<163>1 2025-12-17T17:49:19.363Z investorinnovate.org iure 7225 ID611 - We need to program the redundant IB feed!
<71>2 2025-12-17T17:49:19.363Z nationalcollaborative.biz eos 7752 ID777 - Try to generate the TCP protocol, maybe it will input the haptic monitor!
<114>3 2025-12-17T17:49:19.363Z directrepurpose.name harum 1387 ID853 - The XML pixel is down, back up the neural circuit so we can synthesize the HTTP matrix!
<40>3 2025-12-17T17:49:19.363Z legacyinnovate.name est 8115 ID845 - Programming the circuit won't do anything, we need to reboot the cross-platform ADP microchip!
<13>Dec 17 17:49:15 gateway authd[1000]: user=roheen password=JHK2UXPfPixh status=rejected
<57>3 2025-12-17T17:49:19.363Z dynamictechnologies.io fugit 5343 ID414 - I'Ll index the solid state RSS panel, that should bus the COM microchip!
<13>Dec 17 17:49:17 gateway authd[1000]: user=arwa password=9lAn2eJee status=rejected
<141>2 2025-12-17T17:49:19.363Z seniorrecontextualize.com eligendi 6055 ID972 - If we parse the circuit, we can get to the IB driver through the mobile HTTP matrix!
<119>1 2025-12-17T17:49:19.363Z futuresynergize.org sunt 8072 ID21 - Use the 1080p COM pixel, then you can parse the cross-platform firewall!
<173>2 2025-12-17T17:49:19.363Z dynamicout-of-the-box.io accusantium 7440 ID575 - The COM bandwidth is down, hack the online card so we can program the TCP circuit!
<110>2 2025-12-17T17:49:19.363Z leadinitiatives.io doloribus 333 ID697 - If we synthesize the circuit, we can get to the PNG bus through the haptic PNG circuit!
<32>3 2025-12-17T17:49:19.363Z regionalinnovative.name amet 4478 ID281 - I'Ll generate the neural TCP monitor, that should microchip the COM pixel!
<184>2 2025-12-17T17:49:19.363Z dynamicdeliverables.io labore 6329 ID239 - We need to generate the haptic AGP pixel!
<156>1 2025-12-17T17:49:19.363Z forwardincentivize.name vitae 6361 ID819 - Use the back-end GB hard drive, then you can back up the auxiliary capacitor!
<13>3 2025-12-17T17:49:19.363Z principalend-to-end.info inventore 2732 ID583 - If we index the hard drive, we can get to the SMS interface through the 1080p THX program!
<13>Dec 17 17:49:22 gateway authd[1000]: user=shehzad_merchant password=a8zfk3K2d status=rejected
<95>3 2025-12-17T17:49:19.363Z directexpedite.biz nemo 1533 ID230 - You can't compress the panel without navigating the cross-platform SMS transmitter!
<20>1 2025-12-17T17:49:19.363Z customerfront-end.com iure 7824 ID567 - You can't override the protocol without backing up the redundant PCI bus!
<58>3 2025-12-17T17:49:19.363Z regionalsynthesize.io sit 8952 ID803 - You can't hack the capacitor without quantifying the bluetooth THX sensor!
<87>3 2025-12-17T17:49:19.363Z legacyreal-time.io autem 2918 ID30 - We need to compress the digital XSS interface!
<48>3 2025-12-17T17:49:19.363Z customeraggregate.biz occaecati 8879 ID557 - We need to reboot the online AGP pixel!
<185>2 2025-12-17T17:49:19.363Z seniore-services.info nulla 2606 ID449 - Try to synthesize the SQL interface, maybe it will copy the haptic pixel!
<13>Dec 17 17:49:26 gateway authd[1000]: user=aneel password=Fux7xtPa9avx status=rejected
<79>2 2025-12-17T17:49:19.363Z nationalbricks-and-clicks.com dolorum 1433 ID878 - Parsing the transmitter won't do anything, we need to input the auxiliary AGP hard drive!
<122>3 2025-12-17T17:49:19.363Z principalleading-edge.io ipsa 6480 ID17 - If we bypass the pixel, we can get to the COM system through the neural SMS circuit!
<88>3 2025-12-17T17:49:19.363Z globalmission-critical.io sunt 3542 ID599 - You can't navigate the system without parsing the neural FTP microchip!
<105>1 2025-12-17T17:49:19.363Z investorbenchmark.net eaque 1008 ID730 - Try to reboot the SDD microchip, maybe it will program the haptic sensor!
<143>1 2025-12-17T17:49:19.363Z regionaliterate.io nemo 9665 ID341 - Use the solid state CSS transmitter, then you can quantify the primary monitor!
<13>Dec 17 17:49:27 gateway authd[1000]: user=naseem_huda_buckley password=jFDF2NtngrCVO status=rejected
<13>Dec 17 17:49:29 gateway authd[1000]: user=naseem_huda_buckley password=liFiuxbk status=rejected
<49>3 2025-12-17T17:49:19.363Z dynamicexploit.com laboriosam 6972 ID871 - Try to navigate the SDD system, maybe it will calculate the auxiliary monitor!
<73>2 2025-12-17T17:49:19.363Z districtengage.io officiis 8390 ID692 - I'Ll hack the 1080p IB pixel, that should pixel the COM feed!
<13>Dec 17 17:49:34 gateway authd[1000]: user=iliyan_momin password=F3U1OhHE0mzln status=rejected
<117>2 2025-12-17T17:49:19.363Z dynamicenvisioneer.info quo 8671 ID431 - Use the digital SAS capacitor, then you can input the digital feed!
<71>1 2025-12-17T17:49:19.363Z forwardinteractive.biz commodi 6802 ID992 - I'Ll hack the virtual USB port, that should panel the AI protocol!
<92>3 2025-12-17T17:49:19.363Z directinterfaces.biz placeat 3432 ID705 - We need to reboot the digital ADP bus!
<11>1 2025-12-17T17:49:19.363Z corporateusers.org sint 7669 ID20 - If we compress the panel, we can get to the AGP program through the wireless HTTP driver!
<13>Dec 17 17:49:38 gateway authd[1000]: user=arwa password=aZ0cMRbMDlY1wT status=rejected
<87>3 2025-12-17T17:49:19.363Z chiefturn-key.net in 6997 ID333 - You can't index the driver without compressing the bluetooth THX panel!
<91>3 2025-12-17T17:49:19.363Z legacyrich.io est 9187 ID79 - I'Ll hack the 1080p PCI interface, that should interface the SMTP alarm!
<134>1 2025-12-17T17:49:19.363Z centralvisionary.net architecto 6740 ID481 - We need to reboot the open-source PCI feed!
<50>2 2025-12-17T17:49:19.363Z futureengineer.name fuga 3632 ID284 - The SSL bandwidth is down, back up the wireless capacitor so we can bypass the AI alarm!
<13>Dec 17 17:49:41 gateway authd[1000]: user=murad password=3x5zNHJwIfvO status=rejected
<13>Dec 17 17:49:46 gateway authd[1000]: user=riyaz_popatia password=LIdGsm0A4fm status=rejected
<13>Dec 17 17:49:50 gateway authd[1000]: user=sajoo password=5p323kTxE5wjO status=rejected
<61>2 2025-12-17T17:49:19.363Z humaninnovate.net animi 6444 ID173 - Try to navigate the TCP bandwidth, maybe it will generate the auxiliary system!
<49>2 2025-12-17T17:49:19.363Z dynamice-business.info maiores 7893 ID425 - The RSS pixel is down, bypass the multi-byte matrix so we can reboot the GB program!
<190>1 2025-12-17T17:49:19.363Z customere-tailers.io et 8347 ID577 - If we back up the capacitor, we can get to the JBOD card through the virtual XSS port!
<83>1 2025-12-17T17:49:19.363Z regionalparadigms.net non 6098 ID155 - You can't transmit the panel without generating the back-end SQL sensor!
<81>1 2025-12-17T17:49:19.363Z principalvisionary.info velit 6042 ID366 - If we synthesize the capacitor, we can get to the COM protocol through the 1080p SCSI hard drive!
<13>Dec 17 17:49:53 gateway authd[1000]: user=salim_gheewalla password=qhwv9qYtZdob4 status=rejected
<13>Dec 17 17:49:54 gateway authd[1000]: user=inara_rupani password=NznoIaCa status=rejected
<95>3 2025-12-17T17:49:19.363Z leadone-to-one.name cumque 4800 ID798 - We need to compress the optical RAM application!
<156>1 2025-12-17T17:49:19.363Z seniorscale.name odit 9198 ID980 - We need to override the online SMS transmitter!
<44>3 2025-12-17T17:49:19.363Z nationalvisionary.io rerum 7941 ID417 - The USB bandwidth is down, override the 1080p matrix so we can connect the SDD bus!
<13>Dec 17 17:49:57 gateway authd[1000]: user=sajoo password=qidKygpC1rvCh status=rejected
<179>2 2025-12-17T17:49:19.363Z customerviral.com optio 5724 ID776 - I'Ll quantify the online FTP feed, that should application the AGP bandwidth!
<13>Dec 17 17:50:00 gateway authd[1000]: user=arshad_somani password=RhiJB17QnUxnD status=rejected
<13>Dec 17 17:50:01 gateway authd[1000]: user=aziz_kapadia password=EJN5il7b status=rejected
<113>2 2025-12-17T17:49:19.363Z forwardenterprise.biz et 8259 ID646 - Use the auxiliary USB matrix, then you can synthesize the wireless protocol!
<13>Dec 17 17:50:04 gateway authd[1000]: user=iliyan_momin password=agZA14lPO status=rejected
<119>3 2025-12-17T17:49:19.363Z chiefincentivize.name eos 8774 ID58 - Bypassing the circuit won't do anything, we need to transmit the 1080p EXE alarm!
<13>1 2025-12-17T17:49:19.363Z legacyexperiences.com qui 2856 ID758 - Try to input the AI microchip, maybe it will program the neural application!
<17>1 2025-12-17T17:49:19.363Z nationalrobust.com totam 1896 ID974 - We need to index the multi-byte XML capacitor!
<50>1 2025-12-17T17:49:19.363Z regionalextensible.io qui 254 ID822 - Synthesizing the panel won't do anything, we need to program the cross-platform JSON bandwidth!
<174>1 2025-12-17T17:49:19.363Z internalvalue-added.info facere 6064 ID517 - The AI sensor is down, copy the mobile protocol so we can calculate the ADP interface!
<34>1 2025-12-17T17:49:19.363Z internationalvisualize.com cumque 7757 ID883 - I'Ll input the mobile USB interface, that should array the SAS interface!
<115>1 2025-12-17T17:49:19.363Z internalfrictionless.net aliquid 7261 ID80 - You can't generate the driver without connecting the wireless SAS bandwidth!
<37>2 2025-12-17T17:49:19.363Z futureb2b.name id 7422 ID239 - Try to program the USB array, maybe it will index the multi-byte application!
<11>3 2025-12-17T17:49:19.363Z districtreinvent.info non 1978 ID841 - If we quantify the interface, we can get to the SAS program through the open-source CSS bandwidth!
<41>3 2025-12-17T17:49:19.363Z dynamicfacilitate.org sequi 9353 ID418 - I'Ll override the online SMS array, that should pixel the HTTP alarm!
<35>3 2025-12-17T17:49:19.363Z internationalb2c.org mollitia 1494 ID525 - Use the multi-byte XML monitor, then you can input the digital program!
<80>3 2025-12-17T17:49:19.363Z futurebleeding-edge.com autem 8818 ID85 - Try to quantify the SMS sensor, maybe it will synthesize the back-end system!
<37>1 2025-12-17T17:49:19.363Z futurefrictionless.org quia 5996 ID628 - Connecting the alarm won't do anything, we need to copy the digital SAS matrix!
<109>3 2025-12-17T17:49:19.363Z futuresupply-chains.biz ut 718 ID708 - I'Ll connect the wireless EXE bus, that should panel the CSS pixel!
<13>Dec 17 17:50:08 gateway authd[1000]: user=ahil_hashim password=EOQeMY4CV2ra status=rejected
<168>3 2025-12-17T17:49:19.363Z seniormonetize.net fugit 2224 ID328 - Synthesizing the capacitor won't do anything, we need to reboot the multi-byte SCSI bandwidth!
<13>Dec 17 17:50:13 gateway authd[1000]: user=roheen password=abxsLYiB status=rejected
<13>Dec 17 17:50:17 gateway authd[1000]: user=raheel password=bOIfvflrc4lZ status=rejected
<52>3 2025-12-17T17:49:19.363Z futurecommunities.biz illo 1482 ID52 - Use the cross-platform AGP feed, then you can override the neural pixel!
<13>Dec 17 17:50:21 gateway authd[1000]: user=mahek_ramzan password=2AszbwJIrZb status=rejected
<13>Dec 17 17:50:23 gateway authd[1000]: user=asif password=AIKcOeeY4xL status=rejected
<184>2 2025-12-17T17:49:19.363Z principalunleash.com quia 4910 ID414 - You can't parse the system without navigating the primary SMS hard drive!
<13>Dec 17 17:50:27 gateway authd[1000]: user=samir password=sKBNTSkMtT0VJ status=rejected
<13>Dec 17 17:50:30 gateway authd[1000]: user=ayaan_ajaney password=FvxbHSRtj4QMZ status=rejected
<5>1 2025-12-17T17:49:19.363Z internationalsynergies.biz velit 8666 ID334 - I'Ll input the redundant SCSI monitor, that should sensor the SCSI matrix!
<13>Dec 17 17:50:32 gateway authd[1000]: user=iliyan_momin password=Gwi3CVGABazwG status=rejected
<91>1 2025-12-17T17:49:19.363Z principalpartnerships.biz placeat 8029 ID907 - Try to generate the XML driver, maybe it will bypass the bluetooth monitor!
<13>Dec 17 17:50:35 gateway authd[1000]: user=saurabh password=x1O0RZwJn status=rejected
<159>1 2025-12-17T17:49:19.363Z futurecompelling.org quae 511 ID939 - Use the primary COM program, then you can synthesize the back-end monitor!
<155>1 2025-12-17T17:49:19.363Z nationaldrive.biz eos 7011 ID948 - Parsing the interface won't do anything, we need to copy the bluetooth HTTP feed!
<144>3 2025-12-17T17:49:19.363Z customerbandwidth.biz eius 8005 ID976 - If we transmit the feed, we can get to the COM bus through the redundant SDD monitor!
<124>1 2025-12-17T17:49:19.363Z districtglobal.biz aut 2811 ID598 - If we compress the driver, we can get to the SQL interface through the multi-byte RAM circuit!
<149>2 2025-12-17T17:49:19.363Z districtevolve.com reprehenderit 9535 ID929 - If we compress the array, we can get to the AI card through the redundant PCI alarm!
<40>2 2025-12-17T17:49:19.363Z leadcontent.com nostrum 2793 ID518 - The PCI interface is down, program the 1080p monitor so we can calculate the HDD bandwidth!
<126>1 2025-12-17T17:49:19.363Z leaddeliver.name non 7780 ID327 - We need to index the solid state ADP bus!
<105>1 2025-12-17T17:49:19.363Z globalcommunities.name reiciendis 8919 ID214 - Try to connect the SMTP array, maybe it will calculate the virtual system!
<13>Dec 17 17:50:37 gateway authd[1000]: user=ayaan_ajaney password=UAh7TSohU status=rejected
<117>1 2025-12-17T17:49:19.363Z chiefvirtual.info dolor 2371 ID632 - The USB capacitor is down, connect the auxiliary alarm so we can bypass the USB application!
<98>3 2025-12-17T17:49:19.363Z centralenterprise.biz repellat 2691 ID557 - Try to transmit the PCI sensor, maybe it will synthesize the cross-platform alarm!
<167>1 2025-12-17T17:49:19.363Z nationale-tailers.org pariatur 2459 ID279 - Try to input the SMTP hard drive, maybe it will synthesize the cross-platform bus!
<191>2 2025-12-17T17:49:19.363Z internalmarkets.name voluptatem 8139 ID241 - Use the redundant THX feed, then you can synthesize the optical pixel!
<79>3 2025-12-17T17:49:19.363Z directexpedite.io et 6164 ID315 - The SCSI pixel is down, bypass the virtual port so we can back up the JSON bus!
<136>1 2025-12-17T17:49:19.363Z forwardsynthesize.com deserunt 803 ID671 - We need to navigate the neural HTTP bus!
<13>Dec 17 17:50:38 gateway authd[1000]: user=ahil_hashim password=6CHJHkgq5 status=rejected
<13>Dec 17 17:50:42 gateway authd[1000]: user=armaan_chakkiwala password=zK9oPOt0k status=rejected
<34>3 2025-12-17T17:49:19.363Z directone-to-one.com blanditiis 5930 ID126 - We need to navigate the wireless GB bandwidth!
<110>2 2025-12-17T17:49:19.363Z regionalsupply-chains.info nobis 1132 ID21 - Try to transmit the GB driver, maybe it will calculate the haptic transmitter!
<163>2 2025-12-17T17:49:19.363Z globaldeploy.info occaecati 5485 ID989 - The JBOD matrix is down, reboot the virtual card so we can override the EXE bandwidth!
<120>3 2025-12-17T17:49:19.363Z centralexploit.name error 5423 ID885 - We need to connect the multi-byte XSS monitor!
<8>1 2025-12-17T17:49:19.363Z globalefficient.info itaque 4810 ID738 - Try to navigate the EXE array, maybe it will bypass the wireless transmitter!
<130>1 2025-12-17T17:49:19.363Z regionalopen-source.biz enim 3882 ID891 - I'Ll bypass the mobile CSS interface, that should transmitter the TCP transmitter!
<147>1 2025-12-17T17:49:19.363Z corporateroi.io autem 1828 ID734 - I'Ll program the auxiliary THX protocol, that should port the RAM transmitter!
<79>3 2025-12-17T17:49:19.363Z forwardmesh.name cumque 7688 ID486 - You can't calculate the pixel without bypassing the optical JBOD pixel!
<65>1 2025-12-17T17:49:19.363Z seniordrive.biz exercitationem 1067 ID2 - The SCSI microchip is down, override the multi-byte microchip so we can quantify the USB firewall!
<13>Dec 17 17:50:45 gateway authd[1000]: user=shahzeb_jiwani password=33ICe3P5 status=rejected
<112>3 2025-12-17T17:49:19.363Z customerniches.io aliquam 9325 ID548 - If we input the monitor, we can get to the HTTP hard drive through the cross-platform AGP driver!
<108>2 2025-12-17T17:49:19.363Z investorreinvent.net aut 8902 ID286 - The SMTP matrix is down, override the multi-byte feed so we can transmit the SAS port!
<167>1 2025-12-17T17:49:19.363Z leadtransition.name voluptatem 6958 ID843 - Try to calculate the RSS monitor, maybe it will reboot the redundant bandwidth!
<124>3 2025-12-17T17:49:19.363Z futureintuitive.net facilis 8123 ID132 - Use the bluetooth ADP protocol, then you can synthesize the redundant microchip!
<86>1 2025-12-17T17:49:19.363Z productexploit.org natus 5327 ID286 - Generating the card won't do anything, we need to hack the digital IB pixel!
<58>2 2025-12-17T17:49:19.363Z corporateimpactful.com libero 1417 ID354 - The SMS matrix is down, transmit the online system so we can navigate the THX system!
<187>1 2025-12-17T17:49:19.363Z districtsynergize.info repellat 6051 ID507 - Use the multi-byte AGP interface, then you can copy the digital hard drive!
<189>3 2025-12-17T17:49:19.363Z internationalscale.name et 5627 ID405 - We need to bypass the open-source GB microchip!
<13>Dec 17 17:50:47 gateway authd[1000]: user=naseem_huda_buckley password=gSrcXPrE status=rejected
<144>3 2025-12-17T17:49:19.363Z leadcustomized.org sapiente 9996 ID856 - Try to parse the SMS driver, maybe it will program the multi-byte card!
<13>Dec 17 17:50:49 gateway authd[1000]: user=ali_dharani password=a5fP1pI2 status=rejected
<13>Dec 17 17:50:50 gateway authd[1000]: user=saurabh password=6Xxzi0o1fRk2Fy status=rejected
<13>Dec 17 17:50:52 gateway authd[1000]: user=shezan password=Bv721YDdMe4 status=rejected
<136>1 2025-12-17T17:49:19.363Z chiefcutting-edge.name aut 2502 ID783 - Try to connect the SCSI monitor, maybe it will compress the 1080p pixel!
<13>Dec 17 17:50:55 gateway authd[1000]: user=amin_jaffer password=Bt4OXgOP status=rejected
<13>Dec 17 17:50:57 gateway authd[1000]: user=shahzeb_jiwani password=2f5oawe3MnCD7u status=rejected
<169>3 2025-12-17T17:49:19.363Z globalproductize.io architecto 5899 ID411 - The THX driver is down, back up the neural sensor so we can generate the TCP port!
<13>Dec 17 17:50:59 gateway authd[1000]: user=moez password=i7ECFOyK status=rejected
<13>Dec 17 17:51:02 gateway authd[1000]: user=shehzad_merchant password=Yc9TaiuX80ZGd status=rejected
<16>2 2025-12-17T17:49:19.363Z futurevirtual.name ad 3282 ID809 - Use the digital GB transmitter, then you can index the digital capacitor!
<60>3 2025-12-17T17:49:19.363Z investorweb services.com rerum 1654 ID5 - Use the 1080p SSL system, then you can index the open-source firewall!
<2>2 2025-12-17T17:49:19.363Z humanfront-end.com quidem 7530 ID780 - Try to input the GB firewall, maybe it will generate the primary matrix!
<13>Dec 17 17:51:04 gateway authd[1000]: user=zoheb_makani password=unCeAq6cLIW status=rejected
<167>2 2025-12-17T17:49:19.363Z regionalimplement.biz ea 2250 ID815 - I'Ll parse the mobile HTTP hard drive, that should microchip the TCP panel!
<13>Dec 17 17:51:06 gateway authd[1000]: user=salim_gheewalla password=iZkbV241Z status=rejected
<112>2 2025-12-17T17:49:19.363Z productsynergistic.com est 1333 ID474 - I'Ll program the primary AGP firewall, that should firewall the EXE circuit!
<13>Dec 17 17:51:07 gateway authd[1000]: user=zain_mitha password=SmD3A6qtu status=rejected
<17>2 2025-12-17T17:49:19.363Z chiefkiller.name et 5820 ID897 - The AGP program is down, hack the virtual program so we can transmit the AI hard drive!
<174>3 2025-12-17T17:49:19.363Z centralempower.name sed 3200 ID246 - Try to quantify the ADP microchip, maybe it will transmit the open-source transmitter!
<123>3 2025-12-17T17:49:19.363Z internalstreamline.com sit 3566 ID302 - The COM capacitor is down, compress the bluetooth application so we can copy the THX port!
<166>3 2025-12-17T17:49:19.363Z dynamicexpedite.info fugit 146 ID291 - If we hack the card, we can get to the RSS bus through the 1080p TCP matrix!
<13>Dec 17 17:51:12 gateway authd[1000]: user=zain_mitha password=Yls1yEJvcyrKl status=rejected
<159>3 2025-12-17T17:49:19.363Z regional24/7.net ea 7149 ID723 - Use the digital AI microchip, then you can navigate the bluetooth driver!
<34>3 2025-12-17T17:49:19.363Z internationalcompelling.org quis 594 ID613 - If we override the application, we can get to the ADP system through the multi-byte TCP hard drive!
<6>3 2025-12-17T17:49:19.363Z centralfunctionalities.org labore 5913 ID189 - I'Ll synthesize the digital HDD port, that should program the AGP panel!
<75>2 2025-12-17T17:49:19.363Z principalfunctionalities.net impedit 4803 ID411 - The RAM system is down, synthesize the auxiliary monitor so we can copy the ADP hard drive!
<166>3 2025-12-17T17:49:19.363Z districtvalue-added.name nesciunt 2980 ID115 - You can't copy the panel without generating the auxiliary COM hard drive!
<184>1 2025-12-17T17:49:19.363Z directdisintermediate.net cum 7764 ID936 - Connecting the monitor won't do anything, we need to connect the multi-byte XML alarm!
<124>2 2025-12-17T17:49:19.363Z globalintuitive.info molestiae 3584 ID93 - Use the redundant SMTP panel, then you can input the multi-byte port!
<164>1 2025-12-17T17:49:19.363Z internationalinitiatives.info quis 5032 ID345 - Try to parse the CSS system, maybe it will hack the cross-platform sensor!
<113>2 2025-12-17T17:49:19.363Z internaldot-com.io sit 6953 ID389 - We need to parse the haptic GB system!
<16>3 2025-12-17T17:49:19.363Z globalinnovate.org totam 1732 ID145 - I'Ll reboot the online XSS transmitter, that should circuit the SMS sensor!
<110>2 2025-12-17T17:49:19.363Z forwardsticky.org consectetur 2049 ID390 - The SDD alarm is down, quantify the haptic transmitter so we can generate the USB microchip!
<69>2 2025-12-17T17:49:19.363Z dynamicsynthesize.com est 2446 ID139 - I'Ll generate the multi-byte CSS system, that should driver the PNG firewall!
<186>2 2025-12-17T17:49:19.363Z forwardclicks-and-mortar.io porro 7998 ID914 - If we program the protocol, we can get to the XML system through the cross-platform AI system!
<172>1 2025-12-17T17:49:19.363Z directmaximize.org minus 6918 ID615 - The RSS application is down, reboot the optical system so we can navigate the XSS card!
<68>2 2025-12-17T17:49:19.363Z leade-markets.name suscipit 207 ID328 - You can't program the monitor without quantifying the auxiliary GB pixel!
<13>Dec 17 17:51:16 gateway authd[1000]: user=salim_gheewalla password=j4vQODtNs status=rejected
<146>3 2025-12-17T17:49:19.363Z dynamicrevolutionary.name beatae 4954 ID614 - We need to transmit the 1080p HDD feed!
<13>Dec 17 17:51:19 gateway authd[1000]: user=zoheb_makani password=KsnOp2iaJ status=rejected
<56>1 2025-12-17T17:49:19.363Z customere-commerce.name eaque 2727 ID448 - Use the neural SMS interface, then you can quantify the redundant program!
<117>1 2025-12-17T17:49:19.363Z principalweb services.io illo 3717 ID581 - The IB monitor is down, generate the 1080p feed so we can hack the COM feed!
<28>1 2025-12-17T17:49:19.363Z regionalrich.io dignissimos 5586 ID381 - Use the redundant PCI microchip, then you can generate the online bandwidth!
<78>2 2025-12-17T17:49:19.363Z legacycross-media.name culpa 3424 ID53 - The SAS pixel is down, calculate the solid state port so we can back up the TCP interface!
<73>2 2025-12-17T17:49:19.363Z chiefrobust.com voluptatem 1411 ID382 - If we parse the matrix, we can get to the SQL program through the multi-byte PCI pixel!
<9>1 2025-12-17T17:49:19.363Z seniorextensible.info occaecati 2113 ID680 - The XSS alarm is down, reboot the digital application so we can input the USB driver!
<60>2 2025-12-17T17:49:19.363Z regionalmission-critical.net et 7521 ID98 - The CSS bandwidth is down, navigate the wireless pixel so we can connect the PCI hard drive!
<122>3 2025-12-17T17:49:19.363Z dynamicrelationships.com consequuntur 4263 ID477 - Use the haptic IB matrix, then you can generate the neural bus!
<122>1 2025-12-17T17:49:19.363Z internationalplatforms.org cumque 3615 ID1000 - I'Ll navigate the solid state USB port, that should bandwidth the COM monitor!
<13>Dec 17 17:51:22 gateway authd[1000]: user=aneel password=Ca3OYXwAjyY status=rejected
<58>3 2025-12-17T17:49:19.363Z customergranular.biz officiis 9439 ID335 - Hacking the transmitter won't do anything, we need to program the cross-platform RSS array!
<40>3 2025-12-17T17:49:19.363Z forwardubiquitous.info atque 4059 ID675 - Try to compress the RAM array, maybe it will bypass the optical port!
<2>3 2025-12-17T17:49:19.363Z investore-markets.biz impedit 752 ID394 - We need to quantify the wireless HTTP interface!
<108>3 2025-12-17T17:49:19.363Z globalsystems.org est 4663 ID225 - The TCP pixel is down, index the back-end sensor so we can index the PCI bandwidth!
<130>3 2025-12-17T17:49:19.363Z investorsystems.io voluptates 7830 ID92 - The RAM sensor is down, generate the 1080p program so we can index the CSS system!
<116>2 2025-12-17T17:49:19.363Z customerreal-time.net magnam 2151 ID921 - Try to synthesize the PNG alarm, maybe it will calculate the optical port!
<184>2 2025-12-17T17:49:19.363Z internationalmaximize.net enim 6276 ID58 - Use the wireless XML monitor, then you can navigate the haptic bandwidth!
<170>3 2025-12-17T17:49:19.363Z corporateimplement.com quia 4296 ID540 - Use the digital GB monitor, then you can reboot the 1080p pixel!
<129>3 2025-12-17T17:49:19.363Z productvalue-added.net beatae 8481 ID698 - You can't copy the bus without quantifying the auxiliary JBOD alarm!
<145>1 2025-12-17T17:49:19.363Z dynamicunleash.org voluptatem 6998 ID979 - If we synthesize the interface, we can get to the RSS monitor through the redundant SDD alarm!
<144>3 2025-12-17T17:49:19.363Z customernext-generation.net itaque 5610 ID402 - You can't input the program without copying the 1080p SSL bandwidth!
<162>2 2025-12-17T17:49:19.363Z districtconvergence.org porro 9728 ID73 - Use the back-end USB monitor, then you can parse the multi-byte feed!
<57>2 2025-12-17T17:49:19.363Z investorweb-readiness.info quae 844 ID236 - Use the auxiliary XML array, then you can bypass the cross-platform bus!
<65>3 2025-12-17T17:49:19.363Z dynamicsolutions.info ipsam 2447 ID465 - Programming the matrix won't do anything, we need to program the open-source AI application!
<108>1 2025-12-17T17:49:19.363Z dynamicparadigms.com aliquam 6336 ID651 - I'Ll connect the virtual IB microchip, that should circuit the PCI application!
<157>3 2025-12-17T17:49:19.363Z centralorchestrate.org praesentium 9923 ID335 - You can't input the feed without connecting the cross-platform XML microchip!
<15>3 2025-12-17T17:49:19.363Z districtrevolutionize.info sit 2321 ID418 - Overriding the monitor won't do anything, we need to index the cross-platform XML bandwidth!
<13>Dec 17 17:51:23 gateway authd[1000]: user=amin_jaffer password=rGZggBYEVNM status=rejected
<13>Dec 17 17:51:28 gateway authd[1000]: user=samir password=775yLcAWvxDqf5 status=rejected
<35>1 2025-12-17T17:49:19.363Z dynamicholistic.io sit 3544 ID953 - We need to input the haptic CSS alarm!
<164>3 2025-12-17T17:49:19.363Z productsynergistic.com possimus 1681 ID85 - We need to hack the open-source SMS capacitor!
<37>1 2025-12-17T17:49:19.363Z productintuitive.name omnis 9941 ID527 - Use the cross-platform SDD application, then you can transmit the neural monitor!
<133>1 2025-12-17T17:49:19.363Z dynamicclicks-and-mortar.com assumenda 7853 ID455 - Try to parse the SAS transmitter, maybe it will reboot the virtual port!
<152>2 2025-12-17T17:49:19.363Z investordrive.net beatae 2350 ID169 - I'Ll calculate the cross-platform CSS alarm, that should bus the GB card!
<161>3 2025-12-17T17:49:19.363Z customernetworks.net repudiandae 4416 ID410 - Copying the sensor won't do anything, we need to parse the digital XSS application!
<106>3 2025-12-17T17:49:19.363Z investorsynthesize.info sunt 4109 ID514 - Use the 1080p XSS array, then you can input the virtual bus!
<36>1 2025-12-17T17:49:19.363Z districtdrive.biz illum 904 ID42 - You can't synthesize the firewall without parsing the haptic USB matrix!
<13>Dec 17 17:51:30 gateway authd[1000]: user=riyaz_popatia password=a3GX914Pt0lz2Z status=rejected
<119>3 2025-12-17T17:49:19.363Z forwardeyeballs.info corrupti 4946 ID873 - If we program the application, we can get to the XML panel through the optical THX card!
<24>1 2025-12-17T17:49:19.363Z directconvergence.net qui 9606 ID76 - I'Ll synthesize the open-source GB system, that should transmitter the AGP transmitter!
<61>2 2025-12-17T17:49:19.363Z leadvisionary.org error 984 ID386 - I'Ll compress the mobile AGP application, that should card the SMS sensor!
<13>Dec 17 17:51:34 gateway authd[1000]: user=aziz_kapadia password=45bKokwH status=rejected
<84>2 2025-12-17T17:49:19.363Z investor24/365.com et 9140 ID192 - The SMS feed is down, compress the bluetooth microchip so we can override the THX protocol!
<129>2 2025-12-17T17:49:19.363Z chiefvortals.org perspiciatis 7380 ID55 - I'Ll hack the bluetooth USB bandwidth, that should firewall the COM alarm!
<13>Dec 17 17:51:37 gateway authd[1000]: user=aneel password=l3F4nsNXrjYR status=rejected
<172>1 2025-12-17T17:49:19.363Z dynamice-markets.net sed 9816 ID651 - You can't reboot the card without parsing the primary SQL card!
<13>Dec 17 17:51:41 gateway authd[1000]: user=mahek_ramzan password=jQE28eQTLdi status=rejected
<68>2 2025-12-17T17:49:19.363Z dynamicinfrastructures.io odit 3713 ID124 - You can't connect the card without backing up the open-source HDD application!
<81>1 2025-12-17T17:49:19.363Z seniorsynergies.name dolore 5843 ID548 - We need to input the optical PNG circuit!
<3>2 2025-12-17T17:49:19.363Z chiefinteractive.org eius 8512 ID698 - The SSL driver is down, program the 1080p monitor so we can bypass the PCI protocol!
<13>Dec 17 17:51:43 gateway authd[1000]: user=ali_dharani password=06BMWlar8 status=rejected
<172>3 2025-12-17T17:49:19.363Z humanniches.org sit 7864 ID583 - I'Ll bypass the back-end EXE capacitor, that should bandwidth the SQL capacitor!
<70>2 2025-12-17T17:49:19.363Z nationalholistic.name ullam 8272 ID190 - I'Ll compress the auxiliary SDD hard drive, that should protocol the TCP port!
<13>Dec 17 17:51:47 gateway authd[1000]: user=shehzad_merchant password=812zgWplUe1s status=rejected
<176>3 2025-12-17T17:49:19.363Z internalenable.biz voluptas 5410 ID914 - Use the 1080p CSS microchip, then you can copy the wireless card!
<171>1 2025-12-17T17:49:19.363Z legacykiller.info distinctio 6734 ID764 - If we input the matrix, we can get to the SDD hard drive through the 1080p SMTP circuit!
<80>3 2025-12-17T17:49:19.363Z internalwhiteboard.io eum 5582 ID150 - Try to copy the XSS sensor, maybe it will copy the cross-platform card!
<36>3 2025-12-17T17:49:19.363Z internaldeliver.net maxime 5078 ID895 - The TCP bandwidth is down, index the optical capacitor so we can transmit the TCP alarm!
<33>2 2025-12-17T17:49:19.363Z centralsynergistic.biz est 7439 ID637 - The SQL sensor is down, connect the wireless transmitter so we can program the PCI system!
<26>1 2025-12-17T17:49:19.363Z humanmagnetic.org sequi 4193 ID850 - You can't connect the program without generating the auxiliary XML bandwidth!
<13>Dec 17 17:51:52 gateway authd[1000]: user=aziz_kapadia password=deCKghhF status=rejected
<13>Dec 17 17:51:53 gateway authd[1000]: user=moez password=fT1NsCi0jcEeC status=rejected
<13>Dec 17 17:51:55 gateway authd[1000]: user=samir password=ZFnv8E8I status=rejected
<53>1 2025-12-17T17:49:19.363Z legacysolutions.info aut 5921 ID705 - Hacking the array won't do anything, we need to parse the bluetooth HDD driver!
<110>3 2025-12-17T17:49:19.363Z productinfomediaries.net cupiditate 8530 ID319 - If we override the interface, we can get to the SMS application through the solid state RAM capacitor!
<51>2 2025-12-17T17:49:19.363Z internalsticky.biz voluptas 9027 ID144 - Try to transmit the SDD bandwidth, maybe it will connect the mobile capacitor!
<13>Dec 17 17:52:00 gateway authd[1000]: user=anita_karim password=DjLeCLuMtZhFIQ status=rejected
<13>Dec 17 17:52:03 gateway authd[1000]: user=asif password=QvrH7mtogxm status=rejected
<13>Dec 17 17:52:08 gateway authd[1000]: user=arshad_somani password=yEdvDnq7bziw1J status=rejected
<13>Dec 17 17:52:13 gateway authd[1000]: user=zull_nensi password=LyNRHZb4A status=rejected
<132>2 2025-12-17T17:49:19.363Z nationalmonetize.io illum 2365 ID984 - Use the optical TCP array, then you can transmit the bluetooth sensor!
<13>Dec 17 17:52:16 gateway authd[1000]: user=riyaz_popatia password=Yvz7VS7clDD status=rejected
<65>1 2025-12-17T17:49:19.363Z internalimpactful.biz porro 693 ID743 - Use the wireless THX hard drive, then you can input the solid state circuit!
<26>1 2025-12-17T17:49:19.363Z nationalcollaborative.name molestiae 5377 ID290 - If we back up the application, we can get to the ADP panel through the haptic SCSI bus!
<89>3 2025-12-17T17:49:19.363Z futureproactive.biz omnis 638 ID121 - We need to generate the optical PNG transmitter!
<174>2 2025-12-17T17:49:19.363Z chiefcompelling.net id 113 ID123 - If we program the bandwidth, we can get to the AGP array through the mobile GB panel!
<13>Dec 17 17:52:21 gateway authd[1000]: user=zoheb_makani password=r0f2M7aTTV6r status=rejected
<13>Dec 17 17:52:24 gateway authd[1000]: user=murad password=d4s3n3ayXWBYVJ status=rejected
<84>3 2025-12-17T17:49:19.363Z globalone-to-one.name iste 3729 ID658 - Try to bypass the CSS application, maybe it will hack the cross-platform hard drive!
<37>2 2025-12-17T17:49:19.363Z regionalharness.biz nesciunt 9948 ID829 - Hacking the port won't do anything, we need to index the auxiliary SMTP pixel!
<13>Dec 17 17:52:28 gateway authd[1000]: user=shahzeb_jiwani password=YOgzaduv1W status=rejected
<143>3 2025-12-17T17:49:19.363Z dynamicaction-items.net nisi 5607 ID201 - Use the online PNG protocol, then you can parse the solid state bus!
<124>2 2025-12-17T17:49:19.363Z seniormagnetic.net cumque 9052 ID142 - Use the auxiliary COM capacitor, then you can calculate the solid state bandwidth!
<13>Dec 17 17:52:29 gateway authd[1000]: user=armaan_chakkiwala password=QUgNKqhzRJT5BL status=rejected
<70>1 2025-12-17T17:49:19.363Z customerfunctionalities.com non 4794 ID435 - Try to navigate the COM bus, maybe it will synthesize the open-source panel!
<120>3 2025-12-17T17:49:19.363Z nationalmodels.name quos 2776 ID641 - Use the primary PNG monitor, then you can synthesize the cross-platform feed!
<13>Dec 17 17:52:31 gateway authd[1000]: user=arshad_somani password=TxHbD6pt8xTk status=rejected
<13>Dec 17 17:52:36 gateway authd[1000]: user=shezan password=tgVz7X7Vx0 status=rejected
<155>3 2025-12-17T17:49:19.363Z seniorvertical.com impedit 7949 ID21 - You can't parse the bus without transmitting the solid state SCSI transmitter!
<13>Dec 17 17:52:40 gateway authd[1000]: user=anita_karim password=GchpyhHD0G status=rejected
<134>1 2025-12-17T17:49:19.363Z corporatemodels.org est 4104 ID381 - We need to hack the open-source USB firewall!
<56>3 2025-12-17T17:49:19.363Z corporateworld-class.com dicta 1727 ID123 - The XML port is down, transmit the redundant pixel so we can reboot the SQL monitor!
<127>1 2025-12-17T17:49:19.363Z corporateintegrate.com dolor 3615 ID676 - We need to hack the auxiliary RSS monitor!
<13>Dec 17 17:52:44 gateway authd[1000]: user=shezan password=dULvML23 status=rejected
<118>3 2025-12-17T17:49:19.363Z customerexploit.name debitis 4014 ID772 - You can't input the interface without indexing the cross-platform HDD firewall!
<13>Dec 17 17:52:48 gateway authd[1000]: user=moez password=IhFBoXXgmpbQk4 status=rejected
<13>Dec 17 17:52:49 gateway authd[1000]: user=roheen password=iXfbRUMAED2cW status=rejected
<115>1 2025-12-17T17:49:19.363Z nationalarchitect.name consequuntur 8325 ID749 - I'Ll transmit the cross-platform ADP feed, that should interface the RSS panel!
<13>Dec 17 17:52:53 gateway authd[1000]: user=anita_karim password=Kj9WuSauB status=rejected
<74>2 2025-12-17T17:49:19.363Z internalcustomized.org omnis 1396 ID610 - Try to override the ADP port, maybe it will synthesize the multi-byte circuit!
<63>1 2025-12-17T17:49:19.363Z productvisualize.io nihil 1911 ID101 - If we connect the bandwidth, we can get to the GB program through the optical SQL card!
<13>Dec 17 17:52:57 gateway authd[1000]: user=ahil_hashim password=WFFUmmNi3KXe status=rejected
<40>2 2025-12-17T17:49:19.363Z investore-business.info ut 2954 ID838 - The IB hard drive is down, generate the solid state driver so we can override the HTTP hard drive!
<41>3 2025-12-17T17:49:19.363Z corporatedisintermediate.net qui 3221 ID305 - The FTP hard drive is down, program the virtual monitor so we can hack the THX card!
<111>1 2025-12-17T17:49:19.363Z districtcommunities.info dicta 1276 ID953 - We need to generate the back-end AI sensor!
<144>2 2025-12-17T17:49:19.363Z dynamicorchestrate.name molestias 8328 ID287 - You can't bypass the array without hacking the digital JBOD protocol!
<79>2 2025-12-17T17:49:19.363Z regionalleading-edge.info et 9765 ID501 - Try to hack the SSL program, maybe it will copy the neural protocol!
<53>3 2025-12-17T17:49:19.363Z centrale-business.biz itaque 8535 ID503 - I'Ll navigate the neural XSS application, that should interface the SSL sensor!
<13>Dec 17 17:53:01 gateway authd[1000]: user=zain_mitha password=ehYCR9mdy status=rejected
<187>3 2025-12-17T17:49:19.363Z globaldynamic.org molestiae 5518 ID88 - Indexing the matrix won't do anything, we need to quantify the cross-platform CSS interface!
<13>Dec 17 17:53:05 gateway authd[1000]: user=zull_nensi password=rtx2r54qYxI status=rejected
<189>1 2025-12-17T17:49:19.363Z chiefinterfaces.io nemo 284 ID15 - I'Ll quantify the auxiliary FTP sensor, that should feed the COM protocol!
<191>1 2025-12-17T17:49:19.363Z centralcross-platform.io officiis 4542 ID144 - I'Ll generate the multi-byte RSS monitor, that should firewall the PNG application!
<13>Dec 17 17:53:06 gateway authd[1000]: user=zull_nensi password=RIki7HOJ0cjvjF status=rejected
<109>2 2025-12-17T17:49:19.363Z dynamicmesh.io repudiandae 311 ID32 - If we program the capacitor, we can get to the HDD panel through the primary CSS feed!
<13>Dec 17 17:53:07 gateway authd[1000]: user=inara_rupani password=pLxCBOpJFeeG status=rejected
<13>Dec 17 17:53:12 gateway authd[1000]: user=ali_dharani password=Mo6bwWS49 status=rejected
<156>1 2025-12-17T17:49:19.363Z regionaldeliver.info saepe 8073 ID511 - Use the back-end PCI port, then you can override the 1080p hard drive!
<41>3 2025-12-17T17:49:19.363Z districttechnologies.org rem 5068 ID794 - We need to compress the mobile COM application!
<13>Dec 17 17:53:14 gateway authd[1000]: user=raheel password=Q65p7HXa3 status=rejected
<62>1 2025-12-17T17:49:19.363Z dynamice-business.org quod 7175 ID500 - Connecting the protocol won't do anything, we need to parse the digital HDD capacitor!
<13>Dec 17 17:53:16 gateway authd[1000]: user=arwa password=X3xTH2cqHqbA status=rejected
<45>1 2025-12-17T17:49:19.363Z globalinfrastructures.name perspiciatis 8155 ID570 - If we synthesize the interface, we can get to the ADP sensor through the online AI driver!
<13>Dec 17 17:53:18 gateway authd[1000]: user=saurabh password=ZU2eBxxLnT status=rejected
<13>Dec 17 17:53:20 gateway authd[1000]: user=inara_rupani password=sBYUV5a8csZjrM status=rejected
<13>Dec 17 17:53:22 gateway authd[1000]: user=amin_jaffer password=6GvkruhgchyXq status=rejected
<13>Dec 17 17:53:26 gateway authd[1000]: user=ayaan_ajaney password=iYCxSjb51Nav status=rejected
<13>Dec 17 17:53:30 gateway authd[1000]: user=murad password=er8rOnHTouygs0 status=rejected
<127>1 2025-12-17T17:49:19.363Z productworld-class.net ad 7179 ID635 - Try to quantify the USB bandwidth, maybe it will quantify the mobile bandwidth!
<166>3 2025-12-17T17:49:19.363Z dynamicaggregate.info quidem 6223 ID167 - Try to reboot the TCP application, maybe it will override the redundant bus!
<32>1 2025-12-17T17:49:19.363Z regionalarchitectures.info et 4696 ID376 - The SDD protocol is down, generate the open-source firewall so we can reboot the IB matrix!
<8>1 2025-12-17T17:49:19.363Z principalaggregate.info aspernatur 3653 ID642 - Try to connect the EXE sensor, maybe it will reboot the solid state panel!
<13>Dec 17 17:53:33 gateway authd[1000]: user=mahek_ramzan password=sJujrmbaMz status=rejected
<66>3 2025-12-17T17:49:19.363Z leadcultivate.biz suscipit 2623 ID202 - You can't connect the circuit without bypassing the optical RAM sensor!
<162>1 2025-12-17T17:49:19.363Z internationaluser-centric.info repellendus 6453 ID783 - I'Ll index the haptic SAS protocol, that should system the JBOD sensor!
<17>1 2025-12-17T17:49:19.363Z centralturn-key.net magni 7097 ID684 - Use the digital AGP sensor, then you can calculate the optical pixel!
<166>1 2025-12-17T17:49:19.363Z globalmetrics.io tenetur 6298 ID229 - Use the haptic AGP alarm, then you can synthesize the optical transmitter!
<78>3 2025-12-17T17:49:19.363Z corporateparadigms.name voluptates 1153 ID776 - Try to compress the GB transmitter, maybe it will hack the open-source sensor!
<165>3 2025-12-17T17:49:19.363Z districtmission-critical.com distinctio 1581 ID21 - Synthesizing the feed won't do anything, we need to compress the neural EXE bandwidth!
<115>1 2025-12-17T17:49:19.363Z directtransform.biz odio 3237 ID129 - If we bypass the panel, we can get to the XSS circuit through the neural JBOD transmitter!
<19>1 2025-12-17T17:49:19.363Z nationalmission-critical.io accusamus 2643 ID820 - Try to synthesize the ADP application, maybe it will compress the virtual microchip!
<160>2 2025-12-17T17:49:19.363Z humancross-platform.net soluta 8594 ID190 - Try to bypass the XML monitor, maybe it will override the auxiliary panel!
<85>3 2025-12-17T17:49:19.363Z internationalfunctionalities.biz veniam 494 ID579 - Use the mobile JSON pixel, then you can transmit the bluetooth application!
<158>1 2025-12-17T17:49:19.363Z internalinitiatives.io exercitationem 4406 ID317 - You can't connect the sensor without synthesizing the open-source AGP system!
<40>2 2025-12-17T17:49:19.363Z directembrace.io consequatur 8321 ID711 - I'Ll synthesize the multi-byte AGP bus, that should firewall the COM sensor!
<40>2 2025-12-17T17:49:19.363Z productdistributed.net nihil 1469 ID79 - I'Ll reboot the mobile GB hard drive, that should matrix the IB transmitter!
<13>Dec 17 17:53:36 gateway authd[1000]: user=armaan_chakkiwala password=eDGE40vOY status=rejected
<13>Dec 17 17:53:38 gateway authd[1000]: user=asif password=KiRyqBnJj status=rejected
<13>Dec 17 17:53:42 gateway authd[1000]: user=raheel password=CrByajIvA5vz status=rejected
<95>3 2025-12-17T17:49:19.363Z corporateleverage.info reprehenderit 9161 ID77 - Synthesizing the protocol won't do anything, we need to copy the online SDD pixel!
<27>1 2025-12-17T17:49:19.363Z customernetworks.net voluptatem 9896 ID589 - Try to quantify the RAM interface, maybe it will navigate the virtual monitor!
<73>3 2025-12-17T17:49:19.363Z customerdot-com.io quo 8379 ID613 - Hacking the monitor won't do anything, we need to hack the multi-byte SAS sensor!
