<13>Dec 17 17:49:17 gateway authd[1000]: user=marriam_shah password=RasarTvefB status=rejected
<13>Dec 17 17:49:22 gateway authd[1000]: user=amin_jaffer password=9XR3xNTmSyrn2 status=rejected
<187>2 2025-12-17T17:49:19.172Z centraldisintermediate.org repellendus 933 ID872 - Try to copy the HDD capacitor, maybe it will reboot the cross-platform firewall!
<13>Dec 17 17:49:24 gateway authd[1000]: user=amyn_sarif password=sHfONQceKt8 status=rejected
<13>Dec 17 17:49:29 gateway authd[1000]: user=manisha_hirani password=hAGcUz2xCkB status=rejected
<92>1 2025-12-17T17:49:19.172Z directmagnetic.com omnis 8419 ID390 - If we quantify the driver, we can get to the CSS circuit through the 1080p JSON driver!
<13>Dec 17 17:49:33 gateway authd[1000]: user=saurabh password=epYPW06sXypqT status=rejected
<13>Dec 17 17:49:37 gateway authd[1000]: user=salim_gheewalla password=aAwiRCCa status=rejected
<25>3 2025-12-17T17:49:19.172Z futureintuitive.org sunt 1817 ID436 - The THX interface is down, bypass the open-source interface so we can synthesize the HTTP capacitor!
<54>3 2025-12-17T17:49:19.172Z futuredeliver.biz autem 2074 ID442 - Use the primary PCI capacitor, then you can reboot the digital interface!
<9>2 2025-12-17T17:49:19.172Z principaldistributed.name autem 1175 ID144 - Navigating the protocol won't do anything, we need to quantify the multi-byte SQL program!
<169>3 2025-12-17T17:49:19.172Z corporatebenchmark.name harum 2108 ID554 - If we connect the circuit, we can get to the RAM driver through the optical XSS matrix!
<13>Dec 17 17:49:42 gateway authd[1000]: user=inara_rupani password=5Ywg2SIHoAMj status=rejected
<150>1 2025-12-17T17:49:19.172Z international24/365.biz omnis 914 ID205 - Use the open-source SDD panel, then you can copy the 1080p hard drive!
<105>2 2025-12-17T17:49:19.172Z globaloptimize.info omnis 6143 ID241 - We need to connect the redundant AGP capacitor!
<13>Dec 17 17:49:45 gateway authd[1000]: user=farid_merchant password=cfb1ABUiu5 status=rejected
<184>1 2025-12-17T17:49:19.172Z dynamicmission-critical.org unde 3634 ID499 - I'Ll quantify the auxiliary EXE interface, that should panel the SCSI panel!
<13>Dec 17 17:49:46 gateway authd[1000]: user=a_ali password=8RAMBLPKMmq4z status=rejected
<13>Dec 17 17:49:51 gateway authd[1000]: user=iliyan_momin password=frg2r1Yj status=rejected
<104>2 2025-12-17T17:49:19.172Z districtmarkets.name consequatur 1042 ID895 - You can't parse the hard drive without parsing the neural AGP card!
<141>2 2025-12-17T17:49:19.172Z customersupply-chains.net possimus 5486 ID494 - You can't override the microchip without navigating the virtual FTP array!
<68>2 2025-12-17T17:49:19.172Z futurecultivate.biz vel 5110 ID110 - Navigating the capacitor won't do anything, we need to generate the back-end PNG microchip!
<100>1 2025-12-17T17:49:19.172Z centralportals.biz sit 2130 ID618 - I'Ll quantify the cross-platform USB hard drive, that should sensor the HDD port!
<170>1 2025-12-17T17:49:19.172Z nationalincubate.io soluta 3448 ID121 - Generating the interface won't do anything, we need to copy the redundant SMTP array!
<3>2 2025-12-17T17:49:19.172Z leadefficient.net consequatur 2222 ID395 - Use the digital AI transmitter, then you can reboot the bluetooth transmitter!
<0>2 2025-12-17T17:49:19.172Z legacye-business.biz accusamus 6939 ID656 - I'Ll parse the redundant JBOD feed, that should array the SSL bandwidth!
<173>2 2025-12-17T17:49:19.172Z globalmatrix.com neque 7551 ID979 - If we back up the bandwidth, we can get to the COM program through the virtual ADP capacitor!
<49>2 2025-12-17T17:49:19.172Z corporateproductize.io velit 905 ID309 - The AI sensor is down, parse the open-source interface so we can reboot the HDD bus!
<54>2 2025-12-17T17:49:19.172Z customercontent.biz at 8515 ID477 - We need to calculate the 1080p AI protocol!
<13>Dec 17 17:49:53 gateway authd[1000]: user=zanir password=i54lZz4V status=rejected
<13>Dec 17 17:49:56 gateway authd[1000]: user=inara_rupani password=uT6tCl29i status=rejected
<13>Dec 17 17:50:01 gateway authd[1000]: user=iliyan_momin password=QeNJToXsb status=rejected
<3>2 2025-12-17T17:49:19.172Z nationalsolutions.info perferendis 808 ID413 - If we connect the system, we can get to the PNG driver through the wireless COM matrix!
<97>2 2025-12-17T17:49:19.172Z investormindshare.com amet 2059 ID977 - If we reboot the alarm, we can get to the THX port through the auxiliary AI matrix!
<165>1 2025-12-17T17:49:19.172Z globalvertical.net et 1071 ID692 - Try to synthesize the ADP firewall, maybe it will generate the back-end array!
<43>1 2025-12-17T17:49:19.172Z humancollaborative.io numquam 8111 ID541 - Navigating the transmitter won't do anything, we need to back up the bluetooth RAM program!
<93>1 2025-12-17T17:49:19.172Z leadcommunities.info voluptatibus 9213 ID735 - If we input the bandwidth, we can get to the ADP port through the auxiliary RSS array!
<13>Dec 17 17:50:04 gateway authd[1000]: user=amyn password=IehZA5Aey87 status=rejected
<56>2 2025-12-17T17:49:19.172Z futuremetrics.net consequuntur 6952 ID323 - I'Ll navigate the wireless SSL bandwidth, that should alarm the SSL monitor!
<13>Dec 17 17:50:06 gateway authd[1000]: user=shar password=VT15pL5fEs status=rejected
<168>2 2025-12-17T17:49:19.172Z forwardout-of-the-box.net eius 8911 ID977 - I'Ll generate the auxiliary FTP protocol, that should monitor the XML alarm!
<13>Dec 17 17:50:10 gateway authd[1000]: user=khizrali_kradiya password=qXgvk7KAU9Pj0T status=rejected
<13>Dec 17 17:50:13 gateway authd[1000]: user=arwa password=D8c5dWUS89ny status=rejected
<112>2 2025-12-17T17:49:19.172Z humanincubate.net quibusdam 961 ID747 - You can't reboot the feed without parsing the redundant SMS matrix!
<61>2 2025-12-17T17:49:19.172Z seniorstreamline.biz adipisci 9090 ID362 - The SDD alarm is down, parse the wireless panel so we can navigate the HDD firewall!
<92>2 2025-12-17T17:49:19.172Z chiefb2b.biz id 5136 ID726 - I'Ll program the redundant TCP pixel, that should hard drive the XSS card!
<67>2 2025-12-17T17:49:19.172Z humanembrace.name dolor 9727 ID178 - Indexing the feed won't do anything, we need to bypass the redundant THX port!
<131>2 2025-12-17T17:49:19.172Z productseamless.io non 7382 ID476 - Connecting the sensor won't do anything, we need to index the virtual XML sensor!
<13>Dec 17 17:50:17 gateway authd[1000]: user=rozi password=rVQZDDaYoVTMI7 status=rejected
<32>1 2025-12-17T17:49:19.172Z directfrictionless.org aut 1517 ID656 - Use the multi-byte SMS transmitter, then you can bypass the open-source microchip!
<107>1 2025-12-17T17:49:19.172Z globaldot-com.info repellat 6608 ID485 - You can't synthesize the transmitter without transmitting the mobile RSS feed!
<72>1 2025-12-17T17:49:19.172Z dynamicembrace.com maiores 7947 ID49 - We need to compress the 1080p THX microchip!
<127>3 2025-12-17T17:49:19.172Z leadnext-generation.net ea 9395 ID88 - I'Ll synthesize the haptic SDD pixel, that should panel the SCSI firewall!
<0>1 2025-12-17T17:49:19.172Z customerscalable.io illo 8877 ID579 - If we copy the microchip, we can get to the AGP capacitor through the neural JBOD driver!
<102>3 2025-12-17T17:49:19.172Z chiefparadigms.net iusto 3911 ID363 - I'Ll connect the bluetooth CSS monitor, that should bus the PCI monitor!
<49>1 2025-12-17T17:49:19.172Z forwarde-markets.io vitae 5221 ID749 - If we reboot the program, we can get to the USB array through the wireless SQL card!
<11>1 2025-12-17T17:49:19.172Z directincentivize.com repudiandae 8595 ID898 - If we parse the pixel, we can get to the GB monitor through the auxiliary AI capacitor!
<126>3 2025-12-17T17:49:19.172Z legacyiterate.io quia 3040 ID425 - We need to compress the redundant SCSI card!
<0>3 2025-12-17T17:49:19.172Z regionalenable.net omnis 7073 ID197 - We need to connect the bluetooth SAS matrix!
<24>2 2025-12-17T17:49:19.172Z internaldistributed.net eos 2255 ID949 - You can't generate the card without connecting the bluetooth SDD array!
<3>3 2025-12-17T17:49:19.172Z corporateholistic.io ut 1168 ID619 - I'Ll index the mobile JSON pixel, that should interface the AGP card!
<33>3 2025-12-17T17:49:19.172Z dynamicdistributed.name aspernatur 3016 ID831 - We need to compress the primary SAS sensor!
<13>Dec 17 17:50:18 gateway authd[1000]: user=akber_hussain password=pIxat9lhCE status=rejected
<7>1 2025-12-17T17:49:19.172Z corporatedistributed.com quia 1835 ID317 - Try to parse the FTP hard drive, maybe it will transmit the wireless matrix!
<163>3 2025-12-17T17:49:19.172Z futuresexy.io nihil 3603 ID595 - I'Ll copy the online COM hard drive, that should array the CSS capacitor!
<179>3 2025-12-17T17:49:19.172Z globalparadigms.biz corporis 8654 ID60 - I'Ll override the redundant RAM feed, that should alarm the AGP hard drive!
<7>3 2025-12-17T17:49:19.172Z regionalmarkets.io ipsum 5393 ID980 - Use the cross-platform SMTP card, then you can transmit the 1080p sensor!
<117>2 2025-12-17T17:49:19.172Z chiefweb-readiness.info et 3084 ID206 - We need to copy the redundant SDD pixel!
<158>1 2025-12-17T17:49:19.172Z internationalenhance.info quo 1095 ID312 - I'Ll input the 1080p ADP alarm, that should system the EXE program!
<67>1 2025-12-17T17:49:19.172Z globalimpactful.io soluta 5615 ID99 - If we copy the program, we can get to the FTP feed through the auxiliary RSS transmitter!
<13>Dec 17 17:50:19 gateway authd[1000]: user=jamil_jaffer password=dnMArNP7FdLO status=rejected
<9>1 2025-12-17T17:49:19.172Z seniortechnologies.org voluptatem 3222 ID963 - Use the solid state SMS circuit, then you can navigate the multi-byte circuit!
<13>Dec 17 17:50:23 gateway authd[1000]: user=manisha_hirani password=m7CIXjoqDAo status=rejected
<92>3 2025-12-17T17:49:19.172Z investorbest-of-breed.name nobis 3872 ID391 - Use the primary THX interface, then you can hack the 1080p interface!
<163>3 2025-12-17T17:49:19.172Z humanbleeding-edge.org minus 8754 ID433 - If we calculate the protocol, we can get to the SMS array through the wireless SDD bandwidth!
<113>3 2025-12-17T17:49:19.172Z leadenable.name est 2373 ID52 - Try to generate the PNG protocol, maybe it will navigate the online interface!
<146>1 2025-12-17T17:49:19.172Z globaliterate.com sit 7878 ID171 - You can't input the capacitor without quantifying the open-source IB feed!
<13>Dec 17 17:50:25 gateway authd[1000]: user=murad password=HKIQzpTz8h6l status=rejected
<32>1 2025-12-17T17:49:19.172Z forwardmaximize.org perspiciatis 5462 ID238 - You can't quantify the pixel without copying the bluetooth XSS microchip!
<17>2 2025-12-17T17:49:19.172Z internalstrategize.io nulla 4065 ID989 - We need to program the multi-byte AI interface!
<169>2 2025-12-17T17:49:19.172Z seniorapplications.com et 4963 ID899 - The THX pixel is down, index the back-end program so we can program the RAM system!
<13>Dec 17 17:50:30 gateway authd[1000]: user=marriam_shah password=TZIITpxz2HJ status=rejected
<186>2 2025-12-17T17:49:19.172Z district24/365.io veniam 9091 ID209 - I'Ll parse the solid state RAM system, that should pixel the PNG monitor!
<13>Dec 17 17:50:35 gateway authd[1000]: user=salim_gheewalla password=4ay934A6pDqbdE status=rejected
<94>3 2025-12-17T17:49:19.172Z leadwireless.info ut 201 ID716 - Navigating the interface won't do anything, we need to copy the open-source SSL feed!
<13>Dec 17 17:50:38 gateway authd[1000]: user=inara_rupani password=irwT7Kf4 status=rejected
<65>3 2025-12-17T17:49:19.172Z dynamicintegrate.com beatae 2200 ID627 - If we index the sensor, we can get to the XML monitor through the auxiliary EXE hard drive!
<114>2 2025-12-17T17:49:19.172Z globalcontent.info minima 9738 ID758 - I'Ll bypass the redundant AI program, that should array the XSS circuit!
<134>3 2025-12-17T17:49:19.172Z internationalvertical.info vitae 6694 ID233 - If we bypass the alarm, we can get to the PCI port through the auxiliary AGP circuit!
<151>1 2025-12-17T17:49:19.172Z seniorreal-time.info rerum 4090 ID625 - Use the mobile SDD circuit, then you can navigate the auxiliary microchip!
<169>3 2025-12-17T17:49:19.172Z productenvisioneer.io quia 4540 ID491 - Synthesizing the system won't do anything, we need to copy the open-source RAM transmitter!
<13>Dec 17 17:50:42 gateway authd[1000]: user=amyn password=CXqeZapf status=rejected
<13>Dec 17 17:50:47 gateway authd[1000]: user=fayyaz_makhani password=ojWb4uVI4 status=rejected
<20>3 2025-12-17T17:49:19.172Z chiefclicks-and-mortar.net et 7269 ID10 - We need to generate the digital FTP alarm!
<101>1 2025-12-17T17:49:19.172Z investorone-to-one.org similique 9489 ID330 - The RSS monitor is down, copy the virtual panel so we can transmit the HDD capacitor!
<13>Dec 17 17:50:51 gateway authd[1000]: user=arwa password=4ezaYh0b status=rejected
<182>2 2025-12-17T17:49:19.172Z globalrevolutionize.com harum 8606 ID685 - Try to program the GB capacitor, maybe it will calculate the cross-platform capacitor!
<13>Dec 17 17:50:54 gateway authd[1000]: user=farez_vadsaria password=vkanvQBs status=rejected
<13>Dec 17 17:50:56 gateway authd[1000]: user=moses_merchant password=OI7SmA1bsKR status=rejected
<13>Dec 17 17:51:01 gateway authd[1000]: user=a_ali password=oeLKkM4tOn status=rejected
<13>Dec 17 17:51:02 gateway authd[1000]: user=salim_gheewalla password=M3dHnH6s2Z8IK status=rejected
<19>1 2025-12-17T17:49:19.172Z futureaggregate.biz aut 5624 ID763 - You can't bypass the driver without bypassing the redundant HDD system!
<13>Dec 17 17:51:07 gateway authd[1000]: user=farid_merchant password=94pz1BhLUjgNsO status=rejected
<47>3 2025-12-17T17:49:19.172Z humansexy.org voluptas 5537 ID283 - Use the redundant SQL bus, then you can back up the haptic bus!
<13>Dec 17 17:51:08 gateway authd[1000]: user=saurabh password=YC6k8CYo status=rejected
<106>1 2025-12-17T17:49:19.172Z districtleverage.org facere 5889 ID567 - Indexing the firewall won't do anything, we need to override the bluetooth JBOD system!
<139>1 2025-12-17T17:49:19.172Z districtinteractive.biz quis 9127 ID895 - I'Ll override the online TCP hard drive, that should card the XML program!
<157>2 2025-12-17T17:49:19.172Z humantransition.com in 9738 ID336 - Overriding the array won't do anything, we need to transmit the bluetooth RAM program!
<13>Dec 17 17:51:12 gateway authd[1000]: user=zoheb_makani password=iEpeJHE3fXU status=rejected
<37>3 2025-12-17T17:49:19.172Z directusers.net magnam 8371 ID239 - Try to parse the COM sensor, maybe it will back up the wireless sensor!
<10>3 2025-12-17T17:49:19.172Z dynamicrevolutionary.name et 7647 ID190 - Use the multi-byte SMTP firewall, then you can synthesize the online interface!
<170>3 2025-12-17T17:49:19.172Z dynamiccutting-edge.biz minima 7407 ID648 - Try to transmit the RAM driver, maybe it will transmit the open-source pixel!
<63>2 2025-12-17T17:49:19.172Z directleverage.info est 3435 ID823 - Use the haptic RAM driver, then you can synthesize the redundant port!
<12>1 2025-12-17T17:49:19.172Z customerenvisioneer.info dolore 2326 ID682 - I'Ll back up the haptic HDD sensor, that should matrix the CSS matrix!
<111>2 2025-12-17T17:49:19.172Z centraldisintermediate.biz in 2262 ID489 - You can't synthesize the monitor without transmitting the bluetooth XML array!
<123>3 2025-12-17T17:49:19.172Z futureuser-centric.biz reprehenderit 4307 ID520 - Try to override the SMTP bus, maybe it will copy the neural circuit!
<149>1 2025-12-17T17:49:19.172Z districtfunctionalities.name aliquid 1643 ID300 - If we program the alarm, we can get to the IB card through the primary ADP card!
<88>2 2025-12-17T17:49:19.172Z corporateusers.name officiis 2065 ID386 - I'Ll compress the open-source XML monitor, that should driver the AGP port!
<13>Dec 17 17:51:14 gateway authd[1000]: user=amin_jaffer password=Xwz942RoOsQ status=rejected
<191>3 2025-12-17T17:49:19.172Z futureharness.biz sit 325 ID662 - We need to index the neural AGP bandwidth!
<28>2 2025-12-17T17:49:19.172Z globalsynergistic.org tenetur 7785 ID292 - Use the redundant EXE pixel, then you can index the back-end pixel!
<150>2 2025-12-17T17:49:19.172Z districtvalue-added.io quia 7433 ID901 - The JSON card is down, synthesize the online firewall so we can transmit the RSS transmitter!
<152>2 2025-12-17T17:49:19.172Z corporateintuitive.org ut 2401 ID432 - Bypassing the pixel won't do anything, we need to index the auxiliary SCSI system!
<51>3 2025-12-17T17:49:19.172Z humanbleeding-edge.io fugit 1639 ID369 - We need to connect the digital SQL hard drive!
<152>3 2025-12-17T17:49:19.172Z forwardsupply-chains.info beatae 6765 ID742 - You can't synthesize the hard drive without programming the solid state TCP microchip!
<13>Dec 17 17:51:19 gateway authd[1000]: user=samir password=qxWnoOKI1AW7V9 status=rejected
<13>Dec 17 17:51:23 gateway authd[1000]: user=fayyaz_makhani password=Keop6l5Xy status=rejected
<50>1 2025-12-17T17:49:19.172Z productrich.biz quis 3996 ID777 - Try to calculate the EXE alarm, maybe it will quantify the online interface!
<44>3 2025-12-17T17:49:19.172Z leadexploit.info atque 3238 ID104 - If we copy the bus, we can get to the SCSI program through the solid state SSL firewall!
<126>3 2025-12-17T17:49:19.172Z leadexpedite.biz voluptatem 667 ID78 - If we calculate the protocol, we can get to the EXE system through the online SDD matrix!
<13>Dec 17 17:51:27 gateway authd[1000]: user=farez_vadsaria password=Tm11jOVjT status=rejected
<132>2 2025-12-17T17:49:19.172Z principaltransition.net qui 6496 ID594 - Try to connect the COM card, maybe it will program the wireless alarm!
<13>Dec 17 17:51:31 gateway authd[1000]: user=samir password=yKb1zsPEC2NfBo status=rejected
<112>1 2025-12-17T17:49:19.172Z nationalmethodologies.com et 2352 ID198 - The SMTP capacitor is down, index the mobile bandwidth so we can bypass the GB firewall!
<29>3 2025-12-17T17:49:19.172Z internalusers.io excepturi 2059 ID424 - We need to copy the digital RSS monitor!
<152>1 2025-12-17T17:49:19.172Z dynamicclicks-and-mortar.biz excepturi 6957 ID538 - We need to hack the cross-platform EXE card!
<168>2 2025-12-17T17:49:19.172Z regionalreinvent.org quisquam 7061 ID190 - Try to navigate the ADP bandwidth, maybe it will back up the multi-byte array!
<13>Dec 17 17:51:32 gateway authd[1000]: user=saira_jiwani password=rCjOhRB1SctTT status=rejected
<99>3 2025-12-17T17:49:19.172Z directdeploy.info officiis 8816 ID107 - The EXE firewall is down, input the mobile transmitter so we can bypass the HDD sensor!
<129>2 2025-12-17T17:49:19.172Z regionaldrive.com nobis 1650 ID73 - If we generate the circuit, we can get to the SAS card through the optical XSS pixel!
<38>3 2025-12-17T17:49:19.172Z leadsexy.io suscipit 8634 ID648 - If we copy the bandwidth, we can get to the CSS bandwidth through the cross-platform THX hard drive!
<49>2 2025-12-17T17:49:19.172Z forwarddynamic.name ducimus 2432 ID785 - We need to index the cross-platform SMS protocol!
<41>2 2025-12-17T17:49:19.172Z districttransform.biz esse 2362 ID950 - We need to generate the online HDD port!
<87>3 2025-12-17T17:49:19.172Z legacyproactive.info facilis 4826 ID500 - I'Ll compress the optical USB hard drive, that should sensor the EXE microchip!
<59>1 2025-12-17T17:49:19.172Z humanbleeding-edge.net incidunt 8356 ID764 - If we input the program, we can get to the THX bandwidth through the primary THX sensor!
<9>1 2025-12-17T17:49:19.172Z regionaldrive.com in 7373 ID672 - You can't copy the feed without hacking the mobile COM bus!
<108>1 2025-12-17T17:49:19.172Z internationalmorph.net quia 5907 ID983 - Hacking the panel won't do anything, we need to back up the online EXE sensor!
<5>2 2025-12-17T17:49:19.172Z corporatecutting-edge.info magni 4663 ID7 - You can't transmit the firewall without indexing the virtual PNG firewall!
<67>3 2025-12-17T17:49:19.172Z internationalefficient.org omnis 4231 ID484 - We need to program the haptic THX interface!
<7>1 2025-12-17T17:49:19.172Z principalevolve.com sit 6509 ID258 - We need to copy the redundant THX application!
<142>2 2025-12-17T17:49:19.172Z corporateplatforms.com et 8942 ID223 - Copying the application won't do anything, we need to connect the primary SQL bandwidth!
<15>1 2025-12-17T17:49:19.172Z regionalmindshare.net provident 8531 ID972 - We need to index the back-end COM card!
<95>3 2025-12-17T17:49:19.172Z districtoptimize.biz unde 9366 ID1000 - Use the primary PNG alarm, then you can compress the haptic feed!
<111>3 2025-12-17T17:49:19.172Z humanapplications.info aliquid 6274 ID153 - The XSS hard drive is down, transmit the back-end alarm so we can generate the FTP protocol!
<17>2 2025-12-17T17:49:19.172Z investorleverage.io ab 4476 ID142 - I'Ll synthesize the haptic RAM interface, that should bus the RSS array!
<140>2 2025-12-17T17:49:19.172Z globalinterfaces.name est 905 ID292 - Connecting the firewall won't do anything, we need to program the solid state PCI hard drive!
<13>Dec 17 17:51:37 gateway authd[1000]: user=amyn password=1ywVZFwuhXTxV9 status=rejected
<189>1 2025-12-17T17:49:19.172Z globalevolve.net consequatur 2179 ID389 - We need to input the optical AGP interface!
<13>Dec 17 17:51:38 gateway authd[1000]: user=asad password=GnPMFcjhSoeQ status=rejected
<22>2 2025-12-17T17:49:19.172Z corporatevisionary.net numquam 1446 ID260 - You can't reboot the transmitter without transmitting the solid state FTP matrix!
<38>1 2025-12-17T17:49:19.172Z productembrace.net facilis 2517 ID808 - The RAM program is down, connect the multi-byte capacitor so we can program the RAM program!
<13>Dec 17 17:51:42 gateway authd[1000]: user=murad password=01iOqeO0Jdog2K status=rejected
<52>1 2025-12-17T17:49:19.172Z directsystems.biz iusto 4981 ID506 - Quantifying the panel won't do anything, we need to override the mobile SDD array!
<13>Dec 17 17:51:44 gateway authd[1000]: user=samir password=THlcK8uleGq status=rejected
<119>3 2025-12-17T17:49:19.172Z centralempower.org corporis 5661 ID620 - If we parse the pixel, we can get to the RAM microchip through the open-source SDD bandwidth!
<163>2 2025-12-17T17:49:19.172Z internalorchestrate.io quasi 7040 ID176 - If we connect the bandwidth, we can get to the USB circuit through the haptic HTTP array!
<170>2 2025-12-17T17:49:19.172Z directcompelling.info numquam 4386 ID925 - I'Ll index the open-source FTP firewall, that should protocol the JBOD program!
<13>Dec 17 17:51:49 gateway authd[1000]: user=akber_hussain password=ePzFLNGYC status=rejected
<101>3 2025-12-17T17:49:19.172Z centralscalable.net reiciendis 8953 ID803 - I'Ll generate the virtual SAS application, that should system the SMTP system!
<76>2 2025-12-17T17:49:19.172Z dynamicdistributed.biz aut 9605 ID185 - Generating the bandwidth won't do anything, we need to synthesize the 1080p ADP pixel!
<25>3 2025-12-17T17:49:19.172Z chieftransform.org earum 7085 ID637 - We need to navigate the multi-byte JBOD feed!
<13>Dec 17 17:51:50 gateway authd[1000]: user=zoheb_makani password=xYeiNmpjGb status=rejected
<150>1 2025-12-17T17:49:19.172Z legacybrand.biz molestiae 6322 ID17 - I'Ll bypass the optical HTTP monitor, that should panel the EXE bus!
<13>Dec 17 17:51:52 gateway authd[1000]: user=zanir password=OuUMTbPZv status=rejected
<88>1 2025-12-17T17:49:19.172Z globalsynergize.name placeat 4718 ID790 - You can't generate the interface without navigating the back-end JBOD pixel!
<98>3 2025-12-17T17:49:19.172Z dynamicportals.info et 3090 ID19 - Copying the matrix won't do anything, we need to index the back-end SMS alarm!
<13>Dec 17 17:51:57 gateway authd[1000]: user=aly_a password=BoDNUCXrHo44WW status=rejected
<13>Dec 17 17:52:02 gateway authd[1000]: user=iliyan_momin password=3qZqiC42a2is3 status=rejected
<13>Dec 17 17:52:07 gateway authd[1000]: user=amin_jaffer password=rO6QCZl0UI75 status=rejected
<13>Dec 17 17:52:09 gateway authd[1000]: user=riyaz_popatia password=7VSsbjm79yeq4 status=rejected
<187>3 2025-12-17T17:49:19.172Z corporateefficient.com inventore 9367 ID910 - I'Ll program the mobile HDD circuit, that should card the ADP circuit!
<167>2 2025-12-17T17:49:19.172Z dynamicmatrix.name voluptates 6018 ID101 - Use the digital PCI alarm, then you can reboot the mobile matrix!
<42>3 2025-12-17T17:49:19.172Z districtrepurpose.org harum 2169 ID178 - You can't quantify the bandwidth without connecting the 1080p SMS application!
<139>3 2025-12-17T17:49:19.172Z forwardcommunities.info provident 7483 ID777 - If we parse the bus, we can get to the ADP matrix through the back-end EXE system!
<149>1 2025-12-17T17:49:19.172Z investorcollaborative.biz ad 9470 ID479 - The ADP feed is down, hack the redundant card so we can compress the JBOD transmitter!
<13>Dec 17 17:52:13 gateway authd[1000]: user=moses_merchant password=8QuAtGZyr8 status=rejected
<101>2 2025-12-17T17:49:19.172Z principalchannels.io quae 4015 ID270 - Copying the driver won't do anything, we need to back up the multi-byte EXE array!
<141>3 2025-12-17T17:49:19.172Z globalclicks-and-mortar.org amet 3577 ID89 - Try to back up the USB array, maybe it will input the optical capacitor!
<92>3 2025-12-17T17:49:19.172Z legacyincentivize.name mollitia 5292 ID50 - Try to navigate the TCP program, maybe it will program the virtual panel!
<145>1 2025-12-17T17:49:19.172Z legacyvisualize.biz et 2055 ID270 - Use the cross-platform GB port, then you can back up the optical protocol!
<130>2 2025-12-17T17:49:19.172Z leadniches.net non 9640 ID132 - I'Ll input the virtual CSS panel, that should alarm the XSS bus!
<80>2 2025-12-17T17:49:19.172Z humanrevolutionary.net error 300 ID86 - I'Ll navigate the primary AGP alarm, that should driver the USB driver!
<58>3 2025-12-17T17:49:19.172Z principalmetrics.org corrupti 2644 ID78 - The SCSI program is down, override the redundant transmitter so we can bypass the SDD port!
<13>Dec 17 17:52:14 gateway authd[1000]: user=moses_merchant password=j0eJr4j4gA24YF status=rejected
<188>3 2025-12-17T17:49:19.172Z investorintuitive.name ut 4700 ID690 - Try to transmit the SSL monitor, maybe it will quantify the virtual interface!
<13>Dec 17 17:52:17 gateway authd[1000]: user=saurabh password=YoPWElsj5vIHn status=rejected
<13>Dec 17 17:52:20 gateway authd[1000]: user=khizrali_kradiya password=IBdDPD36M status=rejected
<13>Dec 17 17:52:22 gateway authd[1000]: user=murad password=BgR5U4imx1P status=rejected
<13>Dec 17 17:52:25 gateway authd[1000]: user=saira_jiwani password=vWVfLSy5cgXJE status=rejected
<13>Dec 17 17:52:30 gateway authd[1000]: user=shar password=821HsGrmUXFxi5 status=rejected
<13>Dec 17 17:52:31 gateway authd[1000]: user=rozi password=CKT7wS2WADG status=rejected
<113>1 2025-12-17T17:49:19.172Z internationalportals.biz alias 4185 ID775 - We need to hack the primary IB circuit!
<72>2 2025-12-17T17:49:19.172Z nationalwhiteboard.name maxime 3717 ID685 - Compressing the bus won't do anything, we need to transmit the auxiliary CSS array!
<122>3 2025-12-17T17:49:19.172Z humaneyeballs.org illum 8128 ID683 - We need to copy the wireless JSON application!
<13>Dec 17 17:52:36 gateway authd[1000]: user=a_ali password=4LiiuX3YKcjj status=rejected
<139>2 2025-12-17T17:49:19.172Z corporatestreamline.com id 8934 ID900 - Try to reboot the USB port, maybe it will parse the solid state circuit!
<158>1 2025-12-17T17:49:19.172Z regionaldistributed.name soluta 7192 ID388 - Try to reboot the RSS card, maybe it will parse the primary firewall!
<32>2 2025-12-17T17:49:19.172Z investorredefine.name eaque 4512 ID93 - I'Ll synthesize the auxiliary THX alarm, that should port the PCI circuit!
<182>1 2025-12-17T17:49:19.172Z investortechnologies.info ipsa 8887 ID393 - I'Ll parse the multi-byte CSS application, that should card the SSL transmitter!
<161>3 2025-12-17T17:49:19.172Z dynamictransform.org aliquid 4030 ID942 - Use the redundant RAM interface, then you can copy the optical transmitter!
<41>2 2025-12-17T17:49:19.172Z nationaldrive.info minima 1063 ID163 - The JBOD microchip is down, hack the open-source transmitter so we can parse the HDD hard drive!
<13>Dec 17 17:52:41 gateway authd[1000]: user=jamil_jaffer password=yxsu6NC23Qru status=rejected
<58>3 2025-12-17T17:49:19.172Z customercross-platform.name vero 7818 ID329 - Overriding the port won't do anything, we need to bypass the neural SSL transmitter!
<44>1 2025-12-17T17:49:19.172Z internationalweb-enabled.org tempore 8059 ID271 - Use the online HDD array, then you can reboot the haptic port!
<13>Dec 17 17:52:43 gateway authd[1000]: user=hussein_din password=gwLLluE6qW status=rejected
<23>2 2025-12-17T17:49:19.172Z dynamicimplement.name officiis 5936 ID168 - We need to index the cross-platform JSON hard drive!
<85>1 2025-12-17T17:49:19.172Z corporatetransition.com aut 2666 ID693 - You can't generate the hard drive without generating the back-end HTTP protocol!
<126>1 2025-12-17T17:49:19.172Z forwardrecontextualize.com sapiente 1816 ID272 - Try to compress the USB microchip, maybe it will parse the optical transmitter!
<182>3 2025-12-17T17:49:19.172Z principalweb-enabled.info illo 1286 ID725 - I'Ll transmit the bluetooth SMS feed, that should matrix the USB firewall!
<128>1 2025-12-17T17:49:19.172Z productrecontextualize.org vel 3993 ID346 - The SMS application is down, parse the optical protocol so we can compress the SCSI circuit!
<25>2 2025-12-17T17:49:19.172Z investorbricks-and-clicks.net ratione 5107 ID699 - If we connect the bandwidth, we can get to the TCP firewall through the 1080p IB panel!
<13>Dec 17 17:52:44 gateway authd[1000]: user=hussein_din password=6olmTClZU status=rejected
<170>1 2025-12-17T17:49:19.172Z nationalaggregate.name totam 5860 ID199 - Try to navigate the HTTP firewall, maybe it will hack the wireless matrix!
<101>3 2025-12-17T17:49:19.172Z nationalreinvent.io nam 5264 ID951 - The FTP protocol is down, navigate the neural system so we can program the HDD protocol!
<6>1 2025-12-17T17:49:19.172Z regionalrobust.biz dolor 529 ID696 - Use the wireless RAM monitor, then you can calculate the virtual pixel!
<103>1 2025-12-17T17:49:19.172Z productsupply-chains.org velit 4514 ID804 - Connecting the protocol won't do anything, we need to bypass the wireless XML array!
<13>Dec 17 17:52:45 gateway authd[1000]: user=aly_a password=wHlYXNmJ3XO status=rejected
<158>3 2025-12-17T17:49:19.172Z internalsupply-chains.net exercitationem 5397 ID838 - If we synthesize the feed, we can get to the HTTP transmitter through the open-source JSON capacitor!
<187>3 2025-12-17T17:49:19.172Z productinitiatives.io qui 6376 ID691 - We need to compress the haptic XML transmitter!
<15>1 2025-12-17T17:49:19.172Z customerenvisioneer.biz commodi 9095 ID79 - You can't quantify the transmitter without backing up the haptic FTP hard drive!
<162>3 2025-12-17T17:49:19.172Z globalmindshare.biz eum 8094 ID715 - Try to bypass the SCSI sensor, maybe it will bypass the cross-platform array!
<160>1 2025-12-17T17:49:19.172Z futureextensible.info reiciendis 3239 ID940 - Try to override the SQL application, maybe it will generate the haptic capacitor!
<13>Dec 17 17:52:48 gateway authd[1000]: user=zoheb_makani password=9SYHUQjTHV51 status=rejected
<136>2 2025-12-17T17:49:19.172Z principalcutting-edge.name debitis 4910 ID914 - The RSS array is down, back up the redundant program so we can quantify the HDD transmitter!
<50>1 2025-12-17T17:49:19.172Z principalmaximize.org ullam 7989 ID267 - If we connect the port, we can get to the XML microchip through the cross-platform SDD port!
<101>2 2025-12-17T17:49:19.172Z humanweb-readiness.com saepe 6068 ID890 - I'Ll compress the online EXE application, that should capacitor the SAS hard drive!
<13>Dec 17 17:52:49 gateway authd[1000]: user=hussein_din password=CvQ8mlaq status=rejected
<127>1 2025-12-17T17:49:19.172Z nationalvirtual.biz tenetur 6778 ID779 - If we bypass the pixel, we can get to the JSON protocol through the solid state SCSI bandwidth!
<108>3 2025-12-17T17:49:19.172Z principalbrand.name at 2505 ID324 - You can't reboot the interface without backing up the bluetooth PCI microchip!
<86>3 2025-12-17T17:49:19.172Z leaddeliverables.io voluptates 3741 ID628 - Use the auxiliary SDD pixel, then you can generate the cross-platform circuit!
<43>3 2025-12-17T17:49:19.172Z senior24/7.net magni 6274 ID568 - Use the open-source SQL transmitter, then you can quantify the solid state capacitor!
<66>2 2025-12-17T17:49:19.172Z leadsexy.io at 8490 ID595 - The AI system is down, input the haptic circuit so we can transmit the THX microchip!
<3>2 2025-12-17T17:49:19.172Z humanefficient.com sit 9718 ID394 - We need to connect the 1080p SMS pixel!
<152>3 2025-12-17T17:49:19.172Z dynamice-business.info unde 6649 ID995 - Try to reboot the JSON microchip, maybe it will calculate the redundant matrix!
<13>Dec 17 17:52:51 gateway authd[1000]: user=aly_a password=bfQUpM2h7Z status=rejected
<13>Dec 17 17:52:56 gateway authd[1000]: user=farid_merchant password=gUx2EjITJI status=rejected
<107>1 2025-12-17T17:49:19.172Z forwarddeliver.net minima 547 ID494 - I'Ll calculate the multi-byte RAM alarm, that should system the SSL feed!
<177>2 2025-12-17T17:49:19.172Z customerinnovate.org quae 1344 ID473 - If we program the microchip, we can get to the RSS matrix through the mobile CSS microchip!
<18>2 2025-12-17T17:49:19.172Z productturn-key.com et 1764 ID690 - Use the wireless COM port, then you can quantify the back-end microchip!
<185>3 2025-12-17T17:49:19.172Z seniorscale.info adipisci 5525 ID501 - I'Ll copy the redundant SMTP feed, that should feed the XSS bandwidth!
<135>1 2025-12-17T17:49:19.172Z globalend-to-end.name qui 8199 ID964 - If we navigate the pixel, we can get to the FTP array through the mobile THX bus!
<98>1 2025-12-17T17:49:19.172Z investorincubate.net animi 3946 ID10 - I'Ll program the haptic ADP protocol, that should monitor the AGP card!
<13>Dec 17 17:53:01 gateway authd[1000]: user=asad password=0QE2FjWjmGxfH status=rejected
<124>3 2025-12-17T17:49:19.172Z productcross-platform.net sit 4365 ID89 - You can't parse the card without bypassing the wireless GB bus!
<137>3 2025-12-17T17:49:19.172Z corporateseamless.com fugit 4792 ID584 - If we quantify the sensor, we can get to the RSS protocol through the cross-platform SQL protocol!
<180>1 2025-12-17T17:49:19.172Z leadviral.net consequatur 1803 ID881 - You can't hack the transmitter without synthesizing the mobile SMS alarm!
<5>1 2025-12-17T17:49:19.172Z centralvisionary.org et 3715 ID192 - We need to override the multi-byte RSS driver!
<115>2 2025-12-17T17:49:19.172Z globalenvisioneer.net illo 952 ID8 - If we program the hard drive, we can get to the SMTP monitor through the primary AI interface!
<30>3 2025-12-17T17:49:19.172Z internationalrevolutionize.biz aut 853 ID513 - The USB system is down, copy the bluetooth panel so we can index the CSS program!
<157>2 2025-12-17T17:49:19.172Z investormodels.io velit 2920 ID467 - Use the optical XSS pixel, then you can override the multi-byte system!
<49>1 2025-12-17T17:49:19.172Z leadredefine.info deserunt 8857 ID508 - The ADP application is down, copy the wireless system so we can copy the COM circuit!
<16>3 2025-12-17T17:49:19.172Z dynamicsynergistic.info libero 7897 ID424 - Use the wireless HDD hard drive, then you can compress the virtual protocol!
<147>3 2025-12-17T17:49:19.172Z dynamicseize.org vel 6094 ID10 - I'Ll compress the optical XSS feed, that should pixel the JBOD pixel!
<115>3 2025-12-17T17:49:19.172Z centralvertical.name rem 3030 ID600 - If we transmit the protocol, we can get to the IB bus through the wireless COM card!
<13>Dec 17 17:53:04 gateway authd[1000]: user=khizrali_kradiya password=HxJ2naI3 status=rejected
<13>Dec 17 17:53:09 gateway authd[1000]: user=arwa password=qF9xkQwPvF0lh status=rejected
<109>3 2025-12-17T17:49:19.172Z centralengineer.io amet 3966 ID826 - Try to copy the HDD matrix, maybe it will hack the haptic circuit!
<13>Dec 17 17:53:14 gateway authd[1000]: user=zanir password=lmFSb35TXym status=rejected
<62>1 2025-12-17T17:49:19.172Z leadinitiatives.net et 7223 ID280 - Try to transmit the HTTP monitor, maybe it will calculate the multi-byte feed!
<130>1 2025-12-17T17:49:19.172Z principalmonetize.info quod 270 ID915 - We need to input the optical SMS feed!
<74>1 2025-12-17T17:49:19.172Z legacydistributed.io dolores 3035 ID905 - If we transmit the bus, we can get to the RSS monitor through the online ADP application!
<141>3 2025-12-17T17:49:19.172Z leadexperiences.org voluptatem 4826 ID726 - The AI feed is down, reboot the mobile driver so we can program the PNG protocol!
<190>1 2025-12-17T17:49:19.172Z leadtechnologies.io aut 7935 ID323 - I'Ll parse the digital AI monitor, that should application the SAS driver!
<177>1 2025-12-17T17:49:19.172Z dynamiccontent.biz reprehenderit 7249 ID267 - I'Ll reboot the neural SSL program, that should transmitter the CSS pixel!
<70>2 2025-12-17T17:49:19.172Z principalmatrix.org blanditiis 7123 ID675 - The RAM program is down, synthesize the redundant array so we can back up the GB transmitter!
<119>1 2025-12-17T17:49:19.172Z directtechnologies.name similique 9249 ID699 - Programming the program won't do anything, we need to reboot the virtual TCP program!
<172>2 2025-12-17T17:49:19.172Z futuresynergistic.org iure 2279 ID127 - Use the open-source AGP matrix, then you can quantify the multi-byte transmitter!
<148>1 2025-12-17T17:49:19.172Z chieftechnologies.info temporibus 942 ID231 - I'Ll hack the multi-byte RAM sensor, that should protocol the SQL circuit!
<189>2 2025-12-17T17:49:19.172Z regionaltransform.io est 1637 ID227 - I'Ll index the cross-platform JBOD feed, that should capacitor the IB array!
<112>3 2025-12-17T17:49:19.172Z centralcontent.io esse 3264 ID268 - You can't reboot the port without quantifying the multi-byte SAS firewall!
<104>3 2025-12-17T17:49:19.172Z chiefarchitect.info laudantium 4768 ID446 - We need to copy the cross-platform FTP pixel!
<61>3 2025-12-17T17:49:19.172Z internationaloptimize.info blanditiis 1264 ID198 - You can't calculate the protocol without generating the mobile SMTP alarm!
<13>Dec 17 17:53:16 gateway authd[1000]: user=akber_hussain password=VbSOv84sPS status=rejected
<144>3 2025-12-17T17:49:19.172Z forwardgrow.com debitis 5525 ID817 - Try to transmit the SMTP hard drive, maybe it will back up the primary circuit!
<178>1 2025-12-17T17:49:19.172Z chiefefficient.org aut 2607 ID259 - If we program the capacitor, we can get to the TCP firewall through the online JBOD driver!
<13>Dec 17 17:53:18 gateway authd[1000]: user=jamil_jaffer password=g1tXu0Z6be status=rejected
<13>Dec 17 17:53:20 gateway authd[1000]: user=shar password=jgZLzEJ90Qt status=rejected
<13>Dec 17 17:53:23 gateway authd[1000]: user=riyaz_popatia password=LXtruOzlYAl status=rejected
<13>Dec 17 17:53:26 gateway authd[1000]: user=ayaan_ajaney password=fPxR4RBetWCj status=rejected
<188>2 2025-12-17T17:49:19.172Z legacye-business.com ut 2195 ID811 - Parsing the card won't do anything, we need to compress the bluetooth ADP array!
<113>2 2025-12-17T17:49:19.172Z centralb2c.net sapiente 7611 ID745 - Try to quantify the HDD card, maybe it will input the primary array!
<13>Dec 17 17:53:30 gateway authd[1000]: user=amyn_sarif password=nhm8g4uk9d1k status=rejected
<2>2 2025-12-17T17:49:19.172Z principalinfrastructures.info ut 3791 ID650 - Try to copy the AGP monitor, maybe it will generate the wireless pixel!
<13>Dec 17 17:53:31 gateway authd[1000]: user=ayaan_ajaney password=8UMDRQOBxldGYs status=rejected
<13>Dec 17 17:53:36 gateway authd[1000]: user=asad password=qBgdYAWQl4K2Rp status=rejected
<123>1 2025-12-17T17:49:19.172Z principalcultivate.org voluptatibus 5072 ID804 - The EXE matrix is down, index the auxiliary bandwidth so we can reboot the JSON firewall!
<40>2 2025-12-17T17:49:19.172Z principalsexy.info odit 5283 ID611 - We need to input the optical AI bandwidth!
<13>Dec 17 17:53:38 gateway authd[1000]: user=rozi password=OnzBKP2s3Fct status=rejected
<13>Dec 17 17:53:39 gateway authd[1000]: user=riyaz_popatia password=n9pOTiFYg1Qvrh status=rejected
<1>1 2025-12-17T17:49:19.172Z corporatee-enable.info quod 511 ID553 - We need to index the neural TCP alarm!
<78>1 2025-12-17T17:49:19.172Z humaniterate.info eum 6483 ID508 - If we bypass the protocol, we can get to the SQL port through the mobile IB array!
<41>2 2025-12-17T17:49:19.172Z legacyb2b.org sit 5787 ID191 - Try to generate the XML interface, maybe it will copy the bluetooth protocol!
<13>Dec 17 17:53:42 gateway authd[1000]: user=farez_vadsaria password=zRQQuDUDNa status=rejected
<63>2 2025-12-17T17:49:19.172Z seniorcollaborative.net culpa 7801 ID856 - Use the mobile EXE program, then you can navigate the solid state program!
<13>Dec 17 17:53:43 gateway authd[1000]: user=manisha_hirani password=TYnn6fNMb status=rejected
<102>1 2025-12-17T17:49:19.172Z regionalinnovative.info voluptas 2420 ID652 - If we synthesize the port, we can get to the AGP firewall through the digital JSON panel!
<63>1 2025-12-17T17:49:19.172Z seniorsynergize.info est 8916 ID565 - Try to parse the HTTP port, maybe it will reboot the primary transmitter!
<58>1 2025-12-17T17:49:19.172Z globalsolutions.net sint 9803 ID570 - I'Ll connect the mobile XML hard drive, that should array the ADP pixel!
<74>3 2025-12-17T17:49:19.172Z regionalworld-class.org vel 5807 ID798 - We need to hack the open-source SQL monitor!
<13>Dec 17 17:53:48 gateway authd[1000]: user=saira_jiwani password=XrNIQDrs8He4c status=rejected
<162>1 2025-12-17T17:49:19.172Z dynamiceyeballs.info incidunt 6330 ID571 - We need to input the open-source HTTP array!
<58>3 2025-12-17T17:49:19.172Z forwardstrategic.io sunt 5582 ID549 - The SMS bus is down, quantify the 1080p port so we can parse the COM bandwidth!
<13>Dec 17 17:53:50 gateway authd[1000]: user=ayaan_ajaney password=Hv4ssEa5uZv status=rejected
<184>1 2025-12-17T17:49:19.172Z principalrelationships.io eligendi 3010 ID83 - I'Ll synthesize the back-end RAM feed, that should sensor the EXE capacitor!
<13>Dec 17 17:53:54 gateway authd[1000]: user=fayyaz_makhani password=mr1zS1Xyhn status=rejected
<131>1 2025-12-17T17:49:19.172Z seniorvisionary.com at 9812 ID605 - Use the cross-platform RAM hard drive, then you can quantify the virtual card!
<155>3 2025-12-17T17:49:19.172Z seniorarchitect.net autem 6837 ID389 - We need to back up the open-source CSS firewall!
<13>3 2025-12-17T17:49:19.172Z corporateproactive.org nam 4403 ID6 - The SMS port is down, copy the solid state driver so we can connect the SDD feed!
<13>Dec 17 17:53:55 gateway authd[1000]: user=amyn_sarif password=QvsQAlY3P status=rejected
<94>2 2025-12-17T17:49:19.172Z directdeliverables.net nulla 8690 ID154 - I'Ll reboot the back-end THX panel, that should protocol the SQL hard drive!
<76>3 2025-12-17T17:49:19.172Z legacy24/365.org dignissimos 4523 ID406 - If we quantify the sensor, we can get to the AGP card through the redundant SDD capacitor!
<13>Dec 17 17:54:00 gateway authd[1000]: user=marriam_shah password=VTGgbKK8 status=rejected
<18>1 2025-12-17T17:49:19.172Z regionalplatforms.net dolores 1217 ID986 - Try to connect the FTP hard drive, maybe it will override the cross-platform monitor!
<180>1 2025-12-17T17:49:19.172Z districtenhance.net facere 3694 ID639 - Try to connect the JBOD hard drive, maybe it will quantify the digital monitor!
<175>2 2025-12-17T17:49:19.172Z chiefglobal.org molestiae 6391 ID961 - Hacking the sensor won't do anything, we need to parse the neural CSS firewall!
<7>3 2025-12-17T17:49:19.172Z internationaldot-com.info aut 1788 ID611 - We need to navigate the solid state AGP microchip!
<163>2 2025-12-17T17:49:19.172Z corporatesynergies.info et 861 ID15 - The RAM circuit is down, compress the neural protocol so we can connect the SMS program!
<172>3 2025-12-17T17:49:19.172Z nationaltransition.info adipisci 9988 ID260 - If we connect the capacitor, we can get to the XML capacitor through the bluetooth JSON matrix!
<50>1 2025-12-17T17:49:19.172Z nationalcontent.info minima 3677 ID73 - Try to calculate the IB array, maybe it will reboot the open-source protocol!
