<13>Dec 17 17:49:14 gateway authd[1000]: user=saurabh password=CX7suLgTTK status=rejected
<82>2 2025-12-17T17:49:19.266Z chiefpartnerships.com reiciendis 8234 ID668 - Use the haptic JBOD monitor, then you can program the wireless matrix!
<48>2 2025-12-17T17:49:19.266Z chiefout-of-the-box.net totam 2786 ID662 - Use the cross-platform GB transmitter, then you can transmit the back-end protocol!
<13>Dec 17 17:49:16 gateway authd[1000]: user=sajoo password=IvaZlpSY status=rejected
<50>1 2025-12-17T17:49:19.266Z dynamicopen-source.info tempore 4668 ID828 - If we program the microchip, we can get to the CSS monitor through the mobile SMS feed!
<47>2 2025-12-17T17:49:19.266Z nationalmaximize.com omnis 4933 ID40 - I'Ll transmit the wireless COM driver, that should sensor the SMTP hard drive!
<61>2 2025-12-17T17:49:19.266Z globale-business.info sed 2164 ID526 - Try to parse the AGP application, maybe it will override the multi-byte feed!
<11>1 2025-12-17T17:49:19.266Z nationaldeploy.name non 5604 ID465 - Generating the panel won't do anything, we need to index the solid state SQL microchip!
<13>Dec 17 17:49:21 gateway authd[1000]: user=manisha_hirani password=OKTVkE97B5s status=rejected
<13>Dec 17 17:49:26 gateway authd[1000]: user=ali_dharani password=W8drZbEWM status=rejected
<101>2 2025-12-17T17:49:19.266Z chiefinfrastructures.name amet 4628 ID787 - Use the haptic SQL microchip, then you can quantify the virtual microchip!
<13>Dec 17 17:49:31 gateway authd[1000]: user=naseem_huda_buckley password=tqBX7Ex9c10 status=rejected
<100>3 2025-12-17T17:49:19.266Z principalefficient.name ipsum 5316 ID516 - Use the digital XSS interface, then you can hack the wireless program!
<13>Dec 17 17:49:34 gateway authd[1000]: user=samir password=3YBVFEQA1ilACh status=rejected
<180>3 2025-12-17T17:49:19.266Z internationaldynamic.name odit 4613 ID313 - The RSS driver is down, input the bluetooth transmitter so we can compress the AI interface!
<13>1 2025-12-17T17:49:19.266Z directharness.net quidem 6308 ID628 - Overriding the protocol won't do anything, we need to parse the open-source RSS matrix!
<69>3 2025-12-17T17:49:19.266Z customermission-critical.name at 5400 ID314 - We need to connect the back-end RSS alarm!
<172>2 2025-12-17T17:49:19.266Z seniorinfrastructures.com quae 3473 ID774 - If we transmit the interface, we can get to the FTP array through the cross-platform SSL program!
<13>Dec 17 17:49:35 gateway authd[1000]: user=shar password=Os2ZGtNvOX status=rejected
<13>Dec 17 17:49:38 gateway authd[1000]: user=noah_ladak password=DOMGQoGR1CSku status=rejected
<90>2 2025-12-17T17:49:19.266Z futureweb services.biz explicabo 3682 ID486 - We need to program the solid state THX microchip!
<109>1 2025-12-17T17:49:19.266Z investorsynergies.org odit 253 ID247 - You can't synthesize the program without transmitting the solid state USB driver!
<13>Dec 17 17:49:42 gateway authd[1000]: user=moses_merchant password=96fsY0462 status=rejected
<56>2 2025-12-17T17:49:19.266Z internalinterfaces.org repellendus 5276 ID827 - I'Ll compress the neural TCP hard drive, that should firewall the TCP feed!
<187>3 2025-12-17T17:49:19.266Z corporatetarget.org earum 3499 ID507 - The FTP circuit is down, parse the online interface so we can connect the IB array!
<169>1 2025-12-17T17:49:19.266Z centralweb-readiness.io adipisci 4852 ID311 - Use the open-source SMS driver, then you can reboot the cross-platform pixel!
<133>2 2025-12-17T17:49:19.266Z centralenterprise.org numquam 3819 ID928 - Try to calculate the AI matrix, maybe it will transmit the wireless driver!
<113>1 2025-12-17T17:49:19.266Z customerniches.name facere 4328 ID93 - If we back up the hard drive, we can get to the AGP matrix through the auxiliary SDD system!
<31>2 2025-12-17T17:49:19.266Z nationalsupply-chains.name quia 9505 ID506 - Use the online PCI application, then you can hack the redundant alarm!
<162>3 2025-12-17T17:49:19.266Z globale-markets.com sint 7502 ID297 - You can't transmit the system without calculating the primary USB program!
<132>1 2025-12-17T17:49:19.266Z legacyenable.com ut 5984 ID728 - If we generate the sensor, we can get to the CSS port through the open-source XSS application!
<13>Dec 17 17:49:45 gateway authd[1000]: user=ali_dharani password=naAH5SZ4r status=rejected
<13>Dec 17 17:49:48 gateway authd[1000]: user=murad_kajani password=XGGfvw6Y1iy status=rejected
<64>1 2025-12-17T17:49:19.266Z chief24/365.org ipsa 2493 ID673 - Bypassing the program won't do anything, we need to back up the open-source USB alarm!
<13>Dec 17 17:49:51 gateway authd[1000]: user=shezan password=LmoinsHMthc6 status=rejected
<156>2 2025-12-17T17:49:19.266Z internalengineer.com alias 4701 ID834 - I'Ll parse the bluetooth PCI capacitor, that should panel the AGP card!
<15>3 2025-12-17T17:49:19.266Z global24/365.biz et 1614 ID525 - Use the primary SSL bandwidth, then you can override the 1080p microchip!
<31>2 2025-12-17T17:49:19.266Z centraltransition.io aut 4104 ID649 - I'Ll back up the primary RAM alarm, that should circuit the THX hard drive!
<28>2 2025-12-17T17:49:19.266Z corporatetransform.name veritatis 3399 ID165 - We need to compress the redundant GB transmitter!
<168>2 2025-12-17T17:49:19.266Z seniortransform.org ut 3158 ID555 - I'Ll back up the mobile AI matrix, that should circuit the IB bandwidth!
<119>3 2025-12-17T17:49:19.266Z forwardleverage.io distinctio 8349 ID712 - Compressing the circuit won't do anything, we need to hack the online EXE bus!
<110>2 2025-12-17T17:49:19.266Z dynamicweb-readiness.com autem 710 ID35 - If we connect the pixel, we can get to the PCI bus through the solid state XSS protocol!
<136>2 2025-12-17T17:49:19.266Z forwardweb-enabled.org provident 3184 ID305 - We need to copy the 1080p AGP interface!
<51>1 2025-12-17T17:49:19.266Z directredefine.io et 4296 ID288 - The XSS card is down, program the 1080p matrix so we can back up the USB program!
<166>2 2025-12-17T17:49:19.266Z globalbandwidth.biz repudiandae 9733 ID510 - Try to input the CSS system, maybe it will quantify the primary microchip!
<13>Dec 17 17:49:55 gateway authd[1000]: user=rozi password=uXVKHyXU status=rejected
<161>3 2025-12-17T17:49:19.266Z leadcontent.io rerum 6434 ID660 - You can't program the alarm without backing up the cross-platform JBOD hard drive!
<13>Dec 17 17:49:57 gateway authd[1000]: user=alnoor_ladak password=pdV0GOn7e status=rejected
<13>Dec 17 17:49:58 gateway authd[1000]: user=aly_a password=fOk7yojDFW0 status=rejected
<76>3 2025-12-17T17:49:19.266Z globaliterate.io ut 9721 ID30 - I'Ll copy the haptic RSS card, that should pixel the ADP card!
<13>Dec 17 17:50:01 gateway authd[1000]: user=aneel password=VQxamIR5H4HT status=rejected
<13>Dec 17 17:50:06 gateway authd[1000]: user=shehzad_merchant password=67WZeR7q1I6Ynu status=rejected
<88>1 2025-12-17T17:49:19.266Z forwardsystems.com in 1211 ID966 - The SMS application is down, reboot the primary matrix so we can transmit the COM interface!
<13>Dec 17 17:50:11 gateway authd[1000]: user=shahzeb_jiwani password=2U4TBZ9vax status=rejected
<32>2 2025-12-17T17:49:19.266Z investormesh.biz corporis 7112 ID664 - Copying the microchip won't do anything, we need to copy the cross-platform SMTP panel!
<117>2 2025-12-17T17:49:19.266Z nationalchannels.name quis 3742 ID540 - I'Ll bypass the haptic GB monitor, that should panel the PCI driver!
<13>Dec 17 17:50:15 gateway authd[1000]: user=amin_jaffer password=Nd2G3c51Z status=rejected
<13>Dec 17 17:50:17 gateway authd[1000]: user=amin_jaffer password=dH246xSl5 status=rejected
<173>3 2025-12-17T17:49:19.266Z investorcontent.net dolorem 1106 ID978 - The GB circuit is down, program the cross-platform bandwidth so we can reboot the JBOD matrix!
<139>2 2025-12-17T17:49:19.266Z seniorsynergize.biz molestiae 9192 ID922 - Try to navigate the AGP array, maybe it will hack the primary array!
<13>Dec 17 17:50:21 gateway authd[1000]: user=saurabh password=hugmYgRbKH status=rejected
<13>Dec 17 17:50:25 gateway authd[1000]: user=asad password=9uXStJuHMy4f status=rejected
<184>2 2025-12-17T17:49:19.266Z globalone-to-one.biz excepturi 1403 ID995 - I'Ll reboot the solid state XSS hard drive, that should bus the SMTP protocol!
<105>3 2025-12-17T17:49:19.266Z nationalsynergistic.net provident 2288 ID799 - You can't parse the bandwidth without overriding the primary SMTP program!
<13>Dec 17 17:50:29 gateway authd[1000]: user=salim_notta password=oLISmQlT2d status=rejected
<187>3 2025-12-17T17:49:19.266Z directrobust.com vel 4499 ID919 - The FTP interface is down, back up the optical hard drive so we can reboot the PNG capacitor!
<13>Dec 17 17:50:31 gateway authd[1000]: user=samir password=jwxnOP7Z0C status=rejected
<55>3 2025-12-17T17:49:19.266Z principale-services.net in 9540 ID402 - Try to override the HDD bus, maybe it will compress the primary matrix!
<184>1 2025-12-17T17:49:19.266Z dynamicfacilitate.net quis 7005 ID861 - We need to reboot the haptic SDD application!
<153>3 2025-12-17T17:49:19.266Z internationalwireless.org quibusdam 4391 ID849 - If we connect the port, we can get to the JSON hard drive through the solid state IB application!
<13>Dec 17 17:50:35 gateway authd[1000]: user=riyaz_popatia password=DEYbzZgZF8N status=rejected
<111>1 2025-12-17T17:49:19.266Z principalkiller.org doloribus 7927 ID855 - We need to back up the optical SMS microchip!
<5>1 2025-12-17T17:49:19.266Z legacyvisualize.com doloribus 6193 ID232 - Try to bypass the PCI interface, maybe it will copy the virtual card!
<20>3 2025-12-17T17:49:19.266Z principalharness.com vero 3328 ID464 - We need to hack the redundant COM array!
<113>2 2025-12-17T17:49:19.266Z investorgranular.info quia 23 ID630 - Connecting the capacitor won't do anything, we need to copy the mobile AGP transmitter!
<91>3 2025-12-17T17:49:19.266Z chiefincentivize.com tempora 6176 ID4 - You can't synthesize the panel without transmitting the open-source PNG interface!
<94>2 2025-12-17T17:49:19.266Z seniorout-of-the-box.net necessitatibus 2822 ID269 - We need to synthesize the back-end SCSI panel!
<104>2 2025-12-17T17:49:19.266Z humandrive.info a 418 ID206 - Backing up the system won't do anything, we need to synthesize the virtual JBOD bandwidth!
<179>3 2025-12-17T17:49:19.266Z internalextend.name dolorem 3888 ID738 - I'Ll parse the back-end CSS sensor, that should transmitter the XSS panel!
<22>2 2025-12-17T17:49:19.266Z districtgranular.biz rerum 5038 ID984 - I'Ll program the auxiliary RSS pixel, that should matrix the HDD program!
<97>1 2025-12-17T17:49:19.266Z leadmatrix.biz excepturi 983 ID327 - Use the mobile HDD feed, then you can calculate the neural sensor!
<81>1 2025-12-17T17:49:19.266Z dynamicmindshare.name et 6058 ID387 - Bypassing the application won't do anything, we need to parse the neural AGP feed!
<7>2 2025-12-17T17:49:19.266Z chiefimplement.org non 4531 ID665 - We need to navigate the 1080p XSS pixel!
<42>3 2025-12-17T17:49:19.266Z legacyvirtual.name incidunt 5770 ID993 - Use the multi-byte PCI feed, then you can parse the open-source microchip!
<13>Dec 17 17:50:37 gateway authd[1000]: user=sajoo password=4HoycQVt5lx status=rejected
<121>1 2025-12-17T17:49:19.266Z internationalportals.name nam 1514 ID995 - We need to index the open-source SMTP transmitter!
<21>3 2025-12-17T17:49:19.266Z seniorharness.io optio 3935 ID75 - We need to connect the online SQL microchip!
<72>1 2025-12-17T17:49:19.266Z nationalinfomediaries.com perspiciatis 2666 ID450 - You can't connect the pixel without quantifying the mobile HDD driver!
<53>3 2025-12-17T17:49:19.266Z legacyintegrated.com nulla 5301 ID187 - I'Ll index the bluetooth SMTP interface, that should sensor the JBOD bus!
<92>1 2025-12-17T17:49:19.266Z national24/365.name facilis 1582 ID988 - You can't quantify the application without compressing the online COM program!
<10>1 2025-12-17T17:49:19.266Z dynamicarchitect.org autem 4103 ID990 - I'Ll back up the bluetooth XML protocol, that should monitor the JSON port!
<83>3 2025-12-17T17:49:19.266Z internale-commerce.org odio 6531 ID680 - If we back up the feed, we can get to the JSON circuit through the open-source HDD protocol!
<168>1 2025-12-17T17:49:19.266Z directrecontextualize.info non 8199 ID334 - Backing up the transmitter won't do anything, we need to override the primary USB feed!
<15>1 2025-12-17T17:49:19.266Z customermodels.org et 314 ID257 - The AGP interface is down, quantify the solid state application so we can quantify the PNG pixel!
<156>2 2025-12-17T17:49:19.266Z forwardseamless.net veniam 2350 ID795 - We need to copy the wireless GB feed!
<37>1 2025-12-17T17:49:19.266Z principalback-end.io velit 5398 ID438 - I'Ll quantify the wireless SMTP matrix, that should program the XML alarm!
<29>1 2025-12-17T17:49:19.266Z customer24/7.biz quam 9302 ID857 - We need to calculate the bluetooth SSL feed!
<123>3 2025-12-17T17:49:19.266Z investorextend.com eos 2933 ID731 - We need to parse the virtual AI array!
<149>1 2025-12-17T17:49:19.266Z districte-business.biz qui 5641 ID217 - Use the neural FTP card, then you can calculate the digital driver!
<13>Dec 17 17:50:42 gateway authd[1000]: user=murad_kajani password=qalIOhYRie status=rejected
<13>Dec 17 17:50:46 gateway authd[1000]: user=moses_merchant password=SJ32qmOXy0UE status=rejected
<188>1 2025-12-17T17:49:19.266Z dynamicextensible.biz quis 2415 ID163 - We need to compress the wireless TCP alarm!
<13>Dec 17 17:50:48 gateway authd[1000]: user=aly_ali password=nYNTAJuoG5l status=rejected
<88>1 2025-12-17T17:49:19.266Z nationale-enable.net a 2145 ID234 - Use the virtual ADP program, then you can transmit the bluetooth microchip!
<67>1 2025-12-17T17:49:19.266Z chiefimplement.com sunt 721 ID259 - You can't back up the array without parsing the back-end RAM microchip!
<61>2 2025-12-17T17:49:19.266Z chiefrich.org cumque 583 ID572 - If we connect the sensor, we can get to the SMTP bus through the neural SSL monitor!
<41>1 2025-12-17T17:49:19.266Z nationalmorph.org dolores 2410 ID227 - The SSL microchip is down, synthesize the mobile microchip so we can hack the XML bus!
<163>1 2025-12-17T17:49:19.266Z centralmesh.biz error 6381 ID242 - The CSS firewall is down, parse the back-end monitor so we can parse the JSON bandwidth!
<36>2 2025-12-17T17:49:19.266Z investorholistic.info et 3997 ID988 - The GB program is down, back up the bluetooth feed so we can navigate the SMTP microchip!
<13>Dec 17 17:50:50 gateway authd[1000]: user=aly_a password=ZrKxAHBX status=rejected
<100>1 2025-12-17T17:49:19.266Z seniorsupply-chains.io et 7793 ID134 - Navigating the monitor won't do anything, we need to override the auxiliary PNG capacitor!
<140>2 2025-12-17T17:49:19.266Z centralengage.com fugit 3894 ID90 - Transmitting the port won't do anything, we need to copy the auxiliary HTTP circuit!
<68>1 2025-12-17T17:49:19.266Z directpartnerships.info omnis 3984 ID620 - I'Ll parse the 1080p FTP feed, that should interface the SQL capacitor!
<13>Dec 17 17:50:53 gateway authd[1000]: user=samir password=zQWgG5e1 status=rejected
<40>2 2025-12-17T17:49:19.266Z principalenterprise.name id 5785 ID607 - Try to bypass the SMS firewall, maybe it will navigate the primary card!
<97>1 2025-12-17T17:49:19.266Z directend-to-end.io consequuntur 9163 ID526 - You can't generate the alarm without copying the auxiliary SMTP panel!
<154>1 2025-12-17T17:49:19.266Z seniore-business.name ullam 8348 ID325 - Use the open-source XSS array, then you can back up the open-source monitor!
<44>2 2025-12-17T17:49:19.266Z legacyextensible.org velit 9221 ID900 - You can't input the sensor without connecting the solid state HTTP system!
<151>2 2025-12-17T17:49:19.266Z internalcommunities.org repellendus 8985 ID318 - You can't bypass the capacitor without parsing the back-end EXE matrix!
<127>1 2025-12-17T17:49:19.266Z leadcross-media.org dolorum 3337 ID160 - I'Ll override the auxiliary SMS bandwidth, that should matrix the RSS system!
<100>1 2025-12-17T17:49:19.266Z humandynamic.io qui 6860 ID429 - Bypassing the circuit won't do anything, we need to connect the primary AGP capacitor!
<11>2 2025-12-17T17:49:19.266Z districtstrategic.net asperiores 3067 ID422 - The SMTP application is down, reboot the back-end panel so we can input the IB bus!
<92>3 2025-12-17T17:49:19.266Z internationalstrategic.net ut 2090 ID300 - If we bypass the alarm, we can get to the GB pixel through the redundant SQL program!
<13>Dec 17 17:50:55 gateway authd[1000]: user=hadi_ibrahimi password=H9TkgBmg status=rejected
<174>1 2025-12-17T17:49:19.266Z corporatevisualize.biz et 8463 ID439 - I'Ll connect the solid state GB firewall, that should circuit the SAS hard drive!
<13>Dec 17 17:50:56 gateway authd[1000]: user=shezan password=0joN8Dwc status=rejected
<12>1 2025-12-17T17:49:19.266Z nationalbleeding-edge.biz pariatur 3129 ID934 - Try to compress the TCP sensor, maybe it will navigate the auxiliary driver!
<126>2 2025-12-17T17:49:19.266Z chiefportals.name perferendis 355 ID63 - I'Ll index the virtual AI sensor, that should feed the RAM interface!
<13>Dec 17 17:50:58 gateway authd[1000]: user=shar password=61WqyikS4bag status=rejected
<13>Dec 17 17:51:01 gateway authd[1000]: user=inara_rupani password=Wbv5j71Q status=rejected
<73>3 2025-12-17T17:49:19.266Z dynamicevolve.net quia 5910 ID466 - The SDD pixel is down, transmit the mobile transmitter so we can program the PNG hard drive!
<90>3 2025-12-17T17:49:19.266Z lead24/7.biz ipsa 5757 ID307 - If we transmit the monitor, we can get to the JSON firewall through the primary EXE bus!
<13>Dec 17 17:51:02 gateway authd[1000]: user=farid_merchant password=OiSDclUPLp6x8v status=rejected
<13>Dec 17 17:51:05 gateway authd[1000]: user=shehzad_merchant password=VC1VLaurvE status=rejected
<13>Dec 17 17:51:08 gateway authd[1000]: user=zull_nensi password=5XXTzUz4ASM86r status=rejected
<13>Dec 17 17:51:10 gateway authd[1000]: user=naveed_patel password=mXaWi3ZpTYg5 status=rejected
<134>1 2025-12-17T17:49:19.266Z humaninnovative.com deserunt 1663 ID227 - Copying the circuit won't do anything, we need to navigate the bluetooth SCSI transmitter!
<14>3 2025-12-17T17:49:19.266Z directrelationships.com quam 1565 ID432 - Use the cross-platform SDD sensor, then you can program the neural sensor!
<13>Dec 17 17:51:11 gateway authd[1000]: user=zanir password=vj4FdcGvwO status=rejected
<130>2 2025-12-17T17:49:19.266Z dynamicschemas.biz reprehenderit 7782 ID608 - I'Ll generate the primary TCP driver, that should microchip the IB monitor!
<13>Dec 17 17:51:12 gateway authd[1000]: user=naveed_patel password=lhjMp6314cM status=rejected
<106>1 2025-12-17T17:49:19.266Z internationalvertical.io ea 1764 ID420 - You can't synthesize the transmitter without navigating the auxiliary CSS panel!
<44>1 2025-12-17T17:49:19.266Z districtone-to-one.info sunt 2979 ID90 - Use the multi-byte GB driver, then you can compress the neural bandwidth!
<81>3 2025-12-17T17:49:19.266Z chiefback-end.com aut 6067 ID96 - You can't generate the circuit without hacking the optical COM capacitor!
<128>2 2025-12-17T17:49:19.266Z seniorvisualize.com omnis 5471 ID765 - If we override the transmitter, we can get to the SDD application through the solid state CSS bandwidth!
<190>2 2025-12-17T17:49:19.266Z forwarddeploy.biz excepturi 4889 ID852 - If we compress the hard drive, we can get to the PCI sensor through the 1080p SSL firewall!
<188>1 2025-12-17T17:49:19.266Z productstrategic.com quas 3826 ID607 - Use the haptic SAS bus, then you can back up the multi-byte hard drive!
<13>Dec 17 17:51:14 gateway authd[1000]: user=zanir password=HeuvvQqi status=rejected
<28>2 2025-12-17T17:49:19.266Z nationalb2b.name eos 1604 ID828 - Use the wireless PCI bus, then you can copy the wireless circuit!
<13>Dec 17 17:51:16 gateway authd[1000]: user=murad_kajani password=qGYQSiCAFKGyhC status=rejected
<13>Dec 17 17:51:19 gateway authd[1000]: user=sajoo password=6JljBOuE83RE4n status=rejected
<132>3 2025-12-17T17:49:19.266Z globalb2c.com reprehenderit 8198 ID793 - If we hack the matrix, we can get to the PNG interface through the haptic SDD transmitter!
<157>3 2025-12-17T17:49:19.266Z directdot-com.com praesentium 2197 ID677 - The SAS pixel is down, override the multi-byte panel so we can compress the SMTP program!
<32>2 2025-12-17T17:49:19.266Z chiefsupply-chains.info voluptatem 9660 ID49 - We need to bypass the solid state HDD firewall!
<120>3 2025-12-17T17:49:19.266Z internalinnovate.info dolore 5177 ID699 - You can't synthesize the transmitter without parsing the multi-byte ADP circuit!
<13>Dec 17 17:51:22 gateway authd[1000]: user=ali_dharani password=D8kE5DsVCxo status=rejected
<13>Dec 17 17:51:26 gateway authd[1000]: user=riyaz_popatia password=KVgOVQ1hutRIP status=rejected
<13>Dec 17 17:51:29 gateway authd[1000]: user=a_ali password=QUURUc1yH status=rejected
<157>1 2025-12-17T17:49:19.266Z humandeploy.name voluptatem 1220 ID250 - I'Ll compress the haptic SAS microchip, that should feed the PCI card!
<145>1 2025-12-17T17:49:19.266Z leadmodels.biz eveniet 6291 ID387 - You can't synthesize the panel without hacking the back-end SQL program!
<174>1 2025-12-17T17:49:19.266Z dynamice-commerce.name velit 3816 ID135 - If we back up the system, we can get to the THX circuit through the online JBOD pixel!
<13>Dec 17 17:51:32 gateway authd[1000]: user=riyaz_popatia password=zDHvV0TVvl status=rejected
<0>2 2025-12-17T17:49:19.266Z regionalenterprise.biz qui 8748 ID906 - Transmitting the panel won't do anything, we need to override the back-end SAS transmitter!
<130>2 2025-12-17T17:49:19.266Z nationalrepurpose.io iure 4833 ID287 - Synthesizing the monitor won't do anything, we need to reboot the bluetooth SCSI protocol!
<3>2 2025-12-17T17:49:19.266Z internalinfrastructures.info doloremque 3847 ID494 - If we compress the port, we can get to the IB capacitor through the bluetooth FTP pixel!
<167>2 2025-12-17T17:49:19.266Z internationalb2c.net ut 1101 ID717 - We need to index the open-source FTP pixel!
<155>2 2025-12-17T17:49:19.266Z regionaldisintermediate.com cumque 67 ID529 - If we connect the card, we can get to the HTTP protocol through the mobile PNG pixel!
<183>1 2025-12-17T17:49:19.266Z chiefinnovate.biz saepe 4761 ID206 - The XML feed is down, calculate the cross-platform matrix so we can input the SQL system!
<13>Dec 17 17:51:33 gateway authd[1000]: user=farid_merchant password=5iCNaAHJE9x status=rejected
<13>Dec 17 17:51:36 gateway authd[1000]: user=zull_nensi password=1K7300Yt status=rejected
<13>Dec 17 17:51:40 gateway authd[1000]: user=rozi password=YK41zDXId status=rejected
<68>3 2025-12-17T17:49:19.266Z dynamictransition.io magni 1460 ID229 - If we bypass the firewall, we can get to the HDD circuit through the wireless JBOD monitor!
<58>3 2025-12-17T17:49:19.266Z chiefinterfaces.name quibusdam 6174 ID640 - We need to reboot the primary SAS bus!
<74>3 2025-12-17T17:49:19.266Z nationalsynergies.io esse 2234 ID618 - If we transmit the array, we can get to the IB program through the 1080p JBOD protocol!
<187>2 2025-12-17T17:49:19.266Z nationalstrategic.biz molestiae 7913 ID288 - Use the solid state GB feed, then you can override the mobile port!
<152>3 2025-12-17T17:49:19.266Z internalweb-readiness.org sunt 7139 ID153 - We need to reboot the multi-byte USB interface!
<160>1 2025-12-17T17:49:19.266Z chieftransform.biz placeat 1567 ID982 - The FTP port is down, quantify the primary capacitor so we can compress the TCP protocol!
<13>Dec 17 17:51:42 gateway authd[1000]: user=aneel password=LBZvYrMMI2F status=rejected
<13>Dec 17 17:51:44 gateway authd[1000]: user=inara_rupani password=dl7HA4gvKurbYn status=rejected
<13>Dec 17 17:51:47 gateway authd[1000]: user=aneel password=IZlSiYH8 status=rejected
<13>Dec 17 17:51:52 gateway authd[1000]: user=aziz_kapadia password=5742z5N9 status=rejected
<159>3 2025-12-17T17:49:19.266Z seniorproductize.biz voluptatibus 8493 ID404 - Compressing the matrix won't do anything, we need to program the neural SDD port!
<51>3 2025-12-17T17:49:19.266Z futuredot-com.com libero 8004 ID363 - The XML port is down, copy the haptic microchip so we can bypass the SMS program!
<70>1 2025-12-17T17:49:19.266Z producte-tailers.com voluptatem 6138 ID795 - I'Ll parse the online XSS firewall, that should monitor the XML hard drive!
<13>Dec 17 17:51:57 gateway authd[1000]: user=salim_notta password=DT0fznTKr status=rejected
<94>1 2025-12-17T17:49:19.266Z dynamicturn-key.net at 1482 ID632 - Try to copy the HTTP hard drive, maybe it will compress the mobile bus!
<13>Dec 17 17:51:59 gateway authd[1000]: user=naseem_huda_buckley password=TBBKmP25Gvp status=rejected
<13>Dec 17 17:52:02 gateway authd[1000]: user=farid_merchant password=1OQQ84Bt status=rejected
<55>2 2025-12-17T17:49:19.266Z chiefroi.io tenetur 1040 ID757 - Overriding the transmitter won't do anything, we need to navigate the virtual JBOD application!
<7>3 2025-12-17T17:49:19.266Z seniorproductize.name nostrum 6274 ID148 - The IB feed is down, back up the 1080p port so we can navigate the SSL hard drive!
<13>Dec 17 17:52:03 gateway authd[1000]: user=manisha_hirani password=420kZE3iDalsE status=rejected
<13>Dec 17 17:52:04 gateway authd[1000]: user=saurabh password=FecxjUSkq status=rejected
<13>Dec 17 17:52:08 gateway authd[1000]: user=asad password=Fd9dz0LViwqKf status=rejected
<54>3 2025-12-17T17:49:19.266Z districttransparent.name incidunt 3806 ID363 - Try to reboot the JBOD sensor, maybe it will compress the haptic driver!
<13>Dec 17 17:52:13 gateway authd[1000]: user=naseem_huda_buckley password=IUBm2PSQ status=rejected
<15>1 2025-12-17T17:49:19.266Z districtkiller.org exercitationem 3372 ID506 - You can't connect the circuit without navigating the multi-byte SSL alarm!
<20>3 2025-12-17T17:49:19.266Z chiefsynthesize.info quia 6897 ID770 - Copying the matrix won't do anything, we need to input the mobile SSL bandwidth!
<64>3 2025-12-17T17:49:19.266Z directgrow.name quia 2003 ID754 - If we quantify the circuit, we can get to the SMS panel through the neural ADP application!
<13>Dec 17 17:52:17 gateway authd[1000]: user=asad password=JYgLuOEbLlbT status=rejected
<10>3 2025-12-17T17:49:19.266Z globalimplement.net aut 3877 ID350 - You can't reboot the circuit without programming the online HTTP capacitor!
<71>1 2025-12-17T17:49:19.266Z dynamicgrow.info necessitatibus 404 ID479 - Parsing the bus won't do anything, we need to program the digital THX circuit!
<61>1 2025-12-17T17:49:19.266Z investorintegrated.biz qui 8821 ID489 - You can't quantify the hard drive without copying the multi-byte SMS firewall!
<13>Dec 17 17:52:20 gateway authd[1000]: user=shahzeb_jiwani password=u0hDL8bMn6KX status=rejected
<144>2 2025-12-17T17:49:19.266Z leadvertical.net laudantium 2806 ID979 - I'Ll reboot the wireless HDD microchip, that should sensor the EXE capacitor!
<189>2 2025-12-17T17:49:19.266Z corporateiterate.biz cumque 2278 ID977 - I'Ll synthesize the mobile PNG bandwidth, that should driver the GB interface!
<13>Dec 17 17:52:22 gateway authd[1000]: user=naveed_patel password=YkIiKvsq9b status=rejected
<76>2 2025-12-17T17:49:19.266Z legacysynthesize.name laudantium 2900 ID125 - Try to bypass the ADP circuit, maybe it will back up the open-source pixel!
<105>3 2025-12-17T17:49:19.266Z leadmorph.name voluptas 3559 ID267 - Synthesizing the interface won't do anything, we need to index the neural GB application!
<141>1 2025-12-17T17:49:19.266Z directuser-centric.net consequatur 2137 ID306 - The GB alarm is down, reboot the back-end circuit so we can bypass the AGP hard drive!
<90>2 2025-12-17T17:49:19.266Z seniortransition.name nemo 362 ID355 - Try to index the COM application, maybe it will calculate the bluetooth monitor!
<39>1 2025-12-17T17:49:19.266Z dynamicempower.org dolor 5483 ID915 - If we calculate the pixel, we can get to the COM port through the multi-byte XML microchip!
<88>2 2025-12-17T17:49:19.266Z principalutilize.info quia 7177 ID895 - Try to navigate the XML array, maybe it will generate the virtual bandwidth!
<4>3 2025-12-17T17:49:19.266Z dynamicdeliverables.com et 8089 ID75 - The SMS bandwidth is down, reboot the virtual capacitor so we can program the XSS circuit!
<3>1 2025-12-17T17:49:19.266Z globalsolutions.io sit 5118 ID363 - Backing up the protocol won't do anything, we need to override the solid state THX interface!
<53>2 2025-12-17T17:49:19.266Z principalrevolutionary.com voluptatem 2411 ID797 - I'Ll back up the wireless SSL firewall, that should circuit the AI circuit!
<13>Dec 17 17:52:23 gateway authd[1000]: user=aziz_kapadia password=MbGZsxG1P status=rejected
<93>3 2025-12-17T17:49:19.266Z internale-business.com ut 499 ID91 - We need to program the redundant SAS protocol!
<13>Dec 17 17:52:24 gateway authd[1000]: user=a_ali password=rmNixeBqejkX status=rejected
<183>2 2025-12-17T17:49:19.266Z regionaldrive.org molestiae 5621 ID104 - I'Ll reboot the virtual SMS bandwidth, that should sensor the IB system!
<57>1 2025-12-17T17:49:19.266Z principalinnovative.net neque 978 ID46 - Use the auxiliary PNG protocol, then you can synthesize the wireless array!
<187>2 2025-12-17T17:49:19.266Z productgrow.org quae 7553 ID269 - We need to connect the open-source TCP capacitor!
<110>1 2025-12-17T17:49:19.266Z futureengage.com eius 4524 ID174 - We need to input the primary JBOD firewall!
<22>1 2025-12-17T17:49:19.266Z seniormonetize.info voluptatibus 3926 ID151 - I'Ll hack the online ADP matrix, that should port the COM microchip!
<13>Dec 17 17:52:25 gateway authd[1000]: user=zull_nensi password=zy0YPDYoy status=rejected
<103>2 2025-12-17T17:49:19.266Z principalrelationships.com quasi 8243 ID818 - Use the virtual SQL bus, then you can navigate the virtual port!
<155>3 2025-12-17T17:49:19.266Z centraltransparent.io doloribus 1007 ID365 - Transmitting the card won't do anything, we need to index the digital ADP program!
<48>1 2025-12-17T17:49:19.266Z seniorcompelling.biz omnis 5223 ID299 - Use the cross-platform USB panel, then you can calculate the digital alarm!
<142>3 2025-12-17T17:49:19.266Z chiefdeliver.net illum 758 ID366 - You can't transmit the driver without compressing the solid state ADP pixel!
<13>Dec 17 17:52:29 gateway authd[1000]: user=amin_jaffer password=RMSR3hUbC4daMK status=rejected
<148>2 2025-12-17T17:49:19.266Z internationalrecontextualize.net enim 936 ID140 - You can't reboot the sensor without programming the primary CSS system!
<36>2 2025-12-17T17:49:19.266Z principalrich.name corrupti 7038 ID683 - I'Ll program the back-end AGP sensor, that should bus the ADP application!
<13>Dec 17 17:52:33 gateway authd[1000]: user=alnoor_ladak password=BhMtuwIC3dT status=rejected
<73>3 2025-12-17T17:49:19.266Z directvisionary.net porro 8076 ID339 - Use the open-source XSS circuit, then you can index the online protocol!
<97>1 2025-12-17T17:49:19.266Z globalleading-edge.com libero 1496 ID813 - The PCI pixel is down, transmit the virtual pixel so we can input the SQL array!
<183>3 2025-12-17T17:49:19.266Z directenterprise.io nihil 1369 ID145 - Try to generate the SMTP monitor, maybe it will connect the bluetooth bandwidth!
<167>2 2025-12-17T17:49:19.266Z districtsystems.info voluptatem 3763 ID664 - You can't navigate the feed without connecting the wireless GB bandwidth!
<119>1 2025-12-17T17:49:19.266Z chiefcross-media.io error 5423 ID684 - The PCI bandwidth is down, quantify the open-source feed so we can copy the SMTP panel!
<135>2 2025-12-17T17:49:19.266Z principalleverage.name quia 2316 ID437 - Try to input the PCI sensor, maybe it will index the solid state capacitor!
<103>1 2025-12-17T17:49:19.266Z dynamice-commerce.io cupiditate 3948 ID325 - The SAS card is down, override the primary hard drive so we can calculate the AGP microchip!
<8>3 2025-12-17T17:49:19.266Z seniormorph.info amet 4073 ID465 - If we copy the interface, we can get to the RSS card through the online RSS feed!
<51>3 2025-12-17T17:49:19.266Z nationalscale.io eaque 5680 ID507 - Try to back up the SDD capacitor, maybe it will navigate the primary array!
<51>1 2025-12-17T17:49:19.266Z seniorinnovative.io tempore 6694 ID534 - If we program the protocol, we can get to the XSS array through the optical XML circuit!
<124>2 2025-12-17T17:49:19.266Z principalbleeding-edge.com dolor 5743 ID397 - The CSS sensor is down, hack the optical application so we can quantify the SAS bandwidth!
<104>1 2025-12-17T17:49:19.266Z internale-commerce.info mollitia 2889 ID247 - Use the virtual RSS capacitor, then you can program the virtual feed!
<41>2 2025-12-17T17:49:19.266Z dynamicimplement.net rem 4080 ID58 - The SMS application is down, back up the bluetooth driver so we can hack the XML sensor!
<57>1 2025-12-17T17:49:19.266Z internationalleverage.com ut 7461 ID841 - I'Ll connect the open-source PCI driver, that should driver the IB firewall!
<13>Dec 17 17:52:34 gateway authd[1000]: user=aly_a password=9Ash2cNQ status=rejected
<129>1 2025-12-17T17:49:19.266Z dynamicniches.info qui 8778 ID368 - I'Ll input the redundant SDD interface, that should transmitter the SMS protocol!
<95>3 2025-12-17T17:49:19.266Z dynamicback-end.name alias 2161 ID746 - If we generate the sensor, we can get to the SMS port through the solid state GB monitor!
<38>3 2025-12-17T17:49:19.266Z corporateaction-items.name sed 1438 ID772 - You can't program the port without synthesizing the wireless COM feed!
<120>2 2025-12-17T17:49:19.266Z investorend-to-end.com recusandae 9787 ID771 - Try to synthesize the SDD sensor, maybe it will transmit the haptic application!
<4>1 2025-12-17T17:49:19.266Z forwardconvergence.io sed 7627 ID599 - Try to input the USB system, maybe it will input the neural protocol!
<121>1 2025-12-17T17:49:19.266Z dynamicinfomediaries.com iusto 6350 ID876 - Try to navigate the AGP bandwidth, maybe it will generate the open-source firewall!
<78>1 2025-12-17T17:49:19.266Z investorsyndicate.com quibusdam 4747 ID723 - If we bypass the panel, we can get to the HDD circuit through the mobile COM circuit!
<24>2 2025-12-17T17:49:19.266Z districtmagnetic.biz ea 1601 ID762 - Use the digital JBOD bus, then you can back up the 1080p microchip!
<181>3 2025-12-17T17:49:19.266Z dynamicapplications.info voluptates 2413 ID417 - I'Ll input the bluetooth XSS hard drive, that should program the XML bus!
<190>2 2025-12-17T17:49:19.266Z nationalinitiatives.net quia 7942 ID466 - We need to copy the back-end XML application!
<23>1 2025-12-17T17:49:19.266Z humanplug-and-play.name nisi 3702 ID573 - The EXE sensor is down, copy the multi-byte bandwidth so we can hack the XSS alarm!
<43>1 2025-12-17T17:49:19.266Z centralrobust.biz est 382 ID732 - The RSS microchip is down, back up the solid state sensor so we can quantify the SDD panel!
<38>2 2025-12-17T17:49:19.266Z corporateextensible.name in 4233 ID833 - We need to parse the virtual IB monitor!
<100>3 2025-12-17T17:49:19.266Z seniorsupply-chains.net consequatur 1244 ID837 - You can't override the firewall without backing up the online USB microchip!
<105>3 2025-12-17T17:49:19.266Z chiefturn-key.com ea 5083 ID142 - We need to quantify the 1080p EXE feed!
<13>Dec 17 17:52:39 gateway authd[1000]: user=noah_ladak password=Sw5pfAh0 status=rejected
<158>1 2025-12-17T17:49:19.266Z investorstreamline.com itaque 1744 ID437 - We need to synthesize the solid state SDD protocol!
<12>1 2025-12-17T17:49:19.266Z corporateb2b.org velit 5852 ID931 - I'Ll generate the back-end HDD capacitor, that should pixel the THX bus!
<87>2 2025-12-17T17:49:19.266Z nationalleading-edge.org repudiandae 2356 ID444 - Navigating the firewall won't do anything, we need to program the redundant SQL microchip!
<116>3 2025-12-17T17:49:19.266Z nationalconvergence.biz excepturi 3965 ID656 - The EXE panel is down, quantify the mobile bandwidth so we can connect the HTTP panel!
<66>3 2025-12-17T17:49:19.266Z forwardnetworks.com labore 7264 ID85 - Try to bypass the XSS circuit, maybe it will generate the redundant card!
<88>3 2025-12-17T17:49:19.266Z directone-to-one.biz ut 2707 ID215 - I'Ll index the auxiliary SCSI sensor, that should bandwidth the SDD monitor!
<51>1 2025-12-17T17:49:19.266Z investorexploit.biz veniam 8303 ID637 - We need to program the bluetooth USB array!
<33>2 2025-12-17T17:49:19.266Z leadout-of-the-box.io et 3707 ID347 - If we navigate the interface, we can get to the SDD circuit through the redundant SQL protocol!
<27>3 2025-12-17T17:49:19.266Z globaltarget.name iste 8116 ID792 - I'Ll synthesize the primary SMTP microchip, that should pixel the TCP bandwidth!
<139>3 2025-12-17T17:49:19.266Z centralimplement.info voluptas 2631 ID297 - We need to navigate the neural PCI panel!
<168>1 2025-12-17T17:49:19.266Z forwardopen-source.biz provident 6244 ID517 - You can't bypass the capacitor without compressing the haptic CSS port!
<161>2 2025-12-17T17:49:19.266Z humannext-generation.com dolor 5880 ID108 - Try to bypass the SDD system, maybe it will copy the virtual transmitter!
<108>1 2025-12-17T17:49:19.266Z regionalbrand.biz et 8565 ID395 - The SAS feed is down, calculate the solid state driver so we can connect the PNG hard drive!
<173>2 2025-12-17T17:49:19.266Z internationalsystems.org itaque 7270 ID990 - Try to parse the SDD application, maybe it will connect the mobile system!
<49>3 2025-12-17T17:49:19.266Z customerbleeding-edge.io impedit 1558 ID787 - If we generate the microchip, we can get to the HDD interface through the wireless HTTP feed!
<13>Dec 17 17:52:43 gateway authd[1000]: user=shezan password=i8yrWz49TguLmk status=rejected
<117>1 2025-12-17T17:49:19.266Z dynamicplug-and-play.biz aut 6651 ID971 - Bypassing the firewall won't do anything, we need to transmit the virtual SCSI card!
<122>1 2025-12-17T17:49:19.266Z directiterate.biz qui 7271 ID478 - Try to quantify the IB bus, maybe it will generate the wireless pixel!
<133>1 2025-12-17T17:49:19.266Z customernetworks.io repellat 4235 ID474 - Try to input the XML port, maybe it will index the haptic system!
<13>Dec 17 17:52:48 gateway authd[1000]: user=shar password=M66SrCJkU79v2D status=rejected
<13>Dec 17 17:52:51 gateway authd[1000]: user=hadi_ibrahimi password=JIatthMxt4tc0 status=rejected
<42>1 2025-12-17T17:49:19.266Z leadsynergies.name id 6813 ID580 - You can't back up the alarm without calculating the neural XML bus!
<117>1 2025-12-17T17:49:19.266Z humane-enable.io ut 9147 ID903 - We need to navigate the 1080p XSS matrix!
<135>2 2025-12-17T17:49:19.266Z regionalimplement.io et 7740 ID211 - Use the multi-byte SAS interface, then you can reboot the optical port!
<114>3 2025-12-17T17:49:19.266Z regionaldeploy.info sapiente 4128 ID995 - You can't bypass the program without navigating the online PCI panel!
<3>3 2025-12-17T17:49:19.266Z seniorleverage.io excepturi 8756 ID576 - The AI driver is down, copy the open-source monitor so we can override the XSS microchip!
<13>Dec 17 17:52:56 gateway authd[1000]: user=moses_merchant password=bdSu7Xcfq status=rejected
<165>3 2025-12-17T17:49:19.266Z nationalmonetize.io animi 4396 ID529 - Generating the driver won't do anything, we need to quantify the open-source RAM firewall!
<186>3 2025-12-17T17:49:19.266Z leadrelationships.name nostrum 2419 ID670 - Synthesizing the panel won't do anything, we need to hack the digital RAM array!
<13>Dec 17 17:52:57 gateway authd[1000]: user=alnoor_ladak password=zy3JaYrD5uj status=rejected
<128>3 2025-12-17T17:49:19.266Z districtreinvent.com porro 3474 ID223 - Try to generate the PCI driver, maybe it will program the mobile alarm!
<13>Dec 17 17:52:58 gateway authd[1000]: user=aly_ali password=f3nJFS1KD status=rejected
<93>2 2025-12-17T17:49:19.266Z districtreintermediate.com qui 9227 ID59 - You can't index the hard drive without calculating the online FTP capacitor!
<130>2 2025-12-17T17:49:19.266Z chiefbandwidth.com eos 7074 ID106 - Generating the matrix won't do anything, we need to bypass the auxiliary SMTP system!
<69>3 2025-12-17T17:49:19.266Z regionalrelationships.name sed 3724 ID629 - Connecting the driver won't do anything, we need to hack the virtual SAS protocol!
<13>Dec 17 17:52:59 gateway authd[1000]: user=shehzad_merchant password=h3xkGxQ9jAK4 status=rejected
<13>Dec 17 17:53:00 gateway authd[1000]: user=aly_ali password=BdCWzJJdF1m status=rejected
<173>1 2025-12-17T17:49:19.266Z legacymodels.io natus 2104 ID856 - If we override the bus, we can get to the XML card through the auxiliary SMS capacitor!
<13>Dec 17 17:53:04 gateway authd[1000]: user=inara_rupani password=6qoe3CX65f4FP status=rejected
<5>3 2025-12-17T17:49:19.266Z internationalnext-generation.name velit 7383 ID232 - We need to navigate the mobile EXE program!
<43>2 2025-12-17T17:49:19.266Z chiefengineer.info libero 8234 ID755 - You can't input the firewall without synthesizing the bluetooth XSS program!
<18>2 2025-12-17T17:49:19.266Z leade-markets.info impedit 7645 ID862 - I'Ll generate the bluetooth SDD application, that should capacitor the JBOD capacitor!
<62>1 2025-12-17T17:49:19.266Z dynamicdynamic.io velit 3817 ID133 - I'Ll override the virtual COM application, that should firewall the FTP bus!
<104>2 2025-12-17T17:49:19.266Z humanenable.com doloribus 4296 ID611 - You can't reboot the system without hacking the haptic SAS protocol!
<170>2 2025-12-17T17:49:19.266Z regionalfacilitate.com deserunt 7113 ID938 - The SCSI card is down, transmit the bluetooth interface so we can input the PNG microchip!
<120>3 2025-12-17T17:49:19.266Z legacymonetize.com omnis 6992 ID975 - Try to reboot the TCP feed, maybe it will synthesize the wireless circuit!
<13>Dec 17 17:53:06 gateway authd[1000]: user=zanir password=7rUD9cxKxAQ2G status=rejected
<56>2 2025-12-17T17:49:19.266Z customerdisintermediate.com ut 8360 ID330 - If we program the pixel, we can get to the FTP array through the primary JBOD panel!
<13>Dec 17 17:53:09 gateway authd[1000]: user=salim_notta password=niwIKh2Sk status=rejected
<131>2 2025-12-17T17:49:19.266Z internationalvisualize.com labore 9339 ID606 - The SDD firewall is down, program the mobile interface so we can input the ADP alarm!
<13>Dec 17 17:53:13 gateway authd[1000]: user=noah_ladak password=VA0EFmTqRlHHfi status=rejected
<6>1 2025-12-17T17:49:19.266Z productnext-generation.org ipsam 2098 ID119 - If we parse the feed, we can get to the SSL driver through the mobile JBOD hard drive!
<76>2 2025-12-17T17:49:19.266Z internalbrand.info blanditiis 4347 ID649 - We need to bypass the multi-byte SDD sensor!
<13>Dec 17 17:53:15 gateway authd[1000]: user=shahzeb_jiwani password=niGSLNnr8V2UD status=rejected
<62>2 2025-12-17T17:49:19.266Z futuresystems.biz aliquam 4823 ID125 - I'Ll generate the open-source XML driver, that should interface the USB capacitor!
<34>1 2025-12-17T17:49:19.266Z leadproactive.name iure 1363 ID256 - Try to connect the AI program, maybe it will quantify the digital application!
<13>Dec 17 17:53:19 gateway authd[1000]: user=manisha_hirani password=oZqw5o0J status=rejected
<119>1 2025-12-17T17:49:19.266Z humanclicks-and-mortar.org non 5071 ID853 - Navigating the sensor won't do anything, we need to quantify the mobile TCP interface!
<13>Dec 17 17:53:24 gateway authd[1000]: user=hadi_ibrahimi password=5QAuU5Av7TM7 status=rejected
<13>Dec 17 17:53:25 gateway authd[1000]: user=rozi password=WIhVYJMWKluSY status=rejected
<66>1 2025-12-17T17:49:19.266Z customer24/7.org rerum 9676 ID665 - I'Ll synthesize the multi-byte SDD capacitor, that should system the SMS bus!
<13>Dec 17 17:53:28 gateway authd[1000]: user=a_ali password=V9k3JTlrGWnS1h status=rejected
<36>2 2025-12-17T17:49:19.266Z regionalreintermediate.net sed 5807 ID62 - Parsing the hard drive won't do anything, we need to program the cross-platform AGP bus!
<155>3 2025-12-17T17:49:19.266Z productstrategic.org aut 3949 ID17 - The JSON port is down, copy the back-end circuit so we can copy the SQL program!
<13>Dec 17 17:53:32 gateway authd[1000]: user=aziz_kapadia password=xO3hPhTkynPzM status=rejected
