<124>Dec 17 17:49:18 fritsch3714 voluptatem[2005]: I'Ll calculate the optical GB interface, that should bus the PNG hard drive!
<180>Dec 17 17:49:18 upton1332 quia[868]: If we connect the hard drive, we can get to the CSS program through the digital PCI pixel!
<21>Dec 17 17:49:18 lubowitz5877 officiis[2073]: Use the virtual RSS bus, then you can index the cross-platform protocol!
<186>Dec 17 17:49:18 rippin2122 nihil[8180]: Use the optical EXE capacitor, then you can transmit the haptic monitor!
<124>Dec 17 17:49:23 fritsch3714 voluptatem[2005]: user=farez_vadsaria password=Zw9OcHtQzZyN status=rejected
<87>Dec 17 17:49:18 volkman7140 qui[5363]: Try to synthesize the ADP alarm, maybe it will copy the primary feed!
<124>Dec 17 17:49:21 fritsch3714 voluptatem[2005]: user=hadi_ibrahimi password=9Gcg5rjTvd1h status=rejected
<124>Dec 17 17:49:23 fritsch3714 voluptatem[2005]: user=murad_kajani password=ETEKDktm status=rejected
<35>Dec 17 17:49:18 oberbrunner7665 quibusdam[757]: Indexing the capacitor won't do anything, we need to back up the neural SMTP system!
<111>Dec 17 17:49:18 crist5457 consequatur[7699]: If we back up the card, we can get to the RAM array through the mobile RAM array!
<129>Dec 17 17:49:18 huels6304 minus[2213]: You can't hack the matrix without parsing the mobile SAS pixel!
<136>Dec 17 17:49:18 bednar8025 laudantium[5283]: I'Ll hack the haptic SAS application, that should system the JSON bus!
<16>Dec 17 17:49:18 osinski2854 illum[4198]: I'Ll hack the multi-byte ADP array, that should protocol the TCP port!
<28>Dec 17 17:49:18 moore2560 ipsum[581]: Try to copy the PCI interface, maybe it will compress the open-source array!
<83>Dec 17 17:49:18 walker4082 dicta[5412]: Use the 1080p HTTP interface, then you can generate the virtual circuit!
<111>Dec 17 17:49:18 farrell3527 sed[1484]: You can't compress the application without backing up the solid state XML microchip!
<124>Dec 17 17:49:23 fritsch3714 voluptatem[2005]: user=saurabh password=Uu9cuR6Hluw status=rejected
<124>Dec 17 17:49:24 fritsch3714 voluptatem[2005]: user=aqueel_kamruddin password=DstEgSGmIKtX status=rejected
<47>Dec 17 17:49:18 harris8757 et[6593]: Try to synthesize the XSS application, maybe it will program the open-source feed!
<86>Dec 17 17:49:18 mccullough2542 officiis[6279]: Try to calculate the SQL monitor, maybe it will parse the redundant protocol!
<162>Dec 17 17:49:18 kuphal2821 repellat[8353]: You can't compress the bus without generating the digital PNG system!
<152>Dec 17 17:49:18 wilkinson2150 iure[5957]: If we parse the capacitor, we can get to the HDD bandwidth through the bluetooth HTTP circuit!
<139>Dec 17 17:49:18 ward2108 qui[5802]: Parsing the matrix won't do anything, we need to quantify the open-source RAM program!
<124>Dec 17 17:49:19 fritsch3714 voluptatem[2005]: user=arshad_somani password=FAoZLs9wQK status=rejected
<124>Dec 17 17:49:24 fritsch3714 voluptatem[2005]: user=fayyaz_makhani password=AgLwwfzWM status=rejected
<124>Dec 17 17:49:27 fritsch3714 voluptatem[2005]: user=aly_ali password=RdoK2mrnE9c status=rejected
<177>Dec 17 17:49:18 reichel2464 velit[5877]: I'Ll hack the solid state RAM protocol, that should interface the GB feed!
<149>Dec 17 17:49:18 osinski8871 ea[5378]: Use the multi-byte FTP bus, then you can back up the virtual pixel!
<115>Dec 17 17:49:18 veum1831 ea[9131]: The AGP interface is down, hack the back-end array so we can program the IB firewall!
<139>Dec 17 17:49:18 von7072 placeat[5163]: I'Ll compress the redundant RAM bus, that should microchip the TCP hard drive!
<76>Dec 17 17:49:18 jacobs8725 enim[8364]: We need to reboot the multi-byte RSS system!
<22>Dec 17 17:49:18 lemke8356 ratione[1373]: Parsing the hard drive won't do anything, we need to calculate the digital XSS application!
<153>Dec 17 17:49:18 kemmer8288 rem[4384]: Use the mobile PNG transmitter, then you can override the haptic card!
<157>Dec 17 17:49:18 nolan2216 commodi[1647]: Hacking the monitor won't do anything, we need to transmit the mobile PCI array!
<124>Dec 17 17:49:20 fritsch3714 voluptatem[2005]: user=amin_jaffer password=xBuQGPG8zLS status=rejected
<63>Dec 17 17:49:18 hartmann2032 omnis[945]: Use the multi-byte SMTP array, then you can copy the multi-byte microchip!
<124>Dec 17 17:49:20 fritsch3714 voluptatem[2005]: user=marriam_shah password=wr7GpH0Qz status=rejected
<125>Dec 17 17:49:18 langworth2371 fuga[5815]: Navigating the card won't do anything, we need to calculate the auxiliary XSS array!
<35>Dec 17 17:49:18 lebsack5646 quidem[3802]: You can't copy the transmitter without programming the mobile GB feed!
<124>Dec 17 17:49:21 fritsch3714 voluptatem[2005]: user=farid_merchant password=JDkRhJlFc status=rejected
<82>Dec 17 17:49:18 larkin7672 et[2665]: Use the solid state JBOD program, then you can bypass the multi-byte bandwidth!
<127>Dec 17 17:49:18 gerhold2303 quos[4647]: We need to input the wireless AGP circuit!
<136>Dec 17 17:49:18 gislason3356 numquam[1856]: Try to transmit the SAS card, maybe it will hack the auxiliary program!
<149>Dec 17 17:49:18 emard5305 voluptatem[2108]: The AI feed is down, index the bluetooth monitor so we can reboot the CSS hard drive!
<52>Dec 17 17:49:18 bogan8722 eum[3336]: Calculating the circuit won't do anything, we need to synthesize the neural GB panel!
<63>Dec 17 17:49:18 smith4868 rerum[1503]: We need to copy the virtual SMTP sensor!
<76>Dec 17 17:49:18 rosenbaum4615 incidunt[9493]: The SMTP bus is down, synthesize the solid state feed so we can calculate the SCSI card!
<124>Dec 17 17:49:23 fritsch3714 voluptatem[2005]: user=moez password=CI1Sst6V status=rejected
<124>Dec 17 17:49:27 fritsch3714 voluptatem[2005]: user=ahil_hashim password=Pq0anEas9D8Ewa status=rejected
<124>Dec 17 17:49:31 fritsch3714 voluptatem[2005]: user=riyaz_popatia password=5MysWXYgdB status=rejected
<124>Dec 17 17:49:36 fritsch3714 voluptatem[2005]: user=aqueel_kamruddin password=X6b8dPU35 status=rejected
<73>Dec 17 17:49:18 kuhlman4307 numquam[7734]: The SQL bus is down, transmit the multi-byte program so we can back up the RAM microchip!
<124>Dec 17 17:49:22 fritsch3714 voluptatem[2005]: user=moez password=C3orrL589brqD status=rejected
<176>Dec 17 17:49:18 emmerich1215 non[7969]: We need to override the multi-byte SCSI firewall!
<79>Dec 17 17:49:18 barton7803 corporis[813]: We need to reboot the redundant SCSI bandwidth!
<86>Dec 17 17:49:18 runolfsson1835 delectus[2654]: You can't program the alarm without compressing the online SQL bus!
<42>Dec 17 17:49:18 mccullough7488 dolorum[1761]: We need to index the virtual ADP firewall!
<47>Dec 17 17:49:18 morar2551 at[9311]: You can't synthesize the circuit without calculating the primary RAM capacitor!
<82>Dec 17 17:49:18 cronin6054 voluptatem[8607]: We need to copy the online PNG panel!
<74>Dec 17 17:49:18 kihn8152 est[3635]: You can't generate the bandwidth without parsing the back-end CSS system!
<90>Dec 17 17:49:18 christiansen8771 deserunt[8748]: You can't compress the hard drive without bypassing the solid state CSS transmitter!
<31>Dec 17 17:49:18 larson1436 inventore[8346]: If we index the pixel, we can get to the ADP sensor through the virtual JBOD feed!
<124>Dec 17 17:49:22 fritsch3714 voluptatem[2005]: user=sajoo password=HkwOMvoplwxs status=rejected
<106>Dec 17 17:49:18 howell5573 laboriosam[3455]: Bypassing the protocol won't do anything, we need to compress the neural ADP sensor!
<124>Dec 17 17:49:23 fritsch3714 voluptatem[2005]: user=zoheb_makani password=Te2pqxQ99 status=rejected
<13>Dec 17 17:49:18 harris5080 assumenda[8559]: We need to parse the mobile COM bandwidth!
<124>Dec 17 17:49:22 fritsch3714 voluptatem[2005]: user=hadi_ibrahimi password=h5cUTtfwhcduK status=rejected
<124>Dec 17 17:49:24 fritsch3714 voluptatem[2005]: user=riyaz_popatia password=L5fvHy04Bxd8S status=rejected
<60>Dec 17 17:49:18 bradtke6310 possimus[3653]: The USB application is down, index the open-source panel so we can quantify the EXE program!
<155>Dec 17 17:49:18 will5216 distinctio[7276]: If we copy the feed, we can get to the ADP bandwidth through the solid state RAM array!
<124>Dec 17 17:49:23 fritsch3714 voluptatem[2005]: user=a_ali password=fJBPoJTLXmDV status=rejected
<54>Dec 17 17:49:18 deckow5471 ad[6710]: If we reboot the driver, we can get to the USB feed through the haptic XML circuit!
<153>Dec 17 17:49:18 farrell4145 consectetur[8125]: You can't transmit the transmitter without bypassing the auxiliary THX application!
<22>Dec 17 17:49:18 mcclure5152 fugit[6133]: The RSS microchip is down, connect the solid state hard drive so we can generate the SMS card!
<80>Dec 17 17:49:18 kunze1408 dignissimos[1647]: I'Ll navigate the auxiliary EXE card, that should interface the AGP feed!
<71>Dec 17 17:49:18 parker7307 voluptas[5361]: We need to transmit the wireless ADP feed!
<191>Dec 17 17:49:18 harris1408 asperiores[501]: Use the virtual SMS program, then you can program the virtual capacitor!
<70>Dec 17 17:49:18 zemlak2103 eum[7901]: The RSS array is down, override the open-source monitor so we can hack the HTTP matrix!
<163>Dec 17 17:49:18 kassulke4437 possimus[2620]: Overriding the pixel won't do anything, we need to synthesize the multi-byte EXE circuit!
<174>Dec 17 17:49:18 graham7255 quis[2602]: I'Ll reboot the primary JBOD card, that should array the HTTP firewall!
<50>Dec 17 17:49:18 harber6837 dignissimos[383]: You can't override the card without navigating the haptic HDD port!
<110>Dec 17 17:49:18 muller6268 vel[9766]: If we parse the port, we can get to the SMS port through the bluetooth SSL alarm!
<32>Dec 17 17:49:18 trantow2424 quia[519]: The PCI matrix is down, input the wireless port so we can synthesize the XML system!
<124>Dec 17 17:49:22 fritsch3714 voluptatem[2005]: user=jamil_jaffer password=awQUAR6gflbfj status=rejected
<154>Dec 17 17:49:18 ferry7440 voluptas[8000]: I'Ll connect the solid state EXE port, that should driver the CSS protocol!
<71>Dec 17 17:49:18 muller3335 sint[7173]: We need to program the 1080p SDD monitor!
<76>Dec 17 17:49:18 cole4374 dignissimos[9268]: We need to hack the wireless AI monitor!
<146>Dec 17 17:49:18 larkin3111 provident[475]: Backing up the monitor won't do anything, we need to index the auxiliary JSON microchip!
<156>Dec 17 17:49:18 krajcik4885 rerum[3682]: Use the 1080p JBOD array, then you can back up the wireless application!
<177>Dec 17 17:49:18 christiansen5480 rerum[4039]: We need to override the solid state PCI array!
<160>Dec 17 17:49:18 miller5748 nulla[9805]: Use the neural USB panel, then you can bypass the back-end interface!
<85>Dec 17 17:49:18 ferry4684 quos[4988]: The TCP microchip is down, generate the auxiliary interface so we can input the SAS hard drive!
<52>Dec 17 17:49:18 koepp5571 deserunt[8176]: The CSS transmitter is down, quantify the digital hard drive so we can calculate the RAM hard drive!
<122>Dec 17 17:49:18 predovic3246 eum[9696]: I'Ll transmit the digital FTP firewall, that should bus the HDD driver!
<102>Dec 17 17:49:18 zboncak1613 enim[1303]: Bypassing the firewall won't do anything, we need to navigate the haptic ADP system!
<124>Dec 17 17:49:19 fritsch3714 voluptatem[2005]: user=zain_mitha password=vTVLcWAdL4wd status=rejected
<101>Dec 17 17:49:18 trantow6513 et[5235]: The FTP capacitor is down, input the back-end program so we can program the RAM port!
<91>Dec 17 17:49:18 raynor7764 tempore[2547]: You can't parse the array without connecting the neural XML interface!
<40>Dec 17 17:49:18 schmeler6544 commodi[6965]: I'Ll connect the primary SSL port, that should system the USB bandwidth!
<94>Dec 17 17:49:18 ledner7520 ut[867]: I'Ll back up the haptic HTTP interface, that should transmitter the SCSI system!
<116>Dec 17 17:49:18 bartell3031 est[3595]: The PCI feed is down, parse the wireless driver so we can reboot the SMTP port!
<124>Dec 17 17:49:22 fritsch3714 voluptatem[2005]: user=asif password=iFbFs4uxq status=rejected
<53>Dec 17 17:49:18 von2456 rem[5018]: Try to hack the SQL program, maybe it will quantify the mobile bus!
<124>Dec 17 17:49:19 fritsch3714 voluptatem[2005]: user=hadi_ibrahimi password=aPjWorrv5NKMYD status=rejected
<124>Dec 17 17:49:22 fritsch3714 voluptatem[2005]: user=arwa password=2BBcxClIC0H8CG status=rejected
<58>Dec 17 17:49:18 walter7457 officia[7728]: I'Ll bypass the solid state SAS transmitter, that should transmitter the EXE matrix!
<124>Dec 17 17:49:22 fritsch3714 voluptatem[2005]: user=aziz_kapadia password=dBtclq5I3TjzW status=rejected
<113>Dec 17 17:49:18 bode2574 et[3440]: You can't synthesize the hard drive without backing up the neural SSL monitor!
<110>Dec 17 17:49:18 leannon4787 facilis[7115]: We need to generate the multi-byte USB alarm!
<1>Dec 17 17:49:18 feeney1482 perspiciatis[2597]: We need to calculate the bluetooth TCP hard drive!
<123>Dec 17 17:49:18 greenholt8533 deleniti[9584]: If we navigate the monitor, we can get to the IB capacitor through the 1080p XSS microchip!
<161>Dec 17 17:49:18 runolfsdottir3176 unde[696]: You can't input the transmitter without generating the 1080p FTP array!
<176>Dec 17 17:49:18 wilkinson6810 veritatis[8966]: We need to generate the redundant USB program!
<124>Dec 17 17:49:22 fritsch3714 voluptatem[2005]: user=fariha_mohammad password=Krpq6g22NdtdZ status=rejected
<54>Dec 17 17:49:18 kemmer4707 ipsam[1241]: Use the optical AI sensor, then you can input the 1080p pixel!
<18>Dec 17 17:49:18 ankunding2487 neque[8867]: I'Ll transmit the open-source SQL protocol, that should firewall the SQL bus!
<121>Dec 17 17:49:18 stiedemann8327 velit[9298]: We need to index the optical XSS array!
<124>Dec 17 17:49:21 fritsch3714 voluptatem[2005]: user=moez password=t079ocYsiCq1q status=rejected
<124>Dec 17 17:49:18 monahan7731 et[4026]: Try to index the AGP pixel, maybe it will back up the redundant microchip!
<124>Dec 17 17:49:19 fritsch3714 voluptatem[2005]: user=ayaan_ajaney password=HgwKQVcX status=rejected
<125>Dec 17 17:49:18 littel4374 ut[2605]: The SMTP circuit is down, compress the multi-byte capacitor so we can quantify the HTTP system!
<124>Dec 17 17:49:19 fritsch3714 voluptatem[2005]: user=shahzeb_jiwani password=mJliglOHdqs status=rejected
<155>Dec 17 17:49:18 grady5850 corporis[2232]: You can't input the card without overriding the neural PNG circuit!
<191>Dec 17 17:49:18 gorczany3386 magnam[5519]: If we input the driver, we can get to the SAS card through the wireless TCP capacitor!
<181>Dec 17 17:49:18 west5647 ut[2667]: Use the haptic JBOD pixel, then you can connect the multi-byte circuit!
<180>Dec 17 17:49:18 spencer7583 ipsa[3547]: Use the cross-platform ADP card, then you can hack the cross-platform monitor!
<117>Dec 17 17:49:18 price5310 soluta[7549]: Backing up the array won't do anything, we need to parse the virtual USB feed!
<185>Dec 17 17:49:18 champlin1317 similique[1490]: The PCI sensor is down, synthesize the open-source alarm so we can hack the AI microchip!
<77>Dec 17 17:49:18 johnson4878 quibusdam[3601]: We need to back up the cross-platform HDD array!
<72>Dec 17 17:49:18 jast5402 officiis[3670]: The PNG protocol is down, navigate the online pixel so we can reboot the SMTP capacitor!
<147>Dec 17 17:49:18 koepp3876 sit[384]: You can't parse the matrix without synthesizing the optical TCP program!
<143>Dec 17 17:49:18 nicolas2024 placeat[8806]: The JSON pixel is down, connect the optical application so we can reboot the SMS driver!
<124>Dec 17 17:49:19 fritsch3714 voluptatem[2005]: user=arshad_somani password=z0Ma4EwlQs9v status=rejected
<9>Dec 17 17:49:18 volkman2414 fugit[8905]: Navigating the microchip won't do anything, we need to parse the multi-byte HDD alarm!
<33>Dec 17 17:49:18 schaefer7026 et[3578]: Use the digital XML card, then you can connect the neural firewall!
<11>Dec 17 17:49:18 reichel2204 pariatur[6843]: If we copy the bus, we can get to the THX alarm through the bluetooth GB matrix!
<124>Dec 17 17:49:19 fritsch3714 voluptatem[2005]: user=serena_tejani_rahemtulla password=d7O1LCdqmUv3 status=rejected
<141>Dec 17 17:49:18 lubowitz2828 quisquam[1838]: Use the multi-byte AGP protocol, then you can reboot the solid state firewall!
<124>Dec 17 17:49:18 ebert1417 quia[9935]: Copying the feed won't do anything, we need to navigate the auxiliary JSON array!
<124>Dec 17 17:49:20 fritsch3714 voluptatem[2005]: user=fariha_mohammad password=boHcLKMHf status=rejected
<124>Dec 17 17:49:21 fritsch3714 voluptatem[2005]: user=asif password=gVnn1HcuU5 status=rejected
<168>Dec 17 17:49:18 conroy5318 earum[630]: Try to program the COM bus, maybe it will compress the digital protocol!
<131>Dec 17 17:49:18 oreilly7671 numquam[6186]: Try to index the SSL matrix, maybe it will navigate the multi-byte port!
<107>Dec 17 17:49:18 crona3212 tenetur[2332]: If we connect the monitor, we can get to the COM circuit through the multi-byte JSON sensor!
<12>Dec 17 17:49:18 stark4151 dolore[2692]: I'Ll bypass the multi-byte SAS sensor, that should capacitor the SMS feed!
<11>Dec 17 17:49:18 block3686 maiores[9567]: I'Ll synthesize the primary RAM card, that should bus the SMTP panel!
<124>Dec 17 17:49:20 fritsch3714 voluptatem[2005]: user=amin_jaffer password=JHsMDQwFEhwUq status=rejected
<124>Dec 17 17:49:22 fritsch3714 voluptatem[2005]: user=a_ali password=bQXLjJSw6 status=rejected
<2>Dec 17 17:49:18 glover1087 doloremque[7676]: I'Ll copy the neural TCP bandwidth, that should matrix the EXE monitor!
<84>Dec 17 17:49:18 zemlak8004 est[4030]: The RAM transmitter is down, navigate the virtual transmitter so we can copy the SMS port!
<97>Dec 17 17:49:18 marks5736 nulla[2676]: If we copy the bandwidth, we can get to the AGP program through the neural THX interface!
<146>Dec 17 17:49:18 powlowski7674 deserunt[3330]: Try to generate the SDD microchip, maybe it will index the 1080p panel!
<124>Dec 17 17:49:19 fritsch3714 voluptatem[2005]: user=riyaz_popatia password=jJNh3SO0eLy0P status=rejected
<11>Dec 17 17:49:18 collier7383 natus[9707]: The EXE port is down, program the mobile sensor so we can transmit the EXE protocol!
<83>Dec 17 17:49:18 gottlieb2672 non[400]: I'Ll bypass the digital XML sensor, that should driver the TCP application!
<188>Dec 17 17:49:18 robel6675 pariatur[2501]: We need to back up the wireless CSS bus!
<30>Dec 17 17:49:18 durgan6856 quae[1994]: I'Ll synthesize the auxiliary FTP hard drive, that should application the AGP system!
<167>Dec 17 17:49:18 senger7645 animi[2596]: I'Ll back up the haptic GB firewall, that should monitor the RAM feed!
<67>Dec 17 17:49:18 borer5288 et[126]: Try to navigate the SMTP panel, maybe it will calculate the mobile sensor!
<39>Dec 17 17:49:18 moore4230 sint[7427]: You can't calculate the transmitter without calculating the solid state SAS interface!
<177>Dec 17 17:49:18 hintz8847 dolor[7095]: Try to program the PCI pixel, maybe it will index the primary transmitter!
<135>Dec 17 17:49:18 ullrich7687 voluptatum[3039]: You can't copy the hard drive without quantifying the redundant XSS panel!
<183>Dec 17 17:49:18 mclaughlin7418 et[2804]: We need to reboot the cross-platform ADP bus!
<124>Dec 17 17:49:23 fritsch3714 voluptatem[2005]: user=zanir password=lFdEd8kW status=rejected
<124>Dec 17 17:49:25 fritsch3714 voluptatem[2005]: user=fariha_mohammad password=7xBwDmyC2yy3 status=rejected
<124>Dec 17 17:49:28 fritsch3714 voluptatem[2005]: user=fayyaz_makhani password=AMJcOTCwW9bp status=rejected
<124>Dec 17 17:49:30 fritsch3714 voluptatem[2005]: user=serena_tejani_rahemtulla password=yHwsVFYj status=rejected
<160>Dec 17 17:49:18 marvin5552 consequatur[822]: You can't copy the protocol without indexing the redundant ADP array!
<114>Dec 17 17:49:18 barton1786 provident[7121]: Try to compress the SCSI driver, maybe it will synthesize the 1080p circuit!
<124>Dec 17 17:49:21 fritsch3714 voluptatem[2005]: user=zain_mitha password=RGii1d3OiFFHul status=rejected
<124>Dec 17 17:49:24 fritsch3714 voluptatem[2005]: user=shahzeb_jiwani password=5AaDuuk08Er status=rejected
<164>Dec 17 17:49:18 koepp4342 aspernatur[6303]: You can't hack the microchip without connecting the mobile SMS driver!
<183>Dec 17 17:49:18 mueller4154 tenetur[6358]: We need to override the cross-platform FTP feed!
<10>Dec 17 17:49:18 oreilly6785 veritatis[8876]: You can't compress the panel without parsing the haptic JSON card!
<23>Dec 17 17:49:18 stiedemann7004 omnis[523]: We need to navigate the virtual SQL circuit!
<124>Dec 17 17:49:22 fritsch3714 voluptatem[2005]: user=murad_kajani password=gCnaAWdx9po status=rejected
<7>Dec 17 17:49:18 zemlak3676 ut[3941]: If we reboot the microchip, we can get to the SSL firewall through the multi-byte SAS hard drive!
<124>Dec 17 17:49:20 fritsch3714 voluptatem[2005]: user=farid_merchant password=BrybRDSCNjIPY status=rejected
<6>Dec 17 17:49:18 swift8551 accusamus[2877]: Connecting the hard drive won't do anything, we need to synthesize the bluetooth SQL application!
<160>Dec 17 17:49:18 brown8628 enim[6997]: We need to generate the optical GB matrix!
<180>Dec 17 17:49:18 reichert4606 ipsa[1515]: Use the redundant SSL application, then you can parse the open-source interface!
<124>Dec 17 17:49:23 fritsch3714 voluptatem[2005]: user=a_ali password=o2ZkyK0pJ status=rejected
<127>Dec 17 17:49:18 goldner6212 autem[8092]: Try to parse the JBOD array, maybe it will index the mobile panel!
<79>Dec 17 17:49:18 weissnat1004 dolore[4910]: We need to parse the bluetooth SCSI feed!
<20>Dec 17 17:49:18 bins6127 cupiditate[6148]: We need to compress the haptic CSS interface!
<124>Dec 17 17:49:23 fritsch3714 voluptatem[2005]: user=saurabh password=h2LZFLRwt status=rejected
<129>Dec 17 17:49:18 weimann8161 perspiciatis[4572]: The HTTP capacitor is down, navigate the redundant application so we can index the SCSI hard drive!
<152>Dec 17 17:49:18 ankunding8563 laborum[8608]: If we calculate the array, we can get to the THX matrix through the neural HDD hard drive!
<153>Dec 17 17:49:18 blanda8804 voluptate[3175]: I'Ll override the cross-platform USB capacitor, that should panel the SAS bandwidth!
<124>Dec 17 17:49:19 fritsch3714 voluptatem[2005]: user=farid_merchant password=JUxrOlniJ status=rejected
<105>Dec 17 17:49:18 altenwerth1687 laboriosam[7491]: Use the online COM capacitor, then you can compress the back-end pixel!
<141>Dec 17 17:49:18 walsh4304 repellat[6701]: Try to hack the AGP monitor, maybe it will bypass the cross-platform firewall!
<75>Dec 17 17:49:18 schowalter4123 eaque[4545]: Overriding the pixel won't do anything, we need to program the auxiliary GB system!
<60>Dec 17 17:49:18 sanford6167 suscipit[4176]: Bypassing the monitor won't do anything, we need to transmit the digital ADP circuit!
<127>Dec 17 17:49:18 smith1452 iste[1573]: If we compress the alarm, we can get to the SCSI driver through the primary SMS firewall!
<87>Dec 17 17:49:18 buckridge8134 rerum[8402]: If we program the protocol, we can get to the HTTP application through the solid state SSL port!
<190>Dec 17 17:49:18 bailey3068 doloribus[5984]: You can't input the monitor without copying the back-end SQL system!
<124>Dec 17 17:49:23 fritsch3714 voluptatem[2005]: user=raheel password=pT2PpiB2wUCtH status=rejected
<58>Dec 17 17:49:18 krajcik1584 sunt[1297]: We need to navigate the bluetooth SMS array!
<154>Dec 17 17:49:18 stamm6320 quaerat[9710]: Try to back up the SMS panel, maybe it will compress the 1080p sensor!
<171>Dec 17 17:49:18 kuhn7784 consequatur[6980]: You can't back up the application without programming the 1080p XML application!
<124>Dec 17 17:49:20 fritsch3714 voluptatem[2005]: user=ali_dharani password=XrsG2nZv status=rejected
<103>Dec 17 17:49:18 wisoky1285 laborum[9253]: If we back up the port, we can get to the RSS bus through the primary SDD capacitor!
<30>Dec 17 17:49:18 kulas6672 omnis[184]: I'Ll generate the open-source EXE driver, that should transmitter the USB pixel!
<124>Dec 17 17:49:19 fritsch3714 voluptatem[2005]: user=marriam_shah password=boPzV4er status=rejected
<18>Dec 17 17:49:18 cummings8704 asperiores[4428]: Try to hack the XML bus, maybe it will override the cross-platform application!
<124>Dec 17 17:49:21 fritsch3714 voluptatem[2005]: user=zoheb_makani password=CZt1hhrkY19YTY status=rejected
<80>Dec 17 17:49:18 hegmann5363 harum[1090]: If we reboot the port, we can get to the SQL program through the back-end PNG bandwidth!
<124>Dec 17 17:49:22 fritsch3714 voluptatem[2005]: user=ayaan_ajaney password=XnSQEG36tVmtqa status=rejected
<190>Dec 17 17:49:18 swift6007 et[4433]: If we quantify the program, we can get to the AI card through the online TCP hard drive!
<138>Dec 17 17:49:18 parisian8003 dicta[1869]: If we override the panel, we can get to the THX alarm through the wireless PNG sensor!
<124>Dec 17 17:49:22 fritsch3714 voluptatem[2005]: user=asif password=m4wPbEF6 status=rejected
<115>Dec 17 17:49:18 streich2577 aut[7627]: You can't calculate the feed without programming the solid state RSS circuit!
<145>Dec 17 17:49:18 schneider3141 voluptatibus[3879]: Use the multi-byte PNG matrix, then you can hack the solid state monitor!
<77>Dec 17 17:49:18 gulgowski8138 qui[1700]: Use the online AI protocol, then you can quantify the back-end sensor!
<139>Dec 17 17:49:18 halvorson2283 officia[5233]: The COM hard drive is down, back up the open-source card so we can reboot the COM feed!
<84>Dec 17 17:49:18 ruecker2000 sint[7307]: Connecting the port won't do anything, we need to calculate the bluetooth JSON microchip!
<44>Dec 17 17:49:18 klein1184 vero[3178]: The EXE microchip is down, transmit the auxiliary interface so we can input the USB bandwidth!
<68>Dec 17 17:49:18 schulist6148 incidunt[7723]: Transmitting the monitor won't do anything, we need to index the solid state RAM bus!
<124>Dec 17 17:49:23 fritsch3714 voluptatem[2005]: user=shahzeb_jiwani password=FVMvqG8s status=rejected
<154>Dec 17 17:49:18 waelchi7410 sit[5091]: If we input the feed, we can get to the SMTP capacitor through the redundant JSON protocol!
<189>Dec 17 17:49:18 koelpin6838 laudantium[3455]: I'Ll synthesize the neural JBOD system, that should matrix the PCI matrix!
<56>Dec 17 17:49:18 lesch5720 atque[6089]: If we hack the port, we can get to the XML bandwidth through the redundant SDD feed!
<12>Dec 17 17:49:18 ernser5507 culpa[3286]: The GB bandwidth is down, bypass the virtual bandwidth so we can synthesize the SSL circuit!
<59>Dec 17 17:49:18 parisian6436 perferendis[5769]: Copying the transmitter won't do anything, we need to synthesize the redundant PNG hard drive!
<104>Dec 17 17:49:18 gusikowski6372 odit[3162]: The SMS firewall is down, hack the primary sensor so we can override the JBOD application!
<0>Dec 17 17:49:18 kuhlman6838 nihil[6973]: I'Ll quantify the neural SQL port, that should port the HTTP monitor!
<96>Dec 17 17:49:18 will7834 ut[5128]: Use the optical RAM firewall, then you can back up the bluetooth sensor!
<30>Dec 17 17:49:18 larkin2743 atque[22]: You can't transmit the firewall without compressing the bluetooth RAM bus!
<168>Dec 17 17:49:18 reichel4163 et[839]: You can't index the bandwidth without parsing the back-end SMS card!
<124>Dec 17 17:49:23 fritsch3714 voluptatem[2005]: user=aly_ali password=bedZsR1bsSz status=rejected
<84>Dec 17 17:49:18 rowe5674 rem[3721]: I'Ll program the online AI firewall, that should driver the RSS protocol!
<75>Dec 17 17:49:18 sipes5403 molestias[1389]: Use the virtual XSS capacitor, then you can navigate the mobile program!
<155>Dec 17 17:49:18 haley8210 quam[2788]: I'Ll transmit the multi-byte RSS program, that should feed the RAM capacitor!
<183>Dec 17 17:49:18 kautzer6747 pariatur[7827]: Use the bluetooth RSS sensor, then you can connect the cross-platform panel!
<43>Dec 17 17:49:18 mayert4758 magni[5916]: I'Ll program the multi-byte XML alarm, that should array the USB transmitter!
<149>Dec 17 17:49:18 kiehn4325 accusantium[6221]: If we index the array, we can get to the TCP panel through the mobile AI pixel!
<124>Dec 17 17:49:21 fritsch3714 voluptatem[2005]: user=zoheb_makani password=F0fMoPokJD92KY status=rejected
<40>Dec 17 17:49:18 weimann2373 ea[7550]: We need to synthesize the digital RAM firewall!
<57>Dec 17 17:49:18 damore7628 esse[5831]: Overriding the driver won't do anything, we need to index the neural PNG microchip!
<20>Dec 17 17:49:18 kling1110 sit[2305]: If we transmit the card, we can get to the XSS system through the mobile JBOD card!
<20>Dec 17 17:49:18 beahan6876 est[7296]: If we bypass the program, we can get to the SQL bus through the auxiliary CSS monitor!
<141>Dec 17 17:49:18 ondricka5587 ex[5652]: Try to transmit the HDD sensor, maybe it will compress the multi-byte sensor!
<130>Dec 17 17:49:18 mckenzie6048 quod[198]: The SMS bandwidth is down, override the back-end feed so we can parse the IB monitor!
<124>Dec 17 17:49:22 fritsch3714 voluptatem[2005]: user=farez_vadsaria password=FpCYtOD5IGaVKF status=rejected
<151>Dec 17 17:49:18 jast4583 tempore[3807]: Use the optical EXE microchip, then you can copy the bluetooth transmitter!
<99>Dec 17 17:49:18 muller5716 hic[5327]: I'Ll connect the haptic RAM card, that should card the CSS firewall!
<124>Dec 17 17:49:19 fritsch3714 voluptatem[2005]: user=aziz_kapadia password=vfiYqqeroj status=rejected
<134>Dec 17 17:49:18 hyatt1687 itaque[3404]: You can't input the system without quantifying the multi-byte ADP card!
<72>Dec 17 17:49:18 gusikowski6874 debitis[6266]: Indexing the system won't do anything, we need to program the wireless AI hard drive!
<96>Dec 17 17:49:18 toy5633 vel[5106]: We need to copy the wireless CSS feed!
<124>Dec 17 17:49:23 fritsch3714 voluptatem[2005]: user=raheel password=q4fayfTNnNc0O status=rejected
<58>Dec 17 17:49:18 murazik3028 dolorum[6152]: If we back up the driver, we can get to the RSS system through the bluetooth TCP system!
<16>Dec 17 17:49:18 smith1455 eligendi[8828]: The PNG card is down, generate the solid state transmitter so we can quantify the HTTP bus!
<166>Dec 17 17:49:18 mohr2286 reprehenderit[8852]: Indexing the alarm won't do anything, we need to parse the redundant RAM circuit!
<106>Dec 17 17:49:18 stamm6486 provident[7418]: We need to bypass the mobile SAS alarm!
<124>Dec 17 17:49:21 fritsch3714 voluptatem[2005]: user=ali_dharani password=9kIb8pMV status=rejected
<124>Dec 17 17:49:24 fritsch3714 voluptatem[2005]: user=shehzad_merchant password=OGYrX4lW8cBlm status=rejected
<124>Dec 17 17:49:28 fritsch3714 voluptatem[2005]: user=arwa password=JZ4oPGGwyZuJ status=rejected
<71>Dec 17 17:49:18 medhurst1253 nisi[8961]: Try to calculate the JSON hard drive, maybe it will parse the neural interface!
<76>Dec 17 17:49:18 metz4534 officia[9367]: We need to compress the redundant SCSI transmitter!
<115>Dec 17 17:49:18 dooley7704 ex[2861]: Try to navigate the JBOD feed, maybe it will input the open-source card!
<64>Dec 17 17:49:18 sporer7630 laboriosam[4373]: I'Ll copy the 1080p JSON circuit, that should bus the SMS transmitter!
<81>Dec 17 17:49:18 kuhlman4560 culpa[6536]: Use the cross-platform AGP bus, then you can input the online driver!
<43>Dec 17 17:49:18 becker6066 incidunt[4600]: If we bypass the monitor, we can get to the SAS hard drive through the digital SMS transmitter!
<124>Dec 17 17:49:21 fritsch3714 voluptatem[2005]: user=serena_tejani_rahemtulla password=8vMq3MciHx status=rejected
<124>Dec 17 17:49:25 fritsch3714 voluptatem[2005]: user=arwa password=8DA2M3MSz status=rejected
<124>Dec 17 17:49:26 fritsch3714 voluptatem[2005]: user=murad_kajani password=6w6ZV0TdxU86dX status=rejected
<35>Dec 17 17:49:18 bradtke8044 laboriosam[2407]: Try to hack the ADP card, maybe it will index the online interface!
<81>Dec 17 17:49:18 schuster3354 autem[5526]: Try to transmit the SAS application, maybe it will calculate the digital driver!
<157>Dec 17 17:49:18 farrell1365 est[6812]: Try to generate the XML feed, maybe it will hack the cross-platform driver!
<48>Dec 17 17:49:18 schmeler5220 omnis[8844]: If we hack the driver, we can get to the SDD panel through the open-source GB microchip!
<18>Dec 17 17:49:18 quitzon5610 aut[1165]: The SSL panel is down, generate the haptic application so we can compress the CSS microchip!
<24>Dec 17 17:49:18 kirlin4442 odio[6582]: Generating the sensor won't do anything, we need to parse the haptic RAM interface!
<92>Dec 17 17:49:18 bednar5754 et[6252]: You can't back up the protocol without calculating the primary HDD driver!
<43>Dec 17 17:49:18 hodkiewicz3141 molestiae[3025]: We need to quantify the back-end SCSI circuit!
<180>Dec 17 17:49:18 purdy8741 et[7584]: Use the auxiliary USB driver, then you can bypass the redundant firewall!
<81>Dec 17 17:49:18 bins2060 non[6870]: Try to copy the SMS driver, maybe it will copy the cross-platform feed!
<124>Dec 17 17:49:22 fritsch3714 voluptatem[2005]: user=ali_dharani password=SocEcBi9 status=rejected
<42>Dec 17 17:49:18 leuschke8333 sed[8655]: Use the neural USB interface, then you can calculate the redundant interface!
<94>Dec 17 17:49:18 zemlak8806 quis[8551]: You can't parse the array without programming the bluetooth SAS card!
<88>Dec 17 17:49:18 fisher6821 dolor[7880]: We need to override the digital SDD panel!
<124>Dec 17 17:49:21 fritsch3714 voluptatem[2005]: user=ayaan_ajaney password=ILdYql0x0w4 status=rejected
<181>Dec 17 17:49:18 farrell5178 enim[4484]: If we connect the panel, we can get to the THX hard drive through the redundant EXE sensor!
<103>Dec 17 17:49:18 lubowitz5351 dolor[9683]: Use the primary XSS driver, then you can calculate the virtual port!
<6>Dec 17 17:49:18 jewess6701 esse[7755]: You can't bypass the system without quantifying the optical PNG bus!
<29>Dec 17 17:49:18 nolan8286 harum[7697]: Try to navigate the COM array, maybe it will hack the 1080p pixel!
<112>Dec 17 17:49:18 kovacek6814 pariatur[1923]: You can't synthesize the circuit without copying the auxiliary EXE driver!
<13>Dec 17 17:49:18 herzog1058 voluptates[8095]: I'Ll generate the optical XML alarm, that should array the THX system!
<124>Dec 17 17:49:19 fritsch3714 voluptatem[2005]: user=arshad_somani password=UFfgEmgS status=rejected
<83>Dec 17 17:49:18 mckenzie6411 suscipit[189]: I'Ll compress the virtual JBOD card, that should bus the IB firewall!
<162>Dec 17 17:49:18 hirthe4355 ut[8303]: Hacking the bus won't do anything, we need to input the virtual SCSI system!
<75>Dec 17 17:49:18 shanahan7667 quae[7283]: The PNG application is down, bypass the primary pixel so we can program the HTTP alarm!
<159>Dec 17 17:49:18 jaskolski3516 et[5948]: I'Ll compress the 1080p PCI protocol, that should feed the GB interface!
<124>Dec 17 17:49:20 fritsch3714 voluptatem[2005]: user=aqueel_kamruddin password=4GBqwIvFVngGzt status=rejected
<104>Dec 17 17:49:18 rice7385 dolore[1543]: I'Ll parse the mobile SAS protocol, that should protocol the IB panel!
<89>Dec 17 17:49:18 conroy5080 modi[6769]: Navigating the firewall won't do anything, we need to reboot the auxiliary IB feed!
<124>Dec 17 17:49:18 ruecker6777 tenetur[8762]: If we navigate the application, we can get to the RAM port through the neural SMS pixel!
<172>Dec 17 17:49:18 murazik2073 in[6145]: Try to copy the XSS driver, maybe it will quantify the digital microchip!
<61>Dec 17 17:49:18 fisher8517 repellat[5247]: I'Ll parse the neural SMS monitor, that should interface the SCSI application!
<124>Dec 17 17:49:19 fritsch3714 voluptatem[2005]: user=sajoo password=gpe4vjo7k status=rejected
<136>Dec 17 17:49:18 blanda6652 et[3253]: The AI interface is down, reboot the haptic firewall so we can compress the JSON capacitor!
<166>Dec 17 17:49:18 mante6533 ipsum[3417]: The JBOD system is down, navigate the primary program so we can compress the SSL transmitter!
<85>Dec 17 17:49:18 fahey6732 et[4995]: Calculating the sensor won't do anything, we need to calculate the redundant SDD transmitter!
<13>Dec 17 17:49:18 blick3416 in[8256]: Use the primary THX interface, then you can connect the auxiliary microchip!
<27>Dec 17 17:49:18 lockman4763 dolore[3039]: We need to transmit the haptic THX firewall!
<85>Dec 17 17:49:18 goodwin2577 ullam[5033]: We need to back up the primary JBOD hard drive!
<170>Dec 17 17:49:18 dietrich4661 sequi[6677]: You can't hack the feed without calculating the primary HTTP array!
<124>Dec 17 17:49:21 fritsch3714 voluptatem[2005]: user=jamil_jaffer password=RStvC97g status=rejected
<124>Dec 17 17:49:24 fritsch3714 voluptatem[2005]: user=ahil_hashim password=ZsDhSrjqqrHJ status=rejected
<135>Dec 17 17:49:18 eichmann7011 nisi[4752]: Use the cross-platform SMS program, then you can generate the neural matrix!
<124>Dec 17 17:49:22 fritsch3714 voluptatem[2005]: user=sajoo password=MDSt2r2G0w status=rejected
<124>Dec 17 17:49:26 fritsch3714 voluptatem[2005]: user=zanir password=hGugSK9fl1cGNJ status=rejected
<159>Dec 17 17:49:18 schuster5614 rem[4944]: Copying the panel won't do anything, we need to program the open-source RSS feed!
<124>Dec 17 17:49:20 fritsch3714 voluptatem[2005]: user=fayyaz_makhani password=Gi1DV57lZ status=rejected
<87>Dec 17 17:49:18 tremblay4781 est[1624]: Use the primary JSON circuit, then you can program the neural panel!
<92>Dec 17 17:49:18 crona5427 atque[7358]: You can't input the monitor without backing up the mobile RAM array!
<151>Dec 17 17:49:18 hickle6488 praesentium[7044]: Generating the port won't do anything, we need to index the online TCP application!
<159>Dec 17 17:49:18 jones8375 maiores[4857]: Connecting the firewall won't do anything, we need to input the auxiliary SDD alarm!
<32>Dec 17 17:49:18 hilll5087 voluptatem[9289]: Use the mobile USB protocol, then you can index the open-source feed!
<112>Dec 17 17:49:18 corkery3156 blanditiis[953]: Transmitting the panel won't do anything, we need to hack the primary SAS matrix!
<153>Dec 17 17:49:18 hackett7068 voluptatem[7014]: Try to parse the SMS array, maybe it will reboot the optical array!
<57>Dec 17 17:49:18 reinger1774 quia[9373]: I'Ll transmit the solid state FTP alarm, that should bus the AGP capacitor!
<31>Dec 17 17:49:18 mante2328 debitis[1357]: Copying the interface won't do anything, we need to program the digital RSS capacitor!
<60>Dec 17 17:49:18 oberbrunner2253 at[2966]: We need to parse the open-source SDD feed!
<120>Dec 17 17:49:18 jenkins8357 laborum[2615]: Use the virtual XSS system, then you can input the 1080p matrix!
<101>Dec 17 17:49:18 medhurst2258 quasi[1004]: If we override the microchip, we can get to the HTTP card through the virtual RSS interface!
<60>Dec 17 17:49:18 stoltenberg8315 sequi[6516]: Use the digital SMTP port, then you can generate the mobile bus!
<124>Dec 17 17:49:21 fritsch3714 voluptatem[2005]: user=aly_ali password=8gD2pFwxei3 status=rejected
<23>Dec 17 17:49:18 padberg8217 error[8258]: If we copy the microchip, we can get to the HTTP monitor through the neural ADP program!
<59>Dec 17 17:49:18 abshire6020 et[5505]: The AI protocol is down, compress the solid state program so we can reboot the JBOD application!
<189>Dec 17 17:49:18 doyle2287 corporis[1439]: I'Ll navigate the redundant ADP transmitter, that should alarm the EXE hard drive!
<178>Dec 17 17:49:18 wolff6664 asperiores[5847]: I'Ll bypass the solid state JSON transmitter, that should card the HTTP microchip!
<124>Dec 17 17:49:22 fritsch3714 voluptatem[2005]: user=ahil_hashim password=O0YwsuNwq status=rejected
<186>Dec 17 17:49:18 raynor7344 ullam[71]: Try to synthesize the AI firewall, maybe it will override the online protocol!
<89>Dec 17 17:49:18 schneider7170 ipsa[7948]: We need to copy the neural SQL application!
<51>Dec 17 17:49:18 quitzon5674 veniam[4701]: If we transmit the card, we can get to the PCI port through the cross-platform AI alarm!
<144>Dec 17 17:49:18 schamberger8055 qui[5389]: Copying the monitor won't do anything, we need to navigate the solid state XSS monitor!
<124>Dec 17 17:49:23 fritsch3714 voluptatem[2005]: user=zanir password=pPRDgDPmzds status=rejected
<129>Dec 17 17:49:18 wisoky2427 dolorum[6519]: I'Ll navigate the multi-byte HTTP panel, that should firewall the HTTP circuit!
<163>Dec 17 17:49:18 weimann5287 error[7524]: The EXE alarm is down, connect the cross-platform microchip so we can navigate the HDD protocol!
<83>Dec 17 17:49:18 funk1558 eos[3159]: The COM application is down, navigate the bluetooth transmitter so we can reboot the SMTP panel!
<180>Dec 17 17:49:18 bruen7251 nesciunt[1459]: If we input the microchip, we can get to the SDD feed through the virtual SQL protocol!
<58>Dec 17 17:49:18 waters7614 nobis[3420]: The SDD interface is down, reboot the primary interface so we can input the AI matrix!
<99>Dec 17 17:49:18 hettinger1416 et[4789]: Use the open-source SMS transmitter, then you can compress the digital transmitter!
<124>Dec 17 17:49:20 fritsch3714 voluptatem[2005]: user=marriam_shah password=aSIkgtFAZYgabO status=rejected
<38>Dec 17 17:49:18 quitzon7750 consequatur[6583]: Use the virtual RSS hard drive, then you can program the online bus!
<155>Dec 17 17:49:18 marquardt7233 veritatis[2136]: If we program the circuit, we can get to the CSS alarm through the virtual ADP hard drive!
<88>Dec 17 17:49:18 greenholt5282 non[9475]: You can't transmit the microchip without quantifying the open-source THX pixel!
<124>Dec 17 17:49:23 fritsch3714 voluptatem[2005]: user=aziz_kapadia password=LZDyjqTFKFC status=rejected
<170>Dec 17 17:49:18 ferry8863 voluptatum[1939]: We need to program the virtual XSS bandwidth!
<147>Dec 17 17:49:18 cremin1465 eos[2147]: The SMTP capacitor is down, back up the primary pixel so we can generate the AGP microchip!
<124>Dec 17 17:49:20 fritsch3714 voluptatem[2005]: user=farez_vadsaria password=1CpCLE1d2aPmoP status=rejected
<84>Dec 17 17:49:18 ullrich3328 qui[1927]: The RAM bus is down, hack the multi-byte monitor so we can override the PCI interface!
<56>Dec 17 17:49:18 toy3310 deleniti[1970]: Use the auxiliary COM program, then you can copy the wireless driver!
<124>Dec 17 17:49:22 fritsch3714 voluptatem[2005]: user=raheel password=65i8jVl4bQdbS status=rejected
<183>Dec 17 17:49:18 kub6083 saepe[3427]: The TCP pixel is down, transmit the cross-platform firewall so we can connect the ADP protocol!
<168>Dec 17 17:49:18 gorczany5403 corporis[9950]: We need to index the primary EXE sensor!
<37>Dec 17 17:49:18 halvorson2044 ut[7533]: I'Ll copy the cross-platform FTP sensor, that should port the GB pixel!
<145>Dec 17 17:49:18 mante1148 blanditiis[125]: The CSS matrix is down, generate the primary protocol so we can quantify the SDD matrix!
<91>Dec 17 17:49:18 gerlach5524 fugit[8384]: We need to parse the bluetooth PNG interface!
<162>Dec 17 17:49:18 emard8532 nam[5754]: If we index the capacitor, we can get to the GB pixel through the mobile AI protocol!
<44>Dec 17 17:49:18 maggio6846 maiores[7309]: If we connect the hard drive, we can get to the AGP firewall through the optical COM application!
<124>Dec 17 17:49:22 fritsch3714 voluptatem[2005]: user=shehzad_merchant password=Nf1nKXZLVUeuP status=rejected
<124>Dec 17 17:49:27 fritsch3714 voluptatem[2005]: user=shehzad_merchant password=BRSM6l0lu4wwaC status=rejected
<43>Dec 17 17:49:18 reichel1717 aperiam[4840]: We need to override the back-end SQL bus!
<109>Dec 17 17:49:18 runte4723 velit[234]: If we synthesize the hard drive, we can get to the GB bus through the online SQL panel!
<50>Dec 17 17:49:18 morar8566 fugit[1754]: If we input the driver, we can get to the RSS interface through the solid state IB port!
<186>Dec 17 17:49:18 dibbert1120 numquam[5769]: Try to input the IB array, maybe it will hack the back-end interface!
<116>Dec 17 17:49:18 gislason3012 unde[7650]: Use the neural XML interface, then you can generate the mobile panel!
<48>Dec 17 17:49:18 becker3000 illo[3877]: Use the multi-byte SMTP card, then you can compress the solid state driver!
<41>Dec 17 17:49:18 berge6575 doloribus[9643]: You can't synthesize the application without parsing the redundant JSON feed!
<124>Dec 17 17:49:21 fritsch3714 voluptatem[2005]: user=jamil_jaffer password=DJMPjNOTN03iz status=rejected
<124>Dec 17 17:49:22 fritsch3714 voluptatem[2005]: user=amin_jaffer password=bOU2Mep7wb status=rejected
<17>Dec 17 17:49:18 schroeder5788 libero[2548]: Try to program the CSS protocol, maybe it will navigate the open-source application!
<99>Dec 17 17:49:18 shields6134 quaerat[5153]: Use the digital USB card, then you can connect the optical bus!
<46>Dec 17 17:49:18 jones1328 qui[617]: Generating the protocol won't do anything, we need to calculate the haptic TCP program!
<47>Dec 17 17:49:18 legros2176 quidem[3492]: You can't program the pixel without programming the haptic SSL matrix!
<15>Dec 17 17:49:18 jaskolski4806 id[2508]: I'Ll calculate the open-source AGP capacitor, that should port the TCP array!
<124>Dec 17 17:49:23 fritsch3714 voluptatem[2005]: user=zain_mitha password=KIlhfSFT1DVUZl status=rejected
<124>Dec 17 17:49:27 fritsch3714 voluptatem[2005]: user=saurabh password=n91SvBgeQ status=rejected
