<98>3 2025-12-17T17:49:19.076Z directevolve.com nesciunt 2354 ID18 - The THX port is down, generate the digital firewall so we can back up the THX matrix!
<38>2 2025-12-17T17:49:19.076Z investorbest-of-breed.info voluptatem 2443 ID275 - Use the multi-byte AI system, then you can copy the online protocol!
<75>1 2025-12-17T17:49:19.076Z nationalturn-key.org dolorem 6390 ID204 - Use the neural RAM bus, then you can connect the wireless port!
<112>1 2025-12-17T17:49:19.076Z internationalinitiatives.net delectus 9948 ID346 - We need to transmit the mobile USB firewall!
<131>2 2025-12-17T17:49:19.076Z regionaldeliver.com porro 8219 ID285 - You can't connect the circuit without overriding the back-end THX firewall!
<185>2 2025-12-17T17:49:19.076Z leadmodels.info inventore 2953 ID154 - You can't back up the card without navigating the multi-byte PNG array!
<65>3 2025-12-17T17:49:19.076Z internationalsynergize.io cumque 3819 ID106 - You can't override the pixel without compressing the digital RSS driver!
<13>Dec 17 17:49:16 gateway authd[1000]: user=asad password=3W4lZgyt7OFo status=rejected
<122>3 2025-12-17T17:49:19.076Z legacyorchestrate.io vel 8204 ID57 - The AI panel is down, override the multi-byte alarm so we can compress the ADP driver!
<89>2 2025-12-17T17:49:19.076Z directengage.name laboriosam 2955 ID265 - Synthesizing the hard drive won't do anything, we need to calculate the wireless SCSI microchip!
<89>3 2025-12-17T17:49:19.076Z humanubiquitous.net et 4154 ID535 - We need to hack the solid state GB alarm!
<155>3 2025-12-17T17:49:19.076Z forwardend-to-end.org fugit 4617 ID323 - Copying the firewall won't do anything, we need to back up the solid state RSS capacitor!
<13>Dec 17 17:49:19 gateway authd[1000]: user=ayaan_ajaney password=WDZxitK76ku0 status=rejected
<66>3 2025-12-17T17:49:19.076Z directcompelling.info dolorem 2165 ID284 - If we back up the matrix, we can get to the COM port through the multi-byte HDD pixel!
<55>1 2025-12-17T17:49:19.076Z districtmonetize.info repellat 6794 ID419 - We need to bypass the bluetooth SDD system!
<173>2 2025-12-17T17:49:19.076Z chiefcompelling.com minus 7137 ID189 - Try to index the FTP port, maybe it will back up the digital system!
<65>2 2025-12-17T17:49:19.076Z leadweb services.biz hic 5398 ID796 - Try to reboot the SMS alarm, maybe it will transmit the back-end circuit!
<13>Dec 17 17:49:21 gateway authd[1000]: user=alymuhammad_bijani password=1KMvwDSj9 status=rejected
<115>3 2025-12-17T17:49:19.076Z humanworld-class.io sapiente 324 ID992 - We need to calculate the wireless AGP matrix!
<152>1 2025-12-17T17:49:19.076Z customerwhiteboard.io nobis 3945 ID790 - The IB transmitter is down, hack the optical circuit so we can hack the PNG microchip!
<166>3 2025-12-17T17:49:19.076Z regionalnext-generation.info pariatur 5794 ID267 - You can't override the card without quantifying the optical CSS pixel!
<142>3 2025-12-17T17:49:19.076Z internalmethodologies.biz reiciendis 7912 ID325 - Try to override the THX card, maybe it will connect the neural capacitor!
<13>Dec 17 17:49:25 gateway authd[1000]: user=sam_k password=ZOJpcGqLWU status=rejected
<13>Dec 17 17:49:29 gateway authd[1000]: user=sam_k password=v3IAzeLRVao status=rejected
<2>1 2025-12-17T17:49:19.076Z legacy24/365.info atque 8184 ID877 - Try to navigate the SMTP microchip, maybe it will override the optical circuit!
<118>3 2025-12-17T17:49:19.076Z corporatedot-com.info odit 4673 ID336 - We need to override the multi-byte IB transmitter!
<112>3 2025-12-17T17:49:19.076Z districtexpedite.biz eum 2747 ID439 - You can't override the feed without calculating the haptic PCI matrix!
<13>Dec 17 17:49:34 gateway authd[1000]: user=asad password=XTGilmWjj status=rejected
<98>3 2025-12-17T17:49:19.076Z leadbleeding-edge.name dolor 5416 ID936 - I'Ll compress the auxiliary EXE hard drive, that should protocol the SQL driver!
<80>2 2025-12-17T17:49:19.076Z dynamictransparent.io rem 5645 ID568 - The RSS capacitor is down, program the digital application so we can connect the SMS firewall!
<136>1 2025-12-17T17:49:19.076Z principalweb services.info quis 6440 ID225 - I'Ll calculate the cross-platform XSS application, that should protocol the SCSI monitor!
<156>2 2025-12-17T17:49:19.076Z leadsolutions.org ut 8511 ID416 - The AGP hard drive is down, bypass the back-end program so we can quantify the SSL firewall!
<31>2 2025-12-17T17:49:19.076Z directscalable.io eos 7063 ID673 - We need to generate the wireless SQL card!
<13>Dec 17 17:49:36 gateway authd[1000]: user=aziz_kapadia password=8H2gKHNomeE status=rejected
<110>1 2025-12-17T17:49:19.076Z globalplatforms.biz magni 2689 ID875 - If we connect the application, we can get to the SMTP microchip through the primary JBOD system!
<9>3 2025-12-17T17:49:19.076Z dynamicnetworks.io omnis 5295 ID806 - If we program the panel, we can get to the PCI port through the back-end IB feed!
<13>Dec 17 17:49:40 gateway authd[1000]: user=zoheb_makani password=Rq4iKpfS status=rejected
<15>1 2025-12-17T17:49:19.076Z seniorstrategize.net sunt 5245 ID626 - Indexing the interface won't do anything, we need to program the open-source HDD driver!
<53>2 2025-12-17T17:49:19.076Z humanbest-of-breed.net soluta 2854 ID281 - The RSS monitor is down, generate the haptic capacitor so we can compress the PCI firewall!
<184>2 2025-12-17T17:49:19.076Z leadoptimize.net omnis 5288 ID988 - You can't back up the transmitter without hacking the solid state SSL sensor!
<103>3 2025-12-17T17:49:19.076Z directinterfaces.net magni 3683 ID579 - The TCP protocol is down, bypass the cross-platform system so we can override the PCI matrix!
<186>3 2025-12-17T17:49:19.076Z dynamic24/7.io nam 14 ID290 - I'Ll navigate the back-end CSS pixel, that should driver the SCSI transmitter!
<28>2 2025-12-17T17:49:19.076Z regionalsynthesize.io nulla 5512 ID120 - If we program the bus, we can get to the USB sensor through the primary HDD pixel!
<69>2 2025-12-17T17:49:19.076Z nationalplatforms.org dolore 952 ID289 - Try to connect the SCSI monitor, maybe it will generate the optical driver!
<113>2 2025-12-17T17:49:19.076Z productrevolutionary.net nulla 3064 ID409 - I'Ll connect the bluetooth RAM driver, that should hard drive the RAM bus!
<13>Dec 17 17:49:44 gateway authd[1000]: user=ayaan_ajaney password=5CieI0TXKR990 status=rejected
<13>Dec 17 17:49:46 gateway authd[1000]: user=jamil_jaffer password=T6G6T4ooFLGCDG status=rejected
<13>Dec 17 17:49:48 gateway authd[1000]: user=arshad_somani password=eeVdsulj0z3 status=rejected
<68>2 2025-12-17T17:49:19.076Z districtleverage.name rerum 6017 ID60 - We need to override the 1080p SSL port!
<2>3 2025-12-17T17:49:19.076Z internationalenable.io quod 7489 ID16 - I'Ll hack the primary XSS program, that should port the RSS firewall!
<77>3 2025-12-17T17:49:19.076Z customeruser-centric.io sint 2436 ID216 - Use the redundant JSON pixel, then you can transmit the online protocol!
<18>3 2025-12-17T17:49:19.076Z internalcustomized.org eius 3423 ID23 - Use the auxiliary SQL hard drive, then you can navigate the cross-platform card!
<139>2 2025-12-17T17:49:19.076Z customertransform.name odit 6482 ID791 - If we override the firewall, we can get to the SMTP microchip through the auxiliary HTTP application!
<13>Dec 17 17:49:51 gateway authd[1000]: user=zoheb_makani password=n5KPBRTe18hEO status=rejected
<19>3 2025-12-17T17:49:19.076Z forwarduser-centric.info voluptate 1021 ID585 - If we back up the port, we can get to the XML capacitor through the online USB microchip!
<124>3 2025-12-17T17:49:19.076Z centralconvergence.org illum 4624 ID900 - Try to quantify the SMTP program, maybe it will hack the redundant alarm!
<13>Dec 17 17:49:56 gateway authd[1000]: user=shahzeb_jiwani password=Hu9zs7q0xCy3n status=rejected
<99>3 2025-12-17T17:49:19.076Z internationalharness.biz architecto 1412 ID388 - I'Ll hack the 1080p IB monitor, that should array the GB monitor!
<3>1 2025-12-17T17:49:19.076Z dynamicweb-enabled.org beatae 2400 ID765 - If we bypass the capacitor, we can get to the COM card through the optical TCP panel!
<107>1 2025-12-17T17:49:19.076Z centralbest-of-breed.name tenetur 3280 ID169 - If we program the array, we can get to the GB program through the 1080p AI program!
<13>Dec 17 17:49:59 gateway authd[1000]: user=fariha_mohammad password=ntEuiH9HKT status=rejected
<70>2 2025-12-17T17:49:19.076Z futurebleeding-edge.biz voluptatem 8880 ID177 - The JSON array is down, input the redundant application so we can quantify the HTTP system!
<13>Dec 17 17:50:00 gateway authd[1000]: user=shehzad_merchant password=SE6hHqn2e4704 status=rejected
<122>2 2025-12-17T17:49:19.076Z internationalvirtual.org architecto 3726 ID389 - You can't synthesize the capacitor without programming the cross-platform SDD program!
<186>1 2025-12-17T17:49:19.076Z corporatemarkets.biz quae 8096 ID541 - Synthesizing the system won't do anything, we need to program the redundant AGP protocol!
<98>3 2025-12-17T17:49:19.076Z directarchitectures.info et 4885 ID826 - I'Ll compress the cross-platform HDD array, that should interface the ADP protocol!
<177>2 2025-12-17T17:49:19.076Z globalrevolutionary.name ut 9888 ID999 - The PNG interface is down, synthesize the 1080p program so we can bypass the SQL driver!
<13>Dec 17 17:50:02 gateway authd[1000]: user=marriam_shah password=1bAbISwd5 status=rejected
<105>1 2025-12-17T17:49:19.076Z seniordrive.io quia 6027 ID819 - Bypassing the firewall won't do anything, we need to copy the multi-byte SQL port!
<13>Dec 17 17:50:04 gateway authd[1000]: user=alnoor_ladak password=6ZmJQ8Qch4trq status=rejected
<13>Dec 17 17:50:09 gateway authd[1000]: user=noah_ladak password=hMAOSJ5z0Qj status=rejected
<114>3 2025-12-17T17:49:19.076Z districtmatrix.name vel 4868 ID114 - I'Ll connect the neural IB interface, that should feed the EXE pixel!
<165>1 2025-12-17T17:49:19.076Z chiefbricks-and-clicks.io ad 8384 ID497 - You can't synthesize the alarm without hacking the bluetooth AGP array!
<72>1 2025-12-17T17:49:19.076Z forwardarchitect.info eius 5825 ID706 - Use the back-end USB circuit, then you can connect the optical array!
<13>Dec 17 17:50:12 gateway authd[1000]: user=marriam_shah password=yHQt7jDftk31FT status=rejected
<180>3 2025-12-17T17:49:19.076Z productaction-items.com possimus 477 ID72 - Use the optical ADP pixel, then you can bypass the neural application!
<51>3 2025-12-17T17:49:19.076Z globaldot-com.info repudiandae 2466 ID578 - Use the back-end SQL system, then you can program the auxiliary alarm!
<91>1 2025-12-17T17:49:19.076Z forwardenvisioneer.org tenetur 2951 ID740 - Use the bluetooth XSS bus, then you can copy the neural driver!
<13>Dec 17 17:50:15 gateway authd[1000]: user=jamil_jaffer password=gaLDj1MCqxboh status=rejected
<77>2 2025-12-17T17:49:19.076Z principalinteractive.info eum 5562 ID372 - You can't transmit the bus without bypassing the primary SSL firewall!
<85>2 2025-12-17T17:49:19.076Z centralempower.biz est 9798 ID609 - Transmitting the hard drive won't do anything, we need to parse the wireless COM system!
<13>Dec 17 17:50:18 gateway authd[1000]: user=shar password=aF5RzGYKLXr status=rejected
<72>3 2025-12-17T17:49:19.076Z internationalmorph.com eum 153 ID415 - We need to bypass the solid state JBOD alarm!
<147>1 2025-12-17T17:49:19.076Z leadenvisioneer.biz assumenda 6173 ID348 - Connecting the feed won't do anything, we need to parse the bluetooth SMS microchip!
<186>1 2025-12-17T17:49:19.076Z districtunleash.org facere 753 ID198 - You can't reboot the monitor without synthesizing the solid state RSS microchip!
<13>Dec 17 17:50:23 gateway authd[1000]: user=mahek_ramzan password=HOYtGnAvBOA status=rejected
<157>1 2025-12-17T17:49:19.076Z productenvisioneer.com dolor 6251 ID961 - Use the digital COM program, then you can navigate the haptic matrix!
<13>Dec 17 17:50:24 gateway authd[1000]: user=ayaan_ajaney password=eQQUnwylZufaU status=rejected
<138>2 2025-12-17T17:49:19.076Z chiefapplications.info eos 1581 ID358 - You can't override the port without quantifying the bluetooth PNG card!
<13>Dec 17 17:50:28 gateway authd[1000]: user=salim_notta password=uPzzzyK6J8QAjq status=rejected
<13>Dec 17 17:50:30 gateway authd[1000]: user=shehzad_merchant password=BfX16w6ioM status=rejected
<13>Dec 17 17:50:35 gateway authd[1000]: user=manisha_hirani password=oCkHASXy75 status=rejected
<68>1 2025-12-17T17:49:19.076Z internationalsupply-chains.name rem 7977 ID333 - Try to override the AI card, maybe it will bypass the 1080p transmitter!
<143>3 2025-12-17T17:49:19.076Z legacyorchestrate.org ducimus 5077 ID711 - If we bypass the driver, we can get to the THX microchip through the cross-platform JSON matrix!
<13>Dec 17 17:50:37 gateway authd[1000]: user=ali_dharani password=lbYvSM4Otdrw status=rejected
<13>Dec 17 17:50:42 gateway authd[1000]: user=arwa password=dWxno1AXUc status=rejected
<30>1 2025-12-17T17:49:19.076Z principalvisualize.biz omnis 3252 ID287 - Backing up the feed won't do anything, we need to calculate the wireless THX driver!
<13>Dec 17 17:50:47 gateway authd[1000]: user=raheel password=ERTsDu42 status=rejected
<13>Dec 17 17:50:48 gateway authd[1000]: user=asad password=AUJ9vATgUAqi status=rejected
<56>1 2025-12-17T17:49:19.076Z legacynext-generation.com asperiores 2059 ID576 - If we reboot the monitor, we can get to the USB protocol through the digital SCSI panel!
<2>2 2025-12-17T17:49:19.076Z principalreintermediate.com vel 2352 ID880 - Use the virtual GB transmitter, then you can reboot the mobile system!
<13>Dec 17 17:50:51 gateway authd[1000]: user=amyn_sarif password=AJhSLl1j2hid status=rejected
<63>1 2025-12-17T17:49:19.076Z humanportals.info nihil 297 ID200 - You can't input the bus without quantifying the primary EXE bus!
<94>2 2025-12-17T17:49:19.076Z principalparadigms.biz expedita 8692 ID981 - Use the back-end SAS feed, then you can input the haptic firewall!
<108>2 2025-12-17T17:49:19.076Z futurenetworks.org iure 8720 ID4 - If we connect the pixel, we can get to the ADP transmitter through the digital USB driver!
<83>2 2025-12-17T17:49:19.076Z internalsynergistic.net error 1442 ID860 - Use the virtual IB bus, then you can connect the redundant card!
<145>1 2025-12-17T17:49:19.076Z investorfront-end.name non 703 ID737 - If we copy the capacitor, we can get to the IB feed through the cross-platform CSS hard drive!
<78>2 2025-12-17T17:49:19.076Z national24/7.com assumenda 5110 ID325 - We need to transmit the virtual TCP capacitor!
<13>Dec 17 17:50:56 gateway authd[1000]: user=zoheb_makani password=haoTTKZrFz status=rejected
<13>Dec 17 17:50:58 gateway authd[1000]: user=aneel password=DJvAjoMU0z status=rejected
<127>2 2025-12-17T17:49:19.076Z forwardviral.name temporibus 3387 ID800 - Try to quantify the SCSI alarm, maybe it will calculate the haptic feed!
<153>2 2025-12-17T17:49:19.076Z regionalefficient.org culpa 8067 ID81 - Calculating the circuit won't do anything, we need to parse the digital XSS program!
<37>1 2025-12-17T17:49:19.076Z futuregranular.biz a 3735 ID61 - If we transmit the alarm, we can get to the AGP feed through the primary XML application!
<34>3 2025-12-17T17:49:19.076Z investorarchitectures.info quia 4667 ID31 - If we generate the firewall, we can get to the CSS bandwidth through the virtual GB protocol!
<119>3 2025-12-17T17:49:19.076Z humanbenchmark.info libero 3970 ID95 - Compressing the driver won't do anything, we need to index the neural THX transmitter!
<84>2 2025-12-17T17:49:19.076Z dynamictarget.name velit 7004 ID91 - If we quantify the protocol, we can get to the HTTP program through the wireless HTTP feed!
<58>2 2025-12-17T17:49:19.076Z chiefwhiteboard.com qui 7570 ID802 - The AGP firewall is down, input the solid state application so we can reboot the SMTP protocol!
<94>2 2025-12-17T17:49:19.076Z principaldot-com.biz repellat 4708 ID666 - Try to hack the IB sensor, maybe it will transmit the wireless array!
<70>2 2025-12-17T17:49:19.076Z forwarde-business.io incidunt 3753 ID616 - If we index the interface, we can get to the XSS microchip through the wireless THX bandwidth!
<185>3 2025-12-17T17:49:19.076Z chiefniches.net nostrum 2279 ID799 - We need to input the haptic HDD driver!
<13>Dec 17 17:51:03 gateway authd[1000]: user=farid_merchant password=lwQpV2eDWO status=rejected
<25>1 2025-12-17T17:49:19.076Z centralevolve.name libero 1355 ID813 - Programming the sensor won't do anything, we need to calculate the back-end SSL bus!
<139>3 2025-12-17T17:49:19.076Z regionalkiller.name dicta 2621 ID249 - You can't synthesize the protocol without transmitting the wireless JBOD system!
<80>3 2025-12-17T17:49:19.076Z humanaction-items.name quibusdam 3740 ID82 - If we parse the feed, we can get to the PNG port through the neural CSS port!
<13>Dec 17 17:51:04 gateway authd[1000]: user=khizrali_kradiya password=JcCXksA3kq2cH9 status=rejected
<44>2 2025-12-17T17:49:19.076Z customersexy.net neque 2501 ID815 - If we bypass the circuit, we can get to the USB capacitor through the wireless CSS hard drive!
<191>3 2025-12-17T17:49:19.076Z investordeploy.org voluptas 2130 ID609 - Use the mobile SAS port, then you can calculate the neural array!
<13>Dec 17 17:51:05 gateway authd[1000]: user=alymuhammad_bijani password=B0zqYMZG74 status=rejected
<37>2 2025-12-17T17:49:19.076Z futuresticky.org voluptatum 2952 ID217 - I'Ll bypass the wireless GB circuit, that should hard drive the PCI pixel!
<76>1 2025-12-17T17:49:19.076Z principalbest-of-breed.info aperiam 7948 ID806 - If we synthesize the firewall, we can get to the AI capacitor through the online USB firewall!
<7>3 2025-12-17T17:49:19.076Z principalviral.org nisi 3041 ID196 - We need to connect the haptic TCP sensor!
<13>Dec 17 17:51:06 gateway authd[1000]: user=arwa password=YgZ8IiJ7C5EjA status=rejected
<6>1 2025-12-17T17:49:19.076Z seniorvisionary.org ut 7775 ID583 - We need to hack the bluetooth SMTP port!
<82>1 2025-12-17T17:49:19.076Z districtopen-source.biz saepe 1985 ID949 - We need to compress the neural SAS driver!
<179>3 2025-12-17T17:49:19.076Z regionalbenchmark.com voluptatibus 1799 ID637 - The RAM transmitter is down, generate the optical circuit so we can override the EXE microchip!
<98>1 2025-12-17T17:49:19.076Z dynamicrevolutionize.net maiores 557 ID448 - The PNG matrix is down, bypass the cross-platform alarm so we can transmit the RAM bus!
<57>2 2025-12-17T17:49:19.076Z productcross-media.org recusandae 7038 ID321 - I'Ll parse the primary JSON panel, that should firewall the TCP matrix!
<59>2 2025-12-17T17:49:19.076Z legacyseamless.com possimus 4543 ID48 - I'Ll synthesize the mobile AGP monitor, that should port the ADP card!
<13>Dec 17 17:51:10 gateway authd[1000]: user=zull_nensi password=AkzNfmipPU status=rejected
<10>2 2025-12-17T17:49:19.076Z centraldrive.name ut 6669 ID667 - Use the bluetooth SQL bandwidth, then you can copy the neural circuit!
<152>1 2025-12-17T17:49:19.076Z principaldot-com.io vero 7020 ID234 - The FTP application is down, program the wireless firewall so we can hack the USB feed!
<38>3 2025-12-17T17:49:19.076Z principalproactive.info laudantium 7134 ID45 - We need to transmit the auxiliary SQL hard drive!
<127>3 2025-12-17T17:49:19.076Z principal24/7.biz esse 3003 ID168 - You can't copy the circuit without indexing the open-source RAM transmitter!
<13>Dec 17 17:51:15 gateway authd[1000]: user=salim_notta password=5HzzCT4ivF status=rejected
<79>2 2025-12-17T17:49:19.076Z forwardcommunities.io atque 399 ID414 - If we parse the bus, we can get to the GB panel through the cross-platform XSS application!
<183>1 2025-12-17T17:49:19.076Z dynamiccross-media.io ab 1975 ID732 - Try to transmit the JSON pixel, maybe it will navigate the solid state card!
<35>2 2025-12-17T17:49:19.076Z dynamicfacilitate.info sunt 6442 ID869 - The JSON microchip is down, index the bluetooth monitor so we can bypass the AI monitor!
<151>3 2025-12-17T17:49:19.076Z principalschemas.info temporibus 6143 ID555 - You can't override the card without parsing the redundant AGP driver!
<82>2 2025-12-17T17:49:19.076Z investorextensible.info rerum 5330 ID570 - I'Ll transmit the haptic PCI sensor, that should application the SDD monitor!
<50>2 2025-12-17T17:49:19.076Z directmatrix.io sint 2370 ID95 - The FTP circuit is down, compress the virtual firewall so we can generate the RSS firewall!
<88>3 2025-12-17T17:49:19.076Z dynamicsystems.org molestiae 8838 ID219 - Use the multi-byte HDD interface, then you can override the back-end firewall!
<143>2 2025-12-17T17:49:19.076Z regionalaggregate.net aut 9236 ID14 - We need to index the wireless SMS interface!
<118>1 2025-12-17T17:49:19.076Z chiefmarkets.org quis 6648 ID162 - You can't bypass the panel without calculating the bluetooth SQL pixel!
<61>3 2025-12-17T17:49:19.076Z legacyinteractive.info minima 8229 ID725 - You can't connect the bandwidth without synthesizing the solid state SAS capacitor!
<7>1 2025-12-17T17:49:19.076Z humancustomized.com consequuntur 8500 ID311 - Calculating the circuit won't do anything, we need to connect the solid state AI bandwidth!
<5>3 2025-12-17T17:49:19.076Z humanweb-readiness.net ad 408 ID239 - If we parse the transmitter, we can get to the XSS sensor through the mobile SAS protocol!
<122>3 2025-12-17T17:49:19.076Z regionalseize.net consequatur 3334 ID218 - You can't hack the bus without overriding the multi-byte JSON application!
<13>Dec 17 17:51:19 gateway authd[1000]: user=shahzeb_jiwani password=9Y6TXBaV3hONH status=rejected
<59>3 2025-12-17T17:49:19.076Z chiefstreamline.info consectetur 3975 ID302 - The GB monitor is down, back up the mobile monitor so we can program the SMS bus!
<13>Dec 17 17:51:22 gateway authd[1000]: user=iliyan_momin password=GEQzVXOc status=rejected
<119>3 2025-12-17T17:49:19.076Z legacycollaborative.biz dolor 4080 ID702 - Navigating the matrix won't do anything, we need to program the multi-byte XML matrix!
<58>3 2025-12-17T17:49:19.076Z dynamicarchitectures.info suscipit 7378 ID183 - We need to parse the online IB transmitter!
<92>2 2025-12-17T17:49:19.076Z seniorrevolutionary.info ad 4542 ID265 - If we back up the program, we can get to the IB alarm through the back-end THX pixel!
<159>3 2025-12-17T17:49:19.076Z directiterate.org omnis 1912 ID780 - You can't parse the system without copying the neural JBOD card!
<52>2 2025-12-17T17:49:19.076Z productoptimize.com necessitatibus 9458 ID726 - Use the 1080p PCI application, then you can hack the wireless card!
<13>Dec 17 17:51:24 gateway authd[1000]: user=a_ali password=3wlr01VI status=rejected
<33>2 2025-12-17T17:49:19.076Z nationalrecontextualize.com minima 9766 ID47 - We need to back up the back-end SQL feed!
<170>3 2025-12-17T17:49:19.076Z investorout-of-the-box.com et 6547 ID484 - Synthesizing the hard drive won't do anything, we need to parse the multi-byte SMTP port!
<13>Dec 17 17:51:28 gateway authd[1000]: user=a_ali password=kkQiO0KcaL5 status=rejected
<13>Dec 17 17:51:32 gateway authd[1000]: user=noah_ladak password=JuFJpNTCx35Mx3 status=rejected
<13>Dec 17 17:51:35 gateway authd[1000]: user=mahek_ramzan password=gOFRtZ49G6P status=rejected
<13>Dec 17 17:51:38 gateway authd[1000]: user=aneel password=3zoZVdlxVp status=rejected
<21>3 2025-12-17T17:49:19.076Z legacybenchmark.biz libero 521 ID168 - Use the digital SQL capacitor, then you can back up the primary bus!
<13>Dec 17 17:51:42 gateway authd[1000]: user=fariha_mohammad password=SClboLsR48dlO status=rejected
<13>Dec 17 17:51:45 gateway authd[1000]: user=iliyan_momin password=TSQ6hZlpXKl7qg status=rejected
<12>1 2025-12-17T17:49:19.076Z corporatedistributed.net repellat 3235 ID161 - I'Ll compress the bluetooth SQL capacitor, that should firewall the COM card!
<56>3 2025-12-17T17:49:19.076Z forwardrepurpose.io ut 7640 ID787 - You can't synthesize the port without indexing the online SQL matrix!
<137>1 2025-12-17T17:49:19.076Z productdynamic.com quia 5153 ID569 - Use the mobile XSS feed, then you can index the virtual card!
<11>2 2025-12-17T17:49:19.076Z centralmetrics.info ipsam 844 ID477 - You can't program the panel without compressing the mobile ADP transmitter!
<164>2 2025-12-17T17:49:19.076Z dynamicinnovative.io ullam 6252 ID490 - Use the solid state JSON pixel, then you can override the wireless port!
<117>3 2025-12-17T17:49:19.076Z legacystreamline.info eligendi 9151 ID314 - Use the open-source SMTP hard drive, then you can parse the solid state bus!
<173>1 2025-12-17T17:49:19.076Z internationalrich.io aut 3679 ID532 - We need to input the solid state JBOD panel!
<13>Dec 17 17:51:47 gateway authd[1000]: user=mahek_ramzan password=QWkaKP0KfVoq status=rejected
<184>2 2025-12-17T17:49:19.076Z directviral.org numquam 702 ID598 - You can't parse the driver without generating the digital EXE circuit!
<14>3 2025-12-17T17:49:19.076Z districtscalable.biz dolores 1921 ID447 - I'Ll quantify the back-end THX matrix, that should bandwidth the SAS card!
<13>Dec 17 17:51:48 gateway authd[1000]: user=raheel password=HCwVcsNeTE status=rejected
<27>1 2025-12-17T17:49:19.076Z investorcompelling.org voluptatem 5615 ID875 - I'Ll synthesize the virtual PNG monitor, that should transmitter the SCSI bus!
<129>2 2025-12-17T17:49:19.076Z dynamice-tailers.com corporis 5184 ID102 - Use the wireless SMS pixel, then you can synthesize the multi-byte bandwidth!
<57>3 2025-12-17T17:49:19.076Z customervortals.name rerum 4828 ID233 - The JSON interface is down, input the bluetooth hard drive so we can calculate the CSS panel!
<3>3 2025-12-17T17:49:19.076Z regionalsynergize.net magnam 5869 ID929 - Quantifying the alarm won't do anything, we need to synthesize the auxiliary EXE array!
<114>1 2025-12-17T17:49:19.076Z centralsynergize.io in 7007 ID158 - The RAM firewall is down, copy the back-end system so we can input the COM capacitor!
<13>Dec 17 17:51:49 gateway authd[1000]: user=amyn_sarif password=Xrd1gOXgjcue status=rejected
<128>2 2025-12-17T17:49:19.076Z productclicks-and-mortar.net dicta 159 ID482 - If we reboot the transmitter, we can get to the ADP monitor through the optical ADP bandwidth!
<13>Dec 17 17:51:52 gateway authd[1000]: user=michelle_hirani_khoja password=danwm67ENBxw status=rejected
<118>2 2025-12-17T17:49:19.076Z nationalrepurpose.net sunt 6239 ID773 - Try to input the IB system, maybe it will calculate the primary array!
<57>1 2025-12-17T17:49:19.076Z leadrobust.io esse 6242 ID720 - Navigating the alarm won't do anything, we need to transmit the online RAM transmitter!
<189>1 2025-12-17T17:49:19.076Z investorgenerate.org et 3522 ID738 - Transmitting the protocol won't do anything, we need to transmit the primary TCP circuit!
<13>Dec 17 17:51:57 gateway authd[1000]: user=shezan password=IU1nDKfpsLJIk status=rejected
<66>1 2025-12-17T17:49:19.076Z productmetrics.name corporis 4026 ID644 - The ADP microchip is down, quantify the neural feed so we can generate the USB application!
<182>1 2025-12-17T17:49:19.076Z forwardintuitive.biz nihil 1995 ID999 - If we override the card, we can get to the RSS driver through the back-end TCP array!
<13>Dec 17 17:52:02 gateway authd[1000]: user=alymuhammad_bijani password=bJTevYTPVKw status=rejected
<13>Dec 17 17:52:04 gateway authd[1000]: user=shezan password=BIEARzijn1Y status=rejected
<109>2 2025-12-17T17:49:19.076Z productbest-of-breed.biz vitae 1703 ID973 - The JBOD port is down, quantify the wireless driver so we can generate the THX system!
<53>1 2025-12-17T17:49:19.076Z dynamiceyeballs.biz culpa 2156 ID232 - We need to generate the neural COM port!
<29>3 2025-12-17T17:49:19.076Z corporateworld-class.name qui 6473 ID607 - If we parse the array, we can get to the COM feed through the virtual HTTP bandwidth!
<26>2 2025-12-17T17:49:19.076Z forwarddistributed.io enim 4417 ID544 - You can't calculate the card without quantifying the virtual SCSI circuit!
<54>2 2025-12-17T17:49:19.076Z dynamicroi.name explicabo 4374 ID333 - We need to quantify the solid state JSON matrix!
<13>Dec 17 17:52:08 gateway authd[1000]: user=ali_dharani password=RM8HY93bYmJ status=rejected
<146>2 2025-12-17T17:49:19.076Z investorschemas.com non 456 ID28 - Try to input the HTTP circuit, maybe it will back up the digital bus!
<120>1 2025-12-17T17:49:19.076Z dynamicclicks-and-mortar.name aperiam 2337 ID502 - Use the online JSON microchip, then you can generate the mobile capacitor!
<21>2 2025-12-17T17:49:19.076Z seniorunleash.io eos 7203 ID686 - We need to navigate the mobile EXE firewall!
<68>1 2025-12-17T17:49:19.076Z customernext-generation.name quia 4821 ID670 - We need to synthesize the optical USB bus!
<169>2 2025-12-17T17:49:19.076Z nationale-business.info libero 575 ID315 - Indexing the card won't do anything, we need to override the multi-byte HDD interface!
<110>1 2025-12-17T17:49:19.076Z dynamicexpedite.org provident 6819 ID235 - You can't override the panel without synthesizing the open-source AGP interface!
<49>3 2025-12-17T17:49:19.076Z principalrecontextualize.org aut 7275 ID875 - You can't index the bus without overriding the open-source USB protocol!
<44>1 2025-12-17T17:49:19.076Z forwardsynergies.info rem 1246 ID325 - You can't transmit the sensor without hacking the redundant SSL monitor!
<39>1 2025-12-17T17:49:19.076Z investorplatforms.name non 6279 ID608 - We need to input the cross-platform SDD port!
<72>1 2025-12-17T17:49:19.076Z productstrategic.io atque 2790 ID187 - The USB capacitor is down, generate the wireless protocol so we can input the ADP bus!
<84>3 2025-12-17T17:49:19.076Z leadoptimize.name excepturi 6780 ID301 - I'Ll override the redundant TCP firewall, that should monitor the SMTP panel!
<125>2 2025-12-17T17:49:19.076Z legacyproactive.net itaque 5543 ID185 - If we transmit the transmitter, we can get to the FTP application through the virtual AI alarm!
<183>2 2025-12-17T17:49:19.076Z districtinteractive.org voluptatem 8992 ID2 - You can't copy the panel without synthesizing the open-source USB application!
<143>2 2025-12-17T17:49:19.076Z internalgrow.info quis 6194 ID492 - We need to quantify the multi-byte AGP system!
<128>1 2025-12-17T17:49:19.076Z corporateopen-source.biz error 4808 ID269 - Try to generate the SAS program, maybe it will bypass the optical system!
<43>1 2025-12-17T17:49:19.076Z globalinnovate.net ducimus 1056 ID974 - I'Ll transmit the open-source SQL port, that should feed the XML bus!
<45>2 2025-12-17T17:49:19.076Z customerholistic.com rerum 8289 ID202 - I'Ll hack the mobile SAS panel, that should protocol the XML array!
<13>Dec 17 17:52:10 gateway authd[1000]: user=michelle_hirani_khoja password=7HtIZPLkyMKYyO status=rejected
<73>1 2025-12-17T17:49:19.076Z centralengage.biz et 9258 ID880 - Try to bypass the SMTP port, maybe it will navigate the neural protocol!
<13>3 2025-12-17T17:49:19.076Z centralcultivate.name ut 6827 ID414 - Try to navigate the JBOD bandwidth, maybe it will compress the neural capacitor!
<49>3 2025-12-17T17:49:19.076Z productgranular.name placeat 644 ID726 - Try to connect the JSON monitor, maybe it will calculate the solid state monitor!
<119>3 2025-12-17T17:49:19.076Z dynamicengineer.io qui 8769 ID983 - Use the multi-byte USB hard drive, then you can calculate the redundant capacitor!
<187>3 2025-12-17T17:49:19.076Z nationalniches.biz exercitationem 8736 ID978 - The JSON alarm is down, override the haptic capacitor so we can program the XSS capacitor!
<120>2 2025-12-17T17:49:19.076Z corporateintuitive.org vitae 6783 ID34 - If we transmit the sensor, we can get to the RAM pixel through the solid state RAM firewall!
<13>Dec 17 17:52:15 gateway authd[1000]: user=aneel password=gp1StLyCbduVg status=rejected
<47>2 2025-12-17T17:49:19.076Z centralgrow.net iure 3216 ID985 - The COM microchip is down, override the back-end microchip so we can calculate the RAM driver!
<181>2 2025-12-17T17:49:19.076Z districtschemas.info consequatur 8798 ID714 - You can't override the hard drive without generating the neural RSS panel!
<26>1 2025-12-17T17:49:19.076Z customerintegrate.com in 3910 ID542 - Indexing the bandwidth won't do anything, we need to navigate the cross-platform PCI card!
<13>Dec 17 17:52:19 gateway authd[1000]: user=aziz_kapadia password=1rwfrzIj status=rejected
<94>2 2025-12-17T17:49:19.076Z dynamicdistributed.name consectetur 6285 ID19 - I'Ll copy the online SMS feed, that should interface the RSS array!
<43>3 2025-12-17T17:49:19.076Z internationalleverage.biz dolorem 8720 ID651 - We need to index the wireless SDD application!
<13>Dec 17 17:52:20 gateway authd[1000]: user=farid_merchant password=xFZnZJ71 status=rejected
<74>3 2025-12-17T17:49:19.076Z legacyreal-time.net sit 5301 ID819 - Overriding the port won't do anything, we need to navigate the wireless EXE port!
<32>1 2025-12-17T17:49:19.076Z futuresticky.io exercitationem 8633 ID736 - We need to transmit the wireless RSS array!
<13>Dec 17 17:52:21 gateway authd[1000]: user=michelle_hirani_khoja password=vVIBMgQRhAWl7 status=rejected
<65>1 2025-12-17T17:49:19.076Z legacyinnovate.net voluptatem 9411 ID410 - If we bypass the matrix, we can get to the AGP array through the digital TCP transmitter!
<153>3 2025-12-17T17:49:19.076Z customerturn-key.info nulla 1660 ID353 - Compressing the hard drive won't do anything, we need to override the online SSL application!
<106>2 2025-12-17T17:49:19.076Z forwardcompelling.org commodi 5625 ID144 - Use the solid state XML circuit, then you can transmit the multi-byte circuit!
<148>2 2025-12-17T17:49:19.076Z legacywhiteboard.io ut 7799 ID542 - I'Ll back up the open-source SCSI sensor, that should port the SAS bus!
<13>Dec 17 17:52:25 gateway authd[1000]: user=arwa password=b4fwEAi3 status=rejected
<161>2 2025-12-17T17:49:19.076Z principalextend.org beatae 7314 ID900 - You can't generate the array without synthesizing the primary PCI pixel!
<13>Dec 17 17:52:30 gateway authd[1000]: user=shezan password=IFtgAJqba status=rejected
<112>3 2025-12-17T17:49:19.076Z corporatescale.io doloremque 5941 ID397 - We need to back up the solid state RSS microchip!
<126>2 2025-12-17T17:49:19.076Z nationalb2c.net dolor 8023 ID965 - Use the back-end XML application, then you can back up the redundant bandwidth!
<29>2 2025-12-17T17:49:19.076Z regionalgenerate.net molestiae 4547 ID858 - You can't navigate the protocol without overriding the haptic XSS transmitter!
<112>3 2025-12-17T17:49:19.076Z nationalarchitectures.com totam 1530 ID904 - If we transmit the program, we can get to the SCSI monitor through the haptic HDD pixel!
<67>2 2025-12-17T17:49:19.076Z forwardsexy.name provident 3931 ID407 - You can't hack the system without transmitting the auxiliary CSS card!
<13>Dec 17 17:52:31 gateway authd[1000]: user=a_ali password=v5PUKvwH8 status=rejected
<121>3 2025-12-17T17:49:19.076Z forwardweb-readiness.net hic 3528 ID658 - If we index the microchip, we can get to the AGP application through the primary RSS driver!
<188>2 2025-12-17T17:49:19.076Z forwardnetworks.org et 2865 ID114 - Programming the capacitor won't do anything, we need to transmit the back-end CSS bandwidth!
<13>Dec 17 17:52:34 gateway authd[1000]: user=ali_dharani password=r4Otj7lRFT34Mp status=rejected
<99>3 2025-12-17T17:49:19.076Z legacyexperiences.net impedit 4895 ID477 - We need to input the back-end JBOD driver!
<177>3 2025-12-17T17:49:19.076Z globaloptimize.name quas 1946 ID510 - We need to compress the online SMS transmitter!
<13>Dec 17 17:52:38 gateway authd[1000]: user=iliyan_momin password=70lfmPBzJa2qP status=rejected
<31>1 2025-12-17T17:49:19.076Z futuree-enable.info omnis 4848 ID410 - You can't generate the card without generating the auxiliary SMS firewall!
<9>2 2025-12-17T17:49:19.076Z corporateseize.name nam 367 ID278 - The HTTP panel is down, index the haptic monitor so we can quantify the FTP capacitor!
<12>2 2025-12-17T17:49:19.076Z internationalbleeding-edge.org placeat 785 ID636 - Use the solid state SQL matrix, then you can override the open-source matrix!
<13>Dec 17 17:52:40 gateway authd[1000]: user=jamil_jaffer password=JuFPeWzyrrj status=rejected
<13>Dec 17 17:52:43 gateway authd[1000]: user=manisha_hirani password=y5MezGwe67VP status=rejected
<13>Dec 17 17:52:48 gateway authd[1000]: user=khizrali_kradiya password=LX1gn3DP7 status=rejected
<13>Dec 17 17:52:51 gateway authd[1000]: user=noah_ladak password=WPw7rkcbEl status=rejected
<64>3 2025-12-17T17:49:19.076Z leadroi.com tempore 3457 ID779 - I'Ll hack the back-end JSON sensor, that should program the SAS bandwidth!
<181>1 2025-12-17T17:49:19.076Z forwardtechnologies.io qui 3588 ID241 - If we quantify the protocol, we can get to the SMS sensor through the multi-byte ADP transmitter!
<72>1 2025-12-17T17:49:19.076Z forwardenterprise.io sequi 9521 ID393 - We need to index the primary SCSI pixel!
<52>1 2025-12-17T17:49:19.076Z internationalmethodologies.net esse 855 ID417 - Try to input the SCSI capacitor, maybe it will compress the virtual bus!
<13>Dec 17 17:52:56 gateway authd[1000]: user=amyn_sarif password=PrIHf6OFZum4z status=rejected
<50>3 2025-12-17T17:49:19.076Z regionalsystems.io exercitationem 5433 ID354 - If we program the program, we can get to the JBOD driver through the wireless XML hard drive!
<189>3 2025-12-17T17:49:19.076Z dynamicsystems.org nostrum 2043 ID906 - If we synthesize the interface, we can get to the SDD card through the wireless RSS monitor!
<22>2 2025-12-17T17:49:19.076Z internationalrepurpose.name ipsam 839 ID989 - The PCI matrix is down, hack the haptic application so we can parse the JBOD pixel!
<13>Dec 17 17:53:01 gateway authd[1000]: user=zull_nensi password=e8v3gATZ status=rejected
<182>2 2025-12-17T17:49:19.076Z centralmesh.info atque 3233 ID999 - If we parse the feed, we can get to the SMS monitor through the redundant SSL array!
<116>1 2025-12-17T17:49:19.076Z customerb2c.com sit 2739 ID42 - You can't navigate the bandwidth without bypassing the auxiliary SMS circuit!
<181>2 2025-12-17T17:49:19.076Z corporatevortals.biz esse 6131 ID662 - Try to bypass the ADP feed, maybe it will hack the mobile panel!
<151>1 2025-12-17T17:49:19.076Z customerplug-and-play.info voluptates 1017 ID116 - The RSS circuit is down, copy the bluetooth hard drive so we can generate the SAS feed!
<118>3 2025-12-17T17:49:19.076Z productcompelling.org quia 1796 ID670 - I'Ll input the cross-platform COM pixel, that should pixel the SDD monitor!
<109>3 2025-12-17T17:49:19.076Z humanend-to-end.net qui 3758 ID605 - Generating the bus won't do anything, we need to parse the haptic HTTP pixel!
<146>1 2025-12-17T17:49:19.076Z chiefutilize.io aperiam 9704 ID175 - Try to quantify the EXE protocol, maybe it will reboot the cross-platform application!
<102>1 2025-12-17T17:49:19.076Z directoptimize.info delectus 5078 ID611 - We need to back up the digital FTP bus!
<13>Dec 17 17:53:05 gateway authd[1000]: user=marriam_shah password=JexLUlN3e status=rejected
<82>1 2025-12-17T17:49:19.076Z investorb2b.biz nisi 1239 ID267 - You can't transmit the system without synthesizing the wireless CSS card!
<13>Dec 17 17:53:06 gateway authd[1000]: user=shehzad_merchant password=Geh7ewxF status=rejected
<13>Dec 17 17:53:11 gateway authd[1000]: user=fariha_mohammad password=uDJwQNY0BLgH6n status=rejected
<13>Dec 17 17:53:16 gateway authd[1000]: user=shahzeb_jiwani password=VgGYJ4sdE9oazn status=rejected
<124>1 2025-12-17T17:49:19.076Z globalempower.org corporis 5203 ID62 - We need to program the redundant USB interface!
<21>2 2025-12-17T17:49:19.076Z customerschemas.net modi 2082 ID173 - We need to synthesize the optical SMTP array!
<105>1 2025-12-17T17:49:19.076Z internaldot-com.net harum 3535 ID244 - Use the redundant FTP sensor, then you can bypass the wireless bandwidth!
<13>Dec 17 17:53:18 gateway authd[1000]: user=farid_merchant password=FL8oKzt6 status=rejected
<130>1 2025-12-17T17:49:19.076Z regionalend-to-end.net qui 6469 ID662 - We need to compress the neural HDD transmitter!
<51>1 2025-12-17T17:49:19.076Z future24/7.net consequatur 2263 ID695 - Use the multi-byte XML panel, then you can quantify the back-end alarm!
<94>1 2025-12-17T17:49:19.076Z productinteractive.com consequatur 2944 ID664 - Use the haptic JSON interface, then you can synthesize the haptic port!
<13>Dec 17 17:53:21 gateway authd[1000]: user=khizrali_kradiya password=utXBQGX09kfgbj status=rejected
<150>3 2025-12-17T17:49:19.076Z futurecutting-edge.com est 478 ID714 - We need to override the cross-platform JSON alarm!
<13>Dec 17 17:53:23 gateway authd[1000]: user=alnoor_ladak password=8vrcmIi6DoL status=rejected
<138>1 2025-12-17T17:49:19.076Z internalmindshare.info dolorum 1953 ID710 - I'Ll generate the redundant FTP feed, that should firewall the PNG driver!
<13>Dec 17 17:53:27 gateway authd[1000]: user=arshad_somani password=NtfkPC5el8rkaA status=rejected
<13>Dec 17 17:53:31 gateway authd[1000]: user=salim_notta password=c49bPfBhw status=rejected
<13>Dec 17 17:53:35 gateway authd[1000]: user=shar password=sEaka2UHt status=rejected
<82>2 2025-12-17T17:49:19.076Z forwardsynthesize.io facilis 370 ID288 - Use the mobile SAS matrix, then you can transmit the haptic array!
<13>Dec 17 17:53:36 gateway authd[1000]: user=shar password=PNQvbGNyA3g status=rejected
<178>2 2025-12-17T17:49:19.076Z internalfunctionalities.com ut 2649 ID198 - We need to copy the redundant JBOD monitor!
<99>1 2025-12-17T17:49:19.076Z chiefstrategize.org inventore 4191 ID431 - Bypassing the program won't do anything, we need to index the optical PCI hard drive!
<13>Dec 17 17:53:41 gateway authd[1000]: user=zull_nensi password=3C4sNua1F9Xw7 status=rejected
<13>Dec 17 17:53:44 gateway authd[1000]: user=raheel password=7MoMCfzyVvSyu status=rejected
<116>3 2025-12-17T17:49:19.076Z internationalreal-time.net nostrum 9804 ID102 - You can't parse the pixel without quantifying the back-end TCP matrix!
<121>1 2025-12-17T17:49:19.076Z globalreintermediate.net ab 5038 ID369 - If we parse the sensor, we can get to the JBOD bus through the haptic JSON microchip!
<40>1 2025-12-17T17:49:19.076Z internalmatrix.biz tempora 1602 ID99 - Try to program the CSS firewall, maybe it will quantify the 1080p interface!
<13>Dec 17 17:53:45 gateway authd[1000]: user=manisha_hirani password=dvCg5RDI status=rejected
<13>Dec 17 17:53:46 gateway authd[1000]: user=aziz_kapadia password=bbfpkwbdzPmKH6 status=rejected
<61>1 2025-12-17T17:49:19.076Z centralinitiatives.net omnis 407 ID458 - Try to bypass the USB hard drive, maybe it will back up the solid state microchip!
<13>Dec 17 17:53:48 gateway authd[1000]: user=arshad_somani password=SnnyD4ReyDvBNP status=rejected
<40>1 2025-12-17T17:49:19.076Z legacyinfomediaries.org maxime 4683 ID403 - If we override the panel, we can get to the SAS transmitter through the back-end CSS bus!
<94>1 2025-12-17T17:49:19.076Z investormetrics.com quo 1716 ID908 - I'Ll calculate the back-end USB bus, that should bus the ADP transmitter!
<32>2 2025-12-17T17:49:19.076Z nationalvisualize.org laborum 8529 ID235 - The SMTP program is down, navigate the digital driver so we can program the SSL transmitter!
<13>Dec 17 17:53:50 gateway authd[1000]: user=sam_k password=YX8sUolLNPLMS status=rejected
<28>3 2025-12-17T17:49:19.076Z customerout-of-the-box.io aspernatur 2904 ID473 - Programming the matrix won't do anything, we need to generate the auxiliary SMS card!
<159>1 2025-12-17T17:49:19.076Z principale-commerce.biz est 6989 ID188 - I'Ll hack the digital SCSI monitor, that should matrix the RSS firewall!
<58>2 2025-12-17T17:49:19.076Z directextensible.net vero 4114 ID750 - If we parse the circuit, we can get to the TCP program through the redundant SCSI application!
<61>1 2025-12-17T17:49:19.076Z corporatecompelling.info quis 754 ID316 - I'Ll bypass the neural PNG hard drive, that should driver the HTTP panel!
<7>3 2025-12-17T17:49:19.076Z corporatevisionary.com mollitia 4860 ID389 - You can't copy the array without generating the auxiliary AI panel!
<56>3 2025-12-17T17:49:19.076Z dynamicback-end.io ducimus 5785 ID925 - I'Ll connect the cross-platform PNG interface, that should capacitor the SQL capacitor!
<13>Dec 17 17:53:51 gateway authd[1000]: user=alnoor_ladak password=dLDDivNEVb status=rejected
