<13>Dec 17 17:49:13 gateway authd[1000]: user=aly_a password=q4zEJWWi status=rejected
<63>2 2025-12-17T17:49:18.942Z corporateempower.io illum 2953 ID579 - You can't override the transmitter without bypassing the auxiliary TCP driver!
<135>1 2025-12-17T17:49:18.942Z productmetrics.io soluta 937 ID374 - I'Ll compress the wireless XSS capacitor, that should feed the GB firewall!
<31>3 2025-12-17T17:49:18.942Z dynamicutilize.io quo 1985 ID743 - I'Ll override the cross-platform HTTP monitor, that should bandwidth the AGP system!
<126>3 2025-12-17T17:49:18.942Z directexploit.org consequatur 3386 ID449 - You can't bypass the application without quantifying the auxiliary FTP bus!
<13>Dec 17 17:49:15 gateway authd[1000]: user=salim_gheewalla password=1NkNn0EF status=rejected
<48>1 2025-12-17T17:49:18.942Z districtholistic.net repellat 4117 ID363 - I'Ll transmit the haptic SMTP microchip, that should circuit the RSS capacitor!
<13>Dec 17 17:49:18 gateway authd[1000]: user=asad password=Tct246QW status=rejected
<13>Dec 17 17:49:19 gateway authd[1000]: user=noah_ladak password=mhDgvyEhCeEPm status=rejected
<128>3 2025-12-17T17:49:18.942Z leadplug-and-play.io quis 9266 ID912 - Try to navigate the CSS monitor, maybe it will reboot the bluetooth transmitter!
<87>2 2025-12-17T17:49:18.942Z customersynergize.biz ex 4559 ID128 - Use the multi-byte RAM capacitor, then you can synthesize the redundant pixel!
<133>2 2025-12-17T17:49:18.942Z internationaldeliverables.com voluptas 5869 ID581 - You can't back up the monitor without hacking the digital SAS matrix!
<13>Dec 17 17:49:24 gateway authd[1000]: user=aly_ali password=EysBGLYyciiBYU status=rejected
<13>Dec 17 17:49:25 gateway authd[1000]: user=serena_tejani_rahemtulla password=zGP4TkywI1T6 status=rejected
<164>2 2025-12-17T17:49:18.942Z dynamicrecontextualize.io consequuntur 9542 ID668 - If we reboot the bandwidth, we can get to the SMS program through the neural TCP program!
<134>2 2025-12-17T17:49:18.942Z humangranular.name eos 5564 ID336 - Try to quantify the PCI sensor, maybe it will transmit the cross-platform protocol!
<13>Dec 17 17:49:26 gateway authd[1000]: user=aneel password=yxHAfGsV0d4 status=rejected
<93>3 2025-12-17T17:49:18.942Z centralinfomediaries.io consequatur 4151 ID718 - Try to override the SSL panel, maybe it will copy the online hard drive!
<189>2 2025-12-17T17:49:18.942Z centralmonetize.name expedita 7330 ID675 - Use the wireless SMTP firewall, then you can input the online system!
<184>1 2025-12-17T17:49:18.942Z productsexy.org rerum 4187 ID401 - Try to back up the ADP hard drive, maybe it will synthesize the solid state alarm!
<72>3 2025-12-17T17:49:18.942Z centralintegrate.io aut 4066 ID223 - You can't hack the matrix without copying the wireless THX firewall!
<30>2 2025-12-17T17:49:18.942Z directengineer.org quam 3444 ID840 - You can't back up the port without parsing the online AI bus!
<40>1 2025-12-17T17:49:18.942Z principaltarget.name ex 7592 ID886 - The SMS interface is down, transmit the auxiliary interface so we can back up the USB array!
<164>1 2025-12-17T17:49:18.942Z corporateunleash.name in 4496 ID849 - The CSS monitor is down, hack the online matrix so we can copy the SSL interface!
<126>2 2025-12-17T17:49:18.942Z internationalintegrated.io nisi 2747 ID462 - We need to parse the digital EXE feed!
<78>2 2025-12-17T17:49:18.942Z seniorutilize.biz maiores 6724 ID806 - Use the online CSS microchip, then you can bypass the 1080p port!
<128>3 2025-12-17T17:49:18.942Z dynamictransparent.org id 1628 ID141 - If we generate the protocol, we can get to the CSS monitor through the auxiliary SMS panel!
<78>1 2025-12-17T17:49:18.942Z chiefdeliverables.org a 1021 ID267 - If we transmit the array, we can get to the XSS matrix through the neural ADP transmitter!
<75>3 2025-12-17T17:49:18.942Z chieffunctionalities.com suscipit 5379 ID378 - Transmitting the capacitor won't do anything, we need to input the virtual EXE program!
<188>3 2025-12-17T17:49:18.942Z productweb services.biz quo 1098 ID239 - I'Ll index the virtual RAM bandwidth, that should sensor the IB protocol!
<67>3 2025-12-17T17:49:18.942Z directrecontextualize.info tempore 2540 ID492 - Use the virtual AGP bus, then you can navigate the multi-byte application!
<109>2 2025-12-17T17:49:18.942Z chieffunctionalities.com cum 7295 ID751 - If we generate the alarm, we can get to the COM card through the cross-platform IB panel!
<142>1 2025-12-17T17:49:18.942Z corporatearchitectures.org vel 6591 ID567 - Bypassing the hard drive won't do anything, we need to program the cross-platform RSS capacitor!
<13>Dec 17 17:49:30 gateway authd[1000]: user=akber_hussain password=kPccHaMIs status=rejected
<15>2 2025-12-17T17:49:18.942Z districte-business.info est 7457 ID439 - You can't program the transmitter without transmitting the mobile ADP protocol!
<145>3 2025-12-17T17:49:18.942Z districttechnologies.name consequatur 9364 ID517 - If we bypass the interface, we can get to the SMS application through the solid state SCSI capacitor!
<13>Dec 17 17:49:33 gateway authd[1000]: user=hadi_ibrahimi password=MaHGlEgW4FOY status=rejected
<13>Dec 17 17:49:38 gateway authd[1000]: user=hadi_ibrahimi password=9NpmwLPIlHs status=rejected
<40>3 2025-12-17T17:49:18.942Z futurebenchmark.org sunt 9146 ID774 - Use the haptic COM feed, then you can reboot the optical port!
<108>3 2025-12-17T17:49:18.942Z customerinnovate.org sint 2954 ID650 - Use the online JBOD circuit, then you can calculate the mobile protocol!
<115>3 2025-12-17T17:49:18.942Z centralmethodologies.info animi 4287 ID164 - Use the auxiliary EXE bandwidth, then you can generate the optical driver!
<136>2 2025-12-17T17:49:18.942Z internaltarget.info et 1597 ID963 - I'Ll calculate the solid state SDD program, that should hard drive the COM pixel!
<59>3 2025-12-17T17:49:18.942Z centralsynergies.net autem 3727 ID352 - Try to input the EXE card, maybe it will reboot the digital matrix!
<175>1 2025-12-17T17:49:18.942Z corporatereintermediate.net et 3821 ID119 - If we program the sensor, we can get to the PNG microchip through the multi-byte SSL panel!
<13>Dec 17 17:49:40 gateway authd[1000]: user=hussein_din password=r6aODR6Jn1Cx status=rejected
<121>1 2025-12-17T17:49:18.942Z internalend-to-end.com dolores 6883 ID201 - You can't compress the panel without copying the solid state RSS alarm!
<43>2 2025-12-17T17:49:18.942Z directrepurpose.info quisquam 7399 ID24 - We need to quantify the solid state SSL system!
<82>3 2025-12-17T17:49:18.942Z leadfunctionalities.com sed 288 ID792 - We need to parse the neural RAM protocol!
<32>3 2025-12-17T17:49:18.942Z forwardseize.info et 5409 ID597 - Use the mobile ADP matrix, then you can parse the solid state microchip!
<93>2 2025-12-17T17:49:18.942Z principalout-of-the-box.biz molestiae 4302 ID996 - Try to generate the RAM protocol, maybe it will transmit the mobile monitor!
<153>2 2025-12-17T17:49:18.942Z internalenhance.io odio 4862 ID343 - The SAS system is down, transmit the haptic bandwidth so we can bypass the FTP card!
<30>2 2025-12-17T17:49:18.942Z chiefrecontextualize.net itaque 5614 ID88 - I'Ll override the auxiliary XML bandwidth, that should microchip the SDD bus!
<186>2 2025-12-17T17:49:18.942Z globalvisualize.info aliquid 5048 ID138 - The SAS program is down, override the primary transmitter so we can program the SQL matrix!
<13>Dec 17 17:49:41 gateway authd[1000]: user=serena_tejani_rahemtulla password=NlgosYQN status=rejected
<13>Dec 17 17:49:44 gateway authd[1000]: user=asad password=tuzWpWj4cgeH status=rejected
<88>1 2025-12-17T17:49:18.942Z customermaximize.biz quos 4674 ID289 - We need to synthesize the virtual COM sensor!
<152>3 2025-12-17T17:49:18.942Z chiefproactive.name possimus 1309 ID794 - If we transmit the bus, we can get to the JBOD array through the online USB system!
<145>2 2025-12-17T17:49:18.942Z districtextensible.biz eius 9158 ID394 - If we bypass the matrix, we can get to the JBOD card through the redundant SCSI firewall!
<13>Dec 17 17:49:49 gateway authd[1000]: user=hussein_din password=rs3kIjBVkXM status=rejected
<133>2 2025-12-17T17:49:18.942Z internationalinfomediaries.com et 3954 ID82 - We need to synthesize the open-source AI feed!
<54>2 2025-12-17T17:49:18.942Z districte-tailers.org illum 6106 ID885 - You can't index the feed without navigating the multi-byte EXE panel!
<0>1 2025-12-17T17:49:18.942Z chiefmesh.biz sit 9564 ID744 - Try to bypass the SDD protocol, maybe it will reboot the mobile pixel!
<125>1 2025-12-17T17:49:18.942Z internationalorchestrate.net nesciunt 2580 ID974 - We need to hack the open-source SCSI bus!
<8>1 2025-12-17T17:49:18.942Z legacymesh.io nostrum 5926 ID697 - We need to reboot the mobile RAM bandwidth!
<13>Dec 17 17:49:51 gateway authd[1000]: user=salim_gheewalla password=SUtMoHd1kFr status=rejected
<38>3 2025-12-17T17:49:18.942Z legacycross-platform.biz modi 7636 ID257 - Connecting the feed won't do anything, we need to generate the solid state EXE transmitter!
<151>2 2025-12-17T17:49:18.942Z forwardbenchmark.net vero 964 ID457 - If we quantify the system, we can get to the SSL system through the digital EXE panel!
<51>1 2025-12-17T17:49:18.942Z districtdisintermediate.net rem 6425 ID155 - We need to generate the mobile GB card!
<39>1 2025-12-17T17:49:18.942Z humanmaximize.io delectus 9066 ID152 - Use the primary SCSI system, then you can program the primary transmitter!
<123>2 2025-12-17T17:49:18.942Z regionalstreamline.io quisquam 2142 ID353 - If we input the system, we can get to the RSS array through the 1080p RSS driver!
<122>1 2025-12-17T17:49:18.942Z principalsticky.info occaecati 3582 ID25 - You can't transmit the circuit without bypassing the open-source THX monitor!
<93>3 2025-12-17T17:49:18.942Z centralproductize.com pariatur 7560 ID657 - Use the back-end ADP transmitter, then you can parse the auxiliary transmitter!
<11>3 2025-12-17T17:49:18.942Z principalkiller.com et 3613 ID136 - I'Ll reboot the digital FTP feed, that should circuit the HDD microchip!
<42>3 2025-12-17T17:49:18.942Z internationalvirtual.net nulla 4427 ID519 - Overriding the port won't do anything, we need to quantify the wireless CSS driver!
<2>1 2025-12-17T17:49:18.942Z internationalrepurpose.org eaque 9899 ID134 - I'Ll connect the auxiliary CSS card, that should application the HTTP application!
<134>3 2025-12-17T17:49:18.942Z humanenvisioneer.biz veniam 8433 ID379 - Transmitting the port won't do anything, we need to calculate the solid state HDD array!
<41>2 2025-12-17T17:49:18.942Z principalkiller.biz repudiandae 3418 ID217 - You can't copy the program without parsing the neural EXE bandwidth!
<35>3 2025-12-17T17:49:18.942Z seniorsyndicate.info provident 9931 ID48 - Try to hack the AGP program, maybe it will transmit the multi-byte application!
<59>2 2025-12-17T17:49:18.942Z globalout-of-the-box.info sapiente 3208 ID536 - We need to generate the bluetooth SCSI transmitter!
<13>Dec 17 17:49:53 gateway authd[1000]: user=akber_hussain password=M3dk2KhhTb status=rejected
<36>2 2025-12-17T17:49:18.942Z principalutilize.org et 8198 ID226 - Try to program the PNG matrix, maybe it will generate the online panel!
<34>2 2025-12-17T17:49:18.942Z centralvortals.info quae 4700 ID499 - We need to reboot the redundant COM pixel!
<13>Dec 17 17:49:58 gateway authd[1000]: user=zoheb_makani password=v7T6u42mO7xp1 status=rejected
<13>Dec 17 17:50:00 gateway authd[1000]: user=saurabh password=E78RxhJtF status=rejected
<13>Dec 17 17:50:04 gateway authd[1000]: user=aziz_kapadia password=kXL1hotGdQK status=rejected
<160>1 2025-12-17T17:49:18.942Z productpartnerships.io laudantium 3753 ID130 - We need to override the redundant JBOD alarm!
<139>2 2025-12-17T17:49:18.942Z directimplement.info excepturi 7118 ID245 - I'Ll index the neural EXE program, that should application the JBOD alarm!
<104>1 2025-12-17T17:49:18.942Z seniorbenchmark.name in 7452 ID371 - We need to bypass the optical PNG protocol!
<13>Dec 17 17:50:09 gateway authd[1000]: user=aly_a password=hIU2isZo status=rejected
<80>1 2025-12-17T17:49:18.942Z directrevolutionize.net aspernatur 2451 ID121 - Use the online FTP hard drive, then you can calculate the 1080p application!
<13>Dec 17 17:50:12 gateway authd[1000]: user=manisha_hirani password=eMG43Gho status=rejected
<12>3 2025-12-17T17:49:18.942Z customerb2b.net et 6597 ID349 - If we calculate the driver, we can get to the SAS array through the haptic XSS microchip!
<13>Dec 17 17:50:16 gateway authd[1000]: user=moses_merchant password=zAblEpaWy status=rejected
<133>2 2025-12-17T17:49:18.942Z directengineer.net nemo 2620 ID662 - Navigating the pixel won't do anything, we need to connect the open-source AGP microchip!
<66>2 2025-12-17T17:49:18.942Z corporateenvisioneer.name iste 5927 ID75 - You can't copy the feed without copying the wireless PNG card!
<133>1 2025-12-17T17:49:18.942Z customertransition.biz nesciunt 4544 ID490 - Use the bluetooth SCSI sensor, then you can synthesize the primary feed!
<107>1 2025-12-17T17:49:18.942Z forwardarchitectures.name eum 1622 ID644 - You can't calculate the bus without compressing the wireless RAM matrix!
<152>3 2025-12-17T17:49:18.942Z productusers.name sapiente 3201 ID62 - I'Ll parse the online SCSI card, that should panel the RAM card!
<13>Dec 17 17:50:20 gateway authd[1000]: user=aly_a password=jesxJteFJZyM status=rejected
<13>Dec 17 17:50:24 gateway authd[1000]: user=fayyaz_makhani password=ieVvvI6mhgW status=rejected
<161>3 2025-12-17T17:49:18.942Z forwardincentivize.org et 8651 ID410 - You can't copy the monitor without calculating the online EXE port!
<13>Dec 17 17:50:28 gateway authd[1000]: user=michelle_hirani_khoja password=Ecs7tDqfdrHgUk status=rejected
<6>2 2025-12-17T17:49:18.942Z internalsticky.org magni 2562 ID113 - Synthesizing the program won't do anything, we need to quantify the back-end GB pixel!
<160>1 2025-12-17T17:49:18.942Z internationaldeliver.biz placeat 2382 ID555 - I'Ll back up the mobile SMS capacitor, that should matrix the AI panel!
<13>Dec 17 17:50:31 gateway authd[1000]: user=murad password=dGu0hZaRk status=rejected
<13>Dec 17 17:50:32 gateway authd[1000]: user=shar password=Xyuy2m6blw4pH status=rejected
<131>3 2025-12-17T17:49:18.942Z nationaltechnologies.io ratione 5122 ID187 - If we hack the pixel, we can get to the EXE port through the back-end EXE bandwidth!
<13>Dec 17 17:50:35 gateway authd[1000]: user=alymuhammad_bijani password=EGXrQBVrj4Wk status=rejected
<104>3 2025-12-17T17:49:18.942Z forwardintegrated.org quia 8031 ID752 - You can't calculate the system without transmitting the virtual GB transmitter!
<131>3 2025-12-17T17:49:18.942Z corporateenvisioneer.name ex 370 ID938 - We need to program the online THX application!
<146>1 2025-12-17T17:49:18.942Z districtdeploy.org et 1935 ID4 - The XSS bus is down, input the auxiliary driver so we can override the THX program!
<183>3 2025-12-17T17:49:18.942Z dynamicmetrics.com earum 5007 ID952 - I'Ll calculate the mobile TCP interface, that should transmitter the USB bus!
<2>2 2025-12-17T17:49:18.942Z forwardreinvent.biz praesentium 3976 ID378 - We need to parse the bluetooth JSON port!
<13>Dec 17 17:50:38 gateway authd[1000]: user=michelle_hirani_khoja password=EZp3g83W status=rejected
<13>Dec 17 17:50:42 gateway authd[1000]: user=asif password=oeqVBsDsm status=rejected
<13>Dec 17 17:50:43 gateway authd[1000]: user=zain_mitha password=4iwPQOFCd15 status=rejected
<13>Dec 17 17:50:46 gateway authd[1000]: user=iliyan_momin password=lxzIjdr736 status=rejected
<30>2 2025-12-17T17:49:18.942Z directcross-media.org non 3277 ID999 - Try to override the RAM bus, maybe it will connect the neural capacitor!
<13>Dec 17 17:50:49 gateway authd[1000]: user=noah_ladak password=wECBiOfhZw status=rejected
<13>Dec 17 17:50:53 gateway authd[1000]: user=arshad_somani password=yij8H7SZdFkMnw status=rejected
<179>3 2025-12-17T17:49:18.942Z internationalmesh.com molestiae 3753 ID790 - Use the primary JSON card, then you can back up the online port!
<85>2 2025-12-17T17:49:18.942Z dynamicreinvent.name optio 3558 ID44 - Use the virtual SQL firewall, then you can index the online driver!
<4>3 2025-12-17T17:49:18.942Z centrale-services.com in 7552 ID1 - You can't input the bandwidth without navigating the bluetooth RAM feed!
<89>1 2025-12-17T17:49:18.942Z investorinnovate.com quos 3616 ID713 - I'Ll override the online AI monitor, that should protocol the RSS capacitor!
<13>Dec 17 17:50:54 gateway authd[1000]: user=ahil_hashim password=v22JXCYuOX status=rejected
<7>3 2025-12-17T17:49:18.942Z chiefweb services.info id 1858 ID6 - We need to navigate the neural SMS sensor!
<78>3 2025-12-17T17:49:18.942Z nationalrelationships.org omnis 4909 ID912 - If we parse the microchip, we can get to the IB system through the neural SDD sensor!
<13>Dec 17 17:50:59 gateway authd[1000]: user=armaan_chakkiwala password=uRg6ml8aWBTqh status=rejected
<76>3 2025-12-17T17:49:18.942Z customersexy.org et 6181 ID266 - Indexing the array won't do anything, we need to program the neural SSL monitor!
<137>1 2025-12-17T17:49:18.942Z centralrobust.org quia 4589 ID977 - The CSS hard drive is down, transmit the virtual firewall so we can reboot the SMS bus!
<13>2 2025-12-17T17:49:18.942Z humanturn-key.biz quibusdam 6615 ID5 - I'Ll synthesize the open-source PCI protocol, that should microchip the XSS array!
<37>2 2025-12-17T17:49:18.942Z humanextensible.info cumque 8251 ID833 - If we generate the pixel, we can get to the FTP panel through the 1080p XSS hard drive!
<121>2 2025-12-17T17:49:18.942Z centralextend.io fugit 3155 ID998 - Quantifying the application won't do anything, we need to index the multi-byte SSL bus!
<2>2 2025-12-17T17:49:18.942Z legacyproductize.name ut 2786 ID830 - The TCP array is down, quantify the redundant panel so we can input the XML monitor!
<4>2 2025-12-17T17:49:18.942Z forwardengineer.com earum 1055 ID59 - If we connect the protocol, we can get to the SAS bandwidth through the redundant THX program!
<128>3 2025-12-17T17:49:18.942Z productinitiatives.info occaecati 9179 ID498 - Use the primary SMS interface, then you can navigate the optical hard drive!
<179>3 2025-12-17T17:49:18.942Z futurenext-generation.biz laboriosam 4545 ID872 - I'Ll transmit the neural FTP hard drive, that should bus the RSS sensor!
<159>2 2025-12-17T17:49:18.942Z forwardeyeballs.info dolor 1183 ID254 - The RSS driver is down, reboot the online capacitor so we can override the SCSI transmitter!
<88>2 2025-12-17T17:49:18.942Z directschemas.org pariatur 7220 ID906 - The SMTP bus is down, navigate the 1080p bus so we can program the PCI circuit!
<20>3 2025-12-17T17:49:18.942Z districtschemas.org laudantium 7804 ID145 - We need to override the optical JSON hard drive!
<13>Dec 17 17:51:00 gateway authd[1000]: user=arshad_somani password=Gv1Ip63466m status=rejected
<13>Dec 17 17:51:02 gateway authd[1000]: user=shar password=dKnS1DzmA status=rejected
<13>Dec 17 17:51:05 gateway authd[1000]: user=aly_ali password=VYPeiplJH6tHbt status=rejected
<140>2 2025-12-17T17:49:18.942Z regionalexploit.name quasi 6096 ID826 - Generating the circuit won't do anything, we need to program the wireless RSS driver!
<111>1 2025-12-17T17:49:18.942Z regionalenvisioneer.org possimus 630 ID330 - Try to index the JBOD panel, maybe it will compress the bluetooth driver!
<115>3 2025-12-17T17:49:18.942Z humantransform.net eum 7441 ID781 - Synthesizing the card won't do anything, we need to back up the redundant RSS monitor!
<59>3 2025-12-17T17:49:18.942Z corporatebricks-and-clicks.io tempora 3689 ID258 - If we input the pixel, we can get to the ADP panel through the back-end SMTP interface!
<144>2 2025-12-17T17:49:18.942Z directapplications.name sunt 167 ID524 - Calculating the firewall won't do anything, we need to hack the solid state SSL system!
<109>3 2025-12-17T17:49:18.942Z directconvergence.org qui 6310 ID359 - I'Ll program the haptic SQL driver, that should pixel the IB sensor!
<55>3 2025-12-17T17:49:18.942Z productseamless.biz qui 9390 ID846 - Try to connect the XSS driver, maybe it will hack the neural monitor!
<174>2 2025-12-17T17:49:18.942Z leadinnovate.com ipsum 7214 ID98 - If we connect the hard drive, we can get to the PNG transmitter through the auxiliary PNG matrix!
<90>3 2025-12-17T17:49:18.942Z dynamicone-to-one.net ab 4134 ID782 - The HTTP port is down, transmit the multi-byte monitor so we can navigate the AGP firewall!
<31>2 2025-12-17T17:49:18.942Z legacyrevolutionize.info dolorem 1699 ID614 - We need to override the 1080p CSS transmitter!
<125>1 2025-12-17T17:49:18.942Z internationalgenerate.com at 4828 ID745 - Hacking the panel won't do anything, we need to compress the optical FTP bandwidth!
<13>Dec 17 17:51:10 gateway authd[1000]: user=akber_hussain password=I3Zsylj49meVJG status=rejected
<0>1 2025-12-17T17:49:18.942Z nationalvortals.info odit 9288 ID996 - You can't hack the panel without synthesizing the redundant XML firewall!
<186>3 2025-12-17T17:49:18.942Z futurevisionary.org possimus 8255 ID352 - If we quantify the interface, we can get to the JBOD firewall through the wireless THX firewall!
<13>Dec 17 17:51:13 gateway authd[1000]: user=aziz_kapadia password=wNhv4QX3ehe status=rejected
<78>1 2025-12-17T17:49:18.942Z districtsynergies.info harum 5438 ID66 - Navigating the bandwidth won't do anything, we need to input the mobile RSS application!
<134>3 2025-12-17T17:49:18.942Z investorextend.net dolorem 6349 ID924 - We need to connect the back-end PNG alarm!
<13>Dec 17 17:51:18 gateway authd[1000]: user=shezan password=rW5gkwLTigQT status=rejected
<13>Dec 17 17:51:23 gateway authd[1000]: user=ahil_hashim password=Ka2VQFs053kUU status=rejected
<171>3 2025-12-17T17:49:18.942Z customerwhiteboard.org officiis 7827 ID29 - Copying the transmitter won't do anything, we need to compress the online COM sensor!
<117>1 2025-12-17T17:49:18.942Z internationalmarkets.info iste 1457 ID234 - If we override the bus, we can get to the SMTP card through the back-end SSL circuit!
<13>Dec 17 17:51:26 gateway authd[1000]: user=zain_mitha password=RtfDuAOGuSPpt5 status=rejected
<99>2 2025-12-17T17:49:18.942Z internaldeliverables.net quia 8034 ID585 - Quantifying the capacitor won't do anything, we need to parse the redundant EXE sensor!
<135>1 2025-12-17T17:49:18.942Z leadsolutions.info in 2505 ID503 - Parsing the hard drive won't do anything, we need to transmit the back-end TCP interface!
<13>Dec 17 17:51:29 gateway authd[1000]: user=murad_kajani password=UPfcoGo0nqkfFE status=rejected
<13>Dec 17 17:51:32 gateway authd[1000]: user=asif password=9ZPa2GAZMBM status=rejected
<13>Dec 17 17:51:34 gateway authd[1000]: user=manisha_hirani password=z5OXgTIo status=rejected
<13>Dec 17 17:51:35 gateway authd[1000]: user=raheel password=uDsoKQAhVWgHNf status=rejected
<13>Dec 17 17:51:38 gateway authd[1000]: user=aziz_kapadia password=DMteAGQiVKS status=rejected
<181>1 2025-12-17T17:49:18.942Z centraleyeballs.name perspiciatis 788 ID700 - Parsing the interface won't do anything, we need to navigate the wireless JBOD sensor!
<30>2 2025-12-17T17:49:18.942Z principalwireless.com voluptas 8212 ID562 - The SCSI card is down, navigate the neural panel so we can parse the SMTP transmitter!
<13>Dec 17 17:51:41 gateway authd[1000]: user=alymuhammad_bijani password=KaEsikI3M status=rejected
<91>2 2025-12-17T17:49:18.942Z leadbenchmark.com provident 8936 ID146 - Use the digital GB firewall, then you can compress the digital capacitor!
<13>Dec 17 17:51:43 gateway authd[1000]: user=aneel password=i8vW7Sq8l status=rejected
<13>Dec 17 17:51:47 gateway authd[1000]: user=armaan_chakkiwala password=DIkH4g2Cgp4Ov status=rejected
<114>1 2025-12-17T17:49:18.942Z seniornext-generation.biz odio 4227 ID316 - I'Ll quantify the redundant RAM port, that should driver the SSL microchip!
<121>2 2025-12-17T17:49:18.942Z investorweb-readiness.biz officia 7564 ID34 - If we parse the application, we can get to the ADP circuit through the optical XSS protocol!
<99>1 2025-12-17T17:49:18.942Z customervalue-added.name optio 6512 ID333 - If we copy the hard drive, we can get to the SDD monitor through the bluetooth COM sensor!
<50>3 2025-12-17T17:49:18.942Z legacyschemas.biz eum 5998 ID319 - Hacking the protocol won't do anything, we need to synthesize the back-end GB alarm!
<139>1 2025-12-17T17:49:18.942Z centralunleash.name temporibus 4748 ID27 - You can't synthesize the card without quantifying the digital SMS program!
<138>2 2025-12-17T17:49:18.942Z internationalvertical.info atque 8993 ID395 - I'Ll back up the solid state XML system, that should bus the XML firewall!
<13>Dec 17 17:51:48 gateway authd[1000]: user=iliyan_momin password=C5ng1xlLSeu3a status=rejected
<13>Dec 17 17:51:50 gateway authd[1000]: user=arshad_somani password=AsgUKI4WobIO status=rejected
<11>3 2025-12-17T17:49:18.942Z dynamicarchitectures.biz dolorem 4099 ID293 - The XSS system is down, compress the bluetooth application so we can quantify the SQL microchip!
<186>1 2025-12-17T17:49:18.942Z leadrich.org et 4784 ID492 - If we hack the capacitor, we can get to the IB pixel through the digital JBOD microchip!
<26>1 2025-12-17T17:49:18.942Z corporatetechnologies.info nostrum 5004 ID618 - I'Ll input the mobile USB alarm, that should system the SSL alarm!
<172>2 2025-12-17T17:49:18.942Z forwardgranular.com nisi 852 ID120 - Try to hack the PCI circuit, maybe it will bypass the redundant protocol!
<120>3 2025-12-17T17:49:18.942Z humaninteractive.info minima 9527 ID933 - The SDD protocol is down, bypass the online sensor so we can bypass the SQL feed!
<13>Dec 17 17:51:55 gateway authd[1000]: user=murad_kajani password=9zbkiALG4aWj status=rejected
<132>3 2025-12-17T17:49:18.942Z productenvisioneer.name cumque 4488 ID179 - I'Ll parse the primary AI feed, that should bandwidth the CSS capacitor!
<191>3 2025-12-17T17:49:18.942Z regionalsynergistic.org et 3044 ID543 - The SCSI monitor is down, bypass the mobile circuit so we can generate the FTP bus!
<78>2 2025-12-17T17:49:18.942Z regionalengineer.com exercitationem 8887 ID667 - The SQL monitor is down, program the virtual bandwidth so we can connect the RAM alarm!
<13>Dec 17 17:51:56 gateway authd[1000]: user=moses_merchant password=NHFgrwY6dWHC status=rejected
<120>2 2025-12-17T17:49:18.942Z internaldot-com.net nesciunt 4885 ID41 - If we navigate the feed, we can get to the SMS bus through the solid state SAS driver!
<41>3 2025-12-17T17:49:18.942Z districtdynamic.info ipsum 1778 ID782 - Connecting the array won't do anything, we need to input the auxiliary THX hard drive!
<149>1 2025-12-17T17:49:18.942Z internalaction-items.name provident 985 ID762 - Copying the microchip won't do anything, we need to transmit the neural SQL application!
<13>Dec 17 17:51:59 gateway authd[1000]: user=saurabh password=ZJzuWRXQA status=rejected
<158>1 2025-12-17T17:49:18.942Z forwardglobal.info aut 2633 ID781 - You can't hack the array without indexing the virtual SMS card!
<88>3 2025-12-17T17:49:18.942Z districte-business.com aliquid 7887 ID421 - If we connect the feed, we can get to the HDD card through the online SMS circuit!
<158>3 2025-12-17T17:49:18.942Z futureenhance.info doloribus 955 ID522 - Use the back-end THX protocol, then you can synthesize the cross-platform driver!
<69>3 2025-12-17T17:49:18.942Z investorfrictionless.org aut 3631 ID804 - If we input the transmitter, we can get to the SDD application through the optical GB card!
<44>3 2025-12-17T17:49:18.942Z internalseize.info voluptatem 666 ID461 - We need to synthesize the auxiliary JBOD monitor!
<176>3 2025-12-17T17:49:18.942Z leadempower.biz omnis 7386 ID756 - Use the multi-byte FTP matrix, then you can program the back-end monitor!
<88>1 2025-12-17T17:49:18.942Z dynamicenvisioneer.biz sunt 2476 ID193 - Use the optical AI hard drive, then you can parse the neural hard drive!
<166>3 2025-12-17T17:49:18.942Z forwardnetworks.info odit 7255 ID397 - I'Ll hack the multi-byte SQL circuit, that should port the FTP alarm!
<96>3 2025-12-17T17:49:18.942Z futureback-end.com recusandae 9314 ID538 - Calculating the circuit won't do anything, we need to synthesize the auxiliary PNG circuit!
<13>Dec 17 17:52:04 gateway authd[1000]: user=manisha_hirani password=mCiZUS4fsr7P6 status=rejected
<13>Dec 17 17:52:07 gateway authd[1000]: user=murad_kajani password=TdE4ntc0N57o0T status=rejected
<13>Dec 17 17:52:08 gateway authd[1000]: user=zain_mitha password=waFiy7a2hzp status=rejected
<145>3 2025-12-17T17:49:18.942Z principalengineer.biz sed 5749 ID348 - Try to transmit the PCI capacitor, maybe it will back up the bluetooth program!
<145>2 2025-12-17T17:49:18.942Z humanweb-readiness.name similique 4638 ID332 - The EXE microchip is down, program the optical sensor so we can transmit the SMTP capacitor!
<13>Dec 17 17:52:09 gateway authd[1000]: user=shezan password=e03fDecPi status=rejected
<40>3 2025-12-17T17:49:18.942Z internalempower.io sit 4302 ID456 - Use the virtual HDD alarm, then you can program the wireless alarm!
<13>Dec 17 17:52:11 gateway authd[1000]: user=shezan password=lBM7g6ZI3 status=rejected
<131>3 2025-12-17T17:49:18.942Z globalportals.name modi 9412 ID833 - Indexing the system won't do anything, we need to synthesize the multi-byte XSS bandwidth!
<91>1 2025-12-17T17:49:18.942Z principalnext-generation.net in 4572 ID562 - You can't program the alarm without calculating the online SAS bus!
<168>2 2025-12-17T17:49:18.942Z directone-to-one.biz voluptatem 2262 ID379 - You can't navigate the transmitter without overriding the virtual PCI array!
<47>2 2025-12-17T17:49:18.942Z globalbrand.net ex 9219 ID965 - We need to copy the 1080p CSS system!
<2>2 2025-12-17T17:49:18.942Z dynamicfacilitate.com quo 5557 ID930 - We need to navigate the optical XML program!
<13>Dec 17 17:52:14 gateway authd[1000]: user=hadi_ibrahimi password=pyFjHTKwO0d status=rejected
<83>2 2025-12-17T17:49:18.942Z dynamicvertical.biz omnis 5944 ID37 - Quantifying the driver won't do anything, we need to transmit the back-end HDD capacitor!
<11>3 2025-12-17T17:49:18.942Z leadreal-time.com quia 7324 ID191 - The HTTP matrix is down, parse the solid state interface so we can transmit the PCI monitor!
<85>1 2025-12-17T17:49:18.942Z humangenerate.com quo 7209 ID857 - Use the redundant THX microchip, then you can connect the virtual hard drive!
<183>3 2025-12-17T17:49:18.942Z dynamicsticky.org itaque 9428 ID121 - We need to input the digital GB card!
<187>1 2025-12-17T17:49:18.942Z customerembrace.net recusandae 6895 ID332 - I'Ll override the wireless JBOD sensor, that should matrix the EXE alarm!
<3>3 2025-12-17T17:49:18.942Z regionalfacilitate.name animi 6733 ID3 - I'Ll parse the haptic CSS pixel, that should microchip the XML array!
<161>2 2025-12-17T17:49:18.942Z directe-business.biz non 9134 ID606 - Use the auxiliary GB protocol, then you can compress the wireless microchip!
<13>Dec 17 17:52:15 gateway authd[1000]: user=saira_jiwani password=RFwvP7qnaWv status=rejected
<90>2 2025-12-17T17:49:18.942Z investorarchitect.name quidem 8435 ID202 - Try to transmit the TCP card, maybe it will quantify the mobile matrix!
<13>Dec 17 17:52:19 gateway authd[1000]: user=shar password=bMMxIGTPh4cV status=rejected
<129>3 2025-12-17T17:49:18.942Z humaniterate.io quia 8974 ID292 - We need to input the bluetooth AI matrix!
<13>Dec 17 17:52:21 gateway authd[1000]: user=salim_gheewalla password=aTLuQcQ7NKhtGJ status=rejected
<13>Dec 17 17:52:24 gateway authd[1000]: user=ahil_hashim password=Ps142DYg1 status=rejected
<73>1 2025-12-17T17:49:18.942Z corporaterevolutionize.org quia 6926 ID699 - You can't generate the port without synthesizing the back-end AGP sensor!
<13>Dec 17 17:52:28 gateway authd[1000]: user=asad password=2wi23Sjqn status=rejected
<13>Dec 17 17:52:32 gateway authd[1000]: user=asif password=hgPwbH0reUzt status=rejected
<104>2 2025-12-17T17:49:18.942Z centralcustomized.net nisi 3124 ID23 - The JSON interface is down, program the primary application so we can compress the IB matrix!
<152>2 2025-12-17T17:49:18.942Z futurestreamline.com ab 5226 ID427 - Use the back-end JSON bandwidth, then you can generate the 1080p alarm!
<110>1 2025-12-17T17:49:18.942Z internalexperiences.info quia 127 ID601 - We need to connect the haptic XSS bus!
<187>1 2025-12-17T17:49:18.942Z regionaltechnologies.biz animi 7304 ID495 - You can't synthesize the interface without overriding the redundant SMTP panel!
<60>2 2025-12-17T17:49:18.942Z forwardgrow.io odit 9308 ID771 - If we calculate the driver, we can get to the RSS driver through the haptic JBOD feed!
<179>2 2025-12-17T17:49:18.942Z directextend.com blanditiis 4801 ID745 - Backing up the port won't do anything, we need to calculate the virtual USB firewall!
<78>3 2025-12-17T17:49:18.942Z principalreal-time.org praesentium 8317 ID967 - You can't copy the transmitter without generating the open-source IB monitor!
<166>3 2025-12-17T17:49:18.942Z leadweb-readiness.com accusamus 5615 ID713 - The SDD protocol is down, transmit the online capacitor so we can generate the SMTP transmitter!
<83>2 2025-12-17T17:49:18.942Z customerintegrated.com quam 8988 ID931 - You can't input the application without backing up the auxiliary SMTP application!
<13>Dec 17 17:52:35 gateway authd[1000]: user=raheel password=GMac7BQXipRKWX status=rejected
<13>Dec 17 17:52:38 gateway authd[1000]: user=serena_tejani_rahemtulla password=kc6hChp1q7YK status=rejected
<20>3 2025-12-17T17:49:18.942Z seniornetworks.info enim 104 ID615 - You can't input the firewall without copying the primary AI card!
<7>1 2025-12-17T17:49:18.942Z legacybest-of-breed.com tenetur 3050 ID210 - Try to copy the XSS matrix, maybe it will navigate the virtual driver!
<50>1 2025-12-17T17:49:18.942Z regionalcutting-edge.io nobis 77 ID963 - Copying the circuit won't do anything, we need to compress the cross-platform XML array!
<51>3 2025-12-17T17:49:18.942Z customerrevolutionize.net laudantium 1363 ID516 - Hacking the card won't do anything, we need to copy the back-end ADP bus!
<140>1 2025-12-17T17:49:18.942Z seniormorph.net quam 3990 ID517 - If we connect the transmitter, we can get to the HTTP transmitter through the multi-byte ADP port!
<160>3 2025-12-17T17:49:18.942Z chiefnetworks.io quo 6783 ID562 - I'Ll hack the wireless GB monitor, that should firewall the AI application!
<13>Dec 17 17:52:43 gateway authd[1000]: user=zoheb_makani password=LHkcGtdLlJr status=rejected
<146>1 2025-12-17T17:49:18.942Z dynamicembrace.info quisquam 7900 ID632 - We need to navigate the wireless HDD interface!
<121>1 2025-12-17T17:49:18.942Z internalmonetize.name voluptatem 2610 ID369 - The XML array is down, compress the redundant alarm so we can reboot the JSON capacitor!
<84>3 2025-12-17T17:49:18.942Z futurerobust.info nostrum 7862 ID209 - Use the online AI monitor, then you can back up the primary alarm!
<106>3 2025-12-17T17:49:18.942Z internationalstreamline.com laudantium 8815 ID856 - Try to override the TCP pixel, maybe it will input the optical pixel!
<13>Dec 17 17:52:46 gateway authd[1000]: user=murad password=A8VLfeZ7 status=rejected
<13>Dec 17 17:52:47 gateway authd[1000]: user=hussein_din password=fb8vKsfAEPK1i status=rejected
<179>2 2025-12-17T17:49:18.942Z districtconvergence.org officia 8598 ID331 - Try to hack the SCSI port, maybe it will index the 1080p microchip!
<121>3 2025-12-17T17:49:18.942Z investorvisionary.io inventore 5199 ID222 - We need to back up the neural AI matrix!
<13>Dec 17 17:52:48 gateway authd[1000]: user=moses_merchant password=4sb2voFHf status=rejected
<12>3 2025-12-17T17:49:18.942Z seniore-business.info possimus 4329 ID22 - We need to override the haptic CSS card!
<89>3 2025-12-17T17:49:18.942Z internalnext-generation.name reiciendis 5003 ID630 - The JSON bus is down, override the wireless array so we can input the XSS sensor!
<13>Dec 17 17:52:53 gateway authd[1000]: user=murad password=PDaDkDWfRy4h status=rejected
<149>1 2025-12-17T17:49:18.942Z legacy24/7.org enim 4242 ID78 - The THX matrix is down, quantify the neural driver so we can program the SSL bandwidth!
<100>2 2025-12-17T17:49:18.942Z corporateplug-and-play.io doloremque 3640 ID185 - The HTTP alarm is down, quantify the digital protocol so we can synthesize the RSS capacitor!
<182>1 2025-12-17T17:49:18.942Z chiefinfomediaries.name ea 7758 ID382 - Use the multi-byte PNG system, then you can reboot the redundant pixel!
<152>1 2025-12-17T17:49:18.942Z futureweb-enabled.com iusto 7808 ID139 - I'Ll hack the bluetooth RAM bus, that should feed the SQL alarm!
<154>3 2025-12-17T17:49:18.942Z customerfrictionless.info sint 3385 ID747 - Quantifying the capacitor won't do anything, we need to quantify the online SMTP interface!
<94>3 2025-12-17T17:49:18.942Z humandrive.biz commodi 7137 ID200 - Try to back up the JBOD interface, maybe it will back up the digital firewall!
<13>Dec 17 17:52:56 gateway authd[1000]: user=iliyan_momin password=3ZWMjCs685 status=rejected
<154>2 2025-12-17T17:49:18.942Z leadintegrated.info impedit 8688 ID899 - I'Ll reboot the wireless CSS array, that should driver the SAS interface!
<174>3 2025-12-17T17:49:18.942Z globalleverage.name quo 9377 ID315 - Indexing the firewall won't do anything, we need to hack the cross-platform FTP monitor!
<67>1 2025-12-17T17:49:18.942Z dynamicubiquitous.info aliquam 30 ID348 - I'Ll back up the cross-platform HTTP card, that should circuit the IB circuit!
<145>3 2025-12-17T17:49:18.942Z customerengage.io in 930 ID767 - I'Ll parse the haptic COM application, that should alarm the RAM system!
<184>2 2025-12-17T17:49:18.942Z globalrevolutionize.io dolorem 4790 ID375 - Use the 1080p IB card, then you can hack the bluetooth feed!
<97>3 2025-12-17T17:49:18.942Z seniorintegrated.info inventore 9589 ID353 - Try to bypass the CSS port, maybe it will program the optical application!
<11>2 2025-12-17T17:49:18.942Z legacyefficient.io doloribus 1738 ID7 - If we back up the capacitor, we can get to the SAS sensor through the optical SSL card!
<172>1 2025-12-17T17:49:18.942Z directrevolutionary.org dolore 1319 ID491 - The PCI alarm is down, reboot the back-end sensor so we can quantify the AI pixel!
<93>3 2025-12-17T17:49:18.942Z futureenvisioneer.name iusto 130 ID233 - We need to input the optical SMS application!
<11>3 2025-12-17T17:49:18.942Z districtleading-edge.org qui 4052 ID613 - You can't compress the application without navigating the redundant HDD capacitor!
<13>Dec 17 17:52:58 gateway authd[1000]: user=michelle_hirani_khoja password=u0FtOxhpWvghs status=rejected
<170>3 2025-12-17T17:49:18.942Z districtrich.org est 5564 ID533 - You can't hack the pixel without parsing the solid state HTTP monitor!
<79>1 2025-12-17T17:49:18.942Z districtclicks-and-mortar.net placeat 8941 ID498 - The XSS card is down, override the wireless interface so we can transmit the SQL interface!
<85>1 2025-12-17T17:49:18.942Z customersynergies.net quia 9988 ID336 - If we bypass the capacitor, we can get to the SQL bus through the virtual AGP protocol!
<183>3 2025-12-17T17:49:18.942Z productleverage.biz explicabo 7790 ID23 - We need to transmit the optical SQL application!
<4>1 2025-12-17T17:49:18.942Z investorsynergistic.org et 3910 ID538 - The COM transmitter is down, quantify the neural driver so we can input the SDD microchip!
<13>Dec 17 17:53:02 gateway authd[1000]: user=zoheb_makani password=LjpP9bGED status=rejected
<13>Dec 17 17:53:07 gateway authd[1000]: user=saurabh password=AqqnthYa status=rejected
<124>2 2025-12-17T17:49:18.942Z centralinteractive.org perspiciatis 1767 ID94 - You can't calculate the sensor without compressing the wireless SMS microchip!
<53>2 2025-12-17T17:49:18.942Z dynamicenvisioneer.io earum 2147 ID522 - We need to generate the solid state CSS alarm!
<13>Dec 17 17:53:09 gateway authd[1000]: user=armaan_chakkiwala password=5d7Ha6p5TNO3o status=rejected
<13>Dec 17 17:53:10 gateway authd[1000]: user=noah_ladak password=ozFpcz0If status=rejected
<13>Dec 17 17:53:11 gateway authd[1000]: user=aneel password=g5dgKjFgf status=rejected
<2>3 2025-12-17T17:49:18.942Z legacyintegrate.biz atque 756 ID425 - Use the digital HDD interface, then you can hack the redundant hard drive!
<144>2 2025-12-17T17:49:18.942Z dynamice-business.org repellat 8896 ID676 - The HTTP feed is down, transmit the 1080p driver so we can index the HDD pixel!
<136>2 2025-12-17T17:49:18.942Z forwardvisionary.com mollitia 56 ID914 - We need to index the open-source RSS circuit!
<71>1 2025-12-17T17:49:18.942Z principalinfrastructures.info provident 3054 ID317 - The IB driver is down, transmit the virtual bandwidth so we can back up the GB driver!
<13>Dec 17 17:53:13 gateway authd[1000]: user=saira_jiwani password=KSYquZ1Xq status=rejected
<1>1 2025-12-17T17:49:18.942Z humanexploit.org unde 1143 ID354 - We need to back up the online FTP card!
<13>Dec 17 17:53:16 gateway authd[1000]: user=alymuhammad_bijani password=t0orlpnNW82LXm status=rejected
<0>2 2025-12-17T17:49:18.942Z principalcustomized.net mollitia 5848 ID252 - Use the neural JSON interface, then you can copy the cross-platform matrix!
<13>Dec 17 17:53:20 gateway authd[1000]: user=fayyaz_makhani password=qneHd1ntEv status=rejected
<69>2 2025-12-17T17:49:18.942Z principaldeliver.biz dolorum 9601 ID573 - The HTTP program is down, parse the back-end array so we can navigate the USB alarm!
<119>1 2025-12-17T17:49:18.942Z districtrecontextualize.io beatae 4312 ID380 - We need to bypass the wireless HDD driver!
<13>Dec 17 17:53:22 gateway authd[1000]: user=fayyaz_makhani password=yk8qcsVz7 status=rejected
<168>3 2025-12-17T17:49:18.942Z districtenhance.com provident 313 ID583 - We need to transmit the 1080p SMTP array!
<130>2 2025-12-17T17:49:18.942Z principalarchitectures.net sit 9860 ID369 - You can't program the port without compressing the cross-platform FTP panel!
<133>3 2025-12-17T17:49:18.942Z internationalmethodologies.io itaque 5557 ID409 - Connecting the transmitter won't do anything, we need to hack the neural USB protocol!
<13>Dec 17 17:53:24 gateway authd[1000]: user=saira_jiwani password=jN3rIWQ7rG status=rejected
<149>2 2025-12-17T17:49:18.942Z directinitiatives.org illo 1348 ID385 - The XML matrix is down, index the optical bus so we can connect the SDD alarm!
<56>1 2025-12-17T17:49:18.942Z regionaloptimize.org quia 9546 ID438 - The SMS firewall is down, program the optical matrix so we can back up the SAS feed!
<178>3 2025-12-17T17:49:18.942Z internale-tailers.info voluptatem 1185 ID714 - We need to input the mobile SMS feed!
<104>1 2025-12-17T17:49:18.942Z regionalinnovate.biz sit 8524 ID369 - The SMS feed is down, connect the wireless panel so we can hack the SAS protocol!
<111>1 2025-12-17T17:49:18.942Z internationalrepurpose.name officia 582 ID133 - You can't transmit the transmitter without connecting the optical IB panel!
<104>2 2025-12-17T17:49:18.942Z investordistributed.biz voluptatum 7234 ID534 - The IB system is down, connect the open-source capacitor so we can override the SDD program!
<145>1 2025-12-17T17:49:18.942Z dynamicnext-generation.info nihil 6096 ID468 - If we program the array, we can get to the IB program through the back-end AI driver!
<13>Dec 17 17:53:28 gateway authd[1000]: user=raheel password=51pJjnF4lP3 status=rejected
<17>2 2025-12-17T17:49:18.942Z chiefvirtual.name dolorum 3839 ID173 - I'Ll calculate the cross-platform USB bandwidth, that should pixel the THX bandwidth!
<70>2 2025-12-17T17:49:18.942Z humanout-of-the-box.info dignissimos 5988 ID527 - I'Ll generate the neural RSS pixel, that should sensor the THX application!
<165>3 2025-12-17T17:49:18.942Z legacymesh.org tempore 5910 ID959 - Use the open-source JSON system, then you can transmit the wireless microchip!
<146>3 2025-12-17T17:49:18.942Z centrale-commerce.org et 2454 ID593 - If we back up the program, we can get to the RSS panel through the neural JBOD system!
<13>Dec 17 17:53:29 gateway authd[1000]: user=aly_ali password=8UOFPRr3Pi status=rejected
