<60>1 2025-12-17T17:49:18.776Z globalrevolutionize.name dolores 3651 ID496 - If we back up the interface, we can get to the RSS microchip through the open-source PCI monitor!
<191>1 2025-12-17T17:49:18.776Z corporatedot-com.org nostrum 1406 ID536 - You can't copy the matrix without quantifying the online SSL transmitter!
<68>1 2025-12-17T17:49:18.776Z corporaterevolutionary.name aut 9746 ID197 - If we reboot the capacitor, we can get to the RAM circuit through the redundant SQL array!
<33>2 2025-12-17T17:49:18.776Z nationalcustomized.name sed 1434 ID390 - We need to program the auxiliary SMTP transmitter!
<60>1 2025-12-17T17:49:17Z globalrevolutionize.name dolores 3651 ID496 - user=roheen password=TNISa309jXm3e status=invalid
<47>1 2025-12-17T17:49:18.776Z regionalinfomediaries.biz sint 2611 ID492 - Quantifying the interface won't do anything, we need to bypass the wireless FTP bus!
<60>1 2025-12-17T17:49:21Z globalrevolutionize.name dolores 3651 ID496 - user=iliyan_momin password=PALL6VyrwRdF status=invalid
<117>1 2025-12-17T17:49:18.776Z principalfacilitate.io soluta 2313 ID759 - I'Ll copy the online IB panel, that should capacitor the SAS pixel!
<60>1 2025-12-17T17:49:23Z globalrevolutionize.name dolores 3651 ID496 - user=saira_jiwani password=Wgfddsrvj status=invalid
<127>2 2025-12-17T17:49:18.776Z dynamiccultivate.name sapiente 1619 ID83 - You can't quantify the feed without indexing the bluetooth USB panel!
<124>1 2025-12-17T17:49:18.776Z productmindshare.name sequi 9528 ID83 - You can't program the matrix without synthesizing the solid state PNG circuit!
<167>2 2025-12-17T17:49:18.776Z customerintuitive.com itaque 885 ID465 - Navigating the port won't do anything, we need to navigate the haptic SDD array!
<61>3 2025-12-17T17:49:18.776Z districtrevolutionary.info rerum 9429 ID490 - The SAS hard drive is down, override the multi-byte panel so we can generate the AGP port!
<60>1 2025-12-17T17:49:25Z globalrevolutionize.name dolores 3651 ID496 - user=ali_dharani password=llSQCh1hto status=invalid
<3>3 2025-12-17T17:49:18.776Z districte-business.info magni 4173 ID107 - Use the virtual IB card, then you can parse the mobile feed!
<140>1 2025-12-17T17:49:18.776Z dynamicmetrics.com nam 7913 ID261 - We need to synthesize the wireless SMTP monitor!
<113>1 2025-12-17T17:49:18.776Z regionaldot-com.name id 9668 ID474 - Quantifying the transmitter won't do anything, we need to bypass the auxiliary EXE capacitor!
<37>3 2025-12-17T17:49:18.776Z dynamicscale.biz numquam 3664 ID637 - Try to bypass the SQL card, maybe it will reboot the primary protocol!
<20>2 2025-12-17T17:49:18.776Z senioreyeballs.org adipisci 8346 ID37 - Programming the port won't do anything, we need to copy the digital ADP system!
<150>1 2025-12-17T17:49:18.776Z corporateuser-centric.com sint 6291 ID716 - The JBOD microchip is down, input the solid state card so we can copy the JSON port!
<178>1 2025-12-17T17:49:18.776Z chiefreintermediate.net assumenda 9226 ID23 - We need to input the back-end IB capacitor!
<60>1 2025-12-17T17:49:26Z globalrevolutionize.name dolores 3651 ID496 - user=arwa password=0FiEmTcamhi status=invalid
<54>1 2025-12-17T17:49:18.776Z dynamicbrand.biz facilis 837 ID893 - The AGP matrix is down, synthesize the multi-byte panel so we can hack the HTTP transmitter!
<60>1 2025-12-17T17:49:30Z globalrevolutionize.name dolores 3651 ID496 - user=zain_mitha password=PJoU5zPjKP status=invalid
<30>2 2025-12-17T17:49:18.776Z forwardvirtual.net nobis 3970 ID56 - Use the redundant SAS array, then you can synthesize the neural system!
<42>1 2025-12-17T17:49:18.776Z nationalleading-edge.biz eum 9737 ID653 - The RSS transmitter is down, compress the bluetooth circuit so we can program the GB array!
<60>1 2025-12-17T17:49:35Z globalrevolutionize.name dolores 3651 ID496 - user=zain_mitha password=6DGVfo8GhMjCVH status=invalid
<110>3 2025-12-17T17:49:18.776Z customersyndicate.io labore 4509 ID346 - Try to navigate the FTP monitor, maybe it will calculate the wireless feed!
<60>1 2025-12-17T17:49:40Z globalrevolutionize.name dolores 3651 ID496 - user=fayyaz_makhani password=VqG9oxbFvSaC4 status=invalid
<21>2 2025-12-17T17:49:18.776Z seniorbenchmark.biz modi 8196 ID55 - The ADP program is down, generate the virtual protocol so we can generate the AGP capacitor!
<60>1 2025-12-17T17:49:41Z globalrevolutionize.name dolores 3651 ID496 - user=asif password=XwscG49Ei7ei0 status=invalid
<60>1 2025-12-17T17:49:42Z globalrevolutionize.name dolores 3651 ID496 - user=shar password=8gIvBkLgel status=invalid
<60>1 2025-12-17T17:49:46Z globalrevolutionize.name dolores 3651 ID496 - user=moez password=3v7xvtGspn status=invalid
<60>1 2025-12-17T17:49:49Z globalrevolutionize.name dolores 3651 ID496 - user=murad password=UdqNoCbJK status=invalid
<135>3 2025-12-17T17:49:18.776Z internationalleverage.name accusamus 6226 ID17 - Try to hack the GB protocol, maybe it will parse the 1080p transmitter!
<2>3 2025-12-17T17:49:18.776Z investoropen-source.info et 4409 ID732 - If we compress the card, we can get to the SMS matrix through the 1080p THX capacitor!
<164>2 2025-12-17T17:49:18.776Z humanexploit.io facilis 7094 ID801 - Synthesizing the feed won't do anything, we need to generate the back-end CSS bus!
<112>3 2025-12-17T17:49:18.776Z futureseize.io minus 9915 ID324 - You can't connect the transmitter without programming the 1080p SDD circuit!
<157>2 2025-12-17T17:49:18.776Z internalsticky.net earum 7973 ID368 - If we generate the program, we can get to the SSL bandwidth through the primary HTTP microchip!
<154>3 2025-12-17T17:49:18.776Z humanaggregate.net exercitationem 6872 ID277 - You can't copy the microchip without calculating the haptic PCI firewall!
<93>2 2025-12-17T17:49:18.776Z seniorfunctionalities.com voluptatem 2095 ID283 - Try to index the HTTP monitor, maybe it will generate the neural capacitor!
<111>2 2025-12-17T17:49:18.776Z internationalb2b.name qui 6409 ID230 - I'Ll input the mobile AI circuit, that should matrix the ADP sensor!
<60>1 2025-12-17T17:49:51Z globalrevolutionize.name dolores 3651 ID496 - user=roheen password=OPlwAFdWjS status=invalid
<113>3 2025-12-17T17:49:18.776Z corporateleverage.name repudiandae 1884 ID878 - The AGP capacitor is down, generate the back-end pixel so we can back up the FTP port!
<28>2 2025-12-17T17:49:18.776Z leadoptimize.biz velit 9366 ID600 - I'Ll generate the online GB circuit, that should program the RAM capacitor!
<154>3 2025-12-17T17:49:18.776Z chiefbenchmark.org consectetur 2161 ID890 - If we parse the system, we can get to the ADP protocol through the primary AGP bandwidth!
<25>1 2025-12-17T17:49:18.776Z directbandwidth.info suscipit 6818 ID893 - I'Ll reboot the neural THX port, that should card the EXE protocol!
<139>2 2025-12-17T17:49:18.776Z humanincentivize.biz animi 6754 ID441 - If we input the matrix, we can get to the IB circuit through the digital FTP sensor!
<140>2 2025-12-17T17:49:18.776Z investorvortals.com nostrum 4614 ID141 - We need to generate the cross-platform IB transmitter!
<106>1 2025-12-17T17:49:18.776Z internationalsticky.org voluptas 5845 ID437 - The JSON firewall is down, program the haptic transmitter so we can navigate the XML monitor!
<129>3 2025-12-17T17:49:18.776Z districtcross-platform.net est 7088 ID343 - Transmitting the program won't do anything, we need to quantify the mobile SAS bus!
<126>3 2025-12-17T17:49:18.776Z nationalextensible.org quia 5032 ID112 - If we back up the alarm, we can get to the SQL matrix through the wireless AI transmitter!
<68>1 2025-12-17T17:49:18.776Z forwardaggregate.io tenetur 8378 ID53 - I'Ll navigate the neural SSL protocol, that should interface the USB bandwidth!
<81>2 2025-12-17T17:49:18.776Z legacymarkets.info voluptatibus 2328 ID810 - Use the mobile XSS hard drive, then you can override the bluetooth sensor!
<60>1 2025-12-17T17:49:56Z globalrevolutionize.name dolores 3651 ID496 - user=naveed_patel password=0F86NBMV9chq status=invalid
<128>2 2025-12-17T17:49:18.776Z corporatebest-of-breed.net a 6507 ID799 - Try to back up the XML panel, maybe it will override the back-end bandwidth!
<31>1 2025-12-17T17:49:18.776Z leade-enable.net et 1228 ID97 - Use the optical HDD circuit, then you can input the cross-platform sensor!
<60>1 2025-12-17T17:50:00Z globalrevolutionize.name dolores 3651 ID496 - user=aly_a password=NSl4P0CZqWVlQ status=invalid
<15>1 2025-12-17T17:49:18.776Z productinterfaces.com ut 2872 ID535 - If we back up the transmitter, we can get to the JSON card through the cross-platform SMTP monitor!
<141>1 2025-12-17T17:49:18.776Z forwardharness.org eius 5710 ID56 - Try to synthesize the PCI feed, maybe it will hack the open-source hard drive!
<87>3 2025-12-17T17:49:18.776Z directextend.com tempore 3996 ID449 - Use the open-source HTTP port, then you can hack the haptic pixel!
<18>1 2025-12-17T17:49:18.776Z productarchitectures.name eos 9180 ID278 - If we compress the driver, we can get to the AGP hard drive through the neural SAS monitor!
<85>1 2025-12-17T17:49:18.776Z leadcustomized.com ipsa 3997 ID641 - We need to quantify the digital SCSI hard drive!
<90>3 2025-12-17T17:49:18.776Z legacyexploit.biz architecto 2587 ID939 - You can't hack the port without hacking the neural TCP transmitter!
<6>1 2025-12-17T17:49:18.776Z nationalbenchmark.info eum 4492 ID151 - If we quantify the program, we can get to the COM panel through the 1080p XSS capacitor!
<60>1 2025-12-17T17:50:04Z globalrevolutionize.name dolores 3651 ID496 - user=arwa password=uKjfrSpAH6O status=invalid
<60>3 2025-12-17T17:49:18.776Z nationalvisionary.info vero 1530 ID210 - Transmitting the application won't do anything, we need to back up the digital SMTP microchip!
<60>1 2025-12-17T17:50:06Z globalrevolutionize.name dolores 3651 ID496 - user=jamil_jaffer password=rLDCBUJirKZ status=invalid
<119>1 2025-12-17T17:49:18.776Z leadengage.org qui 3700 ID450 - If we quantify the monitor, we can get to the XSS panel through the neural IB program!
<159>1 2025-12-17T17:49:18.776Z regionalbandwidth.info totam 89 ID114 - We need to hack the back-end HDD monitor!
<60>1 2025-12-17T17:50:07Z globalrevolutionize.name dolores 3651 ID496 - user=aziz_kapadia password=FqvfEMJi3erC status=invalid
<80>3 2025-12-17T17:49:18.776Z legacyinterfaces.org quod 751 ID581 - We need to compress the online PCI alarm!
<60>1 2025-12-17T17:50:12Z globalrevolutionize.name dolores 3651 ID496 - user=alymuhammad_bijani password=TmUmhEmJ1QHY status=invalid
<60>1 2025-12-17T17:50:16Z globalrevolutionize.name dolores 3651 ID496 - user=alnoor_ladak password=tQCPlffrex status=invalid
<60>1 2025-12-17T17:50:19Z globalrevolutionize.name dolores 3651 ID496 - user=salim_notta password=gdgt9HhXfy status=invalid
<137>2 2025-12-17T17:49:18.776Z futurebricks-and-clicks.org earum 5329 ID691 - You can't calculate the pixel without compressing the solid state HTTP card!
<13>2 2025-12-17T17:49:18.776Z internationaldeploy.net et 8145 ID524 - We need to generate the optical SMS capacitor!
<101>2 2025-12-17T17:49:18.776Z chiefinfrastructures.biz quaerat 1310 ID194 - I'Ll compress the online SMTP panel, that should port the SSL transmitter!
<101>3 2025-12-17T17:49:18.776Z nationalorchestrate.info cupiditate 3002 ID592 - I'Ll input the multi-byte PCI driver, that should program the PCI bandwidth!
<0>2 2025-12-17T17:49:18.776Z principale-business.io magni 6129 ID854 - The AI bus is down, reboot the optical transmitter so we can connect the GB system!
<60>1 2025-12-17T17:50:24Z globalrevolutionize.name dolores 3651 ID496 - user=inara_rupani password=9tKPLxxco status=invalid
<60>1 2025-12-17T17:50:25Z globalrevolutionize.name dolores 3651 ID496 - user=salim_gheewalla password=KQWt8lLO0D status=invalid
<60>1 2025-12-17T17:50:27Z globalrevolutionize.name dolores 3651 ID496 - user=aneel password=ZUDKm81kd5M status=invalid
<97>1 2025-12-17T17:49:18.776Z legacyengage.io est 8935 ID95 - I'Ll parse the digital PNG sensor, that should panel the JSON sensor!
<60>1 2025-12-17T17:50:28Z globalrevolutionize.name dolores 3651 ID496 - user=moez password=NAuyqYK3 status=invalid
<123>1 2025-12-17T17:49:18.776Z nationalmission-critical.name expedita 7479 ID210 - We need to parse the redundant RAM transmitter!
<60>1 2025-12-17T17:50:29Z globalrevolutionize.name dolores 3651 ID496 - user=shar password=RFCHLq4a status=invalid
<4>2 2025-12-17T17:49:18.776Z futuremagnetic.info facilis 9730 ID800 - Hacking the port won't do anything, we need to hack the optical CSS panel!
<89>3 2025-12-17T17:49:18.776Z districte-business.com harum 7700 ID856 - We need to connect the 1080p TCP interface!
<76>1 2025-12-17T17:49:18.776Z chiefharness.info laudantium 1465 ID241 - Use the auxiliary COM monitor, then you can bypass the online matrix!
<96>2 2025-12-17T17:49:18.776Z nationalone-to-one.io tempore 1781 ID532 - Use the open-source SMTP alarm, then you can copy the mobile monitor!
<169>2 2025-12-17T17:49:18.776Z regionalbleeding-edge.net labore 7195 ID262 - If we transmit the array, we can get to the THX capacitor through the multi-byte SMS circuit!
<72>1 2025-12-17T17:49:18.776Z internalcollaborative.info nostrum 1693 ID136 - I'Ll input the wireless PCI capacitor, that should firewall the SAS interface!
<32>3 2025-12-17T17:49:18.776Z seniorcutting-edge.biz ipsa 8224 ID934 - Try to reboot the TCP microchip, maybe it will connect the haptic bandwidth!
<122>2 2025-12-17T17:49:18.776Z corporatecontent.net pariatur 6485 ID962 - You can't bypass the system without parsing the 1080p FTP hard drive!
<40>3 2025-12-17T17:49:18.776Z regionalcustomized.io occaecati 6031 ID255 - I'Ll compress the neural RSS monitor, that should card the RSS system!
<94>2 2025-12-17T17:49:18.776Z nationalrevolutionize.com tempora 5640 ID670 - Compressing the port won't do anything, we need to bypass the cross-platform USB monitor!
<128>1 2025-12-17T17:49:18.776Z forwardweb-enabled.info delectus 8568 ID457 - If we back up the system, we can get to the COM bus through the haptic HTTP matrix!
<112>2 2025-12-17T17:49:18.776Z customervalue-added.io maiores 8825 ID204 - Use the auxiliary RAM capacitor, then you can bypass the solid state application!
<130>2 2025-12-17T17:49:18.776Z principalweb-readiness.info similique 1329 ID225 - You can't back up the hard drive without hacking the wireless AGP protocol!
<30>3 2025-12-17T17:49:18.776Z globalseamless.io aliquam 9574 ID976 - If we input the sensor, we can get to the EXE sensor through the primary SCSI system!
<187>2 2025-12-17T17:49:18.776Z humanexploit.io officia 5394 ID996 - I'Ll parse the cross-platform CSS microchip, that should bus the CSS bus!
<56>3 2025-12-17T17:49:18.776Z chiefcross-media.biz illo 9483 ID898 - We need to connect the multi-byte XSS system!
<126>2 2025-12-17T17:49:18.776Z principalcutting-edge.io placeat 4233 ID525 - Try to parse the AI matrix, maybe it will reboot the 1080p monitor!
<60>1 2025-12-17T17:50:32Z globalrevolutionize.name dolores 3651 ID496 - user=roheen password=ti9F95tCa status=invalid
<176>3 2025-12-17T17:49:18.776Z dynamicinnovate.org sequi 3722 ID677 - I'Ll copy the online SMTP monitor, that should driver the USB bus!
<68>3 2025-12-17T17:49:18.776Z districtmatrix.name perferendis 1028 ID283 - Try to hack the ADP array, maybe it will navigate the optical interface!
<120>3 2025-12-17T17:49:18.776Z chiefvisionary.biz suscipit 1079 ID31 - Use the primary SQL array, then you can input the bluetooth port!
<170>3 2025-12-17T17:49:18.776Z investorinterfaces.org velit 2993 ID543 - If we hack the interface, we can get to the AGP port through the mobile SMTP panel!
<130>3 2025-12-17T17:49:18.776Z globalinnovative.com sint 8455 ID96 - You can't input the protocol without hacking the open-source SDD pixel!
<48>2 2025-12-17T17:49:18.776Z internalenterprise.io non 7965 ID40 - Indexing the application won't do anything, we need to transmit the primary HTTP alarm!
<60>1 2025-12-17T17:50:36Z globalrevolutionize.name dolores 3651 ID496 - user=ahil_hashim password=JUi1rjUZSp4K status=invalid
<3>3 2025-12-17T17:49:18.776Z globalplug-and-play.biz et 3460 ID249 - Hacking the program won't do anything, we need to parse the online COM card!
<184>1 2025-12-17T17:49:18.776Z customerseamless.net sit 2320 ID512 - I'Ll calculate the redundant JSON port, that should capacitor the SQL feed!
<73>1 2025-12-17T17:49:18.776Z forwardrevolutionary.net sed 2164 ID199 - If we quantify the monitor, we can get to the XSS capacitor through the cross-platform THX microchip!
<60>1 2025-12-17T17:50:40Z globalrevolutionize.name dolores 3651 ID496 - user=alymuhammad_bijani password=BLNCdiIqB4NY status=invalid
<180>1 2025-12-17T17:49:18.776Z internationalholistic.biz quibusdam 2353 ID29 - I'Ll compress the haptic TCP microchip, that should interface the THX bus!
<131>1 2025-12-17T17:49:18.776Z investorfrictionless.net quia 9921 ID754 - You can't transmit the feed without connecting the optical AGP feed!
<103>2 2025-12-17T17:49:18.776Z dynamicefficient.org doloremque 3383 ID486 - You can't navigate the application without navigating the optical HDD bandwidth!
<70>3 2025-12-17T17:49:18.776Z productopen-source.net accusamus 9782 ID111 - Connecting the feed won't do anything, we need to input the wireless JBOD firewall!
<20>3 2025-12-17T17:49:18.776Z leadbricks-and-clicks.info ut 8686 ID443 - We need to generate the optical IB sensor!
<182>2 2025-12-17T17:49:18.776Z globalkiller.net saepe 9688 ID825 - I'Ll connect the multi-byte PCI circuit, that should circuit the PNG hard drive!
<122>3 2025-12-17T17:49:18.776Z globalrelationships.net voluptatem 7836 ID788 - Navigating the pixel won't do anything, we need to reboot the virtual AGP system!
<126>2 2025-12-17T17:49:18.776Z internalvortals.name nostrum 7437 ID173 - The USB monitor is down, quantify the online application so we can parse the SQL pixel!
<168>1 2025-12-17T17:49:18.776Z senioroptimize.net voluptas 484 ID57 - The HTTP firewall is down, hack the primary capacitor so we can transmit the SMTP card!
<33>3 2025-12-17T17:49:18.776Z chiefapplications.biz sunt 837 ID257 - You can't generate the application without generating the optical GB card!
<60>1 2025-12-17T17:50:44Z globalrevolutionize.name dolores 3651 ID496 - user=hadi_ibrahimi password=Z17r2Jcw status=invalid
<171>1 2025-12-17T17:49:18.776Z globalnext-generation.name minus 8691 ID618 - You can't hack the firewall without connecting the solid state JSON driver!
<69>1 2025-12-17T17:49:18.776Z centraltechnologies.io aut 5058 ID984 - You can't navigate the panel without compressing the cross-platform RSS circuit!
<129>3 2025-12-17T17:49:18.776Z legacyrich.biz enim 7089 ID412 - We need to index the redundant XSS program!
<190>1 2025-12-17T17:49:18.776Z futurecontent.info ducimus 8720 ID834 - Hacking the microchip won't do anything, we need to generate the redundant AGP circuit!
<172>2 2025-12-17T17:49:18.776Z dynamice-enable.com et 5191 ID749 - Try to compress the SSL circuit, maybe it will synthesize the 1080p firewall!
<77>1 2025-12-17T17:49:18.776Z internalsyndicate.info quaerat 4456 ID649 - If we quantify the application, we can get to the SAS driver through the online SSL bus!
<92>3 2025-12-17T17:49:18.776Z productseize.io et 5352 ID956 - We need to transmit the haptic THX capacitor!
<60>1 2025-12-17T17:49:18.776Z internationalwireless.net blanditiis 1941 ID808 - I'Ll override the optical EXE transmitter, that should feed the ADP hard drive!
<48>1 2025-12-17T17:49:18.776Z futureinteractive.io et 3519 ID874 - Copying the interface won't do anything, we need to navigate the 1080p AI program!
<125>3 2025-12-17T17:49:18.776Z centralsystems.name deleniti 1537 ID604 - I'Ll synthesize the solid state XSS pixel, that should protocol the SCSI interface!
<108>2 2025-12-17T17:49:18.776Z principalorchestrate.biz quae 5875 ID140 - The USB panel is down, generate the primary sensor so we can connect the IB pixel!
<39>2 2025-12-17T17:49:18.776Z chiefincentivize.info quia 594 ID102 - The EXE circuit is down, transmit the primary port so we can bypass the THX application!
<125>3 2025-12-17T17:49:18.776Z nationalopen-source.com architecto 3269 ID479 - I'Ll bypass the cross-platform SSL capacitor, that should program the JSON capacitor!
<15>3 2025-12-17T17:49:18.776Z directusers.net est 5047 ID780 - Use the haptic SCSI bus, then you can back up the multi-byte interface!
<57>2 2025-12-17T17:49:18.776Z dynamicimpactful.org molestias 6718 ID52 - Try to override the AGP bus, maybe it will override the auxiliary bus!
<177>2 2025-12-17T17:49:18.776Z futureworld-class.net dolor 7423 ID907 - Use the optical CSS matrix, then you can generate the haptic monitor!
<60>1 2025-12-17T17:50:46Z globalrevolutionize.name dolores 3651 ID496 - user=khizrali_kradiya password=Aqi0KuT6A7 status=invalid
<135>2 2025-12-17T17:49:18.776Z humanimpactful.io at 4817 ID139 - We need to program the online SCSI capacitor!
<6>3 2025-12-17T17:49:18.776Z principalb2c.io fuga 1516 ID728 - If we index the program, we can get to the XML panel through the open-source SMTP matrix!
<99>3 2025-12-17T17:49:18.776Z forwardscalable.name possimus 9653 ID39 - Try to bypass the JBOD transmitter, maybe it will parse the multi-byte panel!
<166>1 2025-12-17T17:49:18.776Z legacyenhance.info asperiores 2444 ID338 - I'Ll reboot the virtual SCSI bandwidth, that should driver the HDD interface!
<172>2 2025-12-17T17:49:18.776Z futureaction-items.net dignissimos 8540 ID564 - If we compress the port, we can get to the RAM microchip through the solid state SSL hard drive!
<118>2 2025-12-17T17:49:18.776Z customerrelationships.name aut 6215 ID451 - I'Ll compress the mobile TCP sensor, that should application the FTP system!
<60>1 2025-12-17T17:50:48Z globalrevolutionize.name dolores 3651 ID496 - user=iliyan_momin password=XtnAJhheAItPQ9 status=invalid
<145>2 2025-12-17T17:49:18.776Z districtapplications.net voluptatum 3052 ID114 - The SCSI array is down, input the cross-platform panel so we can bypass the XML program!
<68>3 2025-12-17T17:49:18.776Z internationalembrace.net iure 4999 ID803 - Try to input the USB feed, maybe it will copy the neural bandwidth!
<104>3 2025-12-17T17:49:18.776Z centralmonetize.net asperiores 7530 ID688 - You can't compress the hard drive without synthesizing the digital RSS capacitor!
<60>1 2025-12-17T17:50:53Z globalrevolutionize.name dolores 3651 ID496 - user=manisha_hirani password=q64DT5OKefG6 status=invalid
<39>2 2025-12-17T17:49:18.776Z humanwireless.net aspernatur 9154 ID548 - We need to back up the primary TCP sensor!
<60>1 2025-12-17T17:50:55Z globalrevolutionize.name dolores 3651 ID496 - user=arwa password=dEAaMmYF3JtJc status=invalid
<60>1 2025-12-17T17:50:57Z globalrevolutionize.name dolores 3651 ID496 - user=fayyaz_makhani password=xRBTjv9oD8p6 status=invalid
<60>1 2025-12-17T17:51:01Z globalrevolutionize.name dolores 3651 ID496 - user=aneel password=9xGTv6RzM status=invalid
<50>3 2025-12-17T17:49:18.776Z centralengineer.biz qui 159 ID760 - Try to generate the EXE microchip, maybe it will input the virtual application!
<60>1 2025-12-17T17:51:02Z globalrevolutionize.name dolores 3651 ID496 - user=shehzad_merchant password=AuLd75euPuTZ status=invalid
<60>1 2025-12-17T17:51:03Z globalrevolutionize.name dolores 3651 ID496 - user=salim_notta password=CL0WrUU5x status=invalid
<170>1 2025-12-17T17:49:18.776Z dynamicinnovate.biz vel 2267 ID630 - Use the auxiliary USB driver, then you can transmit the multi-byte transmitter!
<60>1 2025-12-17T17:51:05Z globalrevolutionize.name dolores 3651 ID496 - user=ali_dharani password=v287t6mTjZMMfj status=invalid
<57>2 2025-12-17T17:49:18.776Z districtsolutions.io id 8878 ID974 - I'Ll reboot the redundant USB alarm, that should pixel the GB bandwidth!
<60>1 2025-12-17T17:51:08Z globalrevolutionize.name dolores 3651 ID496 - user=khizrali_kradiya password=5yoArpz3QfizU status=invalid
<17>3 2025-12-17T17:49:18.776Z legacyimpactful.info eum 2048 ID885 - You can't transmit the panel without backing up the multi-byte RAM program!
<60>1 2025-12-17T17:51:12Z globalrevolutionize.name dolores 3651 ID496 - user=mahek_ramzan password=HS2YMJQr status=invalid
<60>1 2025-12-17T17:51:13Z globalrevolutionize.name dolores 3651 ID496 - user=manisha_hirani password=P4XWzzwHCpZ status=invalid
<139>1 2025-12-17T17:49:18.776Z regionaleyeballs.biz quisquam 8691 ID924 - Try to reboot the IB transmitter, maybe it will compress the virtual port!
<60>1 2025-12-17T17:51:15Z globalrevolutionize.name dolores 3651 ID496 - user=aly_a password=kJ8q0Sihjl status=invalid
<62>3 2025-12-17T17:49:18.776Z dynamicparadigms.io eum 7531 ID852 - The PNG port is down, calculate the back-end firewall so we can program the IB matrix!
<60>1 2025-12-17T17:51:17Z globalrevolutionize.name dolores 3651 ID496 - user=inara_rupani password=wgZxTP6ER status=invalid
<19>3 2025-12-17T17:49:18.776Z legacykiller.biz natus 9345 ID252 - Try to generate the HDD pixel, maybe it will parse the online transmitter!
<60>1 2025-12-17T17:51:20Z globalrevolutionize.name dolores 3651 ID496 - user=aziz_kapadia password=UH1NPFwdQDUEEc status=invalid
<60>1 2025-12-17T17:51:24Z globalrevolutionize.name dolores 3651 ID496 - user=noah_ladak password=YYNiyWQnwWc3 status=invalid
<60>1 2025-12-17T17:51:28Z globalrevolutionize.name dolores 3651 ID496 - user=salim_notta password=UocudXpsEjXvr status=invalid
<60>1 2025-12-17T17:51:31Z globalrevolutionize.name dolores 3651 ID496 - user=hadi_ibrahimi password=B9t7UDnvBtKPW status=invalid
<60>1 2025-12-17T17:51:34Z globalrevolutionize.name dolores 3651 ID496 - user=saira_jiwani password=7AjShTJMD1V status=invalid
<180>3 2025-12-17T17:49:18.776Z centralsexy.net consequatur 6437 ID476 - Try to calculate the THX feed, maybe it will transmit the bluetooth hard drive!
<103>3 2025-12-17T17:49:18.776Z leadsynergistic.net quis 3614 ID370 - You can't override the sensor without navigating the optical SDD feed!
<54>2 2025-12-17T17:49:18.776Z humanenhance.org mollitia 3723 ID190 - If we quantify the matrix, we can get to the SQL capacitor through the bluetooth RSS pixel!
<24>1 2025-12-17T17:49:18.776Z corporate24/7.name cupiditate 8082 ID758 - I'Ll override the haptic TCP card, that should interface the USB driver!
<60>1 2025-12-17T17:51:35Z globalrevolutionize.name dolores 3651 ID496 - user=mahek_ramzan password=5pIcFHT5 status=invalid
<37>3 2025-12-17T17:49:18.776Z directmatrix.biz quis 864 ID180 - I'Ll reboot the haptic IB sensor, that should card the SQL feed!
<47>3 2025-12-17T17:49:18.776Z dynamiccutting-edge.org voluptatem 9452 ID260 - You can't calculate the matrix without generating the open-source HTTP card!
<60>1 2025-12-17T17:51:39Z globalrevolutionize.name dolores 3651 ID496 - user=murad password=9QzTlemcC status=invalid
<32>2 2025-12-17T17:49:18.776Z principalmetrics.org voluptas 4627 ID76 - If we navigate the alarm, we can get to the XML panel through the auxiliary SSL array!
<74>3 2025-12-17T17:49:18.776Z leadwireless.net et 4350 ID926 - The FTP feed is down, hack the bluetooth pixel so we can transmit the GB bandwidth!
<110>2 2025-12-17T17:49:18.776Z leadopen-source.info et 7531 ID403 - Try to hack the FTP alarm, maybe it will copy the mobile matrix!
<189>1 2025-12-17T17:49:18.776Z humanintegrated.io sit 5258 ID864 - I'Ll hack the open-source SMS sensor, that should hard drive the COM system!
<8>2 2025-12-17T17:49:18.776Z nationalmonetize.com aut 8551 ID462 - Use the cross-platform THX system, then you can navigate the back-end bus!
<60>1 2025-12-17T17:51:43Z globalrevolutionize.name dolores 3651 ID496 - user=ali_dharani password=bFOSquxdIqVXOz status=invalid
<92>3 2025-12-17T17:49:18.776Z directseize.net atque 1353 ID315 - Quantifying the application won't do anything, we need to back up the virtual SAS program!
<60>1 2025-12-17T17:51:47Z globalrevolutionize.name dolores 3651 ID496 - user=aqueel_kamruddin password=SbtZF5VxPW status=invalid
<165>2 2025-12-17T17:49:18.776Z legacyincubate.io enim 5138 ID610 - If we connect the circuit, we can get to the AGP interface through the multi-byte RAM sensor!
<142>1 2025-12-17T17:49:18.776Z districtscale.info eos 7742 ID358 - Calculating the protocol won't do anything, we need to hack the 1080p PCI system!
<164>2 2025-12-17T17:49:18.776Z customerbricks-and-clicks.org fugit 4948 ID613 - If we connect the monitor, we can get to the SMTP array through the digital RSS hard drive!
<174>2 2025-12-17T17:49:18.776Z seniorinnovate.com et 6004 ID341 - Parsing the bus won't do anything, we need to generate the 1080p PCI bandwidth!
<110>1 2025-12-17T17:49:18.776Z dynamicengage.org aut 7271 ID688 - I'Ll parse the 1080p SDD port, that should microchip the RSS application!
<182>2 2025-12-17T17:49:18.776Z corporaterelationships.info tenetur 7796 ID166 - The THX capacitor is down, program the neural alarm so we can back up the CSS driver!
<186>2 2025-12-17T17:49:18.776Z dynamicmonetize.net et 5551 ID926 - Use the haptic SMTP monitor, then you can index the mobile array!
<177>2 2025-12-17T17:49:18.776Z seniorimplement.info sit 3836 ID878 - I'Ll copy the bluetooth JSON circuit, that should application the SCSI program!
<11>2 2025-12-17T17:49:18.776Z globaltransition.io quaerat 597 ID448 - You can't synthesize the driver without transmitting the optical XML hard drive!
<185>2 2025-12-17T17:49:18.776Z seniorsolutions.org ad 7273 ID545 - We need to navigate the open-source AGP firewall!
<71>1 2025-12-17T17:49:18.776Z internalkiller.org autem 267 ID830 - I'Ll generate the multi-byte PCI system, that should card the PNG feed!
<80>2 2025-12-17T17:49:18.776Z forwardenhance.com facere 2092 ID132 - Calculating the card won't do anything, we need to program the back-end SMS sensor!
<30>1 2025-12-17T17:49:18.776Z seniormorph.net expedita 7457 ID126 - The ADP pixel is down, connect the optical pixel so we can reboot the AI port!
<60>1 2025-12-17T17:51:49Z globalrevolutionize.name dolores 3651 ID496 - user=alymuhammad_bijani password=hxI5WpO6QtVDPs status=invalid
<185>3 2025-12-17T17:49:18.776Z corporatesynergize.org nobis 5107 ID690 - We need to program the 1080p HTTP alarm!
<60>1 2025-12-17T17:51:50Z globalrevolutionize.name dolores 3651 ID496 - user=aneel password=I22SmkbOrpkKQ status=invalid
<98>1 2025-12-17T17:49:18.776Z forwardcutting-edge.com autem 6286 ID852 - Try to bypass the USB system, maybe it will index the open-source circuit!
<45>2 2025-12-17T17:49:18.776Z humanbest-of-breed.name repellendus 3539 ID519 - Copying the firewall won't do anything, we need to override the cross-platform RSS protocol!
<188>3 2025-12-17T17:49:18.776Z seniorvalue-added.name eos 5128 ID603 - If we program the transmitter, we can get to the HDD bandwidth through the multi-byte EXE circuit!
<51>2 2025-12-17T17:49:18.776Z productpartnerships.net id 7449 ID145 - You can't index the system without backing up the neural SQL transmitter!
<60>1 2025-12-17T17:51:54Z globalrevolutionize.name dolores 3651 ID496 - user=jamil_jaffer password=a8JPSEeq status=invalid
<60>1 2025-12-17T17:51:57Z globalrevolutionize.name dolores 3651 ID496 - user=anita_karim password=pOq7HlKURd status=invalid
<60>1 2025-12-17T17:51:58Z globalrevolutionize.name dolores 3651 ID496 - user=iliyan_momin password=JHvuNn6tzk status=invalid
<28>3 2025-12-17T17:49:18.776Z principalcross-platform.io quod 2209 ID705 - You can't reboot the interface without synthesizing the cross-platform RAM bus!
<117>1 2025-12-17T17:49:18.776Z dynamiccompelling.com aut 1974 ID162 - If we parse the bandwidth, we can get to the HTTP monitor through the optical PNG circuit!
<181>3 2025-12-17T17:49:18.776Z leadengage.biz aut 1656 ID83 - Try to calculate the ADP card, maybe it will navigate the virtual monitor!
<174>1 2025-12-17T17:49:18.776Z chiefengineer.com dolor 3515 ID995 - You can't transmit the port without navigating the 1080p HTTP protocol!
<81>1 2025-12-17T17:49:18.776Z globalstrategize.name velit 6153 ID400 - If we calculate the panel, we can get to the HDD sensor through the mobile COM panel!
<60>1 2025-12-17T17:52:03Z globalrevolutionize.name dolores 3651 ID496 - user=naveed_patel password=ErNd2ZePo status=invalid
<60>1 2025-12-17T17:52:06Z globalrevolutionize.name dolores 3651 ID496 - user=jamil_jaffer password=MjlIRaQAYE3zv status=invalid
<19>1 2025-12-17T17:49:18.776Z internalorchestrate.info sint 5257 ID574 - I'Ll input the mobile SCSI port, that should panel the COM hard drive!
<60>1 2025-12-17T17:52:08Z globalrevolutionize.name dolores 3651 ID496 - user=aqueel_kamruddin password=ECT46CpX status=invalid
<60>1 2025-12-17T17:52:11Z globalrevolutionize.name dolores 3651 ID496 - user=aziz_kapadia password=zb0u6yV2 status=invalid
<60>1 2025-12-17T17:52:12Z globalrevolutionize.name dolores 3651 ID496 - user=manisha_hirani password=FpGhReslqdk9e status=invalid
<60>1 2025-12-17T17:52:16Z globalrevolutionize.name dolores 3651 ID496 - user=noah_ladak password=LOJTVTUfs status=invalid
<40>2 2025-12-17T17:49:18.776Z customerviral.org quis 3519 ID893 - We need to synthesize the digital IB interface!
<46>3 2025-12-17T17:49:18.776Z internationalmesh.io in 6424 ID467 - We need to index the auxiliary HDD circuit!
<96>2 2025-12-17T17:49:18.776Z dynamicweb-enabled.org sit 9196 ID664 - Quantifying the card won't do anything, we need to navigate the virtual HTTP interface!
<114>3 2025-12-17T17:49:18.776Z legacyschemas.io provident 3341 ID838 - Use the bluetooth JBOD matrix, then you can hack the neural circuit!
<47>3 2025-12-17T17:49:18.776Z principalapplications.info perferendis 9140 ID39 - I'Ll generate the solid state PCI card, that should monitor the THX system!
<140>3 2025-12-17T17:49:18.776Z leadchannels.io commodi 4293 ID34 - Use the virtual JSON pixel, then you can input the redundant monitor!
<16>1 2025-12-17T17:49:18.776Z districtarchitect.biz iste 345 ID837 - If we navigate the pixel, we can get to the GB interface through the redundant USB protocol!
<28>1 2025-12-17T17:49:18.776Z districtcross-platform.biz nostrum 549 ID59 - Quantifying the alarm won't do anything, we need to back up the solid state CSS bus!
<175>2 2025-12-17T17:49:18.776Z legacysynthesize.com non 9601 ID817 - You can't synthesize the feed without calculating the multi-byte PNG system!
<99>2 2025-12-17T17:49:18.776Z futureconvergence.info saepe 7869 ID221 - We need to bypass the online ADP matrix!
<191>3 2025-12-17T17:49:18.776Z legacystrategic.name est 8120 ID532 - I'Ll connect the wireless SSL monitor, that should microchip the COM protocol!
<175>3 2025-12-17T17:49:18.776Z districtsticky.name eum 7962 ID983 - Use the auxiliary COM interface, then you can compress the optical application!
<87>3 2025-12-17T17:49:18.776Z legacyvertical.com et 3962 ID445 - Try to copy the SMTP panel, maybe it will override the haptic microchip!
<60>1 2025-12-17T17:52:18Z globalrevolutionize.name dolores 3651 ID496 - user=saira_jiwani password=3yyNjtZrY status=invalid
<100>1 2025-12-17T17:49:18.776Z nationalglobal.com est 4658 ID714 - Try to override the SDD alarm, maybe it will copy the multi-byte interface!
<19>2 2025-12-17T17:49:18.776Z forwardrich.name ea 8844 ID586 - Use the primary TCP protocol, then you can transmit the solid state hard drive!
<67>1 2025-12-17T17:49:18.776Z forwardembrace.io est 3250 ID641 - If we navigate the hard drive, we can get to the EXE monitor through the primary HTTP transmitter!
<60>1 2025-12-17T17:52:20Z globalrevolutionize.name dolores 3651 ID496 - user=salim_gheewalla password=b5BwXNeKR status=invalid
<92>3 2025-12-17T17:49:18.776Z dynamicdisintermediate.org qui 7223 ID245 - If we reboot the circuit, we can get to the RSS transmitter through the wireless RSS pixel!
<60>1 2025-12-17T17:52:23Z globalrevolutionize.name dolores 3651 ID496 - user=ahil_hashim password=jX5S8mA7o8S status=invalid
<60>1 2025-12-17T17:52:25Z globalrevolutionize.name dolores 3651 ID496 - user=aqueel_kamruddin password=NTJQh34Z83vSf status=invalid
<104>2 2025-12-17T17:49:18.776Z nationalkiller.info rem 5735 ID765 - Use the auxiliary RSS feed, then you can generate the virtual monitor!
<75>1 2025-12-17T17:49:18.776Z dynamicbenchmark.name rerum 7957 ID357 - I'Ll reboot the redundant FTP interface, that should interface the FTP port!
<159>1 2025-12-17T17:49:18.776Z globalinnovative.com rem 1602 ID116 - If we back up the protocol, we can get to the SDD hard drive through the digital HDD capacitor!
<77>2 2025-12-17T17:49:18.776Z dynamictransform.io neque 3942 ID195 - The COM firewall is down, bypass the back-end feed so we can back up the EXE application!
<77>1 2025-12-17T17:49:18.776Z globaloptimize.name ipsum 8787 ID692 - Use the wireless RAM port, then you can connect the neural monitor!
<99>1 2025-12-17T17:49:18.776Z internationaltransform.name animi 6254 ID755 - Use the auxiliary HTTP panel, then you can quantify the haptic sensor!
<177>3 2025-12-17T17:49:18.776Z corporatemetrics.info repudiandae 4310 ID19 - Calculating the driver won't do anything, we need to quantify the bluetooth AI program!
<0>3 2025-12-17T17:49:18.776Z centralviral.biz quo 7488 ID755 - We need to reboot the auxiliary AGP port!
<60>1 2025-12-17T17:52:30Z globalrevolutionize.name dolores 3651 ID496 - user=ahil_hashim password=FuWVmJVm1YK9vI status=invalid
<120>1 2025-12-17T17:49:18.776Z internationalimplement.name adipisci 3073 ID303 - I'Ll parse the virtual SSL alarm, that should firewall the JBOD transmitter!
<60>1 2025-12-17T17:52:32Z globalrevolutionize.name dolores 3651 ID496 - user=moez password=H7kGapYdVR1Un status=invalid
<57>1 2025-12-17T17:49:18.776Z internalgranular.com laborum 7436 ID514 - We need to transmit the bluetooth SDD program!
<114>3 2025-12-17T17:49:18.776Z customerinfomediaries.com doloremque 6441 ID922 - Use the mobile GB transmitter, then you can compress the solid state port!
<53>2 2025-12-17T17:49:18.776Z regionalroi.biz cupiditate 7318 ID987 - You can't synthesize the feed without indexing the multi-byte SAS card!
<105>3 2025-12-17T17:49:18.776Z districtsystems.info et 5882 ID662 - We need to bypass the digital EXE circuit!
<60>1 2025-12-17T17:52:36Z globalrevolutionize.name dolores 3651 ID496 - user=alnoor_ladak password=f1sGRLhdp status=invalid
<88>2 2025-12-17T17:49:18.776Z humandeliver.net provident 8760 ID685 - The IB protocol is down, quantify the redundant hard drive so we can override the SCSI alarm!
<21>2 2025-12-17T17:49:18.776Z dynamiccollaborative.com corrupti 839 ID912 - I'Ll compress the solid state FTP firewall, that should program the RSS sensor!
<60>1 2025-12-17T17:52:37Z globalrevolutionize.name dolores 3651 ID496 - user=inara_rupani password=eSgTJY3J status=invalid
<60>1 2025-12-17T17:52:39Z globalrevolutionize.name dolores 3651 ID496 - user=fayyaz_makhani password=EOt4GosLXS status=invalid
<135>1 2025-12-17T17:49:18.776Z leadturn-key.biz in 6402 ID789 - Quantifying the system won't do anything, we need to synthesize the wireless JSON circuit!
<60>1 2025-12-17T17:52:44Z globalrevolutionize.name dolores 3651 ID496 - user=aly_a password=gdoekBcQUT5 status=invalid
<65>1 2025-12-17T17:49:18.776Z internalgrow.name officia 5525 ID127 - We need to input the 1080p EXE protocol!
<190>2 2025-12-17T17:49:18.776Z dynamicmesh.biz qui 8415 ID338 - The SMTP protocol is down, hack the 1080p pixel so we can parse the HDD port!
<108>3 2025-12-17T17:49:18.776Z districttransform.io repellat 6360 ID585 - If we input the hard drive, we can get to the HDD bus through the multi-byte AGP system!
<70>1 2025-12-17T17:49:18.776Z districtinterfaces.net dolor 641 ID180 - Try to generate the PNG circuit, maybe it will program the neural panel!
<91>2 2025-12-17T17:49:18.776Z seniorvertical.com et 7133 ID24 - We need to copy the cross-platform SQL firewall!
<44>3 2025-12-17T17:49:18.776Z leadapplications.net quae 3462 ID286 - If we navigate the program, we can get to the AI firewall through the neural HDD interface!
<168>2 2025-12-17T17:49:18.776Z regionalproactive.com consequatur 9518 ID784 - If we override the feed, we can get to the HTTP interface through the virtual USB capacitor!
<29>1 2025-12-17T17:49:18.776Z forwardweb services.net maiores 3024 ID703 - Try to synthesize the CSS feed, maybe it will hack the redundant sensor!
<54>1 2025-12-17T17:49:18.776Z globalincentivize.com doloribus 4634 ID491 - The XSS alarm is down, index the haptic matrix so we can navigate the SMTP port!
<60>1 2025-12-17T17:52:49Z globalrevolutionize.name dolores 3651 ID496 - user=anita_karim password=b7FQdfA0X status=invalid
<60>1 2025-12-17T17:52:51Z globalrevolutionize.name dolores 3651 ID496 - user=alnoor_ladak password=k01GcPIrWuFt status=invalid
<84>2 2025-12-17T17:49:18.776Z dynamicout-of-the-box.info harum 3827 ID944 - Try to hack the XML capacitor, maybe it will bypass the auxiliary monitor!
<60>1 2025-12-17T17:52:54Z globalrevolutionize.name dolores 3651 ID496 - user=shehzad_merchant password=tRzIMezTfY0 status=invalid
<85>2 2025-12-17T17:49:18.776Z leadworld-class.name culpa 4911 ID651 - Use the neural TCP panel, then you can program the online interface!
<44>2 2025-12-17T17:49:18.776Z investorengage.io ea 9682 ID764 - Use the multi-byte COM monitor, then you can generate the haptic microchip!
<60>1 2025-12-17T17:52:57Z globalrevolutionize.name dolores 3651 ID496 - user=noah_ladak password=ggAiCFSu status=invalid
<126>2 2025-12-17T17:49:18.776Z principalaggregate.biz cumque 4215 ID102 - We need to index the back-end FTP application!
<109>3 2025-12-17T17:49:18.776Z leadmarkets.biz dolorem 8666 ID480 - Try to override the FTP bus, maybe it will program the mobile alarm!
<114>1 2025-12-17T17:49:18.776Z directe-business.info ea 6311 ID209 - I'Ll compress the open-source PNG pixel, that should microchip the RSS firewall!
<60>1 2025-12-17T17:52:58Z globalrevolutionize.name dolores 3651 ID496 - user=khizrali_kradiya password=QMuq0dsV50Y status=invalid
<91>3 2025-12-17T17:49:18.776Z dynamictransform.com magnam 3178 ID31 - Try to bypass the FTP matrix, maybe it will index the multi-byte sensor!
<55>1 2025-12-17T17:49:18.776Z investorweb-readiness.org nostrum 8896 ID852 - Use the wireless SDD monitor, then you can input the wireless alarm!
<131>3 2025-12-17T17:49:18.776Z directuser-centric.io rerum 2178 ID934 - Use the mobile JBOD program, then you can generate the online protocol!
<87>2 2025-12-17T17:49:18.776Z leadcollaborative.biz rerum 2503 ID486 - Use the cross-platform THX driver, then you can connect the multi-byte pixel!
<60>1 2025-12-17T17:53:02Z globalrevolutionize.name dolores 3651 ID496 - user=shar password=DcUKZLy4Av status=invalid
<125>1 2025-12-17T17:49:18.776Z nationalb2c.com temporibus 7826 ID320 - Try to calculate the RSS port, maybe it will calculate the auxiliary monitor!
<74>2 2025-12-17T17:49:18.776Z chiefplug-and-play.biz officiis 6161 ID17 - Try to compress the SSL matrix, maybe it will input the redundant panel!
<60>1 2025-12-17T17:53:07Z globalrevolutionize.name dolores 3651 ID496 - user=zain_mitha password=IFU4UJPxEAdxaf status=invalid
<24>1 2025-12-17T17:49:18.776Z dynamicmindshare.net aut 8263 ID323 - We need to navigate the wireless TCP firewall!
<60>1 2025-12-17T17:53:12Z globalrevolutionize.name dolores 3651 ID496 - user=hadi_ibrahimi password=RoGssKZ2zOgpaT status=invalid
<60>1 2025-12-17T17:53:14Z globalrevolutionize.name dolores 3651 ID496 - user=anita_karim password=K040hc0aw4OXMf status=invalid
<60>1 2025-12-17T17:53:19Z globalrevolutionize.name dolores 3651 ID496 - user=asif password=Us9PRPOCu status=invalid
<34>3 2025-12-17T17:49:18.776Z regionalmaximize.info voluptatem 9437 ID740 - Generating the microchip won't do anything, we need to copy the multi-byte RSS array!
<22>3 2025-12-17T17:49:18.776Z investorarchitectures.io optio 6878 ID121 - The JBOD card is down, hack the neural pixel so we can connect the AGP bandwidth!
<115>1 2025-12-17T17:49:18.776Z customertransparent.org magnam 7357 ID101 - Navigating the panel won't do anything, we need to compress the haptic HDD bus!
<177>1 2025-12-17T17:49:18.776Z productubiquitous.com blanditiis 8820 ID624 - I'Ll bypass the back-end HDD application, that should driver the SSL sensor!
<20>1 2025-12-17T17:49:18.776Z dynamicdrive.biz ex 2648 ID88 - I'Ll bypass the primary EXE bus, that should program the JSON transmitter!
<27>2 2025-12-17T17:49:18.776Z globalb2b.name quasi 6826 ID847 - If we back up the program, we can get to the SMS firewall through the neural CSS hard drive!
<73>3 2025-12-17T17:49:18.776Z chieffacilitate.net eos 3327 ID998 - Try to back up the SQL application, maybe it will navigate the haptic firewall!
<136>3 2025-12-17T17:49:18.776Z dynamice-commerce.biz cum 9491 ID728 - The JBOD port is down, index the wireless interface so we can generate the SMS monitor!
<4>2 2025-12-17T17:49:18.776Z dynamictransform.biz est 1862 ID208 - Calculating the circuit won't do anything, we need to calculate the virtual XML matrix!
<46>2 2025-12-17T17:49:18.776Z internalexperiences.biz vel 9444 ID177 - Use the haptic GB sensor, then you can index the neural microchip!
<86>2 2025-12-17T17:49:18.776Z districtniches.org dolorem 4568 ID671 - We need to parse the redundant SMTP bus!
<60>1 2025-12-17T17:53:22Z globalrevolutionize.name dolores 3651 ID496 - user=murad password=aOoZcPrpQUDfw status=invalid
<191>1 2025-12-17T17:49:18.776Z internalmodels.org ut 3342 ID616 - The JBOD application is down, calculate the back-end hard drive so we can program the SCSI application!
<60>1 2025-12-17T17:53:26Z globalrevolutionize.name dolores 3651 ID496 - user=mahek_ramzan password=I5J9WFf7 status=invalid
<60>1 2025-12-17T17:53:28Z globalrevolutionize.name dolores 3651 ID496 - user=asif password=kD1J6MdsotR08K status=invalid
<70>1 2025-12-17T17:49:18.776Z futureweb-enabled.net sed 4223 ID277 - Bypassing the bus won't do anything, we need to program the primary FTP bus!
<60>1 2025-12-17T17:53:32Z globalrevolutionize.name dolores 3651 ID496 - user=shehzad_merchant password=3SrMop1ErTxbt status=invalid
<177>1 2025-12-17T17:49:18.776Z corporateapplications.name asperiores 6247 ID535 - I'Ll index the neural SMS card, that should capacitor the SQL circuit!
<60>1 2025-12-17T17:53:37Z globalrevolutionize.name dolores 3651 ID496 - user=salim_gheewalla password=OPcCBIs2m4shRd status=invalid
<175>2 2025-12-17T17:49:18.776Z chiefnetworks.org ullam 2089 ID80 - You can't copy the transmitter without parsing the redundant JBOD system!
<60>1 2025-12-17T17:53:42Z globalrevolutionize.name dolores 3651 ID496 - user=naveed_patel password=qw95mMZbZb8W status=invalid
<58>1 2025-12-17T17:49:18.776Z nationalengineer.info deleniti 7966 ID29 - Use the solid state RAM system, then you can override the bluetooth capacitor!
<9>1 2025-12-17T17:49:18.776Z productdeliver.info neque 7491 ID369 - I'Ll parse the wireless RAM feed, that should monitor the RSS sensor!
