<99>Dec 17 17:49:19 gerhold4508 sed[5050]: The PNG application is down, copy the primary program so we can copy the JSON hard drive!
<92>Dec 17 17:49:19 gleichner6861 a[3502]: Quantifying the card won't do anything, we need to parse the digital CSS protocol!
<77>Dec 17 17:49:19 mcdermott7864 possimus[291]: I'Ll back up the open-source THX array, that should interface the SDD program!
<40>Dec 17 17:49:19 quigley8645 nemo[5410]: You can't quantify the array without programming the primary RSS protocol!
<99>Dec 17 17:49:21 gerhold4508 sed[5050]: user=jamil_jaffer password=WxaeghQyJFd2M0 status=rejected
<149>Dec 17 17:49:19 quitzon4608 officia[3155]: We need to transmit the digital GB monitor!
<120>Dec 17 17:49:19 hickle7351 ducimus[6994]: Generating the monitor won't do anything, we need to compress the bluetooth TCP driver!
<45>Dec 17 17:49:19 romaguera3204 quisquam[8781]: I'Ll connect the auxiliary PNG circuit, that should firewall the ADP sensor!
<162>Dec 17 17:49:19 reichel4045 ea[6764]: If we generate the feed, we can get to the FTP card through the cross-platform PNG array!
<99>Dec 17 17:49:21 gerhold4508 sed[5050]: user=hadi_ibrahimi password=BvnxVoq78X status=rejected
<140>Dec 17 17:49:19 kemmer3031 corrupti[1717]: We need to transmit the wireless CSS sensor!
<99>Dec 17 17:49:20 gerhold4508 sed[5050]: user=sam_k password=SqPYFCUOrdI status=rejected
<133>Dec 17 17:49:19 schaden2562 voluptate[5160]: Use the solid state THX capacitor, then you can hack the multi-byte application!
<186>Dec 17 17:49:19 ryan7164 accusantium[9172]: Use the optical THX program, then you can override the virtual driver!
<69>Dec 17 17:49:19 fisher4663 voluptatem[8496]: You can't quantify the panel without transmitting the 1080p SMTP pixel!
<13>Dec 17 17:49:19 hettinger3600 occaecati[7626]: You can't program the application without calculating the multi-byte PNG firewall!
<172>Dec 17 17:49:19 satterfield1863 excepturi[4112]: Use the neural IB pixel, then you can copy the redundant bandwidth!
<188>Dec 17 17:49:19 tremblay6541 architecto[4442]: We need to compress the wireless AGP card!
<88>Dec 17 17:49:19 mayer4766 cum[929]: If we override the microchip, we can get to the XSS protocol through the neural SSL port!
<46>Dec 17 17:49:19 baumbach7650 dignissimos[1627]: I'Ll generate the 1080p XML hard drive, that should program the PCI program!
<179>Dec 17 17:49:19 friesen4375 ea[5142]: The THX pixel is down, reboot the 1080p matrix so we can override the FTP protocol!
<174>Dec 17 17:49:19 bernhard3456 quis[3376]: The AGP hard drive is down, parse the bluetooth application so we can copy the THX card!
<99>Dec 17 17:49:20 gerhold4508 sed[5050]: user=fariha_mohammad password=GzrckQPDg status=rejected
<99>Dec 17 17:49:21 gerhold4508 sed[5050]: user=inara_rupani password=nVRGn11sXT status=rejected
<99>Dec 17 17:49:23 gerhold4508 sed[5050]: user=michelle_hirani_khoja password=yqVV2A95w7855 status=rejected
<7>Dec 17 17:49:19 renner4642 temporibus[1078]: You can't connect the driver without overriding the back-end SDD system!
<99>Dec 17 17:49:20 gerhold4508 sed[5050]: user=ali_dharani password=pDKcL0IT status=rejected
<1>Dec 17 17:49:19 carter6824 laboriosam[7713]: I'Ll calculate the digital SCSI feed, that should circuit the SCSI capacitor!
<84>Dec 17 17:49:19 ward2826 eius[2176]: Parsing the port won't do anything, we need to generate the multi-byte THX matrix!
<76>Dec 17 17:49:19 ankunding6433 repellat[8669]: If we parse the capacitor, we can get to the COM transmitter through the 1080p SMS panel!
<49>Dec 17 17:49:19 weimann2065 rerum[5683]: Try to override the SDD array, maybe it will quantify the haptic monitor!
<111>Dec 17 17:49:19 franecki1723 aut[7194]: If we index the matrix, we can get to the CSS bus through the online JBOD port!
<141>Dec 17 17:49:19 hintz7021 suscipit[8228]: Try to calculate the SAS sensor, maybe it will synthesize the bluetooth system!
<99>Dec 17 17:49:22 gerhold4508 sed[5050]: user=shezan password=6e7ye4yeanHCV status=rejected
<99>Dec 17 17:49:25 gerhold4508 sed[5050]: user=mahek_ramzan password=xfad4ph0SVi1 status=rejected
<128>Dec 17 17:49:19 wisozk5384 dolore[4179]: Try to compress the FTP bandwidth, maybe it will navigate the open-source capacitor!
<99>Dec 17 17:49:22 gerhold4508 sed[5050]: user=salim_gheewalla password=A1aKcEIjjrBtJP status=rejected
<55>Dec 17 17:49:19 block1508 incidunt[2466]: The JSON circuit is down, parse the optical array so we can quantify the HTTP hard drive!
<99>Dec 17 17:49:22 gerhold4508 sed[5050]: user=alnoor_ladak password=RU3saFuH9qotf status=rejected
<174>Dec 17 17:49:19 murazik3656 temporibus[2658]: If we reboot the port, we can get to the FTP feed through the auxiliary XSS pixel!
<61>Dec 17 17:49:19 nikolaus8007 minus[5526]: The CSS panel is down, compress the back-end hard drive so we can calculate the SSL panel!
<174>Dec 17 17:49:19 mccullough3112 eos[2873]: If we bypass the feed, we can get to the XSS protocol through the optical COM protocol!
<23>Dec 17 17:49:19 will1415 et[3636]: I'Ll back up the multi-byte JSON circuit, that should pixel the XML matrix!
<67>Dec 17 17:49:19 goldner1032 tempore[7760]: Use the 1080p ADP port, then you can index the cross-platform hard drive!
<1>Dec 17 17:49:19 hartmann1376 error[645]: The HDD system is down, transmit the primary system so we can index the IB microchip!
<99>Dec 17 17:49:20 gerhold4508 sed[5050]: user=sajoo password=BltcM2ySM0JN0 status=rejected
<72>Dec 17 17:49:19 carter4061 ut[5056]: You can't input the microchip without backing up the auxiliary SMTP card!
<69>Dec 17 17:49:19 torp4870 corrupti[2788]: Try to back up the TCP card, maybe it will bypass the virtual program!
<189>Dec 17 17:49:19 adams5884 saepe[4787]: Generating the circuit won't do anything, we need to copy the wireless PNG sensor!
<102>Dec 17 17:49:19 weber2031 dolor[902]: If we synthesize the program, we can get to the AGP transmitter through the online USB capacitor!
<137>Dec 17 17:49:19 bradtke8777 est[3189]: The AI card is down, reboot the wireless driver so we can synthesize the HDD microchip!
<99>Dec 17 17:49:23 gerhold4508 sed[5050]: user=michelle_hirani_khoja password=0hB3cA1GJes status=rejected
<168>Dec 17 17:49:19 skiles8406 dolores[8225]: I'Ll program the auxiliary IB port, that should panel the SQL pixel!
<150>Dec 17 17:49:19 friesen1067 sit[2831]: I'Ll quantify the neural SQL card, that should monitor the HTTP matrix!
<68>Dec 17 17:49:19 feest5582 enim[9823]: Quantifying the card won't do anything, we need to index the mobile XML bus!
<6>Dec 17 17:49:19 heaney2271 expedita[586]: If we back up the program, we can get to the SDD application through the online PCI pixel!
<154>Dec 17 17:49:19 koepp5833 cum[5270]: You can't reboot the microchip without synthesizing the online SMS application!
<73>Dec 17 17:49:19 lind2406 possimus[2552]: If we hack the interface, we can get to the XSS capacitor through the 1080p IB protocol!
<63>Dec 17 17:49:19 aufderhar6244 atque[5234]: You can't index the hard drive without hacking the neural USB protocol!
<125>Dec 17 17:49:19 klein1481 consectetur[7351]: We need to hack the virtual XML transmitter!
<99>Dec 17 17:49:21 gerhold4508 sed[5050]: user=arshad_somani password=haZbAZvF status=rejected
<122>Dec 17 17:49:19 walsh5486 est[1362]: Try to copy the USB card, maybe it will copy the cross-platform matrix!
<36>Dec 17 17:49:19 hudson5816 eos[538]: The ADP card is down, program the cross-platform circuit so we can override the SQL circuit!
<8>Dec 17 17:49:19 altenwerth8085 perferendis[3571]: Quantifying the array won't do anything, we need to synthesize the digital SAS bus!
<99>Dec 17 17:49:24 gerhold4508 sed[5050]: user=shar password=HmSXLCaRFLXQ4x status=rejected
<82>Dec 17 17:49:19 effertz2887 iusto[8020]: Use the cross-platform RSS monitor, then you can calculate the multi-byte transmitter!
<71>Dec 17 17:49:19 champlin5632 molestiae[8110]: Use the wireless IB monitor, then you can index the 1080p card!
<99>Dec 17 17:49:24 gerhold4508 sed[5050]: user=shezan password=SiPOTX5c8o9 status=rejected
<99>Dec 17 17:49:29 gerhold4508 sed[5050]: user=naveed_patel password=Xxrd59HAJftu status=rejected
<158>Dec 17 17:49:19 rice1431 consequatur[862]: If we calculate the alarm, we can get to the CSS capacitor through the mobile JSON port!
<66>Dec 17 17:49:19 weber2067 officia[9892]: Use the primary HTTP matrix, then you can input the 1080p firewall!
<99>Dec 17 17:49:24 gerhold4508 sed[5050]: user=inara_rupani password=7Lh269he status=rejected
<99>Dec 17 17:49:29 gerhold4508 sed[5050]: user=salim_gheewalla password=xY5kXKgUyEQ6 status=rejected
<148>Dec 17 17:49:19 heidenreich2326 culpa[1527]: The AGP matrix is down, index the cross-platform capacitor so we can copy the SAS bandwidth!
<90>Dec 17 17:49:19 conn1664 rem[1949]: I'Ll index the haptic COM bandwidth, that should firewall the JSON alarm!
<19>Dec 17 17:49:19 leffler1786 autem[3440]: Hacking the monitor won't do anything, we need to override the cross-platform EXE panel!
<99>Dec 17 17:49:23 gerhold4508 sed[5050]: user=fariha_mohammad password=BCE3m3Km9tIG4 status=rejected
<160>Dec 17 17:49:19 auer8457 iste[4920]: Try to transmit the USB alarm, maybe it will transmit the haptic bus!
<90>Dec 17 17:49:19 fay8332 eligendi[3544]: The THX sensor is down, parse the redundant card so we can hack the EXE bandwidth!
<103>Dec 17 17:49:19 ward3571 nostrum[6347]: Try to synthesize the SSL sensor, maybe it will calculate the online program!
<99>Dec 17 17:49:24 gerhold4508 sed[5050]: user=farez_vadsaria password=jL0blxOqat44XG status=rejected
<136>Dec 17 17:49:19 bergstrom4447 consequuntur[414]: The SDD protocol is down, copy the virtual panel so we can parse the PNG port!
<0>Dec 17 17:49:19 gusikowski7484 non[60]: Use the solid state TCP firewall, then you can bypass the neural program!
<177>Dec 17 17:49:19 sporer4113 dolores[2489]: If we connect the system, we can get to the XSS bandwidth through the back-end PCI circuit!
<0>Dec 17 17:49:19 jacobi8225 voluptatem[2859]: You can't copy the card without indexing the virtual SSL matrix!
<141>Dec 17 17:49:19 nader4705 fuga[9893]: Try to program the SCSI monitor, maybe it will navigate the auxiliary application!
<10>Dec 17 17:49:19 bashirian7716 veritatis[8674]: Use the multi-byte XML monitor, then you can override the wireless driver!
<185>Dec 17 17:49:19 schaefer6151 dignissimos[8422]: We need to bypass the cross-platform SSL matrix!
<180>Dec 17 17:49:19 hudson7686 et[3821]: I'Ll generate the haptic RAM bus, that should protocol the SMS circuit!
<129>Dec 17 17:49:19 sauer1722 odit[9079]: Try to index the THX card, maybe it will synthesize the virtual feed!
<27>Dec 17 17:49:19 walsh6387 ut[1576]: Backing up the sensor won't do anything, we need to transmit the open-source SMS bandwidth!
<99>Dec 17 17:49:23 gerhold4508 sed[5050]: user=ahil_hashim password=gRnvcpuKi status=rejected
<99>Dec 17 17:49:19 breitenberg7373 qui[2952]: We need to parse the cross-platform EXE hard drive!
<142>Dec 17 17:49:19 stokes5804 nostrum[9325]: Try to program the EXE sensor, maybe it will hack the solid state matrix!
<130>Dec 17 17:49:19 ratke3822 vel[6105]: We need to override the 1080p HDD array!
<63>Dec 17 17:49:19 franecki2213 blanditiis[703]: Use the online XSS monitor, then you can index the primary feed!
<102>Dec 17 17:49:19 corkery5160 et[3381]: I'Ll synthesize the digital COM interface, that should circuit the USB application!
<95>Dec 17 17:49:19 turner1374 et[5422]: The JSON pixel is down, calculate the haptic protocol so we can quantify the SDD protocol!
<99>Dec 17 17:49:24 gerhold4508 sed[5050]: user=ali_dharani password=L4ip1lJp status=rejected
<99>Dec 17 17:49:25 gerhold4508 sed[5050]: user=serena_tejani_rahemtulla password=Xj8pdQmSAi status=rejected
<99>Dec 17 17:49:27 gerhold4508 sed[5050]: user=murad_kajani password=DtJosoJ3HwnG status=rejected
<115>Dec 17 17:49:19 pfannerstill7487 dolore[8902]: You can't override the driver without copying the primary XSS card!
<157>Dec 17 17:49:19 bergnaum7223 quia[2863]: The SCSI capacitor is down, calculate the cross-platform feed so we can reboot the THX microchip!
<21>Dec 17 17:49:19 olson7205 dolorum[6966]: Try to generate the AI protocol, maybe it will program the back-end pixel!
<109>Dec 17 17:49:19 rosenbaum1544 soluta[899]: Use the mobile SQL microchip, then you can parse the virtual bus!
<152>Dec 17 17:49:19 hackett1628 occaecati[728]: The IB driver is down, bypass the haptic array so we can compress the HDD matrix!
<183>Dec 17 17:49:19 kautzer1004 commodi[4562]: Transmitting the circuit won't do anything, we need to compress the wireless AI port!
<154>Dec 17 17:49:19 lakin2443 occaecati[2718]: Try to connect the RAM hard drive, maybe it will synthesize the primary driver!
<15>Dec 17 17:49:19 bernier3644 iste[846]: If we back up the port, we can get to the PCI interface through the online XML port!
<99>Dec 17 17:49:20 gerhold4508 sed[5050]: user=moses_merchant password=H2h02IITi status=rejected
<3>Dec 17 17:49:19 franecki5033 omnis[8287]: If we back up the alarm, we can get to the AI protocol through the open-source AI monitor!
<26>Dec 17 17:49:19 smitham6655 repellendus[5150]: Use the multi-byte XSS circuit, then you can hack the back-end sensor!
<77>Dec 17 17:49:19 haag2633 laborum[9811]: Use the solid state USB capacitor, then you can calculate the 1080p alarm!
<110>Dec 17 17:49:19 erdman4342 sint[1434]: We need to program the redundant EXE monitor!
<99>Dec 17 17:49:24 gerhold4508 sed[5050]: user=mahek_ramzan password=SucQJeC3sT status=rejected
<33>Dec 17 17:49:19 dare4277 voluptatem[1304]: I'Ll override the redundant SCSI bandwidth, that should sensor the PNG firewall!
<54>Dec 17 17:49:19 padberg4117 inventore[1308]: Use the auxiliary SQL firewall, then you can hack the bluetooth interface!
<101>Dec 17 17:49:19 rippin6433 quia[8238]: I'Ll override the bluetooth HTTP feed, that should protocol the USB microchip!
<99>Dec 17 17:49:21 gerhold4508 sed[5050]: user=noah_ladak password=xSUDTOUHQbsomy status=rejected
<175>Dec 17 17:49:19 pollich4238 aut[3968]: Use the back-end GB circuit, then you can compress the haptic microchip!
<124>Dec 17 17:49:19 bruen6237 quo[722]: Use the online SQL alarm, then you can reboot the multi-byte protocol!
<139>Dec 17 17:49:19 schmeler7641 quia[9090]: We need to transmit the mobile EXE array!
<148>Dec 17 17:49:19 halvorson6676 vel[4747]: If we quantify the transmitter, we can get to the COM firewall through the cross-platform ADP feed!
<17>Dec 17 17:49:19 stehr7852 est[3576]: We need to back up the multi-byte AI system!
<79>Dec 17 17:49:19 grant4378 incidunt[7656]: If we input the alarm, we can get to the XML application through the wireless PNG array!
<125>Dec 17 17:49:19 murray3244 et[1973]: Use the digital RSS application, then you can reboot the virtual firewall!
<89>Dec 17 17:49:19 zulauf6860 quam[974]: I'Ll parse the back-end AGP sensor, that should matrix the SAS pixel!
<17>Dec 17 17:49:19 botsford3763 amet[3063]: We need to parse the solid state JBOD program!
<86>Dec 17 17:49:19 paucek8116 facilis[7045]: The USB alarm is down, synthesize the digital capacitor so we can reboot the JBOD feed!
<182>Dec 17 17:49:19 larson8576 quibusdam[7674]: I'Ll hack the 1080p ADP circuit, that should driver the TCP driver!
<99>Dec 17 17:49:23 gerhold4508 sed[5050]: user=murad_kajani password=L4C1NepZit0Ys status=rejected
<50>Dec 17 17:49:19 walker7460 eum[8464]: Try to override the THX protocol, maybe it will parse the wireless capacitor!
<166>Dec 17 17:49:19 pagac7806 soluta[5624]: Use the wireless PCI system, then you can quantify the wireless interface!
<11>Dec 17 17:49:19 braun4036 voluptatem[5021]: Indexing the circuit won't do anything, we need to compress the open-source FTP capacitor!
<178>Dec 17 17:49:19 jenkins1456 molestiae[6877]: We need to compress the multi-byte JSON microchip!
<169>Dec 17 17:49:19 pfeffer2541 quod[685]: Use the bluetooth SCSI hard drive, then you can copy the primary capacitor!
<160>Dec 17 17:49:19 grady4526 voluptates[232]: The SDD array is down, quantify the neural protocol so we can transmit the SSL panel!
<171>Dec 17 17:49:19 baumbach8031 officiis[4650]: Use the neural XML circuit, then you can back up the auxiliary bus!
<145>Dec 17 17:49:19 bechtelar5128 consequatur[2086]: Transmitting the bandwidth won't do anything, we need to back up the cross-platform HTTP transmitter!
<151>Dec 17 17:49:19 cassin3851 velit[2323]: I'Ll copy the open-source COM interface, that should array the THX monitor!
<99>Dec 17 17:49:19 upton1148 est[4799]: The SDD driver is down, back up the mobile transmitter so we can synthesize the SDD matrix!
<93>Dec 17 17:49:19 bechtelar3442 qui[6662]: Try to navigate the THX microchip, maybe it will transmit the online capacitor!
<51>Dec 17 17:49:19 parker8888 sit[6882]: Use the cross-platform SSL system, then you can synthesize the bluetooth alarm!
<99>Dec 17 17:49:22 gerhold4508 sed[5050]: user=noah_ladak password=tUiFIbu2IoF6E status=rejected
<172>Dec 17 17:49:19 durgan5811 iste[8337]: Use the 1080p XML program, then you can generate the bluetooth driver!
<133>Dec 17 17:49:19 runolfsdottir3552 labore[4996]: Use the mobile CSS monitor, then you can compress the optical system!
<185>Dec 17 17:49:19 kessler4644 aut[2507]: Use the neural SDD matrix, then you can transmit the open-source application!
<99>Dec 17 17:49:21 gerhold4508 sed[5050]: user=fayyaz_makhani password=4xbH1DtZh status=rejected
<112>Dec 17 17:49:19 kassulke7643 nulla[7887]: Use the primary HTTP transmitter, then you can parse the back-end bus!
<19>Dec 17 17:49:19 russel8445 modi[2241]: I'Ll hack the auxiliary SDD feed, that should pixel the PCI bus!
<99>Dec 17 17:49:20 gerhold4508 sed[5050]: user=noah_ladak password=l5K3YmxJYtA status=rejected
<52>Dec 17 17:49:19 huels5060 eaque[6046]: Use the neural ADP capacitor, then you can override the mobile alarm!
<99>Dec 17 17:49:22 gerhold4508 sed[5050]: user=arshad_somani password=UwQDsY6DMdHHz status=rejected
<35>Dec 17 17:49:19 haley4083 ipsam[6546]: Connecting the capacitor won't do anything, we need to index the auxiliary GB system!
<115>Dec 17 17:49:19 fisher3248 dolore[2001]: Try to calculate the IB circuit, maybe it will compress the redundant interface!
<99>Dec 17 17:49:23 gerhold4508 sed[5050]: user=farez_vadsaria password=eFziNBW6ZovePV status=rejected
<50>Dec 17 17:49:19 kirlin2876 delectus[6542]: Try to quantify the USB monitor, maybe it will generate the virtual sensor!
<129>Dec 17 17:49:19 steuber2242 ipsa[9903]: Use the digital PNG circuit, then you can synthesize the neural bus!
<114>Dec 17 17:49:19 stroman2823 animi[620]: We need to back up the back-end ADP array!
<79>Dec 17 17:49:19 lemke6713 cum[7443]: If we parse the firewall, we can get to the FTP alarm through the online THX protocol!
<99>Dec 17 17:49:20 gerhold4508 sed[5050]: user=jamil_jaffer password=mjicKDeb6Ot75 status=rejected
<54>Dec 17 17:49:19 fadel4021 quia[5227]: I'Ll hack the back-end JBOD alarm, that should bus the FTP application!
<1>Dec 17 17:49:19 schiller5736 consectetur[2737]: We need to quantify the wireless RSS microchip!
<99>Dec 17 17:49:24 gerhold4508 sed[5050]: user=samir password=Yq8HYMdey2Y status=rejected
<157>Dec 17 17:49:19 prosacco6571 sunt[6546]: If we calculate the sensor, we can get to the XML pixel through the primary AGP panel!
<99>Dec 17 17:49:21 gerhold4508 sed[5050]: user=fayyaz_makhani password=bbXWTdXr status=rejected
<99>Dec 17 17:49:23 gerhold4508 sed[5050]: user=shar password=oDr1jykBt status=rejected
<99>Dec 17 17:49:28 gerhold4508 sed[5050]: user=alnoor_ladak password=JiK176Cqe status=rejected
<159>Dec 17 17:49:19 treutel1411 optio[25]: We need to compress the redundant SSL firewall!
<77>Dec 17 17:49:19 mclaughlin8366 unde[2193]: If we compress the application, we can get to the SAS system through the cross-platform RAM matrix!
<102>Dec 17 17:49:19 beer8137 ut[6151]: If we index the alarm, we can get to the HDD circuit through the redundant TCP card!
<42>Dec 17 17:49:19 balistreri7870 quidem[2610]: You can't generate the sensor without indexing the haptic SCSI capacitor!
<58>Dec 17 17:49:19 towne8546 ut[6675]: I'Ll input the bluetooth JSON capacitor, that should protocol the SSL bus!
<21>Dec 17 17:49:19 bednar3451 exercitationem[8914]: Indexing the feed won't do anything, we need to index the open-source SCSI capacitor!
<99>Dec 17 17:49:24 gerhold4508 sed[5050]: user=naveed_patel password=W5HyNxeX status=rejected
<98>Dec 17 17:49:19 nader5180 a[7440]: The TCP system is down, hack the neural transmitter so we can input the USB transmitter!
<10>Dec 17 17:49:19 satterfield2362 animi[2328]: We need to quantify the optical AGP port!
<99>Dec 17 17:49:22 gerhold4508 sed[5050]: user=sajoo password=d45FRtCMFWBU2f status=rejected
<3>Dec 17 17:49:19 monahan8405 corrupti[9694]: Programming the program won't do anything, we need to navigate the auxiliary RSS transmitter!
<119>Dec 17 17:49:19 waelchi6685 dolorem[518]: Connecting the firewall won't do anything, we need to parse the bluetooth PNG microchip!
<99>Dec 17 17:49:22 gerhold4508 sed[5050]: user=ahil_hashim password=jTt8xR13mcEr status=rejected
<117>Dec 17 17:49:19 durgan1265 alias[9380]: I'Ll transmit the open-source RAM monitor, that should transmitter the COM transmitter!
<130>Dec 17 17:49:19 rath3270 voluptatum[5016]: I'Ll bypass the online HTTP program, that should port the AI program!
<137>Dec 17 17:49:19 kessler5567 voluptas[8701]: You can't quantify the alarm without compressing the primary HTTP card!
<171>Dec 17 17:49:19 carter8078 iste[6520]: Try to bypass the RAM matrix, maybe it will index the primary protocol!
<159>Dec 17 17:49:19 hilpert7106 modi[1963]: Try to input the SDD panel, maybe it will back up the online circuit!
<99>Dec 17 17:49:23 gerhold4508 sed[5050]: user=murad_kajani password=l1Ne229vLZofF status=rejected
<47>Dec 17 17:49:19 lindgren2717 possimus[6078]: Use the multi-byte HTTP pixel, then you can bypass the haptic alarm!
<99>Dec 17 17:49:23 gerhold4508 sed[5050]: user=farez_vadsaria password=m3Zjbgj6GY status=rejected
<46>Dec 17 17:49:19 rohan6285 et[3542]: You can't index the driver without synthesizing the digital SSL card!
<141>Dec 17 17:49:19 ruecker7712 sed[4707]: You can't connect the driver without hacking the haptic XML system!
<89>Dec 17 17:49:19 kozey6710 deleniti[3262]: Copying the card won't do anything, we need to hack the open-source EXE card!
<163>Dec 17 17:49:19 turcotte5763 dolore[1496]: Calculating the feed won't do anything, we need to generate the cross-platform EXE system!
<121>Dec 17 17:49:19 von3147 assumenda[6925]: If we transmit the alarm, we can get to the AGP matrix through the wireless SMTP interface!
<99>Dec 17 17:49:20 gerhold4508 sed[5050]: user=riyaz_popatia password=Y8XVO5Lz619o4f status=rejected
<141>Dec 17 17:49:19 daniel4620 minima[7908]: You can't back up the port without parsing the redundant FTP driver!
<159>Dec 17 17:49:19 labadie8282 aspernatur[3397]: We need to copy the digital PNG capacitor!
<88>Dec 17 17:49:19 parisian7641 quod[9587]: You can't navigate the monitor without transmitting the back-end IB interface!
<99>Dec 17 17:49:22 gerhold4508 sed[5050]: user=saurabh password=qF2ZbvneM status=rejected
<170>Dec 17 17:49:19 kuhlman8586 non[4442]: If we hack the matrix, we can get to the TCP monitor through the cross-platform ADP bandwidth!
<31>Dec 17 17:49:19 mann7725 nihil[3775]: The AGP card is down, index the open-source system so we can compress the SDD microchip!
<70>Dec 17 17:49:19 schuster4654 ut[9237]: Try to override the HTTP array, maybe it will synthesize the optical feed!
<11>Dec 17 17:49:19 hessel1827 error[8495]: The RAM monitor is down, compress the multi-byte hard drive so we can connect the HTTP firewall!
<65>Dec 17 17:49:19 blanda6764 rem[7330]: You can't program the card without compressing the digital IB system!
<15>Dec 17 17:49:19 bahringer5120 autem[2815]: Use the virtual SSL system, then you can generate the online system!
<102>Dec 17 17:49:19 zulauf3257 omnis[9125]: You can't copy the application without quantifying the open-source PCI microchip!
<99>Dec 17 17:49:24 gerhold4508 sed[5050]: user=zain_mitha password=ZmB9VG9aO status=rejected
<15>Dec 17 17:49:19 weimann5756 repellendus[9306]: Copying the bus won't do anything, we need to calculate the primary ADP hard drive!
<99>Dec 17 17:49:22 gerhold4508 sed[5050]: user=moses_merchant password=KqUL493upnKo status=rejected
<99>Dec 17 17:49:26 gerhold4508 sed[5050]: user=armaan_chakkiwala password=wU67R94sfZ7Jq3 status=rejected
<88>Dec 17 17:49:19 dooley4004 qui[6914]: If we calculate the matrix, we can get to the SMS microchip through the primary THX monitor!
<47>Dec 17 17:49:19 jenkins1554 earum[3273]: If we copy the microchip, we can get to the XSS bus through the redundant SSL interface!
<181>Dec 17 17:49:19 mertz6118 mollitia[5092]: Use the primary PNG interface, then you can input the wireless pixel!
<99>Dec 17 17:49:20 gerhold4508 sed[5050]: user=samir password=g659LaCOkNOk status=rejected
<86>Dec 17 17:49:19 streich8638 dolores[3468]: Use the back-end COM bus, then you can back up the virtual pixel!
<22>Dec 17 17:49:19 graham3781 accusantium[859]: Indexing the panel won't do anything, we need to override the cross-platform SDD feed!
<81>Dec 17 17:49:19 schowalter8147 officia[9814]: We need to quantify the redundant HDD array!
<99>Dec 17 17:49:22 gerhold4508 sed[5050]: user=armaan_chakkiwala password=uZZCL0Zty3 status=rejected
<113>Dec 17 17:49:19 senger2528 et[3865]: You can't quantify the program without hacking the wireless PNG pixel!
<99>Dec 17 17:49:21 gerhold4508 sed[5050]: user=fariha_mohammad password=cGqpYt01yyod08 status=rejected
<99>Dec 17 17:49:25 gerhold4508 sed[5050]: user=jamil_jaffer password=v5ozZb0V status=rejected
<99>Dec 17 17:49:28 gerhold4508 sed[5050]: user=fayyaz_makhani password=5TUlzH171Ivbp status=rejected
<62>Dec 17 17:49:19 mayert8767 autem[9127]: Indexing the program won't do anything, we need to connect the 1080p SMTP port!
<178>Dec 17 17:49:19 wolf8786 natus[3694]: The AGP circuit is down, connect the back-end system so we can override the HTTP alarm!
<95>Dec 17 17:49:19 ledner7321 in[5809]: I'Ll synthesize the redundant SQL pixel, that should driver the CSS protocol!
<90>Dec 17 17:49:19 kuphal4377 nulla[8263]: The JSON interface is down, navigate the neural feed so we can program the AI system!
<82>Dec 17 17:49:19 harvey2855 excepturi[2147]: Use the digital PNG pixel, then you can navigate the mobile application!
<7>Dec 17 17:49:19 moen5583 quas[4231]: Indexing the alarm won't do anything, we need to hack the 1080p USB microchip!
<132>Dec 17 17:49:19 botsford1284 adipisci[5210]: Generating the pixel won't do anything, we need to index the online AGP panel!
<99>Dec 17 17:49:20 gerhold4508 sed[5050]: user=ahil_hashim password=UU3MyjC8zv status=rejected
<11>Dec 17 17:49:19 windler4338 dolores[2696]: Copying the pixel won't do anything, we need to input the mobile RSS bus!
<99>Dec 17 17:49:23 gerhold4508 sed[5050]: user=saurabh password=9SRzoycVWIBh status=rejected
<99>Dec 17 17:49:24 gerhold4508 sed[5050]: user=shezan password=WakHS0zipBlI status=rejected
<45>Dec 17 17:49:19 durgan2417 quam[4950]: You can't parse the feed without parsing the multi-byte HDD alarm!
<99>Dec 17 17:49:24 gerhold4508 sed[5050]: user=hadi_ibrahimi password=YlQerDUU status=rejected
<99>Dec 17 17:49:26 gerhold4508 sed[5050]: user=aly_ali password=GvoXvdgMZG4 status=rejected
<143>Dec 17 17:49:19 waters7338 et[4251]: Use the online PCI alarm, then you can program the neural firewall!
<180>Dec 17 17:49:19 trantow7013 nisi[7794]: If we quantify the driver, we can get to the SAS port through the haptic XSS firewall!
<96>Dec 17 17:49:19 hand8041 maxime[9009]: Use the back-end XML sensor, then you can synthesize the digital port!
<164>Dec 17 17:49:19 boyle1108 nihil[962]: The USB matrix is down, hack the open-source feed so we can transmit the RAM array!
<45>Dec 17 17:49:19 kihn5144 dolore[8799]: If we calculate the hard drive, we can get to the IB transmitter through the open-source SMTP feed!
<18>Dec 17 17:49:19 boyle2178 reprehenderit[3067]: We need to program the multi-byte COM sensor!
<0>Dec 17 17:49:19 vonrueden5127 qui[3396]: We need to connect the virtual XML application!
<63>Dec 17 17:49:19 lakin4378 cupiditate[1631]: You can't compress the hard drive without calculating the neural THX card!
<1>Dec 17 17:49:19 boyer6554 laudantium[861]: Try to input the GB circuit, maybe it will quantify the digital bus!
<118>Dec 17 17:49:19 kutch1012 et[5697]: Use the solid state AGP transmitter, then you can program the wireless card!
<57>Dec 17 17:49:19 cormier5833 sit[1591]: Try to reboot the SDD interface, maybe it will generate the virtual port!
<99>Dec 17 17:49:21 gerhold4508 sed[5050]: user=michelle_hirani_khoja password=42zCIywaB7z status=rejected
<122>Dec 17 17:49:19 russel8053 optio[9951]: You can't reboot the port without compressing the solid state HDD port!
<29>Dec 17 17:49:19 pouros3312 repellat[887]: Copying the application won't do anything, we need to transmit the cross-platform AI interface!
<59>Dec 17 17:49:19 waelchi5588 sunt[1233]: You can't synthesize the system without calculating the virtual GB sensor!
<137>Dec 17 17:49:19 gulgowski3038 nostrum[852]: The JSON array is down, synthesize the wireless capacitor so we can override the AGP alarm!
<99>Dec 17 17:49:24 gerhold4508 sed[5050]: user=inara_rupani password=xak6OfBG3G status=rejected
<80>Dec 17 17:49:19 purdy2552 impedit[9736]: The JBOD system is down, reboot the bluetooth program so we can navigate the COM pixel!
<2>Dec 17 17:49:19 nienow2146 sequi[4587]: The SMTP capacitor is down, synthesize the redundant application so we can compress the RSS circuit!
<72>Dec 17 17:49:19 boyer4120 aut[8035]: You can't reboot the array without generating the neural XML microchip!
<6>Dec 17 17:49:19 harber7148 tempora[65]: The THX transmitter is down, navigate the back-end matrix so we can hack the COM monitor!
<99>Dec 17 17:49:24 gerhold4508 sed[5050]: user=rozi password=bWhuKUET4UJ status=rejected
<72>Dec 17 17:49:19 dickinson2828 ut[769]: If we reboot the program, we can get to the GB program through the multi-byte ADP program!
<58>Dec 17 17:49:19 stoltenberg5845 aut[5246]: The AI sensor is down, quantify the optical transmitter so we can calculate the FTP firewall!
<99>Dec 17 17:49:22 gerhold4508 sed[5050]: user=aly_ali password=kOiM2jlLHBf0R status=rejected
<64>Dec 17 17:49:19 russel6201 labore[9430]: The GB alarm is down, parse the multi-byte hard drive so we can synthesize the SAS program!
<59>Dec 17 17:49:19 funk2162 temporibus[7167]: You can't program the matrix without synthesizing the 1080p SMS port!
<171>Dec 17 17:49:19 smitham2177 libero[7289]: Quantifying the hard drive won't do anything, we need to parse the online SMS capacitor!
<118>Dec 17 17:49:19 gerlach3027 sit[544]: Use the redundant RAM port, then you can calculate the back-end system!
<99>Dec 17 17:49:20 gerhold4508 sed[5050]: user=mahek_ramzan password=XwfOBvP2T890K status=rejected
<16>Dec 17 17:49:19 kovacek7587 error[6300]: I'Ll calculate the redundant CSS card, that should card the SMTP card!
<48>Dec 17 17:49:19 harris2318 id[7985]: I'Ll copy the wireless PCI protocol, that should alarm the HTTP pixel!
<119>Dec 17 17:49:19 windler8585 dolor[1472]: If we hack the interface, we can get to the SAS driver through the optical TCP alarm!
<99>Dec 17 17:49:21 gerhold4508 sed[5050]: user=riyaz_popatia password=1KNIuRy7z status=rejected
<99>Dec 17 17:49:26 gerhold4508 sed[5050]: user=arwa password=Uq3vtb6hQ status=rejected
<76>Dec 17 17:49:19 deckow7000 delectus[6117]: The PNG application is down, index the virtual transmitter so we can back up the SAS firewall!
<180>Dec 17 17:49:19 feest8147 quidem[8057]: The ADP circuit is down, bypass the neural array so we can generate the AI array!
<92>Dec 17 17:49:19 grant7651 neque[2730]: You can't parse the system without synthesizing the redundant SDD card!
<52>Dec 17 17:49:19 toy8874 dolorem[6047]: Transmitting the capacitor won't do anything, we need to synthesize the solid state XML matrix!
<187>Dec 17 17:49:19 schneider5151 molestiae[2589]: We need to compress the solid state SSL system!
<37>Dec 17 17:49:19 schuster3110 facere[4595]: Compressing the capacitor won't do anything, we need to index the online EXE hard drive!
<173>Dec 17 17:49:19 koelpin6120 non[1114]: We need to compress the virtual FTP program!
<41>Dec 17 17:49:19 mcdermott8827 porro[7793]: We need to back up the redundant CSS hard drive!
<164>Dec 17 17:49:19 larkin5183 voluptatum[8478]: The FTP bandwidth is down, connect the optical feed so we can compress the RAM protocol!
<100>Dec 17 17:49:19 johnson7320 nihil[9845]: Use the neural USB microchip, then you can transmit the redundant array!
<40>Dec 17 17:49:19 stamm1301 odio[1265]: You can't quantify the system without generating the redundant AGP monitor!
<87>Dec 17 17:49:19 casper1111 est[4656]: I'Ll quantify the optical HTTP program, that should protocol the SAS feed!
<99>Dec 17 17:49:20 gerhold4508 sed[5050]: user=rozi password=0mn1vwxpMfj status=rejected
<78>Dec 17 17:49:19 mante8107 tempora[1946]: Programming the program won't do anything, we need to override the bluetooth HDD driver!
<52>Dec 17 17:49:19 conroy7884 repellendus[7775]: If we index the driver, we can get to the PNG panel through the 1080p SDD circuit!
<99>Dec 17 17:49:20 gerhold4508 sed[5050]: user=armaan_chakkiwala password=7mALDISFj status=rejected
<70>Dec 17 17:49:19 gorczany3452 voluptatibus[4694]: Use the cross-platform SMTP monitor, then you can quantify the solid state card!
<99>Dec 17 17:49:24 gerhold4508 sed[5050]: user=alnoor_ladak password=Y9445FF6spAa9k status=rejected
<79>Dec 17 17:49:19 oreilly6783 eligendi[8115]: We need to navigate the multi-byte COM array!
<174>Dec 17 17:49:19 barrows2133 recusandae[5983]: Use the optical XML interface, then you can program the multi-byte feed!
<131>Dec 17 17:49:19 rau2683 tempore[8617]: The AGP port is down, calculate the wireless driver so we can synthesize the EXE matrix!
<99>Dec 17 17:49:24 gerhold4508 sed[5050]: user=shar password=00Ba5qGwDDrg status=rejected
<190>Dec 17 17:49:19 smitham4477 possimus[7556]: Synthesizing the hard drive won't do anything, we need to back up the back-end SMS hard drive!
<102>Dec 17 17:49:19 walter7257 eos[848]: You can't quantify the interface without quantifying the multi-byte JSON bus!
<108>Dec 17 17:49:19 vandervort1621 necessitatibus[8874]: The XSS hard drive is down, compress the optical system so we can index the XML firewall!
<99>Dec 17 17:49:22 gerhold4508 sed[5050]: user=sajoo password=CDc1rUAvDnRjuF status=rejected
<175>Dec 17 17:49:19 heaney1177 quia[2335]: Use the wireless SAS system, then you can copy the redundant capacitor!
<71>Dec 17 17:49:19 strosin1042 voluptatem[8352]: You can't navigate the hard drive without synthesizing the bluetooth AI panel!
<47>Dec 17 17:49:19 nolan1155 est[2348]: Compressing the bandwidth won't do anything, we need to input the wireless SMS circuit!
<175>Dec 17 17:49:19 leuschke7212 iusto[3657]: The XSS matrix is down, calculate the solid state bus so we can parse the FTP firewall!
<187>Dec 17 17:49:19 veum4113 et[1854]: Transmitting the monitor won't do anything, we need to parse the optical SMS program!
<106>Dec 17 17:49:19 wunsch5246 cum[8778]: You can't generate the array without parsing the neural IB firewall!
<182>Dec 17 17:49:19 bogan5064 corrupti[9362]: You can't navigate the interface without bypassing the solid state PNG feed!
<52>Dec 17 17:49:19 prosacco4082 explicabo[7822]: Try to parse the SAS interface, maybe it will generate the open-source sensor!
<27>Dec 17 17:49:19 kilback2274 rerum[186]: If we generate the capacitor, we can get to the HDD matrix through the multi-byte SMTP interface!
<99>Dec 17 17:49:20 gerhold4508 sed[5050]: user=moses_merchant password=OJmj1jHQ5Gx status=rejected
<99>Dec 17 17:49:23 gerhold4508 sed[5050]: user=rozi password=O1wE5P30qRBJA status=rejected
<99>Dec 17 17:49:28 gerhold4508 sed[5050]: user=saurabh password=achtqAQs9c status=rejected
<62>Dec 17 17:49:19 schmitt1751 quam[9971]: Try to reboot the SAS bus, maybe it will quantify the primary application!
<39>Dec 17 17:49:19 schultz5322 velit[6352]: Compressing the program won't do anything, we need to back up the mobile SDD port!
<125>Dec 17 17:49:19 kiehn8115 nostrum[9622]: Try to generate the GB pixel, maybe it will program the optical protocol!
<99>Dec 17 17:49:24 gerhold4508 sed[5050]: user=arwa password=CKogga5DKPCIm status=rejected
<175>Dec 17 17:49:19 dicki2057 consectetur[8089]: The RSS application is down, override the mobile array so we can navigate the COM transmitter!
<99>Dec 17 17:49:23 gerhold4508 sed[5050]: user=sam_k password=GwXhtOtTQTpRH status=rejected
<12>Dec 17 17:49:19 willms4558 recusandae[9845]: If we transmit the capacitor, we can get to the FTP driver through the redundant SMS card!
<90>Dec 17 17:49:19 dach6535 aliquam[308]: The HDD bandwidth is down, parse the virtual bandwidth so we can hack the FTP system!
<99>Dec 17 17:49:21 gerhold4508 sed[5050]: user=samir password=Cky1S4G0Xh6OTP status=rejected
<24>Dec 17 17:49:19 rippin1416 illo[3437]: You can't quantify the feed without calculating the neural SMTP panel!
<99>Dec 17 17:49:24 gerhold4508 sed[5050]: user=riyaz_popatia password=5kluhZbXj status=rejected
<22>Dec 17 17:49:19 schaden7124 aperiam[5762]: You can't compress the port without transmitting the online ADP array!
<99>Dec 17 17:49:20 gerhold4508 sed[5050]: user=arwa password=D6STv1BybuzB status=rejected
<164>Dec 17 17:49:19 schulist2724 facilis[8450]: Synthesizing the protocol won't do anything, we need to connect the redundant SQL matrix!
<46>Dec 17 17:49:19 jenkins3366 et[5548]: Try to parse the CSS sensor, maybe it will reboot the cross-platform bandwidth!
<99>Dec 17 17:49:24 gerhold4508 sed[5050]: user=serena_tejani_rahemtulla password=7taokGhcU0bvY status=rejected
<29>Dec 17 17:49:19 paucek7027 aut[2308]: Try to generate the IB protocol, maybe it will input the multi-byte firewall!
<99>Dec 17 17:49:19 nitzsche4477 quod[8873]: You can't generate the application without bypassing the haptic HDD application!
<140>Dec 17 17:49:19 mckenzie2307 quas[1068]: If we reboot the capacitor, we can get to the SCSI sensor through the cross-platform FTP array!
<148>Dec 17 17:49:19 schmidt2157 commodi[337]: We need to back up the redundant TCP capacitor!
<95>Dec 17 17:49:19 beier7877 qui[7622]: If we bypass the pixel, we can get to the JSON hard drive through the mobile SMTP interface!
<21>Dec 17 17:49:19 hayes2488 rerum[4006]: Generating the transmitter won't do anything, we need to connect the open-source USB monitor!
<99>Dec 17 17:49:21 gerhold4508 sed[5050]: user=zain_mitha password=bGES17iUh status=rejected
<6>Dec 17 17:49:19 gusikowski3381 rerum[8841]: You can't transmit the monitor without programming the virtual RSS interface!
<156>Dec 17 17:49:19 nitzsche8562 consequuntur[7221]: I'Ll connect the mobile TCP panel, that should interface the ADP protocol!
<48>Dec 17 17:49:19 damore2574 officiis[7606]: Use the wireless RSS transmitter, then you can index the solid state bus!
<99>Dec 17 17:49:22 gerhold4508 sed[5050]: user=ali_dharani password=Q32OrfydZB status=rejected
<97>Dec 17 17:49:19 hintz7055 dolorem[5033]: If we generate the interface, we can get to the SQL driver through the back-end SAS circuit!
<60>Dec 17 17:49:19 thiel1006 neque[2662]: If we hack the microchip, we can get to the HTTP bus through the open-source SMS alarm!
<99>Dec 17 17:49:21 gerhold4508 sed[5050]: user=salim_gheewalla password=HsUt6XkEN7K status=rejected
<32>Dec 17 17:49:19 turcotte2547 asperiores[1288]: The FTP sensor is down, hack the solid state card so we can synthesize the USB circuit!
<54>Dec 17 17:49:19 cummings2037 aut[1013]: Quantifying the interface won't do anything, we need to synthesize the online HDD port!
<99>Dec 17 17:49:23 gerhold4508 sed[5050]: user=arshad_somani password=wYAPJG0oEj status=rejected
<72>Dec 17 17:49:19 smith3371 animi[96]: If we compress the matrix, we can get to the XML application through the haptic RAM bus!
<99>Dec 17 17:49:21 gerhold4508 sed[5050]: user=zain_mitha password=12zzGseXzMBe status=rejected
<107>Dec 17 17:49:19 hauck6881 odit[8325]: We need to input the wireless JSON circuit!
<99>Dec 17 17:49:22 gerhold4508 sed[5050]: user=serena_tejani_rahemtulla password=ZLepUxmp9d status=rejected
<99>Dec 17 17:49:24 gerhold4508 sed[5050]: user=naveed_patel password=BGCpip6xvxs0 status=rejected
<183>Dec 17 17:49:19 koch4261 ipsa[9356]: Try to synthesize the PNG capacitor, maybe it will transmit the digital application!
<44>Dec 17 17:49:19 grady6216 et[1948]: I'Ll compress the mobile SAS bus, that should feed the SMS array!
<57>Dec 17 17:49:19 quigley6628 nihil[9510]: If we quantify the bandwidth, we can get to the XML card through the auxiliary SDD sensor!
<182>Dec 17 17:49:19 kling3363 omnis[4269]: I'Ll connect the mobile COM circuit, that should pixel the TCP matrix!
<133>Dec 17 17:49:19 heaney3183 maiores[1087]: We need to quantify the virtual TCP monitor!
<173>Dec 17 17:49:19 hahn2106 nobis[4162]: Use the optical CSS program, then you can reboot the bluetooth matrix!
<99>Dec 17 17:49:21 gerhold4508 sed[5050]: user=sam_k password=31E243yi status=rejected
<134>Dec 17 17:49:19 quitzon1812 est[5219]: Parsing the system won't do anything, we need to calculate the multi-byte USB hard drive!
<162>Dec 17 17:49:19 von4668 velit[7057]: The SCSI microchip is down, connect the virtual application so we can generate the USB matrix!
<53>Dec 17 17:49:19 schoen3705 expedita[2274]: Use the virtual JBOD hard drive, then you can index the online interface!
<21>Dec 17 17:49:19 sauer7677 et[1842]: If we override the panel, we can get to the TCP capacitor through the auxiliary GB bandwidth!
<125>Dec 17 17:49:19 fay6460 eum[969]: You can't override the interface without hacking the open-source THX system!
<29>Dec 17 17:49:19 mclaughlin3156 quia[548]: You can't input the card without copying the primary COM microchip!
<128>Dec 17 17:49:19 conroy5233 rem[4456]: Try to program the PNG hard drive, maybe it will connect the online alarm!
<78>Dec 17 17:49:19 herzog4800 vero[1141]: I'Ll calculate the 1080p SQL transmitter, that should microchip the XSS program!
<97>Dec 17 17:49:19 eichmann8521 consequatur[2589]: I'Ll generate the bluetooth SDD application, that should driver the SSL firewall!
<77>Dec 17 17:49:19 krajcik2814 non[5792]: We need to quantify the back-end PCI bandwidth!
<34>Dec 17 17:49:19 hoppe3125 occaecati[7416]: If we override the firewall, we can get to the EXE card through the digital SDD transmitter!
<159>Dec 17 17:49:19 russel3188 est[1660]: I'Ll input the bluetooth XSS card, that should bandwidth the SDD microchip!
<84>Dec 17 17:49:19 emard4683 dolorum[4185]: We need to parse the 1080p COM circuit!
<164>Dec 17 17:49:19 kuphal2530 officiis[8716]: The SSL sensor is down, input the multi-byte port so we can navigate the SDD hard drive!
<45>Dec 17 17:49:19 stamm1576 ut[2855]: Try to bypass the TCP microchip, maybe it will input the back-end application!
<21>Dec 17 17:49:19 bogan4843 ut[6165]: I'Ll calculate the online SMTP transmitter, that should firewall the EXE alarm!
<126>Dec 17 17:49:19 cremin4634 laborum[4126]: Try to quantify the SQL transmitter, maybe it will navigate the back-end feed!
<61>Dec 17 17:49:19 kutch1051 eaque[5096]: Use the back-end EXE card, then you can bypass the bluetooth driver!
<147>Dec 17 17:49:19 grady5522 non[2190]: You can't calculate the feed without hacking the multi-byte CSS panel!
<84>Dec 17 17:49:19 white8805 tempore[7882]: Quantifying the array won't do anything, we need to navigate the digital IB firewall!
<84>Dec 17 17:49:19 christiansen1278 laboriosam[7611]: Connecting the sensor won't do anything, we need to override the online SMS application!
<60>Dec 17 17:49:19 walter6124 reiciendis[4721]: We need to copy the online SAS alarm!
<99>Dec 17 17:49:24 gerhold4508 sed[5050]: user=hadi_ibrahimi password=A4QY9UQh status=rejected
<99>Dec 17 17:49:29 gerhold4508 sed[5050]: user=aly_ali password=YZMUMctPOW status=rejected
