<101>3 2025-12-17T17:49:18.791Z districttransform.info veritatis 6662 ID654 - Programming the firewall won't do anything, we need to hack the digital SDD firewall!
<54>2 2025-12-17T17:49:18.791Z dynamicbandwidth.org illo 6496 ID682 - I'Ll synthesize the 1080p IB capacitor, that should hard drive the SDD pixel!
<151>3 2025-12-17T17:49:18.791Z internalvertical.info voluptatem 3274 ID742 - You can't copy the bandwidth without connecting the optical TCP firewall!
<13>Dec 17 17:49:13 gateway authd[1000]: user=khizrali_kradiya password=Do8q1DSNapGasG status=rejected
<156>3 2025-12-17T17:49:18.791Z dynamicmethodologies.info iure 1917 ID207 - Transmitting the feed won't do anything, we need to copy the back-end XML microchip!
<13>Dec 17 17:49:16 gateway authd[1000]: user=zanir password=GYvZ7ZlQe97w status=rejected
<13>Dec 17 17:49:21 gateway authd[1000]: user=samir password=jcnYNeHvDO status=rejected
<12>2 2025-12-17T17:49:18.791Z forwardbricks-and-clicks.info doloribus 610 ID996 - The XML interface is down, bypass the solid state firewall so we can generate the ADP driver!
<171>1 2025-12-17T17:49:18.791Z investorrevolutionize.name mollitia 8345 ID193 - You can't override the feed without transmitting the online GB pixel!
<27>3 2025-12-17T17:49:18.791Z chiefnetworks.com quae 7166 ID211 - I'Ll override the open-source GB transmitter, that should bandwidth the GB feed!
<178>1 2025-12-17T17:49:18.791Z legacyintegrated.com labore 6197 ID608 - We need to back up the optical AGP system!
<13>Dec 17 17:49:24 gateway authd[1000]: user=roheen password=2USsO08w8uT status=rejected
<103>3 2025-12-17T17:49:18.791Z productintuitive.org quidem 8302 ID729 - Try to back up the PCI sensor, maybe it will calculate the virtual capacitor!
<13>Dec 17 17:49:25 gateway authd[1000]: user=shar password=Uv8ZeNx4p2 status=rejected
<107>3 2025-12-17T17:49:18.791Z globalmarkets.info ipsam 8091 ID359 - Quantifying the alarm won't do anything, we need to compress the open-source SDD protocol!
<150>1 2025-12-17T17:49:18.791Z customerbrand.net fuga 404 ID702 - You can't transmit the interface without generating the back-end AI application!
<13>Dec 17 17:49:30 gateway authd[1000]: user=aziz_kapadia password=qNCtpiznNJ status=rejected
<27>1 2025-12-17T17:49:18.791Z internaltransform.org veritatis 304 ID990 - Try to navigate the CSS hard drive, maybe it will compress the auxiliary sensor!
<13>Dec 17 17:49:32 gateway authd[1000]: user=mahek_ramzan password=Lv73l5D3 status=rejected
<131>3 2025-12-17T17:49:18.791Z leadgranular.biz maxime 7181 ID520 - We need to transmit the auxiliary JSON microchip!
<13>Dec 17 17:49:37 gateway authd[1000]: user=salim_notta password=iIq72o5YHqsDV status=rejected
<82>1 2025-12-17T17:49:18.791Z directrecontextualize.biz et 9534 ID89 - You can't parse the port without parsing the mobile PCI capacitor!
<13>Dec 17 17:49:42 gateway authd[1000]: user=roheen password=QmALY6Zf status=rejected
<14>2 2025-12-17T17:49:18.791Z internationalintuitive.info recusandae 3989 ID702 - Hacking the alarm won't do anything, we need to quantify the bluetooth XML circuit!
<124>2 2025-12-17T17:49:18.791Z customermorph.com unde 6361 ID425 - Synthesizing the system won't do anything, we need to quantify the back-end CSS monitor!
<118>3 2025-12-17T17:49:18.791Z dynamicincubate.io dolorum 5260 ID31 - You can't parse the program without compressing the primary PNG port!
<147>2 2025-12-17T17:49:18.791Z corporaterevolutionary.org delectus 5730 ID43 - Use the digital SMTP firewall, then you can hack the auxiliary pixel!
<30>3 2025-12-17T17:49:18.791Z forwardconvergence.io qui 3739 ID643 - If we hack the array, we can get to the CSS bus through the cross-platform COM circuit!
<191>2 2025-12-17T17:49:18.791Z districtsupply-chains.net voluptatem 3064 ID488 - Parsing the alarm won't do anything, we need to quantify the haptic SQL protocol!
<13>Dec 17 17:49:45 gateway authd[1000]: user=arwa password=6aGewVZBgY status=rejected
<13>Dec 17 17:49:48 gateway authd[1000]: user=mahek_ramzan password=dnEbU9qdk status=rejected
<140>2 2025-12-17T17:49:18.791Z leadweb-readiness.io similique 6123 ID180 - If we connect the firewall, we can get to the ADP sensor through the redundant SSL bandwidth!
<80>3 2025-12-17T17:49:18.791Z leadunleash.com facere 5849 ID682 - We need to copy the online SDD array!
<13>Dec 17 17:49:49 gateway authd[1000]: user=iliyan_momin password=nvcL08ydjuC status=rejected
<190>2 2025-12-17T17:49:18.791Z futuresynergistic.io fuga 134 ID335 - We need to synthesize the primary SAS monitor!
<87>2 2025-12-17T17:49:18.791Z seniore-enable.info voluptatem 7024 ID167 - I'Ll calculate the primary COM application, that should bus the XSS feed!
<142>1 2025-12-17T17:49:18.791Z dynamicredefine.info laudantium 1686 ID674 - We need to index the primary FTP bandwidth!
<100>3 2025-12-17T17:49:18.791Z leadeyeballs.net a 6808 ID723 - Programming the firewall won't do anything, we need to index the primary SMTP pixel!
<106>1 2025-12-17T17:49:18.791Z directplatforms.biz odit 4795 ID28 - You can't back up the pixel without connecting the haptic HTTP panel!
<142>3 2025-12-17T17:49:18.791Z humanreinvent.org qui 9444 ID810 - The HDD panel is down, bypass the solid state application so we can quantify the SMTP driver!
<130>1 2025-12-17T17:49:18.791Z customermaximize.biz qui 6245 ID560 - Indexing the circuit won't do anything, we need to override the redundant FTP capacitor!
<66>3 2025-12-17T17:49:18.791Z legacyexpedite.info dolores 1932 ID192 - I'Ll connect the auxiliary FTP circuit, that should application the SDD matrix!
<133>1 2025-12-17T17:49:18.791Z internalend-to-end.name ut 6185 ID151 - Use the redundant SCSI sensor, then you can copy the wireless firewall!
<166>2 2025-12-17T17:49:18.791Z investormission-critical.io voluptatum 9650 ID471 - The RAM monitor is down, copy the cross-platform interface so we can navigate the RSS circuit!
<175>1 2025-12-17T17:49:18.791Z seniorinfomediaries.biz iusto 454 ID957 - The RSS sensor is down, calculate the optical protocol so we can override the PCI hard drive!
<123>1 2025-12-17T17:49:18.791Z leadincentivize.com sunt 5645 ID402 - If we copy the bandwidth, we can get to the GB firewall through the open-source ADP pixel!
<30>1 2025-12-17T17:49:18.791Z seniorback-end.org dignissimos 3236 ID472 - You can't connect the protocol without backing up the solid state PNG array!
<129>2 2025-12-17T17:49:18.791Z investordeploy.name quam 2797 ID912 - I'Ll program the virtual PNG alarm, that should interface the PNG bandwidth!
<87>1 2025-12-17T17:49:18.791Z corporateholistic.biz fugiat 4789 ID136 - The SSL alarm is down, transmit the neural bus so we can parse the TCP firewall!
<48>3 2025-12-17T17:49:18.791Z districtsynergies.com cum 8298 ID609 - If we reboot the protocol, we can get to the ADP monitor through the optical AI array!
<103>2 2025-12-17T17:49:18.791Z humanback-end.org natus 6686 ID439 - I'Ll parse the digital XSS matrix, that should bandwidth the PCI driver!
<184>3 2025-12-17T17:49:18.791Z centralstrategic.net omnis 5698 ID325 - Backing up the firewall won't do anything, we need to index the haptic GB matrix!
<46>2 2025-12-17T17:49:18.791Z investorarchitectures.org voluptatum 5814 ID877 - Try to back up the AGP alarm, maybe it will bypass the auxiliary sensor!
<142>3 2025-12-17T17:49:18.791Z globalextensible.name eligendi 527 ID608 - You can't reboot the pixel without synthesizing the haptic FTP transmitter!
<13>Dec 17 17:49:53 gateway authd[1000]: user=arwa password=5HzenAVVK7Xtp2 status=rejected
<13>Dec 17 17:49:57 gateway authd[1000]: user=shahzeb_jiwani password=Xy4Y2FUs94QmLz status=rejected
<48>3 2025-12-17T17:49:18.791Z directredefine.io amet 1887 ID830 - We need to copy the optical SMS matrix!
<13>Dec 17 17:49:58 gateway authd[1000]: user=rozi password=H8uoJUIGCeU status=rejected
<163>2 2025-12-17T17:49:18.791Z investorkiller.info recusandae 8116 ID658 - Use the digital HDD circuit, then you can parse the digital feed!
<13>Dec 17 17:50:03 gateway authd[1000]: user=shahzeb_jiwani password=SKV2HXzJYQNQ status=rejected
<48>1 2025-12-17T17:49:18.791Z futurerich.name voluptates 894 ID882 - We need to quantify the virtual FTP transmitter!
<63>3 2025-12-17T17:49:18.791Z futurestrategic.info aut 4714 ID936 - The RAM monitor is down, generate the neural microchip so we can hack the PNG bus!
<13>Dec 17 17:50:04 gateway authd[1000]: user=samir password=KvJsCPZL status=rejected
<78>2 2025-12-17T17:49:18.791Z districtdisintermediate.com dolores 2749 ID932 - You can't input the program without indexing the multi-byte RSS system!
<150>2 2025-12-17T17:49:18.791Z investorcross-media.biz corporis 1855 ID363 - Calculating the firewall won't do anything, we need to connect the virtual RAM port!
<13>Dec 17 17:50:07 gateway authd[1000]: user=akber_hussain password=9Sbd7riMYVg status=rejected
<40>1 2025-12-17T17:49:18.791Z chiefdeliverables.biz incidunt 1725 ID502 - We need to input the mobile AGP feed!
<13>Dec 17 17:50:10 gateway authd[1000]: user=hadi_ibrahimi password=NkIZF0AT status=rejected
<23>2 2025-12-17T17:49:18.791Z nationalleverage.biz aut 6294 ID993 - Navigating the array won't do anything, we need to compress the redundant AI capacitor!
<27>3 2025-12-17T17:49:18.791Z principalone-to-one.name ullam 4148 ID751 - We need to copy the online IB bandwidth!
<124>1 2025-12-17T17:49:18.791Z legacyportals.org quia 8702 ID416 - We need to index the optical SQL alarm!
<60>3 2025-12-17T17:49:18.791Z directintuitive.biz doloribus 5074 ID325 - We need to reboot the wireless XML bus!
<187>1 2025-12-17T17:49:18.791Z dynamiccontent.biz doloremque 1808 ID412 - You can't quantify the transmitter without compressing the primary RSS program!
<13>Dec 17 17:50:14 gateway authd[1000]: user=ahil_hashim password=ckYzgD0KyVL7j status=rejected
<186>1 2025-12-17T17:49:18.791Z internationalengineer.name consequatur 7840 ID211 - I'Ll input the primary ADP bus, that should bus the USB application!
<26>2 2025-12-17T17:49:18.791Z legacyparadigms.com nostrum 9009 ID805 - You can't copy the hard drive without navigating the multi-byte PCI circuit!
<13>Dec 17 17:50:16 gateway authd[1000]: user=shar password=1QhQeLWXu46MQ status=rejected
<13>Dec 17 17:50:19 gateway authd[1000]: user=saurabh password=m34W9bBbv6du2C status=rejected
<115>3 2025-12-17T17:49:18.791Z globalwireless.org possimus 8842 ID243 - Use the redundant PCI interface, then you can generate the virtual matrix!
<116>2 2025-12-17T17:49:18.791Z corporatebricks-and-clicks.org architecto 190 ID570 - Try to calculate the TCP alarm, maybe it will quantify the back-end bus!
<184>1 2025-12-17T17:49:18.791Z centralmonetize.name et 9312 ID339 - Try to hack the EXE bandwidth, maybe it will compress the back-end bus!
<13>Dec 17 17:50:20 gateway authd[1000]: user=inara_rupani password=ZMMSdm0b status=rejected
<125>2 2025-12-17T17:49:18.791Z principalrelationships.biz repellat 2243 ID149 - Overriding the feed won't do anything, we need to hack the redundant SDD transmitter!
<73>1 2025-12-17T17:49:18.791Z productcross-media.net reprehenderit 195 ID460 - I'Ll program the cross-platform GB panel, that should application the ADP bandwidth!
<88>3 2025-12-17T17:49:18.791Z leadmaximize.io qui 919 ID237 - The JBOD application is down, connect the neural monitor so we can parse the HTTP feed!
<13>Dec 17 17:50:23 gateway authd[1000]: user=iliyan_momin password=a0ugBVgrDg2V5G status=rejected
<101>3 2025-12-17T17:49:18.791Z nationalexpedite.com reprehenderit 463 ID383 - I'Ll connect the cross-platform IB driver, that should feed the AI bandwidth!
<152>1 2025-12-17T17:49:18.791Z humanbricks-and-clicks.info quam 4371 ID678 - The SCSI firewall is down, input the multi-byte sensor so we can connect the SMTP transmitter!
<166>3 2025-12-17T17:49:18.791Z internalaggregate.org commodi 7692 ID81 - Try to connect the SMS circuit, maybe it will parse the haptic circuit!
<110>2 2025-12-17T17:49:18.791Z legacystrategic.io ullam 3207 ID402 - If we hack the interface, we can get to the RAM protocol through the online IB sensor!
<153>1 2025-12-17T17:49:18.791Z internationalvisualize.org dolor 1634 ID529 - We need to quantify the primary PCI sensor!
<30>2 2025-12-17T17:49:18.791Z districte-commerce.com adipisci 4106 ID177 - Use the primary ADP feed, then you can input the bluetooth matrix!
<76>2 2025-12-17T17:49:18.791Z seniormetrics.io eligendi 5102 ID810 - If we bypass the microchip, we can get to the SQL microchip through the multi-byte EXE circuit!
<13>Dec 17 17:50:28 gateway authd[1000]: user=amyn password=3TUgmKkyhTHsHp status=rejected
<67>1 2025-12-17T17:49:18.791Z forwardleverage.biz est 894 ID735 - Use the redundant EXE microchip, then you can index the online bus!
<13>Dec 17 17:50:29 gateway authd[1000]: user=aly_a password=NPboBstf status=rejected
<133>2 2025-12-17T17:49:18.791Z globalmindshare.io incidunt 6491 ID736 - You can't hack the capacitor without parsing the neural XML pixel!
<1>1 2025-12-17T17:49:18.791Z nationalrepurpose.org quas 253 ID628 - The SQL pixel is down, back up the mobile panel so we can generate the JSON alarm!
<13>Dec 17 17:50:33 gateway authd[1000]: user=amyn password=Yp8O1eJxFt status=rejected
<13>Dec 17 17:50:34 gateway authd[1000]: user=arwa password=nmkZ0DqqES status=rejected
<175>3 2025-12-17T17:49:18.791Z regionaldynamic.io consequuntur 2123 ID585 - Use the back-end HDD system, then you can transmit the back-end bandwidth!
<159>1 2025-12-17T17:49:18.791Z corporatemaximize.name eos 1632 ID512 - I'Ll back up the multi-byte THX transmitter, that should protocol the SMTP transmitter!
<52>2 2025-12-17T17:49:18.791Z forwardwhiteboard.io maiores 9402 ID774 - Try to navigate the XSS firewall, maybe it will generate the open-source interface!
<0>2 2025-12-17T17:49:18.791Z productstreamline.com voluptatem 1011 ID979 - If we copy the application, we can get to the XSS program through the digital HTTP array!
<53>2 2025-12-17T17:49:18.791Z regionalholistic.net in 7604 ID590 - We need to index the open-source AGP driver!
<2>1 2025-12-17T17:49:18.791Z internalinnovative.name repellat 5108 ID961 - Navigating the array won't do anything, we need to reboot the mobile EXE interface!
<89>3 2025-12-17T17:49:18.791Z forwardorchestrate.info eos 4057 ID11 - You can't input the pixel without parsing the online SQL alarm!
<13>Dec 17 17:50:38 gateway authd[1000]: user=fayyaz_makhani password=gDxbRdZNR status=rejected
<101>3 2025-12-17T17:49:18.791Z dynamicembrace.info error 5319 ID555 - Copying the pixel won't do anything, we need to copy the redundant AI microchip!
<14>3 2025-12-17T17:49:18.791Z investormetrics.biz qui 419 ID10 - If we navigate the bus, we can get to the JSON transmitter through the haptic PNG bandwidth!
<107>2 2025-12-17T17:49:18.791Z productsynergies.net non 2081 ID796 - We need to index the mobile HTTP matrix!
<26>2 2025-12-17T17:49:18.791Z nationale-business.name facere 6972 ID313 - Backing up the bandwidth won't do anything, we need to reboot the primary USB monitor!
<102>2 2025-12-17T17:49:18.791Z humanmindshare.name qui 177 ID977 - The ADP application is down, copy the digital sensor so we can synthesize the HTTP application!
<68>2 2025-12-17T17:49:18.791Z productproductize.com commodi 3624 ID639 - The SAS monitor is down, quantify the virtual microchip so we can program the SQL protocol!
<13>Dec 17 17:50:40 gateway authd[1000]: user=saurabh password=GIIOtt8sQ9Ro status=rejected
<13>Dec 17 17:50:45 gateway authd[1000]: user=fayyaz_makhani password=y5Dd4ySqxWp status=rejected
<179>1 2025-12-17T17:49:18.791Z dynamicmission-critical.info quidem 9336 ID518 - If we bypass the pixel, we can get to the SCSI driver through the back-end THX transmitter!
<13>Dec 17 17:50:50 gateway authd[1000]: user=samir password=BrALbS0RemFLV status=rejected
<13>Dec 17 17:50:54 gateway authd[1000]: user=alymuhammad_bijani password=OKGWEw5JhftkO4 status=rejected
<119>1 2025-12-17T17:49:18.791Z leadback-end.net ratione 8043 ID535 - We need to parse the multi-byte AI feed!
<101>2 2025-12-17T17:49:18.791Z futuree-enable.biz quo 4655 ID882 - Use the wireless TCP transmitter, then you can compress the cross-platform application!
<9>1 2025-12-17T17:49:18.791Z regionalwireless.net modi 5143 ID334 - Connecting the sensor won't do anything, we need to program the digital ADP capacitor!
<13>Dec 17 17:50:59 gateway authd[1000]: user=alnoor_ladak password=3sjNBPdFe status=rejected
<173>3 2025-12-17T17:49:18.791Z regionalsupply-chains.io commodi 4126 ID703 - If we synthesize the sensor, we can get to the SSL sensor through the neural SQL bus!
<13>Dec 17 17:51:04 gateway authd[1000]: user=farez_vadsaria password=RlbTdeCAjr status=rejected
<13>Dec 17 17:51:08 gateway authd[1000]: user=roheen password=89SP14XEuMbQ status=rejected
<93>3 2025-12-17T17:49:18.791Z productproactive.name labore 5077 ID85 - You can't generate the microchip without transmitting the redundant SCSI card!
<49>3 2025-12-17T17:49:18.791Z seniorevolve.io dolorem 47 ID730 - If we transmit the panel, we can get to the HDD array through the open-source SDD monitor!
<14>2 2025-12-17T17:49:18.791Z dynamiccollaborative.net nihil 4632 ID267 - I'Ll hack the digital JBOD circuit, that should monitor the SCSI card!
<13>Dec 17 17:51:09 gateway authd[1000]: user=ayaan_ajaney password=uQHSqiZlzEAqmt status=rejected
<134>3 2025-12-17T17:49:18.791Z futureback-end.com rem 9373 ID86 - Try to parse the RAM feed, maybe it will synthesize the wireless array!
<13>Dec 17 17:51:14 gateway authd[1000]: user=mahek_ramzan password=4si8Wy5uJ9x status=rejected
<63>2 2025-12-17T17:49:18.791Z chiefimplement.net est 9233 ID229 - Use the primary EXE bandwidth, then you can index the neural protocol!
<73>2 2025-12-17T17:49:18.791Z districtcross-media.info praesentium 6178 ID314 - Backing up the bus won't do anything, we need to reboot the cross-platform IB alarm!
<64>1 2025-12-17T17:49:18.791Z corporatedistributed.com hic 9912 ID925 - Compressing the feed won't do anything, we need to navigate the bluetooth SMTP card!
<45>2 2025-12-17T17:49:18.791Z dynamicdrive.name voluptatem 8170 ID932 - Try to index the FTP microchip, maybe it will navigate the mobile feed!
<99>1 2025-12-17T17:49:18.791Z investorscalable.net numquam 8273 ID117 - If we transmit the firewall, we can get to the SMTP alarm through the back-end SDD microchip!
<13>Dec 17 17:51:18 gateway authd[1000]: user=alnoor_ladak password=sh3wvFfWSXkYVy status=rejected
<145>3 2025-12-17T17:49:18.791Z dynamicbricks-and-clicks.com ducimus 1535 ID384 - Use the primary SCSI driver, then you can compress the bluetooth feed!
<13>Dec 17 17:51:19 gateway authd[1000]: user=ahil_hashim password=pRFvG8Da7k3IJT status=rejected
<13>Dec 17 17:51:22 gateway authd[1000]: user=farez_vadsaria password=4NEyQVBgXdyy status=rejected
<158>1 2025-12-17T17:49:18.791Z dynamicsexy.info qui 7221 ID735 - Try to override the CSS circuit, maybe it will generate the optical driver!
<78>3 2025-12-17T17:49:18.791Z globaltarget.info cupiditate 9321 ID482 - You can't quantify the panel without compressing the mobile XML panel!
<123>2 2025-12-17T17:49:18.791Z directrevolutionize.net porro 2912 ID470 - We need to back up the haptic THX alarm!
<38>1 2025-12-17T17:49:18.791Z dynamicfront-end.biz vel 6717 ID297 - Use the redundant XML monitor, then you can hack the auxiliary sensor!
<13>2 2025-12-17T17:49:18.791Z internaltransform.io ipsa 2667 ID686 - Try to compress the SMTP card, maybe it will override the online application!
<13>Dec 17 17:51:23 gateway authd[1000]: user=salim_notta password=niD0Yrjc status=rejected
<13>Dec 17 17:51:26 gateway authd[1000]: user=zanir password=hv2dftidnx status=rejected
<158>2 2025-12-17T17:49:18.791Z humanstreamline.info quia 2003 ID861 - Try to calculate the JSON hard drive, maybe it will hack the digital transmitter!
<51>2 2025-12-17T17:49:18.791Z regionalvertical.com quo 2079 ID49 - Programming the protocol won't do anything, we need to index the neural FTP bandwidth!
<69>3 2025-12-17T17:49:18.791Z chiefscalable.net error 4132 ID654 - Try to bypass the IB transmitter, maybe it will reboot the digital bandwidth!
<17>3 2025-12-17T17:49:18.791Z nationaliterate.net neque 4559 ID694 - Use the primary PCI bus, then you can hack the digital circuit!
<167>1 2025-12-17T17:49:18.791Z customernext-generation.com quae 12 ID955 - The IB protocol is down, index the neural matrix so we can hack the FTP card!
<13>Dec 17 17:51:31 gateway authd[1000]: user=fayyaz_makhani password=zcwnwU6nLiWNL status=rejected
<13>Dec 17 17:51:36 gateway authd[1000]: user=farid_merchant password=uIOaF2gI33 status=rejected
<13>Dec 17 17:51:41 gateway authd[1000]: user=khizrali_kradiya password=wEaoIeQyKPK status=rejected
<13>Dec 17 17:51:43 gateway authd[1000]: user=saurabh password=P7cTmUI03Yi status=rejected
<13>Dec 17 17:51:44 gateway authd[1000]: user=manisha_hirani password=bQeReS6rYk2m4x status=rejected
<72>1 2025-12-17T17:49:18.791Z dynamictransition.name quae 6428 ID459 - If we bypass the matrix, we can get to the SSL transmitter through the cross-platform GB driver!
<171>3 2025-12-17T17:49:18.791Z futureenhance.info quibusdam 6752 ID911 - Use the solid state TCP matrix, then you can copy the redundant capacitor!
<13>Dec 17 17:51:48 gateway authd[1000]: user=aziz_kapadia password=fQcsSUpGg8Z status=rejected
<7>3 2025-12-17T17:49:18.791Z seniorb2b.net voluptatem 8093 ID818 - We need to bypass the haptic SAS capacitor!
<13>Dec 17 17:51:51 gateway authd[1000]: user=michelle_hirani_khoja password=DzlHf1JizW7Q status=rejected
<13>Dec 17 17:51:55 gateway authd[1000]: user=iliyan_momin password=inkQKwGyP status=rejected
<188>1 2025-12-17T17:49:18.791Z internationalsynergize.net enim 6776 ID441 - I'Ll input the mobile SCSI bus, that should system the PNG sensor!
<80>1 2025-12-17T17:49:18.791Z dynamicback-end.com earum 1998 ID600 - If we reboot the interface, we can get to the EXE microchip through the cross-platform SSL bandwidth!
<13>Dec 17 17:51:56 gateway authd[1000]: user=hadi_ibrahimi password=qEznDRt5 status=rejected
<112>2 2025-12-17T17:49:18.791Z investorwhiteboard.io consequatur 8418 ID180 - Overriding the protocol won't do anything, we need to compress the multi-byte SQL panel!
<148>1 2025-12-17T17:49:18.791Z internalrich.org nostrum 8913 ID224 - If we navigate the driver, we can get to the PCI circuit through the solid state AGP card!
<13>Dec 17 17:51:57 gateway authd[1000]: user=akber_hussain password=ek1Jr5pIDoCuX status=rejected
<191>3 2025-12-17T17:49:18.791Z nationale-commerce.info assumenda 454 ID734 - The USB firewall is down, compress the open-source bus so we can copy the SCSI hard drive!
<136>1 2025-12-17T17:49:18.791Z forwarde-services.io voluptatum 752 ID866 - Try to parse the XSS transmitter, maybe it will synthesize the redundant capacitor!
<72>2 2025-12-17T17:49:18.791Z seniorwireless.biz explicabo 4647 ID514 - Try to program the CSS bandwidth, maybe it will back up the auxiliary driver!
<52>2 2025-12-17T17:49:18.791Z chiefsexy.io ex 622 ID22 - If we override the interface, we can get to the RSS array through the open-source SAS matrix!
<13>Dec 17 17:51:59 gateway authd[1000]: user=khizrali_kradiya password=omu8hEJb4G status=rejected
<124>2 2025-12-17T17:49:18.791Z internaluser-centric.name quis 4308 ID741 - Use the optical JSON feed, then you can bypass the back-end port!
<13>Dec 17 17:52:04 gateway authd[1000]: user=akber_hussain password=ZeeDuNuXYBEYw status=rejected
<116>1 2025-12-17T17:49:18.791Z national24/365.org harum 7469 ID351 - Parsing the monitor won't do anything, we need to copy the digital JSON bandwidth!
<139>3 2025-12-17T17:49:18.791Z humanweb-enabled.biz dolor 937 ID619 - If we reboot the system, we can get to the RSS interface through the 1080p HDD firewall!
<33>2 2025-12-17T17:49:18.791Z legacyinnovate.name in 4010 ID447 - Parsing the program won't do anything, we need to quantify the neural XML protocol!
<41>2 2025-12-17T17:49:18.791Z centraldisintermediate.com repellendus 7717 ID374 - We need to parse the open-source HDD array!
<13>Dec 17 17:52:05 gateway authd[1000]: user=zanir password=fpRkRAGuQKsMb status=rejected
<13>Dec 17 17:52:09 gateway authd[1000]: user=manisha_hirani password=uY5QHvFhA75rFc status=rejected
<184>1 2025-12-17T17:49:18.791Z nationalparadigms.biz eaque 1834 ID450 - You can't quantify the circuit without synthesizing the multi-byte SQL microchip!
<6>2 2025-12-17T17:49:18.791Z leadkiller.name beatae 5335 ID527 - You can't override the sensor without hacking the wireless GB bandwidth!
<21>1 2025-12-17T17:49:18.791Z customerviral.com culpa 3793 ID576 - The HTTP protocol is down, override the 1080p protocol so we can copy the AGP sensor!
<86>3 2025-12-17T17:49:18.791Z districtuser-centric.com iure 6820 ID162 - Try to generate the HDD alarm, maybe it will parse the mobile circuit!
<97>1 2025-12-17T17:49:18.791Z dynamicgranular.biz aliquam 509 ID572 - You can't input the feed without navigating the digital HDD bus!
<72>2 2025-12-17T17:49:18.791Z principalredefine.io natus 5530 ID334 - If we transmit the transmitter, we can get to the RAM bandwidth through the neural HDD bandwidth!
<142>2 2025-12-17T17:49:18.791Z humanvisionary.name commodi 3769 ID305 - You can't back up the sensor without calculating the open-source SAS driver!
<186>1 2025-12-17T17:49:18.791Z internalintegrate.com ut 6298 ID620 - Use the mobile EXE protocol, then you can quantify the optical capacitor!
<173>3 2025-12-17T17:49:18.791Z corporatecross-media.org perferendis 2996 ID446 - The JBOD feed is down, transmit the primary protocol so we can bypass the TCP capacitor!
<144>3 2025-12-17T17:49:18.791Z futuredrive.net rerum 5622 ID41 - If we synthesize the hard drive, we can get to the XSS circuit through the redundant XML bus!
<10>1 2025-12-17T17:49:18.791Z productproductize.biz sunt 4681 ID810 - The XML bus is down, hack the redundant panel so we can program the HTTP panel!
<128>2 2025-12-17T17:49:18.791Z internationalweb services.name at 8505 ID342 - Overriding the program won't do anything, we need to copy the back-end SSL array!
<185>3 2025-12-17T17:49:18.791Z corporatedrive.net magni 4837 ID358 - Try to synthesize the SMS system, maybe it will calculate the solid state bus!
<132>3 2025-12-17T17:49:18.791Z centralcommunities.org dolores 415 ID188 - We need to bypass the online SSL bandwidth!
<88>1 2025-12-17T17:49:18.791Z futuremetrics.biz qui 6338 ID327 - Synthesizing the feed won't do anything, we need to bypass the optical GB feed!
<13>Dec 17 17:52:12 gateway authd[1000]: user=alymuhammad_bijani password=Qgz6aVJNyH status=rejected
<153>3 2025-12-17T17:49:18.791Z directglobal.org ratione 5002 ID737 - I'Ll input the bluetooth THX pixel, that should bandwidth the HTTP hard drive!
<152>2 2025-12-17T17:49:18.791Z nationalsupply-chains.net nobis 2509 ID503 - The AGP port is down, navigate the optical port so we can program the PCI bus!
<103>3 2025-12-17T17:49:18.791Z regionalusers.org ipsa 8303 ID732 - Try to connect the AI card, maybe it will generate the mobile panel!
<75>3 2025-12-17T17:49:18.791Z investorviral.biz odit 8934 ID970 - If we transmit the capacitor, we can get to the GB bus through the solid state XML monitor!
<91>3 2025-12-17T17:49:18.791Z productbenchmark.biz totam 2349 ID408 - Use the optical SMTP pixel, then you can back up the multi-byte pixel!
<77>2 2025-12-17T17:49:18.791Z humanrich.org porro 8648 ID270 - Try to back up the AGP protocol, maybe it will quantify the mobile matrix!
<74>3 2025-12-17T17:49:18.791Z chieffrictionless.info ullam 8937 ID791 - Try to copy the AI bus, maybe it will parse the virtual program!
<13>Dec 17 17:52:14 gateway authd[1000]: user=michelle_hirani_khoja password=Z9eiTMVPQ status=rejected
<13>Dec 17 17:52:16 gateway authd[1000]: user=salim_notta password=HvbCjlBhMo status=rejected
<61>1 2025-12-17T17:49:18.791Z leadinitiatives.name dignissimos 6222 ID176 - We need to index the wireless PCI panel!
<159>3 2025-12-17T17:49:18.791Z customercross-platform.biz aut 936 ID814 - The SSL circuit is down, program the neural hard drive so we can transmit the FTP capacitor!
<99>3 2025-12-17T17:49:18.791Z nationalstrategic.com non 6625 ID743 - Try to bypass the IB bandwidth, maybe it will parse the solid state microchip!
<117>2 2025-12-17T17:49:18.791Z internationale-services.org et 6952 ID748 - If we parse the port, we can get to the HDD transmitter through the redundant RSS pixel!
<18>2 2025-12-17T17:49:18.791Z globalmodels.info sunt 3144 ID272 - You can't index the pixel without compressing the virtual EXE firewall!
<159>1 2025-12-17T17:49:18.791Z chiefproactive.name nihil 1434 ID375 - Calculating the feed won't do anything, we need to bypass the online HTTP firewall!
<39>1 2025-12-17T17:49:18.791Z districtapplications.org amet 492 ID474 - The SAS application is down, parse the digital firewall so we can connect the SSL feed!
<13>Dec 17 17:52:18 gateway authd[1000]: user=manisha_hirani password=E6kHlkdVfejV status=rejected
<70>2 2025-12-17T17:49:18.791Z districtdrive.name eligendi 1443 ID625 - Use the auxiliary PNG monitor, then you can reboot the open-source bandwidth!
<93>1 2025-12-17T17:49:18.791Z futureexperiences.biz modi 8923 ID47 - You can't copy the pixel without synthesizing the back-end SSL array!
<104>1 2025-12-17T17:49:18.791Z chiefrelationships.biz id 5713 ID878 - We need to compress the virtual SQL bandwidth!
<23>2 2025-12-17T17:49:18.791Z centralcross-platform.com ut 3625 ID657 - You can't navigate the matrix without copying the auxiliary XML array!
<13>3 2025-12-17T17:49:18.791Z globalchannels.biz voluptatem 7739 ID655 - You can't program the pixel without parsing the back-end ADP application!
<13>Dec 17 17:52:19 gateway authd[1000]: user=aziz_kapadia password=CJfMV2n0aQoM status=rejected
<13>Dec 17 17:52:23 gateway authd[1000]: user=rozi password=hSVDMRk6 status=rejected
<57>1 2025-12-17T17:49:18.791Z humanbricks-and-clicks.net reprehenderit 1568 ID723 - I'Ll copy the online XML bandwidth, that should matrix the RAM hard drive!
<7>3 2025-12-17T17:49:18.791Z districtniches.org est 6724 ID69 - Calculating the panel won't do anything, we need to connect the open-source SMTP capacitor!
<78>3 2025-12-17T17:49:18.791Z globaldot-com.info est 3351 ID163 - You can't override the protocol without generating the online HDD sensor!
<13>Dec 17 17:52:27 gateway authd[1000]: user=rozi password=sVIk396qd status=rejected
<88>3 2025-12-17T17:49:18.791Z districtbandwidth.io facilis 3971 ID667 - If we compress the array, we can get to the SCSI alarm through the haptic RSS sensor!
<177>2 2025-12-17T17:49:18.791Z dynamiccustomized.com dolores 8653 ID551 - I'Ll reboot the virtual HTTP bandwidth, that should feed the SAS bus!
<14>2 2025-12-17T17:49:18.791Z humanarchitectures.net et 4148 ID468 - We need to bypass the back-end FTP microchip!
<27>1 2025-12-17T17:49:18.791Z districtgrow.info aut 7931 ID592 - You can't copy the bus without hacking the online EXE alarm!
<176>1 2025-12-17T17:49:18.791Z legacycommunities.org nihil 281 ID146 - You can't program the monitor without bypassing the auxiliary SMTP circuit!
<152>2 2025-12-17T17:49:18.791Z directe-tailers.org fugit 856 ID172 - I'Ll back up the solid state PCI interface, that should capacitor the AGP system!
<106>3 2025-12-17T17:49:18.791Z districtoptimize.name nesciunt 1278 ID787 - You can't reboot the transmitter without hacking the virtual SMTP firewall!
<127>1 2025-12-17T17:49:18.791Z corporateweb-enabled.biz velit 2913 ID647 - Use the primary XSS alarm, then you can index the open-source microchip!
<13>Dec 17 17:52:30 gateway authd[1000]: user=hadi_ibrahimi password=3gv324MyhHo status=rejected
<90>3 2025-12-17T17:49:18.791Z directrevolutionary.com perferendis 3568 ID220 - If we hack the pixel, we can get to the PCI application through the multi-byte PNG array!
<111>2 2025-12-17T17:49:18.791Z internationaldeploy.biz aut 5088 ID966 - If we synthesize the application, we can get to the HDD matrix through the multi-byte ADP interface!
<13>Dec 17 17:52:34 gateway authd[1000]: user=raheel password=p6DOS9pS8t86C status=rejected
<42>2 2025-12-17T17:49:18.791Z futureweb-readiness.biz asperiores 5427 ID765 - The HTTP driver is down, bypass the redundant hard drive so we can copy the PNG array!
<13>Dec 17 17:52:36 gateway authd[1000]: user=hussein_din password=n19FqJkSL status=rejected
<13>Dec 17 17:52:37 gateway authd[1000]: user=hussein_din password=rcLnxkCAA0mz status=rejected
<68>1 2025-12-17T17:49:18.791Z corporatenext-generation.io occaecati 9433 ID104 - We need to navigate the auxiliary JSON card!
<151>2 2025-12-17T17:49:18.791Z districtincubate.io et 3454 ID831 - If we calculate the alarm, we can get to the COM sensor through the multi-byte SQL application!
<13>Dec 17 17:52:42 gateway authd[1000]: user=farid_merchant password=0wD0BxYsKXP status=rejected
<54>1 2025-12-17T17:49:18.791Z customerexpedite.com fugit 2978 ID312 - Use the 1080p GB protocol, then you can bypass the online matrix!
<162>1 2025-12-17T17:49:18.791Z investorparadigms.io repellendus 2609 ID630 - Try to program the EXE bus, maybe it will calculate the optical firewall!
<173>1 2025-12-17T17:49:18.791Z directorchestrate.com alias 7485 ID552 - You can't input the firewall without calculating the digital EXE transmitter!
<191>1 2025-12-17T17:49:18.791Z corporatee-enable.info sit 2608 ID592 - Use the open-source SCSI application, then you can quantify the mobile pixel!
<56>3 2025-12-17T17:49:18.791Z dynamicdeploy.io et 9416 ID973 - Quantifying the matrix won't do anything, we need to calculate the neural THX firewall!
<82>3 2025-12-17T17:49:18.791Z principalglobal.net ea 1927 ID169 - You can't reboot the interface without compressing the multi-byte JSON bandwidth!
<148>1 2025-12-17T17:49:18.791Z dynamicenhance.net sequi 970 ID374 - Navigating the application won't do anything, we need to generate the multi-byte ADP protocol!
<124>3 2025-12-17T17:49:18.791Z investorextensible.io quis 362 ID880 - Overriding the system won't do anything, we need to bypass the solid state SQL port!
<33>3 2025-12-17T17:49:18.791Z nationalmaximize.io exercitationem 2526 ID373 - Generating the interface won't do anything, we need to bypass the cross-platform RAM monitor!
<143>2 2025-12-17T17:49:18.791Z directrobust.biz quis 7698 ID233 - Programming the matrix won't do anything, we need to reboot the auxiliary SMS transmitter!
<58>2 2025-12-17T17:49:18.791Z forwardintegrated.info et 9963 ID64 - Overriding the panel won't do anything, we need to bypass the auxiliary FTP hard drive!
<58>2 2025-12-17T17:49:18.791Z principalwhiteboard.biz modi 5126 ID76 - We need to copy the cross-platform SDD transmitter!
<164>2 2025-12-17T17:49:18.791Z globalleading-edge.biz at 9981 ID319 - Synthesizing the microchip won't do anything, we need to navigate the bluetooth AI array!
<13>Dec 17 17:52:43 gateway authd[1000]: user=shahzeb_jiwani password=kRn8KhLak7bR1 status=rejected
<13>Dec 17 17:52:45 gateway authd[1000]: user=raheel password=bTSIH5uJ status=rejected
<13>Dec 17 17:52:50 gateway authd[1000]: user=raheel password=woQd3qT5fce status=rejected
<20>2 2025-12-17T17:49:18.791Z forwardbandwidth.org ratione 4827 ID76 - The THX bandwidth is down, calculate the wireless transmitter so we can hack the HDD capacitor!
<13>Dec 17 17:52:53 gateway authd[1000]: user=alymuhammad_bijani password=PztF8oUylXJY status=rejected
<166>1 2025-12-17T17:49:18.791Z centralvortals.io doloribus 5949 ID712 - You can't calculate the application without indexing the auxiliary ADP transmitter!
<78>3 2025-12-17T17:49:18.791Z futureschemas.info id 3098 ID736 - Transmitting the sensor won't do anything, we need to override the 1080p HDD hard drive!
<136>1 2025-12-17T17:49:18.791Z legacyweb-readiness.com velit 8203 ID332 - Use the haptic HDD sensor, then you can synthesize the multi-byte sensor!
<80>1 2025-12-17T17:49:18.791Z chiefinterfaces.net eveniet 5200 ID444 - I'Ll connect the redundant JBOD matrix, that should array the TCP hard drive!
<152>3 2025-12-17T17:49:18.791Z investorone-to-one.net nemo 6350 ID994 - Try to input the USB card, maybe it will input the bluetooth pixel!
<13>Dec 17 17:52:57 gateway authd[1000]: user=amyn password=p5EFGNO4 status=rejected
<149>3 2025-12-17T17:49:18.791Z directmindshare.com quos 6667 ID692 - We need to bypass the haptic SCSI bus!
<142>3 2025-12-17T17:49:18.791Z directinteractive.net dicta 5397 ID246 - If we reboot the alarm, we can get to the HDD protocol through the haptic IB monitor!
<159>2 2025-12-17T17:49:18.791Z principaltransparent.io dolores 5174 ID755 - We need to copy the cross-platform SSL application!
<52>2 2025-12-17T17:49:18.791Z leadweb-readiness.io facere 6029 ID132 - Use the bluetooth SCSI card, then you can bypass the haptic bandwidth!
<77>3 2025-12-17T17:49:18.791Z internationalintegrated.biz ut 4881 ID714 - Use the optical SMS program, then you can generate the wireless program!
<0>3 2025-12-17T17:49:18.791Z nationalworld-class.com provident 7112 ID191 - The HDD transmitter is down, compress the bluetooth transmitter so we can calculate the RAM firewall!
<9>1 2025-12-17T17:49:18.791Z investorbandwidth.biz autem 286 ID164 - Try to program the XSS program, maybe it will transmit the mobile interface!
<189>3 2025-12-17T17:49:18.791Z chiefcross-media.io quisquam 8441 ID892 - I'Ll override the haptic GB application, that should bandwidth the JBOD bandwidth!
<127>1 2025-12-17T17:49:18.791Z dynamicrecontextualize.org similique 6403 ID624 - You can't copy the card without connecting the 1080p JSON system!
<184>1 2025-12-17T17:49:18.791Z legacysticky.io quis 5557 ID484 - I'Ll bypass the solid state PNG matrix, that should matrix the SAS matrix!
<13>Dec 17 17:53:01 gateway authd[1000]: user=ahil_hashim password=Uz7gDg8Gxwczg6 status=rejected
<13>Dec 17 17:53:06 gateway authd[1000]: user=michelle_hirani_khoja password=kzXV5ffv status=rejected
<77>3 2025-12-17T17:49:18.791Z humanroi.org quia 1954 ID722 - Transmitting the array won't do anything, we need to compress the online SDD capacitor!
<128>2 2025-12-17T17:49:18.791Z dynamickiller.io praesentium 506 ID217 - Use the virtual XSS application, then you can index the digital sensor!
<2>2 2025-12-17T17:49:18.791Z regionalreal-time.com omnis 839 ID367 - Try to generate the RSS firewall, maybe it will generate the back-end interface!
<91>2 2025-12-17T17:49:18.791Z internale-markets.name culpa 4983 ID805 - You can't generate the sensor without calculating the online IB port!
<109>3 2025-12-17T17:49:18.791Z humansyndicate.name cupiditate 9289 ID222 - The XML feed is down, bypass the open-source microchip so we can synthesize the HTTP circuit!
<13>Dec 17 17:53:09 gateway authd[1000]: user=asad password=T7TTtiYsP status=rejected
<23>2 2025-12-17T17:49:18.791Z nationalcompelling.name id 9597 ID748 - I'Ll synthesize the haptic AGP driver, that should microchip the AI capacitor!
<13>Dec 17 17:53:11 gateway authd[1000]: user=aly_a password=opldMTpFtkKCcb status=rejected
<13>Dec 17 17:53:14 gateway authd[1000]: user=farid_merchant password=aTfnWEm70WU8 status=rejected
<13>Dec 17 17:53:19 gateway authd[1000]: user=asad password=0rqiIm23AuSv status=rejected
<113>3 2025-12-17T17:49:18.791Z nationalcross-media.com laudantium 460 ID453 - Try to bypass the XSS panel, maybe it will quantify the 1080p array!
<66>3 2025-12-17T17:49:18.791Z futureglobal.info saepe 4081 ID768 - The SDD bandwidth is down, parse the back-end port so we can navigate the JBOD microchip!
<41>1 2025-12-17T17:49:18.791Z globalfacilitate.info impedit 2189 ID553 - Use the primary RAM program, then you can override the neural bus!
<133>3 2025-12-17T17:49:18.791Z directrevolutionary.net quos 6550 ID290 - Navigating the capacitor won't do anything, we need to generate the back-end PCI card!
<163>2 2025-12-17T17:49:18.791Z centralvortals.name nesciunt 4487 ID323 - We need to index the bluetooth SQL feed!
<129>1 2025-12-17T17:49:18.791Z customercross-media.info provident 8304 ID926 - We need to quantify the back-end USB bus!
<93>1 2025-12-17T17:49:18.791Z dynamicinterfaces.info sint 5635 ID498 - If we hack the bus, we can get to the COM matrix through the haptic SDD matrix!
<74>3 2025-12-17T17:49:18.791Z districte-enable.biz eos 644 ID34 - You can't generate the transmitter without programming the digital FTP microchip!
<111>2 2025-12-17T17:49:18.791Z nationalmethodologies.biz sit 777 ID970 - I'Ll index the 1080p PNG circuit, that should monitor the EXE protocol!
<13>Dec 17 17:53:23 gateway authd[1000]: user=hussein_din password=LKDNawNoV1 status=rejected
<110>2 2025-12-17T17:49:18.791Z globalvisualize.io iusto 2929 ID769 - I'Ll parse the 1080p SMTP bandwidth, that should protocol the AI bandwidth!
<164>1 2025-12-17T17:49:18.791Z customermission-critical.net cum 7854 ID531 - I'Ll override the multi-byte PNG capacitor, that should interface the SQL feed!
<13>Dec 17 17:53:25 gateway authd[1000]: user=shar password=bvDZc9WX60D3l8 status=rejected
<13>Dec 17 17:53:26 gateway authd[1000]: user=ayaan_ajaney password=H3Z3XWGd status=rejected
<13>Dec 17 17:53:31 gateway authd[1000]: user=inara_rupani password=BSzQFGh7acp08 status=rejected
<13>Dec 17 17:53:33 gateway authd[1000]: user=asad password=BjqMreqazB9ZFp status=rejected
<113>3 2025-12-17T17:49:18.791Z leadapplications.net et 6037 ID178 - If we transmit the monitor, we can get to the AGP system through the auxiliary SMTP panel!
<55>3 2025-12-17T17:49:18.791Z nationalscale.info consequatur 1070 ID303 - Try to synthesize the USB bandwidth, maybe it will navigate the auxiliary capacitor!
<13>Dec 17 17:53:38 gateway authd[1000]: user=alnoor_ladak password=lBM8NB2tMP status=rejected
<13>Dec 17 17:53:39 gateway authd[1000]: user=ayaan_ajaney password=xIthQTPggt5jw status=rejected
<166>1 2025-12-17T17:49:18.791Z chieftransparent.io eos 6053 ID683 - Use the online AI alarm, then you can override the open-source driver!
<61>1 2025-12-17T17:49:18.791Z principalback-end.info ratione 7735 ID991 - Try to connect the SDD bus, maybe it will override the redundant driver!
<48>3 2025-12-17T17:49:18.791Z futureplug-and-play.biz harum 7539 ID851 - Compressing the circuit won't do anything, we need to reboot the cross-platform GB sensor!
<13>Dec 17 17:53:42 gateway authd[1000]: user=farez_vadsaria password=widvv43Hy status=rejected
<157>3 2025-12-17T17:49:18.791Z leadengineer.com rerum 8389 ID451 - Try to calculate the JSON monitor, maybe it will index the 1080p microchip!
<118>3 2025-12-17T17:49:18.791Z internationale-services.info pariatur 5616 ID20 - I'Ll bypass the haptic AI feed, that should driver the IB transmitter!
<160>3 2025-12-17T17:49:18.791Z chiefb2b.net et 7720 ID250 - You can't compress the panel without bypassing the mobile SCSI hard drive!
<97>1 2025-12-17T17:49:18.791Z productreal-time.name doloremque 3180 ID658 - We need to input the solid state RAM protocol!
<100>2 2025-12-17T17:49:18.791Z nationalextensible.org modi 5613 ID916 - Try to program the SQL program, maybe it will program the 1080p application!
<48>3 2025-12-17T17:49:18.791Z humanend-to-end.biz voluptate 4075 ID307 - We need to bypass the 1080p THX card!
<39>2 2025-12-17T17:49:18.791Z leadseize.com aliquam 9652 ID621 - I'Ll connect the cross-platform FTP bandwidth, that should bus the RAM bus!
<144>1 2025-12-17T17:49:18.791Z globalbleeding-edge.org deserunt 6459 ID834 - Use the solid state SQL program, then you can generate the redundant microchip!
<13>Dec 17 17:53:47 gateway authd[1000]: user=inara_rupani password=K4VIviwIm status=rejected
<13>Dec 17 17:53:48 gateway authd[1000]: user=aly_a password=Bfh9qZHZ status=rejected
<150>3 2025-12-17T17:49:18.791Z forwardvalue-added.name suscipit 279 ID150 - Try to index the EXE matrix, maybe it will hack the auxiliary sensor!
<94>2 2025-12-17T17:49:18.791Z globalplug-and-play.net exercitationem 7126 ID241 - We need to copy the multi-byte SMTP matrix!
<16>1 2025-12-17T17:49:18.791Z centralroi.org iusto 582 ID444 - The ADP firewall is down, copy the wireless hard drive so we can bypass the TCP hard drive!
