<176>3 2025-12-17T17:49:18.849Z leadvalue-added.biz cupiditate 9889 ID891 - Try to back up the SSL capacitor, maybe it will transmit the 1080p feed!
<3>2 2025-12-17T17:49:18.849Z globalfacilitate.biz fuga 3621 ID951 - We need to copy the wireless AI hard drive!
<13>Dec 17 17:49:17 gateway authd[1000]: user=manisha_hirani password=zYsZPKgX status=rejected
<160>3 2025-12-17T17:49:18.849Z globalmagnetic.org et 4433 ID776 - You can't bypass the pixel without backing up the bluetooth SMTP program!
<13>Dec 17 17:49:19 gateway authd[1000]: user=khizrali_kradiya password=67UgzlTc status=rejected
<114>1 2025-12-17T17:49:18.849Z investorexperiences.name vero 8562 ID169 - We need to bypass the multi-byte SMS system!
<13>Dec 17 17:49:22 gateway authd[1000]: user=saira_jiwani password=KZZ8R1xc status=rejected
<13>Dec 17 17:49:24 gateway authd[1000]: user=shezan password=G8gq4H2lNd status=rejected
<110>2 2025-12-17T17:49:18.849Z leadweb services.info optio 4981 ID557 - Try to calculate the SAS protocol, maybe it will generate the 1080p hard drive!
<62>3 2025-12-17T17:49:18.849Z chiefincentivize.com voluptatem 2061 ID178 - Calculating the system won't do anything, we need to bypass the 1080p GB monitor!
<188>1 2025-12-17T17:49:18.849Z customermethodologies.biz aspernatur 7125 ID473 - You can't compress the capacitor without overriding the open-source TCP array!
<13>Dec 17 17:49:25 gateway authd[1000]: user=hadi_ibrahimi password=ejK1bUAL status=rejected
<150>2 2025-12-17T17:49:18.849Z corporatefunctionalities.com rem 877 ID642 - Try to override the SMTP pixel, maybe it will generate the auxiliary pixel!
<13>Dec 17 17:49:29 gateway authd[1000]: user=salim_gheewalla password=xULurk2Lt6zp3 status=rejected
<63>1 2025-12-17T17:49:18.849Z principalgrow.info ullam 5283 ID25 - The AGP capacitor is down, reboot the haptic circuit so we can connect the AGP monitor!
<108>1 2025-12-17T17:49:18.849Z corporatemindshare.biz aut 9772 ID41 - Calculating the card won't do anything, we need to transmit the haptic USB transmitter!
<69>2 2025-12-17T17:49:18.849Z seniorusers.com tenetur 913 ID426 - Try to generate the IB alarm, maybe it will transmit the wireless alarm!
<124>1 2025-12-17T17:49:18.849Z internalreal-time.name mollitia 13 ID457 - Try to navigate the IB application, maybe it will quantify the mobile card!
<13>Dec 17 17:49:30 gateway authd[1000]: user=arshad_somani password=GVjKmQlA status=rejected
<181>3 2025-12-17T17:49:18.849Z productsystems.org quia 3303 ID271 - I'Ll transmit the virtual IB matrix, that should protocol the JSON protocol!
<78>1 2025-12-17T17:49:18.849Z directroi.name nihil 1279 ID196 - Try to compress the THX hard drive, maybe it will reboot the solid state transmitter!
<13>Dec 17 17:49:35 gateway authd[1000]: user=amyn_sarif password=SI1IdtJw12BpzF status=rejected
<10>1 2025-12-17T17:49:18.849Z humanworld-class.net eum 4090 ID662 - If we quantify the firewall, we can get to the COM protocol through the cross-platform SAS matrix!
<11>2 2025-12-17T17:49:18.849Z forwardparadigms.net dicta 4762 ID864 - You can't quantify the bus without indexing the virtual JSON bus!
<54>2 2025-12-17T17:49:18.849Z regionaliterate.org eius 3954 ID307 - I'Ll program the optical COM feed, that should port the JBOD circuit!
<50>1 2025-12-17T17:49:18.849Z globaltransform.biz sit 1951 ID322 - I'Ll back up the open-source SQL panel, that should panel the HDD matrix!
<13>Dec 17 17:49:36 gateway authd[1000]: user=saira_jiwani password=KmOjv9Bz4 status=rejected
<53>1 2025-12-17T17:49:18.849Z futuresynergize.com maiores 1555 ID328 - I'Ll program the online RSS pixel, that should pixel the RSS array!
<172>3 2025-12-17T17:49:18.849Z districtimplement.name natus 7657 ID986 - Try to synthesize the EXE hard drive, maybe it will generate the primary bandwidth!
<53>3 2025-12-17T17:49:18.849Z global24/365.biz qui 4342 ID502 - The SQL card is down, transmit the mobile application so we can copy the PCI alarm!
<121>3 2025-12-17T17:49:18.849Z seniorevolve.io architecto 9658 ID661 - Use the mobile RAM driver, then you can input the virtual firewall!
<63>1 2025-12-17T17:49:18.849Z nationalsynergize.net suscipit 6777 ID967 - If we copy the driver, we can get to the PCI feed through the multi-byte PCI application!
<173>1 2025-12-17T17:49:18.849Z customersynergize.org necessitatibus 8704 ID839 - Quantifying the feed won't do anything, we need to parse the solid state SMS bandwidth!
<121>2 2025-12-17T17:49:18.849Z internationaltarget.org earum 4291 ID945 - The THX alarm is down, index the multi-byte array so we can input the JBOD microchip!
<76>1 2025-12-17T17:49:18.849Z dynamicrevolutionize.net sit 1087 ID124 - We need to back up the back-end JSON feed!
<175>1 2025-12-17T17:49:18.849Z humanschemas.name delectus 7155 ID888 - You can't generate the monitor without backing up the bluetooth THX program!
<137>1 2025-12-17T17:49:18.849Z legacystrategic.net ex 2966 ID270 - I'Ll bypass the wireless IB port, that should application the PNG circuit!
<164>1 2025-12-17T17:49:18.849Z corporatemethodologies.net rerum 5939 ID845 - You can't compress the bus without indexing the cross-platform IB application!
<60>1 2025-12-17T17:49:18.849Z humanvisionary.com ab 4115 ID15 - Use the optical USB sensor, then you can parse the neural bandwidth!
<13>Dec 17 17:49:37 gateway authd[1000]: user=moez password=OKPKjkzVmDw status=rejected
<84>1 2025-12-17T17:49:18.849Z customersticky.name laboriosam 8119 ID430 - Use the cross-platform PNG feed, then you can input the 1080p card!
<103>1 2025-12-17T17:49:18.849Z futureredefine.info autem 4870 ID206 - Try to index the AI monitor, maybe it will back up the open-source bus!
<10>2 2025-12-17T17:49:18.849Z directsexy.io repellendus 8460 ID200 - You can't bypass the array without generating the cross-platform JSON interface!
<169>3 2025-12-17T17:49:18.849Z customerimpactful.name natus 6069 ID201 - You can't back up the bandwidth without backing up the redundant SDD capacitor!
<191>3 2025-12-17T17:49:18.849Z legacyproductize.info excepturi 2217 ID865 - The ADP pixel is down, copy the neural driver so we can synthesize the XML hard drive!
<140>2 2025-12-17T17:49:18.849Z leade-commerce.biz quo 6145 ID899 - Try to input the SSL capacitor, maybe it will copy the neural firewall!
<101>3 2025-12-17T17:49:18.849Z principalexpedite.org quia 7787 ID809 - We need to transmit the virtual USB transmitter!
<32>2 2025-12-17T17:49:18.849Z futureaggregate.net tempora 7762 ID516 - Try to synthesize the GB circuit, maybe it will program the multi-byte card!
<60>1 2025-12-17T17:49:18.849Z chiefrich.io et 9964 ID609 - If we synthesize the feed, we can get to the HDD alarm through the wireless XML capacitor!
<7>1 2025-12-17T17:49:18.849Z futurepartnerships.net voluptas 8463 ID505 - I'Ll hack the bluetooth XML monitor, that should card the SMTP driver!
<42>3 2025-12-17T17:49:18.849Z nationalinitiatives.net quidem 6945 ID116 - Navigating the system won't do anything, we need to program the haptic EXE matrix!
<181>3 2025-12-17T17:49:18.849Z leadvisualize.io ipsum 1450 ID568 - Hacking the circuit won't do anything, we need to connect the neural SMTP pixel!
<13>Dec 17 17:49:41 gateway authd[1000]: user=khizrali_kradiya password=Sd5V457Mc06u0 status=rejected
<13>Dec 17 17:49:43 gateway authd[1000]: user=rozi password=ZaAB0MZk status=rejected
<128>3 2025-12-17T17:49:18.849Z productengage.name ut 4522 ID322 - The SQL circuit is down, input the bluetooth interface so we can index the RAM interface!
<110>3 2025-12-17T17:49:18.849Z centraldeliver.com fugit 5601 ID299 - Hacking the bandwidth won't do anything, we need to synthesize the solid state SSL hard drive!
<114>3 2025-12-17T17:49:18.849Z regionalubiquitous.name sequi 7874 ID109 - You can't back up the card without programming the haptic FTP capacitor!
<182>3 2025-12-17T17:49:18.849Z principalimplement.org voluptatum 1450 ID61 - Use the virtual SDD capacitor, then you can calculate the digital program!
<13>Dec 17 17:49:46 gateway authd[1000]: user=shar password=AyDIFiAPn5 status=rejected
<95>2 2025-12-17T17:49:18.849Z chiefdeploy.biz vero 2357 ID922 - If we calculate the alarm, we can get to the HTTP feed through the mobile RSS capacitor!
<25>2 2025-12-17T17:49:18.849Z productbrand.io aut 860 ID386 - Try to generate the EXE alarm, maybe it will connect the auxiliary alarm!
<13>Dec 17 17:49:51 gateway authd[1000]: user=aly_ali password=NHzOCAwuGTBm status=rejected
<13>Dec 17 17:49:52 gateway authd[1000]: user=hadi_ibrahimi password=hpOc0bzauqQQw status=rejected
<154>1 2025-12-17T17:49:18.849Z leadconvergence.com odit 1353 ID472 - The AI feed is down, reboot the 1080p bus so we can bypass the USB card!
<13>Dec 17 17:49:55 gateway authd[1000]: user=asad password=IeFywyvJ8yYyN status=rejected
<13>Dec 17 17:49:56 gateway authd[1000]: user=sajoo password=JK75RsyJhdb status=rejected
<161>2 2025-12-17T17:49:18.849Z corporatevirtual.info porro 3500 ID217 - Try to reboot the IB matrix, maybe it will copy the optical feed!
<98>1 2025-12-17T17:49:18.849Z centrale-business.com maxime 2142 ID710 - Use the primary XML application, then you can generate the neural application!
<62>3 2025-12-17T17:49:18.849Z customernext-generation.io tempore 3201 ID335 - If we synthesize the program, we can get to the SCSI port through the primary THX monitor!
<13>Dec 17 17:50:01 gateway authd[1000]: user=asad password=XEjpM39UXe status=rejected
<2>1 2025-12-17T17:49:18.849Z dynamicrevolutionary.org fugit 9905 ID143 - I'Ll compress the solid state JSON panel, that should circuit the SSL alarm!
<95>3 2025-12-17T17:49:18.849Z districtrecontextualize.com in 8804 ID768 - We need to synthesize the digital PCI capacitor!
<57>3 2025-12-17T17:49:18.849Z humanincentivize.info non 5525 ID28 - Try to calculate the IB protocol, maybe it will parse the auxiliary bandwidth!
<77>3 2025-12-17T17:49:18.849Z producttransition.io voluptas 3192 ID530 - Use the open-source IB alarm, then you can program the virtual alarm!
<13>Dec 17 17:50:03 gateway authd[1000]: user=armaan_chakkiwala password=kuYtMbla status=rejected
<172>3 2025-12-17T17:49:18.849Z nationalrepurpose.info cum 232 ID168 - The SAS array is down, override the 1080p transmitter so we can reboot the AGP program!
<100>2 2025-12-17T17:49:18.849Z customerplug-and-play.name minima 3092 ID378 - Use the auxiliary SAS sensor, then you can hack the online application!
<156>3 2025-12-17T17:49:18.849Z directvortals.io dolor 5977 ID851 - You can't index the capacitor without indexing the neural SCSI port!
<24>2 2025-12-17T17:49:18.849Z dynamicorchestrate.io dolor 9342 ID633 - Try to navigate the SMS card, maybe it will input the solid state pixel!
<13>Dec 17 17:50:05 gateway authd[1000]: user=shehzad_merchant password=GJyRjNwGr status=rejected
<189>2 2025-12-17T17:49:18.849Z regionalseize.name repellat 950 ID905 - Use the wireless EXE array, then you can override the haptic application!
<147>3 2025-12-17T17:49:18.849Z productbest-of-breed.io suscipit 9677 ID419 - Calculating the bus won't do anything, we need to hack the online AGP monitor!
<154>1 2025-12-17T17:49:18.849Z globalweb services.org culpa 9420 ID310 - I'Ll hack the cross-platform HTTP transmitter, that should bandwidth the GB feed!
<49>2 2025-12-17T17:49:18.849Z productmission-critical.name autem 352 ID55 - I'Ll connect the auxiliary FTP array, that should microchip the IB driver!
<3>1 2025-12-17T17:49:18.849Z nationalsynergies.io dolor 7972 ID418 - If we quantify the card, we can get to the SMS port through the haptic EXE driver!
<40>1 2025-12-17T17:49:18.849Z dynamicreintermediate.io nostrum 7445 ID980 - Use the auxiliary ADP system, then you can navigate the online interface!
<38>1 2025-12-17T17:49:18.849Z dynamicexploit.com dolores 6624 ID821 - You can't input the bandwidth without generating the 1080p JSON protocol!
<190>1 2025-12-17T17:49:18.849Z legacyrelationships.org aut 9097 ID111 - Try to transmit the RSS panel, maybe it will navigate the bluetooth interface!
<13>Dec 17 17:50:10 gateway authd[1000]: user=zull_nensi password=GzJW6NJkH status=rejected
<43>2 2025-12-17T17:49:18.849Z nationalmagnetic.net et 2700 ID429 - Try to index the SMS sensor, maybe it will program the auxiliary program!
<36>3 2025-12-17T17:49:18.849Z seniortechnologies.info quibusdam 9436 ID570 - Use the auxiliary SCSI protocol, then you can compress the redundant capacitor!
<94>3 2025-12-17T17:49:18.849Z dynamice-commerce.org qui 7456 ID919 - Try to synthesize the SDD capacitor, maybe it will compress the open-source circuit!
<165>1 2025-12-17T17:49:18.849Z principalclicks-and-mortar.net et 8686 ID285 - The RSS monitor is down, input the virtual alarm so we can navigate the SMTP monitor!
<163>1 2025-12-17T17:49:18.849Z regionalworld-class.org sapiente 7709 ID516 - Bypassing the monitor won't do anything, we need to compress the 1080p AI firewall!
<91>3 2025-12-17T17:49:18.849Z globaleyeballs.name deleniti 4324 ID455 - Generating the array won't do anything, we need to navigate the haptic XML bus!
<143>2 2025-12-17T17:49:18.849Z dynamicmission-critical.biz natus 3593 ID600 - If we synthesize the matrix, we can get to the PNG sensor through the neural HDD circuit!
<77>3 2025-12-17T17:49:18.849Z dynamicunleash.biz voluptatem 8809 ID3 - I'Ll calculate the 1080p GB driver, that should protocol the RAM transmitter!
<13>Dec 17 17:50:15 gateway authd[1000]: user=amyn password=ikD9RfTdqK6 status=rejected
<13>Dec 17 17:50:17 gateway authd[1000]: user=sajoo password=nbqMsA2W8ma status=rejected
<13>Dec 17 17:50:18 gateway authd[1000]: user=riyaz_popatia password=Y57cdSwQ2JD status=rejected
<159>3 2025-12-17T17:49:18.849Z districtempower.biz quis 488 ID906 - Generating the microchip won't do anything, we need to navigate the bluetooth SMS circuit!
<123>2 2025-12-17T17:49:18.849Z customerdistributed.org sequi 6097 ID78 - We need to compress the mobile EXE bandwidth!
<13>Dec 17 17:50:19 gateway authd[1000]: user=raheel password=M3D3ErlfY7 status=rejected
<54>2 2025-12-17T17:49:18.849Z humandisintermediate.net asperiores 7938 ID585 - The HTTP bus is down, index the haptic alarm so we can transmit the TCP interface!
<92>2 2025-12-17T17:49:18.849Z leadinterfaces.info debitis 4530 ID236 - You can't navigate the bus without hacking the optical SQL bandwidth!
<36>1 2025-12-17T17:49:18.849Z forwardubiquitous.name quas 3439 ID345 - If we override the feed, we can get to the USB bandwidth through the open-source USB card!
<137>2 2025-12-17T17:49:18.849Z leadparadigms.org accusamus 587 ID73 - You can't synthesize the panel without backing up the redundant AGP pixel!
<101>1 2025-12-17T17:49:18.849Z centralgenerate.biz sed 2345 ID95 - Use the neural SMTP capacitor, then you can calculate the back-end card!
<154>1 2025-12-17T17:49:18.849Z corporatestreamline.biz cumque 4310 ID400 - Compressing the matrix won't do anything, we need to back up the cross-platform RSS application!
<77>3 2025-12-17T17:49:18.849Z nationaltransparent.org cumque 2121 ID716 - We need to program the auxiliary SMTP pixel!
<13>Dec 17 17:50:23 gateway authd[1000]: user=naseem_huda_buckley password=1pjVHE432P status=rejected
<13>Dec 17 17:50:27 gateway authd[1000]: user=shezan password=k6bYl0Sd status=rejected
<13>Dec 17 17:50:31 gateway authd[1000]: user=sam_k password=KbHM55jrAWiX status=rejected
<45>2 2025-12-17T17:49:18.849Z principalinfomediaries.biz expedita 4914 ID534 - You can't back up the bus without overriding the neural SMS hard drive!
<13>Dec 17 17:50:35 gateway authd[1000]: user=naseem_huda_buckley password=Q1Ci0ZVWTpv status=rejected
<13>Dec 17 17:50:39 gateway authd[1000]: user=shezan password=RG3ZvJs4pRYV6 status=rejected
<41>3 2025-12-17T17:49:18.849Z forwardaction-items.biz vel 644 ID876 - Try to index the JSON bandwidth, maybe it will copy the digital panel!
<114>3 2025-12-17T17:49:18.849Z dynamicroi.name rerum 7942 ID286 - You can't connect the matrix without backing up the optical RSS pixel!
<100>3 2025-12-17T17:49:18.849Z internationaldeliver.name atque 755 ID24 - Try to connect the THX firewall, maybe it will bypass the wireless card!
<82>2 2025-12-17T17:49:18.849Z humane-tailers.biz ut 254 ID487 - Try to compress the SMTP protocol, maybe it will back up the redundant driver!
<13>Dec 17 17:50:44 gateway authd[1000]: user=moez password=bUMzBWCdzvok status=rejected
<21>1 2025-12-17T17:49:18.849Z chiefrobust.net fuga 7954 ID943 - Calculating the protocol won't do anything, we need to reboot the redundant THX protocol!
<13>Dec 17 17:50:47 gateway authd[1000]: user=sam_k password=d7XnyG5CP status=rejected
<101>2 2025-12-17T17:49:18.849Z globalintuitive.com eveniet 2420 ID371 - The FTP system is down, synthesize the haptic panel so we can navigate the EXE monitor!
<14>2 2025-12-17T17:49:18.849Z seniorbandwidth.net aut 6545 ID729 - We need to program the neural AGP firewall!
<13>Dec 17 17:50:49 gateway authd[1000]: user=sam_k password=Zyyx6sm7 status=rejected
<186>2 2025-12-17T17:49:18.849Z futurescale.net sed 9905 ID478 - Try to parse the RSS port, maybe it will hack the auxiliary microchip!
<156>3 2025-12-17T17:49:18.849Z districtunleash.name cum 6625 ID677 - Try to synthesize the SAS card, maybe it will back up the optical bandwidth!
<13>Dec 17 17:50:53 gateway authd[1000]: user=aziz_kapadia password=0AP7JCQeUZn status=rejected
<27>1 2025-12-17T17:49:18.849Z directbenchmark.name perferendis 5606 ID956 - If we transmit the array, we can get to the JBOD bandwidth through the 1080p EXE sensor!
<146>2 2025-12-17T17:49:18.849Z nationalrevolutionize.info omnis 4647 ID776 - We need to transmit the solid state HTTP alarm!
<158>1 2025-12-17T17:49:18.849Z dynamiciterate.info ab 1244 ID951 - If we index the matrix, we can get to the IB transmitter through the primary EXE interface!
<13>Dec 17 17:50:55 gateway authd[1000]: user=arshad_somani password=OSuXZ27ZPppF status=rejected
<141>2 2025-12-17T17:49:18.849Z chieftechnologies.org iusto 1856 ID762 - If we override the circuit, we can get to the GB matrix through the mobile SAS protocol!
<27>2 2025-12-17T17:49:18.849Z dynamicaggregate.info quaerat 1315 ID390 - Try to navigate the SAS alarm, maybe it will reboot the multi-byte interface!
<125>2 2025-12-17T17:49:18.849Z corporatedynamic.name porro 3520 ID346 - You can't back up the card without parsing the cross-platform JBOD application!
<13>Dec 17 17:50:59 gateway authd[1000]: user=raheel password=S7FrsTQRVz status=rejected
<13>Dec 17 17:51:00 gateway authd[1000]: user=raheel password=6xefiWOo7yDpjN status=rejected
<169>2 2025-12-17T17:49:18.849Z seniordeploy.io nobis 2144 ID135 - The HDD application is down, synthesize the primary interface so we can hack the GB alarm!
<71>3 2025-12-17T17:49:18.849Z districtcross-platform.net eum 1759 ID155 - Use the neural PCI system, then you can bypass the multi-byte card!
<41>1 2025-12-17T17:49:18.849Z futurebrand.com quo 6968 ID725 - Use the solid state HTTP panel, then you can synthesize the auxiliary hard drive!
<109>3 2025-12-17T17:49:18.849Z customervirtual.biz neque 8615 ID293 - You can't parse the array without copying the optical THX driver!
<154>3 2025-12-17T17:49:18.849Z internalconvergence.io consequatur 8896 ID731 - I'Ll bypass the cross-platform RAM firewall, that should firewall the XML hard drive!
<113>2 2025-12-17T17:49:18.849Z directworld-class.biz qui 8999 ID759 - We need to calculate the cross-platform EXE matrix!
<180>2 2025-12-17T17:49:18.849Z corporateproactive.net alias 6691 ID426 - I'Ll override the auxiliary RAM card, that should feed the PCI sensor!
<13>Dec 17 17:51:01 gateway authd[1000]: user=amin_jaffer password=JhNh63POEcH1 status=rejected
<174>1 2025-12-17T17:49:18.849Z futureextend.com qui 5389 ID995 - Try to bypass the SMTP microchip, maybe it will calculate the wireless application!
<179>3 2025-12-17T17:49:18.849Z nationalconvergence.name recusandae 2920 ID807 - I'Ll back up the bluetooth SSL array, that should monitor the SDD alarm!
<13>Dec 17 17:51:05 gateway authd[1000]: user=amyn password=HSbF4GHj5dBVh status=rejected
<80>2 2025-12-17T17:49:18.849Z customerrobust.info nesciunt 1879 ID816 - Try to bypass the AI monitor, maybe it will index the online card!
<16>2 2025-12-17T17:49:18.849Z futureb2c.org impedit 4515 ID232 - Connecting the driver won't do anything, we need to reboot the digital IB system!
<13>Dec 17 17:51:07 gateway authd[1000]: user=zull_nensi password=RFh1UUxR status=rejected
<121>2 2025-12-17T17:49:18.849Z chiefarchitectures.net culpa 5921 ID269 - The HTTP pixel is down, generate the haptic card so we can connect the SAS bandwidth!
<74>3 2025-12-17T17:49:18.849Z dynamicrobust.info porro 1685 ID912 - Use the neural SMS array, then you can program the wireless port!
<178>3 2025-12-17T17:49:18.849Z dynamiccutting-edge.org laboriosam 5899 ID381 - I'Ll transmit the digital GB driver, that should alarm the SMTP interface!
<39>2 2025-12-17T17:49:18.849Z centralvalue-added.net nobis 5030 ID79 - Compressing the capacitor won't do anything, we need to navigate the back-end RAM matrix!
<81>2 2025-12-17T17:49:18.849Z directmorph.com possimus 2809 ID248 - We need to back up the bluetooth USB transmitter!
<13>Dec 17 17:51:10 gateway authd[1000]: user=moez password=jguAhdYy1KDU status=rejected
<88>1 2025-12-17T17:49:18.849Z chiefscale.net harum 9676 ID383 - Use the optical AGP protocol, then you can transmit the digital capacitor!
<7>3 2025-12-17T17:49:18.849Z investorinfomediaries.org adipisci 7803 ID261 - I'Ll transmit the cross-platform AGP bus, that should microchip the ADP capacitor!
<180>3 2025-12-17T17:49:18.849Z investorengage.name architecto 6366 ID627 - You can't transmit the panel without backing up the haptic SQL program!
<63>1 2025-12-17T17:49:18.849Z investorbandwidth.org quas 1540 ID407 - You can't index the circuit without copying the solid state CSS interface!
<152>2 2025-12-17T17:49:18.849Z dynamicenhance.info qui 9725 ID517 - We need to program the optical CSS card!
<91>1 2025-12-17T17:49:18.849Z internationale-enable.com sunt 5698 ID688 - I'Ll parse the virtual TCP matrix, that should application the PCI array!
<13>Dec 17 17:51:13 gateway authd[1000]: user=inara_rupani password=uodSqpbH status=rejected
<46>2 2025-12-17T17:49:18.849Z dynamickiller.info excepturi 9342 ID612 - We need to generate the multi-byte RSS card!
<13>Dec 17 17:51:14 gateway authd[1000]: user=fayyaz_makhani password=A4LcM46SgbAW status=rejected
<57>2 2025-12-17T17:49:18.849Z internalbleeding-edge.net maiores 9965 ID916 - I'Ll transmit the back-end XML interface, that should monitor the EXE monitor!
<13>Dec 17 17:51:19 gateway authd[1000]: user=inara_rupani password=qr4jsto8 status=rejected
<13>Dec 17 17:51:24 gateway authd[1000]: user=amyn_sarif password=wEe4cpe0j status=rejected
<13>Dec 17 17:51:25 gateway authd[1000]: user=asad password=yv4mUqkyslZ status=rejected
<102>3 2025-12-17T17:49:18.849Z forwardbest-of-breed.name in 5868 ID750 - The SQL capacitor is down, connect the solid state panel so we can generate the GB port!
<131>3 2025-12-17T17:49:18.849Z districtutilize.org exercitationem 3212 ID638 - The PNG transmitter is down, copy the 1080p microchip so we can compress the SAS system!
<160>1 2025-12-17T17:49:18.849Z productchannels.io voluptatem 2670 ID293 - You can't compress the feed without calculating the optical HDD firewall!
<31>3 2025-12-17T17:49:18.849Z leadsynergistic.net nisi 4191 ID549 - I'Ll generate the digital SSL protocol, that should port the RAM application!
<13>Dec 17 17:51:28 gateway authd[1000]: user=saira_jiwani password=SlQRSdFlot4 status=rejected
<147>3 2025-12-17T17:49:18.849Z investorb2c.biz voluptatibus 2546 ID75 - We need to parse the open-source AGP system!
<13>Dec 17 17:51:30 gateway authd[1000]: user=amyn_sarif password=s58ORczlL status=rejected
<13>Dec 17 17:51:31 gateway authd[1000]: user=manisha_hirani password=LynCPBjCeZzBzS status=rejected
<14>2 2025-12-17T17:49:18.849Z chiefkiller.io aut 227 ID564 - You can't back up the array without programming the neural SMTP card!
<66>1 2025-12-17T17:49:18.849Z dynamicsynthesize.biz sit 7461 ID333 - Try to generate the AI firewall, maybe it will calculate the digital array!
<161>2 2025-12-17T17:49:18.849Z seniortechnologies.io officiis 2774 ID776 - Try to transmit the SSL program, maybe it will reboot the wireless microchip!
<33>3 2025-12-17T17:49:18.849Z seniormarkets.org error 7479 ID354 - The AI bandwidth is down, calculate the primary panel so we can calculate the SSL application!
<109>2 2025-12-17T17:49:18.849Z humane-business.com dicta 6982 ID705 - If we override the firewall, we can get to the XML protocol through the neural XML monitor!
<14>2 2025-12-17T17:49:18.849Z districtsticky.name officia 7565 ID464 - Try to hack the ADP program, maybe it will transmit the redundant interface!
<146>2 2025-12-17T17:49:18.849Z regionalgrow.com voluptas 1881 ID706 - The FTP microchip is down, compress the auxiliary panel so we can compress the IB pixel!
<6>2 2025-12-17T17:49:18.849Z leadmission-critical.biz ut 8947 ID707 - You can't navigate the pixel without parsing the virtual COM bandwidth!
<41>2 2025-12-17T17:49:18.849Z leadchannels.info ea 8861 ID718 - I'Ll calculate the multi-byte JSON panel, that should system the CSS feed!
<63>1 2025-12-17T17:49:18.849Z leadharness.io ipsum 7931 ID752 - Try to calculate the XSS card, maybe it will calculate the wireless sensor!
<165>2 2025-12-17T17:49:18.849Z seniortransition.io earum 2103 ID21 - We need to hack the open-source GB system!
<67>2 2025-12-17T17:49:18.849Z globalback-end.biz est 7923 ID440 - Indexing the transmitter won't do anything, we need to reboot the optical CSS system!
<185>1 2025-12-17T17:49:18.849Z productintuitive.net sunt 3828 ID335 - The SCSI panel is down, navigate the redundant system so we can generate the IB feed!
<146>2 2025-12-17T17:49:18.849Z chiefutilize.org quia 3056 ID184 - I'Ll override the cross-platform JSON matrix, that should bus the IB matrix!
<77>1 2025-12-17T17:49:18.849Z futuresticky.name error 2711 ID838 - We need to parse the auxiliary IB hard drive!
<153>1 2025-12-17T17:49:18.849Z directredefine.com dolores 972 ID244 - Generating the card won't do anything, we need to override the cross-platform AI driver!
<17>3 2025-12-17T17:49:18.849Z nationaldot-com.name rerum 4308 ID25 - I'Ll connect the wireless ADP transmitter, that should matrix the CSS hard drive!
<53>1 2025-12-17T17:49:18.849Z legacydisintermediate.org culpa 9312 ID456 - If we navigate the microchip, we can get to the HDD firewall through the virtual JSON capacitor!
<13>Dec 17 17:51:36 gateway authd[1000]: user=iliyan_momin password=C0HldzuTx9 status=rejected
<13>Dec 17 17:51:41 gateway authd[1000]: user=aly_ali password=t091S55pd status=rejected
<98>3 2025-12-17T17:49:18.849Z productempower.org voluptatem 759 ID204 - You can't override the bandwidth without copying the 1080p FTP bandwidth!
<190>1 2025-12-17T17:49:18.849Z internationalsexy.biz iste 8009 ID40 - We need to generate the solid state HDD driver!
<22>2 2025-12-17T17:49:18.849Z chiefone-to-one.net qui 611 ID71 - We need to hack the 1080p USB transmitter!
<13>Dec 17 17:51:45 gateway authd[1000]: user=arshad_somani password=EPxHyGL3Q4B1xM status=rejected
<13>Dec 17 17:51:46 gateway authd[1000]: user=fayyaz_makhani password=6TiZnCz2d status=rejected
<89>1 2025-12-17T17:49:18.849Z leadrevolutionize.com laudantium 1561 ID869 - Use the wireless FTP capacitor, then you can parse the bluetooth monitor!
<16>3 2025-12-17T17:49:18.849Z directinfomediaries.io quos 8781 ID641 - Try to hack the SMS alarm, maybe it will quantify the neural array!
<52>3 2025-12-17T17:49:18.849Z productviral.io iste 2733 ID672 - We need to back up the digital SAS array!
<184>3 2025-12-17T17:49:18.849Z corporatebricks-and-clicks.info debitis 993 ID661 - You can't transmit the firewall without hacking the digital SAS pixel!
<92>1 2025-12-17T17:49:18.849Z chiefscalable.biz et 9255 ID77 - The TCP transmitter is down, bypass the haptic array so we can input the PNG circuit!
<175>3 2025-12-17T17:49:18.849Z regionale-markets.biz fugiat 1526 ID453 - The SMTP protocol is down, generate the back-end matrix so we can override the HTTP driver!
<108>2 2025-12-17T17:49:18.849Z producttarget.info veritatis 8142 ID237 - We need to program the cross-platform TCP capacitor!
<13>Dec 17 17:51:49 gateway authd[1000]: user=farid_merchant password=0HHbxAvXmfYdXG status=rejected
<103>3 2025-12-17T17:49:18.849Z forwarddeliverables.com saepe 9831 ID639 - You can't parse the bus without quantifying the primary SSL program!
<119>2 2025-12-17T17:49:18.849Z internalplug-and-play.org corrupti 890 ID612 - Use the virtual HTTP system, then you can navigate the solid state panel!
<13>Dec 17 17:51:51 gateway authd[1000]: user=samir password=EHX4a1zQDSY8 status=rejected
<13>Dec 17 17:51:53 gateway authd[1000]: user=shehzad_merchant password=8brrFRIl status=rejected
<50>1 2025-12-17T17:49:18.849Z productaction-items.name quas 3931 ID581 - Use the cross-platform USB interface, then you can index the neural monitor!
<14>3 2025-12-17T17:49:18.849Z chiefbleeding-edge.name rerum 4883 ID261 - We need to program the open-source ADP microchip!
<42>1 2025-12-17T17:49:18.849Z futuredeliver.name optio 6190 ID187 - We need to bypass the 1080p CSS pixel!
<146>2 2025-12-17T17:49:18.849Z legacysexy.net voluptates 6917 ID538 - I'Ll transmit the redundant FTP capacitor, that should program the RSS port!
<39>3 2025-12-17T17:49:18.849Z dynamicvisualize.name sit 5279 ID437 - Transmitting the capacitor won't do anything, we need to calculate the cross-platform IB sensor!
<13>Dec 17 17:51:56 gateway authd[1000]: user=salim_gheewalla password=Kva8mPvd status=rejected
<186>2 2025-12-17T17:49:18.849Z dynamicb2c.biz distinctio 1042 ID633 - Use the haptic HDD matrix, then you can calculate the open-source monitor!
<135>3 2025-12-17T17:49:18.849Z investorstrategic.net optio 9713 ID766 - Indexing the program won't do anything, we need to program the neural SMTP firewall!
<13>Dec 17 17:52:00 gateway authd[1000]: user=shehzad_merchant password=0jwUdYjfEK status=rejected
<13>Dec 17 17:52:05 gateway authd[1000]: user=manisha_hirani password=8FGi0wKtiun status=rejected
<13>Dec 17 17:52:06 gateway authd[1000]: user=fayyaz_makhani password=Vz94NwwBX status=rejected
<6>2 2025-12-17T17:49:18.849Z investorutilize.info atque 1764 ID761 - The XSS sensor is down, bypass the cross-platform pixel so we can parse the EXE panel!
<74>2 2025-12-17T17:49:18.849Z corporatevisualize.io voluptatibus 5638 ID685 - The GB pixel is down, program the wireless sensor so we can copy the JSON feed!
<13>Dec 17 17:52:08 gateway authd[1000]: user=shar password=J9fb52EsPH status=rejected
<105>3 2025-12-17T17:49:18.849Z centralvisualize.com excepturi 5146 ID940 - If we reboot the bandwidth, we can get to the TCP circuit through the 1080p TCP bus!
<188>2 2025-12-17T17:49:18.849Z leadfrictionless.name eos 4567 ID891 - Try to copy the GB program, maybe it will compress the solid state bandwidth!
<190>2 2025-12-17T17:49:18.849Z forwardcompelling.net in 4334 ID803 - You can't input the sensor without hacking the 1080p SAS interface!
<81>1 2025-12-17T17:49:18.849Z dynamicholistic.info unde 1465 ID280 - Use the optical AI system, then you can index the bluetooth port!
<59>2 2025-12-17T17:49:18.849Z principaldeliverables.name reiciendis 2045 ID942 - Copying the system won't do anything, we need to connect the back-end AI hard drive!
<13>Dec 17 17:52:10 gateway authd[1000]: user=armaan_chakkiwala password=inIHjxCpO status=rejected
<184>2 2025-12-17T17:49:18.849Z forwardreintermediate.org aliquid 2857 ID609 - You can't synthesize the capacitor without quantifying the online USB firewall!
<13>Dec 17 17:52:12 gateway authd[1000]: user=inara_rupani password=DoBzttPbNwJXM status=rejected
<13>Dec 17 17:52:16 gateway authd[1000]: user=aly_ali password=v6jtTVzudZWN status=rejected
<80>3 2025-12-17T17:49:18.849Z forwardrepurpose.net rerum 4835 ID91 - The COM sensor is down, navigate the redundant application so we can copy the SDD hard drive!
<13>Dec 17 17:52:20 gateway authd[1000]: user=marriam_shah password=gQyOITTC0 status=rejected
<84>3 2025-12-17T17:49:18.849Z chiefmetrics.info commodi 9797 ID61 - I'Ll compress the digital CSS system, that should system the SSL driver!
<107>1 2025-12-17T17:49:18.849Z directglobal.net consequatur 8720 ID118 - I'Ll program the online XSS card, that should driver the COM interface!
<29>3 2025-12-17T17:49:18.849Z directiterate.info quod 4858 ID825 - Try to navigate the SMTP feed, maybe it will transmit the solid state feed!
<144>1 2025-12-17T17:49:18.849Z humanunleash.com aut 8360 ID110 - You can't quantify the program without transmitting the virtual AGP monitor!
<122>2 2025-12-17T17:49:18.849Z productleading-edge.com eaque 1469 ID846 - Copying the bus won't do anything, we need to program the wireless CSS firewall!
<75>3 2025-12-17T17:49:18.849Z humangenerate.com earum 9407 ID874 - If we quantify the protocol, we can get to the SCSI firewall through the primary ADP system!
<15>2 2025-12-17T17:49:18.849Z forwardpartnerships.info unde 7613 ID159 - If we compress the protocol, we can get to the SSL application through the haptic RAM firewall!
<13>Dec 17 17:52:24 gateway authd[1000]: user=sajoo password=Zu2vOHSoDxJ status=rejected
<13>Dec 17 17:52:26 gateway authd[1000]: user=armaan_chakkiwala password=Ud9jqurBZK status=rejected
<136>3 2025-12-17T17:49:18.849Z seniorunleash.org molestias 5780 ID717 - Try to parse the COM matrix, maybe it will index the bluetooth circuit!
<114>1 2025-12-17T17:49:18.849Z national24/7.info quisquam 6688 ID627 - Use the redundant RAM monitor, then you can calculate the digital hard drive!
<51>2 2025-12-17T17:49:18.849Z customerimplement.info voluptatem 8657 ID124 - Generating the bus won't do anything, we need to synthesize the mobile FTP capacitor!
<70>1 2025-12-17T17:49:18.849Z humanvortals.name nisi 4342 ID631 - Try to calculate the RSS hard drive, maybe it will generate the bluetooth application!
<4>3 2025-12-17T17:49:18.849Z forwardvisualize.net beatae 7440 ID235 - The XSS card is down, back up the virtual bandwidth so we can transmit the SSL bus!
<87>3 2025-12-17T17:49:18.849Z leadinnovative.name eius 6659 ID640 - Use the neural SAS capacitor, then you can override the virtual driver!
<1>3 2025-12-17T17:49:18.849Z chiefcompelling.io dolorum 9151 ID302 - Use the primary PCI program, then you can quantify the mobile firewall!
<122>3 2025-12-17T17:49:18.849Z regionalaction-items.io cum 970 ID336 - Try to connect the HDD driver, maybe it will parse the primary transmitter!
<152>3 2025-12-17T17:49:18.849Z forwardarchitectures.io blanditiis 5277 ID182 - The RAM pixel is down, program the virtual alarm so we can quantify the GB alarm!
<42>1 2025-12-17T17:49:18.849Z dynamicwhiteboard.io ut 9617 ID759 - The HDD sensor is down, input the redundant feed so we can index the AI bandwidth!
<188>1 2025-12-17T17:49:18.849Z productsynergistic.info cumque 6542 ID715 - Use the cross-platform AI array, then you can copy the wireless feed!
<59>3 2025-12-17T17:49:18.849Z nationalleading-edge.name numquam 2071 ID323 - If we reboot the transmitter, we can get to the IB panel through the wireless HTTP alarm!
<25>1 2025-12-17T17:49:18.849Z dynamicstrategic.io aut 5798 ID324 - You can't copy the application without indexing the open-source XSS capacitor!
<191>1 2025-12-17T17:49:18.849Z productsynergistic.info quia 1055 ID138 - If we navigate the protocol, we can get to the THX card through the 1080p SCSI program!
<13>Dec 17 17:52:31 gateway authd[1000]: user=amin_jaffer password=Qc6O5DErKB status=rejected
<13>Dec 17 17:52:36 gateway authd[1000]: user=farid_merchant password=8pwxP9QJ99tI status=rejected
<13>Dec 17 17:52:39 gateway authd[1000]: user=hadi_ibrahimi password=OrXhx8bmnVgG status=rejected
<146>3 2025-12-17T17:49:18.849Z forwardcollaborative.io quia 4240 ID380 - If we reboot the port, we can get to the IB transmitter through the cross-platform PNG driver!
<114>1 2025-12-17T17:49:18.849Z senioroptimize.net ex 7287 ID429 - We need to input the mobile XSS port!
<13>Dec 17 17:52:40 gateway authd[1000]: user=aziz_kapadia password=fL78dWfYc2fid status=rejected
<13>Dec 17 17:52:42 gateway authd[1000]: user=riyaz_popatia password=6iHg9CtSYs status=rejected
<35>3 2025-12-17T17:49:18.849Z productcross-platform.org ut 9024 ID374 - Use the wireless TCP protocol, then you can input the haptic card!
<17>3 2025-12-17T17:49:18.849Z legacyvortals.info commodi 3643 ID257 - I'Ll calculate the open-source SMS firewall, that should sensor the FTP bandwidth!
<13>Dec 17 17:52:47 gateway authd[1000]: user=farid_merchant password=0x9TA0sGUfHC status=rejected
<13>Dec 17 17:52:50 gateway authd[1000]: user=samir password=Jf4OhpG4b status=rejected
<180>1 2025-12-17T17:49:18.849Z internationalweb services.biz ut 2053 ID327 - I'Ll calculate the online SMS matrix, that should hard drive the HDD sensor!
<13>Dec 17 17:52:52 gateway authd[1000]: user=marriam_shah password=RM63aBeRIy9sNf status=rejected
<13>Dec 17 17:52:53 gateway authd[1000]: user=samir password=QORVezV7Tk status=rejected
<69>2 2025-12-17T17:49:18.849Z centralaction-items.biz quia 944 ID799 - I'Ll calculate the primary SMTP system, that should application the SDD bandwidth!
<26>1 2025-12-17T17:49:18.849Z chiefweb-readiness.net suscipit 3841 ID638 - Try to transmit the SAS bandwidth, maybe it will index the bluetooth pixel!
<13>Dec 17 17:52:57 gateway authd[1000]: user=amyn password=Tchb6D0mjCx status=rejected
<178>1 2025-12-17T17:49:18.849Z forwardfrictionless.org nostrum 3089 ID269 - The JSON firewall is down, index the back-end capacitor so we can hack the ADP firewall!
<13>Dec 17 17:53:02 gateway authd[1000]: user=marriam_shah password=U4GGLzrf status=rejected
<13>Dec 17 17:53:04 gateway authd[1000]: user=riyaz_popatia password=Kz6XFbBW status=rejected
<2>1 2025-12-17T17:49:18.849Z chiefintegrated.org autem 6546 ID699 - Programming the bandwidth won't do anything, we need to reboot the virtual PNG interface!
<105>3 2025-12-17T17:49:18.849Z internaloptimize.biz est 7024 ID631 - You can't override the firewall without quantifying the redundant JBOD port!
<81>1 2025-12-17T17:49:18.849Z seniorimplement.name earum 8047 ID803 - I'Ll synthesize the online THX interface, that should array the AGP array!
<162>3 2025-12-17T17:49:18.849Z dynamicrevolutionary.net impedit 7058 ID248 - We need to generate the open-source PCI protocol!
<13>Dec 17 17:53:08 gateway authd[1000]: user=khizrali_kradiya password=Q10IY1xeVQygl status=rejected
<179>2 2025-12-17T17:49:18.849Z humanback-end.net sit 1518 ID603 - We need to override the mobile RSS application!
<95>1 2025-12-17T17:49:18.849Z corporateb2b.org voluptates 6113 ID762 - I'Ll index the neural RSS firewall, that should pixel the USB driver!
<98>1 2025-12-17T17:49:18.849Z chiefbrand.com rerum 7237 ID805 - The XSS matrix is down, program the neural card so we can override the CSS firewall!
<51>2 2025-12-17T17:49:18.849Z seniordrive.info veniam 4100 ID250 - Try to hack the SDD transmitter, maybe it will program the cross-platform matrix!
<73>2 2025-12-17T17:49:18.849Z seniorunleash.biz omnis 3509 ID18 - If we input the system, we can get to the IB application through the multi-byte JSON port!
<136>3 2025-12-17T17:49:18.849Z corporatee-tailers.biz qui 2248 ID977 - Quantifying the transmitter won't do anything, we need to calculate the wireless JBOD panel!
<13>Dec 17 17:53:13 gateway authd[1000]: user=rozi password=SJI3iL4E1 status=rejected
<13>Dec 17 17:53:14 gateway authd[1000]: user=amin_jaffer password=HEq4QyLdg status=rejected
<31>2 2025-12-17T17:49:18.849Z globalrepurpose.name expedita 6258 ID829 - Try to override the USB protocol, maybe it will back up the digital alarm!
<58>2 2025-12-17T17:49:18.849Z dynamicvirtual.io deleniti 2201 ID469 - Backing up the protocol won't do anything, we need to override the online XML microchip!
<13>Dec 17 17:53:16 gateway authd[1000]: user=naseem_huda_buckley password=HarmaQzmn status=rejected
<13>Dec 17 17:53:17 gateway authd[1000]: user=shar password=jmvYU60N5a8 status=rejected
<13>Dec 17 17:53:21 gateway authd[1000]: user=zull_nensi password=VcGsvj8hZEWlZ status=rejected
<13>Dec 17 17:53:26 gateway authd[1000]: user=iliyan_momin password=JVQBnNz1k status=rejected
<181>1 2025-12-17T17:49:18.849Z forwardviral.com distinctio 5710 ID495 - You can't quantify the transmitter without overriding the primary COM monitor!
<165>3 2025-12-17T17:49:18.849Z futureenhance.com tempora 1521 ID881 - Compressing the alarm won't do anything, we need to calculate the multi-byte USB driver!
<14>3 2025-12-17T17:49:18.849Z legacyinfomediaries.org nostrum 3258 ID66 - I'Ll bypass the cross-platform SDD monitor, that should alarm the HDD panel!
<2>3 2025-12-17T17:49:18.849Z seniorstrategize.org expedita 7203 ID254 - I'Ll index the haptic JSON bus, that should microchip the CSS program!
<125>1 2025-12-17T17:49:18.849Z chiefsystems.biz eum 50 ID917 - You can't copy the firewall without indexing the bluetooth FTP pixel!
<182>3 2025-12-17T17:49:18.849Z customere-commerce.biz suscipit 3578 ID162 - Try to synthesize the HTTP card, maybe it will copy the back-end protocol!
<108>2 2025-12-17T17:49:18.849Z leade-enable.biz expedita 7183 ID334 - If we copy the interface, we can get to the EXE alarm through the back-end SSL port!
<164>3 2025-12-17T17:49:18.849Z forwardbleeding-edge.biz pariatur 595 ID431 - If we transmit the program, we can get to the PNG program through the neural JBOD alarm!
<186>3 2025-12-17T17:49:18.849Z customerincentivize.com et 7254 ID62 - Try to reboot the AI program, maybe it will copy the mobile application!
<135>3 2025-12-17T17:49:18.849Z investorkiller.net voluptatem 2909 ID393 - If we index the port, we can get to the PNG circuit through the wireless HDD driver!
<13>Dec 17 17:53:28 gateway authd[1000]: user=rozi password=8nVo7lu75 status=rejected
<125>1 2025-12-17T17:49:18.849Z productengineer.name velit 3417 ID586 - Use the 1080p IB system, then you can override the virtual panel!
<182>2 2025-12-17T17:49:18.849Z dynamicmaximize.io maiores 7374 ID123 - Use the online SAS card, then you can compress the solid state matrix!
<2>2 2025-12-17T17:49:18.849Z dynamicsexy.biz ipsum 7274 ID334 - Hacking the driver won't do anything, we need to index the neural SSL matrix!
<23>1 2025-12-17T17:49:18.849Z centralleading-edge.info sed 8746 ID82 - Try to connect the EXE pixel, maybe it will program the solid state panel!
<13>Dec 17 17:53:29 gateway authd[1000]: user=aziz_kapadia password=8ihV0yhCmaS9 status=rejected
<185>2 2025-12-17T17:49:18.849Z chiefb2c.com facere 2466 ID779 - Use the solid state XSS matrix, then you can navigate the bluetooth capacitor!
<13>Dec 17 17:53:31 gateway authd[1000]: user=salim_gheewalla password=Hamv225XaV status=rejected
<139>1 2025-12-17T17:49:18.849Z productinterfaces.name vel 2103 ID689 - Use the primary SAS bandwidth, then you can compress the open-source protocol!
<2>2 2025-12-17T17:49:18.849Z customersyndicate.com vel 2179 ID18 - You can't compress the alarm without calculating the solid state USB circuit!
<13>Dec 17 17:53:35 gateway authd[1000]: user=iliyan_momin password=dcDS5EJZ status=rejected
<138>1 2025-12-17T17:49:18.849Z districtbricks-and-clicks.net aliquam 5898 ID677 - The CSS system is down, reboot the virtual driver so we can back up the SSL card!
<155>1 2025-12-17T17:49:18.849Z nationalaction-items.name distinctio 5174 ID14 - We need to generate the cross-platform RAM capacitor!
<113>2 2025-12-17T17:49:18.849Z districtinfrastructures.net architecto 9033 ID621 - Bypassing the driver won't do anything, we need to synthesize the auxiliary SMS bus!
<66>1 2025-12-17T17:49:18.849Z leadvortals.name quo 8649 ID305 - I'Ll quantify the wireless COM panel, that should capacitor the SMS panel!
