<8>2 2025-12-17T17:49:18.834Z centralrevolutionize.name aut 3440 ID844 - If we index the alarm, we can get to the PNG panel through the auxiliary SMTP sensor!
<154>1 2025-12-17T17:49:18.834Z corporateempower.info voluptatem 8303 ID857 - You can't bypass the circuit without compressing the multi-byte AI panel!
<191>3 2025-12-17T17:49:18.834Z nationalintegrated.info eos 7514 ID476 - Use the cross-platform PNG sensor, then you can quantify the multi-byte sensor!
<13>Dec 17 17:49:15 gateway authd[1000]: user=armaan_chakkiwala password=thHdFQZO status=rejected
<70>1 2025-12-17T17:49:18.834Z legacymaximize.biz exercitationem 5056 ID468 - Compressing the port won't do anything, we need to compress the auxiliary SMTP port!
<13>Dec 17 17:49:17 gateway authd[1000]: user=amyn password=p0IgnPVyackPH status=rejected
<150>2 2025-12-17T17:49:18.834Z dynamice-commerce.biz error 6574 ID689 - You can't connect the capacitor without overriding the redundant USB matrix!
<2>2 2025-12-17T17:49:18.834Z seniore-commerce.info cum 8662 ID394 - You can't navigate the interface without synthesizing the back-end SCSI protocol!
<181>3 2025-12-17T17:49:18.834Z regionalengage.net repellat 2772 ID970 - We need to back up the open-source JSON hard drive!
<96>3 2025-12-17T17:49:18.834Z dynamice-tailers.net et 8602 ID893 - We need to navigate the 1080p SAS bus!
<118>2 2025-12-17T17:49:18.834Z productout-of-the-box.biz nisi 4147 ID404 - The THX circuit is down, generate the back-end feed so we can input the SMS alarm!
<181>1 2025-12-17T17:49:18.834Z humanvertical.biz eius 7941 ID213 - Try to synthesize the HDD monitor, maybe it will back up the bluetooth panel!
<158>2 2025-12-17T17:49:18.834Z nationalnext-generation.com voluptatem 8591 ID392 - If we input the sensor, we can get to the SSL application through the virtual FTP transmitter!
<88>1 2025-12-17T17:49:18.834Z corporatevertical.org et 8276 ID953 - You can't navigate the hard drive without connecting the cross-platform SQL card!
<13>Dec 17 17:49:22 gateway authd[1000]: user=murad_kajani password=UzJXYYoF status=rejected
<58>3 2025-12-17T17:49:18.834Z chiefrevolutionary.biz est 9278 ID883 - We need to generate the virtual JSON sensor!
<73>2 2025-12-17T17:49:18.834Z leadrecontextualize.name harum 8384 ID771 - If we transmit the card, we can get to the RSS bus through the haptic XML transmitter!
<73>1 2025-12-17T17:49:18.834Z districtdistributed.name est 4777 ID469 - Backing up the card won't do anything, we need to calculate the digital RSS matrix!
<178>1 2025-12-17T17:49:18.834Z dynamiccontent.com nesciunt 7726 ID971 - The FTP system is down, input the mobile driver so we can compress the XSS pixel!
<141>1 2025-12-17T17:49:18.834Z principalexploit.org quaerat 2222 ID404 - Use the redundant AI sensor, then you can synthesize the open-source capacitor!
<13>Dec 17 17:49:23 gateway authd[1000]: user=mahek_ramzan password=cyDg6Hg1zcfmwi status=rejected
<34>2 2025-12-17T17:49:18.834Z regionalsolutions.biz reprehenderit 7351 ID518 - You can't synthesize the array without bypassing the multi-byte XML circuit!
<50>1 2025-12-17T17:49:18.834Z districtiterate.biz consequatur 886 ID892 - Try to synthesize the PNG system, maybe it will connect the optical alarm!
<13>Dec 17 17:49:28 gateway authd[1000]: user=salim_notta password=PwyOxFiA status=rejected
<18>3 2025-12-17T17:49:18.834Z centralturn-key.biz ut 5828 ID827 - I'Ll reboot the optical RAM circuit, that should program the SCSI transmitter!
<13>Dec 17 17:49:31 gateway authd[1000]: user=saurabh password=4Uii0mKwuyVTg status=rejected
<13>Dec 17 17:49:35 gateway authd[1000]: user=naseem_huda_buckley password=Vma2cz4SuGmgc status=rejected
<65>3 2025-12-17T17:49:18.834Z leadreinvent.info facere 5683 ID457 - Use the online JSON circuit, then you can back up the digital feed!
<97>3 2025-12-17T17:49:18.834Z legacyparadigms.biz sed 353 ID299 - You can't copy the firewall without synthesizing the cross-platform USB interface!
<62>3 2025-12-17T17:49:18.834Z dynamicvortals.com consequuntur 1301 ID344 - The EXE interface is down, calculate the bluetooth protocol so we can calculate the XSS card!
<189>1 2025-12-17T17:49:18.834Z investorportals.net commodi 7219 ID853 - Use the haptic PCI circuit, then you can input the wireless pixel!
<2>3 2025-12-17T17:49:18.834Z central24/365.com voluptatum 4756 ID399 - I'Ll generate the 1080p SAS transmitter, that should matrix the XML firewall!
<105>1 2025-12-17T17:49:18.834Z forwardscalable.biz numquam 5301 ID885 - You can't synthesize the panel without hacking the multi-byte SSL port!
<33>3 2025-12-17T17:49:18.834Z forwardintuitive.name voluptas 988 ID1000 - You can't navigate the transmitter without generating the auxiliary SMTP system!
<166>3 2025-12-17T17:49:18.834Z futureturn-key.com dolorum 3788 ID831 - If we parse the bandwidth, we can get to the SMTP transmitter through the open-source SCSI system!
<175>1 2025-12-17T17:49:18.834Z legacyplatforms.name maiores 5635 ID654 - I'Ll navigate the primary SDD driver, that should alarm the GB sensor!
<49>2 2025-12-17T17:49:18.834Z internalweb-readiness.biz expedita 5416 ID619 - We need to bypass the haptic XSS protocol!
<118>3 2025-12-17T17:49:18.834Z directtarget.net molestiae 7645 ID251 - The JSON hard drive is down, quantify the back-end protocol so we can quantify the COM bandwidth!
<13>Dec 17 17:49:36 gateway authd[1000]: user=ahil_hashim password=F2TJTGXfv status=rejected
<13>Dec 17 17:49:40 gateway authd[1000]: user=moses_merchant password=Msel5eUJ0 status=rejected
<13>Dec 17 17:49:42 gateway authd[1000]: user=farid_merchant password=V7UosyJowj8W8L status=rejected
<171>1 2025-12-17T17:49:18.834Z internalorchestrate.io nisi 2548 ID746 - Try to transmit the SCSI monitor, maybe it will quantify the primary transmitter!
<177>3 2025-12-17T17:49:18.834Z leadcross-platform.name dolor 6238 ID664 - The SDD panel is down, transmit the primary interface so we can program the COM sensor!
<72>2 2025-12-17T17:49:18.834Z districtroi.biz vitae 2242 ID74 - You can't connect the hard drive without backing up the bluetooth USB matrix!
<13>Dec 17 17:49:44 gateway authd[1000]: user=michelle_hirani_khoja password=EwTtbEkrHE7z status=rejected
<76>3 2025-12-17T17:49:18.834Z internalbenchmark.org deleniti 344 ID737 - The PCI feed is down, bypass the virtual transmitter so we can input the PCI protocol!
<167>1 2025-12-17T17:49:18.834Z centralvisionary.name voluptatum 2956 ID165 - Use the 1080p SMS transmitter, then you can quantify the auxiliary matrix!
<15>1 2025-12-17T17:49:18.834Z chiefmethodologies.net sed 3440 ID161 - The IB driver is down, compress the primary panel so we can reboot the CSS microchip!
<11>2 2025-12-17T17:49:18.834Z productmonetize.biz quae 3628 ID692 - Try to synthesize the JBOD pixel, maybe it will back up the back-end card!
<150>2 2025-12-17T17:49:18.834Z futureschemas.biz veritatis 4373 ID210 - Use the optical THX program, then you can synthesize the 1080p capacitor!
<38>2 2025-12-17T17:49:18.834Z forwardnetworks.net dolorum 7183 ID179 - You can't transmit the pixel without navigating the haptic PNG port!
<13>Dec 17 17:49:49 gateway authd[1000]: user=naveed_patel password=SmJlgdfQ841 status=rejected
<52>2 2025-12-17T17:49:18.834Z productone-to-one.com et 6356 ID656 - Try to generate the PNG alarm, maybe it will navigate the neural pixel!
<31>1 2025-12-17T17:49:18.834Z nationaldistributed.name sit 6363 ID525 - The CSS panel is down, override the digital driver so we can connect the SSL array!
<13>Dec 17 17:49:51 gateway authd[1000]: user=fayyaz_makhani password=z55JOjRGXEv status=rejected
<58>3 2025-12-17T17:49:18.834Z nationalsynergize.io sint 6466 ID385 - If we connect the port, we can get to the SDD circuit through the solid state GB matrix!
<13>Dec 17 17:49:56 gateway authd[1000]: user=murad password=3lfsFJMs status=rejected
<185>1 2025-12-17T17:49:18.834Z forwardstrategize.org non 5006 ID112 - Use the open-source AGP interface, then you can generate the back-end matrix!
<13>Dec 17 17:49:59 gateway authd[1000]: user=arshad_somani password=Ylzksp4f status=rejected
<13>Dec 17 17:50:02 gateway authd[1000]: user=michelle_hirani_khoja password=MjcDwVzhOcq0 status=rejected
<166>1 2025-12-17T17:49:18.834Z customerrevolutionary.biz sapiente 6651 ID729 - The GB monitor is down, connect the auxiliary monitor so we can program the PNG driver!
<108>3 2025-12-17T17:49:18.834Z legacyinfomediaries.name sint 1258 ID267 - Try to connect the PCI transmitter, maybe it will reboot the 1080p bandwidth!
<140>1 2025-12-17T17:49:18.834Z dynamicsupply-chains.info qui 2175 ID82 - Backing up the firewall won't do anything, we need to index the digital SDD bus!
<142>1 2025-12-17T17:49:18.834Z seniorimplement.info veniam 9766 ID836 - Use the auxiliary JBOD bandwidth, then you can connect the neural bandwidth!
<7>2 2025-12-17T17:49:18.834Z productworld-class.io reiciendis 3240 ID541 - The XML sensor is down, index the digital array so we can copy the SMS matrix!
<154>2 2025-12-17T17:49:18.834Z customercompelling.name nemo 7336 ID362 - I'Ll reboot the back-end RSS driver, that should alarm the SSL feed!
<13>Dec 17 17:50:05 gateway authd[1000]: user=ali_dharani password=g7rAPOgKtJ status=rejected
<124>3 2025-12-17T17:49:18.834Z regionaluser-centric.io illum 1390 ID173 - Bypassing the array won't do anything, we need to compress the bluetooth HTTP panel!
<178>2 2025-12-17T17:49:18.834Z principaliterate.io totam 3458 ID626 - I'Ll back up the cross-platform XSS capacitor, that should microchip the HDD circuit!
<13>Dec 17 17:50:06 gateway authd[1000]: user=ahil_hashim password=oWdibhFuL9c status=rejected
<13>Dec 17 17:50:10 gateway authd[1000]: user=farid_merchant password=JjJrJnzIHKY0 status=rejected
<13>Dec 17 17:50:11 gateway authd[1000]: user=naveed_patel password=XFlm22n7nFB status=rejected
<97>3 2025-12-17T17:49:18.834Z internalinitiatives.info et 5202 ID295 - We need to bypass the cross-platform AI interface!
<86>3 2025-12-17T17:49:18.834Z futureapplications.org occaecati 8128 ID207 - You can't connect the capacitor without hacking the digital SDD driver!
<118>2 2025-12-17T17:49:18.834Z seniorarchitectures.org dolore 8264 ID761 - The SMTP circuit is down, reboot the auxiliary port so we can back up the FTP driver!
<49>1 2025-12-17T17:49:18.834Z directarchitectures.info quis 2096 ID606 - You can't parse the alarm without backing up the digital USB program!
<123>1 2025-12-17T17:49:18.834Z chiefenterprise.com in 333 ID655 - Use the digital FTP capacitor, then you can parse the digital panel!
<60>2 2025-12-17T17:49:18.834Z regionalworld-class.org nostrum 5620 ID456 - Try to quantify the ADP monitor, maybe it will override the optical circuit!
<82>2 2025-12-17T17:49:18.834Z centralexperiences.name reiciendis 2886 ID640 - If we override the circuit, we can get to the FTP system through the wireless SQL monitor!
<111>2 2025-12-17T17:49:18.834Z internationalgrow.com voluptate 7177 ID529 - Try to quantify the EXE system, maybe it will override the virtual driver!
<37>2 2025-12-17T17:49:18.834Z humanenable.org possimus 4650 ID407 - Indexing the interface won't do anything, we need to program the haptic TCP card!
<103>2 2025-12-17T17:49:18.834Z directbrand.net laborum 6252 ID702 - Transmitting the hard drive won't do anything, we need to index the virtual SSL port!
<108>3 2025-12-17T17:49:18.834Z regionalinfrastructures.io voluptas 3727 ID244 - The RSS sensor is down, override the 1080p panel so we can synthesize the TCP panel!
<62>1 2025-12-17T17:49:18.834Z dynamicb2c.io odit 8341 ID808 - Try to navigate the USB microchip, maybe it will hack the digital feed!
<51>2 2025-12-17T17:49:18.834Z internalchannels.com facere 9463 ID756 - If we back up the card, we can get to the RSS card through the primary SDD alarm!
<128>3 2025-12-17T17:49:18.834Z principalsystems.io et 4389 ID130 - We need to transmit the online HTTP firewall!
<181>2 2025-12-17T17:49:18.834Z centraldrive.biz qui 5825 ID879 - You can't program the capacitor without calculating the multi-byte PNG interface!
<43>2 2025-12-17T17:49:18.834Z internalusers.biz eaque 8823 ID390 - Bypassing the sensor won't do anything, we need to copy the redundant HDD application!
<25>1 2025-12-17T17:49:18.834Z globalbest-of-breed.name quis 9055 ID635 - The EXE capacitor is down, parse the primary array so we can compress the COM sensor!
<13>Dec 17 17:50:12 gateway authd[1000]: user=amyn_sarif password=51sJT3L4 status=rejected
<151>2 2025-12-17T17:49:18.834Z dynamicwireless.org ut 9636 ID868 - Programming the array won't do anything, we need to reboot the redundant COM panel!
<13>Dec 17 17:50:13 gateway authd[1000]: user=zull_nensi password=q0hlTUbI status=rejected
<13>Dec 17 17:50:18 gateway authd[1000]: user=amyn_sarif password=EaT1k0bz status=rejected
<74>2 2025-12-17T17:49:18.834Z centrale-commerce.info et 7158 ID689 - If we synthesize the pixel, we can get to the JBOD array through the cross-platform SQL sensor!
<59>3 2025-12-17T17:49:18.834Z investorharness.name nihil 799 ID30 - Indexing the hard drive won't do anything, we need to hack the online HTTP transmitter!
<15>3 2025-12-17T17:49:18.834Z productbrand.biz sunt 7892 ID989 - Try to override the JBOD protocol, maybe it will generate the multi-byte alarm!
<108>1 2025-12-17T17:49:18.834Z districttechnologies.org ut 9033 ID593 - We need to generate the 1080p EXE transmitter!
<116>1 2025-12-17T17:49:18.834Z nationalbrand.org optio 1306 ID1000 - Use the 1080p COM pixel, then you can index the neural capacitor!
<16>1 2025-12-17T17:49:18.834Z globalopen-source.com quae 7050 ID663 - Try to connect the SQL card, maybe it will parse the digital microchip!
<179>2 2025-12-17T17:49:18.834Z leadnetworks.biz perferendis 921 ID427 - We need to synthesize the redundant FTP microchip!
<13>Dec 17 17:50:19 gateway authd[1000]: user=iliyan_momin password=WQLFthAqm status=rejected
<174>3 2025-12-17T17:49:18.834Z centralfront-end.name quo 1066 ID892 - You can't bypass the driver without quantifying the digital HTTP transmitter!
<13>Dec 17 17:50:23 gateway authd[1000]: user=iliyan_momin password=86BbPipUtApOl status=rejected
<13>Dec 17 17:50:24 gateway authd[1000]: user=mahek_ramzan password=N1fO3IBenReae status=rejected
<61>2 2025-12-17T17:49:18.834Z futuree-markets.info aut 179 ID568 - You can't index the circuit without copying the bluetooth FTP bus!
<13>Dec 17 17:50:27 gateway authd[1000]: user=aly_a password=TfBDmRiypu status=rejected
<69>2 2025-12-17T17:49:18.834Z customerbricks-and-clicks.info enim 7039 ID890 - I'Ll synthesize the redundant HDD system, that should pixel the HDD microchip!
<13>Dec 17 17:50:30 gateway authd[1000]: user=armaan_chakkiwala password=5xFytimuWwTb status=rejected
<39>1 2025-12-17T17:49:18.834Z humane-business.com dolor 1617 ID787 - Backing up the microchip won't do anything, we need to transmit the multi-byte SAS application!
<13>Dec 17 17:50:33 gateway authd[1000]: user=fayyaz_makhani password=Srcz4gxDbY status=rejected
<120>3 2025-12-17T17:49:18.834Z humannetworks.io nisi 4129 ID733 - You can't reboot the transmitter without bypassing the back-end SDD port!
<166>2 2025-12-17T17:49:18.834Z legacyharness.com reiciendis 6761 ID279 - You can't quantify the transmitter without connecting the primary PNG driver!
<107>1 2025-12-17T17:49:18.834Z forwardweb-enabled.info nihil 2334 ID536 - I'Ll copy the back-end AGP monitor, that should monitor the AGP firewall!
<71>1 2025-12-17T17:49:18.834Z principalmorph.io voluptatem 86 ID389 - Try to reboot the RSS firewall, maybe it will calculate the cross-platform panel!
<13>Dec 17 17:50:34 gateway authd[1000]: user=anita_karim password=OT6cL0DcZ status=rejected
<78>1 2025-12-17T17:49:18.834Z dynamicwireless.name hic 5566 ID901 - We need to connect the open-source TCP card!
<108>2 2025-12-17T17:49:18.834Z internalinfomediaries.org totam 1177 ID980 - Use the wireless JBOD transmitter, then you can parse the wireless bandwidth!
<114>3 2025-12-17T17:49:18.834Z legacyefficient.io voluptates 5028 ID497 - Try to index the SQL circuit, maybe it will connect the redundant microchip!
<33>1 2025-12-17T17:49:18.834Z humancontent.net consequatur 138 ID801 - You can't quantify the alarm without navigating the redundant ADP array!
<176>2 2025-12-17T17:49:18.834Z seniorportals.org optio 2780 ID747 - I'Ll hack the virtual RAM program, that should card the HTTP matrix!
<16>3 2025-12-17T17:49:18.834Z centralseamless.org voluptatem 6804 ID431 - You can't copy the panel without overriding the optical EXE bandwidth!
<98>1 2025-12-17T17:49:18.834Z seniorarchitectures.name atque 9252 ID316 - If we parse the program, we can get to the SDD alarm through the cross-platform SMTP firewall!
<71>1 2025-12-17T17:49:18.834Z principalmatrix.io consequatur 5415 ID318 - The HTTP driver is down, quantify the auxiliary circuit so we can bypass the HDD driver!
<125>2 2025-12-17T17:49:18.834Z chiefextensible.net modi 3800 ID609 - Try to synthesize the JSON system, maybe it will hack the optical card!
<13>Dec 17 17:50:37 gateway authd[1000]: user=rozi password=h3lpcTdXBLf status=rejected
<27>2 2025-12-17T17:49:18.834Z humanparadigms.com unde 1073 ID682 - I'Ll transmit the redundant AGP matrix, that should sensor the PCI matrix!
<15>3 2025-12-17T17:49:18.834Z centralbricks-and-clicks.org culpa 7750 ID515 - Transmitting the port won't do anything, we need to hack the mobile EXE capacitor!
<177>3 2025-12-17T17:49:18.834Z internalinterfaces.org dolore 6848 ID151 - Use the digital IB feed, then you can navigate the digital bus!
<178>3 2025-12-17T17:49:18.834Z internalevolve.org aliquid 5244 ID28 - I'Ll compress the optical PCI bandwidth, that should program the AI microchip!
<13>Dec 17 17:50:41 gateway authd[1000]: user=anita_karim password=gbSdIXt4HLQp status=rejected
<13>Dec 17 17:50:46 gateway authd[1000]: user=aly_a password=Zx3V3BQz0VEHd status=rejected
<146>3 2025-12-17T17:49:18.834Z legacyvalue-added.org ut 372 ID49 - Use the solid state SDD alarm, then you can override the 1080p firewall!
<127>1 2025-12-17T17:49:18.834Z dynamicdeliverables.net laborum 1489 ID290 - You can't bypass the matrix without compressing the virtual CSS circuit!
<60>1 2025-12-17T17:49:18.834Z futureempower.info qui 3042 ID653 - We need to input the virtual JBOD capacitor!
<145>1 2025-12-17T17:49:18.834Z regionalsynergize.name et 8661 ID906 - I'Ll navigate the bluetooth HDD matrix, that should port the PCI system!
<72>1 2025-12-17T17:49:18.834Z globalenterprise.com optio 3040 ID880 - If we hack the sensor, we can get to the SQL interface through the online USB system!
<109>3 2025-12-17T17:49:18.834Z futureend-to-end.net aut 1764 ID632 - Indexing the firewall won't do anything, we need to reboot the virtual ADP panel!
<180>3 2025-12-17T17:49:18.834Z leadsexy.com esse 7732 ID890 - I'Ll reboot the neural SAS monitor, that should alarm the XSS firewall!
<159>2 2025-12-17T17:49:18.834Z productinfrastructures.info est 5394 ID645 - If we generate the port, we can get to the JSON monitor through the cross-platform GB protocol!
<13>Dec 17 17:50:49 gateway authd[1000]: user=naveed_patel password=gitD6k2Y status=rejected
<13>Dec 17 17:50:54 gateway authd[1000]: user=alymuhammad_bijani password=U4z4Y9JIvL0iXw status=rejected
<160>3 2025-12-17T17:49:18.834Z principalparadigms.org illum 3944 ID464 - The AI matrix is down, program the open-source bandwidth so we can synthesize the IB interface!
<62>2 2025-12-17T17:49:18.834Z districtweb-readiness.io enim 7079 ID143 - You can't generate the microchip without generating the virtual SCSI pixel!
<13>Dec 17 17:50:55 gateway authd[1000]: user=salim_gheewalla password=EcyDkMSJ status=rejected
<23>2 2025-12-17T17:49:18.834Z dynamicweb services.com nam 4504 ID216 - We need to copy the virtual XML feed!
<53>3 2025-12-17T17:49:18.834Z legacysynergistic.info quasi 3312 ID337 - You can't copy the microchip without overriding the primary HTTP transmitter!
<2>1 2025-12-17T17:49:18.834Z corporatenext-generation.com laborum 6499 ID67 - I'Ll bypass the primary TCP feed, that should firewall the JSON system!
<77>2 2025-12-17T17:49:18.834Z customerbrand.io deleniti 5434 ID263 - We need to bypass the primary XML circuit!
<191>3 2025-12-17T17:49:18.834Z seniorinfomediaries.biz in 5331 ID630 - The SAS microchip is down, synthesize the auxiliary circuit so we can calculate the TCP system!
<49>1 2025-12-17T17:49:18.834Z internalrevolutionary.name tempora 1759 ID825 - The SCSI feed is down, generate the multi-byte capacitor so we can transmit the SDD firewall!
<13>Dec 17 17:50:58 gateway authd[1000]: user=ahil_hashim password=1PF27DN7EgtF status=rejected
<149>3 2025-12-17T17:49:18.834Z chiefproactive.info sint 8486 ID244 - You can't bypass the bus without calculating the digital RAM alarm!
<92>3 2025-12-17T17:49:18.834Z producttransition.biz quae 7612 ID375 - Use the primary SSL array, then you can connect the online application!
<13>Dec 17 17:51:00 gateway authd[1000]: user=shehzad_merchant password=Fc1ip5nLed status=rejected
<15>2 2025-12-17T17:49:18.834Z globalniches.info eius 1519 ID447 - Use the optical RAM protocol, then you can program the 1080p application!
<166>2 2025-12-17T17:49:18.834Z nationalmission-critical.name libero 1981 ID494 - Try to input the RSS sensor, maybe it will back up the solid state firewall!
<13>Dec 17 17:51:02 gateway authd[1000]: user=alymuhammad_bijani password=DQ9HsVWPEp status=rejected
<13>Dec 17 17:51:07 gateway authd[1000]: user=murad password=wvGu3rUK status=rejected
<62>3 2025-12-17T17:49:18.834Z directharness.net in 5984 ID733 - We need to override the open-source GB application!
<47>1 2025-12-17T17:49:18.834Z globalvisualize.org ab 9999 ID197 - The SSL bandwidth is down, index the optical alarm so we can index the SAS pixel!
<106>2 2025-12-17T17:49:18.834Z humangranular.org rerum 4000 ID56 - Try to navigate the COM interface, maybe it will compress the mobile sensor!
<13>Dec 17 17:51:08 gateway authd[1000]: user=serena_tejani_rahemtulla password=1f9Zk2kjHuBp status=rejected
<85>3 2025-12-17T17:49:18.834Z principalincentivize.biz possimus 9415 ID492 - The PCI bus is down, index the mobile matrix so we can calculate the SSL bandwidth!
<191>3 2025-12-17T17:49:18.834Z chiefcustomized.net optio 1752 ID119 - If we hack the microchip, we can get to the HDD card through the cross-platform COM capacitor!
<190>3 2025-12-17T17:49:18.834Z principalextend.org laudantium 5992 ID189 - The XSS matrix is down, calculate the wireless card so we can generate the SMS port!
<16>3 2025-12-17T17:49:18.834Z principal24/365.biz itaque 340 ID34 - If we input the transmitter, we can get to the AGP firewall through the redundant IB system!
<13>Dec 17 17:51:09 gateway authd[1000]: user=riyaz_popatia password=7A8Y7aVVQW9 status=rejected
<13>Dec 17 17:51:13 gateway authd[1000]: user=shahzeb_jiwani password=QbEU4KaP status=rejected
<64>1 2025-12-17T17:49:18.834Z internationalsynthesize.com deleniti 5775 ID281 - Bypassing the program won't do anything, we need to navigate the primary USB alarm!
<102>3 2025-12-17T17:49:18.834Z nationalintegrated.io cum 8628 ID230 - The THX program is down, compress the digital driver so we can compress the RAM program!
<77>3 2025-12-17T17:49:18.834Z productleverage.com explicabo 399 ID855 - You can't hack the matrix without programming the digital SMTP interface!
<8>1 2025-12-17T17:49:18.834Z investorinnovate.name in 3047 ID50 - Use the open-source XSS port, then you can synthesize the primary system!
<68>1 2025-12-17T17:49:18.834Z centralcompelling.io reiciendis 4600 ID765 - You can't synthesize the bandwidth without synthesizing the solid state AI driver!
<171>3 2025-12-17T17:49:18.834Z principalpartnerships.com amet 2641 ID395 - If we override the application, we can get to the XSS system through the mobile AGP bus!
<109>3 2025-12-17T17:49:18.834Z leaditerate.net optio 7736 ID579 - Try to hack the RAM array, maybe it will program the optical microchip!
<13>Dec 17 17:51:16 gateway authd[1000]: user=anita_karim password=H2cgEb9asG status=rejected
<39>1 2025-12-17T17:49:18.834Z dynamicinterfaces.biz reiciendis 5272 ID986 - Transmitting the microchip won't do anything, we need to synthesize the open-source SDD feed!
<13>Dec 17 17:51:19 gateway authd[1000]: user=murad password=AlVg0R7cA3Rxji status=rejected
<91>3 2025-12-17T17:49:18.834Z seniorinteractive.biz nihil 7109 ID597 - We need to override the wireless SCSI array!
<13>Dec 17 17:51:21 gateway authd[1000]: user=salim_gheewalla password=h8UEVKx4 status=rejected
<6>3 2025-12-17T17:49:18.834Z districtfront-end.name temporibus 1742 ID109 - You can't copy the alarm without overriding the back-end CSS panel!
<13>Dec 17 17:51:24 gateway authd[1000]: user=moses_merchant password=WRa05HNpnB status=rejected
<13>Dec 17 17:51:27 gateway authd[1000]: user=serena_tejani_rahemtulla password=WcmF9EbW status=rejected
<178>1 2025-12-17T17:49:18.834Z humanfacilitate.name recusandae 5545 ID892 - Try to calculate the AI pixel, maybe it will quantify the online firewall!
<5>2 2025-12-17T17:49:18.834Z internationaliterate.io non 5790 ID351 - I'Ll quantify the haptic HDD feed, that should firewall the JBOD bandwidth!
<104>2 2025-12-17T17:49:18.834Z internationaldrive.name fugit 2301 ID505 - You can't copy the microchip without quantifying the open-source PCI interface!
<82>1 2025-12-17T17:49:18.834Z corporatemodels.org harum 9728 ID870 - The XML program is down, hack the digital array so we can input the SSL driver!
<38>2 2025-12-17T17:49:18.834Z nationalvortals.io inventore 9133 ID931 - Calculating the bus won't do anything, we need to quantify the back-end IB capacitor!
<133>2 2025-12-17T17:49:18.834Z productsyndicate.io aliquam 908 ID192 - We need to bypass the neural SMTP sensor!
<112>2 2025-12-17T17:49:18.834Z leadembrace.biz perferendis 2323 ID14 - I'Ll synthesize the haptic SQL hard drive, that should sensor the USB matrix!
<13>Dec 17 17:51:31 gateway authd[1000]: user=armaan_chakkiwala password=382k14TcLvCoV5 status=rejected
<42>3 2025-12-17T17:49:18.834Z corporatecommunities.io sunt 1929 ID139 - You can't compress the array without connecting the back-end EXE pixel!
<13>Dec 17 17:51:35 gateway authd[1000]: user=salim_notta password=fsOGPfCyS status=rejected
<175>2 2025-12-17T17:49:18.834Z customerdeploy.io dignissimos 5287 ID892 - Try to compress the XSS program, maybe it will navigate the primary bandwidth!
<136>1 2025-12-17T17:49:18.834Z product24/365.org et 4596 ID399 - Try to override the SAS monitor, maybe it will navigate the primary bus!
<30>1 2025-12-17T17:49:18.834Z investorout-of-the-box.net corrupti 9365 ID448 - Parsing the microchip won't do anything, we need to program the redundant SMS bandwidth!
<93>3 2025-12-17T17:49:18.834Z regionalfront-end.info harum 4240 ID286 - If we connect the circuit, we can get to the SDD driver through the neural AGP program!
<1>1 2025-12-17T17:49:18.834Z chiefcultivate.name modi 1904 ID50 - Backing up the application won't do anything, we need to back up the open-source FTP pixel!
<41>3 2025-12-17T17:49:18.834Z dynamicexpedite.info molestiae 1877 ID617 - Try to override the CSS microchip, maybe it will transmit the cross-platform card!
<13>Dec 17 17:51:37 gateway authd[1000]: user=ali_dharani password=4WVfKdai2vw2 status=rejected
<42>2 2025-12-17T17:49:18.834Z principalreintermediate.net eveniet 2760 ID20 - Try to back up the PCI interface, maybe it will reboot the 1080p transmitter!
<52>2 2025-12-17T17:49:18.834Z districte-services.io in 4216 ID633 - The CSS bus is down, hack the primary protocol so we can program the PCI application!
<13>Dec 17 17:51:39 gateway authd[1000]: user=amyn password=LMovhupj6Pa status=rejected
<13>Dec 17 17:51:41 gateway authd[1000]: user=alymuhammad_bijani password=QkeRrGC1f status=rejected
<178>3 2025-12-17T17:49:18.834Z dynamicproductize.io sunt 901 ID202 - If we hack the matrix, we can get to the SAS transmitter through the bluetooth TCP matrix!
<140>2 2025-12-17T17:49:18.834Z customerinfomediaries.biz omnis 6568 ID106 - Calculating the circuit won't do anything, we need to quantify the open-source RAM firewall!
<13>Dec 17 17:51:45 gateway authd[1000]: user=jamil_jaffer password=B5eQPOP5HoJ8L status=rejected
<48>3 2025-12-17T17:49:18.834Z internationalcompelling.org harum 9063 ID980 - You can't transmit the protocol without parsing the haptic SSL alarm!
<171>2 2025-12-17T17:49:18.834Z seniormaximize.name necessitatibus 4157 ID446 - Use the open-source XSS capacitor, then you can bypass the solid state transmitter!
<13>Dec 17 17:51:46 gateway authd[1000]: user=amyn_sarif password=5z42HC9EJ2PXk status=rejected
<164>1 2025-12-17T17:49:18.834Z principalb2b.net omnis 629 ID96 - Generating the program won't do anything, we need to copy the back-end SMS system!
<13>Dec 17 17:51:47 gateway authd[1000]: user=naseem_huda_buckley password=K4E1xEr8eE status=rejected
<13>Dec 17 17:51:50 gateway authd[1000]: user=zull_nensi password=BhWChFZF5C status=rejected
<162>2 2025-12-17T17:49:18.834Z directweb-enabled.com maiores 9722 ID713 - If we parse the hard drive, we can get to the RSS bandwidth through the primary COM sensor!
<158>1 2025-12-17T17:49:18.834Z dynamicfacilitate.biz debitis 4131 ID772 - We need to generate the wireless XML program!
<45>3 2025-12-17T17:49:18.834Z forwarde-markets.name ipsum 4350 ID398 - Generating the system won't do anything, we need to parse the wireless SSL port!
<174>3 2025-12-17T17:49:18.834Z directnetworks.net ullam 4517 ID288 - You can't reboot the microchip without bypassing the virtual TCP system!
<40>2 2025-12-17T17:49:18.834Z nationalarchitect.net incidunt 2571 ID462 - Use the haptic HTTP driver, then you can copy the optical capacitor!
<153>2 2025-12-17T17:49:18.834Z centraltechnologies.biz eos 3846 ID766 - Try to program the GB matrix, maybe it will program the haptic microchip!
<181>2 2025-12-17T17:49:18.834Z leadweb-readiness.io quibusdam 3725 ID628 - If we hack the bus, we can get to the SMTP system through the mobile CSS matrix!
<47>1 2025-12-17T17:49:18.834Z investordeploy.io officia 3123 ID566 - You can't copy the interface without connecting the online HDD hard drive!
<13>Dec 17 17:51:51 gateway authd[1000]: user=iliyan_momin password=wXyUY6a0 status=rejected
<11>3 2025-12-17T17:49:18.834Z customerreinvent.org eos 2320 ID314 - I'Ll generate the open-source SMS hard drive, that should firewall the SQL monitor!
<106>3 2025-12-17T17:49:18.834Z centralmorph.info at 8331 ID597 - We need to parse the redundant SDD alarm!
<5>3 2025-12-17T17:49:18.834Z dynamiccross-platform.biz officiis 1278 ID857 - The JBOD array is down, reboot the haptic application so we can navigate the HTTP card!
<13>Dec 17 17:51:54 gateway authd[1000]: user=salim_gheewalla password=qxEOeXm1 status=rejected
<13>Dec 17 17:51:57 gateway authd[1000]: user=aly_a password=2UX2vbnxRxNxi status=rejected
<177>3 2025-12-17T17:49:18.834Z investorusers.com molestiae 9165 ID818 - You can't index the port without indexing the digital ADP program!
<13>Dec 17 17:51:59 gateway authd[1000]: user=farid_merchant password=3YlTBris2J status=rejected
<137>1 2025-12-17T17:49:18.834Z principaltechnologies.info voluptas 8544 ID5 - Connecting the transmitter won't do anything, we need to parse the bluetooth PNG protocol!
<116>3 2025-12-17T17:49:18.834Z directaction-items.com voluptatem 8072 ID852 - Calculating the pixel won't do anything, we need to parse the cross-platform RAM circuit!
<13>Dec 17 17:52:00 gateway authd[1000]: user=marriam_shah password=YKKkeQ2sUVYi1 status=rejected
<144>2 2025-12-17T17:49:18.834Z forwardturn-key.io voluptas 7368 ID773 - We need to index the solid state JBOD driver!
<13>Dec 17 17:52:05 gateway authd[1000]: user=arshad_somani password=WbsGg5H5bp status=rejected
<13>Dec 17 17:52:09 gateway authd[1000]: user=jamil_jaffer password=l46BCFHIC status=rejected
<0>2 2025-12-17T17:49:18.834Z futureintegrated.com vel 9672 ID692 - Use the primary XML pixel, then you can input the solid state bandwidth!
<13>Dec 17 17:52:10 gateway authd[1000]: user=shahzeb_jiwani password=szNOQBmXfu2 status=rejected
<152>3 2025-12-17T17:49:18.834Z internalcross-media.io deleniti 265 ID268 - If we synthesize the transmitter, we can get to the SMTP transmitter through the online XML feed!
<13>Dec 17 17:52:12 gateway authd[1000]: user=riyaz_popatia password=5WnI54j79Rj status=rejected
<135>3 2025-12-17T17:49:18.834Z investorinnovate.net quidem 2109 ID594 - If we reboot the transmitter, we can get to the SAS array through the auxiliary HTTP interface!
<13>Dec 17 17:52:17 gateway authd[1000]: user=shehzad_merchant password=bi8JBSDL status=rejected
<52>2 2025-12-17T17:49:18.834Z investorcommunities.name et 1871 ID789 - Use the digital HTTP capacitor, then you can program the multi-byte port!
<138>1 2025-12-17T17:49:18.834Z leadaction-items.net voluptatem 5670 ID991 - You can't bypass the program without parsing the primary HDD system!
<58>3 2025-12-17T17:49:18.834Z customerunleash.name eaque 5023 ID700 - The XML system is down, override the haptic monitor so we can transmit the CSS card!
<10>1 2025-12-17T17:49:18.834Z humanweb services.info amet 6145 ID440 - We need to override the mobile THX transmitter!
<13>Dec 17 17:52:18 gateway authd[1000]: user=rozi password=HhQM7e8gdie status=rejected
<116>2 2025-12-17T17:49:18.834Z globalharness.biz cum 3842 ID650 - You can't reboot the pixel without overriding the redundant HDD sensor!
<117>3 2025-12-17T17:49:18.834Z productdistributed.com ducimus 1435 ID607 - Use the virtual AGP matrix, then you can connect the multi-byte protocol!
<52>2 2025-12-17T17:49:18.834Z seniorbleeding-edge.net ut 7311 ID716 - Try to index the ADP pixel, maybe it will copy the open-source monitor!
<13>Dec 17 17:52:20 gateway authd[1000]: user=marriam_shah password=dkv07U3F status=rejected
<13>Dec 17 17:52:25 gateway authd[1000]: user=amyn password=jJyH5tRJye status=rejected
<13>Dec 17 17:52:30 gateway authd[1000]: user=serena_tejani_rahemtulla password=deDpONPeN4SX status=rejected
<185>1 2025-12-17T17:49:18.834Z seniore-business.name impedit 3328 ID693 - I'Ll override the virtual SSL panel, that should capacitor the HTTP circuit!
<13>Dec 17 17:52:33 gateway authd[1000]: user=saurabh password=iCJ01UOT status=rejected
<133>1 2025-12-17T17:49:18.834Z legacyglobal.info at 3246 ID249 - You can't generate the bandwidth without transmitting the redundant USB hard drive!
<13>Dec 17 17:52:35 gateway authd[1000]: user=salim_notta password=Cg1vciVZdsy status=rejected
<173>3 2025-12-17T17:49:18.834Z productkiller.biz nulla 4234 ID317 - The GB panel is down, quantify the multi-byte microchip so we can copy the SMTP card!
<13>Dec 17 17:52:39 gateway authd[1000]: user=murad_kajani password=gxsHanQUEmZdf status=rejected
<45>2 2025-12-17T17:49:18.834Z legacydeliverables.com quis 9597 ID970 - We need to synthesize the haptic SCSI monitor!
<46>3 2025-12-17T17:49:18.834Z productweb-enabled.org ducimus 4324 ID864 - Use the digital TCP firewall, then you can override the digital interface!
<46>2 2025-12-17T17:49:18.834Z directmonetize.org enim 5808 ID858 - The IB array is down, back up the wireless capacitor so we can connect the HTTP port!
<118>3 2025-12-17T17:49:18.834Z districtchannels.name corrupti 9975 ID254 - The RAM driver is down, parse the multi-byte system so we can copy the TCP hard drive!
<13>Dec 17 17:52:40 gateway authd[1000]: user=rozi password=jsp1ZQeCFGd07q status=rejected
<128>3 2025-12-17T17:49:18.834Z forwardintuitive.info consequatur 4381 ID40 - Try to generate the IB monitor, maybe it will reboot the back-end microchip!
<21>3 2025-12-17T17:49:18.834Z centraltransition.io hic 6217 ID860 - We need to bypass the wireless ADP port!
<138>2 2025-12-17T17:49:18.834Z dynamicinteractive.org harum 4313 ID863 - We need to copy the open-source GB bus!
<42>3 2025-12-17T17:49:18.834Z dynamice-markets.org non 8862 ID294 - We need to bypass the cross-platform AI feed!
<170>1 2025-12-17T17:49:18.834Z futuremagnetic.name voluptatem 7707 ID216 - The PCI feed is down, connect the open-source program so we can connect the GB bus!
<17>3 2025-12-17T17:49:18.834Z directe-enable.name est 5528 ID904 - Use the online EXE bandwidth, then you can generate the haptic system!
<52>2 2025-12-17T17:49:18.834Z productinterfaces.org voluptas 6321 ID704 - The FTP array is down, calculate the cross-platform firewall so we can synthesize the RSS capacitor!
<182>3 2025-12-17T17:49:18.834Z internationalgranular.net et 1516 ID408 - We need to bypass the multi-byte ADP microchip!
<49>1 2025-12-17T17:49:18.834Z dynamicrepurpose.name et 5524 ID212 - If we connect the bandwidth, we can get to the COM alarm through the bluetooth THX interface!
<91>1 2025-12-17T17:49:18.834Z chiefparadigms.com aliquam 1188 ID487 - You can't calculate the feed without compressing the primary JSON transmitter!
<102>2 2025-12-17T17:49:18.834Z directinteractive.com velit 4056 ID236 - Use the haptic FTP card, then you can override the open-source bus!
<150>1 2025-12-17T17:49:18.834Z forwardworld-class.biz saepe 577 ID809 - Use the back-end SMTP panel, then you can generate the back-end card!
<13>Dec 17 17:52:41 gateway authd[1000]: user=michelle_hirani_khoja password=11KxilrxnG status=rejected
<113>1 2025-12-17T17:49:18.834Z internalrich.io consectetur 1269 ID975 - You can't hack the protocol without backing up the open-source SDD port!
<25>2 2025-12-17T17:49:18.834Z globalembrace.io fuga 429 ID238 - You can't compress the system without bypassing the 1080p RSS feed!
<13>Dec 17 17:52:46 gateway authd[1000]: user=marriam_shah password=C00Zzwi1HF status=rejected
<72>1 2025-12-17T17:49:18.834Z principalimplement.org odio 5504 ID979 - We need to navigate the wireless FTP application!
<60>2 2025-12-17T17:49:18.834Z nationalrich.io suscipit 8339 ID245 - The RAM matrix is down, generate the back-end bus so we can synthesize the ADP protocol!
<66>3 2025-12-17T17:49:18.834Z chiefworld-class.org amet 1817 ID673 - If we navigate the microchip, we can get to the XSS feed through the haptic SAS application!
<85>2 2025-12-17T17:49:18.834Z futurestrategic.name qui 1206 ID41 - Copying the array won't do anything, we need to input the neural PCI capacitor!
<13>Dec 17 17:52:49 gateway authd[1000]: user=arshad_somani password=FD3y0si76Eju4 status=rejected
<13>Dec 17 17:52:50 gateway authd[1000]: user=ali_dharani password=UWmc0m0bvJY2i1 status=rejected
<13>Dec 17 17:52:51 gateway authd[1000]: user=mahek_ramzan password=LzFSOpA2y5aM status=rejected
<13>Dec 17 17:52:54 gateway authd[1000]: user=shehzad_merchant password=AzixCxdJikYjWg status=rejected
<21>3 2025-12-17T17:49:18.834Z internalincentivize.org in 268 ID579 - We need to calculate the back-end RSS matrix!
<30>2 2025-12-17T17:49:18.834Z directb2b.net dolorem 1167 ID301 - Try to quantify the HTTP pixel, maybe it will input the bluetooth port!
<13>Dec 17 17:52:58 gateway authd[1000]: user=saurabh password=FV9BuMwZ328ivM status=rejected
<185>3 2025-12-17T17:49:18.834Z principalmatrix.info doloremque 5005 ID115 - The PCI matrix is down, quantify the multi-byte circuit so we can copy the GB array!
<113>1 2025-12-17T17:49:18.834Z productcustomized.info illum 3722 ID835 - The PCI microchip is down, compress the auxiliary firewall so we can override the SMTP microchip!
<13>Dec 17 17:53:03 gateway authd[1000]: user=moses_merchant password=VEDxGm4jDKkW status=rejected
<13>Dec 17 17:53:05 gateway authd[1000]: user=shahzeb_jiwani password=r5lKuAI4 status=rejected
<150>1 2025-12-17T17:49:18.834Z directstreamline.com aut 9523 ID323 - We need to generate the optical PNG card!
<145>1 2025-12-17T17:49:18.834Z productwhiteboard.name ut 7016 ID758 - I'Ll connect the cross-platform USB matrix, that should alarm the SAS pixel!
<95>3 2025-12-17T17:49:18.834Z dynamicschemas.info impedit 1813 ID968 - If we quantify the card, we can get to the GB matrix through the virtual GB pixel!
<15>3 2025-12-17T17:49:18.834Z chiefdeploy.net voluptas 7016 ID624 - We need to generate the auxiliary SDD feed!
<29>2 2025-12-17T17:49:18.834Z seniorfunctionalities.biz et 2432 ID495 - If we hack the protocol, we can get to the HTTP interface through the auxiliary USB card!
<131>2 2025-12-17T17:49:18.834Z dynamicenhance.info sed 3280 ID963 - Use the multi-byte SCSI sensor, then you can hack the 1080p sensor!
<151>2 2025-12-17T17:49:18.834Z districtpartnerships.com quod 8314 ID548 - You can't bypass the sensor without indexing the solid state SQL hard drive!
<190>1 2025-12-17T17:49:18.834Z directone-to-one.info nesciunt 1842 ID479 - You can't bypass the capacitor without copying the solid state FTP monitor!
<13>Dec 17 17:53:07 gateway authd[1000]: user=fayyaz_makhani password=dc7cB1w7BRJ3eQ status=rejected
<35>3 2025-12-17T17:49:18.834Z principalfrictionless.org et 3349 ID101 - We need to calculate the auxiliary SAS system!
<36>1 2025-12-17T17:49:18.834Z customerincentivize.info cumque 1616 ID787 - If we index the application, we can get to the SMS driver through the primary SCSI circuit!
<52>2 2025-12-17T17:49:18.834Z nationalweb-enabled.info non 9030 ID634 - Parsing the feed won't do anything, we need to calculate the 1080p SDD system!
<114>2 2025-12-17T17:49:18.834Z directscalable.info itaque 7333 ID36 - You can't calculate the matrix without transmitting the open-source JSON capacitor!
<13>Dec 17 17:53:11 gateway authd[1000]: user=jamil_jaffer password=BjVRAM8vC26I status=rejected
<116>2 2025-12-17T17:49:18.834Z globalniches.name eum 3739 ID888 - Quantifying the alarm won't do anything, we need to reboot the back-end ADP sensor!
<82>3 2025-12-17T17:49:18.834Z dynamictransparent.name unde 2042 ID934 - The IB firewall is down, compress the primary hard drive so we can override the JSON bus!
<13>Dec 17 17:53:13 gateway authd[1000]: user=naseem_huda_buckley password=OIWoNEgt status=rejected
<13>Dec 17 17:53:15 gateway authd[1000]: user=riyaz_popatia password=w7K8huNn status=rejected
<111>3 2025-12-17T17:49:18.834Z corporatesolutions.com nisi 5521 ID595 - If we reboot the monitor, we can get to the FTP hard drive through the virtual XML bandwidth!
<97>1 2025-12-17T17:49:18.834Z customersupply-chains.io doloremque 9466 ID706 - Try to compress the COM interface, maybe it will input the mobile panel!
<13>Dec 17 17:53:18 gateway authd[1000]: user=zull_nensi password=PSl94fv8rV0 status=rejected
<107>3 2025-12-17T17:49:18.834Z corporateunleash.biz soluta 9503 ID419 - Calculating the transmitter won't do anything, we need to parse the wireless SAS bus!
<39>1 2025-12-17T17:49:18.834Z humanweb-readiness.org accusantium 7701 ID714 - If we synthesize the panel, we can get to the JSON protocol through the cross-platform CSS bandwidth!
<105>2 2025-12-17T17:49:18.834Z internationalbest-of-breed.com placeat 8296 ID643 - The AI monitor is down, input the cross-platform interface so we can generate the RAM port!
<13>Dec 17 17:53:23 gateway authd[1000]: user=murad_kajani password=V0SdTtoP9pUcJg status=rejected
<173>3 2025-12-17T17:49:18.834Z productreintermediate.net minus 2715 ID531 - You can't transmit the bandwidth without hacking the solid state XML card!
<94>2 2025-12-17T17:49:18.834Z seniorharness.name porro 1900 ID424 - The SCSI bandwidth is down, connect the multi-byte bandwidth so we can input the SMS card!
<16>3 2025-12-17T17:49:18.834Z centralintuitive.info omnis 879 ID497 - Try to connect the SDD bus, maybe it will synthesize the neural alarm!
<70>3 2025-12-17T17:49:18.834Z legacytechnologies.net optio 2329 ID555 - Try to back up the HDD matrix, maybe it will quantify the primary system!
<7>1 2025-12-17T17:49:18.834Z internationalmonetize.info sint 1401 ID817 - Try to hack the GB application, maybe it will connect the cross-platform array!
<81>3 2025-12-17T17:49:18.834Z principalinnovate.org aspernatur 9298 ID56 - Hacking the application won't do anything, we need to copy the optical SMS circuit!
<157>2 2025-12-17T17:49:18.834Z futureinnovate.io sunt 9934 ID855 - Calculating the monitor won't do anything, we need to connect the haptic ADP protocol!
<130>3 2025-12-17T17:49:18.834Z productrobust.net aut 600 ID663 - Calculating the panel won't do anything, we need to hack the auxiliary XSS system!
