<27>Dec 17 17:49:19 sauer6131 est[8843]: You can't parse the pixel without navigating the multi-byte XSS sensor!
<45>Dec 17 17:49:19 wunsch7581 nihil[3064]: Use the open-source ADP firewall, then you can generate the back-end application!
<69>Dec 17 17:49:19 buckridge1311 corporis[3515]: Overriding the feed won't do anything, we need to bypass the primary PNG card!
<161>Dec 17 17:49:19 lindgren1776 nam[9893]: Use the multi-byte THX alarm, then you can input the back-end monitor!
<134>Dec 17 17:49:19 weissnat4165 quis[3203]: I'Ll compress the haptic JBOD transmitter, that should system the XSS card!
<27>Dec 17 17:49:20 sauer6131 est[8843]: user=aly_a password=sc3ReweKQUGivH status=rejected
<9>Dec 17 17:49:19 kshlerin1851 itaque[4140]: We need to hack the virtual JSON matrix!
<27>Dec 17 17:49:23 sauer6131 est[8843]: user=farid_merchant password=sJT2nBsh8jZ status=rejected
<30>Dec 17 17:49:19 larson5712 molestiae[635]: Try to transmit the RAM matrix, maybe it will quantify the back-end alarm!
<63>Dec 17 17:49:19 dooley1351 ex[7355]: I'Ll bypass the solid state HTTP alarm, that should transmitter the SAS alarm!
<185>Dec 17 17:49:19 denesik1685 molestiae[351]: You can't program the alarm without parsing the virtual SMS alarm!
<176>Dec 17 17:49:19 upton3136 laboriosam[9753]: You can't input the capacitor without quantifying the back-end SQL program!
<27>Dec 17 17:49:21 sauer6131 est[8843]: user=zoheb_makani password=ZHQh3ULxDkgn status=rejected
<53>Dec 17 17:49:19 klein7410 et[2049]: I'Ll connect the redundant SMS hard drive, that should transmitter the RAM driver!
<8>Dec 17 17:49:19 prosacco7144 dolores[6750]: We need to calculate the haptic RSS driver!
<58>Dec 17 17:49:19 bahringer2461 qui[2705]: Use the optical XSS hard drive, then you can connect the redundant alarm!
<78>Dec 17 17:49:19 kassulke4276 dolores[8764]: Backing up the driver won't do anything, we need to copy the haptic AGP driver!
<27>Dec 17 17:49:21 sauer6131 est[8843]: user=aly_ali password=IQixUKMMZ3 status=rejected
<27>Dec 17 17:49:25 sauer6131 est[8843]: user=farez_vadsaria password=Y155QByvtrMToK status=rejected
<48>Dec 17 17:49:19 fisher1056 et[4377]: The HDD application is down, back up the primary application so we can bypass the SQL hard drive!
<9>Dec 17 17:49:19 brekke8420 ab[5090]: Quantifying the array won't do anything, we need to calculate the haptic THX capacitor!
<119>Dec 17 17:49:19 champlin1181 qui[6687]: I'Ll program the haptic AGP card, that should panel the XML port!
<122>Dec 17 17:49:19 hickle4016 explicabo[6662]: The SQL card is down, navigate the wireless transmitter so we can synthesize the IB application!
<27>Dec 17 17:49:22 sauer6131 est[8843]: user=armaan_chakkiwala password=jD9uAFDp0 status=rejected
<8>Dec 17 17:49:19 aufderhar5453 sed[6638]: Try to quantify the SCSI capacitor, maybe it will input the neural alarm!
<182>Dec 17 17:49:19 hegmann5868 quo[3793]: Use the online AI driver, then you can generate the neural circuit!
<27>Dec 17 17:49:24 sauer6131 est[8843]: user=ali_dharani password=0NK9XoDM status=rejected
<88>Dec 17 17:49:19 labadie5305 possimus[5361]: The PNG protocol is down, compress the optical application so we can quantify the XSS panel!
<27>Dec 17 17:49:21 sauer6131 est[8843]: user=zain_mitha password=QS4wdKINJIQ status=rejected
<27>Dec 17 17:49:22 sauer6131 est[8843]: user=alymuhammad_bijani password=IbzkZGRi9 status=rejected
<27>Dec 17 17:49:23 sauer6131 est[8843]: user=serena_tejani_rahemtulla password=UTLe6ZCsT status=rejected
<67>Dec 17 17:49:19 senger4534 temporibus[4594]: Try to transmit the JSON microchip, maybe it will hack the back-end array!
<27>Dec 17 17:49:23 sauer6131 est[8843]: user=salim_notta password=V21dkQGni status=rejected
<98>Dec 17 17:49:19 reynolds6726 animi[1920]: I'Ll copy the auxiliary AGP panel, that should program the SCSI application!
<9>Dec 17 17:49:19 runte5131 et[8259]: Try to back up the SQL protocol, maybe it will parse the neural protocol!
<85>Dec 17 17:49:19 raynor7872 fugit[7370]: If we generate the bandwidth, we can get to the SCSI program through the mobile JBOD feed!
<27>Dec 17 17:49:19 heller5311 eveniet[5082]: We need to calculate the cross-platform TCP system!
<165>Dec 17 17:49:19 rowe5008 consequatur[2320]: Hacking the capacitor won't do anything, we need to compress the primary RSS bandwidth!
<35>Dec 17 17:49:19 connelly8057 molestiae[6426]: We need to program the primary XML pixel!
<87>Dec 17 17:49:19 jakubowski8007 et[6349]: If we input the panel, we can get to the HTTP port through the haptic SAS alarm!
<27>Dec 17 17:49:21 sauer6131 est[8843]: user=salim_gheewalla password=3ts4IFvQwJwq00 status=rejected
<85>Dec 17 17:49:19 waelchi8577 cupiditate[4526]: Try to calculate the SDD port, maybe it will transmit the haptic array!
<120>Dec 17 17:49:19 huel2344 consequatur[2411]: Overriding the interface won't do anything, we need to override the multi-byte PCI feed!
<72>Dec 17 17:49:19 zieme5105 odit[4272]: If we index the hard drive, we can get to the HTTP microchip through the solid state SDD application!
<27>Dec 17 17:49:20 sauer6131 est[8843]: user=armaan_chakkiwala password=CpTaY4rKJ status=rejected
<27>Dec 17 17:49:23 sauer6131 est[8843]: user=arshad_somani password=j1f9QlqkmefrGZ status=rejected
<126>Dec 17 17:49:19 skiles5801 illum[3309]: I'Ll calculate the online SMS array, that should protocol the HDD feed!
<4>Dec 17 17:49:19 stark4762 corrupti[8471]: I'Ll parse the solid state SMTP microchip, that should application the THX firewall!
<27>Dec 17 17:49:20 sauer6131 est[8843]: user=ayaan_ajaney password=x7WxtnhTkr status=rejected
<162>Dec 17 17:49:19 jast3885 eum[4120]: We need to program the wireless PCI sensor!
<187>Dec 17 17:49:19 zboncak7017 modi[9628]: Try to bypass the SDD transmitter, maybe it will reboot the auxiliary bandwidth!
<27>Dec 17 17:49:23 sauer6131 est[8843]: user=alnoor_ladak password=zE2m311Wy status=rejected
<36>Dec 17 17:49:19 jacobson4884 nesciunt[3365]: Quantifying the driver won't do anything, we need to synthesize the neural SSL interface!
<13>Dec 17 17:49:19 kessler6231 accusamus[9481]: Bypassing the monitor won't do anything, we need to generate the virtual SAS circuit!
<111>Dec 17 17:49:19 purdy4003 sunt[4163]: We need to reboot the online HTTP monitor!
<147>Dec 17 17:49:19 dubuque8772 doloribus[4265]: Use the solid state SDD microchip, then you can back up the wireless panel!
<27>Dec 17 17:49:24 sauer6131 est[8843]: user=alnoor_ladak password=jR9kXSBnKW status=rejected
<164>Dec 17 17:49:19 gerlach4614 nobis[69]: We need to calculate the online IB bus!
<5>Dec 17 17:49:19 osinski1283 explicabo[1811]: If we hack the protocol, we can get to the EXE microchip through the solid state ADP circuit!
<117>Dec 17 17:49:19 lynch3345 qui[3873]: We need to generate the auxiliary COM monitor!
<112>Dec 17 17:49:19 zulauf3587 est[9260]: We need to connect the digital TCP array!
<125>Dec 17 17:49:19 goyette3608 ea[2791]: We need to index the neural SMS program!
<109>Dec 17 17:49:19 dicki3883 rerum[1645]: Try to input the ADP sensor, maybe it will generate the auxiliary port!
<15>Dec 17 17:49:19 wolff1404 ut[4596]: If we back up the circuit, we can get to the SAS alarm through the cross-platform PCI hard drive!
<8>Dec 17 17:49:19 mcclure3717 aliquid[5899]: Use the open-source ADP feed, then you can compress the haptic pixel!
<155>Dec 17 17:49:19 glover8614 eius[2578]: Try to generate the PNG microchip, maybe it will compress the cross-platform protocol!
<123>Dec 17 17:49:19 kilback4712 cum[7434]: You can't synthesize the application without overriding the solid state AI feed!
<21>Dec 17 17:49:19 ward3473 tempore[9544]: You can't synthesize the feed without navigating the auxiliary PCI feed!
<81>Dec 17 17:49:19 zulauf5474 necessitatibus[519]: Use the haptic IB matrix, then you can copy the back-end program!
<102>Dec 17 17:49:19 nitzsche2168 et[1053]: Use the neural TCP firewall, then you can navigate the virtual array!
<79>Dec 17 17:49:19 howe4301 sit[7179]: The PNG capacitor is down, hack the open-source interface so we can synthesize the SSL driver!
<42>Dec 17 17:49:19 farrell2036 ut[703]: If we connect the bus, we can get to the HTTP driver through the bluetooth XML alarm!
<174>Dec 17 17:49:19 simonis8617 mollitia[2020]: We need to navigate the back-end XSS matrix!
<27>Dec 17 17:49:24 sauer6131 est[8843]: user=alymuhammad_bijani password=gIYhMuWYoPc status=rejected
<0>Dec 17 17:49:19 reichert4021 qui[9885]: You can't navigate the circuit without parsing the bluetooth EXE hard drive!
<27>Dec 17 17:49:23 sauer6131 est[8843]: user=asif password=aQoiDlQJ status=rejected
<27>Dec 17 17:49:24 sauer6131 est[8843]: user=saira_jiwani password=488mBA8I status=rejected
<27>Dec 17 17:49:25 sauer6131 est[8843]: user=salim_gheewalla password=d6mJEEQpb4Idp status=rejected
<27>Dec 17 17:49:29 sauer6131 est[8843]: user=sajoo password=GdxZlTIbN status=rejected
<146>Dec 17 17:49:19 gibson2584 non[8939]: The CSS protocol is down, hack the haptic microchip so we can transmit the SMTP panel!
<62>Dec 17 17:49:19 simonis3248 aut[4981]: We need to navigate the auxiliary XSS hard drive!
<27>Dec 17 17:49:21 sauer6131 est[8843]: user=inara_rupani password=tXgfg14yVjFl status=rejected
<31>Dec 17 17:49:19 carroll5260 ut[7444]: I'Ll parse the multi-byte HDD monitor, that should monitor the USB card!
<27>Dec 17 17:49:22 sauer6131 est[8843]: user=murad password=ILm0c8HbGbgC status=rejected
<97>Dec 17 17:49:19 gleason7281 corporis[9002]: Transmitting the interface won't do anything, we need to compress the open-source SSL system!
<107>Dec 17 17:49:19 steuber7551 et[2741]: If we compress the card, we can get to the TCP alarm through the mobile SDD capacitor!
<49>Dec 17 17:49:19 lang3558 consequatur[1856]: Use the haptic RAM driver, then you can synthesize the online monitor!
<27>Dec 17 17:49:21 sauer6131 est[8843]: user=ali_dharani password=8PXWfMSDRUtk status=rejected
<183>Dec 17 17:49:19 hamill8654 possimus[2665]: The SDD capacitor is down, hack the 1080p alarm so we can generate the CSS hard drive!
<128>Dec 17 17:49:19 hamill4472 aut[392]: We need to connect the virtual RAM bus!
<129>Dec 17 17:49:19 nienow8035 quaerat[2900]: I'Ll quantify the auxiliary XSS feed, that should matrix the THX matrix!
<126>Dec 17 17:49:19 block7743 nam[2739]: Compressing the transmitter won't do anything, we need to parse the optical SQL application!
<16>Dec 17 17:49:19 murray5173 architecto[4148]: We need to navigate the cross-platform JSON interface!
<133>Dec 17 17:49:19 goldner5204 cupiditate[3132]: Overriding the capacitor won't do anything, we need to input the optical TCP monitor!
<21>Dec 17 17:49:19 gusikowski7808 consequuntur[5998]: I'Ll input the optical IB program, that should driver the FTP driver!
<126>Dec 17 17:49:19 bins3780 deleniti[3379]: Try to quantify the CSS protocol, maybe it will generate the mobile sensor!
<81>Dec 17 17:49:19 leannon2208 laudantium[6805]: Try to hack the FTP application, maybe it will generate the auxiliary transmitter!
<175>Dec 17 17:49:19 durgan7618 asperiores[869]: The FTP transmitter is down, transmit the 1080p pixel so we can generate the EXE port!
<27>Dec 17 17:49:24 sauer6131 est[8843]: user=zanir password=cJbBil1C status=rejected
<0>Dec 17 17:49:19 schultz3041 nemo[136]: You can't connect the alarm without transmitting the redundant HDD program!
<27>Dec 17 17:49:23 sauer6131 est[8843]: user=farez_vadsaria password=i8rV7iDH status=rejected
<17>Dec 17 17:49:19 grady2416 harum[200]: Try to index the SDD matrix, maybe it will generate the back-end bus!
<27>Dec 17 17:49:24 sauer6131 est[8843]: user=noah_ladak password=nxvYJFIwJ5RInq status=rejected
<97>Dec 17 17:49:19 brekke7280 aut[8829]: The XSS microchip is down, reboot the bluetooth pixel so we can reboot the RSS monitor!
<27>Dec 17 17:49:24 sauer6131 est[8843]: user=murad password=WCfpxu8Jj status=rejected
<27>Dec 17 17:49:25 sauer6131 est[8843]: user=salim_notta password=iJHUdD1Kh3LR status=rejected
<12>Dec 17 17:49:19 pfannerstill3777 ut[3070]: We need to compress the auxiliary SAS bandwidth!
<27>Dec 17 17:49:23 sauer6131 est[8843]: user=michelle_hirani_khoja password=Fx2JKNkEU6WOF status=rejected
<27>Dec 17 17:49:27 sauer6131 est[8843]: user=amyn password=fzOopEX20Da status=rejected
<138>Dec 17 17:49:19 dickens1816 aspernatur[7357]: The XML bus is down, parse the multi-byte driver so we can bypass the FTP bandwidth!
<66>Dec 17 17:49:19 brakus6074 vitae[3197]: Try to program the XSS protocol, maybe it will input the wireless hard drive!
<178>Dec 17 17:49:19 fahey2636 quas[580]: The COM alarm is down, bypass the cross-platform transmitter so we can reboot the CSS alarm!
<122>Dec 17 17:49:19 bernhard1715 id[6339]: We need to back up the primary PNG card!
<3>Dec 17 17:49:19 corkery6322 possimus[9483]: If we reboot the capacitor, we can get to the SCSI microchip through the virtual ADP system!
<36>Dec 17 17:49:19 davis6253 officia[973]: Indexing the system won't do anything, we need to connect the multi-byte RAM port!
<27>Dec 17 17:49:21 sauer6131 est[8843]: user=serena_tejani_rahemtulla password=dlirtVtRCAKzUj status=rejected
<131>Dec 17 17:49:19 wunsch4847 cum[6004]: We need to input the solid state PNG driver!
<47>Dec 17 17:49:19 blick5035 maxime[1881]: If we synthesize the card, we can get to the XML card through the primary SDD matrix!
<59>Dec 17 17:49:19 gutkowski2513 quaerat[858]: We need to program the neural TCP microchip!
<151>Dec 17 17:49:19 sporer7781 necessitatibus[2079]: The RAM alarm is down, quantify the redundant firewall so we can calculate the XML system!
<27>Dec 17 17:49:20 sauer6131 est[8843]: user=saira_jiwani password=0UimTCze status=rejected
<27>Dec 17 17:49:25 sauer6131 est[8843]: user=sajoo password=YcZt8IAAhHKRrX status=rejected
<0>Dec 17 17:49:19 conn1012 magni[8040]: Indexing the program won't do anything, we need to connect the virtual USB monitor!
<167>Dec 17 17:49:19 stroman2061 atque[844]: We need to parse the digital JBOD sensor!
<36>Dec 17 17:49:19 hirthe5874 architecto[5861]: The COM hard drive is down, back up the solid state application so we can navigate the SQL microchip!
<27>Dec 17 17:49:24 sauer6131 est[8843]: user=amin_jaffer password=mXGSGznT1V0 status=rejected
<27>Dec 17 17:49:27 sauer6131 est[8843]: user=murad password=ZWPf84i89v status=rejected
<177>Dec 17 17:49:19 mueller6813 aut[6274]: Try to index the GB system, maybe it will back up the neural system!
<165>Dec 17 17:49:19 schroeder7865 quisquam[7090]: The IB interface is down, generate the bluetooth firewall so we can override the AI matrix!
<34>Dec 17 17:49:19 tremblay5726 voluptatum[8456]: Quantifying the sensor won't do anything, we need to hack the open-source SMTP sensor!
<27>Dec 17 17:49:22 sauer6131 est[8843]: user=armaan_chakkiwala password=RCTllklut939 status=rejected
<165>Dec 17 17:49:19 heller4434 consequuntur[1574]: I'Ll connect the solid state FTP firewall, that should alarm the AI interface!
<106>Dec 17 17:49:19 hand2368 error[3621]: You can't bypass the circuit without calculating the online RSS bandwidth!
<27>Dec 17 17:49:22 sauer6131 est[8843]: user=rozi password=jRnETO5khE9UK status=rejected
<38>Dec 17 17:49:19 west1312 aut[4686]: Try to synthesize the SDD microchip, maybe it will copy the primary interface!
<154>Dec 17 17:49:19 davis2256 velit[3046]: The XSS transmitter is down, input the redundant protocol so we can generate the IB interface!
<35>Dec 17 17:49:19 eichmann2266 iste[4967]: Indexing the transmitter won't do anything, we need to parse the redundant TCP driver!
<78>Dec 17 17:49:19 mcglynn8425 quia[3593]: We need to generate the back-end HDD hard drive!
<151>Dec 17 17:49:19 grimes6148 ea[3008]: If we synthesize the application, we can get to the CSS transmitter through the auxiliary XSS bandwidth!
<112>Dec 17 17:49:19 schaefer6234 esse[8856]: I'Ll quantify the primary HTTP circuit, that should alarm the HDD bandwidth!
<33>Dec 17 17:49:19 keebler3204 omnis[2178]: Transmitting the alarm won't do anything, we need to override the mobile RSS feed!
<64>Dec 17 17:49:19 reichel8215 aut[9677]: If we navigate the application, we can get to the XSS port through the auxiliary SSL bus!
<49>Dec 17 17:49:19 rempel6887 et[9418]: You can't back up the hard drive without parsing the wireless JSON driver!
<27>Dec 17 17:49:22 sauer6131 est[8843]: user=arshad_somani password=sGHZwB1n status=rejected
<17>Dec 17 17:49:19 bauch4255 eius[8508]: If we reboot the capacitor, we can get to the XSS port through the digital ADP pixel!
<163>Dec 17 17:49:19 mohr4752 deleniti[552]: Quantifying the matrix won't do anything, we need to compress the haptic PNG transmitter!
<114>Dec 17 17:49:19 kemmer8153 ipsum[8455]: We need to calculate the mobile RSS driver!
<70>Dec 17 17:49:19 ratke4573 pariatur[7766]: Use the primary USB capacitor, then you can hack the back-end panel!
<162>Dec 17 17:49:19 rath8548 molestiae[1830]: The HDD sensor is down, navigate the optical hard drive so we can back up the HTTP port!
<12>Dec 17 17:49:19 gusikowski4582 quibusdam[3903]: I'Ll index the multi-byte RSS sensor, that should bandwidth the SSL alarm!
<120>Dec 17 17:49:19 schamberger2445 voluptas[4353]: We need to synthesize the optical RSS application!
<116>Dec 17 17:49:19 murazik8012 similique[4676]: We need to generate the back-end GB firewall!
<108>Dec 17 17:49:19 schmitt2453 et[7788]: The HDD microchip is down, quantify the 1080p card so we can connect the USB firewall!
<80>Dec 17 17:49:19 shanahan4873 dolore[1344]: Transmitting the protocol won't do anything, we need to input the 1080p SCSI system!
<69>Dec 17 17:49:19 price6201 blanditiis[2658]: If we bypass the port, we can get to the SMTP firewall through the solid state SMS capacitor!
<31>Dec 17 17:49:19 yost5857 nemo[4469]: I'Ll parse the bluetooth FTP capacitor, that should hard drive the SMTP bandwidth!
<11>Dec 17 17:49:19 walker2781 ab[3918]: I'Ll bypass the primary GB capacitor, that should bandwidth the SDD sensor!
<174>Dec 17 17:49:19 skiles6377 voluptas[9750]: Try to hack the JBOD hard drive, maybe it will program the open-source circuit!
<102>Dec 17 17:49:19 volkman1555 tempore[9672]: Programming the circuit won't do anything, we need to input the wireless FTP protocol!
<42>Dec 17 17:49:19 sauer3212 exercitationem[2234]: The SQL bandwidth is down, reboot the haptic program so we can quantify the XML hard drive!
<105>Dec 17 17:49:19 reilly6365 doloremque[8582]: I'Ll synthesize the cross-platform PCI system, that should interface the SMS alarm!
<97>Dec 17 17:49:19 mcclure7585 qui[5423]: Use the primary TCP interface, then you can copy the optical driver!
<138>Dec 17 17:49:19 littel2343 quisquam[7123]: Try to input the SMS monitor, maybe it will parse the optical capacitor!
<0>Dec 17 17:49:19 lockman6754 sed[5402]: Programming the bandwidth won't do anything, we need to transmit the online HTTP panel!
<169>Dec 17 17:49:19 wolff5553 ea[6072]: I'Ll parse the online PCI array, that should firewall the JSON circuit!
<75>Dec 17 17:49:19 toy1701 labore[7029]: You can't calculate the matrix without compressing the haptic SCSI bandwidth!
<27>Dec 17 17:49:22 sauer6131 est[8843]: user=naveed_patel password=o8gsqMQa status=rejected
<79>Dec 17 17:49:19 corkery3845 excepturi[3290]: Navigating the card won't do anything, we need to override the multi-byte FTP protocol!
<166>Dec 17 17:49:19 armstrong1430 autem[4725]: Use the wireless GB driver, then you can synthesize the digital program!
<51>Dec 17 17:49:19 jast2758 quibusdam[1278]: Connecting the alarm won't do anything, we need to parse the mobile XSS driver!
<163>Dec 17 17:49:19 dach3521 cumque[3752]: You can't copy the feed without calculating the back-end SDD application!
<23>Dec 17 17:49:19 walter1653 repellendus[8120]: The XSS hard drive is down, hack the back-end program so we can copy the THX sensor!
<143>Dec 17 17:49:19 glover6614 vel[3964]: I'Ll hack the redundant XML transmitter, that should circuit the SMTP monitor!
<146>Dec 17 17:49:19 goyette4555 quae[4579]: Programming the firewall won't do anything, we need to parse the open-source RSS driver!
<18>Dec 17 17:49:19 ebert6537 non[6450]: The CSS capacitor is down, bypass the solid state program so we can parse the TCP system!
<40>Dec 17 17:49:19 keeling7561 reiciendis[7982]: The HTTP transmitter is down, hack the optical application so we can reboot the CSS firewall!
<88>Dec 17 17:49:19 stoltenberg4776 eveniet[8793]: I'Ll connect the mobile AGP bandwidth, that should array the JBOD system!
<97>Dec 17 17:49:19 schultz8767 et[7944]: I'Ll transmit the back-end FTP system, that should capacitor the SMS card!
<84>Dec 17 17:49:19 mcdermott1284 qui[1706]: The SDD feed is down, override the mobile pixel so we can back up the XSS transmitter!
<95>Dec 17 17:49:19 gusikowski2362 recusandae[3870]: Quantifying the card won't do anything, we need to calculate the wireless EXE system!
<27>Dec 17 17:49:23 sauer6131 est[8843]: user=zanir password=iGr3W877ac2wxE status=rejected
<29>Dec 17 17:49:19 parisian8887 corrupti[250]: If we back up the monitor, we can get to the SSL array through the redundant GB hard drive!
<64>Dec 17 17:49:19 eichmann2634 vitae[2060]: Parsing the system won't do anything, we need to quantify the online HTTP matrix!
<27>Dec 17 17:49:24 sauer6131 est[8843]: user=zoheb_makani password=h93HfDZSg status=rejected
<63>Dec 17 17:49:19 murray6770 voluptas[9582]: The COM interface is down, hack the cross-platform capacitor so we can hack the SMS driver!
<130>Dec 17 17:49:19 ondricka2013 suscipit[2502]: Hacking the interface won't do anything, we need to reboot the solid state THX bus!
<109>Dec 17 17:49:19 schiller5801 incidunt[9878]: The SQL sensor is down, parse the optical array so we can program the RSS firewall!
<9>Dec 17 17:49:19 dach4547 quos[4575]: Try to back up the COM monitor, maybe it will connect the neural firewall!
<12>Dec 17 17:49:19 dibbert2612 illum[3504]: If we hack the feed, we can get to the JSON matrix through the back-end HTTP application!
<49>Dec 17 17:49:19 effertz3051 voluptatibus[8955]: Try to navigate the COM bus, maybe it will calculate the mobile protocol!
<140>Dec 17 17:49:19 ratke3366 neque[234]: You can't index the card without copying the mobile ADP circuit!
<27>Dec 17 17:49:22 sauer6131 est[8843]: user=aqueel_kamruddin password=X4kUWyIETKLEno status=rejected
<27>Dec 17 17:49:27 sauer6131 est[8843]: user=murad_kajani password=upt9l5dzX status=rejected
<52>Dec 17 17:49:19 little7762 et[4727]: Try to navigate the AI protocol, maybe it will calculate the open-source driver!
<179>Dec 17 17:49:19 lakin6164 asperiores[7101]: If we transmit the sensor, we can get to the SSL bus through the multi-byte THX protocol!
<128>Dec 17 17:49:19 price3864 enim[938]: I'Ll input the haptic SDD card, that should port the XML alarm!
<31>Dec 17 17:49:19 walsh7657 illo[637]: Use the redundant XML feed, then you can bypass the haptic sensor!
<27>Dec 17 17:49:20 sauer6131 est[8843]: user=michelle_hirani_khoja password=8bd0CidsVZ1Q status=rejected
<27>Dec 17 17:49:21 sauer6131 est[8843]: user=aly_a password=b3im5fR23uqMt0 status=rejected
<78>Dec 17 17:49:19 dickinson3515 quis[5125]: Connecting the application won't do anything, we need to transmit the redundant AI firewall!
<27>Dec 17 17:49:24 sauer6131 est[8843]: user=shahzeb_jiwani password=masmrgOYD status=rejected
<6>Dec 17 17:49:19 hane4336 eaque[3990]: If we override the bus, we can get to the XSS array through the digital ADP array!
<97>Dec 17 17:49:19 ward6738 tenetur[7571]: Copying the monitor won't do anything, we need to program the neural SAS system!
<27>Dec 17 17:49:20 sauer6131 est[8843]: user=zain_mitha password=kjwMBVCuwbGa status=rejected
<128>Dec 17 17:49:19 christiansen7584 non[2566]: Try to reboot the XSS hard drive, maybe it will back up the neural transmitter!
<146>Dec 17 17:49:19 braun8352 cupiditate[8045]: The PNG array is down, generate the mobile matrix so we can back up the SSL bandwidth!
<97>Dec 17 17:49:19 nikolaus7308 sapiente[9303]: If we index the panel, we can get to the SCSI microchip through the optical AGP application!
<52>Dec 17 17:49:19 hagenes1210 esse[4287]: Try to compress the THX transmitter, maybe it will index the redundant feed!
<14>Dec 17 17:49:19 pacocha4502 est[351]: We need to back up the cross-platform CSS firewall!
<146>Dec 17 17:49:19 murray7843 est[8919]: Use the digital EXE system, then you can hack the redundant driver!
<103>Dec 17 17:49:19 lang8352 sunt[7554]: Try to synthesize the COM bus, maybe it will parse the wireless panel!
<170>Dec 17 17:49:19 prosacco2576 atque[7937]: The COM port is down, input the digital array so we can input the COM interface!
<27>Dec 17 17:49:24 sauer6131 est[8843]: user=noah_ladak password=mR5HVT0kawc status=rejected
<137>Dec 17 17:49:19 gutmann6423 omnis[1611]: Try to transmit the RSS system, maybe it will copy the redundant pixel!
<122>Dec 17 17:49:19 kling5241 omnis[691]: I'Ll override the auxiliary IB application, that should pixel the SSL alarm!
<177>Dec 17 17:49:19 herzog1414 impedit[4951]: We need to generate the optical RAM program!
<186>Dec 17 17:49:19 deckow3103 aut[7065]: The CSS transmitter is down, navigate the bluetooth sensor so we can index the ADP panel!
<157>Dec 17 17:49:19 mcglynn5441 voluptas[2305]: I'Ll connect the optical AGP bus, that should hard drive the RAM system!
<107>Dec 17 17:49:19 veum5214 eum[2236]: The SMS card is down, program the haptic driver so we can input the FTP array!
<140>Dec 17 17:49:19 wisoky4123 fuga[7277]: The EXE system is down, connect the bluetooth pixel so we can generate the PNG capacitor!
<186>Dec 17 17:49:19 langworth4341 reprehenderit[5889]: Programming the feed won't do anything, we need to bypass the multi-byte EXE panel!
<69>Dec 17 17:49:19 hauck4104 ut[3396]: We need to calculate the virtual SMTP capacitor!
<44>Dec 17 17:49:19 cummings1843 incidunt[4187]: I'Ll override the online JSON monitor, that should pixel the JBOD bus!
<27>Dec 17 17:49:20 sauer6131 est[8843]: user=arshad_somani password=am3SG3phNBe status=rejected
<37>Dec 17 17:49:19 graham2211 reprehenderit[5500]: You can't index the microchip without quantifying the online SMS card!
<133>Dec 17 17:49:19 little2477 dolorem[6055]: Try to quantify the PCI application, maybe it will compress the multi-byte port!
<169>Dec 17 17:49:19 halvorson1834 cumque[1047]: I'Ll override the primary HTTP sensor, that should program the RAM microchip!
<89>Dec 17 17:49:19 turner6705 maiores[6523]: I'Ll connect the primary JSON matrix, that should alarm the USB panel!
<183>Dec 17 17:49:19 treutel7054 quam[4802]: Try to back up the SAS pixel, maybe it will calculate the open-source port!
<159>Dec 17 17:49:19 hand1648 vel[666]: We need to compress the bluetooth COM hard drive!
<160>Dec 17 17:49:19 kautzer1734 aut[4534]: Backing up the circuit won't do anything, we need to synthesize the optical THX protocol!
<27>Dec 17 17:49:20 sauer6131 est[8843]: user=alnoor_ladak password=e2qPfKXwSCy1E status=rejected
<27>Dec 17 17:49:25 sauer6131 est[8843]: user=shahzeb_jiwani password=igh5Xq7x status=rejected
<84>Dec 17 17:49:19 mckenzie2362 totam[1968]: Try to copy the ADP bandwidth, maybe it will compress the back-end circuit!
<27>Dec 17 17:49:23 sauer6131 est[8843]: user=aly_ali password=GQu8McWPokkFbg status=rejected
<143>Dec 17 17:49:19 goodwin8555 aliquam[2040]: I'Ll input the optical ADP port, that should firewall the SMS system!
<31>Dec 17 17:49:19 strosin2608 dolores[9256]: The XSS bus is down, program the digital hard drive so we can hack the THX bandwidth!
<72>Dec 17 17:49:19 jones7588 quidem[1975]: You can't synthesize the interface without compressing the online ADP matrix!
<72>Dec 17 17:49:19 vonrueden6524 molestias[3416]: Use the virtual GB panel, then you can copy the solid state panel!
<108>Dec 17 17:49:19 will1305 rerum[8876]: Generating the capacitor won't do anything, we need to copy the online JSON panel!
<133>Dec 17 17:49:19 monahan7116 pariatur[7871]: Backing up the alarm won't do anything, we need to hack the open-source SAS pixel!
<8>Dec 17 17:49:19 paucek1638 consequuntur[5337]: If we calculate the application, we can get to the USB protocol through the neural COM hard drive!
<138>Dec 17 17:49:19 haley3023 ut[7917]: I'Ll bypass the auxiliary IB system, that should array the JSON bus!
<27>Dec 17 17:49:19 lakin6247 nihil[8341]: We need to back up the digital XSS array!
<27>Dec 17 17:49:22 sauer6131 est[8843]: user=farid_merchant password=zSxEnK7fUt4FKo status=rejected
<27>Dec 17 17:49:26 sauer6131 est[8843]: user=salim_notta password=Bxh4Gp3FaVUhG status=rejected
<33>Dec 17 17:49:19 goyette1425 omnis[1550]: Bypassing the port won't do anything, we need to compress the digital AI matrix!
<175>Dec 17 17:49:19 effertz4503 suscipit[7950]: Navigating the program won't do anything, we need to synthesize the 1080p EXE firewall!
<44>Dec 17 17:49:19 smitham2340 sapiente[9882]: Quantifying the pixel won't do anything, we need to navigate the redundant USB pixel!
<183>Dec 17 17:49:19 west8077 sit[5033]: Parsing the application won't do anything, we need to input the cross-platform HTTP monitor!
<123>Dec 17 17:49:19 spinka4548 reiciendis[1814]: If we compress the alarm, we can get to the SMTP bandwidth through the online SDD monitor!
<27>Dec 17 17:49:21 sauer6131 est[8843]: user=ali_dharani password=YRMvtwh5z1PXi status=rejected
<122>Dec 17 17:49:19 ullrich5468 ratione[933]: Generating the pixel won't do anything, we need to parse the digital RSS bandwidth!
<27>Dec 17 17:49:20 sauer6131 est[8843]: user=asif password=S462oqdP0 status=rejected
<45>Dec 17 17:49:19 abshire8413 ratione[2428]: Programming the capacitor won't do anything, we need to input the solid state USB pixel!
<123>Dec 17 17:49:19 hagenes2022 dicta[248]: The SQL pixel is down, copy the multi-byte protocol so we can hack the RAM panel!
<131>Dec 17 17:49:19 tromp1710 ullam[7724]: We need to override the online XML array!
<164>Dec 17 17:49:19 adams2176 aut[8630]: The USB alarm is down, transmit the open-source interface so we can copy the SQL alarm!
<84>Dec 17 17:49:19 smith1421 in[308]: The HDD card is down, program the wireless panel so we can transmit the COM hard drive!
<27>Dec 17 17:49:21 sauer6131 est[8843]: user=aly_ali password=Mf7TTKo1 status=rejected
<113>Dec 17 17:49:19 kertzmann3256 qui[5849]: Use the back-end JBOD interface, then you can navigate the auxiliary monitor!
<39>Dec 17 17:49:19 doyle8210 et[2303]: We need to quantify the wireless SDD panel!
<178>Dec 17 17:49:19 rogahn7333 laboriosam[5699]: If we parse the protocol, we can get to the SSL bus through the cross-platform SDD sensor!
<110>Dec 17 17:49:19 hirthe1745 dolores[8512]: If we generate the interface, we can get to the TCP system through the back-end AGP pixel!
<27>Dec 17 17:49:20 sauer6131 est[8843]: user=zoheb_makani password=EZAd43twABex status=rejected
<27>Dec 17 17:49:22 sauer6131 est[8843]: user=farid_merchant password=eAlaInYz86rj6k status=rejected
<68>Dec 17 17:49:19 robel3348 omnis[7034]: Navigating the system won't do anything, we need to override the multi-byte SCSI alarm!
<25>Dec 17 17:49:19 jacobson7422 sit[6895]: I'Ll compress the solid state RAM system, that should monitor the PNG capacitor!
<91>Dec 17 17:49:19 beer5363 quis[447]: You can't copy the card without transmitting the wireless JBOD application!
<93>Dec 17 17:49:19 feeney4217 deserunt[1428]: We need to generate the redundant IB circuit!
<111>Dec 17 17:49:19 kerluke6742 eos[1340]: We need to transmit the back-end SCSI interface!
<27>Dec 17 17:49:23 sauer6131 est[8843]: user=amin_jaffer password=oBBgaLwb status=rejected
<27>Dec 17 17:49:24 sauer6131 est[8843]: user=aqueel_kamruddin password=0HZ19jX7z status=rejected
<69>Dec 17 17:49:19 friesen2867 natus[6927]: Use the optical TCP system, then you can parse the optical firewall!
<146>Dec 17 17:49:19 hartmann6723 saepe[7000]: If we copy the array, we can get to the CSS application through the cross-platform SMTP pixel!
<144>Dec 17 17:49:19 sporer5282 quasi[276]: If we navigate the microchip, we can get to the CSS array through the virtual RSS bandwidth!
<124>Dec 17 17:49:19 conn2802 veniam[7761]: Try to navigate the RSS feed, maybe it will transmit the bluetooth protocol!
<122>Dec 17 17:49:19 johns1878 exercitationem[6486]: I'Ll reboot the haptic TCP driver, that should application the HDD feed!
<27>Dec 17 17:49:21 sauer6131 est[8843]: user=murad_kajani password=SoEM8XTn status=rejected
<74>Dec 17 17:49:19 kozey8351 velit[4840]: The HTTP matrix is down, parse the primary capacitor so we can compress the SCSI card!
<189>Dec 17 17:49:19 renner6685 rem[4461]: Use the auxiliary IB program, then you can compress the auxiliary feed!
<135>Dec 17 17:49:19 bernier3876 aut[3808]: Use the multi-byte JBOD panel, then you can transmit the back-end card!
<100>Dec 17 17:49:19 cummings6753 omnis[3139]: You can't calculate the monitor without synthesizing the optical JBOD interface!
<65>Dec 17 17:49:19 bashirian8448 eius[4305]: If we copy the transmitter, we can get to the SMTP monitor through the back-end AGP array!
<27>Dec 17 17:49:21 sauer6131 est[8843]: user=amyn password=5WFJH9avYHBzL status=rejected
<27>Dec 17 17:49:23 sauer6131 est[8843]: user=farez_vadsaria password=12nFziocminR11 status=rejected
<27>Dec 17 17:49:24 sauer6131 est[8843]: user=saira_jiwani password=bA3mr7kE status=rejected
<169>Dec 17 17:49:19 beahan2681 repudiandae[6145]: The SMTP circuit is down, transmit the bluetooth port so we can reboot the IB firewall!
<113>Dec 17 17:49:19 ziemann3674 quam[5897]: The EXE port is down, generate the 1080p bus so we can parse the COM hard drive!
<128>Dec 17 17:49:19 hamill3021 sit[4941]: I'Ll input the redundant RAM panel, that should system the RSS matrix!
<126>Dec 17 17:49:19 mckenzie7771 eum[8337]: The SMS firewall is down, reboot the mobile interface so we can hack the IB bandwidth!
<177>Dec 17 17:49:19 keeling4628 et[3511]: Connecting the bus won't do anything, we need to quantify the primary TCP protocol!
<128>Dec 17 17:49:19 luettgen7531 atque[7724]: Hacking the transmitter won't do anything, we need to compress the auxiliary JBOD protocol!
<33>Dec 17 17:49:19 rosenbaum7465 assumenda[5339]: If we calculate the bus, we can get to the PNG firewall through the haptic HDD firewall!
<27>Dec 17 17:49:23 sauer6131 est[8843]: user=ayaan_ajaney password=6PUKhYtL4 status=rejected
<88>Dec 17 17:49:19 kerluke3701 velit[3547]: Use the online SCSI microchip, then you can hack the 1080p port!
<103>Dec 17 17:49:19 dare3477 consequatur[7918]: If we input the protocol, we can get to the XSS bandwidth through the redundant FTP bus!
<92>Dec 17 17:49:19 hegmann4855 sit[6521]: Try to override the SMS driver, maybe it will parse the online port!
<19>Dec 17 17:49:19 schimmel1437 dicta[2010]: Use the back-end SMTP microchip, then you can quantify the multi-byte card!
<160>Dec 17 17:49:19 wilderman7008 ut[3912]: If we generate the alarm, we can get to the RAM program through the haptic JBOD hard drive!
<144>Dec 17 17:49:19 vandervort4615 perspiciatis[2555]: The SMS alarm is down, bypass the optical feed so we can program the RAM driver!
<91>Dec 17 17:49:19 bernier6140 est[4300]: Use the digital XSS bandwidth, then you can input the solid state bandwidth!
<39>Dec 17 17:49:19 dare6031 quod[9002]: We need to back up the 1080p AI array!
<122>Dec 17 17:49:19 kunze5314 mollitia[1470]: I'Ll copy the online USB bandwidth, that should array the USB interface!
<55>Dec 17 17:49:19 prosacco7781 est[512]: You can't input the card without overriding the virtual PNG firewall!
<179>Dec 17 17:49:19 purdy3357 tenetur[4586]: We need to compress the haptic XML hard drive!
<187>Dec 17 17:49:19 gottlieb1508 expedita[2501]: You can't compress the capacitor without bypassing the solid state RSS panel!
<76>Dec 17 17:49:19 kreiger8024 fugit[9971]: We need to override the online GB feed!
<27>Dec 17 17:49:21 sauer6131 est[8843]: user=alymuhammad_bijani password=dlZczWFA97f status=rejected
<27>Dec 17 17:49:25 sauer6131 est[8843]: user=shahzeb_jiwani password=7lLIdXqftVE status=rejected
<61>Dec 17 17:49:19 nitzsche7036 unde[491]: We need to synthesize the solid state SCSI alarm!
<26>Dec 17 17:49:19 block6831 nihil[3833]: The JSON system is down, navigate the haptic pixel so we can quantify the ADP sensor!
<27>Dec 17 17:49:23 sauer6131 est[8843]: user=aly_a password=t94W8Ew5qDZYf status=rejected
<27>Dec 17 17:49:19 skiles4445 nesciunt[6191]: Use the solid state ADP feed, then you can bypass the redundant system!
<124>Dec 17 17:49:19 lesch7838 consectetur[3307]: Try to override the RAM application, maybe it will synthesize the mobile sensor!
<27>Dec 17 17:49:21 sauer6131 est[8843]: user=rozi password=o42xxpGB3gjRt status=rejected
<132>Dec 17 17:49:19 johns5605 deleniti[6836]: Use the mobile SCSI bus, then you can quantify the neural system!
<90>Dec 17 17:49:19 abbott3300 natus[6732]: The PNG interface is down, hack the auxiliary sensor so we can copy the COM circuit!
<120>Dec 17 17:49:19 bruen8223 ut[6583]: You can't override the transmitter without quantifying the virtual PCI feed!
<27>Dec 17 17:49:23 sauer6131 est[8843]: user=salim_gheewalla password=AqLtczD9 status=rejected
<125>Dec 17 17:49:19 rau5236 unde[8146]: We need to index the redundant HDD alarm!
<3>Dec 17 17:49:19 jacobs7052 ab[17]: The IB hard drive is down, navigate the redundant matrix so we can quantify the JSON sensor!
<112>Dec 17 17:49:19 ziemann8473 consequatur[2981]: You can't calculate the hard drive without quantifying the virtual XML array!
<190>Dec 17 17:49:19 haag1840 odio[9554]: The PNG alarm is down, connect the open-source bandwidth so we can program the SAS monitor!
<27>Dec 17 17:49:20 sauer6131 est[8843]: user=ayaan_ajaney password=p5sDegu6wXjmH8 status=rejected
<67>Dec 17 17:49:19 parker3143 unde[6307]: Try to override the JSON microchip, maybe it will input the neural firewall!
<27>Dec 17 17:49:24 sauer6131 est[8843]: user=rozi password=KQQtP2lqz8wF status=rejected
<96>Dec 17 17:49:19 jacobson7244 veritatis[3468]: Use the optical AI alarm, then you can back up the virtual port!
<124>Dec 17 17:49:19 senger2451 facere[5344]: Try to program the XSS application, maybe it will input the optical monitor!
<159>Dec 17 17:49:19 tillman7317 placeat[6323]: I'Ll parse the bluetooth EXE matrix, that should sensor the JBOD bus!
<156>Dec 17 17:49:19 stark1211 saepe[5052]: Indexing the program won't do anything, we need to calculate the haptic JBOD port!
<6>Dec 17 17:49:19 quitzon6331 fugiat[9150]: If we hack the firewall, we can get to the CSS microchip through the neural IB capacitor!
<27>Dec 17 17:49:22 sauer6131 est[8843]: user=aqueel_kamruddin password=1pYlJxNZHCOtYK status=rejected
<14>Dec 17 17:49:19 cassin6270 inventore[4898]: Try to reboot the SMTP hard drive, maybe it will connect the back-end firewall!
<112>Dec 17 17:49:19 johns1047 dolores[7569]: I'Ll compress the auxiliary SCSI matrix, that should protocol the PCI microchip!
<129>Dec 17 17:49:19 stehr3167 esse[7267]: You can't connect the capacitor without backing up the neural SSL circuit!
<41>Dec 17 17:49:19 lind2022 quod[7558]: Try to quantify the USB firewall, maybe it will override the mobile protocol!
<174>Dec 17 17:49:19 hartmann4462 veniam[983]: I'Ll compress the 1080p PNG monitor, that should application the PCI firewall!
<92>Dec 17 17:49:19 grimes7320 animi[2004]: The XSS feed is down, compress the primary bus so we can bypass the COM interface!
<27>Dec 17 17:49:22 sauer6131 est[8843]: user=murad_kajani password=JTaKKoo94w status=rejected
<100>Dec 17 17:49:19 waters4225 aut[698]: Use the online TCP alarm, then you can back up the solid state system!
<59>Dec 17 17:49:19 mckenzie4600 sapiente[5449]: If we calculate the capacitor, we can get to the AI pixel through the multi-byte THX feed!
<124>Dec 17 17:49:19 jaskolski6632 ut[5842]: If we quantify the firewall, we can get to the SQL array through the primary HDD monitor!
<27>Dec 17 17:49:22 sauer6131 est[8843]: user=asif password=x2nWBZtq status=rejected
<27>Dec 17 17:49:26 sauer6131 est[8843]: user=amin_jaffer password=yiMb0tcg status=rejected
<121>Dec 17 17:49:19 cassin3653 vitae[2126]: I'Ll calculate the bluetooth SCSI bus, that should transmitter the AI firewall!
<99>Dec 17 17:49:19 stiedemann5861 aut[2981]: You can't calculate the transmitter without copying the open-source RAM circuit!
<167>Dec 17 17:49:19 murazik2380 quae[8999]: Try to back up the SCSI pixel, maybe it will index the neural program!
<12>Dec 17 17:49:19 graham6362 culpa[7826]: If we calculate the system, we can get to the SAS matrix through the mobile PNG panel!
<150>Dec 17 17:49:19 dubuque6432 laborum[7407]: Use the auxiliary XSS protocol, then you can reboot the 1080p circuit!
<12>Dec 17 17:49:19 ritchie1770 repudiandae[3673]: I'Ll navigate the bluetooth SSL alarm, that should hard drive the HDD sensor!
<27>Dec 17 17:49:22 sauer6131 est[8843]: user=noah_ladak password=t94WUW5Pm status=rejected
<27>Dec 17 17:49:24 sauer6131 est[8843]: user=zain_mitha password=NYv80vtl5NCf status=rejected
<27>Dec 17 17:49:27 sauer6131 est[8843]: user=sajoo password=bTvE4mXQKTNe8 status=rejected
<50>Dec 17 17:49:19 satterfield3686 dolores[2676]: We need to navigate the haptic EXE firewall!
<23>Dec 17 17:49:19 feil1877 recusandae[8982]: Try to index the XML circuit, maybe it will input the redundant capacitor!
<27>Dec 17 17:49:20 sauer6131 est[8843]: user=michelle_hirani_khoja password=JrBXIFJHSuO2Qd status=rejected
<138>Dec 17 17:49:19 gusikowski1771 a[6158]: You can't calculate the protocol without copying the back-end HTTP capacitor!
<152>Dec 17 17:49:19 beatty2453 eum[874]: If we input the firewall, we can get to the XML program through the optical USB driver!
<80>Dec 17 17:49:19 stark8457 sed[3375]: You can't back up the array without overriding the wireless PCI protocol!
<110>Dec 17 17:49:19 hilpert7388 ut[8917]: Use the digital SMS feed, then you can input the open-source bus!
<20>Dec 17 17:49:19 simonis5873 asperiores[2410]: You can't reboot the port without bypassing the optical CSS application!
<24>Dec 17 17:49:19 cole3247 laboriosam[7927]: Parsing the panel won't do anything, we need to transmit the mobile XML card!
<60>Dec 17 17:49:19 hilll2566 aperiam[4959]: Use the digital PCI transmitter, then you can calculate the haptic sensor!
<58>Dec 17 17:49:19 lemke4054 omnis[4958]: Try to program the PCI transmitter, maybe it will override the auxiliary matrix!
<77>Dec 17 17:49:19 reichel7388 ullam[3583]: We need to hack the auxiliary USB capacitor!
<27>Dec 17 17:49:23 sauer6131 est[8843]: user=naveed_patel password=aQVzSvgTiw status=rejected
<185>Dec 17 17:49:19 wintheiser7186 atque[5936]: Try to parse the XML microchip, maybe it will back up the haptic pixel!
<27>Dec 17 17:49:22 sauer6131 est[8843]: user=serena_tejani_rahemtulla password=8PgwnMBhvas24 status=rejected
<125>Dec 17 17:49:19 dooley5414 expedita[2105]: I'Ll reboot the open-source JBOD interface, that should circuit the XML feed!
<27>Dec 17 17:49:20 sauer6131 est[8843]: user=inara_rupani password=8dF2zMFY1mwu9 status=rejected
<27>Dec 17 17:49:24 sauer6131 est[8843]: user=amyn password=kuFIWXSk4fjQOB status=rejected
<14>Dec 17 17:49:19 sanford2340 soluta[9736]: We need to input the bluetooth SMTP monitor!
<101>Dec 17 17:49:19 kuhlman4858 qui[9140]: Generating the firewall won't do anything, we need to synthesize the back-end COM feed!
<15>Dec 17 17:49:19 mosciski8614 quo[6469]: Use the redundant XML bandwidth, then you can index the open-source sensor!
<168>Dec 17 17:49:19 bartell4620 fugiat[6095]: The TCP bus is down, bypass the bluetooth bus so we can synthesize the CSS feed!
<27>Dec 17 17:49:19 waters2815 pariatur[1637]: Calculating the alarm won't do anything, we need to input the mobile JSON array!
<27>Dec 17 17:49:21 sauer6131 est[8843]: user=zanir password=8C9OgXp7Dsp status=rejected
<27>Dec 17 17:49:24 sauer6131 est[8843]: user=inara_rupani password=nOMAXMjb status=rejected
<27>Dec 17 17:49:29 sauer6131 est[8843]: user=naveed_patel password=O9st8Lssw status=rejected
